Archive member included to satisfy reference by file (symbol)

c:/st/stm32cubeide_1.0.2/stm32cubeide/plugins/com.st.stm32cube.ide.mcu.externaltools.gnu-tools-for-stm32.9-2020-q2-update.win32_1.5.0.202011040924/tools/bin/../lib/gcc/arm-none-eabi/9.3.1/../../../../arm-none-eabi/lib/thumb/v7e-m+fp/hard\libc_nano.a(lib_a-errno.o)
                              Core/Src/syscalls.o (__errno)
c:/st/stm32cubeide_1.0.2/stm32cubeide/plugins/com.st.stm32cube.ide.mcu.externaltools.gnu-tools-for-stm32.9-2020-q2-update.win32_1.5.0.202011040924/tools/bin/../lib/gcc/arm-none-eabi/9.3.1/../../../../arm-none-eabi/lib/thumb/v7e-m+fp/hard\libc_nano.a(lib_a-exit.o)
                              c:/st/stm32cubeide_1.0.2/stm32cubeide/plugins/com.st.stm32cube.ide.mcu.externaltools.gnu-tools-for-stm32.9-2020-q2-update.win32_1.5.0.202011040924/tools/bin/../lib/gcc/arm-none-eabi/9.3.1/../../../../arm-none-eabi/lib/thumb/v7e-m+fp/hard/crt0.o (exit)
c:/st/stm32cubeide_1.0.2/stm32cubeide/plugins/com.st.stm32cube.ide.mcu.externaltools.gnu-tools-for-stm32.9-2020-q2-update.win32_1.5.0.202011040924/tools/bin/../lib/gcc/arm-none-eabi/9.3.1/../../../../arm-none-eabi/lib/thumb/v7e-m+fp/hard\libc_nano.a(lib_a-impure.o)
                              c:/st/stm32cubeide_1.0.2/stm32cubeide/plugins/com.st.stm32cube.ide.mcu.externaltools.gnu-tools-for-stm32.9-2020-q2-update.win32_1.5.0.202011040924/tools/bin/../lib/gcc/arm-none-eabi/9.3.1/../../../../arm-none-eabi/lib/thumb/v7e-m+fp/hard\libc_nano.a(lib_a-exit.o) (_global_impure_ptr)
c:/st/stm32cubeide_1.0.2/stm32cubeide/plugins/com.st.stm32cube.ide.mcu.externaltools.gnu-tools-for-stm32.9-2020-q2-update.win32_1.5.0.202011040924/tools/bin/../lib/gcc/arm-none-eabi/9.3.1/../../../../arm-none-eabi/lib/thumb/v7e-m+fp/hard\libc_nano.a(lib_a-init.o)
                              c:/st/stm32cubeide_1.0.2/stm32cubeide/plugins/com.st.stm32cube.ide.mcu.externaltools.gnu-tools-for-stm32.9-2020-q2-update.win32_1.5.0.202011040924/tools/bin/../lib/gcc/arm-none-eabi/9.3.1/../../../../arm-none-eabi/lib/thumb/v7e-m+fp/hard/crt0.o (__libc_init_array)
c:/st/stm32cubeide_1.0.2/stm32cubeide/plugins/com.st.stm32cube.ide.mcu.externaltools.gnu-tools-for-stm32.9-2020-q2-update.win32_1.5.0.202011040924/tools/bin/../lib/gcc/arm-none-eabi/9.3.1/../../../../arm-none-eabi/lib/thumb/v7e-m+fp/hard\libc_nano.a(lib_a-memset.o)
                              c:/st/stm32cubeide_1.0.2/stm32cubeide/plugins/com.st.stm32cube.ide.mcu.externaltools.gnu-tools-for-stm32.9-2020-q2-update.win32_1.5.0.202011040924/tools/bin/../lib/gcc/arm-none-eabi/9.3.1/../../../../arm-none-eabi/lib/thumb/v7e-m+fp/hard/crt0.o (memset)
c:/st/stm32cubeide_1.0.2/stm32cubeide/plugins/com.st.stm32cube.ide.mcu.externaltools.gnu-tools-for-stm32.9-2020-q2-update.win32_1.5.0.202011040924/tools/bin/../lib/gcc/arm-none-eabi/9.3.1/../../../../arm-none-eabi/lib/thumb/v7e-m+fp/hard\libc_nano.a(lib_a-nano-vfprintf_float.o)
                              (_printf_float)
c:/st/stm32cubeide_1.0.2/stm32cubeide/plugins/com.st.stm32cube.ide.mcu.externaltools.gnu-tools-for-stm32.9-2020-q2-update.win32_1.5.0.202011040924/tools/bin/../lib/gcc/arm-none-eabi/9.3.1/../../../../arm-none-eabi/lib/thumb/v7e-m+fp/hard\libc_nano.a(lib_a-nano-vfprintf_i.o)
                              c:/st/stm32cubeide_1.0.2/stm32cubeide/plugins/com.st.stm32cube.ide.mcu.externaltools.gnu-tools-for-stm32.9-2020-q2-update.win32_1.5.0.202011040924/tools/bin/../lib/gcc/arm-none-eabi/9.3.1/../../../../arm-none-eabi/lib/thumb/v7e-m+fp/hard\libc_nano.a(lib_a-nano-vfprintf_float.o) (_printf_common)
c:/st/stm32cubeide_1.0.2/stm32cubeide/plugins/com.st.stm32cube.ide.mcu.externaltools.gnu-tools-for-stm32.9-2020-q2-update.win32_1.5.0.202011040924/tools/bin/../lib/gcc/arm-none-eabi/9.3.1/../../../../arm-none-eabi/lib/thumb/v7e-m+fp/hard\libc_nano.a(lib_a-printf.o)
                              Core/Src/Controller/mode.o (printf)
c:/st/stm32cubeide_1.0.2/stm32cubeide/plugins/com.st.stm32cube.ide.mcu.externaltools.gnu-tools-for-stm32.9-2020-q2-update.win32_1.5.0.202011040924/tools/bin/../lib/gcc/arm-none-eabi/9.3.1/../../../../arm-none-eabi/lib/thumb/v7e-m+fp/hard\libc_nano.a(lib_a-putchar.o)
                              Core/Src/Controller/mode.o (putchar)
c:/st/stm32cubeide_1.0.2/stm32cubeide/plugins/com.st.stm32cube.ide.mcu.externaltools.gnu-tools-for-stm32.9-2020-q2-update.win32_1.5.0.202011040924/tools/bin/../lib/gcc/arm-none-eabi/9.3.1/../../../../arm-none-eabi/lib/thumb/v7e-m+fp/hard\libc_nano.a(lib_a-puts.o)
                              Core/Src/Controller/mode.o (puts)
c:/st/stm32cubeide_1.0.2/stm32cubeide/plugins/com.st.stm32cube.ide.mcu.externaltools.gnu-tools-for-stm32.9-2020-q2-update.win32_1.5.0.202011040924/tools/bin/../lib/gcc/arm-none-eabi/9.3.1/../../../../arm-none-eabi/lib/thumb/v7e-m+fp/hard\libc_nano.a(lib_a-setbuf.o)
                              Core/Src/main.o (setbuf)
[...]
Memory Configuration

Name             Origin             Length             Attributes
CCMRAM           0x0000000010000000 0x0000000000010000 xrw
RAM              0x0000000020000000 0x0000000000020000 xrw
FLASH            0x0000000008000000 0x0000000000100000 xr
*default*        0x0000000000000000 0xffffffffffffffff

Linker script and memory map

LOAD c:/st/stm32cubeide_1.0.2/stm32cubeide/plugins/com.st.stm32cube.ide.mcu.externaltools.gnu-tools-for-stm32.9-2020-q2-update.win32_1.5.0.202011040924/tools/bin/../lib/gcc/arm-none-eabi/9.3.1/thumb/v7e-m+fp/hard/crti.o
LOAD c:/st/stm32cubeide_1.0.2/stm32cubeide/plugins/com.st.stm32cube.ide.mcu.externaltools.gnu-tools-for-stm32.9-2020-q2-update.win32_1.5.0.202011040924/tools/bin/../lib/gcc/arm-none-eabi/9.3.1/thumb/v7e-m+fp/hard/crtbegin.o
LOAD c:/st/stm32cubeide_1.0.2/stm32cubeide/plugins/com.st.stm32cube.ide.mcu.externaltools.gnu-tools-for-stm32.9-2020-q2-update.win32_1.5.0.202011040924/tools/bin/../lib/gcc/arm-none-eabi/9.3.1/../../../../arm-none-eabi/lib/thumb/v7e-m+fp/hard/crt0.o
LOAD Core/Src/Controller/callback.o
LOAD Core/Src/Controller/mode.o
LOAD Core/Src/Controller/search.o
LOAD Core/Src/Controller/state.o
LOAD Core/Src/Controller/test.o
LOAD Core/Src/Hardware/ICM20689.o
LOAD Core/Src/Hardware/basic_timer.o
LOAD Core/Src/Hardware/battery.o
LOAD Core/Src/Hardware/buzzer.o
LOAD Core/Src/Hardware/encoder.o
LOAD Core/Src/Hardware/flash.o
LOAD Core/Src/Hardware/interface_LED.o
LOAD Core/Src/Hardware/motor.o
LOAD Core/Src/Hardware/wall_sensor.o
LOAD Core/Src/System/flags.o
LOAD Core/Src/System/log.o
LOAD Core/Src/System/map.o
LOAD Core/Src/System/motion.o
LOAD Core/Src/System/music.o
LOAD Core/Src/System/route.o
LOAD Core/Src/System/sensing.o
LOAD Core/Src/adc.o
LOAD Core/Src/dma.o
LOAD Core/Src/gpio.o
LOAD Core/Src/main.o
LOAD Core/Src/spi.o
LOAD Core/Src/stm32f4xx_it.o
LOAD Core/Src/syscalls.o
LOAD Core/Src/sysmem.o
LOAD Core/Src/system_stm32f4xx.o
LOAD Core/Src/tim.o
LOAD Core/Src/usart.o
LOAD Core/Startup/startup_stm32f405rgtx.o
LOAD Drivers/STM32F4xx_HAL_Driver/Src/stm32f4xx_ll_adc.o
LOAD Drivers/STM32F4xx_HAL_Driver/Src/stm32f4xx_ll_dma.o
LOAD Drivers/STM32F4xx_HAL_Driver/Src/stm32f4xx_ll_exti.o
LOAD Drivers/STM32F4xx_HAL_Driver/Src/stm32f4xx_ll_gpio.o
LOAD Drivers/STM32F4xx_HAL_Driver/Src/stm32f4xx_ll_rcc.o
LOAD Drivers/STM32F4xx_HAL_Driver/Src/stm32f4xx_ll_spi.o
LOAD Drivers/STM32F4xx_HAL_Driver/Src/stm32f4xx_ll_tim.o
LOAD Drivers/STM32F4xx_HAL_Driver/Src/stm32f4xx_ll_usart.o
LOAD Drivers/STM32F4xx_HAL_Driver/Src/stm32f4xx_ll_utils.o
START GROUP
LOAD c:/st/stm32cubeide_1.0.2/stm32cubeide/plugins/com.st.stm32cube.ide.mcu.externaltools.gnu-tools-for-stm32.9-2020-q2-update.win32_1.5.0.202011040924/tools/bin/../lib/gcc/arm-none-eabi/9.3.1/../../../../arm-none-eabi/lib/thumb/v7e-m+fp/hard\libc_nano.a
LOAD c:/st/stm32cubeide_1.0.2/stm32cubeide/plugins/com.st.stm32cube.ide.mcu.externaltools.gnu-tools-for-stm32.9-2020-q2-update.win32_1.5.0.202011040924/tools/bin/../lib/gcc/arm-none-eabi/9.3.1/../../../../arm-none-eabi/lib/thumb/v7e-m+fp/hard\libm.a
END GROUP
START GROUP
LOAD c:/st/stm32cubeide_1.0.2/stm32cubeide/plugins/com.st.stm32cube.ide.mcu.externaltools.gnu-tools-for-stm32.9-2020-q2-update.win32_1.5.0.202011040924/tools/bin/../lib/gcc/arm-none-eabi/9.3.1/thumb/v7e-m+fp/hard\libgcc.a
LOAD c:/st/stm32cubeide_1.0.2/stm32cubeide/plugins/com.st.stm32cube.ide.mcu.externaltools.gnu-tools-for-stm32.9-2020-q2-update.win32_1.5.0.202011040924/tools/bin/../lib/gcc/arm-none-eabi/9.3.1/../../../../arm-none-eabi/lib/thumb/v7e-m+fp/hard\libc_nano.a
END GROUP
START GROUP
LOAD c:/st/stm32cubeide_1.0.2/stm32cubeide/plugins/com.st.stm32cube.ide.mcu.externaltools.gnu-tools-for-stm32.9-2020-q2-update.win32_1.5.0.202011040924/tools/bin/../lib/gcc/arm-none-eabi/9.3.1/thumb/v7e-m+fp/hard\libgcc.a
LOAD c:/st/stm32cubeide_1.0.2/stm32cubeide/plugins/com.st.stm32cube.ide.mcu.externaltools.gnu-tools-for-stm32.9-2020-q2-update.win32_1.5.0.202011040924/tools/bin/../lib/gcc/arm-none-eabi/9.3.1/../../../../arm-none-eabi/lib/thumb/v7e-m+fp/hard\libc_nano.a
LOAD c:/st/stm32cubeide_1.0.2/stm32cubeide/plugins/com.st.stm32cube.ide.mcu.externaltools.gnu-tools-for-stm32.9-2020-q2-update.win32_1.5.0.202011040924/tools/bin/../lib/gcc/arm-none-eabi/9.3.1/../../../../arm-none-eabi/lib/thumb/v7e-m+fp/hard\libnosys.a
END GROUP
START GROUP
LOAD c:/st/stm32cubeide_1.0.2/stm32cubeide/plugins/com.st.stm32cube.ide.mcu.externaltools.gnu-tools-for-stm32.9-2020-q2-update.win32_1.5.0.202011040924/tools/bin/../lib/gcc/arm-none-eabi/9.3.1/thumb/v7e-m+fp/hard\libgcc.a
LOAD c:/st/stm32cubeide_1.0.2/stm32cubeide/plugins/com.st.stm32cube.ide.mcu.externaltools.gnu-tools-for-stm32.9-2020-q2-update.win32_1.5.0.202011040924/tools/bin/../lib/gcc/arm-none-eabi/9.3.1/../../../../arm-none-eabi/lib/thumb/v7e-m+fp/hard\libc_nano.a
LOAD c:/st/stm32cubeide_1.0.2/stm32cubeide/plugins/com.st.stm32cube.ide.mcu.externaltools.gnu-tools-for-stm32.9-2020-q2-update.win32_1.5.0.202011040924/tools/bin/../lib/gcc/arm-none-eabi/9.3.1/../../../../arm-none-eabi/lib/thumb/v7e-m+fp/hard\libnosys.a
END GROUP
LOAD c:/st/stm32cubeide_1.0.2/stm32cubeide/plugins/com.st.stm32cube.ide.mcu.externaltools.gnu-tools-for-stm32.9-2020-q2-update.win32_1.5.0.202011040924/tools/bin/../lib/gcc/arm-none-eabi/9.3.1/thumb/v7e-m+fp/hard/crtend.o
LOAD c:/st/stm32cubeide_1.0.2/stm32cubeide/plugins/com.st.stm32cube.ide.mcu.externaltools.gnu-tools-for-stm32.9-2020-q2-update.win32_1.5.0.202011040924/tools/bin/../lib/gcc/arm-none-eabi/9.3.1/thumb/v7e-m+fp/hard/crtn.o
                0x0000000020020000                _estack = (ORIGIN (RAM) + LENGTH (RAM))
                0x0000000000000200                _Min_Heap_Size = 0x200
                0x0000000000000400                _Min_Stack_Size = 0x400

.isr_vector     0x0000000008000000      0x188
                0x0000000008000000                . = ALIGN (0x4)
 *(.isr_vector)
 .isr_vector    0x0000000008000000      0x188 Core/Startup/startup_stm32f405rgtx.o
                0x0000000008000000                g_pfnVectors
                0x0000000008000188                . = ALIGN (0x4)

.text           0x0000000008000190     0xce94
                0x0000000008000190                . = ALIGN (0x4)
 *(.text)
 .text          0x0000000008000190       0x40 c:/st/stm32cubeide_1.0.2/stm32cubeide/plugins/com.st.stm32cube.ide.mcu.externaltools.gnu-tools-for-stm32.9-2020-q2-update.win32_1.5.0.202011040924/tools/bin/../lib/gcc/arm-none-eabi/9.3.1/thumb/v7e-m+fp/hard/crtbegin.o
 .text          0x00000000080001d0       0x10 c:/st/stm32cubeide_1.0.2/stm32cubeide/plugins/com.st.stm32cube.ide.mcu.externaltools.gnu-tools-for-stm32.9-2020-q2-update.win32_1.5.0.202011040924/tools/bin/../lib/gcc/arm-none-eabi/9.3.1/../../../../arm-none-eabi/lib/thumb/v7e-m+fp/hard\libc_nano.a(lib_a-strlen.o)
                0x00000000080001d0                strlen
 .text          0x00000000080001e0       0xa0 c:/st/stm32cubeide_1.0.2/stm32cubeide/plugins/com.st.stm32cube.ide.mcu.externaltools.gnu-tools-for-stm32.9-2020-q2-update.win32_1.5.0.202011040924/tools/bin/../lib/gcc/arm-none-eabi/9.3.1/../../../../arm-none-eabi/lib/thumb/v7e-m+fp/hard\libc_nano.a(lib_a-memchr.o)
                0x00000000080001e0                memchr
 .text          0x0000000008000280      0x378 c:/st/stm32cubeide_1.0.2/stm32cubeide/plugins/com.st.stm32cube.ide.mcu.externaltools.gnu-tools-for-stm32.9-2020-q2-update.win32_1.5.0.202011040924/tools/bin/../lib/gcc/arm-none-eabi/9.3.1/thumb/v7e-m+fp/hard\libgcc.a(_arm_addsubdf3.o)
                0x0000000008000280                __aeabi_drsub
                0x0000000008000288                __aeabi_dsub
                0x0000000008000288                __subdf3
                0x000000000800028c                __aeabi_dadd
                0x000000000800028c                __adddf3
                0x0000000008000504                __floatunsidf
                0x0000000008000504                __aeabi_ui2d
                0x0000000008000524                __floatsidf
                0x0000000008000524                __aeabi_i2d
                0x0000000008000548                __aeabi_f2d
                0x0000000008000548                __extendsfdf2
                0x000000000800058c                __floatundidf
                0x000000000800058c                __aeabi_ul2d
                0x000000000800059c                __floatdidf
                0x000000000800059c                __aeabi_l2d
 .text          0x00000000080005f8      0x424 c:/st/stm32cubeide_1.0.2/stm32cubeide/plugins/com.st.stm32cube.ide.mcu.externaltools.gnu-tools-for-stm32.9-2020-q2-update.win32_1.5.0.202011040924/tools/bin/../lib/gcc/arm-none-eabi/9.3.1/thumb/v7e-m+fp/hard\libgcc.a(_arm_muldivdf3.o)
                0x00000000080005f8                __aeabi_dmul
                0x00000000080005f8                __muldf3
                0x000000000800084c                __divdf3
                0x000000000800084c                __aeabi_ddiv
 .text          0x0000000008000a1c      0x110 c:/st/stm32cubeide_1.0.2/stm32cubeide/plugins/com.st.stm32cube.ide.mcu.externaltools.gnu-tools-for-stm32.9-2020-q2-update.win32_1.5.0.202011040924/tools/bin/../lib/gcc/arm-none-eabi/9.3.1/thumb/v7e-m+fp/hard\libgcc.a(_arm_cmpdf2.o)
                0x0000000008000a1c                __gtdf2
                0x0000000008000a1c                __gedf2
                0x0000000008000a24                __ltdf2
                0x0000000008000a24                __ledf2
                0x0000000008000a2c                __nedf2
                0x0000000008000a2c                __eqdf2
                0x0000000008000a2c                __cmpdf2
                0x0000000008000aa8                __aeabi_cdrcmple
                0x0000000008000ab8                __aeabi_cdcmpeq
                0x0000000008000ab8                __aeabi_cdcmple
                0x0000000008000ac8                __aeabi_dcmpeq
                0x0000000008000adc                __aeabi_dcmplt
                0x0000000008000af0                __aeabi_dcmple
                0x0000000008000b04                __aeabi_dcmpge
                0x0000000008000b18                __aeabi_dcmpgt
 .text          0x0000000008000b2c       0x2c c:/st/stm32cubeide_1.0.2/stm32cubeide/plugins/com.st.stm32cube.ide.mcu.externaltools.gnu-tools-for-stm32.9-2020-q2-update.win32_1.5.0.202011040924/tools/bin/../lib/gcc/arm-none-eabi/9.3.1/thumb/v7e-m+fp/hard\libgcc.a(_arm_unorddf2.o)
                0x0000000008000b2c                __unorddf2
                0x0000000008000b2c                __aeabi_dcmpun
 .text          0x0000000008000b58       0x50 c:/st/stm32cubeide_1.0.2/stm32cubeide/plugins/com.st.stm32cube.ide.mcu.externaltools.gnu-tools-for-stm32.9-2020-q2-update.win32_1.5.0.202011040924/tools/bin/../lib/gcc/arm-none-eabi/9.3.1/thumb/v7e-m+fp/hard\libgcc.a(_arm_fixdfsi.o)
                0x0000000008000b58                __aeabi_d2iz
                0x0000000008000b58                __fixdfsi
 .text          0x0000000008000ba8       0xa0 c:/st/stm32cubeide_1.0.2/stm32cubeide/plugins/com.st.stm32cube.ide.mcu.externaltools.gnu-tools-for-stm32.9-2020-q2-update.win32_1.5.0.202011040924/tools/bin/../lib/gcc/arm-none-eabi/9.3.1/thumb/v7e-m+fp/hard\libgcc.a(_arm_truncdfsf2.o)
                0x0000000008000ba8                __truncdfsf2
                0x0000000008000ba8                __aeabi_d2f
 .text          0x0000000008000c48       0x30 c:/st/stm32cubeide_1.0.2/stm32cubeide/plugins/com.st.stm32cube.ide.mcu.externaltools.gnu-tools-for-stm32.9-2020-q2-update.win32_1.5.0.202011040924/tools/bin/../lib/gcc/arm-none-eabi/9.3.1/thumb/v7e-m+fp/hard\libgcc.a(_aeabi_uldivmod.o)
                0x0000000008000c48                __aeabi_uldivmod
 .text          0x0000000008000c78      0x2c4 c:/st/stm32cubeide_1.0.2/stm32cubeide/plugins/com.st.stm32cube.ide.mcu.externaltools.gnu-tools-for-stm32.9-2020-q2-update.win32_1.5.0.202011040924/tools/bin/../lib/gcc/arm-none-eabi/9.3.1/thumb/v7e-m+fp/hard\libgcc.a(_udivmoddi4.o)
                0x0000000008000c78                __udivmoddi4
 .text          0x0000000008000f3c        0x4 c:/st/stm32cubeide_1.0.2/stm32cubeide/plugins/com.st.stm32cube.ide.mcu.externaltools.gnu-tools-for-stm32.9-2020-q2-update.win32_1.5.0.202011040924/tools/bin/../lib/gcc/arm-none-eabi/9.3.1/thumb/v7e-m+fp/hard\libgcc.a(_dvmd_tls.o)
                0x0000000008000f3c                __aeabi_idiv0
                0x0000000008000f3c                __aeabi_ldiv0
 *(.text*)
 .text.callbackTIM
                0x0000000008000f40       0x74 Core/Src/Controller/callback.o
                0x0000000008000f40                callbackTIM
 .text.printMode
                0x0000000008000fb4      0x140 Core/Src/Controller/mode.o
                0x0000000008000fb4                printMode
 .text.modeSelect
                0x00000000080010f4      0x128 Core/Src/Controller/mode.o
                0x00000000080010f4                modeSelect
 .text.waitStarting
                0x000000000800121c       0x78 Core/Src/Controller/mode.o
                0x000000000800121c                waitStarting
 .text.judgeFailSafe
                0x0000000008001294       0xb8 Core/Src/Controller/mode.o
                0x0000000008001294                judgeFailSafe
 .text.errorFunctions
                0x000000000800134c       0x8c Core/Src/Controller/mode.o
                0x000000000800134c                errorFunctions
 .text.rotateSafteyR180
                0x00000000080013d8       0x3c Core/Src/Controller/search.o
                0x00000000080013d8                rotateSafteyR180
 .text.prepareStateForSearching
                0x0000000008001414       0x60 Core/Src/Controller/search.o
                0x0000000008001414                prepareStateForSearching
 .text.searchMazeBySlalom
                0x0000000008001474      0x1ec Core/Src/Controller/search.o
                0x0000000008001474                searchMazeBySlalom
 .text.CheckGoal
                0x0000000008001660       0xcc Core/Src/Controller/search.o
                0x0000000008001660                CheckGoal
 .text.calculateSensorError
                0x000000000800172c      0x264 Core/Src/Controller/state.o
                0x000000000800172c                calculateSensorError
 .text.calculatePID
                0x0000000008001990      0x118 Core/Src/Controller/state.o
                0x0000000008001990                calculatePID
 .text.calculateTargetVelocity
                0x0000000008001aa8       0xbc Core/Src/Controller/state.o
                0x0000000008001aa8                calculateTargetVelocity
 .text.calculateTagetOmega
                0x0000000008001b64       0xbc Core/Src/Controller/state.o
                0x0000000008001b64                calculateTagetOmega
 .text.fixTargetOmegaFromWallSensor
                0x0000000008001c20      0x150 Core/Src/Controller/state.o
                0x0000000008001c20                fixTargetOmegaFromWallSensor
 .text.setStatus
                0x0000000008001d70       0x80 Core/Src/Controller/state.o
                0x0000000008001d70                setStatus
 .text.setTurnParams
                0x0000000008001df0       0x76 Core/Src/Controller/state.o
                0x0000000008001df0                setTurnParams
 .text.setParameters
                0x0000000008001e66       0x4e Core/Src/Controller/state.o
                0x0000000008001e66                setParameters
 .text.initMouseStatus
                0x0000000008001eb4      0x4ac Core/Src/Controller/state.o
                0x0000000008001eb4                initMouseStatus
 .text.updateStatus
                0x0000000008002360      0x2ac Core/Src/Controller/state.o
                0x0000000008002360                updateStatus
 .text.prepareForTest
                0x000000000800260c       0x60 Core/Src/Controller/test.o
                0x000000000800260c                prepareForTest
 .text.testKeepDistance
                0x000000000800266c       0x38 Core/Src/Controller/test.o
                0x000000000800266c                testKeepDistance
 .text.testWallSensors
                0x00000000080026a4       0x60 Core/Src/Controller/test.o
                0x00000000080026a4                testWallSensors
 .text.testEncoders
                0x0000000008002704       0x64 Core/Src/Controller/test.o
                0x0000000008002704                testEncoders
 .text.testIMU  0x0000000008002768       0x34 Core/Src/Controller/test.o
                0x0000000008002768                testIMU
 .text.testMotions
                0x000000000800279c      0x3d0 Core/Src/Controller/test.o
                0x000000000800279c                testMotions
 .text.LL_SPI_Enable
                0x0000000008002b6c       0x20 Core/Src/Hardware/ICM20689.o
 .text.LL_SPI_IsEnabled
                0x0000000008002b8c       0x26 Core/Src/Hardware/ICM20689.o
 .text.LL_SPI_IsActiveFlag_RXNE
                0x0000000008002bb2       0x26 Core/Src/Hardware/ICM20689.o
 .text.LL_SPI_IsActiveFlag_TXE
                0x0000000008002bd8       0x26 Core/Src/Hardware/ICM20689.o
 .text.LL_SPI_ReceiveData8
                0x0000000008002bfe       0x1a Core/Src/Hardware/ICM20689.o
 .text.LL_SPI_TransmitData8
                0x0000000008002c18       0x24 Core/Src/Hardware/ICM20689.o
 .text.LL_GPIO_SetOutputPin
                0x0000000008002c3c       0x1c Core/Src/Hardware/ICM20689.o
 .text.LL_GPIO_ResetOutputPin
                0x0000000008002c58       0x1e Core/Src/Hardware/ICM20689.o
 *fill*         0x0000000008002c76        0x2 
 .text.SPI_Control
                0x0000000008002c78       0x9c Core/Src/Hardware/ICM20689.o
                0x0000000008002c78                SPI_Control
 .text.readByte
                0x0000000008002d14       0x38 Core/Src/Hardware/ICM20689.o
                0x0000000008002d14                readByte
 .text.writeByte
                0x0000000008002d4c       0x3c Core/Src/Hardware/ICM20689.o
                0x0000000008002d4c                writeByte
 .text.initIMU  0x0000000008002d88       0xb0 Core/Src/Hardware/ICM20689.o
                0x0000000008002d88                initIMU
 .text.readGyroOmegaZ
                0x0000000008002e38       0x4c Core/Src/Hardware/ICM20689.o
                0x0000000008002e38                readGyroOmegaZ
 .text.readGyroAccelX
                0x0000000008002e84       0x4c Core/Src/Hardware/ICM20689.o
                0x0000000008002e84                readGyroAccelX
 .text.LL_TIM_EnableCounter
                0x0000000008002ed0       0x20 Core/Src/Hardware/basic_timer.o
 .text.LL_TIM_DisableCounter
                0x0000000008002ef0       0x20 Core/Src/Hardware/basic_timer.o
 .text.LL_TIM_EnableIT_UPDATE
                0x0000000008002f10       0x20 Core/Src/Hardware/basic_timer.o
 .text.LL_TIM_DisableIT_UPDATE
                0x0000000008002f30       0x20 Core/Src/Hardware/basic_timer.o
 .text.basicTimerStart
                0x0000000008002f50       0x18 Core/Src/Hardware/basic_timer.o
                0x0000000008002f50                basicTimerStart
 .text.basicTimerPause
                0x0000000008002f68       0x18 Core/Src/Hardware/basic_timer.o
                0x0000000008002f68                basicTimerPause
 .text.waitMs   0x0000000008002f80       0x1a Core/Src/Hardware/basic_timer.o
                0x0000000008002f80                waitMs
 *fill*         0x0000000008002f9a        0x2 
 .text.waitUs   0x0000000008002f9c       0x54 Core/Src/Hardware/basic_timer.o
                0x0000000008002f9c                waitUs
 .text.readBatteryCheck
                0x0000000008002ff0       0x28 Core/Src/Hardware/battery.o
                0x0000000008002ff0                readBatteryCheck
 .text.LL_TIM_EnableCounter
                0x0000000008003018       0x20 Core/Src/Hardware/buzzer.o
 .text.LL_TIM_SetCounter
                0x0000000008003038       0x1c Core/Src/Hardware/buzzer.o
 .text.LL_TIM_SetAutoReload
                0x0000000008003054       0x1c Core/Src/Hardware/buzzer.o
 .text.LL_TIM_CC_EnableChannel
                0x0000000008003070       0x22 Core/Src/Hardware/buzzer.o
 .text.LL_TIM_OC_SetCompareCH4
                0x0000000008003092       0x1c Core/Src/Hardware/buzzer.o
 .text.LL_TIM_EnableAllOutputs
                0x00000000080030ae       0x20 Core/Src/Hardware/buzzer.o
 *fill*         0x00000000080030ce        0x2 
 .text.enableMelody
                0x00000000080030d0       0x24 Core/Src/Hardware/buzzer.o
                0x00000000080030d0                enableMelody
 .text.stopMelody
                0x00000000080030f4       0x14 Core/Src/Hardware/buzzer.o
                0x00000000080030f4                stopMelody
 .text.Melody   0x0000000008003108       0x58 Core/Src/Hardware/buzzer.o
                0x0000000008003108                Melody
 .text.LL_TIM_EnableCounter
                0x0000000008003160       0x20 Core/Src/Hardware/encoder.o
 .text.LL_TIM_DisableCounter
                0x0000000008003180       0x20 Core/Src/Hardware/encoder.o
 .text.enableEncoder
                0x00000000080031a0       0x28 Core/Src/Hardware/encoder.o
                0x00000000080031a0                enableEncoder
 .text.disableEncoder
                0x00000000080031c8       0x1c Core/Src/Hardware/encoder.o
                0x00000000080031c8                disableEncoder
 .text.getEncoderData
                0x00000000080031e4       0x64 Core/Src/Hardware/encoder.o
                0x00000000080031e4                getEncoderData
 .text.FLASH_Lock
                0x0000000008003248       0x20 Core/Src/Hardware/flash.o
 .text.FLASH_Unlock
                0x0000000008003268       0x28 Core/Src/Hardware/flash.o
 .text.FLASH_WaitBusy
                0x0000000008003290       0x24 Core/Src/Hardware/flash.o
                0x0000000008003290                FLASH_WaitBusy
 .text.FLASH_WriteByte
                0x00000000080032b4       0x50 Core/Src/Hardware/flash.o
                0x00000000080032b4                FLASH_WriteByte
 .text.FLASH_WriteData
                0x0000000008003304       0x34 Core/Src/Hardware/flash.o
                0x0000000008003304                FLASH_WriteData
 .text.FLASH_ReadData
                0x0000000008003338       0x24 Core/Src/Hardware/flash.o
                0x0000000008003338                FLASH_ReadData
 .text.FLASH_Erase
                0x000000000800335c       0x3c Core/Src/Hardware/flash.o
                0x000000000800335c                FLASH_Erase
 .text.setLED1State
                0x0000000008003398       0x34 Core/Src/Hardware/interface_LED.o
                0x0000000008003398                setLED1State
 .text.setLED2State
                0x00000000080033cc       0x34 Core/Src/Hardware/interface_LED.o
                0x00000000080033cc                setLED2State
 .text.setLED3State
                0x0000000008003400       0x34 Core/Src/Hardware/interface_LED.o
                0x0000000008003400                setLED3State
 .text.setLED4State
                0x0000000008003434       0x30 Core/Src/Hardware/interface_LED.o
                0x0000000008003434                setLED4State
 .text.setLED5State
                0x0000000008003464       0x30 Core/Src/Hardware/interface_LED.o
                0x0000000008003464                setLED5State
 .text.displayBinaryValueWithLEDs
                0x0000000008003494       0x58 Core/Src/Hardware/interface_LED.o
                0x0000000008003494                displayBinaryValueWithLEDs
 .text.LL_TIM_EnableCounter
                0x00000000080034ec       0x20 Core/Src/Hardware/motor.o
 .text.LL_TIM_DisableCounter
                0x000000000800350c       0x20 Core/Src/Hardware/motor.o
 .text.LL_TIM_SetCounter
                0x000000000800352c       0x1c Core/Src/Hardware/motor.o
 .text.LL_TIM_CC_EnableChannel
                0x0000000008003548       0x22 Core/Src/Hardware/motor.o
 .text.LL_TIM_CC_DisableChannel
                0x000000000800356a       0x24 Core/Src/Hardware/motor.o
 .text.LL_TIM_OC_SetCompareCH1
                0x000000000800358e       0x1c Core/Src/Hardware/motor.o
 .text.LL_TIM_OC_SetCompareCH2
                0x00000000080035aa       0x1c Core/Src/Hardware/motor.o
 .text.LL_TIM_EnableAllOutputs
                0x00000000080035c6       0x20 Core/Src/Hardware/motor.o
 .text.LL_GPIO_SetOutputPin
                0x00000000080035e6       0x1c Core/Src/Hardware/motor.o
 .text.LL_GPIO_ResetOutputPin
                0x0000000008003602       0x1e Core/Src/Hardware/motor.o
 .text.setMotorDriverState
                0x0000000008003620       0x3c Core/Src/Hardware/motor.o
                0x0000000008003620                setMotorDriverState
 .text.enableMotors
                0x000000000800365c       0x90 Core/Src/Hardware/motor.o
                0x000000000800365c                enableMotors
 .text.setMotorDirection
                0x00000000080036ec       0x80 Core/Src/Hardware/motor.o
                0x00000000080036ec                setMotorDirection
 .text.dutyConverter
                0x000000000800376c       0x6c Core/Src/Hardware/motor.o
                0x000000000800376c                dutyConverter
 .text.driveMotors
                0x00000000080037d8       0xa4 Core/Src/Hardware/motor.o
                0x00000000080037d8                driveMotors
 .text.shutdownMotors
                0x000000000800387c       0x44 Core/Src/Hardware/motor.o
                0x000000000800387c                shutdownMotors
 .text.LL_ADC_DMA_GetRegAddr
                0x00000000080038c0       0x34 Core/Src/Hardware/wall_sensor.o
 .text.LL_ADC_Enable
                0x00000000080038f4       0x20 Core/Src/Hardware/wall_sensor.o
 .text.LL_ADC_REG_StartConversionSWStart
                0x0000000008003914       0x20 Core/Src/Hardware/wall_sensor.o
 .text.LL_ADC_ClearFlag_EOCS
                0x0000000008003934       0x1c Core/Src/Hardware/wall_sensor.o
 .text.LL_DMA_EnableStream
                0x0000000008003950       0x40 Core/Src/Hardware/wall_sensor.o
 .text.LL_DMA_DisableStream
                0x0000000008003990       0x40 Core/Src/Hardware/wall_sensor.o
 .text.LL_DMA_SetDataLength
                0x00000000080039d0       0x48 Core/Src/Hardware/wall_sensor.o
 .text.LL_DMA_ConfigAddresses
                0x0000000008003a18       0x78 Core/Src/Hardware/wall_sensor.o
 .text.LL_DMA_EnableIT_TC
                0x0000000008003a90       0x40 Core/Src/Hardware/wall_sensor.o
 .text.ADC1_Start_DMA2
                0x0000000008003ad0       0x54 Core/Src/Hardware/wall_sensor.o
                0x0000000008003ad0                ADC1_Start_DMA2
 .text.changeFrontCenterLED
                0x0000000008003b24       0x30 Core/Src/Hardware/wall_sensor.o
                0x0000000008003b24                changeFrontCenterLED
 .text.changeFrontRightLED
                0x0000000008003b54       0x30 Core/Src/Hardware/wall_sensor.o
                0x0000000008003b54                changeFrontRightLED
 .text.changeFrontLeftLED
                0x0000000008003b84       0x30 Core/Src/Hardware/wall_sensor.o
                0x0000000008003b84                changeFrontLeftLED
 .text.changeRightLED
                0x0000000008003bb4       0x30 Core/Src/Hardware/wall_sensor.o
                0x0000000008003bb4                changeRightLED
 .text.changeLeftLED
                0x0000000008003be4       0x30 Core/Src/Hardware/wall_sensor.o
                0x0000000008003be4                changeLeftLED
 .text.changeLEDs
                0x0000000008003c14       0x6c Core/Src/Hardware/wall_sensor.o
                0x0000000008003c14                changeLEDs
 .text.getWallADC
                0x0000000008003c80       0x24 Core/Src/Hardware/wall_sensor.o
                0x0000000008003c80                getWallADC
 .text.startADCwithDMA
                0x0000000008003ca4       0x24 Core/Src/Hardware/wall_sensor.o
                0x0000000008003ca4                startADCwithDMA
 .text.DMA_CallbackTask
                0x0000000008003cc8       0x18 Core/Src/Hardware/wall_sensor.o
                0x0000000008003cc8                DMA_CallbackTask
 .text.setControlFlags
                0x0000000008003ce0       0x74 Core/Src/System/flags.o
                0x0000000008003ce0                setControlFlags
 .text.setAccelFlags
                0x0000000008003d54       0x74 Core/Src/System/flags.o
                0x0000000008003d54                setAccelFlags
 .text.storeLog
                0x0000000008003dc8      0x15c Core/Src/System/log.o
                0x0000000008003dc8                storeLog
 .text.deleteWallMap
                0x0000000008003f24       0xe4 Core/Src/System/map.o
                0x0000000008003f24                deleteWallMap
 .text.updateWallMap
                0x0000000008004008      0x244 Core/Src/System/map.o
                0x0000000008004008                updateWallMap
 .text.makeStepMap
                0x000000000800424c      0x264 Core/Src/System/map.o
                0x000000000800424c                makeStepMap
 .text.makeRouteESNW
                0x00000000080044b0      0x254 Core/Src/System/map.o
                0x00000000080044b0                makeRouteESNW
 .text.makeRouteNESW
                0x0000000008004704      0x254 Core/Src/System/map.o
                0x0000000008004704                makeRouteNESW
 .text.confRoute
                0x0000000008004958       0x60 Core/Src/System/map.o
                0x0000000008004958                confRoute
 .text.advancePosition
                0x00000000080049b8       0x6c Core/Src/System/map.o
                0x00000000080049b8                advancePosition
 .text.changeDirection
                0x0000000008004a24       0x38 Core/Src/System/map.o
                0x0000000008004a24                changeDirection
 .text.setMapStruct
                0x0000000008004a5c       0x52 Core/Src/System/map.o
                0x0000000008004a5c                setMapStruct
 *fill*         0x0000000008004aae        0x2 
 .text.prepareMapForSearch
                0x0000000008004ab0       0x74 Core/Src/System/map.o
                0x0000000008004ab0                prepareMapForSearch
 .text.saveWallMap
                0x0000000008004b24       0x60 Core/Src/System/map.o
                0x0000000008004b24                saveWallMap
 .text.loadWallMap
                0x0000000008004b84       0x5c Core/Src/System/map.o
                0x0000000008004b84                loadWallMap
 .text.driveAccelMotion
                0x0000000008004be0      0x1a0 Core/Src/System/motion.o
                0x0000000008004be0                driveAccelMotion
 .text.driveTrapezoidal
                0x0000000008004d80      0x210 Core/Src/System/motion.o
                0x0000000008004d80                driveTrapezoidal
 .text.driveSlalomFree
                0x0000000008004f90      0x1ec Core/Src/System/motion.o
                0x0000000008004f90                driveSlalomFree
 .text.spinMotion
                0x000000000800517c      0x1c4 Core/Src/System/motion.o
                0x000000000800517c                spinMotion
 .text.slalomMotion
                0x0000000008005340      0x1fc Core/Src/System/motion.o
                0x0000000008005340                slalomMotion
 .text.moveHalfSectionAccel
                0x000000000800553c       0x50 Core/Src/System/motion.o
                0x000000000800553c                moveHalfSectionAccel
 .text.moveHalfSectionDecel
                0x000000000800558c       0x2c Core/Src/System/motion.o
                0x000000000800558c                moveHalfSectionDecel
 .text.moveOneSectionAccel
                0x00000000080055b8       0x3c Core/Src/System/motion.o
                0x00000000080055b8                moveOneSectionAccel
 .text.keepDistanceFromWall
                0x00000000080055f4       0x40 Core/Src/System/motion.o
                0x00000000080055f4                keepDistanceFromWall
 .text.spinRight180
                0x0000000008005634       0x1c Core/Src/System/motion.o
                0x0000000008005634                spinRight180
 .text.moveSlalomR90
                0x0000000008005650       0x9c Core/Src/System/motion.o
                0x0000000008005650                moveSlalomR90
 .text.moveSlalomL90
                0x00000000080056ec       0x9c Core/Src/System/motion.o
                0x00000000080056ec                moveSlalomL90
 .text.backMotion
                0x0000000008005788      0x10c Core/Src/System/motion.o
                0x0000000008005788                backMotion
 .text.moveBigSlalomR90
                0x0000000008005894       0x94 Core/Src/System/motion.o
                0x0000000008005894                moveBigSlalomR90
 .text.moveBigSlalomL90
                0x0000000008005928       0x94 Core/Src/System/motion.o
                0x0000000008005928                moveBigSlalomL90
 .text.moveBigSlalomR180
                0x00000000080059bc       0x94 Core/Src/System/motion.o
                0x00000000080059bc                moveBigSlalomR180
 .text.moveBigSlalomL180
                0x0000000008005a50       0x94 Core/Src/System/motion.o
                0x0000000008005a50                moveBigSlalomL180
 .text.MelodySummer
                0x0000000008005ae4       0x5a Core/Src/System/music.o
                0x0000000008005ae4                MelodySummer
 .text.MelodyRayearth
                0x0000000008005b3e       0x46 Core/Src/System/music.o
                0x0000000008005b3e                MelodyRayearth
 .text.MelodyGoal
                0x0000000008005b84       0x2c Core/Src/System/music.o
                0x0000000008005b84                MelodyGoal
 .text.MelodyUrara
                0x0000000008005bb0       0x94 Core/Src/System/music.o
                0x0000000008005bb0                MelodyUrara
 .text.MelodyMrLawrence
                0x0000000008005c44       0xb0 Core/Src/System/music.o
                0x0000000008005c44                MelodyMrLawrence
 .text.MelodyNatsumatsuri
                0x0000000008005cf4       0x58 Core/Src/System/music.o
                0x0000000008005cf4                MelodyNatsumatsuri
 .text.MelodyYamato
                0x0000000008005d4c       0x64 Core/Src/System/music.o
                0x0000000008005d4c                MelodyYamato
 .text.ReadPass
                0x0000000008005db0      0x198 Core/Src/System/route.o
                0x0000000008005db0                ReadPass
 .text.MakePass
                0x0000000008005f48      0x440 Core/Src/System/route.o
                0x0000000008005f48                MakePass
 .text.ShowPass
                0x0000000008006388       0x90 Core/Src/System/route.o
                0x0000000008006388                ShowPass
 .text.getEncoderVelocity
                0x0000000008006418       0x30 Core/Src/System/sensing.o
                0x0000000008006418                getEncoderVelocity
 .text.getCenterMileage
                0x0000000008006448       0xb4 Core/Src/System/sensing.o
                0x0000000008006448                getCenterMileage
 .text.addAngle
                0x00000000080064fc       0x38 Core/Src/System/sensing.o
                0x00000000080064fc                addAngle
 .text.getCenterVelocity
                0x0000000008006534       0x3c Core/Src/System/sensing.o
                0x0000000008006534                getCenterVelocity
 .text.getOmega
                0x0000000008006570       0x1c Core/Src/System/sensing.o
                0x0000000008006570                getOmega
 .text.getAccel
                0x000000000800658c       0xcc Core/Src/System/sensing.o
                0x000000000800658c                getAccel
 .text.getWallSensorOffset
                0x0000000008006658       0x7c Core/Src/System/sensing.o
                0x0000000008006658                getWallSensorOffset
 .text.getWallSensor
                0x00000000080066d4       0x94 Core/Src/System/sensing.o
                0x00000000080066d4                getWallSensor
 .text.getOmegaOffset
                0x0000000008006768       0x68 Core/Src/System/sensing.o
                0x0000000008006768                getOmegaOffset
 .text.getAccelOffset
                0x00000000080067d0       0x68 Core/Src/System/sensing.o
                0x00000000080067d0                getAccelOffset
 .text.getWallInfo
                0x0000000008006838       0x54 Core/Src/System/sensing.o
                0x0000000008006838                getWallInfo
 .text.filterWallSensors
                0x000000000800688c      0x108 Core/Src/System/sensing.o
                0x000000000800688c                filterWallSensors
 .text.initSensors
                0x0000000008006994       0x24 Core/Src/System/sensing.o
                0x0000000008006994                initSensors
 .text.updateSensors
                0x00000000080069b8       0xc0 Core/Src/System/sensing.o
                0x00000000080069b8                updateSensors
 .text.getOffsets
                0x0000000008006a78       0x30 Core/Src/System/sensing.o
                0x0000000008006a78                getOffsets
 .text.checkFrontWall
                0x0000000008006aa8       0x58 Core/Src/System/sensing.o
                0x0000000008006aa8                checkFrontWall
 .text.LL_ADC_REG_SetSequencerRanks
                0x0000000008006b00       0x6c Core/Src/adc.o
 .text.LL_ADC_REG_SetFlagEndOfConversion
                0x0000000008006b6c       0x26 Core/Src/adc.o
 .text.LL_ADC_SetChannelSamplingTime
                0x0000000008006b92       0x98 Core/Src/adc.o
 *fill*         0x0000000008006c2a        0x2 
 .text.LL_DMA_SetDataTransferDirection
                0x0000000008006c2c       0x48 Core/Src/adc.o
 .text.LL_DMA_SetMode
                0x0000000008006c74       0x48 Core/Src/adc.o
 .text.LL_DMA_SetPeriphIncMode
                0x0000000008006cbc       0x48 Core/Src/adc.o
 .text.LL_DMA_SetMemoryIncMode
                0x0000000008006d04       0x48 Core/Src/adc.o
 .text.LL_DMA_SetPeriphSize
                0x0000000008006d4c       0x48 Core/Src/adc.o
 .text.LL_DMA_SetMemorySize
                0x0000000008006d94       0x48 Core/Src/adc.o
 .text.LL_DMA_SetStreamPriorityLevel
                0x0000000008006ddc       0x48 Core/Src/adc.o
 .text.LL_DMA_SetChannelSelection
                0x0000000008006e24       0x48 Core/Src/adc.o
 .text.LL_DMA_DisableFifoMode
                0x0000000008006e6c       0x40 Core/Src/adc.o
 .text.LL_AHB1_GRP1_EnableClock
                0x0000000008006eac       0x30 Core/Src/adc.o
 .text.LL_APB2_GRP1_EnableClock
                0x0000000008006edc       0x30 Core/Src/adc.o
 .text.MX_ADC1_Init
                0x0000000008006f0c      0x1b8 Core/Src/adc.o
                0x0000000008006f0c                MX_ADC1_Init
 .text.__NVIC_GetPriorityGrouping
                0x00000000080070c4       0x1c Core/Src/dma.o
 .text.__NVIC_EnableIRQ
                0x00000000080070e0       0x3c Core/Src/dma.o
 .text.__NVIC_SetPriority
                0x000000000800711c       0x54 Core/Src/dma.o
 .text.NVIC_EncodePriority
                0x0000000008007170       0x66 Core/Src/dma.o
 *fill*         0x00000000080071d6        0x2 
 .text.LL_AHB1_GRP1_EnableClock
                0x00000000080071d8       0x30 Core/Src/dma.o
 .text.MX_DMA_Init
                0x0000000008007208       0x30 Core/Src/dma.o
                0x0000000008007208                MX_DMA_Init
 .text.LL_AHB1_GRP1_EnableClock
                0x0000000008007238       0x30 Core/Src/gpio.o
 .text.LL_GPIO_ResetOutputPin
                0x0000000008007268       0x1e Core/Src/gpio.o
 *fill*         0x0000000008007286        0x2 
 .text.MX_GPIO_Init
                0x0000000008007288      0x11c Core/Src/gpio.o
                0x0000000008007288                MX_GPIO_Init
 .text.__NVIC_SetPriorityGrouping
                0x00000000080073a4       0x48 Core/Src/main.o
 .text.LL_RCC_HSI_Enable
                0x00000000080073ec       0x20 Core/Src/main.o
 .text.LL_RCC_HSI_IsReady
                0x000000000800740c       0x24 Core/Src/main.o
 .text.LL_RCC_HSI_SetCalibTrimming
                0x0000000008007430       0x2c Core/Src/main.o
 .text.LL_RCC_SetSysClkSource
                0x000000000800745c       0x28 Core/Src/main.o
 .text.LL_RCC_GetSysClkSource
                0x0000000008007484       0x1c Core/Src/main.o
 .text.LL_RCC_SetAHBPrescaler
                0x00000000080074a0       0x28 Core/Src/main.o
 .text.LL_RCC_SetAPB1Prescaler
                0x00000000080074c8       0x28 Core/Src/main.o
 .text.LL_RCC_SetAPB2Prescaler
                0x00000000080074f0       0x28 Core/Src/main.o
 .text.LL_RCC_PLL_Enable
                0x0000000008007518       0x20 Core/Src/main.o
 .text.LL_RCC_PLL_IsReady
                0x0000000008007538       0x28 Core/Src/main.o
 .text.LL_RCC_PLL_ConfigDomain_SYS
                0x0000000008007560       0x4c Core/Src/main.o
 .text.LL_APB1_GRP1_EnableClock
                0x00000000080075ac       0x30 Core/Src/main.o
 .text.LL_APB2_GRP1_EnableClock
                0x00000000080075dc       0x30 Core/Src/main.o
 .text.LL_FLASH_SetLatency
                0x000000000800760c       0x28 Core/Src/main.o
 .text.LL_FLASH_GetLatency
                0x0000000008007634       0x1c Core/Src/main.o
 .text.LL_PWR_SetRegulVoltageScaling
                0x0000000008007650       0x28 Core/Src/main.o
 .text.LL_USART_IsActiveFlag_TXE
                0x0000000008007678       0x26 Core/Src/main.o
 .text.LL_USART_TransmitData8
                0x000000000800769e       0x1e Core/Src/main.o
 .text.__io_putchar
                0x00000000080076bc       0x54 Core/Src/main.o
                0x00000000080076bc                __io_putchar
 .text.main     0x0000000008007710      0x4c0 Core/Src/main.o
                0x0000000008007710                main
 .text.SystemClock_Config
                0x0000000008007bd0       0x8c Core/Src/main.o
                0x0000000008007bd0                SystemClock_Config
 .text.LL_AHB1_GRP1_EnableClock
                0x0000000008007c5c       0x30 Core/Src/spi.o
 .text.LL_APB1_GRP1_EnableClock
                0x0000000008007c8c       0x30 Core/Src/spi.o
 .text.LL_SPI_SetStandard
                0x0000000008007cbc       0x26 Core/Src/spi.o
 *fill*         0x0000000008007ce2        0x2 
 .text.MX_SPI3_Init
                0x0000000008007ce4       0xa8 Core/Src/spi.o
                0x0000000008007ce4                MX_SPI3_Init
 .text.LL_DMA_IsActiveFlag_TC0
                0x0000000008007d8c       0x26 Core/Src/stm32f4xx_it.o
 .text.LL_DMA_ClearFlag_TC0
                0x0000000008007db2       0x1a Core/Src/stm32f4xx_it.o
 .text.LL_TIM_ClearFlag_UPDATE
                0x0000000008007dcc       0x1c Core/Src/stm32f4xx_it.o
 .text.LL_TIM_IsActiveFlag_UPDATE
                0x0000000008007de8       0x26 Core/Src/stm32f4xx_it.o
 .text.NMI_Handler
                0x0000000008007e0e        0x6 Core/Src/stm32f4xx_it.o
                0x0000000008007e0e                NMI_Handler
 .text.HardFault_Handler
                0x0000000008007e14        0x6 Core/Src/stm32f4xx_it.o
                0x0000000008007e14                HardFault_Handler
 .text.MemManage_Handler
                0x0000000008007e1a        0x6 Core/Src/stm32f4xx_it.o
                0x0000000008007e1a                MemManage_Handler
 .text.BusFault_Handler
                0x0000000008007e20        0x6 Core/Src/stm32f4xx_it.o
                0x0000000008007e20                BusFault_Handler
 .text.UsageFault_Handler
                0x0000000008007e26        0x6 Core/Src/stm32f4xx_it.o
                0x0000000008007e26                UsageFault_Handler
 .text.SVC_Handler
                0x0000000008007e2c        0xe Core/Src/stm32f4xx_it.o
                0x0000000008007e2c                SVC_Handler
 .text.DebugMon_Handler
                0x0000000008007e3a        0xe Core/Src/stm32f4xx_it.o
                0x0000000008007e3a                DebugMon_Handler
 .text.PendSV_Handler
                0x0000000008007e48        0xe Core/Src/stm32f4xx_it.o
                0x0000000008007e48                PendSV_Handler
 .text.SysTick_Handler
                0x0000000008007e56        0xe Core/Src/stm32f4xx_it.o
                0x0000000008007e56                SysTick_Handler
 .text.TIM5_IRQHandler
                0x0000000008007e64       0x24 Core/Src/stm32f4xx_it.o
                0x0000000008007e64                TIM5_IRQHandler
 .text.DMA2_Stream0_IRQHandler
                0x0000000008007e88       0x24 Core/Src/stm32f4xx_it.o
                0x0000000008007e88                DMA2_Stream0_IRQHandler
 .text._getpid  0x0000000008007eac       0x10 Core/Src/syscalls.o
                0x0000000008007eac                _getpid
 .text._kill    0x0000000008007ebc       0x20 Core/Src/syscalls.o
                0x0000000008007ebc                _kill
 .text._exit    0x0000000008007edc       0x14 Core/Src/syscalls.o
                0x0000000008007edc                _exit
 .text._read    0x0000000008007ef0       0x3a Core/Src/syscalls.o
                0x0000000008007ef0                _read
 .text._write   0x0000000008007f2a       0x38 Core/Src/syscalls.o
                0x0000000008007f2a                _write
 .text._close   0x0000000008007f62       0x18 Core/Src/syscalls.o
                0x0000000008007f62                _close
 .text._fstat   0x0000000008007f7a       0x20 Core/Src/syscalls.o
                0x0000000008007f7a                _fstat
 .text._isatty  0x0000000008007f9a       0x16 Core/Src/syscalls.o
                0x0000000008007f9a                _isatty
 .text._lseek   0x0000000008007fb0       0x1a Core/Src/syscalls.o
                0x0000000008007fb0                _lseek
 *fill*         0x0000000008007fca        0x2 
 .text._sbrk    0x0000000008007fcc       0x6c Core/Src/sysmem.o
                0x0000000008007fcc                _sbrk
 .text.SystemInit
                0x0000000008008038       0x2c Core/Src/system_stm32f4xx.o
                0x0000000008008038                SystemInit
 .text.__NVIC_GetPriorityGrouping
                0x0000000008008064       0x1c Core/Src/tim.o
 .text.__NVIC_EnableIRQ
                0x0000000008008080       0x3c Core/Src/tim.o
 .text.__NVIC_SetPriority
                0x00000000080080bc       0x54 Core/Src/tim.o
 .text.NVIC_EncodePriority
                0x0000000008008110       0x66 Core/Src/tim.o
 *fill*         0x0000000008008176        0x2 
 .text.LL_AHB1_GRP1_EnableClock
                0x0000000008008178       0x30 Core/Src/tim.o
 .text.LL_APB1_GRP1_EnableClock
                0x00000000080081a8       0x30 Core/Src/tim.o
 .text.LL_APB2_GRP1_EnableClock
                0x00000000080081d8       0x30 Core/Src/tim.o
 .text.LL_TIM_EnableARRPreload
                0x0000000008008208       0x20 Core/Src/tim.o
 .text.LL_TIM_DisableARRPreload
                0x0000000008008228       0x20 Core/Src/tim.o
 .text.LL_TIM_OC_DisableFast
                0x0000000008008248       0x8c Core/Src/tim.o
 .text.LL_TIM_OC_EnablePreload
                0x00000000080082d4       0x88 Core/Src/tim.o
 .text.LL_TIM_IC_SetActiveInput
                0x000000000800835c       0x9c Core/Src/tim.o
 .text.LL_TIM_IC_SetPrescaler
                0x00000000080083f8       0x9c Core/Src/tim.o
 .text.LL_TIM_IC_SetFilter
                0x0000000008008494       0x9c Core/Src/tim.o
 .text.LL_TIM_IC_SetPolarity
                0x0000000008008530       0x88 Core/Src/tim.o
 .text.LL_TIM_SetClockSource
                0x00000000080085b8       0x2a Core/Src/tim.o
 .text.LL_TIM_SetEncoderMode
                0x00000000080085e2       0x26 Core/Src/tim.o
 .text.LL_TIM_SetTriggerOutput
                0x0000000008008608       0x26 Core/Src/tim.o
 .text.LL_TIM_DisableMasterSlaveMode
                0x000000000800862e       0x20 Core/Src/tim.o
 *fill*         0x000000000800864e        0x2 
 .text.MX_TIM1_Init
                0x0000000008008650      0x130 Core/Src/tim.o
                0x0000000008008650                MX_TIM1_Init
 .text.MX_TIM2_Init
                0x0000000008008780       0xe8 Core/Src/tim.o
                0x0000000008008780                MX_TIM2_Init
 .text.MX_TIM3_Init
                0x0000000008008868       0xf4 Core/Src/tim.o
                0x0000000008008868                MX_TIM3_Init
 .text.MX_TIM4_Init
                0x000000000800895c       0xf4 Core/Src/tim.o
                0x000000000800895c                MX_TIM4_Init
 .text.MX_TIM5_Init
                0x0000000008008a50       0x80 Core/Src/tim.o
                0x0000000008008a50                MX_TIM5_Init
 .text.MX_TIM6_Init
                0x0000000008008ad0       0x54 Core/Src/tim.o
                0x0000000008008ad0                MX_TIM6_Init
 .text.MX_TIM8_Init
                0x0000000008008b24      0x134 Core/Src/tim.o
                0x0000000008008b24                MX_TIM8_Init
 .text.MX_TIM11_Init
                0x0000000008008c58       0xcc Core/Src/tim.o
                0x0000000008008c58                MX_TIM11_Init
 .text.LL_AHB1_GRP1_EnableClock
                0x0000000008008d24       0x30 Core/Src/usart.o
 .text.LL_APB2_GRP1_EnableClock
                0x0000000008008d54       0x30 Core/Src/usart.o
 .text.LL_USART_Enable
                0x0000000008008d84       0x20 Core/Src/usart.o
 .text.LL_USART_ConfigAsyncMode
                0x0000000008008da4       0x2c Core/Src/usart.o
 .text.MX_USART1_UART_Init
                0x0000000008008dd0       0xa0 Core/Src/usart.o
                0x0000000008008dd0                MX_USART1_UART_Init
 .text.Reset_Handler
                0x0000000008008e70       0x50 Core/Startup/startup_stm32f405rgtx.o
                0x0000000008008e70                Reset_Handler
 .text.Default_Handler
                0x0000000008008ec0        0x2 Core/Startup/startup_stm32f405rgtx.o
                0x0000000008008ec0                RTC_Alarm_IRQHandler
                0x0000000008008ec0                HASH_RNG_IRQHandler
                0x0000000008008ec0                EXTI2_IRQHandler
                0x0000000008008ec0                TIM8_CC_IRQHandler
                0x0000000008008ec0                TIM1_CC_IRQHandler
                0x0000000008008ec0                DMA2_Stream5_IRQHandler
                0x0000000008008ec0                DMA1_Stream5_IRQHandler
                0x0000000008008ec0                PVD_IRQHandler
                0x0000000008008ec0                SDIO_IRQHandler
                0x0000000008008ec0                TAMP_STAMP_IRQHandler
                0x0000000008008ec0                CAN2_RX1_IRQHandler
                0x0000000008008ec0                EXTI3_IRQHandler
                0x0000000008008ec0                TIM8_TRG_COM_TIM14_IRQHandler
                0x0000000008008ec0                TIM1_UP_TIM10_IRQHandler
                0x0000000008008ec0                TIM8_UP_TIM13_IRQHandler
                0x0000000008008ec0                I2C3_ER_IRQHandler
                0x0000000008008ec0                EXTI0_IRQHandler
                0x0000000008008ec0                I2C2_EV_IRQHandler
                0x0000000008008ec0                DMA1_Stream2_IRQHandler
                0x0000000008008ec0                CAN1_RX0_IRQHandler
                0x0000000008008ec0                FPU_IRQHandler
                0x0000000008008ec0                OTG_HS_WKUP_IRQHandler
                0x0000000008008ec0                CAN2_SCE_IRQHandler
                0x0000000008008ec0                DMA2_Stream2_IRQHandler
                0x0000000008008ec0                SPI1_IRQHandler
                0x0000000008008ec0                TIM6_DAC_IRQHandler
                0x0000000008008ec0                TIM1_BRK_TIM9_IRQHandler
                0x0000000008008ec0                CAN2_RX0_IRQHandler
                0x0000000008008ec0                DMA2_Stream3_IRQHandler
                0x0000000008008ec0                USART6_IRQHandler
                0x0000000008008ec0                USART3_IRQHandler
                0x0000000008008ec0                CAN1_RX1_IRQHandler
                0x0000000008008ec0                UART5_IRQHandler
                0x0000000008008ec0                TIM4_IRQHandler
                0x0000000008008ec0                I2C1_EV_IRQHandler
                0x0000000008008ec0                DMA1_Stream6_IRQHandler
                0x0000000008008ec0                DMA1_Stream1_IRQHandler
                0x0000000008008ec0                UART4_IRQHandler
                0x0000000008008ec0                TIM3_IRQHandler
                0x0000000008008ec0                RCC_IRQHandler
                0x0000000008008ec0                TIM8_BRK_TIM12_IRQHandler
                0x0000000008008ec0                Default_Handler
                0x0000000008008ec0                EXTI15_10_IRQHandler
                0x0000000008008ec0                ADC_IRQHandler
                0x0000000008008ec0                DMA1_Stream7_IRQHandler
                0x0000000008008ec0                TIM7_IRQHandler
                0x0000000008008ec0                CAN2_TX_IRQHandler
                0x0000000008008ec0                DMA2_Stream7_IRQHandler
                0x0000000008008ec0                I2C3_EV_IRQHandler
                0x0000000008008ec0                EXTI9_5_IRQHandler
                0x0000000008008ec0                RTC_WKUP_IRQHandler
                0x0000000008008ec0                SPI2_IRQHandler
                0x0000000008008ec0                OTG_HS_EP1_IN_IRQHandler
                0x0000000008008ec0                DMA1_Stream0_IRQHandler
                0x0000000008008ec0                CAN1_TX_IRQHandler
                0x0000000008008ec0                EXTI4_IRQHandler
                0x0000000008008ec0                FSMC_IRQHandler
                0x0000000008008ec0                OTG_HS_EP1_OUT_IRQHandler
                0x0000000008008ec0                WWDG_IRQHandler
                0x0000000008008ec0                TIM2_IRQHandler
                0x0000000008008ec0                OTG_FS_WKUP_IRQHandler
                0x0000000008008ec0                TIM1_TRG_COM_TIM11_IRQHandler
                0x0000000008008ec0                OTG_HS_IRQHandler
                0x0000000008008ec0                EXTI1_IRQHandler
                0x0000000008008ec0                USART2_IRQHandler
                0x0000000008008ec0                I2C2_ER_IRQHandler
                0x0000000008008ec0                DMA2_Stream1_IRQHandler
                0x0000000008008ec0                CAN1_SCE_IRQHandler
                0x0000000008008ec0                FLASH_IRQHandler
                0x0000000008008ec0                DMA2_Stream4_IRQHandler
                0x0000000008008ec0                USART1_IRQHandler
                0x0000000008008ec0                OTG_FS_IRQHandler
                0x0000000008008ec0                SPI3_IRQHandler
                0x0000000008008ec0                DMA1_Stream4_IRQHandler
                0x0000000008008ec0                I2C1_ER_IRQHandler
                0x0000000008008ec0                DMA2_Stream6_IRQHandler
                0x0000000008008ec0                DMA1_Stream3_IRQHandler
 .text.LL_ADC_REG_SetSequencerLength
                0x0000000008008ec2       0x26 Drivers/STM32F4xx_HAL_Driver/Src/stm32f4xx_ll_adc.o
 .text.LL_ADC_IsEnabled
                0x0000000008008ee8       0x26 Drivers/STM32F4xx_HAL_Driver/Src/stm32f4xx_ll_adc.o
 *fill*         0x0000000008008f0e        0x2 
 .text.LL_ADC_CommonInit
                0x0000000008008f10       0x90 Drivers/STM32F4xx_HAL_Driver/Src/stm32f4xx_ll_adc.o
                0x0000000008008f10                LL_ADC_CommonInit
 .text.LL_ADC_Init
                0x0000000008008fa0       0x58 Drivers/STM32F4xx_HAL_Driver/Src/stm32f4xx_ll_adc.o
                0x0000000008008fa0                LL_ADC_Init
 .text.LL_ADC_REG_Init
                0x0000000008008ff8       0x84 Drivers/STM32F4xx_HAL_Driver/Src/stm32f4xx_ll_adc.o
                0x0000000008008ff8                LL_ADC_REG_Init
 .text.LL_GPIO_SetPinMode
                0x000000000800907c       0x5e Drivers/STM32F4xx_HAL_Driver/Src/stm32f4xx_ll_gpio.o
 .text.LL_GPIO_SetPinOutputType
                0x00000000080090da       0x30 Drivers/STM32F4xx_HAL_Driver/Src/stm32f4xx_ll_gpio.o
 .text.LL_GPIO_SetPinSpeed
                0x000000000800910a       0x5e Drivers/STM32F4xx_HAL_Driver/Src/stm32f4xx_ll_gpio.o
 .text.LL_GPIO_SetPinPull
                0x0000000008009168       0x5e Drivers/STM32F4xx_HAL_Driver/Src/stm32f4xx_ll_gpio.o
 .text.LL_GPIO_SetAFPin_0_7
                0x00000000080091c6       0x5e Drivers/STM32F4xx_HAL_Driver/Src/stm32f4xx_ll_gpio.o
 .text.LL_GPIO_SetAFPin_8_15
                0x0000000008009224       0x62 Drivers/STM32F4xx_HAL_Driver/Src/stm32f4xx_ll_gpio.o
 .text.LL_GPIO_Init
                0x0000000008009286       0xe6 Drivers/STM32F4xx_HAL_Driver/Src/stm32f4xx_ll_gpio.o
                0x0000000008009286                LL_GPIO_Init
 .text.LL_RCC_GetSysClkSource
                0x000000000800936c       0x1c Drivers/STM32F4xx_HAL_Driver/Src/stm32f4xx_ll_rcc.o
 .text.LL_RCC_GetAHBPrescaler
                0x0000000008009388       0x1c Drivers/STM32F4xx_HAL_Driver/Src/stm32f4xx_ll_rcc.o
 .text.LL_RCC_GetAPB1Prescaler
                0x00000000080093a4       0x1c Drivers/STM32F4xx_HAL_Driver/Src/stm32f4xx_ll_rcc.o
 .text.LL_RCC_GetAPB2Prescaler
                0x00000000080093c0       0x1c Drivers/STM32F4xx_HAL_Driver/Src/stm32f4xx_ll_rcc.o
 .text.LL_RCC_PLL_GetMainSource
                0x00000000080093dc       0x1c Drivers/STM32F4xx_HAL_Driver/Src/stm32f4xx_ll_rcc.o
 .text.LL_RCC_PLL_GetN
                0x00000000080093f8       0x1c Drivers/STM32F4xx_HAL_Driver/Src/stm32f4xx_ll_rcc.o
 .text.LL_RCC_PLL_GetP
                0x0000000008009414       0x1c Drivers/STM32F4xx_HAL_Driver/Src/stm32f4xx_ll_rcc.o
 .text.LL_RCC_PLL_GetDivider
                0x0000000008009430       0x1c Drivers/STM32F4xx_HAL_Driver/Src/stm32f4xx_ll_rcc.o
 .text.LL_RCC_GetSystemClocksFreq
                0x000000000800944c       0x4a Drivers/STM32F4xx_HAL_Driver/Src/stm32f4xx_ll_rcc.o
                0x000000000800944c                LL_RCC_GetSystemClocksFreq
 *fill*         0x0000000008009496        0x2 
 .text.RCC_GetSystemClockFreq
                0x0000000008009498       0x50 Drivers/STM32F4xx_HAL_Driver/Src/stm32f4xx_ll_rcc.o
                0x0000000008009498                RCC_GetSystemClockFreq
 .text.RCC_GetHCLKClockFreq
                0x00000000080094e8       0x2c Drivers/STM32F4xx_HAL_Driver/Src/stm32f4xx_ll_rcc.o
                0x00000000080094e8                RCC_GetHCLKClockFreq
 .text.RCC_GetPCLK1ClockFreq
                0x0000000008009514       0x28 Drivers/STM32F4xx_HAL_Driver/Src/stm32f4xx_ll_rcc.o
                0x0000000008009514                RCC_GetPCLK1ClockFreq
 .text.RCC_GetPCLK2ClockFreq
                0x000000000800953c       0x28 Drivers/STM32F4xx_HAL_Driver/Src/stm32f4xx_ll_rcc.o
                0x000000000800953c                RCC_GetPCLK2ClockFreq
 .text.RCC_PLL_GetFreqDomain_SYS
                0x0000000008009564       0x7c Drivers/STM32F4xx_HAL_Driver/Src/stm32f4xx_ll_rcc.o
                0x0000000008009564                RCC_PLL_GetFreqDomain_SYS
 .text.LL_SPI_IsEnabled
                0x00000000080095e0       0x26 Drivers/STM32F4xx_HAL_Driver/Src/stm32f4xx_ll_spi.o
 .text.LL_SPI_SetCRCPolynomial
                0x0000000008009606       0x20 Drivers/STM32F4xx_HAL_Driver/Src/stm32f4xx_ll_spi.o
 .text.LL_SPI_Init
                0x0000000008009626       0xa4 Drivers/STM32F4xx_HAL_Driver/Src/stm32f4xx_ll_spi.o
                0x0000000008009626                LL_SPI_Init
 .text.LL_TIM_SetPrescaler
                0x00000000080096ca       0x1c Drivers/STM32F4xx_HAL_Driver/Src/stm32f4xx_ll_tim.o
 .text.LL_TIM_SetAutoReload
                0x00000000080096e6       0x1c Drivers/STM32F4xx_HAL_Driver/Src/stm32f4xx_ll_tim.o
 .text.LL_TIM_SetRepetitionCounter
                0x0000000008009702       0x1c Drivers/STM32F4xx_HAL_Driver/Src/stm32f4xx_ll_tim.o
 .text.LL_TIM_OC_SetCompareCH1
                0x000000000800971e       0x1c Drivers/STM32F4xx_HAL_Driver/Src/stm32f4xx_ll_tim.o
 .text.LL_TIM_OC_SetCompareCH2
                0x000000000800973a       0x1c Drivers/STM32F4xx_HAL_Driver/Src/stm32f4xx_ll_tim.o
 .text.LL_TIM_OC_SetCompareCH3
                0x0000000008009756       0x1c Drivers/STM32F4xx_HAL_Driver/Src/stm32f4xx_ll_tim.o
 .text.LL_TIM_OC_SetCompareCH4
                0x0000000008009772       0x1c Drivers/STM32F4xx_HAL_Driver/Src/stm32f4xx_ll_tim.o
 .text.LL_TIM_GenerateEvent_UPDATE
                0x000000000800978e       0x20 Drivers/STM32F4xx_HAL_Driver/Src/stm32f4xx_ll_tim.o
 *fill*         0x00000000080097ae        0x2 
 .text.LL_TIM_Init
                0x00000000080097b0      0x134 Drivers/STM32F4xx_HAL_Driver/Src/stm32f4xx_ll_tim.o
                0x00000000080097b0                LL_TIM_Init
 .text.LL_TIM_OC_Init
                0x00000000080098e4       0x82 Drivers/STM32F4xx_HAL_Driver/Src/stm32f4xx_ll_tim.o
                0x00000000080098e4                LL_TIM_OC_Init
 .text.LL_TIM_BDTR_Init
                0x0000000008009966       0x92 Drivers/STM32F4xx_HAL_Driver/Src/stm32f4xx_ll_tim.o
                0x0000000008009966                LL_TIM_BDTR_Init
 .text.OC1Config
                0x00000000080099f8       0xd8 Drivers/STM32F4xx_HAL_Driver/Src/stm32f4xx_ll_tim.o
 .text.OC2Config
                0x0000000008009ad0       0xe0 Drivers/STM32F4xx_HAL_Driver/Src/stm32f4xx_ll_tim.o
 .text.OC3Config
                0x0000000008009bb0       0xe0 Drivers/STM32F4xx_HAL_Driver/Src/stm32f4xx_ll_tim.o
 .text.OC4Config
                0x0000000008009c90       0xb0 Drivers/STM32F4xx_HAL_Driver/Src/stm32f4xx_ll_tim.o
 .text.LL_USART_IsEnabled
                0x0000000008009d40       0x28 Drivers/STM32F4xx_HAL_Driver/Src/stm32f4xx_ll_usart.o
 .text.LL_USART_SetStopBitsLength
                0x0000000008009d68       0x26 Drivers/STM32F4xx_HAL_Driver/Src/stm32f4xx_ll_usart.o
 .text.LL_USART_SetHWFlowCtrl
                0x0000000008009d8e       0x26 Drivers/STM32F4xx_HAL_Driver/Src/stm32f4xx_ll_usart.o
 .text.LL_USART_SetBaudRate
                0x0000000008009db4      0x320 Drivers/STM32F4xx_HAL_Driver/Src/stm32f4xx_ll_usart.o
 .text.LL_USART_Init
                0x000000000800a0d4      0x100 Drivers/STM32F4xx_HAL_Driver/Src/stm32f4xx_ll_usart.o
                0x000000000800a0d4                LL_USART_Init
 .text.LL_InitTick
                0x000000000800a1d4       0x34 Drivers/STM32F4xx_HAL_Driver/Src/stm32f4xx_ll_utils.o
 .text.LL_Init1msTick
                0x000000000800a208       0x1a Drivers/STM32F4xx_HAL_Driver/Src/stm32f4xx_ll_utils.o
                0x000000000800a208                LL_Init1msTick
 *fill*         0x000000000800a222        0x2 
 .text.LL_mDelay
                0x000000000800a224       0x4c Drivers/STM32F4xx_HAL_Driver/Src/stm32f4xx_ll_utils.o
                0x000000000800a224                LL_mDelay
 .text.LL_SetSystemCoreClock
                0x000000000800a270       0x20 Drivers/STM32F4xx_HAL_Driver/Src/stm32f4xx_ll_utils.o
                0x000000000800a270                LL_SetSystemCoreClock
 .text.__errno  0x000000000800a290        0xc c:/st/stm32cubeide_1.0.2/stm32cubeide/plugins/com.st.stm32cube.ide.mcu.externaltools.gnu-tools-for-stm32.9-2020-q2-update.win32_1.5.0.202011040924/tools/bin/../lib/gcc/arm-none-eabi/9.3.1/../../../../arm-none-eabi/lib/thumb/v7e-m+fp/hard\libc_nano.a(lib_a-errno.o)
                0x000000000800a290                __errno
 .text.__libc_init_array
                0x000000000800a29c       0x48 c:/st/stm32cubeide_1.0.2/stm32cubeide/plugins/com.st.stm32cube.ide.mcu.externaltools.gnu-tools-for-stm32.9-2020-q2-update.win32_1.5.0.202011040924/tools/bin/../lib/gcc/arm-none-eabi/9.3.1/../../../../arm-none-eabi/lib/thumb/v7e-m+fp/hard\libc_nano.a(lib_a-init.o)
                0x000000000800a29c                __libc_init_array
 .text.memset   0x000000000800a2e4       0x10 c:/st/stm32cubeide_1.0.2/stm32cubeide/plugins/com.st.stm32cube.ide.mcu.externaltools.gnu-tools-for-stm32.9-2020-q2-update.win32_1.5.0.202011040924/tools/bin/../lib/gcc/arm-none-eabi/9.3.1/../../../../arm-none-eabi/lib/thumb/v7e-m+fp/hard\libc_nano.a(lib_a-memset.o)
                0x000000000800a2e4                memset
 .text.__cvt    0x000000000800a2f4       0xc4 c:/st/stm32cubeide_1.0.2/stm32cubeide/plugins/com.st.stm32cube.ide.mcu.externaltools.gnu-tools-for-stm32.9-2020-q2-update.win32_1.5.0.202011040924/tools/bin/../lib/gcc/arm-none-eabi/9.3.1/../../../../arm-none-eabi/lib/thumb/v7e-m+fp/hard\libc_nano.a(lib_a-nano-vfprintf_float.o)
                0x000000000800a2f4                __cvt
 .text.__exponent
                0x000000000800a3b8       0x7c c:/st/stm32cubeide_1.0.2/stm32cubeide/plugins/com.st.stm32cube.ide.mcu.externaltools.gnu-tools-for-stm32.9-2020-q2-update.win32_1.5.0.202011040924/tools/bin/../lib/gcc/arm-none-eabi/9.3.1/../../../../arm-none-eabi/lib/thumb/v7e-m+fp/hard\libc_nano.a(lib_a-nano-vfprintf_float.o)
                0x000000000800a3b8                __exponent
 .text._printf_float
                0x000000000800a434      0x46c c:/st/stm32cubeide_1.0.2/stm32cubeide/plugins/com.st.stm32cube.ide.mcu.externaltools.gnu-tools-for-stm32.9-2020-q2-update.win32_1.5.0.202011040924/tools/bin/../lib/gcc/arm-none-eabi/9.3.1/../../../../arm-none-eabi/lib/thumb/v7e-m+fp/hard\libc_nano.a(lib_a-nano-vfprintf_float.o)
                0x000000000800a434                _printf_float
 .text._printf_common
                0x000000000800a8a0       0xda c:/st/stm32cubeide_1.0.2/stm32cubeide/plugins/com.st.stm32cube.ide.mcu.externaltools.gnu-tools-for-stm32.9-2020-q2-update.win32_1.5.0.202011040924/tools/bin/../lib/gcc/arm-none-eabi/9.3.1/../../../../arm-none-eabi/lib/thumb/v7e-m+fp/hard\libc_nano.a(lib_a-nano-vfprintf_i.o)
                0x000000000800a8a0                _printf_common
 *fill*         0x000000000800a97a        0x2 
 .text._printf_i
                0x000000000800a97c      0x24c c:/st/stm32cubeide_1.0.2/stm32cubeide/plugins/com.st.stm32cube.ide.mcu.externaltools.gnu-tools-for-stm32.9-2020-q2-update.win32_1.5.0.202011040924/tools/bin/../lib/gcc/arm-none-eabi/9.3.1/../../../../arm-none-eabi/lib/thumb/v7e-m+fp/hard\libc_nano.a(lib_a-nano-vfprintf_i.o)
                0x000000000800a97c                _printf_i
 .text.printf   0x000000000800abc8       0x30 c:/st/stm32cubeide_1.0.2/stm32cubeide/plugins/com.st.stm32cube.ide.mcu.externaltools.gnu-tools-for-stm32.9-2020-q2-update.win32_1.5.0.202011040924/tools/bin/../lib/gcc/arm-none-eabi/9.3.1/../../../../arm-none-eabi/lib/thumb/v7e-m+fp/hard\libc_nano.a(lib_a-printf.o)
                0x000000000800abc8                iprintf
                0x000000000800abc8                printf
 .text.putchar  0x000000000800abf8       0x2c c:/st/stm32cubeide_1.0.2/stm32cubeide/plugins/com.st.stm32cube.ide.mcu.externaltools.gnu-tools-for-stm32.9-2020-q2-update.win32_1.5.0.202011040924/tools/bin/../lib/gcc/arm-none-eabi/9.3.1/../../../../arm-none-eabi/lib/thumb/v7e-m+fp/hard\libc_nano.a(lib_a-putchar.o)
                0x000000000800abf8                putchar
 .text._puts_r  0x000000000800ac24       0xdc c:/st/stm32cubeide_1.0.2/stm32cubeide/plugins/com.st.stm32cube.ide.mcu.externaltools.gnu-tools-for-stm32.9-2020-q2-update.win32_1.5.0.202011040924/tools/bin/../lib/gcc/arm-none-eabi/9.3.1/../../../../arm-none-eabi/lib/thumb/v7e-m+fp/hard\libc_nano.a(lib_a-puts.o)
                0x000000000800ac24                _puts_r
 .text.puts     0x000000000800ad00       0x10 c:/st/stm32cubeide_1.0.2/stm32cubeide/plugins/com.st.stm32cube.ide.mcu.externaltools.gnu-tools-for-stm32.9-2020-q2-update.win32_1.5.0.202011040924/tools/bin/../lib/gcc/arm-none-eabi/9.3.1/../../../../arm-none-eabi/lib/thumb/v7e-m+fp/hard\libc_nano.a(lib_a-puts.o)
                0x000000000800ad00                puts
 .text.setbuf   0x000000000800ad10       0x10 c:/st/stm32cubeide_1.0.2/stm32cubeide/plugins/com.st.stm32cube.ide.mcu.externaltools.gnu-tools-for-stm32.9-2020-q2-update.win32_1.5.0.202011040924/tools/bin/../lib/gcc/arm-none-eabi/9.3.1/../../../../arm-none-eabi/lib/thumb/v7e-m+fp/hard\libc_nano.a(lib_a-setbuf.o)
                0x000000000800ad10                setbuf
 .text.setvbuf  0x000000000800ad20      0x18c c:/st/stm32cubeide_1.0.2/stm32cubeide/plugins/com.st.stm32cube.ide.mcu.externaltools.gnu-tools-for-stm32.9-2020-q2-update.win32_1.5.0.202011040924/tools/bin/../lib/gcc/arm-none-eabi/9.3.1/../../../../arm-none-eabi/lib/thumb/v7e-m+fp/hard\libc_nano.a(lib_a-setvbuf.o)
                0x000000000800ad20                setvbuf
 .text.__swbuf_r
                0x000000000800aeac       0xa4 c:/st/stm32cubeide_1.0.2/stm32cubeide/plugins/com.st.stm32cube.ide.mcu.externaltools.gnu-tools-for-stm32.9-2020-q2-update.win32_1.5.0.202011040924/tools/bin/../lib/gcc/arm-none-eabi/9.3.1/../../../../arm-none-eabi/lib/thumb/v7e-m+fp/hard\libc_nano.a(lib_a-wbuf.o)
                0x000000000800aeac                __swbuf_r
 .text.__swsetup_r
                0x000000000800af50       0xdc c:/st/stm32cubeide_1.0.2/stm32cubeide/plugins/com.st.stm32cube.ide.mcu.externaltools.gnu-tools-for-stm32.9-2020-q2-update.win32_1.5.0.202011040924/tools/bin/../lib/gcc/arm-none-eabi/9.3.1/../../../../arm-none-eabi/lib/thumb/v7e-m+fp/hard\libc_nano.a(lib_a-wsetup.o)
                0x000000000800af50                __swsetup_r
 .text.quorem   0x000000000800b02c      0x116 c:/st/stm32cubeide_1.0.2/stm32cubeide/plugins/com.st.stm32cube.ide.mcu.externaltools.gnu-tools-for-stm32.9-2020-q2-update.win32_1.5.0.202011040924/tools/bin/../lib/gcc/arm-none-eabi/9.3.1/../../../../arm-none-eabi/lib/thumb/v7e-m+fp/hard\libc_nano.a(lib_a-dtoa.o)
 *fill*         0x000000000800b142        0x6 
 .text._dtoa_r  0x000000000800b148      0xbd8 c:/st/stm32cubeide_1.0.2/stm32cubeide/plugins/com.st.stm32cube.ide.mcu.externaltools.gnu-tools-for-stm32.9-2020-q2-update.win32_1.5.0.202011040924/tools/bin/../lib/gcc/arm-none-eabi/9.3.1/../../../../arm-none-eabi/lib/thumb/v7e-m+fp/hard\libc_nano.a(lib_a-dtoa.o)
                0x000000000800b148                _dtoa_r
 .text.__sflush_r
                0x000000000800bd20      0x10c c:/st/stm32cubeide_1.0.2/stm32cubeide/plugins/com.st.stm32cube.ide.mcu.externaltools.gnu-tools-for-stm32.9-2020-q2-update.win32_1.5.0.202011040924/tools/bin/../lib/gcc/arm-none-eabi/9.3.1/../../../../arm-none-eabi/lib/thumb/v7e-m+fp/hard\libc_nano.a(lib_a-fflush.o)
                0x000000000800bd20                __sflush_r
 .text._fflush_r
                0x000000000800be2c       0x78 c:/st/stm32cubeide_1.0.2/stm32cubeide/plugins/com.st.stm32cube.ide.mcu.externaltools.gnu-tools-for-stm32.9-2020-q2-update.win32_1.5.0.202011040924/tools/bin/../lib/gcc/arm-none-eabi/9.3.1/../../../../arm-none-eabi/lib/thumb/v7e-m+fp/hard\libc_nano.a(lib_a-fflush.o)
                0x000000000800be2c                _fflush_r
 .text.std      0x000000000800bea4       0x48 c:/st/stm32cubeide_1.0.2/stm32cubeide/plugins/com.st.stm32cube.ide.mcu.externaltools.gnu-tools-for-stm32.9-2020-q2-update.win32_1.5.0.202011040924/tools/bin/../lib/gcc/arm-none-eabi/9.3.1/../../../../arm-none-eabi/lib/thumb/v7e-m+fp/hard\libc_nano.a(lib_a-findfp.o)
 .text._cleanup_r
                0x000000000800beec        0xc c:/st/stm32cubeide_1.0.2/stm32cubeide/plugins/com.st.stm32cube.ide.mcu.externaltools.gnu-tools-for-stm32.9-2020-q2-update.win32_1.5.0.202011040924/tools/bin/../lib/gcc/arm-none-eabi/9.3.1/../../../../arm-none-eabi/lib/thumb/v7e-m+fp/hard\libc_nano.a(lib_a-findfp.o)
                0x000000000800beec                _cleanup_r
 .text.__sfmoreglue
                0x000000000800bef8       0x2c c:/st/stm32cubeide_1.0.2/stm32cubeide/plugins/com.st.stm32cube.ide.mcu.externaltools.gnu-tools-for-stm32.9-2020-q2-update.win32_1.5.0.202011040924/tools/bin/../lib/gcc/arm-none-eabi/9.3.1/../../../../arm-none-eabi/lib/thumb/v7e-m+fp/hard\libc_nano.a(lib_a-findfp.o)
                0x000000000800bef8                __sfmoreglue
 .text.__sfp_lock_acquire
                0x000000000800bf24        0xc c:/st/stm32cubeide_1.0.2/stm32cubeide/plugins/com.st.stm32cube.ide.mcu.externaltools.gnu-tools-for-stm32.9-2020-q2-update.win32_1.5.0.202011040924/tools/bin/../lib/gcc/arm-none-eabi/9.3.1/../../../../arm-none-eabi/lib/thumb/v7e-m+fp/hard\libc_nano.a(lib_a-findfp.o)
                0x000000000800bf24                __sfp_lock_acquire
 .text.__sfp_lock_release
                0x000000000800bf30        0xc c:/st/stm32cubeide_1.0.2/stm32cubeide/plugins/com.st.stm32cube.ide.mcu.externaltools.gnu-tools-for-stm32.9-2020-q2-update.win32_1.5.0.202011040924/tools/bin/../lib/gcc/arm-none-eabi/9.3.1/../../../../arm-none-eabi/lib/thumb/v7e-m+fp/hard\libc_nano.a(lib_a-findfp.o)
                0x000000000800bf30                __sfp_lock_release
 .text.__sinit_lock_acquire
                0x000000000800bf3c        0xc c:/st/stm32cubeide_1.0.2/stm32cubeide/plugins/com.st.stm32cube.ide.mcu.externaltools.gnu-tools-for-stm32.9-2020-q2-update.win32_1.5.0.202011040924/tools/bin/../lib/gcc/arm-none-eabi/9.3.1/../../../../arm-none-eabi/lib/thumb/v7e-m+fp/hard\libc_nano.a(lib_a-findfp.o)
                0x000000000800bf3c                __sinit_lock_acquire
 .text.__sinit_lock_release
                0x000000000800bf48        0xc c:/st/stm32cubeide_1.0.2/stm32cubeide/plugins/com.st.stm32cube.ide.mcu.externaltools.gnu-tools-for-stm32.9-2020-q2-update.win32_1.5.0.202011040924/tools/bin/../lib/gcc/arm-none-eabi/9.3.1/../../../../arm-none-eabi/lib/thumb/v7e-m+fp/hard\libc_nano.a(lib_a-findfp.o)
                0x000000000800bf48                __sinit_lock_release
 .text.__sinit  0x000000000800bf54       0x70 c:/st/stm32cubeide_1.0.2/stm32cubeide/plugins/com.st.stm32cube.ide.mcu.externaltools.gnu-tools-for-stm32.9-2020-q2-update.win32_1.5.0.202011040924/tools/bin/../lib/gcc/arm-none-eabi/9.3.1/../../../../arm-none-eabi/lib/thumb/v7e-m+fp/hard\libc_nano.a(lib_a-findfp.o)
                0x000000000800bf54                __sinit
 .text.__sfp    0x000000000800bfc4       0x8c c:/st/stm32cubeide_1.0.2/stm32cubeide/plugins/com.st.stm32cube.ide.mcu.externaltools.gnu-tools-for-stm32.9-2020-q2-update.win32_1.5.0.202011040924/tools/bin/../lib/gcc/arm-none-eabi/9.3.1/../../../../arm-none-eabi/lib/thumb/v7e-m+fp/hard\libc_nano.a(lib_a-findfp.o)
                0x000000000800bfc4                __sfp
 .text._fwalk_reent
                0x000000000800c050       0x3e c:/st/stm32cubeide_1.0.2/stm32cubeide/plugins/com.st.stm32cube.ide.mcu.externaltools.gnu-tools-for-stm32.9-2020-q2-update.win32_1.5.0.202011040924/tools/bin/../lib/gcc/arm-none-eabi/9.3.1/../../../../arm-none-eabi/lib/thumb/v7e-m+fp/hard\libc_nano.a(lib_a-fwalk.o)
                0x000000000800c050                _fwalk_reent
 *fill*         0x000000000800c08e        0x2 
 .text._localeconv_r
                0x000000000800c090        0x8 c:/st/stm32cubeide_1.0.2/stm32cubeide/plugins/com.st.stm32cube.ide.mcu.externaltools.gnu-tools-for-stm32.9-2020-q2-update.win32_1.5.0.202011040924/tools/bin/../lib/gcc/arm-none-eabi/9.3.1/../../../../arm-none-eabi/lib/thumb/v7e-m+fp/hard\libc_nano.a(lib_a-localeconv.o)
                0x000000000800c090                _localeconv_r
 .text.__retarget_lock_init_recursive
                0x000000000800c098        0x2 c:/st/stm32cubeide_1.0.2/stm32cubeide/plugins/com.st.stm32cube.ide.mcu.externaltools.gnu-tools-for-stm32.9-2020-q2-update.win32_1.5.0.202011040924/tools/bin/../lib/gcc/arm-none-eabi/9.3.1/../../../../arm-none-eabi/lib/thumb/v7e-m+fp/hard\libc_nano.a(lib_a-lock.o)
                0x000000000800c098                __retarget_lock_init_recursive
 .text.__retarget_lock_acquire_recursive
                0x000000000800c09a        0x2 c:/st/stm32cubeide_1.0.2/stm32cubeide/plugins/com.st.stm32cube.ide.mcu.externaltools.gnu-tools-for-stm32.9-2020-q2-update.win32_1.5.0.202011040924/tools/bin/../lib/gcc/arm-none-eabi/9.3.1/../../../../arm-none-eabi/lib/thumb/v7e-m+fp/hard\libc_nano.a(lib_a-lock.o)
                0x000000000800c09a                __retarget_lock_acquire_recursive
 .text.__retarget_lock_release_recursive
                0x000000000800c09c        0x2 c:/st/stm32cubeide_1.0.2/stm32cubeide/plugins/com.st.stm32cube.ide.mcu.externaltools.gnu-tools-for-stm32.9-2020-q2-update.win32_1.5.0.202011040924/tools/bin/../lib/gcc/arm-none-eabi/9.3.1/../../../../arm-none-eabi/lib/thumb/v7e-m+fp/hard\libc_nano.a(lib_a-lock.o)
                0x000000000800c09c                __retarget_lock_release_recursive
 .text.__swhatbuf_r
                0x000000000800c09e       0x48 c:/st/stm32cubeide_1.0.2/stm32cubeide/plugins/com.st.stm32cube.ide.mcu.externaltools.gnu-tools-for-stm32.9-2020-q2-update.win32_1.5.0.202011040924/tools/bin/../lib/gcc/arm-none-eabi/9.3.1/../../../../arm-none-eabi/lib/thumb/v7e-m+fp/hard\libc_nano.a(lib_a-makebuf.o)
                0x000000000800c09e                __swhatbuf_r
 *fill*         0x000000000800c0e6        0x2 
 .text.__smakebuf_r
                0x000000000800c0e8       0x80 c:/st/stm32cubeide_1.0.2/stm32cubeide/plugins/com.st.stm32cube.ide.mcu.externaltools.gnu-tools-for-stm32.9-2020-q2-update.win32_1.5.0.202011040924/tools/bin/../lib/gcc/arm-none-eabi/9.3.1/../../../../arm-none-eabi/lib/thumb/v7e-m+fp/hard\libc_nano.a(lib_a-makebuf.o)
                0x000000000800c0e8                __smakebuf_r
 .text.malloc   0x000000000800c168       0x10 c:/st/stm32cubeide_1.0.2/stm32cubeide/plugins/com.st.stm32cube.ide.mcu.externaltools.gnu-tools-for-stm32.9-2020-q2-update.win32_1.5.0.202011040924/tools/bin/../lib/gcc/arm-none-eabi/9.3.1/../../../../arm-none-eabi/lib/thumb/v7e-m+fp/hard\libc_nano.a(lib_a-malloc.o)
                0x000000000800c168                malloc
 .text.memcpy   0x000000000800c178       0x1c c:/st/stm32cubeide_1.0.2/stm32cubeide/plugins/com.st.stm32cube.ide.mcu.externaltools.gnu-tools-for-stm32.9-2020-q2-update.win32_1.5.0.202011040924/tools/bin/../lib/gcc/arm-none-eabi/9.3.1/../../../../arm-none-eabi/lib/thumb/v7e-m+fp/hard\libc_nano.a(lib_a-memcpy-stub.o)
                0x000000000800c178                memcpy
 .text._Balloc  0x000000000800c194       0x80 c:/st/stm32cubeide_1.0.2/stm32cubeide/plugins/com.st.stm32cube.ide.mcu.externaltools.gnu-tools-for-stm32.9-2020-q2-update.win32_1.5.0.202011040924/tools/bin/../lib/gcc/arm-none-eabi/9.3.1/../../../../arm-none-eabi/lib/thumb/v7e-m+fp/hard\libc_nano.a(lib_a-mprec.o)
                0x000000000800c194                _Balloc
 .text._Bfree   0x000000000800c214       0x44 c:/st/stm32cubeide_1.0.2/stm32cubeide/plugins/com.st.stm32cube.ide.mcu.externaltools.gnu-tools-for-stm32.9-2020-q2-update.win32_1.5.0.202011040924/tools/bin/../lib/gcc/arm-none-eabi/9.3.1/../../../../arm-none-eabi/lib/thumb/v7e-m+fp/hard\libc_nano.a(lib_a-mprec.o)
                0x000000000800c214                _Bfree
 .text.__multadd
                0x000000000800c258       0x94 c:/st/stm32cubeide_1.0.2/stm32cubeide/plugins/com.st.stm32cube.ide.mcu.externaltools.gnu-tools-for-stm32.9-2020-q2-update.win32_1.5.0.202011040924/tools/bin/../lib/gcc/arm-none-eabi/9.3.1/../../../../arm-none-eabi/lib/thumb/v7e-m+fp/hard\libc_nano.a(lib_a-mprec.o)
                0x000000000800c258                __multadd
 .text.__hi0bits
                0x000000000800c2ec       0x40 c:/st/stm32cubeide_1.0.2/stm32cubeide/plugins/com.st.stm32cube.ide.mcu.externaltools.gnu-tools-for-stm32.9-2020-q2-update.win32_1.5.0.202011040924/tools/bin/../lib/gcc/arm-none-eabi/9.3.1/../../../../arm-none-eabi/lib/thumb/v7e-m+fp/hard\libc_nano.a(lib_a-mprec.o)
                0x000000000800c2ec                __hi0bits
 .text.__lo0bits
                0x000000000800c32c       0x60 c:/st/stm32cubeide_1.0.2/stm32cubeide/plugins/com.st.stm32cube.ide.mcu.externaltools.gnu-tools-for-stm32.9-2020-q2-update.win32_1.5.0.202011040924/tools/bin/../lib/gcc/arm-none-eabi/9.3.1/../../../../arm-none-eabi/lib/thumb/v7e-m+fp/hard\libc_nano.a(lib_a-mprec.o)
                0x000000000800c32c                __lo0bits
 .text.__i2b    0x000000000800c38c       0x2c c:/st/stm32cubeide_1.0.2/stm32cubeide/plugins/com.st.stm32cube.ide.mcu.externaltools.gnu-tools-for-stm32.9-2020-q2-update.win32_1.5.0.202011040924/tools/bin/../lib/gcc/arm-none-eabi/9.3.1/../../../../arm-none-eabi/lib/thumb/v7e-m+fp/hard\libc_nano.a(lib_a-mprec.o)
                0x000000000800c38c                __i2b
 .text.__multiply
                0x000000000800c3b8      0x14c c:/st/stm32cubeide_1.0.2/stm32cubeide/plugins/com.st.stm32cube.ide.mcu.externaltools.gnu-tools-for-stm32.9-2020-q2-update.win32_1.5.0.202011040924/tools/bin/../lib/gcc/arm-none-eabi/9.3.1/../../../../arm-none-eabi/lib/thumb/v7e-m+fp/hard\libc_nano.a(lib_a-mprec.o)
                0x000000000800c3b8                __multiply
 .text.__pow5mult
                0x000000000800c504       0xb4 c:/st/stm32cubeide_1.0.2/stm32cubeide/plugins/com.st.stm32cube.ide.mcu.externaltools.gnu-tools-for-stm32.9-2020-q2-update.win32_1.5.0.202011040924/tools/bin/../lib/gcc/arm-none-eabi/9.3.1/../../../../arm-none-eabi/lib/thumb/v7e-m+fp/hard\libc_nano.a(lib_a-mprec.o)
                0x000000000800c504                __pow5mult
 .text.__lshift
                0x000000000800c5b8       0xd8 c:/st/stm32cubeide_1.0.2/stm32cubeide/plugins/com.st.stm32cube.ide.mcu.externaltools.gnu-tools-for-stm32.9-2020-q2-update.win32_1.5.0.202011040924/tools/bin/../lib/gcc/arm-none-eabi/9.3.1/../../../../arm-none-eabi/lib/thumb/v7e-m+fp/hard\libc_nano.a(lib_a-mprec.o)
                0x000000000800c5b8                __lshift
 .text.__mcmp   0x000000000800c690       0x38 c:/st/stm32cubeide_1.0.2/stm32cubeide/plugins/com.st.stm32cube.ide.mcu.externaltools.gnu-tools-for-stm32.9-2020-q2-update.win32_1.5.0.202011040924/tools/bin/../lib/gcc/arm-none-eabi/9.3.1/../../../../arm-none-eabi/lib/thumb/v7e-m+fp/hard\libc_nano.a(lib_a-mprec.o)
                0x000000000800c690                __mcmp
 .text.__mdiff  0x000000000800c6c8      0x110 c:/st/stm32cubeide_1.0.2/stm32cubeide/plugins/com.st.stm32cube.ide.mcu.externaltools.gnu-tools-for-stm32.9-2020-q2-update.win32_1.5.0.202011040924/tools/bin/../lib/gcc/arm-none-eabi/9.3.1/../../../../arm-none-eabi/lib/thumb/v7e-m+fp/hard\libc_nano.a(lib_a-mprec.o)
                0x000000000800c6c8                __mdiff
 .text.__d2b    0x000000000800c7d8       0xb8 c:/st/stm32cubeide_1.0.2/stm32cubeide/plugins/com.st.stm32cube.ide.mcu.externaltools.gnu-tools-for-stm32.9-2020-q2-update.win32_1.5.0.202011040924/tools/bin/../lib/gcc/arm-none-eabi/9.3.1/../../../../arm-none-eabi/lib/thumb/v7e-m+fp/hard\libc_nano.a(lib_a-mprec.o)
                0x000000000800c7d8                __d2b
 .text._calloc_r
                0x000000000800c890       0x1e c:/st/stm32cubeide_1.0.2/stm32cubeide/plugins/com.st.stm32cube.ide.mcu.externaltools.gnu-tools-for-stm32.9-2020-q2-update.win32_1.5.0.202011040924/tools/bin/../lib/gcc/arm-none-eabi/9.3.1/../../../../arm-none-eabi/lib/thumb/v7e-m+fp/hard\libc_nano.a(lib_a-nano-callocr.o)
                0x000000000800c890                _calloc_r
 *fill*         0x000000000800c8ae        0x2 
 .text._free_r  0x000000000800c8b0       0xa0 c:/st/stm32cubeide_1.0.2/stm32cubeide/plugins/com.st.stm32cube.ide.mcu.externaltools.gnu-tools-for-stm32.9-2020-q2-update.win32_1.5.0.202011040924/tools/bin/../lib/gcc/arm-none-eabi/9.3.1/../../../../arm-none-eabi/lib/thumb/v7e-m+fp/hard\libc_nano.a(lib_a-nano-freer.o)
                0x000000000800c8b0                _free_r
 .text._malloc_r
                0x000000000800c950       0xb4 c:/st/stm32cubeide_1.0.2/stm32cubeide/plugins/com.st.stm32cube.ide.mcu.externaltools.gnu-tools-for-stm32.9-2020-q2-update.win32_1.5.0.202011040924/tools/bin/../lib/gcc/arm-none-eabi/9.3.1/../../../../arm-none-eabi/lib/thumb/v7e-m+fp/hard\libc_nano.a(lib_a-nano-mallocr.o)
                0x000000000800c950                _malloc_r
 .text.__sfputc_r
                0x000000000800ca04       0x2e c:/st/stm32cubeide_1.0.2/stm32cubeide/plugins/com.st.stm32cube.ide.mcu.externaltools.gnu-tools-for-stm32.9-2020-q2-update.win32_1.5.0.202011040924/tools/bin/../lib/gcc/arm-none-eabi/9.3.1/../../../../arm-none-eabi/lib/thumb/v7e-m+fp/hard\libc_nano.a(lib_a-nano-vfprintf.o)
 .text.__sfputs_r
                0x000000000800ca32       0x24 c:/st/stm32cubeide_1.0.2/stm32cubeide/plugins/com.st.stm32cube.ide.mcu.externaltools.gnu-tools-for-stm32.9-2020-q2-update.win32_1.5.0.202011040924/tools/bin/../lib/gcc/arm-none-eabi/9.3.1/../../../../arm-none-eabi/lib/thumb/v7e-m+fp/hard\libc_nano.a(lib_a-nano-vfprintf.o)
                0x000000000800ca32                __sfputs_r
 *fill*         0x000000000800ca56        0x2 
 .text._vfprintf_r
                0x000000000800ca58      0x260 c:/st/stm32cubeide_1.0.2/stm32cubeide/plugins/com.st.stm32cube.ide.mcu.externaltools.gnu-tools-for-stm32.9-2020-q2-update.win32_1.5.0.202011040924/tools/bin/../lib/gcc/arm-none-eabi/9.3.1/../../../../arm-none-eabi/lib/thumb/v7e-m+fp/hard\libc_nano.a(lib_a-nano-vfprintf.o)
                0x000000000800ca58                _vfprintf_r
                0x000000000800ca58                _vfiprintf_r
 .text._putc_r  0x000000000800ccb8       0x90 c:/st/stm32cubeide_1.0.2/stm32cubeide/plugins/com.st.stm32cube.ide.mcu.externaltools.gnu-tools-for-stm32.9-2020-q2-update.win32_1.5.0.202011040924/tools/bin/../lib/gcc/arm-none-eabi/9.3.1/../../../../arm-none-eabi/lib/thumb/v7e-m+fp/hard\libc_nano.a(lib_a-putc.o)
                0x000000000800ccb8                _putc_r
 .text._sbrk_r  0x000000000800cd48       0x20 c:/st/stm32cubeide_1.0.2/stm32cubeide/plugins/com.st.stm32cube.ide.mcu.externaltools.gnu-tools-for-stm32.9-2020-q2-update.win32_1.5.0.202011040924/tools/bin/../lib/gcc/arm-none-eabi/9.3.1/../../../../arm-none-eabi/lib/thumb/v7e-m+fp/hard\libc_nano.a(lib_a-sbrkr.o)
                0x000000000800cd48                _sbrk_r
 .text.__sread  0x000000000800cd68       0x22 c:/st/stm32cubeide_1.0.2/stm32cubeide/plugins/com.st.stm32cube.ide.mcu.externaltools.gnu-tools-for-stm32.9-2020-q2-update.win32_1.5.0.202011040924/tools/bin/../lib/gcc/arm-none-eabi/9.3.1/../../../../arm-none-eabi/lib/thumb/v7e-m+fp/hard\libc_nano.a(lib_a-stdio.o)
                0x000000000800cd68                __sread
 .text.__swrite
                0x000000000800cd8a       0x38 c:/st/stm32cubeide_1.0.2/stm32cubeide/plugins/com.st.stm32cube.ide.mcu.externaltools.gnu-tools-for-stm32.9-2020-q2-update.win32_1.5.0.202011040924/tools/bin/../lib/gcc/arm-none-eabi/9.3.1/../../../../arm-none-eabi/lib/thumb/v7e-m+fp/hard\libc_nano.a(lib_a-stdio.o)
                0x000000000800cd8a                __swrite
 .text.__sseek  0x000000000800cdc2       0x24 c:/st/stm32cubeide_1.0.2/stm32cubeide/plugins/com.st.stm32cube.ide.mcu.externaltools.gnu-tools-for-stm32.9-2020-q2-update.win32_1.5.0.202011040924/tools/bin/../lib/gcc/arm-none-eabi/9.3.1/../../../../arm-none-eabi/lib/thumb/v7e-m+fp/hard\libc_nano.a(lib_a-stdio.o)
                0x000000000800cdc2                __sseek
 .text.__sclose
                0x000000000800cde6        0x8 c:/st/stm32cubeide_1.0.2/stm32cubeide/plugins/com.st.stm32cube.ide.mcu.externaltools.gnu-tools-for-stm32.9-2020-q2-update.win32_1.5.0.202011040924/tools/bin/../lib/gcc/arm-none-eabi/9.3.1/../../../../arm-none-eabi/lib/thumb/v7e-m+fp/hard\libc_nano.a(lib_a-stdio.o)
                0x000000000800cde6                __sclose
 *fill*         0x000000000800cdee        0x2 
 .text._write_r
                0x000000000800cdf0       0x24 c:/st/stm32cubeide_1.0.2/stm32cubeide/plugins/com.st.stm32cube.ide.mcu.externaltools.gnu-tools-for-stm32.9-2020-q2-update.win32_1.5.0.202011040924/tools/bin/../lib/gcc/arm-none-eabi/9.3.1/../../../../arm-none-eabi/lib/thumb/v7e-m+fp/hard\libc_nano.a(lib_a-writer.o)
                0x000000000800cdf0                _write_r
 .text.__assert_func
                0x000000000800ce14       0x3c c:/st/stm32cubeide_1.0.2/stm32cubeide/plugins/com.st.stm32cube.ide.mcu.externaltools.gnu-tools-for-stm32.9-2020-q2-update.win32_1.5.0.202011040924/tools/bin/../lib/gcc/arm-none-eabi/9.3.1/../../../../arm-none-eabi/lib/thumb/v7e-m+fp/hard\libc_nano.a(lib_a-assert.o)
                0x000000000800ce14                __assert_func
 .text._close_r
                0x000000000800ce50       0x20 c:/st/stm32cubeide_1.0.2/stm32cubeide/plugins/com.st.stm32cube.ide.mcu.externaltools.gnu-tools-for-stm32.9-2020-q2-update.win32_1.5.0.202011040924/tools/bin/../lib/gcc/arm-none-eabi/9.3.1/../../../../arm-none-eabi/lib/thumb/v7e-m+fp/hard\libc_nano.a(lib_a-closer.o)
                0x000000000800ce50                _close_r
 .text.fprintf  0x000000000800ce70       0x24 c:/st/stm32cubeide_1.0.2/stm32cubeide/plugins/com.st.stm32cube.ide.mcu.externaltools.gnu-tools-for-stm32.9-2020-q2-update.win32_1.5.0.202011040924/tools/bin/../lib/gcc/arm-none-eabi/9.3.1/../../../../arm-none-eabi/lib/thumb/v7e-m+fp/hard\libc_nano.a(lib_a-fprintf.o)
                0x000000000800ce70                fiprintf
                0x000000000800ce70                fprintf
 .text._fstat_r
                0x000000000800ce94       0x24 c:/st/stm32cubeide_1.0.2/stm32cubeide/plugins/com.st.stm32cube.ide.mcu.externaltools.gnu-tools-for-stm32.9-2020-q2-update.win32_1.5.0.202011040924/tools/bin/../lib/gcc/arm-none-eabi/9.3.1/../../../../arm-none-eabi/lib/thumb/v7e-m+fp/hard\libc_nano.a(lib_a-fstatr.o)
                0x000000000800ce94                _fstat_r
 .text._isatty_r
                0x000000000800ceb8       0x20 c:/st/stm32cubeide_1.0.2/stm32cubeide/plugins/com.st.stm32cube.ide.mcu.externaltools.gnu-tools-for-stm32.9-2020-q2-update.win32_1.5.0.202011040924/tools/bin/../lib/gcc/arm-none-eabi/9.3.1/../../../../arm-none-eabi/lib/thumb/v7e-m+fp/hard\libc_nano.a(lib_a-isattyr.o)
                0x000000000800ceb8                _isatty_r
 .text._lseek_r
                0x000000000800ced8       0x24 c:/st/stm32cubeide_1.0.2/stm32cubeide/plugins/com.st.stm32cube.ide.mcu.externaltools.gnu-tools-for-stm32.9-2020-q2-update.win32_1.5.0.202011040924/tools/bin/../lib/gcc/arm-none-eabi/9.3.1/../../../../arm-none-eabi/lib/thumb/v7e-m+fp/hard\libc_nano.a(lib_a-lseekr.o)
                0x000000000800ced8                _lseek_r
 .text.__ascii_mbtowc
                0x000000000800cefc       0x24 c:/st/stm32cubeide_1.0.2/stm32cubeide/plugins/com.st.stm32cube.ide.mcu.externaltools.gnu-tools-for-stm32.9-2020-q2-update.win32_1.5.0.202011040924/tools/bin/../lib/gcc/arm-none-eabi/9.3.1/../../../../arm-none-eabi/lib/thumb/v7e-m+fp/hard\libc_nano.a(lib_a-mbtowc_r.o)
                0x000000000800cefc                __ascii_mbtowc
 .text.__malloc_lock
                0x000000000800cf20        0xc c:/st/stm32cubeide_1.0.2/stm32cubeide/plugins/com.st.stm32cube.ide.mcu.externaltools.gnu-tools-for-stm32.9-2020-q2-update.win32_1.5.0.202011040924/tools/bin/../lib/gcc/arm-none-eabi/9.3.1/../../../../arm-none-eabi/lib/thumb/v7e-m+fp/hard\libc_nano.a(lib_a-mlock.o)
                0x000000000800cf20                __malloc_lock
 .text.__malloc_unlock
                0x000000000800cf2c        0xc c:/st/stm32cubeide_1.0.2/stm32cubeide/plugins/com.st.stm32cube.ide.mcu.externaltools.gnu-tools-for-stm32.9-2020-q2-update.win32_1.5.0.202011040924/tools/bin/../lib/gcc/arm-none-eabi/9.3.1/../../../../arm-none-eabi/lib/thumb/v7e-m+fp/hard\libc_nano.a(lib_a-mlock.o)
                0x000000000800cf2c                __malloc_unlock
 .text._read_r  0x000000000800cf38       0x24 c:/st/stm32cubeide_1.0.2/stm32cubeide/plugins/com.st.stm32cube.ide.mcu.externaltools.gnu-tools-for-stm32.9-2020-q2-update.win32_1.5.0.202011040924/tools/bin/../lib/gcc/arm-none-eabi/9.3.1/../../../../arm-none-eabi/lib/thumb/v7e-m+fp/hard\libc_nano.a(lib_a-readr.o)
                0x000000000800cf38                _read_r
 .text.__ascii_wctomb
                0x000000000800cf5c       0x1a c:/st/stm32cubeide_1.0.2/stm32cubeide/plugins/com.st.stm32cube.ide.mcu.externaltools.gnu-tools-for-stm32.9-2020-q2-update.win32_1.5.0.202011040924/tools/bin/../lib/gcc/arm-none-eabi/9.3.1/../../../../arm-none-eabi/lib/thumb/v7e-m+fp/hard\libc_nano.a(lib_a-wctomb_r.o)
                0x000000000800cf5c                __ascii_wctomb
 .text.abort    0x000000000800cf76        0xe c:/st/stm32cubeide_1.0.2/stm32cubeide/plugins/com.st.stm32cube.ide.mcu.externaltools.gnu-tools-for-stm32.9-2020-q2-update.win32_1.5.0.202011040924/tools/bin/../lib/gcc/arm-none-eabi/9.3.1/../../../../arm-none-eabi/lib/thumb/v7e-m+fp/hard\libc_nano.a(lib_a-abort.o)
                0x000000000800cf76                abort
 .text._raise_r
                0x000000000800cf84       0x50 c:/st/stm32cubeide_1.0.2/stm32cubeide/plugins/com.st.stm32cube.ide.mcu.externaltools.gnu-tools-for-stm32.9-2020-q2-update.win32_1.5.0.202011040924/tools/bin/../lib/gcc/arm-none-eabi/9.3.1/../../../../arm-none-eabi/lib/thumb/v7e-m+fp/hard\libc_nano.a(lib_a-signal.o)
                0x000000000800cf84                _raise_r
 .text.raise    0x000000000800cfd4       0x10 c:/st/stm32cubeide_1.0.2/stm32cubeide/plugins/com.st.stm32cube.ide.mcu.externaltools.gnu-tools-for-stm32.9-2020-q2-update.win32_1.5.0.202011040924/tools/bin/../lib/gcc/arm-none-eabi/9.3.1/../../../../arm-none-eabi/lib/thumb/v7e-m+fp/hard\libc_nano.a(lib_a-signal.o)
                0x000000000800cfd4                raise
 .text._kill_r  0x000000000800cfe4       0x24 c:/st/stm32cubeide_1.0.2/stm32cubeide/plugins/com.st.stm32cube.ide.mcu.externaltools.gnu-tools-for-stm32.9-2020-q2-update.win32_1.5.0.202011040924/tools/bin/../lib/gcc/arm-none-eabi/9.3.1/../../../../arm-none-eabi/lib/thumb/v7e-m+fp/hard\libc_nano.a(lib_a-signalr.o)
                0x000000000800cfe4                _kill_r
 .text._getpid_r
                0x000000000800d008        0x4 c:/st/stm32cubeide_1.0.2/stm32cubeide/plugins/com.st.stm32cube.ide.mcu.externaltools.gnu-tools-for-stm32.9-2020-q2-update.win32_1.5.0.202011040924/tools/bin/../lib/gcc/arm-none-eabi/9.3.1/../../../../arm-none-eabi/lib/thumb/v7e-m+fp/hard\libc_nano.a(lib_a-signalr.o)
                0x000000000800d008                _getpid_r
 *(.glue_7)
 .glue_7        0x000000000800d00c        0x0 linker stubs
 *(.glue_7t)
 .glue_7t       0x000000000800d00c        0x0 linker stubs
 *(.eh_frame)
 .eh_frame      0x000000000800d00c        0x0 c:/st/stm32cubeide_1.0.2/stm32cubeide/plugins/com.st.stm32cube.ide.mcu.externaltools.gnu-tools-for-stm32.9-2020-q2-update.win32_1.5.0.202011040924/tools/bin/../lib/gcc/arm-none-eabi/9.3.1/thumb/v7e-m+fp/hard/crtbegin.o
 *(.init)
 .init          0x000000000800d00c        0x4 c:/st/stm32cubeide_1.0.2/stm32cubeide/plugins/com.st.stm32cube.ide.mcu.externaltools.gnu-tools-for-stm32.9-2020-q2-update.win32_1.5.0.202011040924/tools/bin/../lib/gcc/arm-none-eabi/9.3.1/thumb/v7e-m+fp/hard/crti.o
                0x000000000800d00c                _init