Archive member included to satisfy reference by file (symbol)

c:/st/stm32cubeide_1.0.2/stm32cubeide/plugins/com.st.stm32cube.ide.mcu.externaltools.gnu-tools-for-stm32.9-2020-q2-update.win32_1.5.0.202011040924/tools/bin/../lib/gcc/arm-none-eabi/9.3.1/../../../../arm-none-eabi/lib/thumb/v7e-m+fp/hard\libc_nano.a(lib_a-errno.o)
                              Core/Src/syscalls.o (__errno)
c:/st/stm32cubeide_1.0.2/stm32cubeide/plugins/com.st.stm32cube.ide.mcu.externaltools.gnu-tools-for-stm32.9-2020-q2-update.win32_1.5.0.202011040924/tools/bin/../lib/gcc/arm-none-eabi/9.3.1/../../../../arm-none-eabi/lib/thumb/v7e-m+fp/hard\libc_nano.a(lib_a-exit.o)
                              c:/st/stm32cubeide_1.0.2/stm32cubeide/plugins/com.st.stm32cube.ide.mcu.externaltools.gnu-tools-for-stm32.9-2020-q2-update.win32_1.5.0.202011040924/tools/bin/../lib/gcc/arm-none-eabi/9.3.1/../../../../arm-none-eabi/lib/thumb/v7e-m+fp/hard/crt0.o (exit)
c:/st/stm32cubeide_1.0.2/stm32cubeide/plugins/com.st.stm32cube.ide.mcu.externaltools.gnu-tools-for-stm32.9-2020-q2-update.win32_1.5.0.202011040924/tools/bin/../lib/gcc/arm-none-eabi/9.3.1/../../../../arm-none-eabi/lib/thumb/v7e-m+fp/hard\libc_nano.a(lib_a-impure.o)
                              c:/st/stm32cubeide_1.0.2/stm32cubeide/plugins/com.st.stm32cube.ide.mcu.externaltools.gnu-tools-for-stm32.9-2020-q2-update.win32_1.5.0.202011040924/tools/bin/../lib/gcc/arm-none-eabi/9.3.1/../../../../arm-none-eabi/lib/thumb/v7e-m+fp/hard\libc_nano.a(lib_a-exit.o) (_global_impure_ptr)
c:/st/stm32cubeide_1.0.2/stm32cubeide/plugins/com.st.stm32cube.ide.mcu.externaltools.gnu-tools-for-stm32.9-2020-q2-update.win32_1.5.0.202011040924/tools/bin/../lib/gcc/arm-none-eabi/9.3.1/../../../../arm-none-eabi/lib/thumb/v7e-m+fp/hard\libc_nano.a(lib_a-init.o)
                              c:/st/stm32cubeide_1.0.2/stm32cubeide/plugins/com.st.stm32cube.ide.mcu.externaltools.gnu-tools-for-stm32.9-2020-q2-update.win32_1.5.0.202011040924/tools/bin/../lib/gcc/arm-none-eabi/9.3.1/../../../../arm-none-eabi/lib/thumb/v7e-m+fp/hard/crt0.o (__libc_init_array)
c:/st/stm32cubeide_1.0.2/stm32cubeide/plugins/com.st.stm32cube.ide.mcu.externaltools.gnu-tools-for-stm32.9-2020-q2-update.win32_1.5.0.202011040924/tools/bin/../lib/gcc/arm-none-eabi/9.3.1/../../../../arm-none-eabi/lib/thumb/v7e-m+fp/hard\libc_nano.a(lib_a-memcpy-stub.o)
                              Core/Src/Hardware/flash.o (memcpy)
c:/st/stm32cubeide_1.0.2/stm32cubeide/plugins/com.st.stm32cube.ide.mcu.externaltools.gnu-tools-for-stm32.9-2020-q2-update.win32_1.5.0.202011040924/tools/bin/../lib/gcc/arm-none-eabi/9.3.1/../../../../arm-none-eabi/lib/thumb/v7e-m+fp/hard\libc_nano.a(lib_a-memset.o)
                              c:/st/stm32cubeide_1.0.2/stm32cubeide/plugins/com.st.stm32cube.ide.mcu.externaltools.gnu-tools-for-stm32.9-2020-q2-update.win32_1.5.0.202011040924/tools/bin/../lib/gcc/arm-none-eabi/9.3.1/../../../../arm-none-eabi/lib/thumb/v7e-m+fp/hard/crt0.o (memset)
c:/st/stm32cubeide_1.0.2/stm32cubeide/plugins/com.st.stm32cube.ide.mcu.externaltools.gnu-tools-for-stm32.9-2020-q2-update.win32_1.5.0.202011040924/tools/bin/../lib/gcc/arm-none-eabi/9.3.1/../../../../arm-none-eabi/lib/thumb/v7e-m+fp/hard\libc_nano.a(lib_a-nano-vfprintf_float.o)
                              (_printf_float)
c:/st/stm32cubeide_1.0.2/stm32cubeide/plugins/com.st.stm32cube.ide.mcu.externaltools.gnu-tools-for-stm32.9-2020-q2-update.win32_1.5.0.202011040924/tools/bin/../lib/gcc/arm-none-eabi/9.3.1/../../../../arm-none-eabi/lib/thumb/v7e-m+fp/hard\libc_nano.a(lib_a-nano-vfprintf_i.o)
                              c:/st/stm32cubeide_1.0.2/stm32cubeide/plugins/com.st.stm32cube.ide.mcu.externaltools.gnu-tools-for-stm32.9-2020-q2-update.win32_1.5.0.202011040924/tools/bin/../lib/gcc/arm-none-eabi/9.3.1/../../../../arm-none-eabi/lib/thumb/v7e-m+fp/hard\libc_nano.a(lib_a-nano-vfprintf_float.o) (_printf_common)
c:/st/stm32cubeide_1.0.2/stm32cubeide/plugins/com.st.stm32cube.ide.mcu.externaltools.gnu-tools-for-stm32.9-2020-q2-update.win32_1.5.0.202011040924/tools/bin/../lib/gcc/arm-none-eabi/9.3.1/../../../../arm-none-eabi/lib/thumb/v7e-m+fp/hard\libc_nano.a(lib_a-printf.o)
                              Core/Src/Controller/mode.o (printf)
c:/st/stm32cubeide_1.0.2/stm32cubeide/plugins/com.st.stm32cube.ide.mcu.externaltools.gnu-tools-for-stm32.9-2020-q2-update.win32_1.5.0.202011040924/tools/bin/../lib/gcc/arm-none-eabi/9.3.1/../../../../arm-none-eabi/lib/thumb/v7e-m+fp/hard\libc_nano.a(lib_a-putchar.o)
                              Core/Src/System/map.o (putchar)
c:/st/stm32cubeide_1.0.2/stm32cubeide/plugins/com.st.stm32cube.ide.mcu.externaltools.gnu-tools-for-stm32.9-2020-q2-update.win32_1.5.0.202011040924/tools/bin/../lib/gcc/arm-none-eabi/9.3.1/../../../../arm-none-eabi/lib/thumb/v7e-m+fp/hard\libc_nano.a(lib_a-puts.o)
                              Core/Src/Controller/mode.o (puts)
[...]
Memory Configuration

Name             Origin             Length             Attributes
CCMRAM           0x0000000010000000 0x0000000000010000 xrw
RAM              0x0000000020000000 0x0000000000020000 xrw
FLASH            0x0000000008000000 0x0000000000100000 xr
*default*        0x0000000000000000 0xffffffffffffffff

Linker script and memory map

LOAD c:/st/stm32cubeide_1.0.2/stm32cubeide/plugins/com.st.stm32cube.ide.mcu.externaltools.gnu-tools-for-stm32.9-2020-q2-update.win32_1.5.0.202011040924/tools/bin/../lib/gcc/arm-none-eabi/9.3.1/thumb/v7e-m+fp/hard/crti.o
LOAD c:/st/stm32cubeide_1.0.2/stm32cubeide/plugins/com.st.stm32cube.ide.mcu.externaltools.gnu-tools-for-stm32.9-2020-q2-update.win32_1.5.0.202011040924/tools/bin/../lib/gcc/arm-none-eabi/9.3.1/thumb/v7e-m+fp/hard/crtbegin.o
LOAD c:/st/stm32cubeide_1.0.2/stm32cubeide/plugins/com.st.stm32cube.ide.mcu.externaltools.gnu-tools-for-stm32.9-2020-q2-update.win32_1.5.0.202011040924/tools/bin/../lib/gcc/arm-none-eabi/9.3.1/../../../../arm-none-eabi/lib/thumb/v7e-m+fp/hard/crt0.o
LOAD Core/Src/Controller/mode.o
LOAD Core/Src/Controller/search.o
LOAD Core/Src/Controller/state.o
LOAD Core/Src/Hardware/ICM20689.o
LOAD Core/Src/Hardware/basic_timer.o
LOAD Core/Src/Hardware/battery.o
LOAD Core/Src/Hardware/buzzer.o
LOAD Core/Src/Hardware/encoder.o
LOAD Core/Src/Hardware/flash.o
LOAD Core/Src/Hardware/interface_LED.o
LOAD Core/Src/Hardware/motor.o
LOAD Core/Src/Hardware/wall_sensor.o
LOAD Core/Src/System/callback.o
LOAD Core/Src/System/log.o
LOAD Core/Src/System/map.o
LOAD Core/Src/System/motion.o
LOAD Core/Src/System/music.o
LOAD Core/Src/System/route.o
LOAD Core/Src/System/sensing.o
LOAD Core/Src/adc.o
LOAD Core/Src/dma.o
LOAD Core/Src/gpio.o
LOAD Core/Src/main.o
LOAD Core/Src/spi.o
LOAD Core/Src/stm32f4xx_it.o
LOAD Core/Src/syscalls.o
LOAD Core/Src/sysmem.o
LOAD Core/Src/system_stm32f4xx.o
LOAD Core/Src/tim.o
LOAD Core/Src/usart.o
LOAD Core/Startup/startup_stm32f405rgtx.o
LOAD Drivers/STM32F4xx_HAL_Driver/Src/stm32f4xx_ll_adc.o
LOAD Drivers/STM32F4xx_HAL_Driver/Src/stm32f4xx_ll_dma.o
LOAD Drivers/STM32F4xx_HAL_Driver/Src/stm32f4xx_ll_exti.o
LOAD Drivers/STM32F4xx_HAL_Driver/Src/stm32f4xx_ll_gpio.o
LOAD Drivers/STM32F4xx_HAL_Driver/Src/stm32f4xx_ll_rcc.o
LOAD Drivers/STM32F4xx_HAL_Driver/Src/stm32f4xx_ll_spi.o
LOAD Drivers/STM32F4xx_HAL_Driver/Src/stm32f4xx_ll_tim.o
LOAD Drivers/STM32F4xx_HAL_Driver/Src/stm32f4xx_ll_usart.o
LOAD Drivers/STM32F4xx_HAL_Driver/Src/stm32f4xx_ll_utils.o
START GROUP
LOAD c:/st/stm32cubeide_1.0.2/stm32cubeide/plugins/com.st.stm32cube.ide.mcu.externaltools.gnu-tools-for-stm32.9-2020-q2-update.win32_1.5.0.202011040924/tools/bin/../lib/gcc/arm-none-eabi/9.3.1/../../../../arm-none-eabi/lib/thumb/v7e-m+fp/hard\libc_nano.a
LOAD c:/st/stm32cubeide_1.0.2/stm32cubeide/plugins/com.st.stm32cube.ide.mcu.externaltools.gnu-tools-for-stm32.9-2020-q2-update.win32_1.5.0.202011040924/tools/bin/../lib/gcc/arm-none-eabi/9.3.1/../../../../arm-none-eabi/lib/thumb/v7e-m+fp/hard\libm.a
END GROUP
START GROUP
LOAD c:/st/stm32cubeide_1.0.2/stm32cubeide/plugins/com.st.stm32cube.ide.mcu.externaltools.gnu-tools-for-stm32.9-2020-q2-update.win32_1.5.0.202011040924/tools/bin/../lib/gcc/arm-none-eabi/9.3.1/thumb/v7e-m+fp/hard\libgcc.a
LOAD c:/st/stm32cubeide_1.0.2/stm32cubeide/plugins/com.st.stm32cube.ide.mcu.externaltools.gnu-tools-for-stm32.9-2020-q2-update.win32_1.5.0.202011040924/tools/bin/../lib/gcc/arm-none-eabi/9.3.1/../../../../arm-none-eabi/lib/thumb/v7e-m+fp/hard\libc_nano.a
END GROUP
START GROUP
LOAD c:/st/stm32cubeide_1.0.2/stm32cubeide/plugins/com.st.stm32cube.ide.mcu.externaltools.gnu-tools-for-stm32.9-2020-q2-update.win32_1.5.0.202011040924/tools/bin/../lib/gcc/arm-none-eabi/9.3.1/thumb/v7e-m+fp/hard\libgcc.a
LOAD c:/st/stm32cubeide_1.0.2/stm32cubeide/plugins/com.st.stm32cube.ide.mcu.externaltools.gnu-tools-for-stm32.9-2020-q2-update.win32_1.5.0.202011040924/tools/bin/../lib/gcc/arm-none-eabi/9.3.1/../../../../arm-none-eabi/lib/thumb/v7e-m+fp/hard\libc_nano.a
LOAD c:/st/stm32cubeide_1.0.2/stm32cubeide/plugins/com.st.stm32cube.ide.mcu.externaltools.gnu-tools-for-stm32.9-2020-q2-update.win32_1.5.0.202011040924/tools/bin/../lib/gcc/arm-none-eabi/9.3.1/../../../../arm-none-eabi/lib/thumb/v7e-m+fp/hard\libnosys.a
END GROUP
START GROUP
LOAD c:/st/stm32cubeide_1.0.2/stm32cubeide/plugins/com.st.stm32cube.ide.mcu.externaltools.gnu-tools-for-stm32.9-2020-q2-update.win32_1.5.0.202011040924/tools/bin/../lib/gcc/arm-none-eabi/9.3.1/thumb/v7e-m+fp/hard\libgcc.a
LOAD c:/st/stm32cubeide_1.0.2/stm32cubeide/plugins/com.st.stm32cube.ide.mcu.externaltools.gnu-tools-for-stm32.9-2020-q2-update.win32_1.5.0.202011040924/tools/bin/../lib/gcc/arm-none-eabi/9.3.1/../../../../arm-none-eabi/lib/thumb/v7e-m+fp/hard\libc_nano.a
LOAD c:/st/stm32cubeide_1.0.2/stm32cubeide/plugins/com.st.stm32cube.ide.mcu.externaltools.gnu-tools-for-stm32.9-2020-q2-update.win32_1.5.0.202011040924/tools/bin/../lib/gcc/arm-none-eabi/9.3.1/../../../../arm-none-eabi/lib/thumb/v7e-m+fp/hard\libnosys.a
END GROUP
LOAD c:/st/stm32cubeide_1.0.2/stm32cubeide/plugins/com.st.stm32cube.ide.mcu.externaltools.gnu-tools-for-stm32.9-2020-q2-update.win32_1.5.0.202011040924/tools/bin/../lib/gcc/arm-none-eabi/9.3.1/thumb/v7e-m+fp/hard/crtend.o
LOAD c:/st/stm32cubeide_1.0.2/stm32cubeide/plugins/com.st.stm32cube.ide.mcu.externaltools.gnu-tools-for-stm32.9-2020-q2-update.win32_1.5.0.202011040924/tools/bin/../lib/gcc/arm-none-eabi/9.3.1/thumb/v7e-m+fp/hard/crtn.o
                0x0000000020020000                _estack = (ORIGIN (RAM) + LENGTH (RAM))
                0x0000000000000200                _Min_Heap_Size = 0x200
                0x0000000000000400                _Min_Stack_Size = 0x400

.isr_vector     0x0000000008000000      0x188
                0x0000000008000000                . = ALIGN (0x4)
 *(.isr_vector)
 .isr_vector    0x0000000008000000      0x188 Core/Startup/startup_stm32f405rgtx.o
                0x0000000008000000                g_pfnVectors
                0x0000000008000188                . = ALIGN (0x4)

.text           0x0000000008000190     0x9638
                0x0000000008000190                . = ALIGN (0x4)
 *(.text)
 .text          0x0000000008000190       0x40 c:/st/stm32cubeide_1.0.2/stm32cubeide/plugins/com.st.stm32cube.ide.mcu.externaltools.gnu-tools-for-stm32.9-2020-q2-update.win32_1.5.0.202011040924/tools/bin/../lib/gcc/arm-none-eabi/9.3.1/thumb/v7e-m+fp/hard/crtbegin.o
 .text          0x00000000080001d0       0x10 c:/st/stm32cubeide_1.0.2/stm32cubeide/plugins/com.st.stm32cube.ide.mcu.externaltools.gnu-tools-for-stm32.9-2020-q2-update.win32_1.5.0.202011040924/tools/bin/../lib/gcc/arm-none-eabi/9.3.1/../../../../arm-none-eabi/lib/thumb/v7e-m+fp/hard\libc_nano.a(lib_a-strlen.o)
                0x00000000080001d0                strlen
 .text          0x00000000080001e0       0xa0 c:/st/stm32cubeide_1.0.2/stm32cubeide/plugins/com.st.stm32cube.ide.mcu.externaltools.gnu-tools-for-stm32.9-2020-q2-update.win32_1.5.0.202011040924/tools/bin/../lib/gcc/arm-none-eabi/9.3.1/../../../../arm-none-eabi/lib/thumb/v7e-m+fp/hard\libc_nano.a(lib_a-memchr.o)
                0x00000000080001e0                memchr
 .text          0x0000000008000280      0x378 c:/st/stm32cubeide_1.0.2/stm32cubeide/plugins/com.st.stm32cube.ide.mcu.externaltools.gnu-tools-for-stm32.9-2020-q2-update.win32_1.5.0.202011040924/tools/bin/../lib/gcc/arm-none-eabi/9.3.1/thumb/v7e-m+fp/hard\libgcc.a(_arm_addsubdf3.o)
                0x0000000008000280                __aeabi_drsub
                0x0000000008000288                __aeabi_dsub
                0x0000000008000288                __subdf3
                0x000000000800028c                __aeabi_dadd
                0x000000000800028c                __adddf3
                0x0000000008000504                __floatunsidf
                0x0000000008000504                __aeabi_ui2d
                0x0000000008000524                __floatsidf
                0x0000000008000524                __aeabi_i2d
                0x0000000008000548                __aeabi_f2d
                0x0000000008000548                __extendsfdf2
                0x000000000800058c                __floatundidf
                0x000000000800058c                __aeabi_ul2d
                0x000000000800059c                __floatdidf
                0x000000000800059c                __aeabi_l2d
 .text          0x00000000080005f8      0x424 c:/st/stm32cubeide_1.0.2/stm32cubeide/plugins/com.st.stm32cube.ide.mcu.externaltools.gnu-tools-for-stm32.9-2020-q2-update.win32_1.5.0.202011040924/tools/bin/../lib/gcc/arm-none-eabi/9.3.1/thumb/v7e-m+fp/hard\libgcc.a(_arm_muldivdf3.o)
                0x00000000080005f8                __aeabi_dmul
                0x00000000080005f8                __muldf3
                0x000000000800084c                __divdf3
                0x000000000800084c                __aeabi_ddiv
 .text          0x0000000008000a1c      0x110 c:/st/stm32cubeide_1.0.2/stm32cubeide/plugins/com.st.stm32cube.ide.mcu.externaltools.gnu-tools-for-stm32.9-2020-q2-update.win32_1.5.0.202011040924/tools/bin/../lib/gcc/arm-none-eabi/9.3.1/thumb/v7e-m+fp/hard\libgcc.a(_arm_cmpdf2.o)
                0x0000000008000a1c                __gtdf2
                0x0000000008000a1c                __gedf2
                0x0000000008000a24                __ltdf2
                0x0000000008000a24                __ledf2
                0x0000000008000a2c                __nedf2
                0x0000000008000a2c                __eqdf2
                0x0000000008000a2c                __cmpdf2
                0x0000000008000aa8                __aeabi_cdrcmple
                0x0000000008000ab8                __aeabi_cdcmpeq
                0x0000000008000ab8                __aeabi_cdcmple
                0x0000000008000ac8                __aeabi_dcmpeq
                0x0000000008000adc                __aeabi_dcmplt
                0x0000000008000af0                __aeabi_dcmple
                0x0000000008000b04                __aeabi_dcmpge
                0x0000000008000b18                __aeabi_dcmpgt
 .text          0x0000000008000b2c       0x2c c:/st/stm32cubeide_1.0.2/stm32cubeide/plugins/com.st.stm32cube.ide.mcu.externaltools.gnu-tools-for-stm32.9-2020-q2-update.win32_1.5.0.202011040924/tools/bin/../lib/gcc/arm-none-eabi/9.3.1/thumb/v7e-m+fp/hard\libgcc.a(_arm_unorddf2.o)
                0x0000000008000b2c                __unorddf2
                0x0000000008000b2c                __aeabi_dcmpun
 .text          0x0000000008000b58       0x50 c:/st/stm32cubeide_1.0.2/stm32cubeide/plugins/com.st.stm32cube.ide.mcu.externaltools.gnu-tools-for-stm32.9-2020-q2-update.win32_1.5.0.202011040924/tools/bin/../lib/gcc/arm-none-eabi/9.3.1/thumb/v7e-m+fp/hard\libgcc.a(_arm_fixdfsi.o)
                0x0000000008000b58                __aeabi_d2iz
                0x0000000008000b58                __fixdfsi
 .text          0x0000000008000ba8       0x30 c:/st/stm32cubeide_1.0.2/stm32cubeide/plugins/com.st.stm32cube.ide.mcu.externaltools.gnu-tools-for-stm32.9-2020-q2-update.win32_1.5.0.202011040924/tools/bin/../lib/gcc/arm-none-eabi/9.3.1/thumb/v7e-m+fp/hard\libgcc.a(_aeabi_uldivmod.o)
                0x0000000008000ba8                __aeabi_uldivmod
 .text          0x0000000008000bd8      0x2c4 c:/st/stm32cubeide_1.0.2/stm32cubeide/plugins/com.st.stm32cube.ide.mcu.externaltools.gnu-tools-for-stm32.9-2020-q2-update.win32_1.5.0.202011040924/tools/bin/../lib/gcc/arm-none-eabi/9.3.1/thumb/v7e-m+fp/hard\libgcc.a(_udivmoddi4.o)
                0x0000000008000bd8                __udivmoddi4
 .text          0x0000000008000e9c        0x4 c:/st/stm32cubeide_1.0.2/stm32cubeide/plugins/com.st.stm32cube.ide.mcu.externaltools.gnu-tools-for-stm32.9-2020-q2-update.win32_1.5.0.202011040924/tools/bin/../lib/gcc/arm-none-eabi/9.3.1/thumb/v7e-m+fp/hard\libgcc.a(_dvmd_tls.o)
                0x0000000008000e9c                __aeabi_idiv0
                0x0000000008000e9c                __aeabi_ldiv0
 *(.text*)
 .text.modeSelect
                0x0000000008000ea0      0x14c Core/Src/Controller/mode.o
                0x0000000008000ea0                modeSelect
 .text.waitStarting
                0x0000000008000fec       0x64 Core/Src/Controller/mode.o
                0x0000000008000fec                waitStarting
 .text.judgeFailSafe
                0x0000000008001050      0x120 Core/Src/Controller/mode.o
                0x0000000008001050                judgeFailSafe
 .text.calculatePID
                0x0000000008001170      0x118 Core/Src/Controller/state.o
                0x0000000008001170                calculatePID
 .text.calculateTargetVelocity
                0x0000000008001288       0xc4 Core/Src/Controller/state.o
                0x0000000008001288                calculateTargetVelocity
 .text.calculateTagetOmega
                0x000000000800134c       0xc4 Core/Src/Controller/state.o
                0x000000000800134c                calculateTagetOmega
 .text.setStatus
                0x0000000008001410       0x6e Core/Src/Controller/state.o
                0x0000000008001410                setStatus
 .text.setPrameters
                0x000000000800147e       0x4e Core/Src/Controller/state.o
                0x000000000800147e                setPrameters
 .text.setControlFlags
                0x00000000080014cc       0x74 Core/Src/Controller/state.o
                0x00000000080014cc                setControlFlags
 .text.setAccelFlags
                0x0000000008001540       0x74 Core/Src/Controller/state.o
                0x0000000008001540                setAccelFlags
 .text.initMouseStatus
                0x00000000080015b4      0x1dc Core/Src/Controller/state.o
                0x00000000080015b4                initMouseStatus
 .text.updateStatus
                0x0000000008001790      0x220 Core/Src/Controller/state.o
                0x0000000008001790                updateStatus
 .text.LL_SPI_Enable
                0x00000000080019b0       0x20 Core/Src/Hardware/ICM20689.o
 .text.LL_SPI_IsEnabled
                0x00000000080019d0       0x26 Core/Src/Hardware/ICM20689.o
 .text.LL_SPI_IsActiveFlag_RXNE
                0x00000000080019f6       0x26 Core/Src/Hardware/ICM20689.o
 .text.LL_SPI_IsActiveFlag_TXE
                0x0000000008001a1c       0x26 Core/Src/Hardware/ICM20689.o
 .text.LL_SPI_ReceiveData8
                0x0000000008001a42       0x1a Core/Src/Hardware/ICM20689.o
 .text.LL_SPI_TransmitData8
                0x0000000008001a5c       0x24 Core/Src/Hardware/ICM20689.o
 .text.LL_GPIO_SetOutputPin
                0x0000000008001a80       0x1c Core/Src/Hardware/ICM20689.o
 .text.LL_GPIO_ResetOutputPin
                0x0000000008001a9c       0x1e Core/Src/Hardware/ICM20689.o
 *fill*         0x0000000008001aba        0x2 
 .text.SPI_Control
                0x0000000008001abc       0x9c Core/Src/Hardware/ICM20689.o
                0x0000000008001abc                SPI_Control
 .text.readByte
                0x0000000008001b58       0x38 Core/Src/Hardware/ICM20689.o
                0x0000000008001b58                readByte
 .text.writeByte
                0x0000000008001b90       0x3c Core/Src/Hardware/ICM20689.o
                0x0000000008001b90                writeByte
 .text.initIMU  0x0000000008001bcc       0xb0 Core/Src/Hardware/ICM20689.o
                0x0000000008001bcc                initIMU
 .text.readGyroOmegaZ
                0x0000000008001c7c       0x4c Core/Src/Hardware/ICM20689.o
                0x0000000008001c7c                readGyroOmegaZ
 .text.readGyroAccelX
                0x0000000008001cc8       0x4c Core/Src/Hardware/ICM20689.o
                0x0000000008001cc8                readGyroAccelX
 .text.LL_TIM_EnableCounter
                0x0000000008001d14       0x20 Core/Src/Hardware/basic_timer.o
 .text.LL_TIM_DisableCounter
                0x0000000008001d34       0x20 Core/Src/Hardware/basic_timer.o
 .text.LL_TIM_EnableIT_UPDATE
                0x0000000008001d54       0x20 Core/Src/Hardware/basic_timer.o
 .text.LL_TIM_DisableIT_UPDATE
                0x0000000008001d74       0x20 Core/Src/Hardware/basic_timer.o
 .text.basicTimerStart
                0x0000000008001d94       0x18 Core/Src/Hardware/basic_timer.o
                0x0000000008001d94                basicTimerStart
 .text.basicTimerPause
                0x0000000008001dac       0x18 Core/Src/Hardware/basic_timer.o
                0x0000000008001dac                basicTimerPause
 .text.waitMs   0x0000000008001dc4       0x1a Core/Src/Hardware/basic_timer.o
                0x0000000008001dc4                waitMs
 *fill*         0x0000000008001dde        0x2 
 .text.waitUs   0x0000000008001de0       0x54 Core/Src/Hardware/basic_timer.o
                0x0000000008001de0                waitUs
 .text.readBatteryCheck
                0x0000000008001e34       0x28 Core/Src/Hardware/battery.o
                0x0000000008001e34                readBatteryCheck
 .text.LL_TIM_EnableCounter
                0x0000000008001e5c       0x20 Core/Src/Hardware/buzzer.o
 .text.LL_TIM_SetCounter
                0x0000000008001e7c       0x1c Core/Src/Hardware/buzzer.o
 .text.LL_TIM_SetAutoReload
                0x0000000008001e98       0x1c Core/Src/Hardware/buzzer.o
 .text.LL_TIM_CC_EnableChannel
                0x0000000008001eb4       0x22 Core/Src/Hardware/buzzer.o
 .text.LL_TIM_OC_SetCompareCH4
                0x0000000008001ed6       0x1c Core/Src/Hardware/buzzer.o
 .text.LL_TIM_EnableAllOutputs
                0x0000000008001ef2       0x20 Core/Src/Hardware/buzzer.o
 *fill*         0x0000000008001f12        0x2 
 .text.enableMelody
                0x0000000008001f14       0x24 Core/Src/Hardware/buzzer.o
                0x0000000008001f14                enableMelody
 .text.stopMelody
                0x0000000008001f38       0x14 Core/Src/Hardware/buzzer.o
                0x0000000008001f38                stopMelody
 .text.Melody   0x0000000008001f4c       0x58 Core/Src/Hardware/buzzer.o
                0x0000000008001f4c                Melody
 .text.LL_TIM_EnableCounter
                0x0000000008001fa4       0x20 Core/Src/Hardware/encoder.o
 .text.LL_TIM_DisableCounter
                0x0000000008001fc4       0x20 Core/Src/Hardware/encoder.o
 .text.enableEncoder
                0x0000000008001fe4       0x28 Core/Src/Hardware/encoder.o
                0x0000000008001fe4                enableEncoder
 .text.disableEncoder
                0x000000000800200c       0x1c Core/Src/Hardware/encoder.o
                0x000000000800200c                disableEncoder
 .text.getEncoderData
                0x0000000008002028       0x64 Core/Src/Hardware/encoder.o
                0x0000000008002028                getEncoderData
 .text.setLED1State
                0x000000000800208c       0x34 Core/Src/Hardware/interface_LED.o
                0x000000000800208c                setLED1State
 .text.setLED2State
                0x00000000080020c0       0x34 Core/Src/Hardware/interface_LED.o
                0x00000000080020c0                setLED2State
 .text.setLED3State
                0x00000000080020f4       0x34 Core/Src/Hardware/interface_LED.o
                0x00000000080020f4                setLED3State
 .text.setLED4State
                0x0000000008002128       0x30 Core/Src/Hardware/interface_LED.o
                0x0000000008002128                setLED4State
 .text.setLED5State
                0x0000000008002158       0x30 Core/Src/Hardware/interface_LED.o
                0x0000000008002158                setLED5State
 .text.displayBinaryValueWithLEDs
                0x0000000008002188       0x58 Core/Src/Hardware/interface_LED.o
                0x0000000008002188                displayBinaryValueWithLEDs
 .text.LL_TIM_EnableCounter
                0x00000000080021e0       0x20 Core/Src/Hardware/motor.o
 .text.LL_TIM_DisableCounter
                0x0000000008002200       0x20 Core/Src/Hardware/motor.o
 .text.LL_TIM_SetCounter
                0x0000000008002220       0x1c Core/Src/Hardware/motor.o
 .text.LL_TIM_CC_EnableChannel
                0x000000000800223c       0x22 Core/Src/Hardware/motor.o
 .text.LL_TIM_CC_DisableChannel
                0x000000000800225e       0x24 Core/Src/Hardware/motor.o
 .text.LL_TIM_OC_SetCompareCH1
                0x0000000008002282       0x1c Core/Src/Hardware/motor.o
 .text.LL_TIM_OC_SetCompareCH2
                0x000000000800229e       0x1c Core/Src/Hardware/motor.o
 .text.LL_TIM_EnableAllOutputs
                0x00000000080022ba       0x20 Core/Src/Hardware/motor.o
 .text.LL_GPIO_SetOutputPin
                0x00000000080022da       0x1c Core/Src/Hardware/motor.o
 .text.LL_GPIO_ResetOutputPin
                0x00000000080022f6       0x1e Core/Src/Hardware/motor.o
 .text.setMotorDriverState
                0x0000000008002314       0x3c Core/Src/Hardware/motor.o
                0x0000000008002314                setMotorDriverState
 .text.enableMotors
                0x0000000008002350       0x90 Core/Src/Hardware/motor.o
                0x0000000008002350                enableMotors
 .text.setMotorDirection
                0x00000000080023e0       0x80 Core/Src/Hardware/motor.o
                0x00000000080023e0                setMotorDirection
 .text.dutyConverter
                0x0000000008002460       0x6c Core/Src/Hardware/motor.o
                0x0000000008002460                dutyConverter
 .text.driveMotors
                0x00000000080024cc       0xa4 Core/Src/Hardware/motor.o
                0x00000000080024cc                driveMotors
 .text.shutdownMotors
                0x0000000008002570       0x44 Core/Src/Hardware/motor.o
                0x0000000008002570                shutdownMotors
 .text.LL_ADC_DMA_GetRegAddr
                0x00000000080025b4       0x34 Core/Src/Hardware/wall_sensor.o
 .text.LL_ADC_Enable
                0x00000000080025e8       0x20 Core/Src/Hardware/wall_sensor.o
 .text.LL_ADC_REG_StartConversionSWStart
                0x0000000008002608       0x20 Core/Src/Hardware/wall_sensor.o
 .text.LL_ADC_ClearFlag_EOCS
                0x0000000008002628       0x1c Core/Src/Hardware/wall_sensor.o
 .text.LL_DMA_EnableStream
                0x0000000008002644       0x40 Core/Src/Hardware/wall_sensor.o
 .text.LL_DMA_DisableStream
                0x0000000008002684       0x40 Core/Src/Hardware/wall_sensor.o
 .text.LL_DMA_SetDataLength
                0x00000000080026c4       0x48 Core/Src/Hardware/wall_sensor.o
 .text.LL_DMA_ConfigAddresses
                0x000000000800270c       0x78 Core/Src/Hardware/wall_sensor.o
 .text.LL_DMA_EnableIT_TC
                0x0000000008002784       0x40 Core/Src/Hardware/wall_sensor.o
 .text.ADC1_Start_DMA2
                0x00000000080027c4       0x54 Core/Src/Hardware/wall_sensor.o
                0x00000000080027c4                ADC1_Start_DMA2
 .text.changeFrontCenterLED
                0x0000000008002818       0x30 Core/Src/Hardware/wall_sensor.o
                0x0000000008002818                changeFrontCenterLED
 .text.changeFrontRightLED
                0x0000000008002848       0x30 Core/Src/Hardware/wall_sensor.o
                0x0000000008002848                changeFrontRightLED
 .text.changeFrontLeftLED
                0x0000000008002878       0x30 Core/Src/Hardware/wall_sensor.o
                0x0000000008002878                changeFrontLeftLED
 .text.changeRightLED
                0x00000000080028a8       0x30 Core/Src/Hardware/wall_sensor.o
                0x00000000080028a8                changeRightLED
 .text.changeLeftLED
                0x00000000080028d8       0x30 Core/Src/Hardware/wall_sensor.o
                0x00000000080028d8                changeLeftLED
 .text.changeLEDs
                0x0000000008002908       0x6c Core/Src/Hardware/wall_sensor.o
                0x0000000008002908                changeLEDs
 .text.getWallADC
                0x0000000008002974       0x24 Core/Src/Hardware/wall_sensor.o
                0x0000000008002974                getWallADC
 .text.startADCwithDMA
                0x0000000008002998       0x24 Core/Src/Hardware/wall_sensor.o
                0x0000000008002998                startADCwithDMA
 .text.DMA_CallbackTask
                0x00000000080029bc       0x18 Core/Src/Hardware/wall_sensor.o
                0x00000000080029bc                DMA_CallbackTask
 .text.callbackTIM
                0x00000000080029d4       0x40 Core/Src/System/callback.o
                0x00000000080029d4                callbackTIM
 .text.storeLog
                0x0000000008002a14       0xb8 Core/Src/System/log.o
                0x0000000008002a14                storeLog
 .text.driveAccelMotion
                0x0000000008002acc      0x14c Core/Src/System/motion.o
                0x0000000008002acc                driveAccelMotion
 .text.spinMotion
                0x0000000008002c18      0x1c4 Core/Src/System/motion.o
                0x0000000008002c18                spinMotion
 .text.slalomMotion
                0x0000000008002ddc      0x1bc Core/Src/System/motion.o
                0x0000000008002ddc                slalomMotion
 .text.MelodySummer
                0x0000000008002f98       0x5a Core/Src/System/music.o
                0x0000000008002f98                MelodySummer
 .text.MelodyMrLawrence
                0x0000000008002ff2       0xb0 Core/Src/System/music.o
                0x0000000008002ff2                MelodyMrLawrence
 *fill*         0x00000000080030a2        0x2 
 .text.getEncoderVelocity
                0x00000000080030a4       0x30 Core/Src/System/sensing.o
                0x00000000080030a4                getEncoderVelocity
 .text.getCenterMileage
                0x00000000080030d4       0xb4 Core/Src/System/sensing.o
                0x00000000080030d4                getCenterMileage
 .text.addAngle
                0x0000000008003188       0x38 Core/Src/System/sensing.o
                0x0000000008003188                addAngle
 .text.getCenterVelocity
                0x00000000080031c0       0x3c Core/Src/System/sensing.o
                0x00000000080031c0                getCenterVelocity
 .text.getOmega
                0x00000000080031fc       0x1c Core/Src/System/sensing.o
                0x00000000080031fc                getOmega
 .text.getWallSensorOffset
                0x0000000008003218       0x6c Core/Src/System/sensing.o
                0x0000000008003218                getWallSensorOffset
 .text.getWallSensor
                0x0000000008003284       0x94 Core/Src/System/sensing.o
                0x0000000008003284                getWallSensor
 .text.getOmegaOffset
                0x0000000008003318       0x68 Core/Src/System/sensing.o
                0x0000000008003318                getOmegaOffset
 .text.getAccelOffset
                0x0000000008003380       0x68 Core/Src/System/sensing.o
                0x0000000008003380                getAccelOffset
 .text.initSensors
                0x00000000080033e8       0x24 Core/Src/System/sensing.o
                0x00000000080033e8                initSensors
 .text.updateSensors
                0x000000000800340c       0xb0 Core/Src/System/sensing.o
                0x000000000800340c                updateSensors
 .text.getOffsets
                0x00000000080034bc       0x30 Core/Src/System/sensing.o
                0x00000000080034bc                getOffsets
 .text.LL_ADC_REG_SetSequencerRanks
                0x00000000080034ec       0x6c Core/Src/adc.o
 .text.LL_ADC_REG_SetFlagEndOfConversion
                0x0000000008003558       0x26 Core/Src/adc.o
 .text.LL_ADC_SetChannelSamplingTime
                0x000000000800357e       0x98 Core/Src/adc.o
 *fill*         0x0000000008003616        0x2 
 .text.LL_DMA_SetDataTransferDirection
                0x0000000008003618       0x48 Core/Src/adc.o
 .text.LL_DMA_SetMode
                0x0000000008003660       0x48 Core/Src/adc.o
 .text.LL_DMA_SetPeriphIncMode
                0x00000000080036a8       0x48 Core/Src/adc.o
 .text.LL_DMA_SetMemoryIncMode
                0x00000000080036f0       0x48 Core/Src/adc.o
 .text.LL_DMA_SetPeriphSize
                0x0000000008003738       0x48 Core/Src/adc.o
 .text.LL_DMA_SetMemorySize
                0x0000000008003780       0x48 Core/Src/adc.o
 .text.LL_DMA_SetStreamPriorityLevel
                0x00000000080037c8       0x48 Core/Src/adc.o
 .text.LL_DMA_SetChannelSelection
                0x0000000008003810       0x48 Core/Src/adc.o
 .text.LL_DMA_DisableFifoMode
                0x0000000008003858       0x40 Core/Src/adc.o
 .text.LL_AHB1_GRP1_EnableClock
                0x0000000008003898       0x30 Core/Src/adc.o
 .text.LL_APB2_GRP1_EnableClock
                0x00000000080038c8       0x30 Core/Src/adc.o
 .text.MX_ADC1_Init
                0x00000000080038f8      0x1b8 Core/Src/adc.o
                0x00000000080038f8                MX_ADC1_Init
 .text.__NVIC_GetPriorityGrouping
                0x0000000008003ab0       0x1c Core/Src/dma.o
 .text.__NVIC_EnableIRQ
                0x0000000008003acc       0x3c Core/Src/dma.o
 .text.__NVIC_SetPriority
                0x0000000008003b08       0x54 Core/Src/dma.o
 .text.NVIC_EncodePriority
                0x0000000008003b5c       0x66 Core/Src/dma.o
 *fill*         0x0000000008003bc2        0x2 
 .text.LL_AHB1_GRP1_EnableClock
                0x0000000008003bc4       0x30 Core/Src/dma.o
 .text.MX_DMA_Init
                0x0000000008003bf4       0x30 Core/Src/dma.o
                0x0000000008003bf4                MX_DMA_Init
 .text.LL_AHB1_GRP1_EnableClock
                0x0000000008003c24       0x30 Core/Src/gpio.o
 .text.LL_GPIO_ResetOutputPin
                0x0000000008003c54       0x1e Core/Src/gpio.o
 *fill*         0x0000000008003c72        0x2 
 .text.MX_GPIO_Init
                0x0000000008003c74      0x104 Core/Src/gpio.o
                0x0000000008003c74                MX_GPIO_Init
 .text.__NVIC_SetPriorityGrouping
                0x0000000008003d78       0x48 Core/Src/main.o
 .text.LL_RCC_HSI_Enable
                0x0000000008003dc0       0x20 Core/Src/main.o
 .text.LL_RCC_HSI_IsReady
                0x0000000008003de0       0x24 Core/Src/main.o
 .text.LL_RCC_HSI_SetCalibTrimming
                0x0000000008003e04       0x2c Core/Src/main.o
 .text.LL_RCC_SetSysClkSource
                0x0000000008003e30       0x28 Core/Src/main.o
 .text.LL_RCC_GetSysClkSource
                0x0000000008003e58       0x1c Core/Src/main.o
 .text.LL_RCC_SetAHBPrescaler
                0x0000000008003e74       0x28 Core/Src/main.o
 .text.LL_RCC_SetAPB1Prescaler
                0x0000000008003e9c       0x28 Core/Src/main.o
 .text.LL_RCC_SetAPB2Prescaler
                0x0000000008003ec4       0x28 Core/Src/main.o
 .text.LL_RCC_PLL_Enable
                0x0000000008003eec       0x20 Core/Src/main.o
 .text.LL_RCC_PLL_IsReady
                0x0000000008003f0c       0x28 Core/Src/main.o
 .text.LL_RCC_PLL_ConfigDomain_SYS
                0x0000000008003f34       0x4c Core/Src/main.o
 .text.LL_APB1_GRP1_EnableClock
                0x0000000008003f80       0x30 Core/Src/main.o
 .text.LL_APB2_GRP1_EnableClock
                0x0000000008003fb0       0x30 Core/Src/main.o
 .text.LL_FLASH_SetLatency
                0x0000000008003fe0       0x28 Core/Src/main.o
 .text.LL_FLASH_GetLatency
                0x0000000008004008       0x1c Core/Src/main.o
 .text.LL_PWR_SetRegulVoltageScaling
                0x0000000008004024       0x28 Core/Src/main.o
 .text.LL_USART_IsActiveFlag_TXE
                0x000000000800404c       0x26 Core/Src/main.o
 .text.LL_USART_TransmitData8
                0x0000000008004072       0x1e Core/Src/main.o
 .text.__io_putchar
                0x0000000008004090       0x54 Core/Src/main.o
                0x0000000008004090                __io_putchar
 .text.main     0x00000000080040e4      0x34c Core/Src/main.o
                0x00000000080040e4                main
 .text.SystemClock_Config
                0x0000000008004430       0x8c Core/Src/main.o
                0x0000000008004430                SystemClock_Config
 .text.LL_AHB1_GRP1_EnableClock
                0x00000000080044bc       0x30 Core/Src/spi.o
 .text.LL_APB1_GRP1_EnableClock
                0x00000000080044ec       0x30 Core/Src/spi.o
 .text.LL_SPI_SetStandard
                0x000000000800451c       0x26 Core/Src/spi.o
 *fill*         0x0000000008004542        0x2 
 .text.MX_SPI3_Init
                0x0000000008004544       0xa8 Core/Src/spi.o
                0x0000000008004544                MX_SPI3_Init
 .text.LL_DMA_IsActiveFlag_TC0
                0x00000000080045ec       0x26 Core/Src/stm32f4xx_it.o
 .text.LL_DMA_ClearFlag_TC0
                0x0000000008004612       0x1a Core/Src/stm32f4xx_it.o
 .text.LL_TIM_ClearFlag_UPDATE
                0x000000000800462c       0x1c Core/Src/stm32f4xx_it.o
 .text.LL_TIM_IsActiveFlag_UPDATE
                0x0000000008004648       0x26 Core/Src/stm32f4xx_it.o
 .text.NMI_Handler
                0x000000000800466e        0x6 Core/Src/stm32f4xx_it.o
                0x000000000800466e                NMI_Handler
 .text.HardFault_Handler
                0x0000000008004674        0x6 Core/Src/stm32f4xx_it.o
                0x0000000008004674                HardFault_Handler
 .text.MemManage_Handler
                0x000000000800467a        0x6 Core/Src/stm32f4xx_it.o
                0x000000000800467a                MemManage_Handler
 .text.BusFault_Handler
                0x0000000008004680        0x6 Core/Src/stm32f4xx_it.o
                0x0000000008004680                BusFault_Handler
 .text.UsageFault_Handler
                0x0000000008004686        0x6 Core/Src/stm32f4xx_it.o
                0x0000000008004686                UsageFault_Handler
 .text.SVC_Handler
                0x000000000800468c        0xe Core/Src/stm32f4xx_it.o
                0x000000000800468c                SVC_Handler
 .text.DebugMon_Handler
                0x000000000800469a        0xe Core/Src/stm32f4xx_it.o
                0x000000000800469a                DebugMon_Handler
 .text.PendSV_Handler
                0x00000000080046a8        0xe Core/Src/stm32f4xx_it.o
                0x00000000080046a8                PendSV_Handler
 .text.SysTick_Handler
                0x00000000080046b6        0xe Core/Src/stm32f4xx_it.o
                0x00000000080046b6                SysTick_Handler
 .text.TIM5_IRQHandler
                0x00000000080046c4       0x24 Core/Src/stm32f4xx_it.o
                0x00000000080046c4                TIM5_IRQHandler
 .text.DMA2_Stream0_IRQHandler
                0x00000000080046e8       0x24 Core/Src/stm32f4xx_it.o
                0x00000000080046e8                DMA2_Stream0_IRQHandler
 .text._getpid  0x000000000800470c       0x10 Core/Src/syscalls.o
                0x000000000800470c                _getpid
 .text._kill    0x000000000800471c       0x20 Core/Src/syscalls.o
                0x000000000800471c                _kill
 .text._exit    0x000000000800473c       0x14 Core/Src/syscalls.o
                0x000000000800473c                _exit
 .text._read    0x0000000008004750       0x3a Core/Src/syscalls.o
                0x0000000008004750                _read
 .text._write   0x000000000800478a       0x38 Core/Src/syscalls.o
                0x000000000800478a                _write
 .text._close   0x00000000080047c2       0x18 Core/Src/syscalls.o
                0x00000000080047c2                _close
 .text._fstat   0x00000000080047da       0x20 Core/Src/syscalls.o
                0x00000000080047da                _fstat
 .text._isatty  0x00000000080047fa       0x16 Core/Src/syscalls.o
                0x00000000080047fa                _isatty
 .text._lseek   0x0000000008004810       0x1a Core/Src/syscalls.o
                0x0000000008004810                _lseek
 *fill*         0x000000000800482a        0x2 
 .text._sbrk    0x000000000800482c       0x6c Core/Src/sysmem.o
                0x000000000800482c                _sbrk
 .text.SystemInit
                0x0000000008004898       0x2c Core/Src/system_stm32f4xx.o
                0x0000000008004898                SystemInit
 .text.__NVIC_GetPriorityGrouping
                0x00000000080048c4       0x1c Core/Src/tim.o
 .text.__NVIC_EnableIRQ
                0x00000000080048e0       0x3c Core/Src/tim.o
 .text.__NVIC_SetPriority
                0x000000000800491c       0x54 Core/Src/tim.o
 .text.NVIC_EncodePriority
                0x0000000008004970       0x66 Core/Src/tim.o
 *fill*         0x00000000080049d6        0x2 
 .text.LL_AHB1_GRP1_EnableClock
                0x00000000080049d8       0x30 Core/Src/tim.o
 .text.LL_APB1_GRP1_EnableClock
                0x0000000008004a08       0x30 Core/Src/tim.o
 .text.LL_APB2_GRP1_EnableClock
                0x0000000008004a38       0x30 Core/Src/tim.o
 .text.LL_TIM_EnableARRPreload
                0x0000000008004a68       0x20 Core/Src/tim.o
 .text.LL_TIM_DisableARRPreload
                0x0000000008004a88       0x20 Core/Src/tim.o
 .text.LL_TIM_OC_DisableFast
                0x0000000008004aa8       0x8c Core/Src/tim.o
 .text.LL_TIM_OC_EnablePreload
                0x0000000008004b34       0x88 Core/Src/tim.o
 .text.LL_TIM_IC_SetActiveInput
                0x0000000008004bbc       0x9c Core/Src/tim.o
 .text.LL_TIM_IC_SetPrescaler
                0x0000000008004c58       0x9c Core/Src/tim.o
 .text.LL_TIM_IC_SetFilter
                0x0000000008004cf4       0x9c Core/Src/tim.o
 .text.LL_TIM_IC_SetPolarity
                0x0000000008004d90       0x88 Core/Src/tim.o
 .text.LL_TIM_SetClockSource
                0x0000000008004e18       0x2a Core/Src/tim.o
 .text.LL_TIM_SetEncoderMode
                0x0000000008004e42       0x26 Core/Src/tim.o
 .text.LL_TIM_SetTriggerOutput
                0x0000000008004e68       0x26 Core/Src/tim.o
 .text.LL_TIM_DisableMasterSlaveMode
                0x0000000008004e8e       0x20 Core/Src/tim.o
 *fill*         0x0000000008004eae        0x2 
 .text.MX_TIM1_Init
                0x0000000008004eb0      0x130 Core/Src/tim.o
                0x0000000008004eb0                MX_TIM1_Init
 .text.MX_TIM2_Init
                0x0000000008004fe0       0xe8 Core/Src/tim.o
                0x0000000008004fe0                MX_TIM2_Init
 .text.MX_TIM3_Init
                0x00000000080050c8       0xf4 Core/Src/tim.o
                0x00000000080050c8                MX_TIM3_Init
 .text.MX_TIM4_Init
                0x00000000080051bc       0xf4 Core/Src/tim.o
                0x00000000080051bc                MX_TIM4_Init
 .text.MX_TIM5_Init
                0x00000000080052b0       0x80 Core/Src/tim.o
                0x00000000080052b0                MX_TIM5_Init
 .text.MX_TIM6_Init
                0x0000000008005330       0x54 Core/Src/tim.o
                0x0000000008005330                MX_TIM6_Init
 .text.MX_TIM8_Init
                0x0000000008005384      0x134 Core/Src/tim.o
                0x0000000008005384                MX_TIM8_Init
 .text.MX_TIM11_Init
                0x00000000080054b8       0xcc Core/Src/tim.o
                0x00000000080054b8                MX_TIM11_Init
 .text.LL_AHB1_GRP1_EnableClock
                0x0000000008005584       0x30 Core/Src/usart.o
 .text.LL_APB2_GRP1_EnableClock
                0x00000000080055b4       0x30 Core/Src/usart.o
 .text.LL_USART_Enable
                0x00000000080055e4       0x20 Core/Src/usart.o
 .text.LL_USART_ConfigAsyncMode
                0x0000000008005604       0x2c Core/Src/usart.o
 .text.MX_USART1_UART_Init
                0x0000000008005630       0xa0 Core/Src/usart.o
                0x0000000008005630                MX_USART1_UART_Init
 .text.Reset_Handler
                0x00000000080056d0       0x50 Core/Startup/startup_stm32f405rgtx.o
                0x00000000080056d0                Reset_Handler
 .text.Default_Handler
                0x0000000008005720        0x2 Core/Startup/startup_stm32f405rgtx.o
                0x0000000008005720                RTC_Alarm_IRQHandler
                0x0000000008005720                HASH_RNG_IRQHandler
                0x0000000008005720                EXTI2_IRQHandler
                0x0000000008005720                TIM8_CC_IRQHandler
                0x0000000008005720                TIM1_CC_IRQHandler
                0x0000000008005720                DMA2_Stream5_IRQHandler
                0x0000000008005720                DMA1_Stream5_IRQHandler
                0x0000000008005720                PVD_IRQHandler
                0x0000000008005720                SDIO_IRQHandler
                0x0000000008005720                TAMP_STAMP_IRQHandler
                0x0000000008005720                CAN2_RX1_IRQHandler
                0x0000000008005720                EXTI3_IRQHandler
                0x0000000008005720                TIM8_TRG_COM_TIM14_IRQHandler
                0x0000000008005720                TIM1_UP_TIM10_IRQHandler
                0x0000000008005720                TIM8_UP_TIM13_IRQHandler
                0x0000000008005720                I2C3_ER_IRQHandler
                0x0000000008005720                EXTI0_IRQHandler
                0x0000000008005720                I2C2_EV_IRQHandler
                0x0000000008005720                DMA1_Stream2_IRQHandler
                0x0000000008005720                CAN1_RX0_IRQHandler
                0x0000000008005720                FPU_IRQHandler
                0x0000000008005720                OTG_HS_WKUP_IRQHandler
                0x0000000008005720                CAN2_SCE_IRQHandler
                0x0000000008005720                DMA2_Stream2_IRQHandler
                0x0000000008005720                SPI1_IRQHandler
                0x0000000008005720                TIM6_DAC_IRQHandler
                0x0000000008005720                TIM1_BRK_TIM9_IRQHandler
                0x0000000008005720                CAN2_RX0_IRQHandler
                0x0000000008005720                DMA2_Stream3_IRQHandler
                0x0000000008005720                USART6_IRQHandler
                0x0000000008005720                USART3_IRQHandler
                0x0000000008005720                CAN1_RX1_IRQHandler
                0x0000000008005720                UART5_IRQHandler
                0x0000000008005720                TIM4_IRQHandler
                0x0000000008005720                I2C1_EV_IRQHandler
                0x0000000008005720                DMA1_Stream6_IRQHandler
                0x0000000008005720                DMA1_Stream1_IRQHandler
                0x0000000008005720                UART4_IRQHandler
                0x0000000008005720                TIM3_IRQHandler
                0x0000000008005720                RCC_IRQHandler
                0x0000000008005720                TIM8_BRK_TIM12_IRQHandler
                0x0000000008005720                Default_Handler
                0x0000000008005720                EXTI15_10_IRQHandler
                0x0000000008005720                ADC_IRQHandler
                0x0000000008005720                DMA1_Stream7_IRQHandler
                0x0000000008005720                TIM7_IRQHandler
                0x0000000008005720                CAN2_TX_IRQHandler
                0x0000000008005720                DMA2_Stream7_IRQHandler
                0x0000000008005720                I2C3_EV_IRQHandler
                0x0000000008005720                EXTI9_5_IRQHandler
                0x0000000008005720                RTC_WKUP_IRQHandler
                0x0000000008005720                SPI2_IRQHandler
                0x0000000008005720                OTG_HS_EP1_IN_IRQHandler
                0x0000000008005720                DMA1_Stream0_IRQHandler
                0x0000000008005720                CAN1_TX_IRQHandler
                0x0000000008005720                EXTI4_IRQHandler
                0x0000000008005720                FSMC_IRQHandler
                0x0000000008005720                OTG_HS_EP1_OUT_IRQHandler
                0x0000000008005720                WWDG_IRQHandler
                0x0000000008005720                TIM2_IRQHandler
                0x0000000008005720                OTG_FS_WKUP_IRQHandler
                0x0000000008005720                TIM1_TRG_COM_TIM11_IRQHandler
                0x0000000008005720                OTG_HS_IRQHandler
                0x0000000008005720                EXTI1_IRQHandler
                0x0000000008005720                USART2_IRQHandler
                0x0000000008005720                I2C2_ER_IRQHandler
                0x0000000008005720                DMA2_Stream1_IRQHandler
                0x0000000008005720                CAN1_SCE_IRQHandler
                0x0000000008005720                FLASH_IRQHandler
                0x0000000008005720                DMA2_Stream4_IRQHandler
                0x0000000008005720                USART1_IRQHandler
                0x0000000008005720                OTG_FS_IRQHandler
                0x0000000008005720                SPI3_IRQHandler
                0x0000000008005720                DMA1_Stream4_IRQHandler
                0x0000000008005720                I2C1_ER_IRQHandler
                0x0000000008005720                DMA2_Stream6_IRQHandler
                0x0000000008005720                DMA1_Stream3_IRQHandler
 .text.LL_ADC_REG_SetSequencerLength
                0x0000000008005722       0x26 Drivers/STM32F4xx_HAL_Driver/Src/stm32f4xx_ll_adc.o
 .text.LL_ADC_IsEnabled
                0x0000000008005748       0x26 Drivers/STM32F4xx_HAL_Driver/Src/stm32f4xx_ll_adc.o
 *fill*         0x000000000800576e        0x2 
 .text.LL_ADC_CommonInit
                0x0000000008005770       0x90 Drivers/STM32F4xx_HAL_Driver/Src/stm32f4xx_ll_adc.o
                0x0000000008005770                LL_ADC_CommonInit
 .text.LL_ADC_Init
                0x0000000008005800       0x58 Drivers/STM32F4xx_HAL_Driver/Src/stm32f4xx_ll_adc.o
                0x0000000008005800                LL_ADC_Init
 .text.LL_ADC_REG_Init
                0x0000000008005858       0x84 Drivers/STM32F4xx_HAL_Driver/Src/stm32f4xx_ll_adc.o
                0x0000000008005858                LL_ADC_REG_Init
 .text.LL_GPIO_SetPinMode
                0x00000000080058dc       0x5e Drivers/STM32F4xx_HAL_Driver/Src/stm32f4xx_ll_gpio.o
 .text.LL_GPIO_SetPinOutputType
                0x000000000800593a       0x30 Drivers/STM32F4xx_HAL_Driver/Src/stm32f4xx_ll_gpio.o
 .text.LL_GPIO_SetPinSpeed
                0x000000000800596a       0x5e Drivers/STM32F4xx_HAL_Driver/Src/stm32f4xx_ll_gpio.o
 .text.LL_GPIO_SetPinPull
                0x00000000080059c8       0x5e Drivers/STM32F4xx_HAL_Driver/Src/stm32f4xx_ll_gpio.o
 .text.LL_GPIO_SetAFPin_0_7
                0x0000000008005a26       0x5e Drivers/STM32F4xx_HAL_Driver/Src/stm32f4xx_ll_gpio.o
 .text.LL_GPIO_SetAFPin_8_15
                0x0000000008005a84       0x62 Drivers/STM32F4xx_HAL_Driver/Src/stm32f4xx_ll_gpio.o
 .text.LL_GPIO_Init
                0x0000000008005ae6       0xe6 Drivers/STM32F4xx_HAL_Driver/Src/stm32f4xx_ll_gpio.o
                0x0000000008005ae6                LL_GPIO_Init
 .text.LL_RCC_GetSysClkSource
                0x0000000008005bcc       0x1c Drivers/STM32F4xx_HAL_Driver/Src/stm32f4xx_ll_rcc.o
 .text.LL_RCC_GetAHBPrescaler
                0x0000000008005be8       0x1c Drivers/STM32F4xx_HAL_Driver/Src/stm32f4xx_ll_rcc.o
 .text.LL_RCC_GetAPB1Prescaler
                0x0000000008005c04       0x1c Drivers/STM32F4xx_HAL_Driver/Src/stm32f4xx_ll_rcc.o
 .text.LL_RCC_GetAPB2Prescaler
                0x0000000008005c20       0x1c Drivers/STM32F4xx_HAL_Driver/Src/stm32f4xx_ll_rcc.o
 .text.LL_RCC_PLL_GetMainSource
                0x0000000008005c3c       0x1c Drivers/STM32F4xx_HAL_Driver/Src/stm32f4xx_ll_rcc.o
 .text.LL_RCC_PLL_GetN
                0x0000000008005c58       0x1c Drivers/STM32F4xx_HAL_Driver/Src/stm32f4xx_ll_rcc.o
 .text.LL_RCC_PLL_GetP
                0x0000000008005c74       0x1c Drivers/STM32F4xx_HAL_Driver/Src/stm32f4xx_ll_rcc.o
 .text.LL_RCC_PLL_GetDivider
                0x0000000008005c90       0x1c Drivers/STM32F4xx_HAL_Driver/Src/stm32f4xx_ll_rcc.o
 .text.LL_RCC_GetSystemClocksFreq
                0x0000000008005cac       0x4a Drivers/STM32F4xx_HAL_Driver/Src/stm32f4xx_ll_rcc.o
                0x0000000008005cac                LL_RCC_GetSystemClocksFreq
 *fill*         0x0000000008005cf6        0x2 
 .text.RCC_GetSystemClockFreq
                0x0000000008005cf8       0x50 Drivers/STM32F4xx_HAL_Driver/Src/stm32f4xx_ll_rcc.o
                0x0000000008005cf8                RCC_GetSystemClockFreq
 .text.RCC_GetHCLKClockFreq
                0x0000000008005d48       0x2c Drivers/STM32F4xx_HAL_Driver/Src/stm32f4xx_ll_rcc.o
                0x0000000008005d48                RCC_GetHCLKClockFreq
 .text.RCC_GetPCLK1ClockFreq
                0x0000000008005d74       0x28 Drivers/STM32F4xx_HAL_Driver/Src/stm32f4xx_ll_rcc.o
                0x0000000008005d74                RCC_GetPCLK1ClockFreq
 .text.RCC_GetPCLK2ClockFreq
                0x0000000008005d9c       0x28 Drivers/STM32F4xx_HAL_Driver/Src/stm32f4xx_ll_rcc.o
                0x0000000008005d9c                RCC_GetPCLK2ClockFreq
 .text.RCC_PLL_GetFreqDomain_SYS
                0x0000000008005dc4       0x7c Drivers/STM32F4xx_HAL_Driver/Src/stm32f4xx_ll_rcc.o
                0x0000000008005dc4                RCC_PLL_GetFreqDomain_SYS
 .text.LL_SPI_IsEnabled
                0x0000000008005e40       0x26 Drivers/STM32F4xx_HAL_Driver/Src/stm32f4xx_ll_spi.o
 .text.LL_SPI_SetCRCPolynomial
                0x0000000008005e66       0x20 Drivers/STM32F4xx_HAL_Driver/Src/stm32f4xx_ll_spi.o
 .text.LL_SPI_Init
                0x0000000008005e86       0xa4 Drivers/STM32F4xx_HAL_Driver/Src/stm32f4xx_ll_spi.o
                0x0000000008005e86                LL_SPI_Init
 .text.LL_TIM_SetPrescaler
                0x0000000008005f2a       0x1c Drivers/STM32F4xx_HAL_Driver/Src/stm32f4xx_ll_tim.o
 .text.LL_TIM_SetAutoReload
                0x0000000008005f46       0x1c Drivers/STM32F4xx_HAL_Driver/Src/stm32f4xx_ll_tim.o
 .text.LL_TIM_SetRepetitionCounter
                0x0000000008005f62       0x1c Drivers/STM32F4xx_HAL_Driver/Src/stm32f4xx_ll_tim.o
 .text.LL_TIM_OC_SetCompareCH1
                0x0000000008005f7e       0x1c Drivers/STM32F4xx_HAL_Driver/Src/stm32f4xx_ll_tim.o
 .text.LL_TIM_OC_SetCompareCH2
                0x0000000008005f9a       0x1c Drivers/STM32F4xx_HAL_Driver/Src/stm32f4xx_ll_tim.o
 .text.LL_TIM_OC_SetCompareCH3
                0x0000000008005fb6       0x1c Drivers/STM32F4xx_HAL_Driver/Src/stm32f4xx_ll_tim.o
 .text.LL_TIM_OC_SetCompareCH4
                0x0000000008005fd2       0x1c Drivers/STM32F4xx_HAL_Driver/Src/stm32f4xx_ll_tim.o
 .text.LL_TIM_GenerateEvent_UPDATE
                0x0000000008005fee       0x20 Drivers/STM32F4xx_HAL_Driver/Src/stm32f4xx_ll_tim.o
 *fill*         0x000000000800600e        0x2 
 .text.LL_TIM_Init
                0x0000000008006010      0x134 Drivers/STM32F4xx_HAL_Driver/Src/stm32f4xx_ll_tim.o
                0x0000000008006010                LL_TIM_Init
 .text.LL_TIM_OC_Init
                0x0000000008006144       0x82 Drivers/STM32F4xx_HAL_Driver/Src/stm32f4xx_ll_tim.o
                0x0000000008006144                LL_TIM_OC_Init
 .text.LL_TIM_BDTR_Init
                0x00000000080061c6       0x92 Drivers/STM32F4xx_HAL_Driver/Src/stm32f4xx_ll_tim.o
                0x00000000080061c6                LL_TIM_BDTR_Init
 .text.OC1Config
                0x0000000008006258       0xd8 Drivers/STM32F4xx_HAL_Driver/Src/stm32f4xx_ll_tim.o
 .text.OC2Config
                0x0000000008006330       0xe0 Drivers/STM32F4xx_HAL_Driver/Src/stm32f4xx_ll_tim.o
 .text.OC3Config
                0x0000000008006410       0xe0 Drivers/STM32F4xx_HAL_Driver/Src/stm32f4xx_ll_tim.o
 .text.OC4Config
                0x00000000080064f0       0xb0 Drivers/STM32F4xx_HAL_Driver/Src/stm32f4xx_ll_tim.o
 .text.LL_USART_IsEnabled
                0x00000000080065a0       0x28 Drivers/STM32F4xx_HAL_Driver/Src/stm32f4xx_ll_usart.o
 .text.LL_USART_SetStopBitsLength
                0x00000000080065c8       0x26 Drivers/STM32F4xx_HAL_Driver/Src/stm32f4xx_ll_usart.o
 .text.LL_USART_SetHWFlowCtrl
                0x00000000080065ee       0x26 Drivers/STM32F4xx_HAL_Driver/Src/stm32f4xx_ll_usart.o
 .text.LL_USART_SetBaudRate
                0x0000000008006614      0x320 Drivers/STM32F4xx_HAL_Driver/Src/stm32f4xx_ll_usart.o
 .text.LL_USART_Init
                0x0000000008006934      0x100 Drivers/STM32F4xx_HAL_Driver/Src/stm32f4xx_ll_usart.o
                0x0000000008006934                LL_USART_Init
 .text.LL_InitTick
                0x0000000008006a34       0x34 Drivers/STM32F4xx_HAL_Driver/Src/stm32f4xx_ll_utils.o
 .text.LL_Init1msTick
                0x0000000008006a68       0x1a Drivers/STM32F4xx_HAL_Driver/Src/stm32f4xx_ll_utils.o
                0x0000000008006a68                LL_Init1msTick
 *fill*         0x0000000008006a82        0x2 
 .text.LL_mDelay
                0x0000000008006a84       0x4c Drivers/STM32F4xx_HAL_Driver/Src/stm32f4xx_ll_utils.o
                0x0000000008006a84                LL_mDelay
 .text.LL_SetSystemCoreClock
                0x0000000008006ad0       0x20 Drivers/STM32F4xx_HAL_Driver/Src/stm32f4xx_ll_utils.o
                0x0000000008006ad0                LL_SetSystemCoreClock
 .text.__errno  0x0000000008006af0        0xc c:/st/stm32cubeide_1.0.2/stm32cubeide/plugins/com.st.stm32cube.ide.mcu.externaltools.gnu-tools-for-stm32.9-2020-q2-update.win32_1.5.0.202011040924/tools/bin/../lib/gcc/arm-none-eabi/9.3.1/../../../../arm-none-eabi/lib/thumb/v7e-m+fp/hard\libc_nano.a(lib_a-errno.o)
                0x0000000008006af0                __errno
 .text.__libc_init_array
                0x0000000008006afc       0x48 c:/st/stm32cubeide_1.0.2/stm32cubeide/plugins/com.st.stm32cube.ide.mcu.externaltools.gnu-tools-for-stm32.9-2020-q2-update.win32_1.5.0.202011040924/tools/bin/../lib/gcc/arm-none-eabi/9.3.1/../../../../arm-none-eabi/lib/thumb/v7e-m+fp/hard\libc_nano.a(lib_a-init.o)
                0x0000000008006afc                __libc_init_array
 .text.memcpy   0x0000000008006b44       0x1c c:/st/stm32cubeide_1.0.2/stm32cubeide/plugins/com.st.stm32cube.ide.mcu.externaltools.gnu-tools-for-stm32.9-2020-q2-update.win32_1.5.0.202011040924/tools/bin/../lib/gcc/arm-none-eabi/9.3.1/../../../../arm-none-eabi/lib/thumb/v7e-m+fp/hard\libc_nano.a(lib_a-memcpy-stub.o)
                0x0000000008006b44                memcpy
 .text.memset   0x0000000008006b60       0x10 c:/st/stm32cubeide_1.0.2/stm32cubeide/plugins/com.st.stm32cube.ide.mcu.externaltools.gnu-tools-for-stm32.9-2020-q2-update.win32_1.5.0.202011040924/tools/bin/../lib/gcc/arm-none-eabi/9.3.1/../../../../arm-none-eabi/lib/thumb/v7e-m+fp/hard\libc_nano.a(lib_a-memset.o)
                0x0000000008006b60                memset
 .text.__cvt    0x0000000008006b70       0xc4 c:/st/stm32cubeide_1.0.2/stm32cubeide/plugins/com.st.stm32cube.ide.mcu.externaltools.gnu-tools-for-stm32.9-2020-q2-update.win32_1.5.0.202011040924/tools/bin/../lib/gcc/arm-none-eabi/9.3.1/../../../../arm-none-eabi/lib/thumb/v7e-m+fp/hard\libc_nano.a(lib_a-nano-vfprintf_float.o)
                0x0000000008006b70                __cvt
 .text.__exponent
                0x0000000008006c34       0x7c c:/st/stm32cubeide_1.0.2/stm32cubeide/plugins/com.st.stm32cube.ide.mcu.externaltools.gnu-tools-for-stm32.9-2020-q2-update.win32_1.5.0.202011040924/tools/bin/../lib/gcc/arm-none-eabi/9.3.1/../../../../arm-none-eabi/lib/thumb/v7e-m+fp/hard\libc_nano.a(lib_a-nano-vfprintf_float.o)
                0x0000000008006c34                __exponent
 .text._printf_float
                0x0000000008006cb0      0x46c c:/st/stm32cubeide_1.0.2/stm32cubeide/plugins/com.st.stm32cube.ide.mcu.externaltools.gnu-tools-for-stm32.9-2020-q2-update.win32_1.5.0.202011040924/tools/bin/../lib/gcc/arm-none-eabi/9.3.1/../../../../arm-none-eabi/lib/thumb/v7e-m+fp/hard\libc_nano.a(lib_a-nano-vfprintf_float.o)
                0x0000000008006cb0                _printf_float
 .text._printf_common
                0x000000000800711c       0xda c:/st/stm32cubeide_1.0.2/stm32cubeide/plugins/com.st.stm32cube.ide.mcu.externaltools.gnu-tools-for-stm32.9-2020-q2-update.win32_1.5.0.202011040924/tools/bin/../lib/gcc/arm-none-eabi/9.3.1/../../../../arm-none-eabi/lib/thumb/v7e-m+fp/hard\libc_nano.a(lib_a-nano-vfprintf_i.o)
                0x000000000800711c                _printf_common
 *fill*         0x00000000080071f6        0x2 
 .text._printf_i
                0x00000000080071f8      0x24c c:/st/stm32cubeide_1.0.2/stm32cubeide/plugins/com.st.stm32cube.ide.mcu.externaltools.gnu-tools-for-stm32.9-2020-q2-update.win32_1.5.0.202011040924/tools/bin/../lib/gcc/arm-none-eabi/9.3.1/../../../../arm-none-eabi/lib/thumb/v7e-m+fp/hard\libc_nano.a(lib_a-nano-vfprintf_i.o)
                0x00000000080071f8                _printf_i
 .text.printf   0x0000000008007444       0x30 c:/st/stm32cubeide_1.0.2/stm32cubeide/plugins/com.st.stm32cube.ide.mcu.externaltools.gnu-tools-for-stm32.9-2020-q2-update.win32_1.5.0.202011040924/tools/bin/../lib/gcc/arm-none-eabi/9.3.1/../../../../arm-none-eabi/lib/thumb/v7e-m+fp/hard\libc_nano.a(lib_a-printf.o)
                0x0000000008007444                iprintf
                0x0000000008007444                printf
 .text._puts_r  0x0000000008007474       0xdc c:/st/stm32cubeide_1.0.2/stm32cubeide/plugins/com.st.stm32cube.ide.mcu.externaltools.gnu-tools-for-stm32.9-2020-q2-update.win32_1.5.0.202011040924/tools/bin/../lib/gcc/arm-none-eabi/9.3.1/../../../../arm-none-eabi/lib/thumb/v7e-m+fp/hard\libc_nano.a(lib_a-puts.o)
                0x0000000008007474                _puts_r
 .text.puts     0x0000000008007550       0x10 c:/st/stm32cubeide_1.0.2/stm32cubeide/plugins/com.st.stm32cube.ide.mcu.externaltools.gnu-tools-for-stm32.9-2020-q2-update.win32_1.5.0.202011040924/tools/bin/../lib/gcc/arm-none-eabi/9.3.1/../../../../arm-none-eabi/lib/thumb/v7e-m+fp/hard\libc_nano.a(lib_a-puts.o)
                0x0000000008007550                puts
 .text.setbuf   0x0000000008007560       0x10 c:/st/stm32cubeide_1.0.2/stm32cubeide/plugins/com.st.stm32cube.ide.mcu.externaltools.gnu-tools-for-stm32.9-2020-q2-update.win32_1.5.0.202011040924/tools/bin/../lib/gcc/arm-none-eabi/9.3.1/../../../../arm-none-eabi/lib/thumb/v7e-m+fp/hard\libc_nano.a(lib_a-setbuf.o)
                0x0000000008007560                setbuf
 .text.setvbuf  0x0000000008007570      0x18c c:/st/stm32cubeide_1.0.2/stm32cubeide/plugins/com.st.stm32cube.ide.mcu.externaltools.gnu-tools-for-stm32.9-2020-q2-update.win32_1.5.0.202011040924/tools/bin/../lib/gcc/arm-none-eabi/9.3.1/../../../../arm-none-eabi/lib/thumb/v7e-m+fp/hard\libc_nano.a(lib_a-setvbuf.o)
                0x0000000008007570                setvbuf
 .text.__swbuf_r
                0x00000000080076fc       0xa4 c:/st/stm32cubeide_1.0.2/stm32cubeide/plugins/com.st.stm32cube.ide.mcu.externaltools.gnu-tools-for-stm32.9-2020-q2-update.win32_1.5.0.202011040924/tools/bin/../lib/gcc/arm-none-eabi/9.3.1/../../../../arm-none-eabi/lib/thumb/v7e-m+fp/hard\libc_nano.a(lib_a-wbuf.o)
                0x00000000080076fc                __swbuf_r
 .text.__swsetup_r
                0x00000000080077a0       0xdc c:/st/stm32cubeide_1.0.2/stm32cubeide/plugins/com.st.stm32cube.ide.mcu.externaltools.gnu-tools-for-stm32.9-2020-q2-update.win32_1.5.0.202011040924/tools/bin/../lib/gcc/arm-none-eabi/9.3.1/../../../../arm-none-eabi/lib/thumb/v7e-m+fp/hard\libc_nano.a(lib_a-wsetup.o)
                0x00000000080077a0                __swsetup_r
 .text.quorem   0x000000000800787c      0x116 c:/st/stm32cubeide_1.0.2/stm32cubeide/plugins/com.st.stm32cube.ide.mcu.externaltools.gnu-tools-for-stm32.9-2020-q2-update.win32_1.5.0.202011040924/tools/bin/../lib/gcc/arm-none-eabi/9.3.1/../../../../arm-none-eabi/lib/thumb/v7e-m+fp/hard\libc_nano.a(lib_a-dtoa.o)
 *fill*         0x0000000008007992        0x6 
 .text._dtoa_r  0x0000000008007998      0xbd8 c:/st/stm32cubeide_1.0.2/stm32cubeide/plugins/com.st.stm32cube.ide.mcu.externaltools.gnu-tools-for-stm32.9-2020-q2-update.win32_1.5.0.202011040924/tools/bin/../lib/gcc/arm-none-eabi/9.3.1/../../../../arm-none-eabi/lib/thumb/v7e-m+fp/hard\libc_nano.a(lib_a-dtoa.o)
                0x0000000008007998                _dtoa_r
 .text.__sflush_r
                0x0000000008008570      0x10c c:/st/stm32cubeide_1.0.2/stm32cubeide/plugins/com.st.stm32cube.ide.mcu.externaltools.gnu-tools-for-stm32.9-2020-q2-update.win32_1.5.0.202011040924/tools/bin/../lib/gcc/arm-none-eabi/9.3.1/../../../../arm-none-eabi/lib/thumb/v7e-m+fp/hard\libc_nano.a(lib_a-fflush.o)
                0x0000000008008570                __sflush_r
 .text._fflush_r
                0x000000000800867c       0x78 c:/st/stm32cubeide_1.0.2/stm32cubeide/plugins/com.st.stm32cube.ide.mcu.externaltools.gnu-tools-for-stm32.9-2020-q2-update.win32_1.5.0.202011040924/tools/bin/../lib/gcc/arm-none-eabi/9.3.1/../../../../arm-none-eabi/lib/thumb/v7e-m+fp/hard\libc_nano.a(lib_a-fflush.o)
                0x000000000800867c                _fflush_r
 .text.std      0x00000000080086f4       0x48 c:/st/stm32cubeide_1.0.2/stm32cubeide/plugins/com.st.stm32cube.ide.mcu.externaltools.gnu-tools-for-stm32.9-2020-q2-update.win32_1.5.0.202011040924/tools/bin/../lib/gcc/arm-none-eabi/9.3.1/../../../../arm-none-eabi/lib/thumb/v7e-m+fp/hard\libc_nano.a(lib_a-findfp.o)
 .text._cleanup_r
                0x000000000800873c        0xc c:/st/stm32cubeide_1.0.2/stm32cubeide/plugins/com.st.stm32cube.ide.mcu.externaltools.gnu-tools-for-stm32.9-2020-q2-update.win32_1.5.0.202011040924/tools/bin/../lib/gcc/arm-none-eabi/9.3.1/../../../../arm-none-eabi/lib/thumb/v7e-m+fp/hard\libc_nano.a(lib_a-findfp.o)
                0x000000000800873c                _cleanup_r
 .text.__sfmoreglue
                0x0000000008008748       0x2c c:/st/stm32cubeide_1.0.2/stm32cubeide/plugins/com.st.stm32cube.ide.mcu.externaltools.gnu-tools-for-stm32.9-2020-q2-update.win32_1.5.0.202011040924/tools/bin/../lib/gcc/arm-none-eabi/9.3.1/../../../../arm-none-eabi/lib/thumb/v7e-m+fp/hard\libc_nano.a(lib_a-findfp.o)
                0x0000000008008748                __sfmoreglue
 .text.__sfp_lock_acquire
                0x0000000008008774        0xc c:/st/stm32cubeide_1.0.2/stm32cubeide/plugins/com.st.stm32cube.ide.mcu.externaltools.gnu-tools-for-stm32.9-2020-q2-update.win32_1.5.0.202011040924/tools/bin/../lib/gcc/arm-none-eabi/9.3.1/../../../../arm-none-eabi/lib/thumb/v7e-m+fp/hard\libc_nano.a(lib_a-findfp.o)
                0x0000000008008774                __sfp_lock_acquire
 .text.__sfp_lock_release
                0x0000000008008780        0xc c:/st/stm32cubeide_1.0.2/stm32cubeide/plugins/com.st.stm32cube.ide.mcu.externaltools.gnu-tools-for-stm32.9-2020-q2-update.win32_1.5.0.202011040924/tools/bin/../lib/gcc/arm-none-eabi/9.3.1/../../../../arm-none-eabi/lib/thumb/v7e-m+fp/hard\libc_nano.a(lib_a-findfp.o)
                0x0000000008008780                __sfp_lock_release
 .text.__sinit_lock_acquire
                0x000000000800878c        0xc c:/st/stm32cubeide_1.0.2/stm32cubeide/plugins/com.st.stm32cube.ide.mcu.externaltools.gnu-tools-for-stm32.9-2020-q2-update.win32_1.5.0.202011040924/tools/bin/../lib/gcc/arm-none-eabi/9.3.1/../../../../arm-none-eabi/lib/thumb/v7e-m+fp/hard\libc_nano.a(lib_a-findfp.o)
                0x000000000800878c                __sinit_lock_acquire
 .text.__sinit_lock_release
                0x0000000008008798        0xc c:/st/stm32cubeide_1.0.2/stm32cubeide/plugins/com.st.stm32cube.ide.mcu.externaltools.gnu-tools-for-stm32.9-2020-q2-update.win32_1.5.0.202011040924/tools/bin/../lib/gcc/arm-none-eabi/9.3.1/../../../../arm-none-eabi/lib/thumb/v7e-m+fp/hard\libc_nano.a(lib_a-findfp.o)
                0x0000000008008798                __sinit_lock_release
 .text.__sinit  0x00000000080087a4       0x70 c:/st/stm32cubeide_1.0.2/stm32cubeide/plugins/com.st.stm32cube.ide.mcu.externaltools.gnu-tools-for-stm32.9-2020-q2-update.win32_1.5.0.202011040924/tools/bin/../lib/gcc/arm-none-eabi/9.3.1/../../../../arm-none-eabi/lib/thumb/v7e-m+fp/hard\libc_nano.a(lib_a-findfp.o)
                0x00000000080087a4                __sinit
 .text.__sfp    0x0000000008008814       0x8c c:/st/stm32cubeide_1.0.2/stm32cubeide/plugins/com.st.stm32cube.ide.mcu.externaltools.gnu-tools-for-stm32.9-2020-q2-update.win32_1.5.0.202011040924/tools/bin/../lib/gcc/arm-none-eabi/9.3.1/../../../../arm-none-eabi/lib/thumb/v7e-m+fp/hard\libc_nano.a(lib_a-findfp.o)
                0x0000000008008814                __sfp
 .text._fwalk_reent
                0x00000000080088a0       0x3e c:/st/stm32cubeide_1.0.2/stm32cubeide/plugins/com.st.stm32cube.ide.mcu.externaltools.gnu-tools-for-stm32.9-2020-q2-update.win32_1.5.0.202011040924/tools/bin/../lib/gcc/arm-none-eabi/9.3.1/../../../../arm-none-eabi/lib/thumb/v7e-m+fp/hard\libc_nano.a(lib_a-fwalk.o)
                0x00000000080088a0                _fwalk_reent
 *fill*         0x00000000080088de        0x2 
 .text._localeconv_r
                0x00000000080088e0        0x8 c:/st/stm32cubeide_1.0.2/stm32cubeide/plugins/com.st.stm32cube.ide.mcu.externaltools.gnu-tools-for-stm32.9-2020-q2-update.win32_1.5.0.202011040924/tools/bin/../lib/gcc/arm-none-eabi/9.3.1/../../../../arm-none-eabi/lib/thumb/v7e-m+fp/hard\libc_nano.a(lib_a-localeconv.o)
                0x00000000080088e0                _localeconv_r
 .text.__retarget_lock_init_recursive
                0x00000000080088e8        0x2 c:/st/stm32cubeide_1.0.2/stm32cubeide/plugins/com.st.stm32cube.ide.mcu.externaltools.gnu-tools-for-stm32.9-2020-q2-update.win32_1.5.0.202011040924/tools/bin/../lib/gcc/arm-none-eabi/9.3.1/../../../../arm-none-eabi/lib/thumb/v7e-m+fp/hard\libc_nano.a(lib_a-lock.o)
                0x00000000080088e8                __retarget_lock_init_recursive
 .text.__retarget_lock_acquire_recursive
                0x00000000080088ea        0x2 c:/st/stm32cubeide_1.0.2/stm32cubeide/plugins/com.st.stm32cube.ide.mcu.externaltools.gnu-tools-for-stm32.9-2020-q2-update.win32_1.5.0.202011040924/tools/bin/../lib/gcc/arm-none-eabi/9.3.1/../../../../arm-none-eabi/lib/thumb/v7e-m+fp/hard\libc_nano.a(lib_a-lock.o)
                0x00000000080088ea                __retarget_lock_acquire_recursive
 .text.__retarget_lock_release_recursive
                0x00000000080088ec        0x2 c:/st/stm32cubeide_1.0.2/stm32cubeide/plugins/com.st.stm32cube.ide.mcu.externaltools.gnu-tools-for-stm32.9-2020-q2-update.win32_1.5.0.202011040924/tools/bin/../lib/gcc/arm-none-eabi/9.3.1/../../../../arm-none-eabi/lib/thumb/v7e-m+fp/hard\libc_nano.a(lib_a-lock.o)
                0x00000000080088ec                __retarget_lock_release_recursive
 .text.__swhatbuf_r
                0x00000000080088ee       0x48 c:/st/stm32cubeide_1.0.2/stm32cubeide/plugins/com.st.stm32cube.ide.mcu.externaltools.gnu-tools-for-stm32.9-2020-q2-update.win32_1.5.0.202011040924/tools/bin/../lib/gcc/arm-none-eabi/9.3.1/../../../../arm-none-eabi/lib/thumb/v7e-m+fp/hard\libc_nano.a(lib_a-makebuf.o)
                0x00000000080088ee                __swhatbuf_r
 *fill*         0x0000000008008936        0x2 
 .text.__smakebuf_r
                0x0000000008008938       0x80 c:/st/stm32cubeide_1.0.2/stm32cubeide/plugins/com.st.stm32cube.ide.mcu.externaltools.gnu-tools-for-stm32.9-2020-q2-update.win32_1.5.0.202011040924/tools/bin/../lib/gcc/arm-none-eabi/9.3.1/../../../../arm-none-eabi/lib/thumb/v7e-m+fp/hard\libc_nano.a(lib_a-makebuf.o)
                0x0000000008008938                __smakebuf_r
 .text.malloc   0x00000000080089b8       0x10 c:/st/stm32cubeide_1.0.2/stm32cubeide/plugins/com.st.stm32cube.ide.mcu.externaltools.gnu-tools-for-stm32.9-2020-q2-update.win32_1.5.0.202011040924/tools/bin/../lib/gcc/arm-none-eabi/9.3.1/../../../../arm-none-eabi/lib/thumb/v7e-m+fp/hard\libc_nano.a(lib_a-malloc.o)
                0x00000000080089b8                malloc
 .text._Balloc  0x00000000080089c8       0x80 c:/st/stm32cubeide_1.0.2/stm32cubeide/plugins/com.st.stm32cube.ide.mcu.externaltools.gnu-tools-for-stm32.9-2020-q2-update.win32_1.5.0.202011040924/tools/bin/../lib/gcc/arm-none-eabi/9.3.1/../../../../arm-none-eabi/lib/thumb/v7e-m+fp/hard\libc_nano.a(lib_a-mprec.o)
                0x00000000080089c8                _Balloc
 .text._Bfree   0x0000000008008a48       0x44 c:/st/stm32cubeide_1.0.2/stm32cubeide/plugins/com.st.stm32cube.ide.mcu.externaltools.gnu-tools-for-stm32.9-2020-q2-update.win32_1.5.0.202011040924/tools/bin/../lib/gcc/arm-none-eabi/9.3.1/../../../../arm-none-eabi/lib/thumb/v7e-m+fp/hard\libc_nano.a(lib_a-mprec.o)
                0x0000000008008a48                _Bfree
 .text.__multadd
                0x0000000008008a8c       0x94 c:/st/stm32cubeide_1.0.2/stm32cubeide/plugins/com.st.stm32cube.ide.mcu.externaltools.gnu-tools-for-stm32.9-2020-q2-update.win32_1.5.0.202011040924/tools/bin/../lib/gcc/arm-none-eabi/9.3.1/../../../../arm-none-eabi/lib/thumb/v7e-m+fp/hard\libc_nano.a(lib_a-mprec.o)
                0x0000000008008a8c                __multadd
 .text.__hi0bits
                0x0000000008008b20       0x40 c:/st/stm32cubeide_1.0.2/stm32cubeide/plugins/com.st.stm32cube.ide.mcu.externaltools.gnu-tools-for-stm32.9-2020-q2-update.win32_1.5.0.202011040924/tools/bin/../lib/gcc/arm-none-eabi/9.3.1/../../../../arm-none-eabi/lib/thumb/v7e-m+fp/hard\libc_nano.a(lib_a-mprec.o)
                0x0000000008008b20                __hi0bits
 .text.__lo0bits
                0x0000000008008b60       0x60 c:/st/stm32cubeide_1.0.2/stm32cubeide/plugins/com.st.stm32cube.ide.mcu.externaltools.gnu-tools-for-stm32.9-2020-q2-update.win32_1.5.0.202011040924/tools/bin/../lib/gcc/arm-none-eabi/9.3.1/../../../../arm-none-eabi/lib/thumb/v7e-m+fp/hard\libc_nano.a(lib_a-mprec.o)
                0x0000000008008b60                __lo0bits
 .text.__i2b    0x0000000008008bc0       0x2c c:/st/stm32cubeide_1.0.2/stm32cubeide/plugins/com.st.stm32cube.ide.mcu.externaltools.gnu-tools-for-stm32.9-2020-q2-update.win32_1.5.0.202011040924/tools/bin/../lib/gcc/arm-none-eabi/9.3.1/../../../../arm-none-eabi/lib/thumb/v7e-m+fp/hard\libc_nano.a(lib_a-mprec.o)
                0x0000000008008bc0                __i2b
 .text.__multiply
                0x0000000008008bec      0x14c c:/st/stm32cubeide_1.0.2/stm32cubeide/plugins/com.st.stm32cube.ide.mcu.externaltools.gnu-tools-for-stm32.9-2020-q2-update.win32_1.5.0.202011040924/tools/bin/../lib/gcc/arm-none-eabi/9.3.1/../../../../arm-none-eabi/lib/thumb/v7e-m+fp/hard\libc_nano.a(lib_a-mprec.o)
                0x0000000008008bec                __multiply
 .text.__pow5mult
                0x0000000008008d38       0xb4 c:/st/stm32cubeide_1.0.2/stm32cubeide/plugins/com.st.stm32cube.ide.mcu.externaltools.gnu-tools-for-stm32.9-2020-q2-update.win32_1.5.0.202011040924/tools/bin/../lib/gcc/arm-none-eabi/9.3.1/../../../../arm-none-eabi/lib/thumb/v7e-m+fp/hard\libc_nano.a(lib_a-mprec.o)
                0x0000000008008d38                __pow5mult
 .text.__lshift
                0x0000000008008dec       0xd8 c:/st/stm32cubeide_1.0.2/stm32cubeide/plugins/com.st.stm32cube.ide.mcu.externaltools.gnu-tools-for-stm32.9-2020-q2-update.win32_1.5.0.202011040924/tools/bin/../lib/gcc/arm-none-eabi/9.3.1/../../../../arm-none-eabi/lib/thumb/v7e-m+fp/hard\libc_nano.a(lib_a-mprec.o)
                0x0000000008008dec                __lshift
 .text.__mcmp   0x0000000008008ec4       0x38 c:/st/stm32cubeide_1.0.2/stm32cubeide/plugins/com.st.stm32cube.ide.mcu.externaltools.gnu-tools-for-stm32.9-2020-q2-update.win32_1.5.0.202011040924/tools/bin/../lib/gcc/arm-none-eabi/9.3.1/../../../../arm-none-eabi/lib/thumb/v7e-m+fp/hard\libc_nano.a(lib_a-mprec.o)
                0x0000000008008ec4                __mcmp
 .text.__mdiff  0x0000000008008efc      0x110 c:/st/stm32cubeide_1.0.2/stm32cubeide/plugins/com.st.stm32cube.ide.mcu.externaltools.gnu-tools-for-stm32.9-2020-q2-update.win32_1.5.0.202011040924/tools/bin/../lib/gcc/arm-none-eabi/9.3.1/../../../../arm-none-eabi/lib/thumb/v7e-m+fp/hard\libc_nano.a(lib_a-mprec.o)
                0x0000000008008efc                __mdiff
 .text.__d2b    0x000000000800900c       0xb8 c:/st/stm32cubeide_1.0.2/stm32cubeide/plugins/com.st.stm32cube.ide.mcu.externaltools.gnu-tools-for-stm32.9-2020-q2-update.win32_1.5.0.202011040924/tools/bin/../lib/gcc/arm-none-eabi/9.3.1/../../../../arm-none-eabi/lib/thumb/v7e-m+fp/hard\libc_nano.a(lib_a-mprec.o)
                0x000000000800900c                __d2b
 .text._calloc_r
                0x00000000080090c4       0x1e c:/st/stm32cubeide_1.0.2/stm32cubeide/plugins/com.st.stm32cube.ide.mcu.externaltools.gnu-tools-for-stm32.9-2020-q2-update.win32_1.5.0.202011040924/tools/bin/../lib/gcc/arm-none-eabi/9.3.1/../../../../arm-none-eabi/lib/thumb/v7e-m+fp/hard\libc_nano.a(lib_a-nano-callocr.o)
                0x00000000080090c4                _calloc_r
 *fill*         0x00000000080090e2        0x2 
 .text._free_r  0x00000000080090e4       0xa0 c:/st/stm32cubeide_1.0.2/stm32cubeide/plugins/com.st.stm32cube.ide.mcu.externaltools.gnu-tools-for-stm32.9-2020-q2-update.win32_1.5.0.202011040924/tools/bin/../lib/gcc/arm-none-eabi/9.3.1/../../../../arm-none-eabi/lib/thumb/v7e-m+fp/hard\libc_nano.a(lib_a-nano-freer.o)
                0x00000000080090e4                _free_r
 .text._malloc_r
                0x0000000008009184       0xb4 c:/st/stm32cubeide_1.0.2/stm32cubeide/plugins/com.st.stm32cube.ide.mcu.externaltools.gnu-tools-for-stm32.9-2020-q2-update.win32_1.5.0.202011040924/tools/bin/../lib/gcc/arm-none-eabi/9.3.1/../../../../arm-none-eabi/lib/thumb/v7e-m+fp/hard\libc_nano.a(lib_a-nano-mallocr.o)
                0x0000000008009184                _malloc_r
 .text.__sfputc_r
                0x0000000008009238       0x2e c:/st/stm32cubeide_1.0.2/stm32cubeide/plugins/com.st.stm32cube.ide.mcu.externaltools.gnu-tools-for-stm32.9-2020-q2-update.win32_1.5.0.202011040924/tools/bin/../lib/gcc/arm-none-eabi/9.3.1/../../../../arm-none-eabi/lib/thumb/v7e-m+fp/hard\libc_nano.a(lib_a-nano-vfprintf.o)
 .text.__sfputs_r
                0x0000000008009266       0x24 c:/st/stm32cubeide_1.0.2/stm32cubeide/plugins/com.st.stm32cube.ide.mcu.externaltools.gnu-tools-for-stm32.9-2020-q2-update.win32_1.5.0.202011040924/tools/bin/../lib/gcc/arm-none-eabi/9.3.1/../../../../arm-none-eabi/lib/thumb/v7e-m+fp/hard\libc_nano.a(lib_a-nano-vfprintf.o)
                0x0000000008009266                __sfputs_r
 *fill*         0x000000000800928a        0x2 
 .text._vfprintf_r
                0x000000000800928c      0x260 c:/st/stm32cubeide_1.0.2/stm32cubeide/plugins/com.st.stm32cube.ide.mcu.externaltools.gnu-tools-for-stm32.9-2020-q2-update.win32_1.5.0.202011040924/tools/bin/../lib/gcc/arm-none-eabi/9.3.1/../../../../arm-none-eabi/lib/thumb/v7e-m+fp/hard\libc_nano.a(lib_a-nano-vfprintf.o)
                0x000000000800928c                _vfprintf_r
                0x000000000800928c                _vfiprintf_r
 .text._sbrk_r  0x00000000080094ec       0x20 c:/st/stm32cubeide_1.0.2/stm32cubeide/plugins/com.st.stm32cube.ide.mcu.externaltools.gnu-tools-for-stm32.9-2020-q2-update.win32_1.5.0.202011040924/tools/bin/../lib/gcc/arm-none-eabi/9.3.1/../../../../arm-none-eabi/lib/thumb/v7e-m+fp/hard\libc_nano.a(lib_a-sbrkr.o)
                0x00000000080094ec                _sbrk_r
 .text.__sread  0x000000000800950c       0x22 c:/st/stm32cubeide_1.0.2/stm32cubeide/plugins/com.st.stm32cube.ide.mcu.externaltools.gnu-tools-for-stm32.9-2020-q2-update.win32_1.5.0.202011040924/tools/bin/../lib/gcc/arm-none-eabi/9.3.1/../../../../arm-none-eabi/lib/thumb/v7e-m+fp/hard\libc_nano.a(lib_a-stdio.o)
                0x000000000800950c                __sread
 .text.__swrite
                0x000000000800952e       0x38 c:/st/stm32cubeide_1.0.2/stm32cubeide/plugins/com.st.stm32cube.ide.mcu.externaltools.gnu-tools-for-stm32.9-2020-q2-update.win32_1.5.0.202011040924/tools/bin/../lib/gcc/arm-none-eabi/9.3.1/../../../../arm-none-eabi/lib/thumb/v7e-m+fp/hard\libc_nano.a(lib_a-stdio.o)
                0x000000000800952e                __swrite
 .text.__sseek  0x0000000008009566       0x24 c:/st/stm32cubeide_1.0.2/stm32cubeide/plugins/com.st.stm32cube.ide.mcu.externaltools.gnu-tools-for-stm32.9-2020-q2-update.win32_1.5.0.202011040924/tools/bin/../lib/gcc/arm-none-eabi/9.3.1/../../../../arm-none-eabi/lib/thumb/v7e-m+fp/hard\libc_nano.a(lib_a-stdio.o)
                0x0000000008009566                __sseek
 .text.__sclose
                0x000000000800958a        0x8 c:/st/stm32cubeide_1.0.2/stm32cubeide/plugins/com.st.stm32cube.ide.mcu.externaltools.gnu-tools-for-stm32.9-2020-q2-update.win32_1.5.0.202011040924/tools/bin/../lib/gcc/arm-none-eabi/9.3.1/../../../../arm-none-eabi/lib/thumb/v7e-m+fp/hard\libc_nano.a(lib_a-stdio.o)
                0x000000000800958a                __sclose
 *fill*         0x0000000008009592        0x2 
 .text._write_r
                0x0000000008009594       0x24 c:/st/stm32cubeide_1.0.2/stm32cubeide/plugins/com.st.stm32cube.ide.mcu.externaltools.gnu-tools-for-stm32.9-2020-q2-update.win32_1.5.0.202011040924/tools/bin/../lib/gcc/arm-none-eabi/9.3.1/../../../../arm-none-eabi/lib/thumb/v7e-m+fp/hard\libc_nano.a(lib_a-writer.o)
                0x0000000008009594                _write_r
 .text.__assert_func
                0x00000000080095b8       0x3c c:/st/stm32cubeide_1.0.2/stm32cubeide/plugins/com.st.stm32cube.ide.mcu.externaltools.gnu-tools-for-stm32.9-2020-q2-update.win32_1.5.0.202011040924/tools/bin/../lib/gcc/arm-none-eabi/9.3.1/../../../../arm-none-eabi/lib/thumb/v7e-m+fp/hard\libc_nano.a(lib_a-assert.o)
                0x00000000080095b8                __assert_func
 .text._close_r
                0x00000000080095f4       0x20 c:/st/stm32cubeide_1.0.2/stm32cubeide/plugins/com.st.stm32cube.ide.mcu.externaltools.gnu-tools-for-stm32.9-2020-q2-update.win32_1.5.0.202011040924/tools/bin/../lib/gcc/arm-none-eabi/9.3.1/../../../../arm-none-eabi/lib/thumb/v7e-m+fp/hard\libc_nano.a(lib_a-closer.o)
                0x00000000080095f4                _close_r
 .text.fprintf  0x0000000008009614       0x24 c:/st/stm32cubeide_1.0.2/stm32cubeide/plugins/com.st.stm32cube.ide.mcu.externaltools.gnu-tools-for-stm32.9-2020-q2-update.win32_1.5.0.202011040924/tools/bin/../lib/gcc/arm-none-eabi/9.3.1/../../../../arm-none-eabi/lib/thumb/v7e-m+fp/hard\libc_nano.a(lib_a-fprintf.o)
                0x0000000008009614                fiprintf
                0x0000000008009614                fprintf
 .text._fstat_r
                0x0000000008009638       0x24 c:/st/stm32cubeide_1.0.2/stm32cubeide/plugins/com.st.stm32cube.ide.mcu.externaltools.gnu-tools-for-stm32.9-2020-q2-update.win32_1.5.0.202011040924/tools/bin/../lib/gcc/arm-none-eabi/9.3.1/../../../../arm-none-eabi/lib/thumb/v7e-m+fp/hard\libc_nano.a(lib_a-fstatr.o)
                0x0000000008009638                _fstat_r
 .text._isatty_r
                0x000000000800965c       0x20 c:/st/stm32cubeide_1.0.2/stm32cubeide/plugins/com.st.stm32cube.ide.mcu.externaltools.gnu-tools-for-stm32.9-2020-q2-update.win32_1.5.0.202011040924/tools/bin/../lib/gcc/arm-none-eabi/9.3.1/../../../../arm-none-eabi/lib/thumb/v7e-m+fp/hard\libc_nano.a(lib_a-isattyr.o)
                0x000000000800965c                _isatty_r
 .text._lseek_r
                0x000000000800967c       0x24 c:/st/stm32cubeide_1.0.2/stm32cubeide/plugins/com.st.stm32cube.ide.mcu.externaltools.gnu-tools-for-stm32.9-2020-q2-update.win32_1.5.0.202011040924/tools/bin/../lib/gcc/arm-none-eabi/9.3.1/../../../../arm-none-eabi/lib/thumb/v7e-m+fp/hard\libc_nano.a(lib_a-lseekr.o)
                0x000000000800967c                _lseek_r
 .text.__ascii_mbtowc
                0x00000000080096a0       0x24 c:/st/stm32cubeide_1.0.2/stm32cubeide/plugins/com.st.stm32cube.ide.mcu.externaltools.gnu-tools-for-stm32.9-2020-q2-update.win32_1.5.0.202011040924/tools/bin/../lib/gcc/arm-none-eabi/9.3.1/../../../../arm-none-eabi/lib/thumb/v7e-m+fp/hard\libc_nano.a(lib_a-mbtowc_r.o)
                0x00000000080096a0                __ascii_mbtowc
 .text.__malloc_lock
                0x00000000080096c4        0xc c:/st/stm32cubeide_1.0.2/stm32cubeide/plugins/com.st.stm32cube.ide.mcu.externaltools.gnu-tools-for-stm32.9-2020-q2-update.win32_1.5.0.202011040924/tools/bin/../lib/gcc/arm-none-eabi/9.3.1/../../../../arm-none-eabi/lib/thumb/v7e-m+fp/hard\libc_nano.a(lib_a-mlock.o)
                0x00000000080096c4                __malloc_lock
 .text.__malloc_unlock
                0x00000000080096d0        0xc c:/st/stm32cubeide_1.0.2/stm32cubeide/plugins/com.st.stm32cube.ide.mcu.externaltools.gnu-tools-for-stm32.9-2020-q2-update.win32_1.5.0.202011040924/tools/bin/../lib/gcc/arm-none-eabi/9.3.1/../../../../arm-none-eabi/lib/thumb/v7e-m+fp/hard\libc_nano.a(lib_a-mlock.o)
                0x00000000080096d0                __malloc_unlock
 .text._read_r  0x00000000080096dc       0x24 c:/st/stm32cubeide_1.0.2/stm32cubeide/plugins/com.st.stm32cube.ide.mcu.externaltools.gnu-tools-for-stm32.9-2020-q2-update.win32_1.5.0.202011040924/tools/bin/../lib/gcc/arm-none-eabi/9.3.1/../../../../arm-none-eabi/lib/thumb/v7e-m+fp/hard\libc_nano.a(lib_a-readr.o)
                0x00000000080096dc                _read_r
 .text.__ascii_wctomb
                0x0000000008009700       0x1a c:/st/stm32cubeide_1.0.2/stm32cubeide/plugins/com.st.stm32cube.ide.mcu.externaltools.gnu-tools-for-stm32.9-2020-q2-update.win32_1.5.0.202011040924/tools/bin/../lib/gcc/arm-none-eabi/9.3.1/../../../../arm-none-eabi/lib/thumb/v7e-m+fp/hard\libc_nano.a(lib_a-wctomb_r.o)
                0x0000000008009700                __ascii_wctomb
 .text.abort    0x000000000800971a        0xe c:/st/stm32cubeide_1.0.2/stm32cubeide/plugins/com.st.stm32cube.ide.mcu.externaltools.gnu-tools-for-stm32.9-2020-q2-update.win32_1.5.0.202011040924/tools/bin/../lib/gcc/arm-none-eabi/9.3.1/../../../../arm-none-eabi/lib/thumb/v7e-m+fp/hard\libc_nano.a(lib_a-abort.o)
                0x000000000800971a                abort
 .text._raise_r
                0x0000000008009728       0x50 c:/st/stm32cubeide_1.0.2/stm32cubeide/plugins/com.st.stm32cube.ide.mcu.externaltools.gnu-tools-for-stm32.9-2020-q2-update.win32_1.5.0.202011040924/tools/bin/../lib/gcc/arm-none-eabi/9.3.1/../../../../arm-none-eabi/lib/thumb/v7e-m+fp/hard\libc_nano.a(lib_a-signal.o)
                0x0000000008009728                _raise_r
 .text.raise    0x0000000008009778       0x10 c:/st/stm32cubeide_1.0.2/stm32cubeide/plugins/com.st.stm32cube.ide.mcu.externaltools.gnu-tools-for-stm32.9-2020-q2-update.win32_1.5.0.202011040924/tools/bin/../lib/gcc/arm-none-eabi/9.3.1/../../../../arm-none-eabi/lib/thumb/v7e-m+fp/hard\libc_nano.a(lib_a-signal.o)
                0x0000000008009778                raise
 .text._kill_r  0x0000000008009788       0x24 c:/st/stm32cubeide_1.0.2/stm32cubeide/plugins/com.st.stm32cube.ide.mcu.externaltools.gnu-tools-for-stm32.9-2020-q2-update.win32_1.5.0.202011040924/tools/bin/../lib/gcc/arm-none-eabi/9.3.1/../../../../arm-none-eabi/lib/thumb/v7e-m+fp/hard\libc_nano.a(lib_a-signalr.o)
                0x0000000008009788                _kill_r
 .text._getpid_r
                0x00000000080097ac        0x4 c:/st/stm32cubeide_1.0.2/stm32cubeide/plugins/com.st.stm32cube.ide.mcu.externaltools.gnu-tools-for-stm32.9-2020-q2-update.win32_1.5.0.202011040924/tools/bin/../lib/gcc/arm-none-eabi/9.3.1/../../../../arm-none-eabi/lib/thumb/v7e-m+fp/hard\libc_nano.a(lib_a-signalr.o)
                0x00000000080097ac                _getpid_r
 *(.glue_7)
 .glue_7        0x00000000080097b0        0x0 linker stubs
 *(.glue_7t)
 .glue_7t       0x00000000080097b0        0x0 linker stubs
 *(.eh_frame)
 .eh_frame      0x00000000080097b0        0x0 c:/st/stm32cubeide_1.0.2/stm32cubeide/plugins/com.st.stm32cube.ide.mcu.externaltools.gnu-tools-for-stm32.9-2020-q2-update.win32_1.5.0.202011040924/tools/bin/../lib/gcc/arm-none-eabi/9.3.1/thumb/v7e-m+fp/hard/crtbegin.o
 *(.init)
 .init          0x00000000080097b0        0x4 c:/st/stm32cubeide_1.0.2/stm32cubeide/plugins/com.st.stm32cube.ide.mcu.externaltools.gnu-tools-for-stm32.9-2020-q2-update.win32_1.5.0.202011040924/tools/bin/../lib/gcc/arm-none-eabi/9.3.1/thumb/v7e-m+fp/hard/crti.o
                0x00000000080097b0                _init
 .init          0x00000000080097b4        0x8 c:/st/stm32cubeide_1.0.2/stm32cubeide/plugins/com.st.stm32cube.ide.mcu.externaltools.gnu-tools-for-stm32.9-2020-q2-update.win32_1.5.0.202011040924/tools/bin/../lib/gcc/arm-none-eabi/9.3.1/thumb/v7e-m+fp/hard/crtn.o
 *(.fini)
 .fini          0x00000000080097bc        0x4 c:/st/stm32cubeide_1.0.2/stm32cubeide/plugins/com.st.stm32cube.ide.mcu.externaltools.gnu-tools-for-stm32.9-2020-q2-update.win32_1.5.0.202011040924/tools/bin/../lib/gcc/arm-none-eabi/9.3.1/thumb/v7e-m+fp/hard/crti.o
                0x00000000080097bc                _fini
 .fini          0x00000000080097c0        0x8 c:/st/stm32cubeide_1.0.2/stm32cubeide/plugins/com.st.stm32cube.ide.mcu.externaltools.gnu-tools-for-stm32.9-2020-q2-update.win32_1.5.0.202011040924/tools/bin/../lib/gcc/arm-none-eabi/9.3.1/thumb/v7e-m+fp/hard/crtn.o
                0x00000000080097c8                . = ALIGN (0x4)
                0x00000000080097c8                _etext = .

.vfp11_veneer   0x00000000080097c8        0x0
 .vfp11_veneer  0x00000000080097c8        0x0 linker stubs

.v4_bx          0x00000000080097c8        0x0
 .v4_bx         0x00000000080097c8        0x0 linker stubs

.iplt           0x00000000080097c8        0x0
 .iplt          0x00000000080097c8        0x0 c:/st/stm32cubeide_1.0.2/stm32cubeide/plugins/com.st.stm32cube.ide.mcu.externaltools.gnu-tools-for-stm32.9-2020-q2-update.win32_1.5.0.202011040924/tools/bin/../lib/gcc/arm-none-eabi/9.3.1/thumb/v7e-m+fp/hard/crtbegin.o

.rodata         0x00000000080097c8      0x50c
                0x00000000080097c8                . = ALIGN (0x4)
 *(.rodata)
 .rodata        0x00000000080097c8       0x55 Core/Src/Controller/mode.o
 *fill*         0x000000000800981d        0x3 
 .rodata        0x0000000008009820       0x28 Core/Src/Hardware/ICM20689.o
 .rodata        0x0000000008009848       0x61 Core/Src/main.o
 *(.rodata*)
 *fill*         0x00000000080098a9        0x3 
 .rodata.STREAM_OFFSET_TAB
                0x00000000080098ac        0x8 Core/Src/Hardware/wall_sensor.o
 .rodata.STREAM_OFFSET_TAB
                0x00000000080098b4        0x8 Core/Src/adc.o
 .rodata.AHBPrescTable
                0x00000000080098bc       0x10 Core/Src/system_stm32f4xx.o
                0x00000000080098bc                AHBPrescTable
 .rodata.APBPrescTable
                0x00000000080098cc        0x8 Core/Src/system_stm32f4xx.o
                0x00000000080098cc                APBPrescTable
 .rodata.OFFSET_TAB_CCMRx
                0x00000000080098d4        0x7 Core/Src/tim.o
 *fill*         0x00000000080098db        0x1 
 .rodata.SHIFT_TAB_OCxx
                0x00000000080098dc        0x7 Core/Src/tim.o
 *fill*         0x00000000080098e3        0x1 
 .rodata.SHIFT_TAB_ICxx
                0x00000000080098e4        0x7 Core/Src/tim.o
 *fill*         0x00000000080098eb        0x1 
 .rodata.SHIFT_TAB_CCxP
                0x00000000080098ec        0x7 Core/Src/tim.o
 *fill*         0x00000000080098f3        0x1 
 .rodata._global_impure_ptr
                0x00000000080098f4        0x4 c:/st/stm32cubeide_1.0.2/stm32cubeide/plugins/com.st.stm32cube.ide.mcu.externaltools.gnu-tools-for-stm32.9-2020-q2-update.win32_1.5.0.202011040924/tools/bin/../lib/gcc/arm-none-eabi/9.3.1/../../../../arm-none-eabi/lib/thumb/v7e-m+fp/hard\libc_nano.a(lib_a-impure.o)
                0x00000000080098f4                _global_impure_ptr
 .rodata._printf_float.str1.1
                0x00000000080098f8       0x12 c:/st/stm32cubeide_1.0.2/stm32cubeide/plugins/com.st.stm32cube.ide.mcu.externaltools.gnu-tools-for-stm32.9-2020-q2-update.win32_1.5.0.202011040924/tools/bin/../lib/gcc/arm-none-eabi/9.3.1/../../../../arm-none-eabi/lib/thumb/v7e-m+fp/hard\libc_nano.a(lib_a-nano-vfprintf_float.o)
 .rodata._printf_i.str1.1
                0x000000000800990a       0x22 c:/st/stm32cubeide_1.0.2/stm32cubeide/plugins/com.st.stm32cube.ide.mcu.externaltools.gnu-tools-for-stm32.9-2020-q2-update.win32_1.5.0.202011040924/tools/bin/../lib/gcc/arm-none-eabi/9.3.1/../../../../arm-none-eabi/lib/thumb/v7e-m+fp/hard\libc_nano.a(lib_a-nano-vfprintf_i.o)
 .rodata._dtoa_r.str1.1
                0x000000000800992c       0x94 c:/st/stm32cubeide_1.0.2/stm32cubeide/plugins/com.st.stm32cube.ide.mcu.externaltools.gnu-tools-for-stm32.9-2020-q2-update.win32_1.5.0.202011040924/tools/bin/../lib/gcc/arm-none-eabi/9.3.1/../../../../arm-none-eabi/lib/thumb/v7e-m+fp/hard\libc_nano.a(lib_a-dtoa.o)
                                         0x96 (size before relaxing)
 .rodata.__sf_fake_stderr
                0x00000000080099c0       0x20 c:/st/stm32cubeide_1.0.2/stm32cubeide/plugins/com.st.stm32cube.ide.mcu.externaltools.gnu-tools-for-stm32.9-2020-q2-update.win32_1.5.0.202011040924/tools/bin/../lib/gcc/arm-none-eabi/9.3.1/../../../../arm-none-eabi/lib/thumb/v7e-m+fp/hard\libc_nano.a(lib_a-findfp.o)
                0x00000000080099c0                __sf_fake_stderr
 .rodata.__sf_fake_stdin
                0x00000000080099e0       0x20 c:/st/stm32cubeide_1.0.2/stm32cubeide/plugins/com.st.stm32cube.ide.mcu.externaltools.gnu-tools-for-stm32.9-2020-q2-update.win32_1.5.0.202011040924/tools/bin/../lib/gcc/arm-none-eabi/9.3.1/../../../../arm-none-eabi/lib/thumb/v7e-m+fp/hard\libc_nano.a(lib_a-findfp.o)
                0x00000000080099e0                __sf_fake_stdin
 .rodata.__sf_fake_stdout
                0x0000000008009a00       0x20 c:/st/stm32cubeide_1.0.2/stm32cubeide/plugins/com.st.stm32cube.ide.mcu.externaltools.gnu-tools-for-stm32.9-2020-q2-update.win32_1.5.0.202011040924/tools/bin/../lib/gcc/arm-none-eabi/9.3.1/../../../../arm-none-eabi/lib/thumb/v7e-m+fp/hard\libc_nano.a(lib_a-findfp.o)
                0x0000000008009a00                __sf_fake_stdout
 .rodata._Balloc.str1.1
                0x0000000008009a20       0x60 c:/st/stm32cubeide_1.0.2/stm32cubeide/plugins/com.st.stm32cube.ide.mcu.externaltools.gnu-tools-for-stm32.9-2020-q2-update.win32_1.5.0.202011040924/tools/bin/../lib/gcc/arm-none-eabi/9.3.1/../../../../arm-none-eabi/lib/thumb/v7e-m+fp/hard\libc_nano.a(lib_a-mprec.o)
                                         0x77 (size before relaxing)
 .rodata.__multadd.str1.1
                0x0000000008009a80       0x11 c:/st/stm32cubeide_1.0.2/stm32cubeide/plugins/com.st.stm32cube.ide.mcu.externaltools.gnu-tools-for-stm32.9-2020-q2-update.win32_1.5.0.202011040924/tools/bin/../lib/gcc/arm-none-eabi/9.3.1/../../../../arm-none-eabi/lib/thumb/v7e-m+fp/hard\libc_nano.a(lib_a-mprec.o)
 .rodata.__mprec_bigtens
                0x0000000008009a80       0x28 c:/st/stm32cubeide_1.0.2/stm32cubeide/plugins/com.st.stm32cube.ide.mcu.externaltools.gnu-tools-for-stm32.9-2020-q2-update.win32_1.5.0.202011040924/tools/bin/../lib/gcc/arm-none-eabi/9.3.1/../../../../arm-none-eabi/lib/thumb/v7e-m+fp/hard\libc_nano.a(lib_a-mprec.o)
                0x0000000008009a80                __mprec_bigtens
 .rodata.__mprec_tens
                0x0000000008009aa8       0xc8 c:/st/stm32cubeide_1.0.2/stm32cubeide/plugins/com.st.stm32cube.ide.mcu.externaltools.gnu-tools-for-stm32.9-2020-q2-update.win32_1.5.0.202011040924/tools/bin/../lib/gcc/arm-none-eabi/9.3.1/../../../../arm-none-eabi/lib/thumb/v7e-m+fp/hard\libc_nano.a(lib_a-mprec.o)
                0x0000000008009aa8                __mprec_tens
 .rodata.p05.7513
                0x0000000008009b70        0xc c:/st/stm32cubeide_1.0.2/stm32cubeide/plugins/com.st.stm32cube.ide.mcu.externaltools.gnu-tools-for-stm32.9-2020-q2-update.win32_1.5.0.202011040924/tools/bin/../lib/gcc/arm-none-eabi/9.3.1/../../../../arm-none-eabi/lib/thumb/v7e-m+fp/hard\libc_nano.a(lib_a-mprec.o)
 .rodata._vfprintf_r.str1.1
                0x0000000008009b7c       0x11 c:/st/stm32cubeide_1.0.2/stm32cubeide/plugins/com.st.stm32cube.ide.mcu.externaltools.gnu-tools-for-stm32.9-2020-q2-update.win32_1.5.0.202011040924/tools/bin/../lib/gcc/arm-none-eabi/9.3.1/../../../../arm-none-eabi/lib/thumb/v7e-m+fp/hard\libc_nano.a(lib_a-nano-vfprintf.o)
 .rodata.__assert_func.str1.1
                0x0000000008009b8d       0x3c c:/st/stm32cubeide_1.0.2/stm32cubeide/plugins/com.st.stm32cube.ide.mcu.externaltools.gnu-tools-for-stm32.9-2020-q2-update.win32_1.5.0.202011040924/tools/bin/../lib/gcc/arm-none-eabi/9.3.1/../../../../arm-none-eabi/lib/thumb/v7e-m+fp/hard\libc_nano.a(lib_a-assert.o)
                                         0x3d (size before relaxing)
 .rodata._setlocale_r.str1.1
                0x0000000008009bc9        0x8 c:/st/stm32cubeide_1.0.2/stm32cubeide/plugins/com.st.stm32cube.ide.mcu.externaltools.gnu-tools-for-stm32.9-2020-q2-update.win32_1.5.0.202011040924/tools/bin/../lib/gcc/arm-none-eabi/9.3.1/../../../../arm-none-eabi/lib/thumb/v7e-m+fp/hard\libc_nano.a(lib_a-locale.o)
                                          0x9 (size before relaxing)
 .rodata.str1.1
                0x0000000008009bd1        0x2 c:/st/stm32cubeide_1.0.2/stm32cubeide/plugins/com.st.stm32cube.ide.mcu.externaltools.gnu-tools-for-stm32.9-2020-q2-update.win32_1.5.0.202011040924/tools/bin/../lib/gcc/arm-none-eabi/9.3.1/../../../../arm-none-eabi/lib/thumb/v7e-m+fp/hard\libc_nano.a(lib_a-locale.o)
 .rodata._ctype_
                0x0000000008009bd3      0x101 c:/st/stm32cubeide_1.0.2/stm32cubeide/plugins/com.st.stm32cube.ide.mcu.externaltools.gnu-tools-for-stm32.9-2020-q2-update.win32_1.5.0.202011040924/tools/bin/../lib/gcc/arm-none-eabi/9.3.1/../../../../arm-none-eabi/lib/thumb/v7e-m+fp/hard\libc_nano.a(lib_a-ctype_.o)
                0x0000000008009bd3                _ctype_
                0x0000000008009cd4                . = ALIGN (0x4)

.ARM.extab      0x0000000008009cd4        0x0
                0x0000000008009cd4                . = ALIGN (0x4)
 *(.ARM.extab* .gnu.linkonce.armextab.*)
                0x0000000008009cd4                . = ALIGN (0x4)

.ARM            0x0000000008009cd4        0x8
                0x0000000008009cd4                . = ALIGN (0x4)
                0x0000000008009cd4                __exidx_start = .
 *(.ARM.exidx*)
 .ARM.exidx     0x0000000008009cd4        0x8 c:/st/stm32cubeide_1.0.2/stm32cubeide/plugins/com.st.stm32cube.ide.mcu.externaltools.gnu-tools-for-stm32.9-2020-q2-update.win32_1.5.0.202011040924/tools/bin/../lib/gcc/arm-none-eabi/9.3.1/thumb/v7e-m+fp/hard\libgcc.a(_udivmoddi4.o)
                0x0000000008009cdc                __exidx_end = .
                0x0000000008009cdc                . = ALIGN (0x4)

.rel.dyn        0x0000000008009cdc        0x0
 .rel.iplt      0x0000000008009cdc        0x0 c:/st/stm32cubeide_1.0.2/stm32cubeide/plugins/com.st.stm32cube.ide.mcu.externaltools.gnu-tools-for-stm32.9-2020-q2-update.win32_1.5.0.202011040924/tools/bin/../lib/gcc/arm-none-eabi/9.3.1/thumb/v7e-m+fp/hard/crtbegin.o

.preinit_array  0x0000000008009cdc        0x0
                0x0000000008009cdc                . = ALIGN (0x4)