Archive member included to satisfy reference by file (symbol)

c:/st/stm32cubeide_1.0.2/stm32cubeide/plugins/com.st.stm32cube.ide.mcu.externaltools.gnu-tools-for-stm32.9-2020-q2-update.win32_1.5.0.202011040924/tools/bin/../lib/gcc/arm-none-eabi/9.3.1/../../../../arm-none-eabi/lib/thumb/v7e-m+fp/hard\libc_nano.a(lib_a-errno.o)
                              Core/Src/syscalls.o (__errno)
c:/st/stm32cubeide_1.0.2/stm32cubeide/plugins/com.st.stm32cube.ide.mcu.externaltools.gnu-tools-for-stm32.9-2020-q2-update.win32_1.5.0.202011040924/tools/bin/../lib/gcc/arm-none-eabi/9.3.1/../../../../arm-none-eabi/lib/thumb/v7e-m+fp/hard\libc_nano.a(lib_a-exit.o)
                              c:/st/stm32cubeide_1.0.2/stm32cubeide/plugins/com.st.stm32cube.ide.mcu.externaltools.gnu-tools-for-stm32.9-2020-q2-update.win32_1.5.0.202011040924/tools/bin/../lib/gcc/arm-none-eabi/9.3.1/../../../../arm-none-eabi/lib/thumb/v7e-m+fp/hard/crt0.o (exit)
c:/st/stm32cubeide_1.0.2/stm32cubeide/plugins/com.st.stm32cube.ide.mcu.externaltools.gnu-tools-for-stm32.9-2020-q2-update.win32_1.5.0.202011040924/tools/bin/../lib/gcc/arm-none-eabi/9.3.1/../../../../arm-none-eabi/lib/thumb/v7e-m+fp/hard\libc_nano.a(lib_a-impure.o)
                              c:/st/stm32cubeide_1.0.2/stm32cubeide/plugins/com.st.stm32cube.ide.mcu.externaltools.gnu-tools-for-stm32.9-2020-q2-update.win32_1.5.0.202011040924/tools/bin/../lib/gcc/arm-none-eabi/9.3.1/../../../../arm-none-eabi/lib/thumb/v7e-m+fp/hard\libc_nano.a(lib_a-exit.o) (_global_impure_ptr)
c:/st/stm32cubeide_1.0.2/stm32cubeide/plugins/com.st.stm32cube.ide.mcu.externaltools.gnu-tools-for-stm32.9-2020-q2-update.win32_1.5.0.202011040924/tools/bin/../lib/gcc/arm-none-eabi/9.3.1/../../../../arm-none-eabi/lib/thumb/v7e-m+fp/hard\libc_nano.a(lib_a-init.o)
                              c:/st/stm32cubeide_1.0.2/stm32cubeide/plugins/com.st.stm32cube.ide.mcu.externaltools.gnu-tools-for-stm32.9-2020-q2-update.win32_1.5.0.202011040924/tools/bin/../lib/gcc/arm-none-eabi/9.3.1/../../../../arm-none-eabi/lib/thumb/v7e-m+fp/hard/crt0.o (__libc_init_array)
c:/st/stm32cubeide_1.0.2/stm32cubeide/plugins/com.st.stm32cube.ide.mcu.externaltools.gnu-tools-for-stm32.9-2020-q2-update.win32_1.5.0.202011040924/tools/bin/../lib/gcc/arm-none-eabi/9.3.1/../../../../arm-none-eabi/lib/thumb/v7e-m+fp/hard\libc_nano.a(lib_a-memset.o)
                              c:/st/stm32cubeide_1.0.2/stm32cubeide/plugins/com.st.stm32cube.ide.mcu.externaltools.gnu-tools-for-stm32.9-2020-q2-update.win32_1.5.0.202011040924/tools/bin/../lib/gcc/arm-none-eabi/9.3.1/../../../../arm-none-eabi/lib/thumb/v7e-m+fp/hard/crt0.o (memset)
c:/st/stm32cubeide_1.0.2/stm32cubeide/plugins/com.st.stm32cube.ide.mcu.externaltools.gnu-tools-for-stm32.9-2020-q2-update.win32_1.5.0.202011040924/tools/bin/../lib/gcc/arm-none-eabi/9.3.1/../../../../arm-none-eabi/lib/thumb/v7e-m+fp/hard\libc_nano.a(lib_a-nano-vfprintf_float.o)
                              (_printf_float)
c:/st/stm32cubeide_1.0.2/stm32cubeide/plugins/com.st.stm32cube.ide.mcu.externaltools.gnu-tools-for-stm32.9-2020-q2-update.win32_1.5.0.202011040924/tools/bin/../lib/gcc/arm-none-eabi/9.3.1/../../../../arm-none-eabi/lib/thumb/v7e-m+fp/hard\libc_nano.a(lib_a-nano-vfprintf_i.o)
                              c:/st/stm32cubeide_1.0.2/stm32cubeide/plugins/com.st.stm32cube.ide.mcu.externaltools.gnu-tools-for-stm32.9-2020-q2-update.win32_1.5.0.202011040924/tools/bin/../lib/gcc/arm-none-eabi/9.3.1/../../../../arm-none-eabi/lib/thumb/v7e-m+fp/hard\libc_nano.a(lib_a-nano-vfprintf_float.o) (_printf_common)
c:/st/stm32cubeide_1.0.2/stm32cubeide/plugins/com.st.stm32cube.ide.mcu.externaltools.gnu-tools-for-stm32.9-2020-q2-update.win32_1.5.0.202011040924/tools/bin/../lib/gcc/arm-none-eabi/9.3.1/../../../../arm-none-eabi/lib/thumb/v7e-m+fp/hard\libc_nano.a(lib_a-printf.o)
                              Core/Src/Hardware/ICM20689.o (printf)
c:/st/stm32cubeide_1.0.2/stm32cubeide/plugins/com.st.stm32cube.ide.mcu.externaltools.gnu-tools-for-stm32.9-2020-q2-update.win32_1.5.0.202011040924/tools/bin/../lib/gcc/arm-none-eabi/9.3.1/../../../../arm-none-eabi/lib/thumb/v7e-m+fp/hard\libc_nano.a(lib_a-puts.o)
                              Core/Src/Hardware/ICM20689.o (puts)
c:/st/stm32cubeide_1.0.2/stm32cubeide/plugins/com.st.stm32cube.ide.mcu.externaltools.gnu-tools-for-stm32.9-2020-q2-update.win32_1.5.0.202011040924/tools/bin/../lib/gcc/arm-none-eabi/9.3.1/../../../../arm-none-eabi/lib/thumb/v7e-m+fp/hard\libc_nano.a(lib_a-setbuf.o)
                              Core/Src/main.o (setbuf)
c:/st/stm32cubeide_1.0.2/stm32cubeide/plugins/com.st.stm32cube.ide.mcu.externaltools.gnu-tools-for-stm32.9-2020-q2-update.win32_1.5.0.202011040924/tools/bin/../lib/gcc/arm-none-eabi/9.3.1/../../../../arm-none-eabi/lib/thumb/v7e-m+fp/hard\libc_nano.a(lib_a-setvbuf.o)
[...]
Memory Configuration

Name             Origin             Length             Attributes
CCMRAM           0x0000000010000000 0x0000000000010000 xrw
RAM              0x0000000020000000 0x0000000000020000 xrw
FLASH            0x0000000008000000 0x0000000000100000 xr
*default*        0x0000000000000000 0xffffffffffffffff

Linker script and memory map

LOAD c:/st/stm32cubeide_1.0.2/stm32cubeide/plugins/com.st.stm32cube.ide.mcu.externaltools.gnu-tools-for-stm32.9-2020-q2-update.win32_1.5.0.202011040924/tools/bin/../lib/gcc/arm-none-eabi/9.3.1/thumb/v7e-m+fp/hard/crti.o
LOAD c:/st/stm32cubeide_1.0.2/stm32cubeide/plugins/com.st.stm32cube.ide.mcu.externaltools.gnu-tools-for-stm32.9-2020-q2-update.win32_1.5.0.202011040924/tools/bin/../lib/gcc/arm-none-eabi/9.3.1/thumb/v7e-m+fp/hard/crtbegin.o
LOAD c:/st/stm32cubeide_1.0.2/stm32cubeide/plugins/com.st.stm32cube.ide.mcu.externaltools.gnu-tools-for-stm32.9-2020-q2-update.win32_1.5.0.202011040924/tools/bin/../lib/gcc/arm-none-eabi/9.3.1/../../../../arm-none-eabi/lib/thumb/v7e-m+fp/hard/crt0.o
LOAD Core/Src/Hardware/ICM20689.o
LOAD Core/Src/Hardware/basic_timer.o
LOAD Core/Src/Hardware/buzzer.o
LOAD Core/Src/Hardware/encoder.o
LOAD Core/Src/Hardware/interface_LED.o
LOAD Core/Src/Hardware/motor.o
LOAD Core/Src/Hardware/wall_sensor.o
LOAD Core/Src/System/callback.o
LOAD Core/Src/System/music.o
LOAD Core/Src/adc.o
LOAD Core/Src/gpio.o
LOAD Core/Src/main.o
LOAD Core/Src/spi.o
LOAD Core/Src/stm32f4xx_it.o
LOAD Core/Src/syscalls.o
LOAD Core/Src/sysmem.o
LOAD Core/Src/system_stm32f4xx.o
LOAD Core/Src/tim.o
LOAD Core/Src/usart.o
LOAD Core/Startup/startup_stm32f405rgtx.o
LOAD Drivers/STM32F4xx_HAL_Driver/Src/stm32f4xx_ll_adc.o
LOAD Drivers/STM32F4xx_HAL_Driver/Src/stm32f4xx_ll_dma.o
LOAD Drivers/STM32F4xx_HAL_Driver/Src/stm32f4xx_ll_exti.o
LOAD Drivers/STM32F4xx_HAL_Driver/Src/stm32f4xx_ll_gpio.o
LOAD Drivers/STM32F4xx_HAL_Driver/Src/stm32f4xx_ll_rcc.o
LOAD Drivers/STM32F4xx_HAL_Driver/Src/stm32f4xx_ll_spi.o
LOAD Drivers/STM32F4xx_HAL_Driver/Src/stm32f4xx_ll_tim.o
LOAD Drivers/STM32F4xx_HAL_Driver/Src/stm32f4xx_ll_usart.o
LOAD Drivers/STM32F4xx_HAL_Driver/Src/stm32f4xx_ll_utils.o
START GROUP
LOAD c:/st/stm32cubeide_1.0.2/stm32cubeide/plugins/com.st.stm32cube.ide.mcu.externaltools.gnu-tools-for-stm32.9-2020-q2-update.win32_1.5.0.202011040924/tools/bin/../lib/gcc/arm-none-eabi/9.3.1/../../../../arm-none-eabi/lib/thumb/v7e-m+fp/hard\libc_nano.a
LOAD c:/st/stm32cubeide_1.0.2/stm32cubeide/plugins/com.st.stm32cube.ide.mcu.externaltools.gnu-tools-for-stm32.9-2020-q2-update.win32_1.5.0.202011040924/tools/bin/../lib/gcc/arm-none-eabi/9.3.1/../../../../arm-none-eabi/lib/thumb/v7e-m+fp/hard\libm.a
END GROUP
START GROUP
LOAD c:/st/stm32cubeide_1.0.2/stm32cubeide/plugins/com.st.stm32cube.ide.mcu.externaltools.gnu-tools-for-stm32.9-2020-q2-update.win32_1.5.0.202011040924/tools/bin/../lib/gcc/arm-none-eabi/9.3.1/thumb/v7e-m+fp/hard\libgcc.a
LOAD c:/st/stm32cubeide_1.0.2/stm32cubeide/plugins/com.st.stm32cube.ide.mcu.externaltools.gnu-tools-for-stm32.9-2020-q2-update.win32_1.5.0.202011040924/tools/bin/../lib/gcc/arm-none-eabi/9.3.1/../../../../arm-none-eabi/lib/thumb/v7e-m+fp/hard\libc_nano.a
END GROUP
START GROUP
LOAD c:/st/stm32cubeide_1.0.2/stm32cubeide/plugins/com.st.stm32cube.ide.mcu.externaltools.gnu-tools-for-stm32.9-2020-q2-update.win32_1.5.0.202011040924/tools/bin/../lib/gcc/arm-none-eabi/9.3.1/thumb/v7e-m+fp/hard\libgcc.a
LOAD c:/st/stm32cubeide_1.0.2/stm32cubeide/plugins/com.st.stm32cube.ide.mcu.externaltools.gnu-tools-for-stm32.9-2020-q2-update.win32_1.5.0.202011040924/tools/bin/../lib/gcc/arm-none-eabi/9.3.1/../../../../arm-none-eabi/lib/thumb/v7e-m+fp/hard\libc_nano.a
LOAD c:/st/stm32cubeide_1.0.2/stm32cubeide/plugins/com.st.stm32cube.ide.mcu.externaltools.gnu-tools-for-stm32.9-2020-q2-update.win32_1.5.0.202011040924/tools/bin/../lib/gcc/arm-none-eabi/9.3.1/../../../../arm-none-eabi/lib/thumb/v7e-m+fp/hard\libnosys.a
END GROUP
START GROUP
LOAD c:/st/stm32cubeide_1.0.2/stm32cubeide/plugins/com.st.stm32cube.ide.mcu.externaltools.gnu-tools-for-stm32.9-2020-q2-update.win32_1.5.0.202011040924/tools/bin/../lib/gcc/arm-none-eabi/9.3.1/thumb/v7e-m+fp/hard\libgcc.a
LOAD c:/st/stm32cubeide_1.0.2/stm32cubeide/plugins/com.st.stm32cube.ide.mcu.externaltools.gnu-tools-for-stm32.9-2020-q2-update.win32_1.5.0.202011040924/tools/bin/../lib/gcc/arm-none-eabi/9.3.1/../../../../arm-none-eabi/lib/thumb/v7e-m+fp/hard\libc_nano.a
LOAD c:/st/stm32cubeide_1.0.2/stm32cubeide/plugins/com.st.stm32cube.ide.mcu.externaltools.gnu-tools-for-stm32.9-2020-q2-update.win32_1.5.0.202011040924/tools/bin/../lib/gcc/arm-none-eabi/9.3.1/../../../../arm-none-eabi/lib/thumb/v7e-m+fp/hard\libnosys.a
END GROUP
LOAD c:/st/stm32cubeide_1.0.2/stm32cubeide/plugins/com.st.stm32cube.ide.mcu.externaltools.gnu-tools-for-stm32.9-2020-q2-update.win32_1.5.0.202011040924/tools/bin/../lib/gcc/arm-none-eabi/9.3.1/thumb/v7e-m+fp/hard/crtend.o
LOAD c:/st/stm32cubeide_1.0.2/stm32cubeide/plugins/com.st.stm32cube.ide.mcu.externaltools.gnu-tools-for-stm32.9-2020-q2-update.win32_1.5.0.202011040924/tools/bin/../lib/gcc/arm-none-eabi/9.3.1/thumb/v7e-m+fp/hard/crtn.o
                0x0000000020020000                _estack = (ORIGIN (RAM) + LENGTH (RAM))
                0x0000000000000200                _Min_Heap_Size = 0x200
                0x0000000000000400                _Min_Stack_Size = 0x400

.isr_vector     0x0000000008000000      0x188
                0x0000000008000000                . = ALIGN (0x4)
 *(.isr_vector)
 .isr_vector    0x0000000008000000      0x188 Core/Startup/startup_stm32f405rgtx.o
                0x0000000008000000                g_pfnVectors
                0x0000000008000188                . = ALIGN (0x4)

.text           0x0000000008000190     0x715c
                0x0000000008000190                . = ALIGN (0x4)
 *(.text)
 .text          0x0000000008000190       0x40 c:/st/stm32cubeide_1.0.2/stm32cubeide/plugins/com.st.stm32cube.ide.mcu.externaltools.gnu-tools-for-stm32.9-2020-q2-update.win32_1.5.0.202011040924/tools/bin/../lib/gcc/arm-none-eabi/9.3.1/thumb/v7e-m+fp/hard/crtbegin.o
 .text          0x00000000080001d0       0x10 c:/st/stm32cubeide_1.0.2/stm32cubeide/plugins/com.st.stm32cube.ide.mcu.externaltools.gnu-tools-for-stm32.9-2020-q2-update.win32_1.5.0.202011040924/tools/bin/../lib/gcc/arm-none-eabi/9.3.1/../../../../arm-none-eabi/lib/thumb/v7e-m+fp/hard\libc_nano.a(lib_a-strlen.o)
                0x00000000080001d0                strlen
 .text          0x00000000080001e0       0xa0 c:/st/stm32cubeide_1.0.2/stm32cubeide/plugins/com.st.stm32cube.ide.mcu.externaltools.gnu-tools-for-stm32.9-2020-q2-update.win32_1.5.0.202011040924/tools/bin/../lib/gcc/arm-none-eabi/9.3.1/../../../../arm-none-eabi/lib/thumb/v7e-m+fp/hard\libc_nano.a(lib_a-memchr.o)
                0x00000000080001e0                memchr
 .text          0x0000000008000280      0x378 c:/st/stm32cubeide_1.0.2/stm32cubeide/plugins/com.st.stm32cube.ide.mcu.externaltools.gnu-tools-for-stm32.9-2020-q2-update.win32_1.5.0.202011040924/tools/bin/../lib/gcc/arm-none-eabi/9.3.1/thumb/v7e-m+fp/hard\libgcc.a(_arm_addsubdf3.o)
                0x0000000008000280                __aeabi_drsub
                0x0000000008000288                __aeabi_dsub
                0x0000000008000288                __subdf3
                0x000000000800028c                __aeabi_dadd
                0x000000000800028c                __adddf3
                0x0000000008000504                __floatunsidf
                0x0000000008000504                __aeabi_ui2d
                0x0000000008000524                __floatsidf
                0x0000000008000524                __aeabi_i2d
                0x0000000008000548                __aeabi_f2d
                0x0000000008000548                __extendsfdf2
                0x000000000800058c                __floatundidf
                0x000000000800058c                __aeabi_ul2d
                0x000000000800059c                __floatdidf
                0x000000000800059c                __aeabi_l2d
 .text          0x00000000080005f8      0x424 c:/st/stm32cubeide_1.0.2/stm32cubeide/plugins/com.st.stm32cube.ide.mcu.externaltools.gnu-tools-for-stm32.9-2020-q2-update.win32_1.5.0.202011040924/tools/bin/../lib/gcc/arm-none-eabi/9.3.1/thumb/v7e-m+fp/hard\libgcc.a(_arm_muldivdf3.o)
                0x00000000080005f8                __aeabi_dmul
                0x00000000080005f8                __muldf3
                0x000000000800084c                __divdf3
                0x000000000800084c                __aeabi_ddiv
 .text          0x0000000008000a1c      0x110 c:/st/stm32cubeide_1.0.2/stm32cubeide/plugins/com.st.stm32cube.ide.mcu.externaltools.gnu-tools-for-stm32.9-2020-q2-update.win32_1.5.0.202011040924/tools/bin/../lib/gcc/arm-none-eabi/9.3.1/thumb/v7e-m+fp/hard\libgcc.a(_arm_cmpdf2.o)
                0x0000000008000a1c                __gtdf2
                0x0000000008000a1c                __gedf2
                0x0000000008000a24                __ltdf2
                0x0000000008000a24                __ledf2
                0x0000000008000a2c                __nedf2
                0x0000000008000a2c                __eqdf2
                0x0000000008000a2c                __cmpdf2
                0x0000000008000aa8                __aeabi_cdrcmple
                0x0000000008000ab8                __aeabi_cdcmpeq
                0x0000000008000ab8                __aeabi_cdcmple
                0x0000000008000ac8                __aeabi_dcmpeq
                0x0000000008000adc                __aeabi_dcmplt
                0x0000000008000af0                __aeabi_dcmple
                0x0000000008000b04                __aeabi_dcmpge
                0x0000000008000b18                __aeabi_dcmpgt
 .text          0x0000000008000b2c       0x2c c:/st/stm32cubeide_1.0.2/stm32cubeide/plugins/com.st.stm32cube.ide.mcu.externaltools.gnu-tools-for-stm32.9-2020-q2-update.win32_1.5.0.202011040924/tools/bin/../lib/gcc/arm-none-eabi/9.3.1/thumb/v7e-m+fp/hard\libgcc.a(_arm_unorddf2.o)
                0x0000000008000b2c                __unorddf2
                0x0000000008000b2c                __aeabi_dcmpun
 .text          0x0000000008000b58       0x50 c:/st/stm32cubeide_1.0.2/stm32cubeide/plugins/com.st.stm32cube.ide.mcu.externaltools.gnu-tools-for-stm32.9-2020-q2-update.win32_1.5.0.202011040924/tools/bin/../lib/gcc/arm-none-eabi/9.3.1/thumb/v7e-m+fp/hard\libgcc.a(_arm_fixdfsi.o)
                0x0000000008000b58                __aeabi_d2iz
                0x0000000008000b58                __fixdfsi
 .text          0x0000000008000ba8       0x30 c:/st/stm32cubeide_1.0.2/stm32cubeide/plugins/com.st.stm32cube.ide.mcu.externaltools.gnu-tools-for-stm32.9-2020-q2-update.win32_1.5.0.202011040924/tools/bin/../lib/gcc/arm-none-eabi/9.3.1/thumb/v7e-m+fp/hard\libgcc.a(_aeabi_uldivmod.o)
                0x0000000008000ba8                __aeabi_uldivmod
 .text          0x0000000008000bd8      0x2c4 c:/st/stm32cubeide_1.0.2/stm32cubeide/plugins/com.st.stm32cube.ide.mcu.externaltools.gnu-tools-for-stm32.9-2020-q2-update.win32_1.5.0.202011040924/tools/bin/../lib/gcc/arm-none-eabi/9.3.1/thumb/v7e-m+fp/hard\libgcc.a(_udivmoddi4.o)
                0x0000000008000bd8                __udivmoddi4
 .text          0x0000000008000e9c        0x4 c:/st/stm32cubeide_1.0.2/stm32cubeide/plugins/com.st.stm32cube.ide.mcu.externaltools.gnu-tools-for-stm32.9-2020-q2-update.win32_1.5.0.202011040924/tools/bin/../lib/gcc/arm-none-eabi/9.3.1/thumb/v7e-m+fp/hard\libgcc.a(_dvmd_tls.o)
                0x0000000008000e9c                __aeabi_idiv0
                0x0000000008000e9c                __aeabi_ldiv0
 *(.text*)
 .text.LL_SPI_Enable
                0x0000000008000ea0       0x20 Core/Src/Hardware/ICM20689.o
 .text.LL_SPI_IsEnabled
                0x0000000008000ec0       0x26 Core/Src/Hardware/ICM20689.o
 .text.LL_SPI_IsActiveFlag_RXNE
                0x0000000008000ee6       0x26 Core/Src/Hardware/ICM20689.o
 .text.LL_SPI_IsActiveFlag_TXE
                0x0000000008000f0c       0x26 Core/Src/Hardware/ICM20689.o
 .text.LL_SPI_ReceiveData8
                0x0000000008000f32       0x1a Core/Src/Hardware/ICM20689.o
 .text.LL_SPI_TransmitData8
                0x0000000008000f4c       0x24 Core/Src/Hardware/ICM20689.o
 .text.LL_GPIO_SetOutputPin
                0x0000000008000f70       0x1c Core/Src/Hardware/ICM20689.o
 .text.LL_GPIO_ResetOutputPin
                0x0000000008000f8c       0x1e Core/Src/Hardware/ICM20689.o
 *fill*         0x0000000008000faa        0x2 
 .text.SPI_Control
                0x0000000008000fac       0x9c Core/Src/Hardware/ICM20689.o
                0x0000000008000fac                SPI_Control
 .text.readByte
                0x0000000008001048       0x38 Core/Src/Hardware/ICM20689.o
                0x0000000008001048                readByte
 .text.writeByte
                0x0000000008001080       0x3c Core/Src/Hardware/ICM20689.o
                0x0000000008001080                writeByte
 .text.gyroInit
                0x00000000080010bc       0xa4 Core/Src/Hardware/ICM20689.o
                0x00000000080010bc                gyroInit
 .text.waitMs   0x0000000008001160       0x1a Core/Src/Hardware/basic_timer.o
                0x0000000008001160                waitMs
 .text.LL_TIM_EnableCounter
                0x000000000800117a       0x20 Core/Src/Hardware/buzzer.o
 .text.LL_TIM_SetCounter
                0x000000000800119a       0x1c Core/Src/Hardware/buzzer.o
 .text.LL_TIM_SetAutoReload
                0x00000000080011b6       0x1c Core/Src/Hardware/buzzer.o
 .text.LL_TIM_CC_EnableChannel
                0x00000000080011d2       0x22 Core/Src/Hardware/buzzer.o
 .text.LL_TIM_OC_SetCompareCH4
                0x00000000080011f4       0x1c Core/Src/Hardware/buzzer.o
 .text.LL_TIM_EnableAllOutputs
                0x0000000008001210       0x20 Core/Src/Hardware/buzzer.o
 .text.enableMelody
                0x0000000008001230       0x24 Core/Src/Hardware/buzzer.o
                0x0000000008001230                enableMelody
 .text.stopMelody
                0x0000000008001254       0x14 Core/Src/Hardware/buzzer.o
                0x0000000008001254                stopMelody
 .text.Melody   0x0000000008001268       0x58 Core/Src/Hardware/buzzer.o
                0x0000000008001268                Melody
 .text.setLED1State
                0x00000000080012c0       0x34 Core/Src/Hardware/interface_LED.o
                0x00000000080012c0                setLED1State
 .text.setLED2State
                0x00000000080012f4       0x34 Core/Src/Hardware/interface_LED.o
                0x00000000080012f4                setLED2State
 .text.setLED3State
                0x0000000008001328       0x34 Core/Src/Hardware/interface_LED.o
                0x0000000008001328                setLED3State
 .text.setLED4State
                0x000000000800135c       0x30 Core/Src/Hardware/interface_LED.o
                0x000000000800135c                setLED4State
 .text.setLED5State
                0x000000000800138c       0x30 Core/Src/Hardware/interface_LED.o
                0x000000000800138c                setLED5State
 .text.LL_TIM_EnableCounter
                0x00000000080013bc       0x20 Core/Src/Hardware/motor.o
 .text.LL_TIM_SetCounter
                0x00000000080013dc       0x1c Core/Src/Hardware/motor.o
 .text.LL_TIM_CC_EnableChannel
                0x00000000080013f8       0x22 Core/Src/Hardware/motor.o
 .text.LL_TIM_OC_SetCompareCH1
                0x000000000800141a       0x1c Core/Src/Hardware/motor.o
 .text.LL_TIM_OC_SetCompareCH2
                0x0000000008001436       0x1c Core/Src/Hardware/motor.o
 .text.LL_TIM_EnableAllOutputs
                0x0000000008001452       0x20 Core/Src/Hardware/motor.o
 .text.LL_GPIO_SetOutputPin
                0x0000000008001472       0x1c Core/Src/Hardware/motor.o
 .text.LL_GPIO_ResetOutputPin
                0x000000000800148e       0x1e Core/Src/Hardware/motor.o
 .text.setMotorDriverState
                0x00000000080014ac       0x3c Core/Src/Hardware/motor.o
                0x00000000080014ac                setMotorDriverState
 .text.enableMotors
                0x00000000080014e8       0x90 Core/Src/Hardware/motor.o
                0x00000000080014e8                enableMotors
 .text.setMotorDirection
                0x0000000008001578       0x80 Core/Src/Hardware/motor.o
                0x0000000008001578                setMotorDirection
 .text.dutyConverter
                0x00000000080015f8       0x6c Core/Src/Hardware/motor.o
                0x00000000080015f8                dutyConverter
 .text.driveMotors
                0x0000000008001664       0xa4 Core/Src/Hardware/motor.o
                0x0000000008001664                driveMotors
 .text.callbackTIM
                0x0000000008001708       0x44 Core/Src/System/callback.o
                0x0000000008001708                callbackTIM
 .text.MelodyKurenai
                0x000000000800174c       0x76 Core/Src/System/music.o
                0x000000000800174c                MelodyKurenai
 .text.LL_ADC_REG_SetSequencerRanks
                0x00000000080017c2       0x6c Core/Src/adc.o
 .text.LL_ADC_REG_SetFlagEndOfConversion
                0x000000000800182e       0x26 Core/Src/adc.o
 .text.LL_ADC_SetChannelSamplingTime
                0x0000000008001854       0x98 Core/Src/adc.o
 .text.LL_AHB1_GRP1_EnableClock
                0x00000000080018ec       0x30 Core/Src/adc.o
 .text.LL_APB2_GRP1_EnableClock
                0x000000000800191c       0x30 Core/Src/adc.o
 .text.MX_ADC1_Init
                0x000000000800194c       0xe8 Core/Src/adc.o
                0x000000000800194c                MX_ADC1_Init
 .text.LL_AHB1_GRP1_EnableClock
                0x0000000008001a34       0x30 Core/Src/gpio.o
 .text.LL_GPIO_ResetOutputPin
                0x0000000008001a64       0x1e Core/Src/gpio.o
 *fill*         0x0000000008001a82        0x2 
 .text.MX_GPIO_Init
                0x0000000008001a84      0x104 Core/Src/gpio.o
                0x0000000008001a84                MX_GPIO_Init
 .text.__NVIC_SetPriorityGrouping
                0x0000000008001b88       0x48 Core/Src/main.o
 .text.LL_RCC_HSI_Enable
                0x0000000008001bd0       0x20 Core/Src/main.o
 .text.LL_RCC_HSI_IsReady
                0x0000000008001bf0       0x24 Core/Src/main.o
 .text.LL_RCC_HSI_SetCalibTrimming
                0x0000000008001c14       0x2c Core/Src/main.o
 .text.LL_RCC_SetSysClkSource
                0x0000000008001c40       0x28 Core/Src/main.o
 .text.LL_RCC_GetSysClkSource
                0x0000000008001c68       0x1c Core/Src/main.o
 .text.LL_RCC_SetAHBPrescaler
                0x0000000008001c84       0x28 Core/Src/main.o
 .text.LL_RCC_SetAPB1Prescaler
                0x0000000008001cac       0x28 Core/Src/main.o
 .text.LL_RCC_SetAPB2Prescaler
                0x0000000008001cd4       0x28 Core/Src/main.o
 .text.LL_RCC_PLL_Enable
                0x0000000008001cfc       0x20 Core/Src/main.o
 .text.LL_RCC_PLL_IsReady
                0x0000000008001d1c       0x28 Core/Src/main.o
 .text.LL_RCC_PLL_ConfigDomain_SYS
                0x0000000008001d44       0x4c Core/Src/main.o
 .text.LL_APB1_GRP1_EnableClock
                0x0000000008001d90       0x30 Core/Src/main.o
 .text.LL_APB2_GRP1_EnableClock
                0x0000000008001dc0       0x30 Core/Src/main.o
 .text.LL_FLASH_SetLatency
                0x0000000008001df0       0x28 Core/Src/main.o
 .text.LL_FLASH_GetLatency
                0x0000000008001e18       0x1c Core/Src/main.o
 .text.LL_PWR_SetRegulVoltageScaling
                0x0000000008001e34       0x28 Core/Src/main.o
 .text.LL_SPI_Enable
                0x0000000008001e5c       0x20 Core/Src/main.o
 .text.LL_USART_IsActiveFlag_TXE
                0x0000000008001e7c       0x26 Core/Src/main.o
 .text.LL_USART_TransmitData8
                0x0000000008001ea2       0x1e Core/Src/main.o
 .text.__io_putchar
                0x0000000008001ec0       0x54 Core/Src/main.o
                0x0000000008001ec0                __io_putchar
 .text.main     0x0000000008001f14       0xec Core/Src/main.o
                0x0000000008001f14                main
 .text.SystemClock_Config
                0x0000000008002000       0x8c Core/Src/main.o
                0x0000000008002000                SystemClock_Config
 .text.LL_AHB1_GRP1_EnableClock
                0x000000000800208c       0x30 Core/Src/spi.o
 .text.LL_APB1_GRP1_EnableClock
                0x00000000080020bc       0x30 Core/Src/spi.o
 .text.LL_SPI_SetStandard
                0x00000000080020ec       0x26 Core/Src/spi.o
 *fill*         0x0000000008002112        0x2 
 .text.MX_SPI3_Init
                0x0000000008002114       0xa8 Core/Src/spi.o
                0x0000000008002114                MX_SPI3_Init
 .text.LL_TIM_ClearFlag_UPDATE
                0x00000000080021bc       0x1c Core/Src/stm32f4xx_it.o
 .text.LL_TIM_IsActiveFlag_UPDATE
                0x00000000080021d8       0x26 Core/Src/stm32f4xx_it.o
 .text.NMI_Handler
                0x00000000080021fe        0x6 Core/Src/stm32f4xx_it.o
                0x00000000080021fe                NMI_Handler
 .text.HardFault_Handler
                0x0000000008002204        0x6 Core/Src/stm32f4xx_it.o
                0x0000000008002204                HardFault_Handler
 .text.MemManage_Handler
                0x000000000800220a        0x6 Core/Src/stm32f4xx_it.o
                0x000000000800220a                MemManage_Handler
 .text.BusFault_Handler
                0x0000000008002210        0x6 Core/Src/stm32f4xx_it.o
                0x0000000008002210                BusFault_Handler
 .text.UsageFault_Handler
                0x0000000008002216        0x6 Core/Src/stm32f4xx_it.o
                0x0000000008002216                UsageFault_Handler
 .text.SVC_Handler
                0x000000000800221c        0xe Core/Src/stm32f4xx_it.o
                0x000000000800221c                SVC_Handler
 .text.DebugMon_Handler
                0x000000000800222a        0xe Core/Src/stm32f4xx_it.o
                0x000000000800222a                DebugMon_Handler
 .text.PendSV_Handler
                0x0000000008002238        0xe Core/Src/stm32f4xx_it.o
                0x0000000008002238                PendSV_Handler
 .text.SysTick_Handler
                0x0000000008002246        0xe Core/Src/stm32f4xx_it.o
                0x0000000008002246                SysTick_Handler
 .text.TIM5_IRQHandler
                0x0000000008002254       0x24 Core/Src/stm32f4xx_it.o
                0x0000000008002254                TIM5_IRQHandler
 .text._getpid  0x0000000008002278       0x10 Core/Src/syscalls.o
                0x0000000008002278                _getpid
 .text._kill    0x0000000008002288       0x20 Core/Src/syscalls.o
                0x0000000008002288                _kill
 .text._exit    0x00000000080022a8       0x14 Core/Src/syscalls.o
                0x00000000080022a8                _exit
 .text._read    0x00000000080022bc       0x3a Core/Src/syscalls.o
                0x00000000080022bc                _read
 .text._write   0x00000000080022f6       0x38 Core/Src/syscalls.o
                0x00000000080022f6                _write
 .text._close   0x000000000800232e       0x18 Core/Src/syscalls.o
                0x000000000800232e                _close
 .text._fstat   0x0000000008002346       0x20 Core/Src/syscalls.o
                0x0000000008002346                _fstat
 .text._isatty  0x0000000008002366       0x16 Core/Src/syscalls.o
                0x0000000008002366                _isatty
 .text._lseek   0x000000000800237c       0x1a Core/Src/syscalls.o
                0x000000000800237c                _lseek
 *fill*         0x0000000008002396        0x2 
 .text._sbrk    0x0000000008002398       0x6c Core/Src/sysmem.o
                0x0000000008002398                _sbrk
 .text.SystemInit
                0x0000000008002404       0x2c Core/Src/system_stm32f4xx.o
                0x0000000008002404                SystemInit
 .text.__NVIC_GetPriorityGrouping
                0x0000000008002430       0x1c Core/Src/tim.o
 .text.__NVIC_EnableIRQ
                0x000000000800244c       0x3c Core/Src/tim.o
 .text.__NVIC_SetPriority
                0x0000000008002488       0x54 Core/Src/tim.o
 .text.NVIC_EncodePriority
                0x00000000080024dc       0x66 Core/Src/tim.o
 *fill*         0x0000000008002542        0x2 
 .text.LL_AHB1_GRP1_EnableClock
                0x0000000008002544       0x30 Core/Src/tim.o
 .text.LL_APB1_GRP1_EnableClock
                0x0000000008002574       0x30 Core/Src/tim.o
 .text.LL_APB2_GRP1_EnableClock
                0x00000000080025a4       0x30 Core/Src/tim.o
 .text.LL_TIM_EnableARRPreload
                0x00000000080025d4       0x20 Core/Src/tim.o
 .text.LL_TIM_DisableARRPreload
                0x00000000080025f4       0x20 Core/Src/tim.o
 .text.LL_TIM_OC_DisableFast
                0x0000000008002614       0x8c Core/Src/tim.o
 .text.LL_TIM_OC_EnablePreload
                0x00000000080026a0       0x88 Core/Src/tim.o
 .text.LL_TIM_IC_SetActiveInput
                0x0000000008002728       0x9c Core/Src/tim.o
 .text.LL_TIM_IC_SetPrescaler
                0x00000000080027c4       0x9c Core/Src/tim.o
 .text.LL_TIM_IC_SetFilter
                0x0000000008002860       0x9c Core/Src/tim.o
 .text.LL_TIM_IC_SetPolarity
                0x00000000080028fc       0x88 Core/Src/tim.o
 .text.LL_TIM_SetClockSource
                0x0000000008002984       0x2a Core/Src/tim.o
 .text.LL_TIM_SetEncoderMode
                0x00000000080029ae       0x26 Core/Src/tim.o
 .text.LL_TIM_SetTriggerOutput
                0x00000000080029d4       0x26 Core/Src/tim.o
 .text.LL_TIM_DisableMasterSlaveMode
                0x00000000080029fa       0x20 Core/Src/tim.o
 *fill*         0x0000000008002a1a        0x2 
 .text.MX_TIM1_Init
                0x0000000008002a1c      0x130 Core/Src/tim.o
                0x0000000008002a1c                MX_TIM1_Init
 .text.MX_TIM2_Init
                0x0000000008002b4c       0xf8 Core/Src/tim.o
                0x0000000008002b4c                MX_TIM2_Init
 .text.MX_TIM3_Init
                0x0000000008002c44       0xf4 Core/Src/tim.o
                0x0000000008002c44                MX_TIM3_Init
 .text.MX_TIM4_Init
                0x0000000008002d38       0xf4 Core/Src/tim.o
                0x0000000008002d38                MX_TIM4_Init
 .text.MX_TIM5_Init
                0x0000000008002e2c       0x80 Core/Src/tim.o
                0x0000000008002e2c                MX_TIM5_Init
 .text.MX_TIM8_Init
                0x0000000008002eac      0x134 Core/Src/tim.o
                0x0000000008002eac                MX_TIM8_Init
 .text.MX_TIM11_Init
                0x0000000008002fe0       0xcc Core/Src/tim.o
                0x0000000008002fe0                MX_TIM11_Init
 .text.LL_AHB1_GRP1_EnableClock
                0x00000000080030ac       0x30 Core/Src/usart.o
 .text.LL_APB2_GRP1_EnableClock
                0x00000000080030dc       0x30 Core/Src/usart.o
 .text.LL_USART_Enable
                0x000000000800310c       0x20 Core/Src/usart.o
 .text.LL_USART_ConfigAsyncMode
                0x000000000800312c       0x2c Core/Src/usart.o
 .text.MX_USART1_UART_Init
                0x0000000008003158       0xa0 Core/Src/usart.o
                0x0000000008003158                MX_USART1_UART_Init
 .text.Reset_Handler
                0x00000000080031f8       0x50 Core/Startup/startup_stm32f405rgtx.o
                0x00000000080031f8                Reset_Handler
 .text.Default_Handler
                0x0000000008003248        0x2 Core/Startup/startup_stm32f405rgtx.o
                0x0000000008003248                RTC_Alarm_IRQHandler
                0x0000000008003248                HASH_RNG_IRQHandler
                0x0000000008003248                EXTI2_IRQHandler
                0x0000000008003248                TIM8_CC_IRQHandler
                0x0000000008003248                TIM1_CC_IRQHandler
                0x0000000008003248                DMA2_Stream5_IRQHandler
                0x0000000008003248                DMA1_Stream5_IRQHandler
                0x0000000008003248                PVD_IRQHandler
                0x0000000008003248                SDIO_IRQHandler
                0x0000000008003248                TAMP_STAMP_IRQHandler
                0x0000000008003248                CAN2_RX1_IRQHandler
                0x0000000008003248                EXTI3_IRQHandler
                0x0000000008003248                TIM8_TRG_COM_TIM14_IRQHandler
                0x0000000008003248                TIM1_UP_TIM10_IRQHandler
                0x0000000008003248                TIM8_UP_TIM13_IRQHandler
                0x0000000008003248                I2C3_ER_IRQHandler
                0x0000000008003248                EXTI0_IRQHandler
                0x0000000008003248                I2C2_EV_IRQHandler
                0x0000000008003248                DMA1_Stream2_IRQHandler
                0x0000000008003248                CAN1_RX0_IRQHandler
                0x0000000008003248                FPU_IRQHandler
                0x0000000008003248                OTG_HS_WKUP_IRQHandler
                0x0000000008003248                CAN2_SCE_IRQHandler
                0x0000000008003248                DMA2_Stream2_IRQHandler
                0x0000000008003248                SPI1_IRQHandler
                0x0000000008003248                TIM6_DAC_IRQHandler
                0x0000000008003248                TIM1_BRK_TIM9_IRQHandler
                0x0000000008003248                CAN2_RX0_IRQHandler
                0x0000000008003248                DMA2_Stream3_IRQHandler
                0x0000000008003248                USART6_IRQHandler
                0x0000000008003248                USART3_IRQHandler
                0x0000000008003248                CAN1_RX1_IRQHandler
                0x0000000008003248                UART5_IRQHandler
                0x0000000008003248                DMA2_Stream0_IRQHandler
                0x0000000008003248                TIM4_IRQHandler
                0x0000000008003248                I2C1_EV_IRQHandler
                0x0000000008003248                DMA1_Stream6_IRQHandler
                0x0000000008003248                DMA1_Stream1_IRQHandler
                0x0000000008003248                UART4_IRQHandler
                0x0000000008003248                TIM3_IRQHandler
                0x0000000008003248                RCC_IRQHandler
                0x0000000008003248                TIM8_BRK_TIM12_IRQHandler
                0x0000000008003248                Default_Handler
                0x0000000008003248                EXTI15_10_IRQHandler
                0x0000000008003248                ADC_IRQHandler
                0x0000000008003248                DMA1_Stream7_IRQHandler
                0x0000000008003248                TIM7_IRQHandler
                0x0000000008003248                CAN2_TX_IRQHandler
                0x0000000008003248                DMA2_Stream7_IRQHandler
                0x0000000008003248                I2C3_EV_IRQHandler
                0x0000000008003248                EXTI9_5_IRQHandler
                0x0000000008003248                RTC_WKUP_IRQHandler
                0x0000000008003248                SPI2_IRQHandler
                0x0000000008003248                OTG_HS_EP1_IN_IRQHandler
                0x0000000008003248                DMA1_Stream0_IRQHandler
                0x0000000008003248                CAN1_TX_IRQHandler
                0x0000000008003248                EXTI4_IRQHandler
                0x0000000008003248                FSMC_IRQHandler
                0x0000000008003248                OTG_HS_EP1_OUT_IRQHandler
                0x0000000008003248                WWDG_IRQHandler
                0x0000000008003248                TIM2_IRQHandler
                0x0000000008003248                OTG_FS_WKUP_IRQHandler
                0x0000000008003248                TIM1_TRG_COM_TIM11_IRQHandler
                0x0000000008003248                OTG_HS_IRQHandler
                0x0000000008003248                EXTI1_IRQHandler
                0x0000000008003248                USART2_IRQHandler
                0x0000000008003248                I2C2_ER_IRQHandler
                0x0000000008003248                DMA2_Stream1_IRQHandler
                0x0000000008003248                CAN1_SCE_IRQHandler
                0x0000000008003248                FLASH_IRQHandler
                0x0000000008003248                DMA2_Stream4_IRQHandler
                0x0000000008003248                USART1_IRQHandler
                0x0000000008003248                OTG_FS_IRQHandler
                0x0000000008003248                SPI3_IRQHandler
                0x0000000008003248                DMA1_Stream4_IRQHandler
                0x0000000008003248                I2C1_ER_IRQHandler
                0x0000000008003248                DMA2_Stream6_IRQHandler
                0x0000000008003248                DMA1_Stream3_IRQHandler
 .text.LL_ADC_REG_SetSequencerLength
                0x000000000800324a       0x26 Drivers/STM32F4xx_HAL_Driver/Src/stm32f4xx_ll_adc.o
 .text.LL_ADC_IsEnabled
                0x0000000008003270       0x26 Drivers/STM32F4xx_HAL_Driver/Src/stm32f4xx_ll_adc.o
 *fill*         0x0000000008003296        0x2 
 .text.LL_ADC_CommonInit
                0x0000000008003298       0x90 Drivers/STM32F4xx_HAL_Driver/Src/stm32f4xx_ll_adc.o
                0x0000000008003298                LL_ADC_CommonInit
 .text.LL_ADC_Init
                0x0000000008003328       0x58 Drivers/STM32F4xx_HAL_Driver/Src/stm32f4xx_ll_adc.o
                0x0000000008003328                LL_ADC_Init
 .text.LL_ADC_REG_Init
                0x0000000008003380       0x84 Drivers/STM32F4xx_HAL_Driver/Src/stm32f4xx_ll_adc.o
                0x0000000008003380                LL_ADC_REG_Init
 .text.LL_GPIO_SetPinMode
                0x0000000008003404       0x5e Drivers/STM32F4xx_HAL_Driver/Src/stm32f4xx_ll_gpio.o
 .text.LL_GPIO_SetPinOutputType
                0x0000000008003462       0x30 Drivers/STM32F4xx_HAL_Driver/Src/stm32f4xx_ll_gpio.o
 .text.LL_GPIO_SetPinSpeed
                0x0000000008003492       0x5e Drivers/STM32F4xx_HAL_Driver/Src/stm32f4xx_ll_gpio.o
 .text.LL_GPIO_SetPinPull
                0x00000000080034f0       0x5e Drivers/STM32F4xx_HAL_Driver/Src/stm32f4xx_ll_gpio.o
 .text.LL_GPIO_SetAFPin_0_7
                0x000000000800354e       0x5e Drivers/STM32F4xx_HAL_Driver/Src/stm32f4xx_ll_gpio.o
 .text.LL_GPIO_SetAFPin_8_15
                0x00000000080035ac       0x62 Drivers/STM32F4xx_HAL_Driver/Src/stm32f4xx_ll_gpio.o
 .text.LL_GPIO_Init
                0x000000000800360e       0xe6 Drivers/STM32F4xx_HAL_Driver/Src/stm32f4xx_ll_gpio.o
                0x000000000800360e                LL_GPIO_Init
 .text.LL_RCC_GetSysClkSource
                0x00000000080036f4       0x1c Drivers/STM32F4xx_HAL_Driver/Src/stm32f4xx_ll_rcc.o
 .text.LL_RCC_GetAHBPrescaler
                0x0000000008003710       0x1c Drivers/STM32F4xx_HAL_Driver/Src/stm32f4xx_ll_rcc.o
 .text.LL_RCC_GetAPB1Prescaler
                0x000000000800372c       0x1c Drivers/STM32F4xx_HAL_Driver/Src/stm32f4xx_ll_rcc.o
 .text.LL_RCC_GetAPB2Prescaler
                0x0000000008003748       0x1c Drivers/STM32F4xx_HAL_Driver/Src/stm32f4xx_ll_rcc.o
 .text.LL_RCC_PLL_GetMainSource
                0x0000000008003764       0x1c Drivers/STM32F4xx_HAL_Driver/Src/stm32f4xx_ll_rcc.o
 .text.LL_RCC_PLL_GetN
                0x0000000008003780       0x1c Drivers/STM32F4xx_HAL_Driver/Src/stm32f4xx_ll_rcc.o
 .text.LL_RCC_PLL_GetP
                0x000000000800379c       0x1c Drivers/STM32F4xx_HAL_Driver/Src/stm32f4xx_ll_rcc.o
 .text.LL_RCC_PLL_GetDivider
                0x00000000080037b8       0x1c Drivers/STM32F4xx_HAL_Driver/Src/stm32f4xx_ll_rcc.o
 .text.LL_RCC_GetSystemClocksFreq
                0x00000000080037d4       0x4a Drivers/STM32F4xx_HAL_Driver/Src/stm32f4xx_ll_rcc.o
                0x00000000080037d4                LL_RCC_GetSystemClocksFreq
 *fill*         0x000000000800381e        0x2 
 .text.RCC_GetSystemClockFreq
                0x0000000008003820       0x50 Drivers/STM32F4xx_HAL_Driver/Src/stm32f4xx_ll_rcc.o
                0x0000000008003820                RCC_GetSystemClockFreq
 .text.RCC_GetHCLKClockFreq
                0x0000000008003870       0x2c Drivers/STM32F4xx_HAL_Driver/Src/stm32f4xx_ll_rcc.o
                0x0000000008003870                RCC_GetHCLKClockFreq
 .text.RCC_GetPCLK1ClockFreq
                0x000000000800389c       0x28 Drivers/STM32F4xx_HAL_Driver/Src/stm32f4xx_ll_rcc.o
                0x000000000800389c                RCC_GetPCLK1ClockFreq
 .text.RCC_GetPCLK2ClockFreq
                0x00000000080038c4       0x28 Drivers/STM32F4xx_HAL_Driver/Src/stm32f4xx_ll_rcc.o
                0x00000000080038c4                RCC_GetPCLK2ClockFreq
 .text.RCC_PLL_GetFreqDomain_SYS
                0x00000000080038ec       0x7c Drivers/STM32F4xx_HAL_Driver/Src/stm32f4xx_ll_rcc.o
                0x00000000080038ec                RCC_PLL_GetFreqDomain_SYS
 .text.LL_SPI_IsEnabled
                0x0000000008003968       0x26 Drivers/STM32F4xx_HAL_Driver/Src/stm32f4xx_ll_spi.o
 .text.LL_SPI_SetCRCPolynomial
                0x000000000800398e       0x20 Drivers/STM32F4xx_HAL_Driver/Src/stm32f4xx_ll_spi.o
 .text.LL_SPI_Init
                0x00000000080039ae       0xa4 Drivers/STM32F4xx_HAL_Driver/Src/stm32f4xx_ll_spi.o
                0x00000000080039ae                LL_SPI_Init
 .text.LL_TIM_SetPrescaler
                0x0000000008003a52       0x1c Drivers/STM32F4xx_HAL_Driver/Src/stm32f4xx_ll_tim.o
 .text.LL_TIM_SetAutoReload
                0x0000000008003a6e       0x1c Drivers/STM32F4xx_HAL_Driver/Src/stm32f4xx_ll_tim.o
 .text.LL_TIM_SetRepetitionCounter
                0x0000000008003a8a       0x1c Drivers/STM32F4xx_HAL_Driver/Src/stm32f4xx_ll_tim.o
 .text.LL_TIM_OC_SetCompareCH1
                0x0000000008003aa6       0x1c Drivers/STM32F4xx_HAL_Driver/Src/stm32f4xx_ll_tim.o
 .text.LL_TIM_OC_SetCompareCH2
                0x0000000008003ac2       0x1c Drivers/STM32F4xx_HAL_Driver/Src/stm32f4xx_ll_tim.o
 .text.LL_TIM_OC_SetCompareCH3
                0x0000000008003ade       0x1c Drivers/STM32F4xx_HAL_Driver/Src/stm32f4xx_ll_tim.o
 .text.LL_TIM_OC_SetCompareCH4
                0x0000000008003afa       0x1c Drivers/STM32F4xx_HAL_Driver/Src/stm32f4xx_ll_tim.o
 .text.LL_TIM_GenerateEvent_UPDATE
                0x0000000008003b16       0x20 Drivers/STM32F4xx_HAL_Driver/Src/stm32f4xx_ll_tim.o
 *fill*         0x0000000008003b36        0x2 
 .text.LL_TIM_Init
                0x0000000008003b38      0x134 Drivers/STM32F4xx_HAL_Driver/Src/stm32f4xx_ll_tim.o
                0x0000000008003b38                LL_TIM_Init
 .text.LL_TIM_OC_Init
                0x0000000008003c6c       0x82 Drivers/STM32F4xx_HAL_Driver/Src/stm32f4xx_ll_tim.o
                0x0000000008003c6c                LL_TIM_OC_Init
 .text.LL_TIM_BDTR_Init
                0x0000000008003cee       0x92 Drivers/STM32F4xx_HAL_Driver/Src/stm32f4xx_ll_tim.o
                0x0000000008003cee                LL_TIM_BDTR_Init
 .text.OC1Config
                0x0000000008003d80       0xd8 Drivers/STM32F4xx_HAL_Driver/Src/stm32f4xx_ll_tim.o
 .text.OC2Config
                0x0000000008003e58       0xe0 Drivers/STM32F4xx_HAL_Driver/Src/stm32f4xx_ll_tim.o
 .text.OC3Config
                0x0000000008003f38       0xe0 Drivers/STM32F4xx_HAL_Driver/Src/stm32f4xx_ll_tim.o
 .text.OC4Config
                0x0000000008004018       0xb0 Drivers/STM32F4xx_HAL_Driver/Src/stm32f4xx_ll_tim.o
 .text.LL_USART_IsEnabled
                0x00000000080040c8       0x28 Drivers/STM32F4xx_HAL_Driver/Src/stm32f4xx_ll_usart.o
 .text.LL_USART_SetStopBitsLength
                0x00000000080040f0       0x26 Drivers/STM32F4xx_HAL_Driver/Src/stm32f4xx_ll_usart.o
 .text.LL_USART_SetHWFlowCtrl
                0x0000000008004116       0x26 Drivers/STM32F4xx_HAL_Driver/Src/stm32f4xx_ll_usart.o
 .text.LL_USART_SetBaudRate
                0x000000000800413c      0x320 Drivers/STM32F4xx_HAL_Driver/Src/stm32f4xx_ll_usart.o
 .text.LL_USART_Init
                0x000000000800445c      0x100 Drivers/STM32F4xx_HAL_Driver/Src/stm32f4xx_ll_usart.o
                0x000000000800445c                LL_USART_Init
 .text.LL_InitTick
                0x000000000800455c       0x34 Drivers/STM32F4xx_HAL_Driver/Src/stm32f4xx_ll_utils.o
 .text.LL_Init1msTick
                0x0000000008004590       0x1a Drivers/STM32F4xx_HAL_Driver/Src/stm32f4xx_ll_utils.o
                0x0000000008004590                LL_Init1msTick
 *fill*         0x00000000080045aa        0x2 
 .text.LL_mDelay
                0x00000000080045ac       0x4c Drivers/STM32F4xx_HAL_Driver/Src/stm32f4xx_ll_utils.o
                0x00000000080045ac                LL_mDelay
 .text.LL_SetSystemCoreClock
                0x00000000080045f8       0x20 Drivers/STM32F4xx_HAL_Driver/Src/stm32f4xx_ll_utils.o
                0x00000000080045f8                LL_SetSystemCoreClock
 .text.__errno  0x0000000008004618        0xc c:/st/stm32cubeide_1.0.2/stm32cubeide/plugins/com.st.stm32cube.ide.mcu.externaltools.gnu-tools-for-stm32.9-2020-q2-update.win32_1.5.0.202011040924/tools/bin/../lib/gcc/arm-none-eabi/9.3.1/../../../../arm-none-eabi/lib/thumb/v7e-m+fp/hard\libc_nano.a(lib_a-errno.o)
                0x0000000008004618                __errno
 .text.__libc_init_array
                0x0000000008004624       0x48 c:/st/stm32cubeide_1.0.2/stm32cubeide/plugins/com.st.stm32cube.ide.mcu.externaltools.gnu-tools-for-stm32.9-2020-q2-update.win32_1.5.0.202011040924/tools/bin/../lib/gcc/arm-none-eabi/9.3.1/../../../../arm-none-eabi/lib/thumb/v7e-m+fp/hard\libc_nano.a(lib_a-init.o)
                0x0000000008004624                __libc_init_array
 .text.memset   0x000000000800466c       0x10 c:/st/stm32cubeide_1.0.2/stm32cubeide/plugins/com.st.stm32cube.ide.mcu.externaltools.gnu-tools-for-stm32.9-2020-q2-update.win32_1.5.0.202011040924/tools/bin/../lib/gcc/arm-none-eabi/9.3.1/../../../../arm-none-eabi/lib/thumb/v7e-m+fp/hard\libc_nano.a(lib_a-memset.o)
                0x000000000800466c                memset
 .text.__cvt    0x000000000800467c       0xc4 c:/st/stm32cubeide_1.0.2/stm32cubeide/plugins/com.st.stm32cube.ide.mcu.externaltools.gnu-tools-for-stm32.9-2020-q2-update.win32_1.5.0.202011040924/tools/bin/../lib/gcc/arm-none-eabi/9.3.1/../../../../arm-none-eabi/lib/thumb/v7e-m+fp/hard\libc_nano.a(lib_a-nano-vfprintf_float.o)
                0x000000000800467c                __cvt
 .text.__exponent
                0x0000000008004740       0x7c c:/st/stm32cubeide_1.0.2/stm32cubeide/plugins/com.st.stm32cube.ide.mcu.externaltools.gnu-tools-for-stm32.9-2020-q2-update.win32_1.5.0.202011040924/tools/bin/../lib/gcc/arm-none-eabi/9.3.1/../../../../arm-none-eabi/lib/thumb/v7e-m+fp/hard\libc_nano.a(lib_a-nano-vfprintf_float.o)
                0x0000000008004740                __exponent
 .text._printf_float
                0x00000000080047bc      0x46c c:/st/stm32cubeide_1.0.2/stm32cubeide/plugins/com.st.stm32cube.ide.mcu.externaltools.gnu-tools-for-stm32.9-2020-q2-update.win32_1.5.0.202011040924/tools/bin/../lib/gcc/arm-none-eabi/9.3.1/../../../../arm-none-eabi/lib/thumb/v7e-m+fp/hard\libc_nano.a(lib_a-nano-vfprintf_float.o)
                0x00000000080047bc                _printf_float
 .text._printf_common
                0x0000000008004c28       0xda c:/st/stm32cubeide_1.0.2/stm32cubeide/plugins/com.st.stm32cube.ide.mcu.externaltools.gnu-tools-for-stm32.9-2020-q2-update.win32_1.5.0.202011040924/tools/bin/../lib/gcc/arm-none-eabi/9.3.1/../../../../arm-none-eabi/lib/thumb/v7e-m+fp/hard\libc_nano.a(lib_a-nano-vfprintf_i.o)
                0x0000000008004c28                _printf_common
 *fill*         0x0000000008004d02        0x2 
 .text._printf_i
                0x0000000008004d04      0x24c c:/st/stm32cubeide_1.0.2/stm32cubeide/plugins/com.st.stm32cube.ide.mcu.externaltools.gnu-tools-for-stm32.9-2020-q2-update.win32_1.5.0.202011040924/tools/bin/../lib/gcc/arm-none-eabi/9.3.1/../../../../arm-none-eabi/lib/thumb/v7e-m+fp/hard\libc_nano.a(lib_a-nano-vfprintf_i.o)
                0x0000000008004d04                _printf_i
 .text.printf   0x0000000008004f50       0x30 c:/st/stm32cubeide_1.0.2/stm32cubeide/plugins/com.st.stm32cube.ide.mcu.externaltools.gnu-tools-for-stm32.9-2020-q2-update.win32_1.5.0.202011040924/tools/bin/../lib/gcc/arm-none-eabi/9.3.1/../../../../arm-none-eabi/lib/thumb/v7e-m+fp/hard\libc_nano.a(lib_a-printf.o)
                0x0000000008004f50                iprintf
                0x0000000008004f50                printf
 .text._puts_r  0x0000000008004f80       0xdc c:/st/stm32cubeide_1.0.2/stm32cubeide/plugins/com.st.stm32cube.ide.mcu.externaltools.gnu-tools-for-stm32.9-2020-q2-update.win32_1.5.0.202011040924/tools/bin/../lib/gcc/arm-none-eabi/9.3.1/../../../../arm-none-eabi/lib/thumb/v7e-m+fp/hard\libc_nano.a(lib_a-puts.o)
                0x0000000008004f80                _puts_r
 .text.puts     0x000000000800505c       0x10 c:/st/stm32cubeide_1.0.2/stm32cubeide/plugins/com.st.stm32cube.ide.mcu.externaltools.gnu-tools-for-stm32.9-2020-q2-update.win32_1.5.0.202011040924/tools/bin/../lib/gcc/arm-none-eabi/9.3.1/../../../../arm-none-eabi/lib/thumb/v7e-m+fp/hard\libc_nano.a(lib_a-puts.o)
                0x000000000800505c                puts
 .text.setbuf   0x000000000800506c       0x10 c:/st/stm32cubeide_1.0.2/stm32cubeide/plugins/com.st.stm32cube.ide.mcu.externaltools.gnu-tools-for-stm32.9-2020-q2-update.win32_1.5.0.202011040924/tools/bin/../lib/gcc/arm-none-eabi/9.3.1/../../../../arm-none-eabi/lib/thumb/v7e-m+fp/hard\libc_nano.a(lib_a-setbuf.o)
                0x000000000800506c                setbuf
 .text.setvbuf  0x000000000800507c      0x18c c:/st/stm32cubeide_1.0.2/stm32cubeide/plugins/com.st.stm32cube.ide.mcu.externaltools.gnu-tools-for-stm32.9-2020-q2-update.win32_1.5.0.202011040924/tools/bin/../lib/gcc/arm-none-eabi/9.3.1/../../../../arm-none-eabi/lib/thumb/v7e-m+fp/hard\libc_nano.a(lib_a-setvbuf.o)
                0x000000000800507c                setvbuf
 .text.__swbuf_r
                0x0000000008005208       0xa4 c:/st/stm32cubeide_1.0.2/stm32cubeide/plugins/com.st.stm32cube.ide.mcu.externaltools.gnu-tools-for-stm32.9-2020-q2-update.win32_1.5.0.202011040924/tools/bin/../lib/gcc/arm-none-eabi/9.3.1/../../../../arm-none-eabi/lib/thumb/v7e-m+fp/hard\libc_nano.a(lib_a-wbuf.o)
                0x0000000008005208                __swbuf_r
 .text.__swsetup_r
                0x00000000080052ac       0xdc c:/st/stm32cubeide_1.0.2/stm32cubeide/plugins/com.st.stm32cube.ide.mcu.externaltools.gnu-tools-for-stm32.9-2020-q2-update.win32_1.5.0.202011040924/tools/bin/../lib/gcc/arm-none-eabi/9.3.1/../../../../arm-none-eabi/lib/thumb/v7e-m+fp/hard\libc_nano.a(lib_a-wsetup.o)
                0x00000000080052ac                __swsetup_r
 .text.quorem   0x0000000008005388      0x116 c:/st/stm32cubeide_1.0.2/stm32cubeide/plugins/com.st.stm32cube.ide.mcu.externaltools.gnu-tools-for-stm32.9-2020-q2-update.win32_1.5.0.202011040924/tools/bin/../lib/gcc/arm-none-eabi/9.3.1/../../../../arm-none-eabi/lib/thumb/v7e-m+fp/hard\libc_nano.a(lib_a-dtoa.o)
 *fill*         0x000000000800549e        0x2 
 .text._dtoa_r  0x00000000080054a0      0xbd8 c:/st/stm32cubeide_1.0.2/stm32cubeide/plugins/com.st.stm32cube.ide.mcu.externaltools.gnu-tools-for-stm32.9-2020-q2-update.win32_1.5.0.202011040924/tools/bin/../lib/gcc/arm-none-eabi/9.3.1/../../../../arm-none-eabi/lib/thumb/v7e-m+fp/hard\libc_nano.a(lib_a-dtoa.o)
                0x00000000080054a0                _dtoa_r
 .text.__sflush_r
                0x0000000008006078      0x10c c:/st/stm32cubeide_1.0.2/stm32cubeide/plugins/com.st.stm32cube.ide.mcu.externaltools.gnu-tools-for-stm32.9-2020-q2-update.win32_1.5.0.202011040924/tools/bin/../lib/gcc/arm-none-eabi/9.3.1/../../../../arm-none-eabi/lib/thumb/v7e-m+fp/hard\libc_nano.a(lib_a-fflush.o)
                0x0000000008006078                __sflush_r
 .text._fflush_r
                0x0000000008006184       0x78 c:/st/stm32cubeide_1.0.2/stm32cubeide/plugins/com.st.stm32cube.ide.mcu.externaltools.gnu-tools-for-stm32.9-2020-q2-update.win32_1.5.0.202011040924/tools/bin/../lib/gcc/arm-none-eabi/9.3.1/../../../../arm-none-eabi/lib/thumb/v7e-m+fp/hard\libc_nano.a(lib_a-fflush.o)
                0x0000000008006184                _fflush_r
 .text.std      0x00000000080061fc       0x48 c:/st/stm32cubeide_1.0.2/stm32cubeide/plugins/com.st.stm32cube.ide.mcu.externaltools.gnu-tools-for-stm32.9-2020-q2-update.win32_1.5.0.202011040924/tools/bin/../lib/gcc/arm-none-eabi/9.3.1/../../../../arm-none-eabi/lib/thumb/v7e-m+fp/hard\libc_nano.a(lib_a-findfp.o)
 .text._cleanup_r
                0x0000000008006244        0xc c:/st/stm32cubeide_1.0.2/stm32cubeide/plugins/com.st.stm32cube.ide.mcu.externaltools.gnu-tools-for-stm32.9-2020-q2-update.win32_1.5.0.202011040924/tools/bin/../lib/gcc/arm-none-eabi/9.3.1/../../../../arm-none-eabi/lib/thumb/v7e-m+fp/hard\libc_nano.a(lib_a-findfp.o)
                0x0000000008006244                _cleanup_r
 .text.__sfmoreglue
                0x0000000008006250       0x2c c:/st/stm32cubeide_1.0.2/stm32cubeide/plugins/com.st.stm32cube.ide.mcu.externaltools.gnu-tools-for-stm32.9-2020-q2-update.win32_1.5.0.202011040924/tools/bin/../lib/gcc/arm-none-eabi/9.3.1/../../../../arm-none-eabi/lib/thumb/v7e-m+fp/hard\libc_nano.a(lib_a-findfp.o)
                0x0000000008006250                __sfmoreglue
 .text.__sfp_lock_acquire
                0x000000000800627c        0xc c:/st/stm32cubeide_1.0.2/stm32cubeide/plugins/com.st.stm32cube.ide.mcu.externaltools.gnu-tools-for-stm32.9-2020-q2-update.win32_1.5.0.202011040924/tools/bin/../lib/gcc/arm-none-eabi/9.3.1/../../../../arm-none-eabi/lib/thumb/v7e-m+fp/hard\libc_nano.a(lib_a-findfp.o)
                0x000000000800627c                __sfp_lock_acquire
 .text.__sfp_lock_release
                0x0000000008006288        0xc c:/st/stm32cubeide_1.0.2/stm32cubeide/plugins/com.st.stm32cube.ide.mcu.externaltools.gnu-tools-for-stm32.9-2020-q2-update.win32_1.5.0.202011040924/tools/bin/../lib/gcc/arm-none-eabi/9.3.1/../../../../arm-none-eabi/lib/thumb/v7e-m+fp/hard\libc_nano.a(lib_a-findfp.o)
                0x0000000008006288                __sfp_lock_release
 .text.__sinit_lock_acquire
                0x0000000008006294        0xc c:/st/stm32cubeide_1.0.2/stm32cubeide/plugins/com.st.stm32cube.ide.mcu.externaltools.gnu-tools-for-stm32.9-2020-q2-update.win32_1.5.0.202011040924/tools/bin/../lib/gcc/arm-none-eabi/9.3.1/../../../../arm-none-eabi/lib/thumb/v7e-m+fp/hard\libc_nano.a(lib_a-findfp.o)
                0x0000000008006294                __sinit_lock_acquire
 .text.__sinit_lock_release
                0x00000000080062a0        0xc c:/st/stm32cubeide_1.0.2/stm32cubeide/plugins/com.st.stm32cube.ide.mcu.externaltools.gnu-tools-for-stm32.9-2020-q2-update.win32_1.5.0.202011040924/tools/bin/../lib/gcc/arm-none-eabi/9.3.1/../../../../arm-none-eabi/lib/thumb/v7e-m+fp/hard\libc_nano.a(lib_a-findfp.o)
                0x00000000080062a0                __sinit_lock_release
 .text.__sinit  0x00000000080062ac       0x70 c:/st/stm32cubeide_1.0.2/stm32cubeide/plugins/com.st.stm32cube.ide.mcu.externaltools.gnu-tools-for-stm32.9-2020-q2-update.win32_1.5.0.202011040924/tools/bin/../lib/gcc/arm-none-eabi/9.3.1/../../../../arm-none-eabi/lib/thumb/v7e-m+fp/hard\libc_nano.a(lib_a-findfp.o)
                0x00000000080062ac                __sinit
 .text.__sfp    0x000000000800631c       0x8c c:/st/stm32cubeide_1.0.2/stm32cubeide/plugins/com.st.stm32cube.ide.mcu.externaltools.gnu-tools-for-stm32.9-2020-q2-update.win32_1.5.0.202011040924/tools/bin/../lib/gcc/arm-none-eabi/9.3.1/../../../../arm-none-eabi/lib/thumb/v7e-m+fp/hard\libc_nano.a(lib_a-findfp.o)
                0x000000000800631c                __sfp
 .text._fwalk_reent
                0x00000000080063a8       0x3e c:/st/stm32cubeide_1.0.2/stm32cubeide/plugins/com.st.stm32cube.ide.mcu.externaltools.gnu-tools-for-stm32.9-2020-q2-update.win32_1.5.0.202011040924/tools/bin/../lib/gcc/arm-none-eabi/9.3.1/../../../../arm-none-eabi/lib/thumb/v7e-m+fp/hard\libc_nano.a(lib_a-fwalk.o)
                0x00000000080063a8                _fwalk_reent
 *fill*         0x00000000080063e6        0x2 
 .text._localeconv_r
                0x00000000080063e8        0x8 c:/st/stm32cubeide_1.0.2/stm32cubeide/plugins/com.st.stm32cube.ide.mcu.externaltools.gnu-tools-for-stm32.9-2020-q2-update.win32_1.5.0.202011040924/tools/bin/../lib/gcc/arm-none-eabi/9.3.1/../../../../arm-none-eabi/lib/thumb/v7e-m+fp/hard\libc_nano.a(lib_a-localeconv.o)
                0x00000000080063e8                _localeconv_r
 .text.__retarget_lock_init_recursive
                0x00000000080063f0        0x2 c:/st/stm32cubeide_1.0.2/stm32cubeide/plugins/com.st.stm32cube.ide.mcu.externaltools.gnu-tools-for-stm32.9-2020-q2-update.win32_1.5.0.202011040924/tools/bin/../lib/gcc/arm-none-eabi/9.3.1/../../../../arm-none-eabi/lib/thumb/v7e-m+fp/hard\libc_nano.a(lib_a-lock.o)
                0x00000000080063f0                __retarget_lock_init_recursive
 .text.__retarget_lock_acquire_recursive
                0x00000000080063f2        0x2 c:/st/stm32cubeide_1.0.2/stm32cubeide/plugins/com.st.stm32cube.ide.mcu.externaltools.gnu-tools-for-stm32.9-2020-q2-update.win32_1.5.0.202011040924/tools/bin/../lib/gcc/arm-none-eabi/9.3.1/../../../../arm-none-eabi/lib/thumb/v7e-m+fp/hard\libc_nano.a(lib_a-lock.o)
                0x00000000080063f2                __retarget_lock_acquire_recursive
 .text.__retarget_lock_release_recursive
                0x00000000080063f4        0x2 c:/st/stm32cubeide_1.0.2/stm32cubeide/plugins/com.st.stm32cube.ide.mcu.externaltools.gnu-tools-for-stm32.9-2020-q2-update.win32_1.5.0.202011040924/tools/bin/../lib/gcc/arm-none-eabi/9.3.1/../../../../arm-none-eabi/lib/thumb/v7e-m+fp/hard\libc_nano.a(lib_a-lock.o)
                0x00000000080063f4                __retarget_lock_release_recursive
 .text.__swhatbuf_r
                0x00000000080063f6       0x48 c:/st/stm32cubeide_1.0.2/stm32cubeide/plugins/com.st.stm32cube.ide.mcu.externaltools.gnu-tools-for-stm32.9-2020-q2-update.win32_1.5.0.202011040924/tools/bin/../lib/gcc/arm-none-eabi/9.3.1/../../../../arm-none-eabi/lib/thumb/v7e-m+fp/hard\libc_nano.a(lib_a-makebuf.o)
                0x00000000080063f6                __swhatbuf_r
 *fill*         0x000000000800643e        0x2 
 .text.__smakebuf_r
                0x0000000008006440       0x80 c:/st/stm32cubeide_1.0.2/stm32cubeide/plugins/com.st.stm32cube.ide.mcu.externaltools.gnu-tools-for-stm32.9-2020-q2-update.win32_1.5.0.202011040924/tools/bin/../lib/gcc/arm-none-eabi/9.3.1/../../../../arm-none-eabi/lib/thumb/v7e-m+fp/hard\libc_nano.a(lib_a-makebuf.o)
                0x0000000008006440                __smakebuf_r
 .text.malloc   0x00000000080064c0       0x10 c:/st/stm32cubeide_1.0.2/stm32cubeide/plugins/com.st.stm32cube.ide.mcu.externaltools.gnu-tools-for-stm32.9-2020-q2-update.win32_1.5.0.202011040924/tools/bin/../lib/gcc/arm-none-eabi/9.3.1/../../../../arm-none-eabi/lib/thumb/v7e-m+fp/hard\libc_nano.a(lib_a-malloc.o)
                0x00000000080064c0                malloc
 .text.memcpy   0x00000000080064d0       0x1c c:/st/stm32cubeide_1.0.2/stm32cubeide/plugins/com.st.stm32cube.ide.mcu.externaltools.gnu-tools-for-stm32.9-2020-q2-update.win32_1.5.0.202011040924/tools/bin/../lib/gcc/arm-none-eabi/9.3.1/../../../../arm-none-eabi/lib/thumb/v7e-m+fp/hard\libc_nano.a(lib_a-memcpy-stub.o)
                0x00000000080064d0                memcpy
 .text._Balloc  0x00000000080064ec       0x80 c:/st/stm32cubeide_1.0.2/stm32cubeide/plugins/com.st.stm32cube.ide.mcu.externaltools.gnu-tools-for-stm32.9-2020-q2-update.win32_1.5.0.202011040924/tools/bin/../lib/gcc/arm-none-eabi/9.3.1/../../../../arm-none-eabi/lib/thumb/v7e-m+fp/hard\libc_nano.a(lib_a-mprec.o)
                0x00000000080064ec                _Balloc
 .text._Bfree   0x000000000800656c       0x44 c:/st/stm32cubeide_1.0.2/stm32cubeide/plugins/com.st.stm32cube.ide.mcu.externaltools.gnu-tools-for-stm32.9-2020-q2-update.win32_1.5.0.202011040924/tools/bin/../lib/gcc/arm-none-eabi/9.3.1/../../../../arm-none-eabi/lib/thumb/v7e-m+fp/hard\libc_nano.a(lib_a-mprec.o)
                0x000000000800656c                _Bfree
 .text.__multadd
                0x00000000080065b0       0x94 c:/st/stm32cubeide_1.0.2/stm32cubeide/plugins/com.st.stm32cube.ide.mcu.externaltools.gnu-tools-for-stm32.9-2020-q2-update.win32_1.5.0.202011040924/tools/bin/../lib/gcc/arm-none-eabi/9.3.1/../../../../arm-none-eabi/lib/thumb/v7e-m+fp/hard\libc_nano.a(lib_a-mprec.o)
                0x00000000080065b0                __multadd
 .text.__hi0bits
                0x0000000008006644       0x40 c:/st/stm32cubeide_1.0.2/stm32cubeide/plugins/com.st.stm32cube.ide.mcu.externaltools.gnu-tools-for-stm32.9-2020-q2-update.win32_1.5.0.202011040924/tools/bin/../lib/gcc/arm-none-eabi/9.3.1/../../../../arm-none-eabi/lib/thumb/v7e-m+fp/hard\libc_nano.a(lib_a-mprec.o)
                0x0000000008006644                __hi0bits
 .text.__lo0bits
                0x0000000008006684       0x60 c:/st/stm32cubeide_1.0.2/stm32cubeide/plugins/com.st.stm32cube.ide.mcu.externaltools.gnu-tools-for-stm32.9-2020-q2-update.win32_1.5.0.202011040924/tools/bin/../lib/gcc/arm-none-eabi/9.3.1/../../../../arm-none-eabi/lib/thumb/v7e-m+fp/hard\libc_nano.a(lib_a-mprec.o)
                0x0000000008006684                __lo0bits
 .text.__i2b    0x00000000080066e4       0x2c c:/st/stm32cubeide_1.0.2/stm32cubeide/plugins/com.st.stm32cube.ide.mcu.externaltools.gnu-tools-for-stm32.9-2020-q2-update.win32_1.5.0.202011040924/tools/bin/../lib/gcc/arm-none-eabi/9.3.1/../../../../arm-none-eabi/lib/thumb/v7e-m+fp/hard\libc_nano.a(lib_a-mprec.o)
                0x00000000080066e4                __i2b
 .text.__multiply
                0x0000000008006710      0x14c c:/st/stm32cubeide_1.0.2/stm32cubeide/plugins/com.st.stm32cube.ide.mcu.externaltools.gnu-tools-for-stm32.9-2020-q2-update.win32_1.5.0.202011040924/tools/bin/../lib/gcc/arm-none-eabi/9.3.1/../../../../arm-none-eabi/lib/thumb/v7e-m+fp/hard\libc_nano.a(lib_a-mprec.o)
                0x0000000008006710                __multiply
 .text.__pow5mult
                0x000000000800685c       0xb4 c:/st/stm32cubeide_1.0.2/stm32cubeide/plugins/com.st.stm32cube.ide.mcu.externaltools.gnu-tools-for-stm32.9-2020-q2-update.win32_1.5.0.202011040924/tools/bin/../lib/gcc/arm-none-eabi/9.3.1/../../../../arm-none-eabi/lib/thumb/v7e-m+fp/hard\libc_nano.a(lib_a-mprec.o)
                0x000000000800685c                __pow5mult
 .text.__lshift
                0x0000000008006910       0xd8 c:/st/stm32cubeide_1.0.2/stm32cubeide/plugins/com.st.stm32cube.ide.mcu.externaltools.gnu-tools-for-stm32.9-2020-q2-update.win32_1.5.0.202011040924/tools/bin/../lib/gcc/arm-none-eabi/9.3.1/../../../../arm-none-eabi/lib/thumb/v7e-m+fp/hard\libc_nano.a(lib_a-mprec.o)
                0x0000000008006910                __lshift
 .text.__mcmp   0x00000000080069e8       0x38 c:/st/stm32cubeide_1.0.2/stm32cubeide/plugins/com.st.stm32cube.ide.mcu.externaltools.gnu-tools-for-stm32.9-2020-q2-update.win32_1.5.0.202011040924/tools/bin/../lib/gcc/arm-none-eabi/9.3.1/../../../../arm-none-eabi/lib/thumb/v7e-m+fp/hard\libc_nano.a(lib_a-mprec.o)
                0x00000000080069e8                __mcmp
 .text.__mdiff  0x0000000008006a20      0x110 c:/st/stm32cubeide_1.0.2/stm32cubeide/plugins/com.st.stm32cube.ide.mcu.externaltools.gnu-tools-for-stm32.9-2020-q2-update.win32_1.5.0.202011040924/tools/bin/../lib/gcc/arm-none-eabi/9.3.1/../../../../arm-none-eabi/lib/thumb/v7e-m+fp/hard\libc_nano.a(lib_a-mprec.o)
                0x0000000008006a20                __mdiff
 .text.__d2b    0x0000000008006b30       0xb8 c:/st/stm32cubeide_1.0.2/stm32cubeide/plugins/com.st.stm32cube.ide.mcu.externaltools.gnu-tools-for-stm32.9-2020-q2-update.win32_1.5.0.202011040924/tools/bin/../lib/gcc/arm-none-eabi/9.3.1/../../../../arm-none-eabi/lib/thumb/v7e-m+fp/hard\libc_nano.a(lib_a-mprec.o)
                0x0000000008006b30                __d2b
 .text._calloc_r
                0x0000000008006be8       0x1e c:/st/stm32cubeide_1.0.2/stm32cubeide/plugins/com.st.stm32cube.ide.mcu.externaltools.gnu-tools-for-stm32.9-2020-q2-update.win32_1.5.0.202011040924/tools/bin/../lib/gcc/arm-none-eabi/9.3.1/../../../../arm-none-eabi/lib/thumb/v7e-m+fp/hard\libc_nano.a(lib_a-nano-callocr.o)
                0x0000000008006be8                _calloc_r
 *fill*         0x0000000008006c06        0x2 
 .text._free_r  0x0000000008006c08       0xa0 c:/st/stm32cubeide_1.0.2/stm32cubeide/plugins/com.st.stm32cube.ide.mcu.externaltools.gnu-tools-for-stm32.9-2020-q2-update.win32_1.5.0.202011040924/tools/bin/../lib/gcc/arm-none-eabi/9.3.1/../../../../arm-none-eabi/lib/thumb/v7e-m+fp/hard\libc_nano.a(lib_a-nano-freer.o)
                0x0000000008006c08                _free_r
 .text._malloc_r
                0x0000000008006ca8       0xb4 c:/st/stm32cubeide_1.0.2/stm32cubeide/plugins/com.st.stm32cube.ide.mcu.externaltools.gnu-tools-for-stm32.9-2020-q2-update.win32_1.5.0.202011040924/tools/bin/../lib/gcc/arm-none-eabi/9.3.1/../../../../arm-none-eabi/lib/thumb/v7e-m+fp/hard\libc_nano.a(lib_a-nano-mallocr.o)
                0x0000000008006ca8                _malloc_r
 .text.__sfputc_r
                0x0000000008006d5c       0x2e c:/st/stm32cubeide_1.0.2/stm32cubeide/plugins/com.st.stm32cube.ide.mcu.externaltools.gnu-tools-for-stm32.9-2020-q2-update.win32_1.5.0.202011040924/tools/bin/../lib/gcc/arm-none-eabi/9.3.1/../../../../arm-none-eabi/lib/thumb/v7e-m+fp/hard\libc_nano.a(lib_a-nano-vfprintf.o)
 .text.__sfputs_r
                0x0000000008006d8a       0x24 c:/st/stm32cubeide_1.0.2/stm32cubeide/plugins/com.st.stm32cube.ide.mcu.externaltools.gnu-tools-for-stm32.9-2020-q2-update.win32_1.5.0.202011040924/tools/bin/../lib/gcc/arm-none-eabi/9.3.1/../../../../arm-none-eabi/lib/thumb/v7e-m+fp/hard\libc_nano.a(lib_a-nano-vfprintf.o)
                0x0000000008006d8a                __sfputs_r
 *fill*         0x0000000008006dae        0x2 
 .text._vfprintf_r
                0x0000000008006db0      0x260 c:/st/stm32cubeide_1.0.2/stm32cubeide/plugins/com.st.stm32cube.ide.mcu.externaltools.gnu-tools-for-stm32.9-2020-q2-update.win32_1.5.0.202011040924/tools/bin/../lib/gcc/arm-none-eabi/9.3.1/../../../../arm-none-eabi/lib/thumb/v7e-m+fp/hard\libc_nano.a(lib_a-nano-vfprintf.o)
                0x0000000008006db0                _vfprintf_r
                0x0000000008006db0                _vfiprintf_r
 .text._sbrk_r  0x0000000008007010       0x20 c:/st/stm32cubeide_1.0.2/stm32cubeide/plugins/com.st.stm32cube.ide.mcu.externaltools.gnu-tools-for-stm32.9-2020-q2-update.win32_1.5.0.202011040924/tools/bin/../lib/gcc/arm-none-eabi/9.3.1/../../../../arm-none-eabi/lib/thumb/v7e-m+fp/hard\libc_nano.a(lib_a-sbrkr.o)
                0x0000000008007010                _sbrk_r
 .text.__sread  0x0000000008007030       0x22 c:/st/stm32cubeide_1.0.2/stm32cubeide/plugins/com.st.stm32cube.ide.mcu.externaltools.gnu-tools-for-stm32.9-2020-q2-update.win32_1.5.0.202011040924/tools/bin/../lib/gcc/arm-none-eabi/9.3.1/../../../../arm-none-eabi/lib/thumb/v7e-m+fp/hard\libc_nano.a(lib_a-stdio.o)
                0x0000000008007030                __sread
 .text.__swrite
                0x0000000008007052       0x38 c:/st/stm32cubeide_1.0.2/stm32cubeide/plugins/com.st.stm32cube.ide.mcu.externaltools.gnu-tools-for-stm32.9-2020-q2-update.win32_1.5.0.202011040924/tools/bin/../lib/gcc/arm-none-eabi/9.3.1/../../../../arm-none-eabi/lib/thumb/v7e-m+fp/hard\libc_nano.a(lib_a-stdio.o)
                0x0000000008007052                __swrite
 .text.__sseek  0x000000000800708a       0x24 c:/st/stm32cubeide_1.0.2/stm32cubeide/plugins/com.st.stm32cube.ide.mcu.externaltools.gnu-tools-for-stm32.9-2020-q2-update.win32_1.5.0.202011040924/tools/bin/../lib/gcc/arm-none-eabi/9.3.1/../../../../arm-none-eabi/lib/thumb/v7e-m+fp/hard\libc_nano.a(lib_a-stdio.o)
                0x000000000800708a                __sseek
 .text.__sclose
                0x00000000080070ae        0x8 c:/st/stm32cubeide_1.0.2/stm32cubeide/plugins/com.st.stm32cube.ide.mcu.externaltools.gnu-tools-for-stm32.9-2020-q2-update.win32_1.5.0.202011040924/tools/bin/../lib/gcc/arm-none-eabi/9.3.1/../../../../arm-none-eabi/lib/thumb/v7e-m+fp/hard\libc_nano.a(lib_a-stdio.o)
                0x00000000080070ae                __sclose
 *fill*         0x00000000080070b6        0x2 
 .text._write_r
                0x00000000080070b8       0x24 c:/st/stm32cubeide_1.0.2/stm32cubeide/plugins/com.st.stm32cube.ide.mcu.externaltools.gnu-tools-for-stm32.9-2020-q2-update.win32_1.5.0.202011040924/tools/bin/../lib/gcc/arm-none-eabi/9.3.1/../../../../arm-none-eabi/lib/thumb/v7e-m+fp/hard\libc_nano.a(lib_a-writer.o)
                0x00000000080070b8                _write_r
 .text.__assert_func
                0x00000000080070dc       0x3c c:/st/stm32cubeide_1.0.2/stm32cubeide/plugins/com.st.stm32cube.ide.mcu.externaltools.gnu-tools-for-stm32.9-2020-q2-update.win32_1.5.0.202011040924/tools/bin/../lib/gcc/arm-none-eabi/9.3.1/../../../../arm-none-eabi/lib/thumb/v7e-m+fp/hard\libc_nano.a(lib_a-assert.o)
                0x00000000080070dc                __assert_func
 .text._close_r
                0x0000000008007118       0x20 c:/st/stm32cubeide_1.0.2/stm32cubeide/plugins/com.st.stm32cube.ide.mcu.externaltools.gnu-tools-for-stm32.9-2020-q2-update.win32_1.5.0.202011040924/tools/bin/../lib/gcc/arm-none-eabi/9.3.1/../../../../arm-none-eabi/lib/thumb/v7e-m+fp/hard\libc_nano.a(lib_a-closer.o)
                0x0000000008007118                _close_r
 .text.fprintf  0x0000000008007138       0x24 c:/st/stm32cubeide_1.0.2/stm32cubeide/plugins/com.st.stm32cube.ide.mcu.externaltools.gnu-tools-for-stm32.9-2020-q2-update.win32_1.5.0.202011040924/tools/bin/../lib/gcc/arm-none-eabi/9.3.1/../../../../arm-none-eabi/lib/thumb/v7e-m+fp/hard\libc_nano.a(lib_a-fprintf.o)
                0x0000000008007138                fiprintf
                0x0000000008007138                fprintf
 .text._fstat_r
                0x000000000800715c       0x24 c:/st/stm32cubeide_1.0.2/stm32cubeide/plugins/com.st.stm32cube.ide.mcu.externaltools.gnu-tools-for-stm32.9-2020-q2-update.win32_1.5.0.202011040924/tools/bin/../lib/gcc/arm-none-eabi/9.3.1/../../../../arm-none-eabi/lib/thumb/v7e-m+fp/hard\libc_nano.a(lib_a-fstatr.o)
                0x000000000800715c                _fstat_r
 .text._isatty_r
                0x0000000008007180       0x20 c:/st/stm32cubeide_1.0.2/stm32cubeide/plugins/com.st.stm32cube.ide.mcu.externaltools.gnu-tools-for-stm32.9-2020-q2-update.win32_1.5.0.202011040924/tools/bin/../lib/gcc/arm-none-eabi/9.3.1/../../../../arm-none-eabi/lib/thumb/v7e-m+fp/hard\libc_nano.a(lib_a-isattyr.o)
                0x0000000008007180                _isatty_r
 .text._lseek_r
                0x00000000080071a0       0x24 c:/st/stm32cubeide_1.0.2/stm32cubeide/plugins/com.st.stm32cube.ide.mcu.externaltools.gnu-tools-for-stm32.9-2020-q2-update.win32_1.5.0.202011040924/tools/bin/../lib/gcc/arm-none-eabi/9.3.1/../../../../arm-none-eabi/lib/thumb/v7e-m+fp/hard\libc_nano.a(lib_a-lseekr.o)
                0x00000000080071a0                _lseek_r
 .text.__ascii_mbtowc
                0x00000000080071c4       0x24 c:/st/stm32cubeide_1.0.2/stm32cubeide/plugins/com.st.stm32cube.ide.mcu.externaltools.gnu-tools-for-stm32.9-2020-q2-update.win32_1.5.0.202011040924/tools/bin/../lib/gcc/arm-none-eabi/9.3.1/../../../../arm-none-eabi/lib/thumb/v7e-m+fp/hard\libc_nano.a(lib_a-mbtowc_r.o)
                0x00000000080071c4                __ascii_mbtowc
 .text.__malloc_lock
                0x00000000080071e8        0xc c:/st/stm32cubeide_1.0.2/stm32cubeide/plugins/com.st.stm32cube.ide.mcu.externaltools.gnu-tools-for-stm32.9-2020-q2-update.win32_1.5.0.202011040924/tools/bin/../lib/gcc/arm-none-eabi/9.3.1/../../../../arm-none-eabi/lib/thumb/v7e-m+fp/hard\libc_nano.a(lib_a-mlock.o)
                0x00000000080071e8                __malloc_lock
 .text.__malloc_unlock
                0x00000000080071f4        0xc c:/st/stm32cubeide_1.0.2/stm32cubeide/plugins/com.st.stm32cube.ide.mcu.externaltools.gnu-tools-for-stm32.9-2020-q2-update.win32_1.5.0.202011040924/tools/bin/../lib/gcc/arm-none-eabi/9.3.1/../../../../arm-none-eabi/lib/thumb/v7e-m+fp/hard\libc_nano.a(lib_a-mlock.o)
                0x00000000080071f4                __malloc_unlock
 .text._read_r  0x0000000008007200       0x24 c:/st/stm32cubeide_1.0.2/stm32cubeide/plugins/com.st.stm32cube.ide.mcu.externaltools.gnu-tools-for-stm32.9-2020-q2-update.win32_1.5.0.202011040924/tools/bin/../lib/gcc/arm-none-eabi/9.3.1/../../../../arm-none-eabi/lib/thumb/v7e-m+fp/hard\libc_nano.a(lib_a-readr.o)
                0x0000000008007200                _read_r
 .text.__ascii_wctomb
                0x0000000008007224       0x1a c:/st/stm32cubeide_1.0.2/stm32cubeide/plugins/com.st.stm32cube.ide.mcu.externaltools.gnu-tools-for-stm32.9-2020-q2-update.win32_1.5.0.202011040924/tools/bin/../lib/gcc/arm-none-eabi/9.3.1/../../../../arm-none-eabi/lib/thumb/v7e-m+fp/hard\libc_nano.a(lib_a-wctomb_r.o)
                0x0000000008007224                __ascii_wctomb
 .text.abort    0x000000000800723e        0xe c:/st/stm32cubeide_1.0.2/stm32cubeide/plugins/com.st.stm32cube.ide.mcu.externaltools.gnu-tools-for-stm32.9-2020-q2-update.win32_1.5.0.202011040924/tools/bin/../lib/gcc/arm-none-eabi/9.3.1/../../../../arm-none-eabi/lib/thumb/v7e-m+fp/hard\libc_nano.a(lib_a-abort.o)
                0x000000000800723e                abort
 .text._raise_r
                0x000000000800724c       0x50 c:/st/stm32cubeide_1.0.2/stm32cubeide/plugins/com.st.stm32cube.ide.mcu.externaltools.gnu-tools-for-stm32.9-2020-q2-update.win32_1.5.0.202011040924/tools/bin/../lib/gcc/arm-none-eabi/9.3.1/../../../../arm-none-eabi/lib/thumb/v7e-m+fp/hard\libc_nano.a(lib_a-signal.o)
                0x000000000800724c                _raise_r
 .text.raise    0x000000000800729c       0x10 c:/st/stm32cubeide_1.0.2/stm32cubeide/plugins/com.st.stm32cube.ide.mcu.externaltools.gnu-tools-for-stm32.9-2020-q2-update.win32_1.5.0.202011040924/tools/bin/../lib/gcc/arm-none-eabi/9.3.1/../../../../arm-none-eabi/lib/thumb/v7e-m+fp/hard\libc_nano.a(lib_a-signal.o)
                0x000000000800729c                raise
 .text._kill_r  0x00000000080072ac       0x24 c:/st/stm32cubeide_1.0.2/stm32cubeide/plugins/com.st.stm32cube.ide.mcu.externaltools.gnu-tools-for-stm32.9-2020-q2-update.win32_1.5.0.202011040924/tools/bin/../lib/gcc/arm-none-eabi/9.3.1/../../../../arm-none-eabi/lib/thumb/v7e-m+fp/hard\libc_nano.a(lib_a-signalr.o)
                0x00000000080072ac                _kill_r
 .text._getpid_r
                0x00000000080072d0        0x4 c:/st/stm32cubeide_1.0.2/stm32cubeide/plugins/com.st.stm32cube.ide.mcu.externaltools.gnu-tools-for-stm32.9-2020-q2-update.win32_1.5.0.202011040924/tools/bin/../lib/gcc/arm-none-eabi/9.3.1/../../../../arm-none-eabi/lib/thumb/v7e-m+fp/hard\libc_nano.a(lib_a-signalr.o)
                0x00000000080072d0                _getpid_r
 *(.glue_7)
 .glue_7        0x00000000080072d4        0x0 linker stubs
 *(.glue_7t)
 .glue_7t       0x00000000080072d4        0x0 linker stubs
 *(.eh_frame)
 .eh_frame      0x00000000080072d4        0x0 c:/st/stm32cubeide_1.0.2/stm32cubeide/plugins/com.st.stm32cube.ide.mcu.externaltools.gnu-tools-for-stm32.9-2020-q2-update.win32_1.5.0.202011040924/tools/bin/../lib/gcc/arm-none-eabi/9.3.1/thumb/v7e-m+fp/hard/crtbegin.o
 *(.init)
 .init          0x00000000080072d4        0x4 c:/st/stm32cubeide_1.0.2/stm32cubeide/plugins/com.st.stm32cube.ide.mcu.externaltools.gnu-tools-for-stm32.9-2020-q2-update.win32_1.5.0.202011040924/tools/bin/../lib/gcc/arm-none-eabi/9.3.1/thumb/v7e-m+fp/hard/crti.o
                0x00000000080072d4                _init
 .init          0x00000000080072d8        0x8 c:/st/stm32cubeide_1.0.2/stm32cubeide/plugins/com.st.stm32cube.ide.mcu.externaltools.gnu-tools-for-stm32.9-2020-q2-update.win32_1.5.0.202011040924/tools/bin/../lib/gcc/arm-none-eabi/9.3.1/thumb/v7e-m+fp/hard/crtn.o
 *(.fini)
 .fini          0x00000000080072e0        0x4 c:/st/stm32cubeide_1.0.2/stm32cubeide/plugins/com.st.stm32cube.ide.mcu.externaltools.gnu-tools-for-stm32.9-2020-q2-update.win32_1.5.0.202011040924/tools/bin/../lib/gcc/arm-none-eabi/9.3.1/thumb/v7e-m+fp/hard/crti.o
                0x00000000080072e0                _fini
 .fini          0x00000000080072e4        0x8 c:/st/stm32cubeide_1.0.2/stm32cubeide/plugins/com.st.stm32cube.ide.mcu.externaltools.gnu-tools-for-stm32.9-2020-q2-update.win32_1.5.0.202011040924/tools/bin/../lib/gcc/arm-none-eabi/9.3.1/thumb/v7e-m+fp/hard/crtn.o
                0x00000000080072ec                . = ALIGN (0x4)
                0x00000000080072ec                _etext = .

.vfp11_veneer   0x00000000080072ec        0x0
 .vfp11_veneer  0x00000000080072ec        0x0 linker stubs

.v4_bx          0x00000000080072ec        0x0
 .v4_bx         0x00000000080072ec        0x0 linker stubs

.iplt           0x00000000080072ec        0x0
 .iplt          0x00000000080072ec        0x0 c:/st/stm32cubeide_1.0.2/stm32cubeide/plugins/com.st.stm32cube.ide.mcu.externaltools.gnu-tools-for-stm32.9-2020-q2-update.win32_1.5.0.202011040924/tools/bin/../lib/gcc/arm-none-eabi/9.3.1/thumb/v7e-m+fp/hard/crtbegin.o

.rodata         0x00000000080072f0      0x45c
                0x00000000080072f0                . = ALIGN (0x4)
 *(.rodata)
 .rodata        0x00000000080072f0       0x28 Core/Src/Hardware/ICM20689.o
 .rodata        0x0000000008007318       0x16 Core/Src/main.o
 *(.rodata*)
 *fill*         0x000000000800732e        0x2 
 .rodata.AHBPrescTable
                0x0000000008007330       0x10 Core/Src/system_stm32f4xx.o
                0x0000000008007330                AHBPrescTable
 .rodata.APBPrescTable
                0x0000000008007340        0x8 Core/Src/system_stm32f4xx.o
                0x0000000008007340                APBPrescTable
 .rodata.OFFSET_TAB_CCMRx
                0x0000000008007348        0x7 Core/Src/tim.o
 *fill*         0x000000000800734f        0x1 
 .rodata.SHIFT_TAB_OCxx
                0x0000000008007350        0x7 Core/Src/tim.o
 *fill*         0x0000000008007357        0x1 
 .rodata.SHIFT_TAB_ICxx
                0x0000000008007358        0x7 Core/Src/tim.o
 *fill*         0x000000000800735f        0x1 
 .rodata.SHIFT_TAB_CCxP
                0x0000000008007360        0x7 Core/Src/tim.o
 *fill*         0x0000000008007367        0x1 
 .rodata._global_impure_ptr
                0x0000000008007368        0x4 c:/st/stm32cubeide_1.0.2/stm32cubeide/plugins/com.st.stm32cube.ide.mcu.externaltools.gnu-tools-for-stm32.9-2020-q2-update.win32_1.5.0.202011040924/tools/bin/../lib/gcc/arm-none-eabi/9.3.1/../../../../arm-none-eabi/lib/thumb/v7e-m+fp/hard\libc_nano.a(lib_a-impure.o)
                0x0000000008007368                _global_impure_ptr
 .rodata._printf_float.str1.1
                0x000000000800736c       0x12 c:/st/stm32cubeide_1.0.2/stm32cubeide/plugins/com.st.stm32cube.ide.mcu.externaltools.gnu-tools-for-stm32.9-2020-q2-update.win32_1.5.0.202011040924/tools/bin/../lib/gcc/arm-none-eabi/9.3.1/../../../../arm-none-eabi/lib/thumb/v7e-m+fp/hard\libc_nano.a(lib_a-nano-vfprintf_float.o)
 .rodata._printf_i.str1.1
                0x000000000800737e       0x22 c:/st/stm32cubeide_1.0.2/stm32cubeide/plugins/com.st.stm32cube.ide.mcu.externaltools.gnu-tools-for-stm32.9-2020-q2-update.win32_1.5.0.202011040924/tools/bin/../lib/gcc/arm-none-eabi/9.3.1/../../../../arm-none-eabi/lib/thumb/v7e-m+fp/hard\libc_nano.a(lib_a-nano-vfprintf_i.o)
 .rodata._dtoa_r.str1.1
                0x00000000080073a0       0x94 c:/st/stm32cubeide_1.0.2/stm32cubeide/plugins/com.st.stm32cube.ide.mcu.externaltools.gnu-tools-for-stm32.9-2020-q2-update.win32_1.5.0.202011040924/tools/bin/../lib/gcc/arm-none-eabi/9.3.1/../../../../arm-none-eabi/lib/thumb/v7e-m+fp/hard\libc_nano.a(lib_a-dtoa.o)
                                         0x96 (size before relaxing)
 .rodata.__sf_fake_stderr
                0x0000000008007434       0x20 c:/st/stm32cubeide_1.0.2/stm32cubeide/plugins/com.st.stm32cube.ide.mcu.externaltools.gnu-tools-for-stm32.9-2020-q2-update.win32_1.5.0.202011040924/tools/bin/../lib/gcc/arm-none-eabi/9.3.1/../../../../arm-none-eabi/lib/thumb/v7e-m+fp/hard\libc_nano.a(lib_a-findfp.o)
                0x0000000008007434                __sf_fake_stderr
 .rodata.__sf_fake_stdin
                0x0000000008007454       0x20 c:/st/stm32cubeide_1.0.2/stm32cubeide/plugins/com.st.stm32cube.ide.mcu.externaltools.gnu-tools-for-stm32.9-2020-q2-update.win32_1.5.0.202011040924/tools/bin/../lib/gcc/arm-none-eabi/9.3.1/../../../../arm-none-eabi/lib/thumb/v7e-m+fp/hard\libc_nano.a(lib_a-findfp.o)
                0x0000000008007454                __sf_fake_stdin
 .rodata.__sf_fake_stdout
                0x0000000008007474       0x20 c:/st/stm32cubeide_1.0.2/stm32cubeide/plugins/com.st.stm32cube.ide.mcu.externaltools.gnu-tools-for-stm32.9-2020-q2-update.win32_1.5.0.202011040924/tools/bin/../lib/gcc/arm-none-eabi/9.3.1/../../../../arm-none-eabi/lib/thumb/v7e-m+fp/hard\libc_nano.a(lib_a-findfp.o)
                0x0000000008007474                __sf_fake_stdout
 .rodata._Balloc.str1.1
                0x0000000008007494       0x60 c:/st/stm32cubeide_1.0.2/stm32cubeide/plugins/com.st.stm32cube.ide.mcu.externaltools.gnu-tools-for-stm32.9-2020-q2-update.win32_1.5.0.202011040924/tools/bin/../lib/gcc/arm-none-eabi/9.3.1/../../../../arm-none-eabi/lib/thumb/v7e-m+fp/hard\libc_nano.a(lib_a-mprec.o)
                                         0x77 (size before relaxing)
 .rodata.__multadd.str1.1
                0x00000000080074f4       0x11 c:/st/stm32cubeide_1.0.2/stm32cubeide/plugins/com.st.stm32cube.ide.mcu.externaltools.gnu-tools-for-stm32.9-2020-q2-update.win32_1.5.0.202011040924/tools/bin/../lib/gcc/arm-none-eabi/9.3.1/../../../../arm-none-eabi/lib/thumb/v7e-m+fp/hard\libc_nano.a(lib_a-mprec.o)
 *fill*         0x00000000080074f4        0x4 
 .rodata.__mprec_bigtens
                0x00000000080074f8       0x28 c:/st/stm32cubeide_1.0.2/stm32cubeide/plugins/com.st.stm32cube.ide.mcu.externaltools.gnu-tools-for-stm32.9-2020-q2-update.win32_1.5.0.202011040924/tools/bin/../lib/gcc/arm-none-eabi/9.3.1/../../../../arm-none-eabi/lib/thumb/v7e-m+fp/hard\libc_nano.a(lib_a-mprec.o)
                0x00000000080074f8                __mprec_bigtens
 .rodata.__mprec_tens
                0x0000000008007520       0xc8 c:/st/stm32cubeide_1.0.2/stm32cubeide/plugins/com.st.stm32cube.ide.mcu.externaltools.gnu-tools-for-stm32.9-2020-q2-update.win32_1.5.0.202011040924/tools/bin/../lib/gcc/arm-none-eabi/9.3.1/../../../../arm-none-eabi/lib/thumb/v7e-m+fp/hard\libc_nano.a(lib_a-mprec.o)
                0x0000000008007520                __mprec_tens
 .rodata.p05.7513
                0x00000000080075e8        0xc c:/st/stm32cubeide_1.0.2/stm32cubeide/plugins/com.st.stm32cube.ide.mcu.externaltools.gnu-tools-for-stm32.9-2020-q2-update.win32_1.5.0.202011040924/tools/bin/../lib/gcc/arm-none-eabi/9.3.1/../../../../arm-none-eabi/lib/thumb/v7e-m+fp/hard\libc_nano.a(lib_a-mprec.o)
 .rodata._vfprintf_r.str1.1
                0x00000000080075f4       0x11 c:/st/stm32cubeide_1.0.2/stm32cubeide/plugins/com.st.stm32cube.ide.mcu.externaltools.gnu-tools-for-stm32.9-2020-q2-update.win32_1.5.0.202011040924/tools/bin/../lib/gcc/arm-none-eabi/9.3.1/../../../../arm-none-eabi/lib/thumb/v7e-m+fp/hard\libc_nano.a(lib_a-nano-vfprintf.o)
 .rodata.__assert_func.str1.1
                0x0000000008007605       0x3c c:/st/stm32cubeide_1.0.2/stm32cubeide/plugins/com.st.stm32cube.ide.mcu.externaltools.gnu-tools-for-stm32.9-2020-q2-update.win32_1.5.0.202011040924/tools/bin/../lib/gcc/arm-none-eabi/9.3.1/../../../../arm-none-eabi/lib/thumb/v7e-m+fp/hard\libc_nano.a(lib_a-assert.o)
                                         0x3d (size before relaxing)
 .rodata._setlocale_r.str1.1
                0x0000000008007641        0x8 c:/st/stm32cubeide_1.0.2/stm32cubeide/plugins/com.st.stm32cube.ide.mcu.externaltools.gnu-tools-for-stm32.9-2020-q2-update.win32_1.5.0.202011040924/tools/bin/../lib/gcc/arm-none-eabi/9.3.1/../../../../arm-none-eabi/lib/thumb/v7e-m+fp/hard\libc_nano.a(lib_a-locale.o)
                                          0x9 (size before relaxing)
 .rodata.str1.1
                0x0000000008007649        0x2 c:/st/stm32cubeide_1.0.2/stm32cubeide/plugins/com.st.stm32cube.ide.mcu.externaltools.gnu-tools-for-stm32.9-2020-q2-update.win32_1.5.0.202011040924/tools/bin/../lib/gcc/arm-none-eabi/9.3.1/../../../../arm-none-eabi/lib/thumb/v7e-m+fp/hard\libc_nano.a(lib_a-locale.o)
 .rodata._ctype_
                0x000000000800764b      0x101 c:/st/stm32cubeide_1.0.2/stm32cubeide/plugins/com.st.stm32cube.ide.mcu.externaltools.gnu-tools-for-stm32.9-2020-q2-update.win32_1.5.0.202011040924/tools/bin/../lib/gcc/arm-none-eabi/9.3.1/../../../../arm-none-eabi/lib/thumb/v7e-m+fp/hard\libc_nano.a(lib_a-ctype_.o)
                0x000000000800764b                _ctype_
                0x000000000800774c                . = ALIGN (0x4)

.ARM.extab      0x000000000800774c        0x0
                0x000000000800774c                . = ALIGN (0x4)
 *(.ARM.extab* .gnu.linkonce.armextab.*)
                0x000000000800774c                . = ALIGN (0x4)

.ARM            0x000000000800774c        0x8
                0x000000000800774c                . = ALIGN (0x4)
                0x000000000800774c                __exidx_start = .
 *(.ARM.exidx*)
 .ARM.exidx     0x000000000800774c        0x8 c:/st/stm32cubeide_1.0.2/stm32cubeide/plugins/com.st.stm32cube.ide.mcu.externaltools.gnu-tools-for-stm32.9-2020-q2-update.win32_1.5.0.202011040924/tools/bin/../lib/gcc/arm-none-eabi/9.3.1/thumb/v7e-m+fp/hard\libgcc.a(_udivmoddi4.o)
                0x0000000008007754                __exidx_end = .
                0x0000000008007754                . = ALIGN (0x4)

.rel.dyn        0x0000000008007754        0x0
 .rel.iplt      0x0000000008007754        0x0 c:/st/stm32cubeide_1.0.2/stm32cubeide/plugins/com.st.stm32cube.ide.mcu.externaltools.gnu-tools-for-stm32.9-2020-q2-update.win32_1.5.0.202011040924/tools/bin/../lib/gcc/arm-none-eabi/9.3.1/thumb/v7e-m+fp/hard/crtbegin.o

.preinit_array  0x0000000008007754        0x0
                0x0000000008007754                . = ALIGN (0x4)
                0x0000000008007754                PROVIDE (__preinit_array_start = .)
 *(.preinit_array*)
                0x0000000008007754                PROVIDE (__preinit_array_end = .)
                0x0000000008007754                . = ALIGN (0x4)

.init_array     0x0000000008007754        0x4
                0x0000000008007754                . = ALIGN (0x4)
                0x0000000008007754                PROVIDE (__init_array_start = .)
 *(SORT_BY_NAME(.init_array.*))
 *(.init_array*)
 .init_array    0x0000000008007754        0x4 c:/st/stm32cubeide_1.0.2/stm32cubeide/plugins/com.st.stm32cube.ide.mcu.externaltools.gnu-tools-for-stm32.9-2020-q2-update.win32_1.5.0.202011040924/tools/bin/../lib/gcc/arm-none-eabi/9.3.1/thumb/v7e-m+fp/hard/crtbegin.o
                0x0000000008007758                PROVIDE (__init_array_end = .)
                0x0000000008007758                . = ALIGN (0x4)

.fini_array     0x0000000008007758        0x4
                0x0000000008007758                . = ALIGN (0x4)
                [!provide]                        PROVIDE (__fini_array_start = .)
 *(SORT_BY_NAME(.fini_array.*))
 *(.fini_array*)
 .fini_array    0x0000000008007758        0x4 c:/st/stm32cubeide_1.0.2/stm32cubeide/plugins/com.st.stm32cube.ide.mcu.externaltools.gnu-tools-for-stm32.9-2020-q2-update.win32_1.5.0.202011040924/tools/bin/../lib/gcc/arm-none-eabi/9.3.1/thumb/v7e-m+fp/hard/crtbegin.o
                [!provide]                        PROVIDE (__fini_array_end = .)
                0x000000000800775c                . = ALIGN (0x4)
                0x000000000800775c                _sidata = LOADADDR (.data)

.data           0x0000000020000000      0x1d4 load address 0x000000000800775c
                0x0000000020000000                . = ALIGN (0x4)
                0x0000000020000000                _sdata = .
 *(.data)
 *(.data*)
 .data.SystemCoreClock
                0x0000000020000000        0x4 Core/Src/system_stm32f4xx.o
                0x0000000020000000                SystemCoreClock
 .data._impure_ptr
                0x0000000020000004        0x4 c:/st/stm32cubeide_1.0.2/stm32cubeide/plugins/com.st.stm32cube.ide.mcu.externaltools.gnu-tools-for-stm32.9-2020-q2-update.win32_1.5.0.202011040924/tools/bin/../lib/gcc/arm-none-eabi/9.3.1/../../../../arm-none-eabi/lib/thumb/v7e-m+fp/hard\libc_nano.a(lib_a-impure.o)
                0x0000000020000004                _impure_ptr
 .data.impure_data
                0x0000000020000008       0x60 c:/st/stm32cubeide_1.0.2/stm32cubeide/plugins/com.st.stm32cube.ide.mcu.externaltools.gnu-tools-for-stm32.9-2020-q2-update.win32_1.5.0.202011040924/tools/bin/../lib/gcc/arm-none-eabi/9.3.1/../../../../arm-none-eabi/lib/thumb/v7e-m+fp/hard\libc_nano.a(lib_a-impure.o)
 .data.__global_locale
                0x0000000020000068      0x16c c:/st/stm32cubeide_1.0.2/stm32cubeide/plugins/com.st.stm32cube.ide.mcu.externaltools.gnu-tools-for-stm32.9-2020-q2-update.win32_1.5.0.202011040924/tools/bin/../lib/gcc/arm-none-eabi/9.3.1/../../../../arm-none-eabi/lib/thumb/v7e-m+fp/hard\libc_nano.a(lib_a-locale.o)
                0x0000000020000068                __global_locale
 *(.RamFunc)
 *(.RamFunc*)
                0x00000000200001d4                . = ALIGN (0x4)
                0x00000000200001d4                _edata = .

.igot.plt       0x00000000200001d4        0x0 load address 0x0000000008007930
 .igot.plt      0x00000000200001d4        0x0 c:/st/stm32cubeide_1.0.2/stm32cubeide/plugins/com.st.stm32cube.ide.mcu.externaltools.gnu-tools-for-stm32.9-2020-q2-update.win32_1.5.0.202011040924/tools/bin/../lib/gcc/arm-none-eabi/9.3.1/thumb/v7e-m+fp/hard/crtbegin.o
                0x00000000200001d4                . = ALIGN (0x4)

.bss            0x00000000200001d4       0x3c load address 0x0000000008007930
                0x00000000200001d4                _sbss = .
                0x00000000200001d4                __bss_start__ = _sbss
 *(.bss)
 .bss           0x00000000200001d4       0x1c c:/st/stm32cubeide_1.0.2/stm32cubeide/plugins/com.st.stm32cube.ide.mcu.externaltools.gnu-tools-for-stm32.9-2020-q2-update.win32_1.5.0.202011040924/tools/bin/../lib/gcc/arm-none-eabi/9.3.1/thumb/v7e-m+fp/hard/crtbegin.o
 *(.bss*)
 .bss.l_state.5572
                0x00000000200001f0        0x2 Core/Src/System/callback.o
 *fill*         0x00000000200001f2        0x2 
 .bss.__sbrk_heap_end
                0x00000000200001f4        0x4 Core/Src/sysmem.o
 .bss.__malloc_free_list
                0x00000000200001f8        0x4 c:/st/stm32cubeide_1.0.2/stm32cubeide/plugins/com.st.stm32cube.ide.mcu.externaltools.gnu-tools-for-stm32.9-2020-q2-update.win32_1.5.0.202011040924/tools/bin/../lib/gcc/arm-none-eabi/9.3.1/../../../../arm-none-eabi/lib/thumb/v7e-m+fp/hard\libc_nano.a(lib_a-nano-mallocr.o)
                0x00000000200001f8                __malloc_free_list
 .bss.__malloc_sbrk_start
                0x00000000200001fc        0x4 c:/st/stm32cubeide_1.0.2/stm32cubeide/plugins/com.st.stm32cube.ide.mcu.externaltools.gnu-tools-for-stm32.9-2020-q2-update.win32_1.5.0.202011040924/tools/bin/../lib/gcc/arm-none-eabi/9.3.1/../../../../arm-none-eabi/lib/thumb/v7e-m+fp/hard\libc_nano.a(lib_a-nano-mallocr.o)
                0x00000000200001fc                __malloc_sbrk_start
 *(COMMON)
 COMMON         0x0000000020000200        0x2 Core/Src/System/callback.o
                0x0000000020000200                tim_counter
 COMMON         0x0000000020000202        0x9 c:/st/stm32cubeide_1.0.2/stm32cubeide/plugins/com.st.stm32cube.ide.mcu.externaltools.gnu-tools-for-stm32.9-2020-q2-update.win32_1.5.0.202011040924/tools/bin/../lib/gcc/arm-none-eabi/9.3.1/../../../../arm-none-eabi/lib/thumb/v7e-m+fp/hard\libc_nano.a(lib_a-lock.o)
                0x0000000020000202                __lock___atexit_recursive_mutex
                0x0000000020000203                __lock___arc4random_mutex
                0x0000000020000204                __lock___env_recursive_mutex
                0x0000000020000205                __lock___sinit_recursive_mutex
                0x0000000020000206                __lock___malloc_recursive_mutex
                0x0000000020000207                __lock___at_quick_exit_mutex
                0x0000000020000208                __lock___dd_hash_mutex
                0x0000000020000209                __lock___tz_mutex
                0x000000002000020a                __lock___sfp_recursive_mutex
 *fill*         0x000000002000020b        0x1 
 COMMON         0x000000002000020c        0x4 c:/st/stm32cubeide_1.0.2/stm32cubeide/plugins/com.st.stm32cube.ide.mcu.externaltools.gnu-tools-for-stm32.9-2020-q2-update.win32_1.5.0.202011040924/tools/bin/../lib/gcc/arm-none-eabi/9.3.1/../../../../arm-none-eabi/lib/thumb/v7e-m+fp/hard\libc_nano.a(lib_a-reent.o)
                0x000000002000020c                errno
                0x0000000020000210                . = ALIGN (0x4)
                0x0000000020000210                _ebss = .
                0x0000000020000210                __bss_end__ = _ebss

._user_heap_stack
                0x0000000020000210      0x600 load address 0x0000000008007930
                0x0000000020000210                . = ALIGN (0x8)
                [!provide]                        PROVIDE (end = .)
                0x0000000020000210                PROVIDE (_end = .)
                0x0000000020000410                . = (. + _Min_Heap_Size)
 *fill*         0x0000000020000210      0x200 
                0x0000000020000810                . = (. + _Min_Stack_Size)
 *fill*         0x0000000020000410      0x400 
                0x0000000020000810                . = ALIGN (0x8)

/DISCARD/
 libc.a(*)
 libm.a(*)
 libgcc.a(*)

.ARM.attributes
                0x0000000000000000       0x30
 *(.ARM.attributes)
 .ARM.attributes
                0x0000000000000000       0x1e c:/st/stm32cubeide_1.0.2/stm32cubeide/plugins/com.st.stm32cube.ide.mcu.externaltools.gnu-tools-for-stm32.9-2020-q2-update.win32_1.5.0.202011040924/tools/bin/../lib/gcc/arm-none-eabi/9.3.1/thumb/v7e-m+fp/hard/crti.o
 .ARM.attributes
                0x000000000000001e       0x34 c:/st/stm32cubeide_1.0.2/stm32cubeide/plugins/com.st.stm32cube.ide.mcu.externaltools.gnu-tools-for-stm32.9-2020-q2-update.win32_1.5.0.202011040924/tools/bin/../lib/gcc/arm-none-eabi/9.3.1/thumb/v7e-m+fp/hard/crtbegin.o
 .ARM.attributes
                0x0000000000000052       0x34 Core/Src/Hardware/ICM20689.o
 .ARM.attributes
                0x0000000000000086       0x34 Core/Src/Hardware/basic_timer.o
 .ARM.attributes
                0x00000000000000ba       0x34 Core/Src/Hardware/buzzer.o
 .ARM.attributes
                0x00000000000000ee       0x34 Core/Src/Hardware/interface_LED.o
 .ARM.attributes
                0x0000000000000122       0x34 Core/Src/Hardware/motor.o
 .ARM.attributes
                0x0000000000000156       0x34 Core/Src/System/callback.o
 .ARM.attributes
                0x000000000000018a       0x34 Core/Src/System/music.o
 .ARM.attributes
                0x00000000000001be       0x34 Core/Src/adc.o
 .ARM.attributes
                0x00000000000001f2       0x34 Core/Src/gpio.o
 .ARM.attributes
                0x0000000000000226       0x34 Core/Src/main.o
 .ARM.attributes
                0x000000000000025a       0x34 Core/Src/spi.o
 .ARM.attributes
                0x000000000000028e       0x34 Core/Src/stm32f4xx_it.o
 .ARM.attributes
                0x00000000000002c2       0x34 Core/Src/syscalls.o
 .ARM.attributes
                0x00000000000002f6       0x34 Core/Src/sysmem.o
 .ARM.attributes
                0x000000000000032a       0x34 Core/Src/system_stm32f4xx.o
 .ARM.attributes
                0x000000000000035e       0x34 Core/Src/tim.o
 .ARM.attributes
                0x0000000000000392       0x34 Core/Src/usart.o
 .ARM.attributes
                0x00000000000003c6       0x21 Core/Startup/startup_stm32f405rgtx.o
 .ARM.attributes
                0x00000000000003e7       0x34 Drivers/STM32F4xx_HAL_Driver/Src/stm32f4xx_ll_adc.o
 .ARM.attributes
                0x000000000000041b       0x34 Drivers/STM32F4xx_HAL_Driver/Src/stm32f4xx_ll_gpio.o
 .ARM.attributes
                0x000000000000044f       0x34 Drivers/STM32F4xx_HAL_Driver/Src/stm32f4xx_ll_rcc.o
 .ARM.attributes
                0x0000000000000483       0x34 Drivers/STM32F4xx_HAL_Driver/Src/stm32f4xx_ll_spi.o
 .ARM.attributes
                0x00000000000004b7       0x34 Drivers/STM32F4xx_HAL_Driver/Src/stm32f4xx_ll_tim.o
 .ARM.attributes
                0x00000000000004eb       0x34 Drivers/STM32F4xx_HAL_Driver/Src/stm32f4xx_ll_usart.o
 .ARM.attributes
                0x000000000000051f       0x34 Drivers/STM32F4xx_HAL_Driver/Src/stm32f4xx_ll_utils.o
 .ARM.attributes
                0x0000000000000553       0x34 c:/st/stm32cubeide_1.0.2/stm32cubeide/plugins/com.st.stm32cube.ide.mcu.externaltools.gnu-tools-for-stm32.9-2020-q2-update.win32_1.5.0.202011040924/tools/bin/../lib/gcc/arm-none-eabi/9.3.1/../../../../arm-none-eabi/lib/thumb/v7e-m+fp/hard\libc_nano.a(lib_a-errno.o)
 .ARM.attributes
                0x0000000000000587       0x32 c:/st/stm32cubeide_1.0.2/stm32cubeide/plugins/com.st.stm32cube.ide.mcu.externaltools.gnu-tools-for-stm32.9-2020-q2-update.win32_1.5.0.202011040924/tools/bin/../lib/gcc/arm-none-eabi/9.3.1/../../../../arm-none-eabi/lib/thumb/v7e-m+fp/hard\libc_nano.a(lib_a-impure.o)
 .ARM.attributes
                0x00000000000005b9       0x34 c:/st/stm32cubeide_1.0.2/stm32cubeide/plugins/com.st.stm32cube.ide.mcu.externaltools.gnu-tools-for-stm32.9-2020-q2-update.win32_1.5.0.202011040924/tools/bin/../lib/gcc/arm-none-eabi/9.3.1/../../../../arm-none-eabi/lib/thumb/v7e-m+fp/hard\libc_nano.a(lib_a-init.o)
 .ARM.attributes
                0x00000000000005ed       0x34 c:/st/stm32cubeide_1.0.2/stm32cubeide/plugins/com.st.stm32cube.ide.mcu.externaltools.gnu-tools-for-stm32.9-2020-q2-update.win32_1.5.0.202011040924/tools/bin/../lib/gcc/arm-none-eabi/9.3.1/../../../../arm-none-eabi/lib/thumb/v7e-m+fp/hard\libc_nano.a(lib_a-memset.o)
 .ARM.attributes
                0x0000000000000621       0x34 c:/st/stm32cubeide_1.0.2/stm32cubeide/plugins/com.st.stm32cube.ide.mcu.externaltools.gnu-tools-for-stm32.9-2020-q2-update.win32_1.5.0.202011040924/tools/bin/../lib/gcc/arm-none-eabi/9.3.1/../../../../arm-none-eabi/lib/thumb/v7e-m+fp/hard\libc_nano.a(lib_a-nano-vfprintf_float.o)
 .ARM.attributes