Archive member included to satisfy reference by file (symbol)

c:/st/stm32cubeide_1.0.2/stm32cubeide/plugins/com.st.stm32cube.ide.mcu.externaltools.gnu-tools-for-stm32.9-2020-q2-update.win32_1.5.0.202011040924/tools/bin/../lib/gcc/arm-none-eabi/9.3.1/../../../../arm-none-eabi/lib/thumb/v7e-m+fp/hard\libc_nano.a(lib_a-errno.o)
                              Core/Src/syscalls.o (__errno)
c:/st/stm32cubeide_1.0.2/stm32cubeide/plugins/com.st.stm32cube.ide.mcu.externaltools.gnu-tools-for-stm32.9-2020-q2-update.win32_1.5.0.202011040924/tools/bin/../lib/gcc/arm-none-eabi/9.3.1/../../../../arm-none-eabi/lib/thumb/v7e-m+fp/hard\libc_nano.a(lib_a-exit.o)
                              c:/st/stm32cubeide_1.0.2/stm32cubeide/plugins/com.st.stm32cube.ide.mcu.externaltools.gnu-tools-for-stm32.9-2020-q2-update.win32_1.5.0.202011040924/tools/bin/../lib/gcc/arm-none-eabi/9.3.1/../../../../arm-none-eabi/lib/thumb/v7e-m+fp/hard/crt0.o (exit)
c:/st/stm32cubeide_1.0.2/stm32cubeide/plugins/com.st.stm32cube.ide.mcu.externaltools.gnu-tools-for-stm32.9-2020-q2-update.win32_1.5.0.202011040924/tools/bin/../lib/gcc/arm-none-eabi/9.3.1/../../../../arm-none-eabi/lib/thumb/v7e-m+fp/hard\libc_nano.a(lib_a-impure.o)
                              c:/st/stm32cubeide_1.0.2/stm32cubeide/plugins/com.st.stm32cube.ide.mcu.externaltools.gnu-tools-for-stm32.9-2020-q2-update.win32_1.5.0.202011040924/tools/bin/../lib/gcc/arm-none-eabi/9.3.1/../../../../arm-none-eabi/lib/thumb/v7e-m+fp/hard\libc_nano.a(lib_a-exit.o) (_global_impure_ptr)
c:/st/stm32cubeide_1.0.2/stm32cubeide/plugins/com.st.stm32cube.ide.mcu.externaltools.gnu-tools-for-stm32.9-2020-q2-update.win32_1.5.0.202011040924/tools/bin/../lib/gcc/arm-none-eabi/9.3.1/../../../../arm-none-eabi/lib/thumb/v7e-m+fp/hard\libc_nano.a(lib_a-init.o)
                              c:/st/stm32cubeide_1.0.2/stm32cubeide/plugins/com.st.stm32cube.ide.mcu.externaltools.gnu-tools-for-stm32.9-2020-q2-update.win32_1.5.0.202011040924/tools/bin/../lib/gcc/arm-none-eabi/9.3.1/../../../../arm-none-eabi/lib/thumb/v7e-m+fp/hard/crt0.o (__libc_init_array)
c:/st/stm32cubeide_1.0.2/stm32cubeide/plugins/com.st.stm32cube.ide.mcu.externaltools.gnu-tools-for-stm32.9-2020-q2-update.win32_1.5.0.202011040924/tools/bin/../lib/gcc/arm-none-eabi/9.3.1/../../../../arm-none-eabi/lib/thumb/v7e-m+fp/hard\libc_nano.a(lib_a-memset.o)
                              c:/st/stm32cubeide_1.0.2/stm32cubeide/plugins/com.st.stm32cube.ide.mcu.externaltools.gnu-tools-for-stm32.9-2020-q2-update.win32_1.5.0.202011040924/tools/bin/../lib/gcc/arm-none-eabi/9.3.1/../../../../arm-none-eabi/lib/thumb/v7e-m+fp/hard/crt0.o (memset)
c:/st/stm32cubeide_1.0.2/stm32cubeide/plugins/com.st.stm32cube.ide.mcu.externaltools.gnu-tools-for-stm32.9-2020-q2-update.win32_1.5.0.202011040924/tools/bin/../lib/gcc/arm-none-eabi/9.3.1/../../../../arm-none-eabi/lib/thumb/v7e-m+fp/hard\libc_nano.a(lib_a-nano-vfprintf_float.o)
                              (_printf_float)
c:/st/stm32cubeide_1.0.2/stm32cubeide/plugins/com.st.stm32cube.ide.mcu.externaltools.gnu-tools-for-stm32.9-2020-q2-update.win32_1.5.0.202011040924/tools/bin/../lib/gcc/arm-none-eabi/9.3.1/../../../../arm-none-eabi/lib/thumb/v7e-m+fp/hard\libc_nano.a(lib_a-nano-vfprintf_i.o)
                              c:/st/stm32cubeide_1.0.2/stm32cubeide/plugins/com.st.stm32cube.ide.mcu.externaltools.gnu-tools-for-stm32.9-2020-q2-update.win32_1.5.0.202011040924/tools/bin/../lib/gcc/arm-none-eabi/9.3.1/../../../../arm-none-eabi/lib/thumb/v7e-m+fp/hard\libc_nano.a(lib_a-nano-vfprintf_float.o) (_printf_common)
c:/st/stm32cubeide_1.0.2/stm32cubeide/plugins/com.st.stm32cube.ide.mcu.externaltools.gnu-tools-for-stm32.9-2020-q2-update.win32_1.5.0.202011040924/tools/bin/../lib/gcc/arm-none-eabi/9.3.1/../../../../arm-none-eabi/lib/thumb/v7e-m+fp/hard\libc_nano.a(lib_a-printf.o)
                              Core/Src/Controller/mode.o (printf)
c:/st/stm32cubeide_1.0.2/stm32cubeide/plugins/com.st.stm32cube.ide.mcu.externaltools.gnu-tools-for-stm32.9-2020-q2-update.win32_1.5.0.202011040924/tools/bin/../lib/gcc/arm-none-eabi/9.3.1/../../../../arm-none-eabi/lib/thumb/v7e-m+fp/hard\libc_nano.a(lib_a-putchar.o)
                              Core/Src/Controller/mode.o (putchar)
c:/st/stm32cubeide_1.0.2/stm32cubeide/plugins/com.st.stm32cube.ide.mcu.externaltools.gnu-tools-for-stm32.9-2020-q2-update.win32_1.5.0.202011040924/tools/bin/../lib/gcc/arm-none-eabi/9.3.1/../../../../arm-none-eabi/lib/thumb/v7e-m+fp/hard\libc_nano.a(lib_a-puts.o)
                              Core/Src/Controller/mode.o (puts)
c:/st/stm32cubeide_1.0.2/stm32cubeide/plugins/com.st.stm32cube.ide.mcu.externaltools.gnu-tools-for-stm32.9-2020-q2-update.win32_1.5.0.202011040924/tools/bin/../lib/gcc/arm-none-eabi/9.3.1/../../../../arm-none-eabi/lib/thumb/v7e-m+fp/hard\libc_nano.a(lib_a-setbuf.o)
                              Core/Src/main.o (setbuf)
[...]
Memory Configuration

Name             Origin             Length             Attributes
CCMRAM           0x0000000010000000 0x0000000000010000 xrw
RAM              0x0000000020000000 0x0000000000020000 xrw
FLASH            0x0000000008000000 0x0000000000100000 xr
*default*        0x0000000000000000 0xffffffffffffffff

Linker script and memory map

LOAD c:/st/stm32cubeide_1.0.2/stm32cubeide/plugins/com.st.stm32cube.ide.mcu.externaltools.gnu-tools-for-stm32.9-2020-q2-update.win32_1.5.0.202011040924/tools/bin/../lib/gcc/arm-none-eabi/9.3.1/thumb/v7e-m+fp/hard/crti.o
LOAD c:/st/stm32cubeide_1.0.2/stm32cubeide/plugins/com.st.stm32cube.ide.mcu.externaltools.gnu-tools-for-stm32.9-2020-q2-update.win32_1.5.0.202011040924/tools/bin/../lib/gcc/arm-none-eabi/9.3.1/thumb/v7e-m+fp/hard/crtbegin.o
LOAD c:/st/stm32cubeide_1.0.2/stm32cubeide/plugins/com.st.stm32cube.ide.mcu.externaltools.gnu-tools-for-stm32.9-2020-q2-update.win32_1.5.0.202011040924/tools/bin/../lib/gcc/arm-none-eabi/9.3.1/../../../../arm-none-eabi/lib/thumb/v7e-m+fp/hard/crt0.o
LOAD Core/Src/Controller/callback.o
LOAD Core/Src/Controller/mode.o
LOAD Core/Src/Controller/search.o
LOAD Core/Src/Controller/state.o
LOAD Core/Src/Controller/test.o
LOAD Core/Src/Hardware/ICM20689.o
LOAD Core/Src/Hardware/basic_timer.o
LOAD Core/Src/Hardware/battery.o
LOAD Core/Src/Hardware/buzzer.o
LOAD Core/Src/Hardware/encoder.o
LOAD Core/Src/Hardware/flash.o
LOAD Core/Src/Hardware/interface_LED.o
LOAD Core/Src/Hardware/motor.o
LOAD Core/Src/Hardware/wall_sensor.o
LOAD Core/Src/System/flags.o
LOAD Core/Src/System/log.o
LOAD Core/Src/System/map.o
LOAD Core/Src/System/motion.o
LOAD Core/Src/System/music.o
LOAD Core/Src/System/route.o
LOAD Core/Src/System/sensing.o
LOAD Core/Src/adc.o
LOAD Core/Src/dma.o
LOAD Core/Src/gpio.o
LOAD Core/Src/main.o
LOAD Core/Src/spi.o
LOAD Core/Src/stm32f4xx_it.o
LOAD Core/Src/syscalls.o
LOAD Core/Src/sysmem.o
LOAD Core/Src/system_stm32f4xx.o
LOAD Core/Src/tim.o
LOAD Core/Src/usart.o
LOAD Core/Startup/startup_stm32f405rgtx.o
LOAD Drivers/STM32F4xx_HAL_Driver/Src/stm32f4xx_ll_adc.o
LOAD Drivers/STM32F4xx_HAL_Driver/Src/stm32f4xx_ll_dma.o
LOAD Drivers/STM32F4xx_HAL_Driver/Src/stm32f4xx_ll_exti.o
LOAD Drivers/STM32F4xx_HAL_Driver/Src/stm32f4xx_ll_gpio.o
LOAD Drivers/STM32F4xx_HAL_Driver/Src/stm32f4xx_ll_rcc.o
LOAD Drivers/STM32F4xx_HAL_Driver/Src/stm32f4xx_ll_spi.o
LOAD Drivers/STM32F4xx_HAL_Driver/Src/stm32f4xx_ll_tim.o
LOAD Drivers/STM32F4xx_HAL_Driver/Src/stm32f4xx_ll_usart.o
LOAD Drivers/STM32F4xx_HAL_Driver/Src/stm32f4xx_ll_utils.o
START GROUP
LOAD c:/st/stm32cubeide_1.0.2/stm32cubeide/plugins/com.st.stm32cube.ide.mcu.externaltools.gnu-tools-for-stm32.9-2020-q2-update.win32_1.5.0.202011040924/tools/bin/../lib/gcc/arm-none-eabi/9.3.1/../../../../arm-none-eabi/lib/thumb/v7e-m+fp/hard\libc_nano.a
LOAD c:/st/stm32cubeide_1.0.2/stm32cubeide/plugins/com.st.stm32cube.ide.mcu.externaltools.gnu-tools-for-stm32.9-2020-q2-update.win32_1.5.0.202011040924/tools/bin/../lib/gcc/arm-none-eabi/9.3.1/../../../../arm-none-eabi/lib/thumb/v7e-m+fp/hard\libm.a
END GROUP
START GROUP
LOAD c:/st/stm32cubeide_1.0.2/stm32cubeide/plugins/com.st.stm32cube.ide.mcu.externaltools.gnu-tools-for-stm32.9-2020-q2-update.win32_1.5.0.202011040924/tools/bin/../lib/gcc/arm-none-eabi/9.3.1/thumb/v7e-m+fp/hard\libgcc.a
LOAD c:/st/stm32cubeide_1.0.2/stm32cubeide/plugins/com.st.stm32cube.ide.mcu.externaltools.gnu-tools-for-stm32.9-2020-q2-update.win32_1.5.0.202011040924/tools/bin/../lib/gcc/arm-none-eabi/9.3.1/../../../../arm-none-eabi/lib/thumb/v7e-m+fp/hard\libc_nano.a
END GROUP
START GROUP
LOAD c:/st/stm32cubeide_1.0.2/stm32cubeide/plugins/com.st.stm32cube.ide.mcu.externaltools.gnu-tools-for-stm32.9-2020-q2-update.win32_1.5.0.202011040924/tools/bin/../lib/gcc/arm-none-eabi/9.3.1/thumb/v7e-m+fp/hard\libgcc.a
LOAD c:/st/stm32cubeide_1.0.2/stm32cubeide/plugins/com.st.stm32cube.ide.mcu.externaltools.gnu-tools-for-stm32.9-2020-q2-update.win32_1.5.0.202011040924/tools/bin/../lib/gcc/arm-none-eabi/9.3.1/../../../../arm-none-eabi/lib/thumb/v7e-m+fp/hard\libc_nano.a
LOAD c:/st/stm32cubeide_1.0.2/stm32cubeide/plugins/com.st.stm32cube.ide.mcu.externaltools.gnu-tools-for-stm32.9-2020-q2-update.win32_1.5.0.202011040924/tools/bin/../lib/gcc/arm-none-eabi/9.3.1/../../../../arm-none-eabi/lib/thumb/v7e-m+fp/hard\libnosys.a
END GROUP
START GROUP
LOAD c:/st/stm32cubeide_1.0.2/stm32cubeide/plugins/com.st.stm32cube.ide.mcu.externaltools.gnu-tools-for-stm32.9-2020-q2-update.win32_1.5.0.202011040924/tools/bin/../lib/gcc/arm-none-eabi/9.3.1/thumb/v7e-m+fp/hard\libgcc.a
LOAD c:/st/stm32cubeide_1.0.2/stm32cubeide/plugins/com.st.stm32cube.ide.mcu.externaltools.gnu-tools-for-stm32.9-2020-q2-update.win32_1.5.0.202011040924/tools/bin/../lib/gcc/arm-none-eabi/9.3.1/../../../../arm-none-eabi/lib/thumb/v7e-m+fp/hard\libc_nano.a
LOAD c:/st/stm32cubeide_1.0.2/stm32cubeide/plugins/com.st.stm32cube.ide.mcu.externaltools.gnu-tools-for-stm32.9-2020-q2-update.win32_1.5.0.202011040924/tools/bin/../lib/gcc/arm-none-eabi/9.3.1/../../../../arm-none-eabi/lib/thumb/v7e-m+fp/hard\libnosys.a
END GROUP
LOAD c:/st/stm32cubeide_1.0.2/stm32cubeide/plugins/com.st.stm32cube.ide.mcu.externaltools.gnu-tools-for-stm32.9-2020-q2-update.win32_1.5.0.202011040924/tools/bin/../lib/gcc/arm-none-eabi/9.3.1/thumb/v7e-m+fp/hard/crtend.o
LOAD c:/st/stm32cubeide_1.0.2/stm32cubeide/plugins/com.st.stm32cube.ide.mcu.externaltools.gnu-tools-for-stm32.9-2020-q2-update.win32_1.5.0.202011040924/tools/bin/../lib/gcc/arm-none-eabi/9.3.1/thumb/v7e-m+fp/hard/crtn.o
                0x0000000020020000                _estack = (ORIGIN (RAM) + LENGTH (RAM))
                0x0000000000000200                _Min_Heap_Size = 0x200
                0x0000000000000400                _Min_Stack_Size = 0x400

.isr_vector     0x0000000008000000      0x188
                0x0000000008000000                . = ALIGN (0x4)
 *(.isr_vector)
 .isr_vector    0x0000000008000000      0x188 Core/Startup/startup_stm32f405rgtx.o
                0x0000000008000000                g_pfnVectors
                0x0000000008000188                . = ALIGN (0x4)

.text           0x0000000008000190     0xc0d4
                0x0000000008000190                . = ALIGN (0x4)
 *(.text)
 .text          0x0000000008000190       0x40 c:/st/stm32cubeide_1.0.2/stm32cubeide/plugins/com.st.stm32cube.ide.mcu.externaltools.gnu-tools-for-stm32.9-2020-q2-update.win32_1.5.0.202011040924/tools/bin/../lib/gcc/arm-none-eabi/9.3.1/thumb/v7e-m+fp/hard/crtbegin.o
 .text          0x00000000080001d0       0x10 c:/st/stm32cubeide_1.0.2/stm32cubeide/plugins/com.st.stm32cube.ide.mcu.externaltools.gnu-tools-for-stm32.9-2020-q2-update.win32_1.5.0.202011040924/tools/bin/../lib/gcc/arm-none-eabi/9.3.1/../../../../arm-none-eabi/lib/thumb/v7e-m+fp/hard\libc_nano.a(lib_a-strlen.o)
                0x00000000080001d0                strlen
 .text          0x00000000080001e0       0xa0 c:/st/stm32cubeide_1.0.2/stm32cubeide/plugins/com.st.stm32cube.ide.mcu.externaltools.gnu-tools-for-stm32.9-2020-q2-update.win32_1.5.0.202011040924/tools/bin/../lib/gcc/arm-none-eabi/9.3.1/../../../../arm-none-eabi/lib/thumb/v7e-m+fp/hard\libc_nano.a(lib_a-memchr.o)
                0x00000000080001e0                memchr
 .text          0x0000000008000280      0x378 c:/st/stm32cubeide_1.0.2/stm32cubeide/plugins/com.st.stm32cube.ide.mcu.externaltools.gnu-tools-for-stm32.9-2020-q2-update.win32_1.5.0.202011040924/tools/bin/../lib/gcc/arm-none-eabi/9.3.1/thumb/v7e-m+fp/hard\libgcc.a(_arm_addsubdf3.o)
                0x0000000008000280                __aeabi_drsub
                0x0000000008000288                __aeabi_dsub
                0x0000000008000288                __subdf3
                0x000000000800028c                __aeabi_dadd
                0x000000000800028c                __adddf3
                0x0000000008000504                __floatunsidf
                0x0000000008000504                __aeabi_ui2d
                0x0000000008000524                __floatsidf
                0x0000000008000524                __aeabi_i2d
                0x0000000008000548                __aeabi_f2d
                0x0000000008000548                __extendsfdf2
                0x000000000800058c                __floatundidf
                0x000000000800058c                __aeabi_ul2d
                0x000000000800059c                __floatdidf
                0x000000000800059c                __aeabi_l2d
 .text          0x00000000080005f8      0x424 c:/st/stm32cubeide_1.0.2/stm32cubeide/plugins/com.st.stm32cube.ide.mcu.externaltools.gnu-tools-for-stm32.9-2020-q2-update.win32_1.5.0.202011040924/tools/bin/../lib/gcc/arm-none-eabi/9.3.1/thumb/v7e-m+fp/hard\libgcc.a(_arm_muldivdf3.o)
                0x00000000080005f8                __aeabi_dmul
                0x00000000080005f8                __muldf3
                0x000000000800084c                __divdf3
                0x000000000800084c                __aeabi_ddiv
 .text          0x0000000008000a1c      0x110 c:/st/stm32cubeide_1.0.2/stm32cubeide/plugins/com.st.stm32cube.ide.mcu.externaltools.gnu-tools-for-stm32.9-2020-q2-update.win32_1.5.0.202011040924/tools/bin/../lib/gcc/arm-none-eabi/9.3.1/thumb/v7e-m+fp/hard\libgcc.a(_arm_cmpdf2.o)
                0x0000000008000a1c                __gtdf2
                0x0000000008000a1c                __gedf2
                0x0000000008000a24                __ltdf2
                0x0000000008000a24                __ledf2
                0x0000000008000a2c                __nedf2
                0x0000000008000a2c                __eqdf2
                0x0000000008000a2c                __cmpdf2
                0x0000000008000aa8                __aeabi_cdrcmple
                0x0000000008000ab8                __aeabi_cdcmpeq
                0x0000000008000ab8                __aeabi_cdcmple
                0x0000000008000ac8                __aeabi_dcmpeq
                0x0000000008000adc                __aeabi_dcmplt
                0x0000000008000af0                __aeabi_dcmple
                0x0000000008000b04                __aeabi_dcmpge
                0x0000000008000b18                __aeabi_dcmpgt
 .text          0x0000000008000b2c       0x2c c:/st/stm32cubeide_1.0.2/stm32cubeide/plugins/com.st.stm32cube.ide.mcu.externaltools.gnu-tools-for-stm32.9-2020-q2-update.win32_1.5.0.202011040924/tools/bin/../lib/gcc/arm-none-eabi/9.3.1/thumb/v7e-m+fp/hard\libgcc.a(_arm_unorddf2.o)
                0x0000000008000b2c                __unorddf2
                0x0000000008000b2c                __aeabi_dcmpun
 .text          0x0000000008000b58       0x50 c:/st/stm32cubeide_1.0.2/stm32cubeide/plugins/com.st.stm32cube.ide.mcu.externaltools.gnu-tools-for-stm32.9-2020-q2-update.win32_1.5.0.202011040924/tools/bin/../lib/gcc/arm-none-eabi/9.3.1/thumb/v7e-m+fp/hard\libgcc.a(_arm_fixdfsi.o)
                0x0000000008000b58                __aeabi_d2iz
                0x0000000008000b58                __fixdfsi
 .text          0x0000000008000ba8       0xa0 c:/st/stm32cubeide_1.0.2/stm32cubeide/plugins/com.st.stm32cube.ide.mcu.externaltools.gnu-tools-for-stm32.9-2020-q2-update.win32_1.5.0.202011040924/tools/bin/../lib/gcc/arm-none-eabi/9.3.1/thumb/v7e-m+fp/hard\libgcc.a(_arm_truncdfsf2.o)
                0x0000000008000ba8                __truncdfsf2
                0x0000000008000ba8                __aeabi_d2f
 .text          0x0000000008000c48       0x30 c:/st/stm32cubeide_1.0.2/stm32cubeide/plugins/com.st.stm32cube.ide.mcu.externaltools.gnu-tools-for-stm32.9-2020-q2-update.win32_1.5.0.202011040924/tools/bin/../lib/gcc/arm-none-eabi/9.3.1/thumb/v7e-m+fp/hard\libgcc.a(_aeabi_uldivmod.o)
                0x0000000008000c48                __aeabi_uldivmod
 .text          0x0000000008000c78      0x2c4 c:/st/stm32cubeide_1.0.2/stm32cubeide/plugins/com.st.stm32cube.ide.mcu.externaltools.gnu-tools-for-stm32.9-2020-q2-update.win32_1.5.0.202011040924/tools/bin/../lib/gcc/arm-none-eabi/9.3.1/thumb/v7e-m+fp/hard\libgcc.a(_udivmoddi4.o)
                0x0000000008000c78                __udivmoddi4
 .text          0x0000000008000f3c        0x4 c:/st/stm32cubeide_1.0.2/stm32cubeide/plugins/com.st.stm32cube.ide.mcu.externaltools.gnu-tools-for-stm32.9-2020-q2-update.win32_1.5.0.202011040924/tools/bin/../lib/gcc/arm-none-eabi/9.3.1/thumb/v7e-m+fp/hard\libgcc.a(_dvmd_tls.o)
                0x0000000008000f3c                __aeabi_idiv0
                0x0000000008000f3c                __aeabi_ldiv0
 *(.text*)
 .text.callbackTIM
                0x0000000008000f40       0x74 Core/Src/Controller/callback.o
                0x0000000008000f40                callbackTIM
 .text.printMode
                0x0000000008000fb4      0x134 Core/Src/Controller/mode.o
                0x0000000008000fb4                printMode
 .text.modeSelect
                0x00000000080010e8      0x128 Core/Src/Controller/mode.o
                0x00000000080010e8                modeSelect
 .text.waitStarting
                0x0000000008001210       0x78 Core/Src/Controller/mode.o
                0x0000000008001210                waitStarting
 .text.judgeFailSafe
                0x0000000008001288       0xb8 Core/Src/Controller/mode.o
                0x0000000008001288                judgeFailSafe
 .text.errorFunctions
                0x0000000008001340       0x78 Core/Src/Controller/mode.o
                0x0000000008001340                errorFunctions
 .text.rotateSafteyR180
                0x00000000080013b8       0x3c Core/Src/Controller/search.o
                0x00000000080013b8                rotateSafteyR180
 .text.prepareStateForSearching
                0x00000000080013f4       0x60 Core/Src/Controller/search.o
                0x00000000080013f4                prepareStateForSearching
 .text.searchMazeBySlalom
                0x0000000008001454      0x1fc Core/Src/Controller/search.o
                0x0000000008001454                searchMazeBySlalom
 .text.CheckGoal
                0x0000000008001650       0xcc Core/Src/Controller/search.o
                0x0000000008001650                CheckGoal
 .text.calculateSensorError
                0x000000000800171c      0x264 Core/Src/Controller/state.o
                0x000000000800171c                calculateSensorError
 .text.calculatePID
                0x0000000008001980      0x118 Core/Src/Controller/state.o
                0x0000000008001980                calculatePID
 .text.calculateTargetVelocity
                0x0000000008001a98       0xbc Core/Src/Controller/state.o
                0x0000000008001a98                calculateTargetVelocity
 .text.calculateTagetOmega
                0x0000000008001b54       0xbc Core/Src/Controller/state.o
                0x0000000008001b54                calculateTagetOmega
 .text.fixTargetOmegaFromWallSensor
                0x0000000008001c10      0x158 Core/Src/Controller/state.o
                0x0000000008001c10                fixTargetOmegaFromWallSensor
 .text.setStatus
                0x0000000008001d68       0x80 Core/Src/Controller/state.o
                0x0000000008001d68                setStatus
 .text.setTurnParams
                0x0000000008001de8       0x76 Core/Src/Controller/state.o
                0x0000000008001de8                setTurnParams
 .text.setParameters
                0x0000000008001e5e       0x4e Core/Src/Controller/state.o
                0x0000000008001e5e                setParameters
 .text.initMouseStatus
                0x0000000008001eac      0x37c Core/Src/Controller/state.o
                0x0000000008001eac                initMouseStatus
 .text.updateStatus
                0x0000000008002228      0x2a4 Core/Src/Controller/state.o
                0x0000000008002228                updateStatus
 .text.prepareForTest
                0x00000000080024cc       0x60 Core/Src/Controller/test.o
                0x00000000080024cc                prepareForTest
 .text.testKeepDistance
                0x000000000800252c       0x38 Core/Src/Controller/test.o
                0x000000000800252c                testKeepDistance
 .text.testWallSensors
                0x0000000008002564       0x60 Core/Src/Controller/test.o
                0x0000000008002564                testWallSensors
 .text.testEncoders
                0x00000000080025c4       0x64 Core/Src/Controller/test.o
                0x00000000080025c4                testEncoders
 .text.testIMU  0x0000000008002628       0x34 Core/Src/Controller/test.o
                0x0000000008002628                testIMU
 .text.testMotions
                0x000000000800265c      0x3ac Core/Src/Controller/test.o
                0x000000000800265c                testMotions
 .text.LL_SPI_Enable
                0x0000000008002a08       0x20 Core/Src/Hardware/ICM20689.o
 .text.LL_SPI_IsEnabled
                0x0000000008002a28       0x26 Core/Src/Hardware/ICM20689.o
 .text.LL_SPI_IsActiveFlag_RXNE
                0x0000000008002a4e       0x26 Core/Src/Hardware/ICM20689.o
 .text.LL_SPI_IsActiveFlag_TXE
                0x0000000008002a74       0x26 Core/Src/Hardware/ICM20689.o
 .text.LL_SPI_ReceiveData8
                0x0000000008002a9a       0x1a Core/Src/Hardware/ICM20689.o
 .text.LL_SPI_TransmitData8
                0x0000000008002ab4       0x24 Core/Src/Hardware/ICM20689.o
 .text.LL_GPIO_SetOutputPin
                0x0000000008002ad8       0x1c Core/Src/Hardware/ICM20689.o
 .text.LL_GPIO_ResetOutputPin
                0x0000000008002af4       0x1e Core/Src/Hardware/ICM20689.o
 *fill*         0x0000000008002b12        0x2 
 .text.SPI_Control
                0x0000000008002b14       0x9c Core/Src/Hardware/ICM20689.o
                0x0000000008002b14                SPI_Control
 .text.readByte
                0x0000000008002bb0       0x38 Core/Src/Hardware/ICM20689.o
                0x0000000008002bb0                readByte
 .text.writeByte
                0x0000000008002be8       0x3c Core/Src/Hardware/ICM20689.o
                0x0000000008002be8                writeByte
 .text.initIMU  0x0000000008002c24       0xb0 Core/Src/Hardware/ICM20689.o
                0x0000000008002c24                initIMU
 .text.readGyroOmegaZ
                0x0000000008002cd4       0x4c Core/Src/Hardware/ICM20689.o
                0x0000000008002cd4                readGyroOmegaZ
 .text.readGyroAccelX
                0x0000000008002d20       0x4c Core/Src/Hardware/ICM20689.o
                0x0000000008002d20                readGyroAccelX
 .text.LL_TIM_EnableCounter
                0x0000000008002d6c       0x20 Core/Src/Hardware/basic_timer.o
 .text.LL_TIM_DisableCounter
                0x0000000008002d8c       0x20 Core/Src/Hardware/basic_timer.o
 .text.LL_TIM_EnableIT_UPDATE
                0x0000000008002dac       0x20 Core/Src/Hardware/basic_timer.o
 .text.LL_TIM_DisableIT_UPDATE
                0x0000000008002dcc       0x20 Core/Src/Hardware/basic_timer.o
 .text.basicTimerStart
                0x0000000008002dec       0x18 Core/Src/Hardware/basic_timer.o
                0x0000000008002dec                basicTimerStart
 .text.basicTimerPause
                0x0000000008002e04       0x18 Core/Src/Hardware/basic_timer.o
                0x0000000008002e04                basicTimerPause
 .text.waitMs   0x0000000008002e1c       0x1a Core/Src/Hardware/basic_timer.o
                0x0000000008002e1c                waitMs
 *fill*         0x0000000008002e36        0x2 
 .text.waitUs   0x0000000008002e38       0x54 Core/Src/Hardware/basic_timer.o
                0x0000000008002e38                waitUs
 .text.readBatteryCheck
                0x0000000008002e8c       0x28 Core/Src/Hardware/battery.o
                0x0000000008002e8c                readBatteryCheck
 .text.LL_TIM_EnableCounter
                0x0000000008002eb4       0x20 Core/Src/Hardware/buzzer.o
 .text.LL_TIM_SetCounter
                0x0000000008002ed4       0x1c Core/Src/Hardware/buzzer.o
 .text.LL_TIM_SetAutoReload
                0x0000000008002ef0       0x1c Core/Src/Hardware/buzzer.o
 .text.LL_TIM_CC_EnableChannel
                0x0000000008002f0c       0x22 Core/Src/Hardware/buzzer.o
 .text.LL_TIM_OC_SetCompareCH4
                0x0000000008002f2e       0x1c Core/Src/Hardware/buzzer.o
 .text.LL_TIM_EnableAllOutputs
                0x0000000008002f4a       0x20 Core/Src/Hardware/buzzer.o
 *fill*         0x0000000008002f6a        0x2 
 .text.enableMelody
                0x0000000008002f6c       0x24 Core/Src/Hardware/buzzer.o
                0x0000000008002f6c                enableMelody
 .text.stopMelody
                0x0000000008002f90       0x14 Core/Src/Hardware/buzzer.o
                0x0000000008002f90                stopMelody
 .text.Melody   0x0000000008002fa4       0x58 Core/Src/Hardware/buzzer.o
                0x0000000008002fa4                Melody
 .text.LL_TIM_EnableCounter
                0x0000000008002ffc       0x20 Core/Src/Hardware/encoder.o
 .text.LL_TIM_DisableCounter
                0x000000000800301c       0x20 Core/Src/Hardware/encoder.o
 .text.enableEncoder
                0x000000000800303c       0x28 Core/Src/Hardware/encoder.o
                0x000000000800303c                enableEncoder
 .text.disableEncoder
                0x0000000008003064       0x1c Core/Src/Hardware/encoder.o
                0x0000000008003064                disableEncoder
 .text.getEncoderData
                0x0000000008003080       0x64 Core/Src/Hardware/encoder.o
                0x0000000008003080                getEncoderData
 .text.FLASH_Lock
                0x00000000080030e4       0x20 Core/Src/Hardware/flash.o
 .text.FLASH_Unlock
                0x0000000008003104       0x28 Core/Src/Hardware/flash.o
 .text.FLASH_WaitBusy
                0x000000000800312c       0x24 Core/Src/Hardware/flash.o
                0x000000000800312c                FLASH_WaitBusy
 .text.FLASH_WriteByte
                0x0000000008003150       0x50 Core/Src/Hardware/flash.o
                0x0000000008003150                FLASH_WriteByte
 .text.FLASH_WriteData
                0x00000000080031a0       0x34 Core/Src/Hardware/flash.o
                0x00000000080031a0                FLASH_WriteData
 .text.FLASH_ReadData
                0x00000000080031d4       0x24 Core/Src/Hardware/flash.o
                0x00000000080031d4                FLASH_ReadData
 .text.FLASH_Erase
                0x00000000080031f8       0x3c Core/Src/Hardware/flash.o
                0x00000000080031f8                FLASH_Erase
 .text.setLED1State
                0x0000000008003234       0x34 Core/Src/Hardware/interface_LED.o
                0x0000000008003234                setLED1State
 .text.setLED2State
                0x0000000008003268       0x34 Core/Src/Hardware/interface_LED.o
                0x0000000008003268                setLED2State
 .text.setLED3State
                0x000000000800329c       0x34 Core/Src/Hardware/interface_LED.o
                0x000000000800329c                setLED3State
 .text.setLED4State
                0x00000000080032d0       0x30 Core/Src/Hardware/interface_LED.o
                0x00000000080032d0                setLED4State
 .text.setLED5State
                0x0000000008003300       0x30 Core/Src/Hardware/interface_LED.o
                0x0000000008003300                setLED5State
 .text.displayBinaryValueWithLEDs
                0x0000000008003330       0x58 Core/Src/Hardware/interface_LED.o
                0x0000000008003330                displayBinaryValueWithLEDs
 .text.LL_TIM_EnableCounter
                0x0000000008003388       0x20 Core/Src/Hardware/motor.o
 .text.LL_TIM_DisableCounter
                0x00000000080033a8       0x20 Core/Src/Hardware/motor.o
 .text.LL_TIM_SetCounter
                0x00000000080033c8       0x1c Core/Src/Hardware/motor.o
 .text.LL_TIM_CC_EnableChannel
                0x00000000080033e4       0x22 Core/Src/Hardware/motor.o
 .text.LL_TIM_CC_DisableChannel
                0x0000000008003406       0x24 Core/Src/Hardware/motor.o
 .text.LL_TIM_OC_SetCompareCH1
                0x000000000800342a       0x1c Core/Src/Hardware/motor.o
 .text.LL_TIM_OC_SetCompareCH2
                0x0000000008003446       0x1c Core/Src/Hardware/motor.o
 .text.LL_TIM_EnableAllOutputs
                0x0000000008003462       0x20 Core/Src/Hardware/motor.o
 .text.LL_GPIO_SetOutputPin
                0x0000000008003482       0x1c Core/Src/Hardware/motor.o
 .text.LL_GPIO_ResetOutputPin
                0x000000000800349e       0x1e Core/Src/Hardware/motor.o
 .text.setMotorDriverState
                0x00000000080034bc       0x3c Core/Src/Hardware/motor.o
                0x00000000080034bc                setMotorDriverState
 .text.enableMotors
                0x00000000080034f8       0x90 Core/Src/Hardware/motor.o
                0x00000000080034f8                enableMotors
 .text.setMotorDirection
                0x0000000008003588       0x80 Core/Src/Hardware/motor.o
                0x0000000008003588                setMotorDirection
 .text.dutyConverter
                0x0000000008003608       0x6c Core/Src/Hardware/motor.o
                0x0000000008003608                dutyConverter
 .text.driveMotors
                0x0000000008003674       0xa4 Core/Src/Hardware/motor.o
                0x0000000008003674                driveMotors
 .text.shutdownMotors
                0x0000000008003718       0x44 Core/Src/Hardware/motor.o
                0x0000000008003718                shutdownMotors
 .text.LL_ADC_DMA_GetRegAddr
                0x000000000800375c       0x34 Core/Src/Hardware/wall_sensor.o
 .text.LL_ADC_Enable
                0x0000000008003790       0x20 Core/Src/Hardware/wall_sensor.o
 .text.LL_ADC_REG_StartConversionSWStart
                0x00000000080037b0       0x20 Core/Src/Hardware/wall_sensor.o
 .text.LL_ADC_ClearFlag_EOCS
                0x00000000080037d0       0x1c Core/Src/Hardware/wall_sensor.o
 .text.LL_DMA_EnableStream
                0x00000000080037ec       0x40 Core/Src/Hardware/wall_sensor.o
 .text.LL_DMA_DisableStream
                0x000000000800382c       0x40 Core/Src/Hardware/wall_sensor.o
 .text.LL_DMA_SetDataLength
                0x000000000800386c       0x48 Core/Src/Hardware/wall_sensor.o
 .text.LL_DMA_ConfigAddresses
                0x00000000080038b4       0x78 Core/Src/Hardware/wall_sensor.o
 .text.LL_DMA_EnableIT_TC
                0x000000000800392c       0x40 Core/Src/Hardware/wall_sensor.o
 .text.ADC1_Start_DMA2
                0x000000000800396c       0x54 Core/Src/Hardware/wall_sensor.o
                0x000000000800396c                ADC1_Start_DMA2
 .text.changeFrontCenterLED
                0x00000000080039c0       0x30 Core/Src/Hardware/wall_sensor.o
                0x00000000080039c0                changeFrontCenterLED
 .text.changeFrontRightLED
                0x00000000080039f0       0x30 Core/Src/Hardware/wall_sensor.o
                0x00000000080039f0                changeFrontRightLED
 .text.changeFrontLeftLED
                0x0000000008003a20       0x30 Core/Src/Hardware/wall_sensor.o
                0x0000000008003a20                changeFrontLeftLED
 .text.changeRightLED
                0x0000000008003a50       0x30 Core/Src/Hardware/wall_sensor.o
                0x0000000008003a50                changeRightLED
 .text.changeLeftLED
                0x0000000008003a80       0x30 Core/Src/Hardware/wall_sensor.o
                0x0000000008003a80                changeLeftLED
 .text.changeLEDs
                0x0000000008003ab0       0x6c Core/Src/Hardware/wall_sensor.o
                0x0000000008003ab0                changeLEDs
 .text.getWallADC
                0x0000000008003b1c       0x24 Core/Src/Hardware/wall_sensor.o
                0x0000000008003b1c                getWallADC
 .text.startADCwithDMA
                0x0000000008003b40       0x24 Core/Src/Hardware/wall_sensor.o
                0x0000000008003b40                startADCwithDMA
 .text.DMA_CallbackTask
                0x0000000008003b64       0x18 Core/Src/Hardware/wall_sensor.o
                0x0000000008003b64                DMA_CallbackTask
 .text.setControlFlags
                0x0000000008003b7c       0x74 Core/Src/System/flags.o
                0x0000000008003b7c                setControlFlags
 .text.setAccelFlags
                0x0000000008003bf0       0x74 Core/Src/System/flags.o
                0x0000000008003bf0                setAccelFlags
 .text.storeLog
                0x0000000008003c64      0x15c Core/Src/System/log.o
                0x0000000008003c64                storeLog
 .text.deleteWallMap
                0x0000000008003dc0       0xe4 Core/Src/System/map.o
                0x0000000008003dc0                deleteWallMap
 .text.updateWallMap
                0x0000000008003ea4      0x244 Core/Src/System/map.o
                0x0000000008003ea4                updateWallMap
 .text.makeStepMap
                0x00000000080040e8      0x264 Core/Src/System/map.o
                0x00000000080040e8                makeStepMap
 .text.MakeRoute_NESW
                0x000000000800434c      0x254 Core/Src/System/map.o
                0x000000000800434c                MakeRoute_NESW
 .text.ConfRoute_NESW
                0x00000000080045a0       0x50 Core/Src/System/map.o
                0x00000000080045a0                ConfRoute_NESW
 .text.advancePosition
                0x00000000080045f0       0x6c Core/Src/System/map.o
                0x00000000080045f0                advancePosition
 .text.changeDirection
                0x000000000800465c       0x38 Core/Src/System/map.o
                0x000000000800465c                changeDirection
 .text.setMapStruct
                0x0000000008004694       0x52 Core/Src/System/map.o
                0x0000000008004694                setMapStruct
 *fill*         0x00000000080046e6        0x2 
 .text.prepareMapForSearch
                0x00000000080046e8       0x64 Core/Src/System/map.o
                0x00000000080046e8                prepareMapForSearch
 .text.saveWallMap
                0x000000000800474c       0x5c Core/Src/System/map.o
                0x000000000800474c                saveWallMap
 .text.loadWallMap
                0x00000000080047a8       0x5c Core/Src/System/map.o
                0x00000000080047a8                loadWallMap
 .text.driveAccelMotion
                0x0000000008004804      0x1ac Core/Src/System/motion.o
                0x0000000008004804                driveAccelMotion
 .text.driveSlalomFree
                0x00000000080049b0      0x1c0 Core/Src/System/motion.o
                0x00000000080049b0                driveSlalomFree
 .text.spinMotion
                0x0000000008004b70      0x1c4 Core/Src/System/motion.o
                0x0000000008004b70                spinMotion
 .text.slalomMotion
                0x0000000008004d34      0x1fc Core/Src/System/motion.o
                0x0000000008004d34                slalomMotion
 .text.moveHalfSectionAccel
                0x0000000008004f30       0x4c Core/Src/System/motion.o
                0x0000000008004f30                moveHalfSectionAccel
 .text.moveHalfSectionDecel
                0x0000000008004f7c       0x2c Core/Src/System/motion.o
                0x0000000008004f7c                moveHalfSectionDecel
 .text.moveOneSectionAccel
                0x0000000008004fa8       0x3c Core/Src/System/motion.o
                0x0000000008004fa8                moveOneSectionAccel
 .text.keepDistanceFromWall
                0x0000000008004fe4       0x40 Core/Src/System/motion.o
                0x0000000008004fe4                keepDistanceFromWall
 .text.spinRight180
                0x0000000008005024       0x1c Core/Src/System/motion.o
                0x0000000008005024                spinRight180
 .text.moveSlalomR90
                0x0000000008005040       0x98 Core/Src/System/motion.o
                0x0000000008005040                moveSlalomR90
 .text.moveSlalomL90
                0x00000000080050d8       0x98 Core/Src/System/motion.o
                0x00000000080050d8                moveSlalomL90
 .text.backMotion
                0x0000000008005170      0x118 Core/Src/System/motion.o
                0x0000000008005170                backMotion
 .text.moveBigSlalomR90
                0x0000000008005288       0x90 Core/Src/System/motion.o
                0x0000000008005288                moveBigSlalomR90
 .text.moveBigSlalomL90
                0x0000000008005318       0x90 Core/Src/System/motion.o
                0x0000000008005318                moveBigSlalomL90
 .text.moveBigSlalomR180
                0x00000000080053a8       0x90 Core/Src/System/motion.o
                0x00000000080053a8                moveBigSlalomR180
 .text.moveBigSlalomL180
                0x0000000008005438       0x90 Core/Src/System/motion.o
                0x0000000008005438                moveBigSlalomL180
 .text.MelodySummer
                0x00000000080054c8       0x5a Core/Src/System/music.o
                0x00000000080054c8                MelodySummer
 .text.MelodyRayearth
                0x0000000008005522       0x46 Core/Src/System/music.o
                0x0000000008005522                MelodyRayearth
 .text.MelodyGoal
                0x0000000008005568       0x2c Core/Src/System/music.o
                0x0000000008005568                MelodyGoal
 .text.MelodyUrara
                0x0000000008005594       0x94 Core/Src/System/music.o
                0x0000000008005594                MelodyUrara
 .text.MelodyMrLawrence
                0x0000000008005628       0xb0 Core/Src/System/music.o
                0x0000000008005628                MelodyMrLawrence
 .text.MelodyNatsumatsuri
                0x00000000080056d8       0x58 Core/Src/System/music.o
                0x00000000080056d8                MelodyNatsumatsuri
 .text.MelodyYamato
                0x0000000008005730       0x64 Core/Src/System/music.o
                0x0000000008005730                MelodyYamato
 .text.getEncoderVelocity
                0x0000000008005794       0x30 Core/Src/System/sensing.o
                0x0000000008005794                getEncoderVelocity
 .text.getCenterMileage
                0x00000000080057c4       0xb4 Core/Src/System/sensing.o
                0x00000000080057c4                getCenterMileage
 .text.addAngle
                0x0000000008005878       0x38 Core/Src/System/sensing.o
                0x0000000008005878                addAngle
 .text.getCenterVelocity
                0x00000000080058b0       0x3c Core/Src/System/sensing.o
                0x00000000080058b0                getCenterVelocity
 .text.getOmega
                0x00000000080058ec       0x1c Core/Src/System/sensing.o
                0x00000000080058ec                getOmega
 .text.getAccel
                0x0000000008005908       0xcc Core/Src/System/sensing.o
                0x0000000008005908                getAccel
 .text.getWallSensorOffset
                0x00000000080059d4       0x7c Core/Src/System/sensing.o
                0x00000000080059d4                getWallSensorOffset
 .text.getWallSensor
                0x0000000008005a50       0x94 Core/Src/System/sensing.o
                0x0000000008005a50                getWallSensor
 .text.getOmegaOffset
                0x0000000008005ae4       0x68 Core/Src/System/sensing.o
                0x0000000008005ae4                getOmegaOffset
 .text.getAccelOffset
                0x0000000008005b4c       0x68 Core/Src/System/sensing.o
                0x0000000008005b4c                getAccelOffset
 .text.getWallInfo
                0x0000000008005bb4       0x54 Core/Src/System/sensing.o
                0x0000000008005bb4                getWallInfo
 .text.filterWallSensors
                0x0000000008005c08      0x108 Core/Src/System/sensing.o
                0x0000000008005c08                filterWallSensors
 .text.initSensors
                0x0000000008005d10       0x24 Core/Src/System/sensing.o
                0x0000000008005d10                initSensors
 .text.updateSensors
                0x0000000008005d34       0xc0 Core/Src/System/sensing.o
                0x0000000008005d34                updateSensors
 .text.getOffsets
                0x0000000008005df4       0x30 Core/Src/System/sensing.o
                0x0000000008005df4                getOffsets
 .text.LL_ADC_REG_SetSequencerRanks
                0x0000000008005e24       0x6c Core/Src/adc.o
 .text.LL_ADC_REG_SetFlagEndOfConversion
                0x0000000008005e90       0x26 Core/Src/adc.o
 .text.LL_ADC_SetChannelSamplingTime
                0x0000000008005eb6       0x98 Core/Src/adc.o
 *fill*         0x0000000008005f4e        0x2 
 .text.LL_DMA_SetDataTransferDirection
                0x0000000008005f50       0x48 Core/Src/adc.o
 .text.LL_DMA_SetMode
                0x0000000008005f98       0x48 Core/Src/adc.o
 .text.LL_DMA_SetPeriphIncMode
                0x0000000008005fe0       0x48 Core/Src/adc.o
 .text.LL_DMA_SetMemoryIncMode
                0x0000000008006028       0x48 Core/Src/adc.o
 .text.LL_DMA_SetPeriphSize
                0x0000000008006070       0x48 Core/Src/adc.o
 .text.LL_DMA_SetMemorySize
                0x00000000080060b8       0x48 Core/Src/adc.o
 .text.LL_DMA_SetStreamPriorityLevel
                0x0000000008006100       0x48 Core/Src/adc.o
 .text.LL_DMA_SetChannelSelection
                0x0000000008006148       0x48 Core/Src/adc.o
 .text.LL_DMA_DisableFifoMode
                0x0000000008006190       0x40 Core/Src/adc.o
 .text.LL_AHB1_GRP1_EnableClock
                0x00000000080061d0       0x30 Core/Src/adc.o
 .text.LL_APB2_GRP1_EnableClock
                0x0000000008006200       0x30 Core/Src/adc.o
 .text.MX_ADC1_Init
                0x0000000008006230      0x1b8 Core/Src/adc.o
                0x0000000008006230                MX_ADC1_Init
 .text.__NVIC_GetPriorityGrouping
                0x00000000080063e8       0x1c Core/Src/dma.o
 .text.__NVIC_EnableIRQ
                0x0000000008006404       0x3c Core/Src/dma.o
 .text.__NVIC_SetPriority
                0x0000000008006440       0x54 Core/Src/dma.o
 .text.NVIC_EncodePriority
                0x0000000008006494       0x66 Core/Src/dma.o
 *fill*         0x00000000080064fa        0x2 
 .text.LL_AHB1_GRP1_EnableClock
                0x00000000080064fc       0x30 Core/Src/dma.o
 .text.MX_DMA_Init
                0x000000000800652c       0x30 Core/Src/dma.o
                0x000000000800652c                MX_DMA_Init
 .text.LL_AHB1_GRP1_EnableClock
                0x000000000800655c       0x30 Core/Src/gpio.o
 .text.LL_GPIO_ResetOutputPin
                0x000000000800658c       0x1e Core/Src/gpio.o
 *fill*         0x00000000080065aa        0x2 
 .text.MX_GPIO_Init
                0x00000000080065ac      0x11c Core/Src/gpio.o
                0x00000000080065ac                MX_GPIO_Init
 .text.__NVIC_SetPriorityGrouping
                0x00000000080066c8       0x48 Core/Src/main.o
 .text.LL_RCC_HSI_Enable
                0x0000000008006710       0x20 Core/Src/main.o
 .text.LL_RCC_HSI_IsReady
                0x0000000008006730       0x24 Core/Src/main.o
 .text.LL_RCC_HSI_SetCalibTrimming
                0x0000000008006754       0x2c Core/Src/main.o
 .text.LL_RCC_SetSysClkSource
                0x0000000008006780       0x28 Core/Src/main.o
 .text.LL_RCC_GetSysClkSource
                0x00000000080067a8       0x1c Core/Src/main.o
 .text.LL_RCC_SetAHBPrescaler
                0x00000000080067c4       0x28 Core/Src/main.o
 .text.LL_RCC_SetAPB1Prescaler
                0x00000000080067ec       0x28 Core/Src/main.o
 .text.LL_RCC_SetAPB2Prescaler
                0x0000000008006814       0x28 Core/Src/main.o
 .text.LL_RCC_PLL_Enable
                0x000000000800683c       0x20 Core/Src/main.o
 .text.LL_RCC_PLL_IsReady
                0x000000000800685c       0x28 Core/Src/main.o
 .text.LL_RCC_PLL_ConfigDomain_SYS
                0x0000000008006884       0x4c Core/Src/main.o
 .text.LL_APB1_GRP1_EnableClock
                0x00000000080068d0       0x30 Core/Src/main.o
 .text.LL_APB2_GRP1_EnableClock
                0x0000000008006900       0x30 Core/Src/main.o
 .text.LL_FLASH_SetLatency
                0x0000000008006930       0x28 Core/Src/main.o
 .text.LL_FLASH_GetLatency
                0x0000000008006958       0x1c Core/Src/main.o
 .text.LL_PWR_SetRegulVoltageScaling
                0x0000000008006974       0x28 Core/Src/main.o
 .text.LL_USART_IsActiveFlag_TXE
                0x000000000800699c       0x26 Core/Src/main.o
 .text.LL_USART_TransmitData8
                0x00000000080069c2       0x1e Core/Src/main.o
 .text.__io_putchar
                0x00000000080069e0       0x54 Core/Src/main.o
                0x00000000080069e0                __io_putchar
 .text.main     0x0000000008006a34      0x3e0 Core/Src/main.o
                0x0000000008006a34                main
 .text.SystemClock_Config
                0x0000000008006e14       0x8c Core/Src/main.o
                0x0000000008006e14                SystemClock_Config
 .text.LL_AHB1_GRP1_EnableClock
                0x0000000008006ea0       0x30 Core/Src/spi.o
 .text.LL_APB1_GRP1_EnableClock
                0x0000000008006ed0       0x30 Core/Src/spi.o
 .text.LL_SPI_SetStandard
                0x0000000008006f00       0x26 Core/Src/spi.o
 *fill*         0x0000000008006f26        0x2 
 .text.MX_SPI3_Init
                0x0000000008006f28       0xa8 Core/Src/spi.o
                0x0000000008006f28                MX_SPI3_Init
 .text.LL_DMA_IsActiveFlag_TC0
                0x0000000008006fd0       0x26 Core/Src/stm32f4xx_it.o
 .text.LL_DMA_ClearFlag_TC0
                0x0000000008006ff6       0x1a Core/Src/stm32f4xx_it.o
 .text.LL_TIM_ClearFlag_UPDATE
                0x0000000008007010       0x1c Core/Src/stm32f4xx_it.o
 .text.LL_TIM_IsActiveFlag_UPDATE
                0x000000000800702c       0x26 Core/Src/stm32f4xx_it.o
 .text.NMI_Handler
                0x0000000008007052        0x6 Core/Src/stm32f4xx_it.o
                0x0000000008007052                NMI_Handler
 .text.HardFault_Handler
                0x0000000008007058        0x6 Core/Src/stm32f4xx_it.o
                0x0000000008007058                HardFault_Handler
 .text.MemManage_Handler
                0x000000000800705e        0x6 Core/Src/stm32f4xx_it.o
                0x000000000800705e                MemManage_Handler
 .text.BusFault_Handler
                0x0000000008007064        0x6 Core/Src/stm32f4xx_it.o
                0x0000000008007064                BusFault_Handler
 .text.UsageFault_Handler
                0x000000000800706a        0x6 Core/Src/stm32f4xx_it.o
                0x000000000800706a                UsageFault_Handler
 .text.SVC_Handler
                0x0000000008007070        0xe Core/Src/stm32f4xx_it.o
                0x0000000008007070                SVC_Handler
 .text.DebugMon_Handler
                0x000000000800707e        0xe Core/Src/stm32f4xx_it.o
                0x000000000800707e                DebugMon_Handler
 .text.PendSV_Handler
                0x000000000800708c        0xe Core/Src/stm32f4xx_it.o
                0x000000000800708c                PendSV_Handler
 .text.SysTick_Handler
                0x000000000800709a        0xe Core/Src/stm32f4xx_it.o
                0x000000000800709a                SysTick_Handler
 .text.TIM5_IRQHandler
                0x00000000080070a8       0x24 Core/Src/stm32f4xx_it.o
                0x00000000080070a8                TIM5_IRQHandler
 .text.DMA2_Stream0_IRQHandler
                0x00000000080070cc       0x24 Core/Src/stm32f4xx_it.o
                0x00000000080070cc                DMA2_Stream0_IRQHandler
 .text._getpid  0x00000000080070f0       0x10 Core/Src/syscalls.o
                0x00000000080070f0                _getpid
 .text._kill    0x0000000008007100       0x20 Core/Src/syscalls.o
                0x0000000008007100                _kill
 .text._exit    0x0000000008007120       0x14 Core/Src/syscalls.o
                0x0000000008007120                _exit
 .text._read    0x0000000008007134       0x3a Core/Src/syscalls.o
                0x0000000008007134                _read
 .text._write   0x000000000800716e       0x38 Core/Src/syscalls.o
                0x000000000800716e                _write
 .text._close   0x00000000080071a6       0x18 Core/Src/syscalls.o
                0x00000000080071a6                _close
 .text._fstat   0x00000000080071be       0x20 Core/Src/syscalls.o
                0x00000000080071be                _fstat
 .text._isatty  0x00000000080071de       0x16 Core/Src/syscalls.o
                0x00000000080071de                _isatty
 .text._lseek   0x00000000080071f4       0x1a Core/Src/syscalls.o
                0x00000000080071f4                _lseek
 *fill*         0x000000000800720e        0x2 
 .text._sbrk    0x0000000008007210       0x6c Core/Src/sysmem.o
                0x0000000008007210                _sbrk
 .text.SystemInit
                0x000000000800727c       0x2c Core/Src/system_stm32f4xx.o
                0x000000000800727c                SystemInit
 .text.__NVIC_GetPriorityGrouping
                0x00000000080072a8       0x1c Core/Src/tim.o
 .text.__NVIC_EnableIRQ
                0x00000000080072c4       0x3c Core/Src/tim.o
 .text.__NVIC_SetPriority
                0x0000000008007300       0x54 Core/Src/tim.o
 .text.NVIC_EncodePriority
                0x0000000008007354       0x66 Core/Src/tim.o
 *fill*         0x00000000080073ba        0x2 
 .text.LL_AHB1_GRP1_EnableClock
                0x00000000080073bc       0x30 Core/Src/tim.o
 .text.LL_APB1_GRP1_EnableClock
                0x00000000080073ec       0x30 Core/Src/tim.o
 .text.LL_APB2_GRP1_EnableClock
                0x000000000800741c       0x30 Core/Src/tim.o
 .text.LL_TIM_EnableARRPreload
                0x000000000800744c       0x20 Core/Src/tim.o
 .text.LL_TIM_DisableARRPreload
                0x000000000800746c       0x20 Core/Src/tim.o
 .text.LL_TIM_OC_DisableFast
                0x000000000800748c       0x8c Core/Src/tim.o
 .text.LL_TIM_OC_EnablePreload
                0x0000000008007518       0x88 Core/Src/tim.o
 .text.LL_TIM_IC_SetActiveInput
                0x00000000080075a0       0x9c Core/Src/tim.o
 .text.LL_TIM_IC_SetPrescaler
                0x000000000800763c       0x9c Core/Src/tim.o
 .text.LL_TIM_IC_SetFilter
                0x00000000080076d8       0x9c Core/Src/tim.o
 .text.LL_TIM_IC_SetPolarity
                0x0000000008007774       0x88 Core/Src/tim.o
 .text.LL_TIM_SetClockSource
                0x00000000080077fc       0x2a Core/Src/tim.o
 .text.LL_TIM_SetEncoderMode
                0x0000000008007826       0x26 Core/Src/tim.o
 .text.LL_TIM_SetTriggerOutput
                0x000000000800784c       0x26 Core/Src/tim.o
 .text.LL_TIM_DisableMasterSlaveMode
                0x0000000008007872       0x20 Core/Src/tim.o
 *fill*         0x0000000008007892        0x2 
 .text.MX_TIM1_Init
                0x0000000008007894      0x130 Core/Src/tim.o
                0x0000000008007894                MX_TIM1_Init
 .text.MX_TIM2_Init
                0x00000000080079c4       0xe8 Core/Src/tim.o
                0x00000000080079c4                MX_TIM2_Init
 .text.MX_TIM3_Init
                0x0000000008007aac       0xf4 Core/Src/tim.o
                0x0000000008007aac                MX_TIM3_Init
 .text.MX_TIM4_Init
                0x0000000008007ba0       0xf4 Core/Src/tim.o
                0x0000000008007ba0                MX_TIM4_Init
 .text.MX_TIM5_Init
                0x0000000008007c94       0x80 Core/Src/tim.o
                0x0000000008007c94                MX_TIM5_Init
 .text.MX_TIM6_Init
                0x0000000008007d14       0x54 Core/Src/tim.o
                0x0000000008007d14                MX_TIM6_Init
 .text.MX_TIM8_Init
                0x0000000008007d68      0x134 Core/Src/tim.o
                0x0000000008007d68                MX_TIM8_Init
 .text.MX_TIM11_Init
                0x0000000008007e9c       0xcc Core/Src/tim.o
                0x0000000008007e9c                MX_TIM11_Init
 .text.LL_AHB1_GRP1_EnableClock
                0x0000000008007f68       0x30 Core/Src/usart.o
 .text.LL_APB2_GRP1_EnableClock
                0x0000000008007f98       0x30 Core/Src/usart.o
 .text.LL_USART_Enable
                0x0000000008007fc8       0x20 Core/Src/usart.o
 .text.LL_USART_ConfigAsyncMode
                0x0000000008007fe8       0x2c Core/Src/usart.o
 .text.MX_USART1_UART_Init
                0x0000000008008014       0xa0 Core/Src/usart.o
                0x0000000008008014                MX_USART1_UART_Init
 .text.Reset_Handler
                0x00000000080080b4       0x50 Core/Startup/startup_stm32f405rgtx.o
                0x00000000080080b4                Reset_Handler
 .text.Default_Handler
                0x0000000008008104        0x2 Core/Startup/startup_stm32f405rgtx.o
                0x0000000008008104                RTC_Alarm_IRQHandler
                0x0000000008008104                HASH_RNG_IRQHandler
                0x0000000008008104                EXTI2_IRQHandler
                0x0000000008008104                TIM8_CC_IRQHandler
                0x0000000008008104                TIM1_CC_IRQHandler
                0x0000000008008104                DMA2_Stream5_IRQHandler
                0x0000000008008104                DMA1_Stream5_IRQHandler
                0x0000000008008104                PVD_IRQHandler
                0x0000000008008104                SDIO_IRQHandler
                0x0000000008008104                TAMP_STAMP_IRQHandler
                0x0000000008008104                CAN2_RX1_IRQHandler
                0x0000000008008104                EXTI3_IRQHandler
                0x0000000008008104                TIM8_TRG_COM_TIM14_IRQHandler
                0x0000000008008104                TIM1_UP_TIM10_IRQHandler
                0x0000000008008104                TIM8_UP_TIM13_IRQHandler
                0x0000000008008104                I2C3_ER_IRQHandler
                0x0000000008008104                EXTI0_IRQHandler
                0x0000000008008104                I2C2_EV_IRQHandler
                0x0000000008008104                DMA1_Stream2_IRQHandler
                0x0000000008008104                CAN1_RX0_IRQHandler
                0x0000000008008104                FPU_IRQHandler
                0x0000000008008104                OTG_HS_WKUP_IRQHandler
                0x0000000008008104                CAN2_SCE_IRQHandler
                0x0000000008008104                DMA2_Stream2_IRQHandler
                0x0000000008008104                SPI1_IRQHandler
                0x0000000008008104                TIM6_DAC_IRQHandler
                0x0000000008008104                TIM1_BRK_TIM9_IRQHandler
                0x0000000008008104                CAN2_RX0_IRQHandler
                0x0000000008008104                DMA2_Stream3_IRQHandler
                0x0000000008008104                USART6_IRQHandler
                0x0000000008008104                USART3_IRQHandler
                0x0000000008008104                CAN1_RX1_IRQHandler
                0x0000000008008104                UART5_IRQHandler
                0x0000000008008104                TIM4_IRQHandler
                0x0000000008008104                I2C1_EV_IRQHandler
                0x0000000008008104                DMA1_Stream6_IRQHandler
                0x0000000008008104                DMA1_Stream1_IRQHandler
                0x0000000008008104                UART4_IRQHandler
                0x0000000008008104                TIM3_IRQHandler
                0x0000000008008104                RCC_IRQHandler
                0x0000000008008104                TIM8_BRK_TIM12_IRQHandler
                0x0000000008008104                Default_Handler
                0x0000000008008104                EXTI15_10_IRQHandler
                0x0000000008008104                ADC_IRQHandler
                0x0000000008008104                DMA1_Stream7_IRQHandler
                0x0000000008008104                TIM7_IRQHandler
                0x0000000008008104                CAN2_TX_IRQHandler
                0x0000000008008104                DMA2_Stream7_IRQHandler
                0x0000000008008104                I2C3_EV_IRQHandler
                0x0000000008008104                EXTI9_5_IRQHandler
                0x0000000008008104                RTC_WKUP_IRQHandler
                0x0000000008008104                SPI2_IRQHandler
                0x0000000008008104                OTG_HS_EP1_IN_IRQHandler
                0x0000000008008104                DMA1_Stream0_IRQHandler
                0x0000000008008104                CAN1_TX_IRQHandler
                0x0000000008008104                EXTI4_IRQHandler
                0x0000000008008104                FSMC_IRQHandler
                0x0000000008008104                OTG_HS_EP1_OUT_IRQHandler
                0x0000000008008104                WWDG_IRQHandler
                0x0000000008008104                TIM2_IRQHandler
                0x0000000008008104                OTG_FS_WKUP_IRQHandler
                0x0000000008008104                TIM1_TRG_COM_TIM11_IRQHandler
                0x0000000008008104                OTG_HS_IRQHandler
                0x0000000008008104                EXTI1_IRQHandler
                0x0000000008008104                USART2_IRQHandler
                0x0000000008008104                I2C2_ER_IRQHandler
                0x0000000008008104                DMA2_Stream1_IRQHandler
                0x0000000008008104                CAN1_SCE_IRQHandler
                0x0000000008008104                FLASH_IRQHandler
                0x0000000008008104                DMA2_Stream4_IRQHandler
                0x0000000008008104                USART1_IRQHandler
                0x0000000008008104                OTG_FS_IRQHandler
                0x0000000008008104                SPI3_IRQHandler
                0x0000000008008104                DMA1_Stream4_IRQHandler
                0x0000000008008104                I2C1_ER_IRQHandler
                0x0000000008008104                DMA2_Stream6_IRQHandler
                0x0000000008008104                DMA1_Stream3_IRQHandler
 .text.LL_ADC_REG_SetSequencerLength
                0x0000000008008106       0x26 Drivers/STM32F4xx_HAL_Driver/Src/stm32f4xx_ll_adc.o
 .text.LL_ADC_IsEnabled
                0x000000000800812c       0x26 Drivers/STM32F4xx_HAL_Driver/Src/stm32f4xx_ll_adc.o
 *fill*         0x0000000008008152        0x2 
 .text.LL_ADC_CommonInit
                0x0000000008008154       0x90 Drivers/STM32F4xx_HAL_Driver/Src/stm32f4xx_ll_adc.o
                0x0000000008008154                LL_ADC_CommonInit
 .text.LL_ADC_Init
                0x00000000080081e4       0x58 Drivers/STM32F4xx_HAL_Driver/Src/stm32f4xx_ll_adc.o
                0x00000000080081e4                LL_ADC_Init
 .text.LL_ADC_REG_Init
                0x000000000800823c       0x84 Drivers/STM32F4xx_HAL_Driver/Src/stm32f4xx_ll_adc.o
                0x000000000800823c                LL_ADC_REG_Init
 .text.LL_GPIO_SetPinMode
                0x00000000080082c0       0x5e Drivers/STM32F4xx_HAL_Driver/Src/stm32f4xx_ll_gpio.o
 .text.LL_GPIO_SetPinOutputType
                0x000000000800831e       0x30 Drivers/STM32F4xx_HAL_Driver/Src/stm32f4xx_ll_gpio.o
 .text.LL_GPIO_SetPinSpeed
                0x000000000800834e       0x5e Drivers/STM32F4xx_HAL_Driver/Src/stm32f4xx_ll_gpio.o
 .text.LL_GPIO_SetPinPull
                0x00000000080083ac       0x5e Drivers/STM32F4xx_HAL_Driver/Src/stm32f4xx_ll_gpio.o
 .text.LL_GPIO_SetAFPin_0_7
                0x000000000800840a       0x5e Drivers/STM32F4xx_HAL_Driver/Src/stm32f4xx_ll_gpio.o
 .text.LL_GPIO_SetAFPin_8_15
                0x0000000008008468       0x62 Drivers/STM32F4xx_HAL_Driver/Src/stm32f4xx_ll_gpio.o
 .text.LL_GPIO_Init
                0x00000000080084ca       0xe6 Drivers/STM32F4xx_HAL_Driver/Src/stm32f4xx_ll_gpio.o
                0x00000000080084ca                LL_GPIO_Init
 .text.LL_RCC_GetSysClkSource
                0x00000000080085b0       0x1c Drivers/STM32F4xx_HAL_Driver/Src/stm32f4xx_ll_rcc.o
 .text.LL_RCC_GetAHBPrescaler
                0x00000000080085cc       0x1c Drivers/STM32F4xx_HAL_Driver/Src/stm32f4xx_ll_rcc.o
 .text.LL_RCC_GetAPB1Prescaler
                0x00000000080085e8       0x1c Drivers/STM32F4xx_HAL_Driver/Src/stm32f4xx_ll_rcc.o
 .text.LL_RCC_GetAPB2Prescaler
                0x0000000008008604       0x1c Drivers/STM32F4xx_HAL_Driver/Src/stm32f4xx_ll_rcc.o
 .text.LL_RCC_PLL_GetMainSource
                0x0000000008008620       0x1c Drivers/STM32F4xx_HAL_Driver/Src/stm32f4xx_ll_rcc.o
 .text.LL_RCC_PLL_GetN
                0x000000000800863c       0x1c Drivers/STM32F4xx_HAL_Driver/Src/stm32f4xx_ll_rcc.o
 .text.LL_RCC_PLL_GetP
                0x0000000008008658       0x1c Drivers/STM32F4xx_HAL_Driver/Src/stm32f4xx_ll_rcc.o
 .text.LL_RCC_PLL_GetDivider
                0x0000000008008674       0x1c Drivers/STM32F4xx_HAL_Driver/Src/stm32f4xx_ll_rcc.o
 .text.LL_RCC_GetSystemClocksFreq
                0x0000000008008690       0x4a Drivers/STM32F4xx_HAL_Driver/Src/stm32f4xx_ll_rcc.o
                0x0000000008008690                LL_RCC_GetSystemClocksFreq
 *fill*         0x00000000080086da        0x2 
 .text.RCC_GetSystemClockFreq
                0x00000000080086dc       0x50 Drivers/STM32F4xx_HAL_Driver/Src/stm32f4xx_ll_rcc.o
                0x00000000080086dc                RCC_GetSystemClockFreq
 .text.RCC_GetHCLKClockFreq
                0x000000000800872c       0x2c Drivers/STM32F4xx_HAL_Driver/Src/stm32f4xx_ll_rcc.o
                0x000000000800872c                RCC_GetHCLKClockFreq
 .text.RCC_GetPCLK1ClockFreq
                0x0000000008008758       0x28 Drivers/STM32F4xx_HAL_Driver/Src/stm32f4xx_ll_rcc.o
                0x0000000008008758                RCC_GetPCLK1ClockFreq
 .text.RCC_GetPCLK2ClockFreq
                0x0000000008008780       0x28 Drivers/STM32F4xx_HAL_Driver/Src/stm32f4xx_ll_rcc.o
                0x0000000008008780                RCC_GetPCLK2ClockFreq
 .text.RCC_PLL_GetFreqDomain_SYS
                0x00000000080087a8       0x7c Drivers/STM32F4xx_HAL_Driver/Src/stm32f4xx_ll_rcc.o
                0x00000000080087a8                RCC_PLL_GetFreqDomain_SYS
 .text.LL_SPI_IsEnabled
                0x0000000008008824       0x26 Drivers/STM32F4xx_HAL_Driver/Src/stm32f4xx_ll_spi.o
 .text.LL_SPI_SetCRCPolynomial
                0x000000000800884a       0x20 Drivers/STM32F4xx_HAL_Driver/Src/stm32f4xx_ll_spi.o
 .text.LL_SPI_Init
                0x000000000800886a       0xa4 Drivers/STM32F4xx_HAL_Driver/Src/stm32f4xx_ll_spi.o
                0x000000000800886a                LL_SPI_Init
 .text.LL_TIM_SetPrescaler
                0x000000000800890e       0x1c Drivers/STM32F4xx_HAL_Driver/Src/stm32f4xx_ll_tim.o
 .text.LL_TIM_SetAutoReload
                0x000000000800892a       0x1c Drivers/STM32F4xx_HAL_Driver/Src/stm32f4xx_ll_tim.o
 .text.LL_TIM_SetRepetitionCounter
                0x0000000008008946       0x1c Drivers/STM32F4xx_HAL_Driver/Src/stm32f4xx_ll_tim.o
 .text.LL_TIM_OC_SetCompareCH1
                0x0000000008008962       0x1c Drivers/STM32F4xx_HAL_Driver/Src/stm32f4xx_ll_tim.o
 .text.LL_TIM_OC_SetCompareCH2
                0x000000000800897e       0x1c Drivers/STM32F4xx_HAL_Driver/Src/stm32f4xx_ll_tim.o
 .text.LL_TIM_OC_SetCompareCH3
                0x000000000800899a       0x1c Drivers/STM32F4xx_HAL_Driver/Src/stm32f4xx_ll_tim.o
 .text.LL_TIM_OC_SetCompareCH4
                0x00000000080089b6       0x1c Drivers/STM32F4xx_HAL_Driver/Src/stm32f4xx_ll_tim.o
 .text.LL_TIM_GenerateEvent_UPDATE
                0x00000000080089d2       0x20 Drivers/STM32F4xx_HAL_Driver/Src/stm32f4xx_ll_tim.o
 *fill*         0x00000000080089f2        0x2 
 .text.LL_TIM_Init
                0x00000000080089f4      0x134 Drivers/STM32F4xx_HAL_Driver/Src/stm32f4xx_ll_tim.o
                0x00000000080089f4                LL_TIM_Init
 .text.LL_TIM_OC_Init
                0x0000000008008b28       0x82 Drivers/STM32F4xx_HAL_Driver/Src/stm32f4xx_ll_tim.o
                0x0000000008008b28                LL_TIM_OC_Init
 .text.LL_TIM_BDTR_Init
                0x0000000008008baa       0x92 Drivers/STM32F4xx_HAL_Driver/Src/stm32f4xx_ll_tim.o
                0x0000000008008baa                LL_TIM_BDTR_Init
 .text.OC1Config
                0x0000000008008c3c       0xd8 Drivers/STM32F4xx_HAL_Driver/Src/stm32f4xx_ll_tim.o
 .text.OC2Config
                0x0000000008008d14       0xe0 Drivers/STM32F4xx_HAL_Driver/Src/stm32f4xx_ll_tim.o
 .text.OC3Config
                0x0000000008008df4       0xe0 Drivers/STM32F4xx_HAL_Driver/Src/stm32f4xx_ll_tim.o
 .text.OC4Config
                0x0000000008008ed4       0xb0 Drivers/STM32F4xx_HAL_Driver/Src/stm32f4xx_ll_tim.o
 .text.LL_USART_IsEnabled
                0x0000000008008f84       0x28 Drivers/STM32F4xx_HAL_Driver/Src/stm32f4xx_ll_usart.o
 .text.LL_USART_SetStopBitsLength
                0x0000000008008fac       0x26 Drivers/STM32F4xx_HAL_Driver/Src/stm32f4xx_ll_usart.o
 .text.LL_USART_SetHWFlowCtrl
                0x0000000008008fd2       0x26 Drivers/STM32F4xx_HAL_Driver/Src/stm32f4xx_ll_usart.o
 .text.LL_USART_SetBaudRate
                0x0000000008008ff8      0x320 Drivers/STM32F4xx_HAL_Driver/Src/stm32f4xx_ll_usart.o
 .text.LL_USART_Init
                0x0000000008009318      0x100 Drivers/STM32F4xx_HAL_Driver/Src/stm32f4xx_ll_usart.o
                0x0000000008009318                LL_USART_Init
 .text.LL_InitTick
                0x0000000008009418       0x34 Drivers/STM32F4xx_HAL_Driver/Src/stm32f4xx_ll_utils.o
 .text.LL_Init1msTick
                0x000000000800944c       0x1a Drivers/STM32F4xx_HAL_Driver/Src/stm32f4xx_ll_utils.o
                0x000000000800944c                LL_Init1msTick
 *fill*         0x0000000008009466        0x2 
 .text.LL_mDelay
                0x0000000008009468       0x4c Drivers/STM32F4xx_HAL_Driver/Src/stm32f4xx_ll_utils.o
                0x0000000008009468                LL_mDelay
 .text.LL_SetSystemCoreClock
                0x00000000080094b4       0x20 Drivers/STM32F4xx_HAL_Driver/Src/stm32f4xx_ll_utils.o
                0x00000000080094b4                LL_SetSystemCoreClock
 .text.__errno  0x00000000080094d4        0xc c:/st/stm32cubeide_1.0.2/stm32cubeide/plugins/com.st.stm32cube.ide.mcu.externaltools.gnu-tools-for-stm32.9-2020-q2-update.win32_1.5.0.202011040924/tools/bin/../lib/gcc/arm-none-eabi/9.3.1/../../../../arm-none-eabi/lib/thumb/v7e-m+fp/hard\libc_nano.a(lib_a-errno.o)
                0x00000000080094d4                __errno
 .text.__libc_init_array
                0x00000000080094e0       0x48 c:/st/stm32cubeide_1.0.2/stm32cubeide/plugins/com.st.stm32cube.ide.mcu.externaltools.gnu-tools-for-stm32.9-2020-q2-update.win32_1.5.0.202011040924/tools/bin/../lib/gcc/arm-none-eabi/9.3.1/../../../../arm-none-eabi/lib/thumb/v7e-m+fp/hard\libc_nano.a(lib_a-init.o)
                0x00000000080094e0                __libc_init_array
 .text.memset   0x0000000008009528       0x10 c:/st/stm32cubeide_1.0.2/stm32cubeide/plugins/com.st.stm32cube.ide.mcu.externaltools.gnu-tools-for-stm32.9-2020-q2-update.win32_1.5.0.202011040924/tools/bin/../lib/gcc/arm-none-eabi/9.3.1/../../../../arm-none-eabi/lib/thumb/v7e-m+fp/hard\libc_nano.a(lib_a-memset.o)
                0x0000000008009528                memset
 .text.__cvt    0x0000000008009538       0xc4 c:/st/stm32cubeide_1.0.2/stm32cubeide/plugins/com.st.stm32cube.ide.mcu.externaltools.gnu-tools-for-stm32.9-2020-q2-update.win32_1.5.0.202011040924/tools/bin/../lib/gcc/arm-none-eabi/9.3.1/../../../../arm-none-eabi/lib/thumb/v7e-m+fp/hard\libc_nano.a(lib_a-nano-vfprintf_float.o)
                0x0000000008009538                __cvt
 .text.__exponent
                0x00000000080095fc       0x7c c:/st/stm32cubeide_1.0.2/stm32cubeide/plugins/com.st.stm32cube.ide.mcu.externaltools.gnu-tools-for-stm32.9-2020-q2-update.win32_1.5.0.202011040924/tools/bin/../lib/gcc/arm-none-eabi/9.3.1/../../../../arm-none-eabi/lib/thumb/v7e-m+fp/hard\libc_nano.a(lib_a-nano-vfprintf_float.o)
                0x00000000080095fc                __exponent
 .text._printf_float
                0x0000000008009678      0x46c c:/st/stm32cubeide_1.0.2/stm32cubeide/plugins/com.st.stm32cube.ide.mcu.externaltools.gnu-tools-for-stm32.9-2020-q2-update.win32_1.5.0.202011040924/tools/bin/../lib/gcc/arm-none-eabi/9.3.1/../../../../arm-none-eabi/lib/thumb/v7e-m+fp/hard\libc_nano.a(lib_a-nano-vfprintf_float.o)
                0x0000000008009678                _printf_float
 .text._printf_common
                0x0000000008009ae4       0xda c:/st/stm32cubeide_1.0.2/stm32cubeide/plugins/com.st.stm32cube.ide.mcu.externaltools.gnu-tools-for-stm32.9-2020-q2-update.win32_1.5.0.202011040924/tools/bin/../lib/gcc/arm-none-eabi/9.3.1/../../../../arm-none-eabi/lib/thumb/v7e-m+fp/hard\libc_nano.a(lib_a-nano-vfprintf_i.o)
                0x0000000008009ae4                _printf_common
 *fill*         0x0000000008009bbe        0x2 
 .text._printf_i
                0x0000000008009bc0      0x24c c:/st/stm32cubeide_1.0.2/stm32cubeide/plugins/com.st.stm32cube.ide.mcu.externaltools.gnu-tools-for-stm32.9-2020-q2-update.win32_1.5.0.202011040924/tools/bin/../lib/gcc/arm-none-eabi/9.3.1/../../../../arm-none-eabi/lib/thumb/v7e-m+fp/hard\libc_nano.a(lib_a-nano-vfprintf_i.o)
                0x0000000008009bc0                _printf_i
 .text.printf   0x0000000008009e0c       0x30 c:/st/stm32cubeide_1.0.2/stm32cubeide/plugins/com.st.stm32cube.ide.mcu.externaltools.gnu-tools-for-stm32.9-2020-q2-update.win32_1.5.0.202011040924/tools/bin/../lib/gcc/arm-none-eabi/9.3.1/../../../../arm-none-eabi/lib/thumb/v7e-m+fp/hard\libc_nano.a(lib_a-printf.o)
                0x0000000008009e0c                iprintf
                0x0000000008009e0c                printf
 .text.putchar  0x0000000008009e3c       0x2c c:/st/stm32cubeide_1.0.2/stm32cubeide/plugins/com.st.stm32cube.ide.mcu.externaltools.gnu-tools-for-stm32.9-2020-q2-update.win32_1.5.0.202011040924/tools/bin/../lib/gcc/arm-none-eabi/9.3.1/../../../../arm-none-eabi/lib/thumb/v7e-m+fp/hard\libc_nano.a(lib_a-putchar.o)
                0x0000000008009e3c                putchar
 .text._puts_r  0x0000000008009e68       0xdc c:/st/stm32cubeide_1.0.2/stm32cubeide/plugins/com.st.stm32cube.ide.mcu.externaltools.gnu-tools-for-stm32.9-2020-q2-update.win32_1.5.0.202011040924/tools/bin/../lib/gcc/arm-none-eabi/9.3.1/../../../../arm-none-eabi/lib/thumb/v7e-m+fp/hard\libc_nano.a(lib_a-puts.o)
                0x0000000008009e68                _puts_r
 .text.puts     0x0000000008009f44       0x10 c:/st/stm32cubeide_1.0.2/stm32cubeide/plugins/com.st.stm32cube.ide.mcu.externaltools.gnu-tools-for-stm32.9-2020-q2-update.win32_1.5.0.202011040924/tools/bin/../lib/gcc/arm-none-eabi/9.3.1/../../../../arm-none-eabi/lib/thumb/v7e-m+fp/hard\libc_nano.a(lib_a-puts.o)
                0x0000000008009f44                puts
 .text.setbuf   0x0000000008009f54       0x10 c:/st/stm32cubeide_1.0.2/stm32cubeide/plugins/com.st.stm32cube.ide.mcu.externaltools.gnu-tools-for-stm32.9-2020-q2-update.win32_1.5.0.202011040924/tools/bin/../lib/gcc/arm-none-eabi/9.3.1/../../../../arm-none-eabi/lib/thumb/v7e-m+fp/hard\libc_nano.a(lib_a-setbuf.o)
                0x0000000008009f54                setbuf
 .text.setvbuf  0x0000000008009f64      0x18c c:/st/stm32cubeide_1.0.2/stm32cubeide/plugins/com.st.stm32cube.ide.mcu.externaltools.gnu-tools-for-stm32.9-2020-q2-update.win32_1.5.0.202011040924/tools/bin/../lib/gcc/arm-none-eabi/9.3.1/../../../../arm-none-eabi/lib/thumb/v7e-m+fp/hard\libc_nano.a(lib_a-setvbuf.o)
                0x0000000008009f64                setvbuf
 .text.__swbuf_r
                0x000000000800a0f0       0xa4 c:/st/stm32cubeide_1.0.2/stm32cubeide/plugins/com.st.stm32cube.ide.mcu.externaltools.gnu-tools-for-stm32.9-2020-q2-update.win32_1.5.0.202011040924/tools/bin/../lib/gcc/arm-none-eabi/9.3.1/../../../../arm-none-eabi/lib/thumb/v7e-m+fp/hard\libc_nano.a(lib_a-wbuf.o)
                0x000000000800a0f0                __swbuf_r
 .text.__swsetup_r
                0x000000000800a194       0xdc c:/st/stm32cubeide_1.0.2/stm32cubeide/plugins/com.st.stm32cube.ide.mcu.externaltools.gnu-tools-for-stm32.9-2020-q2-update.win32_1.5.0.202011040924/tools/bin/../lib/gcc/arm-none-eabi/9.3.1/../../../../arm-none-eabi/lib/thumb/v7e-m+fp/hard\libc_nano.a(lib_a-wsetup.o)
                0x000000000800a194                __swsetup_r
 .text.quorem   0x000000000800a270      0x116 c:/st/stm32cubeide_1.0.2/stm32cubeide/plugins/com.st.stm32cube.ide.mcu.externaltools.gnu-tools-for-stm32.9-2020-q2-update.win32_1.5.0.202011040924/tools/bin/../lib/gcc/arm-none-eabi/9.3.1/../../../../arm-none-eabi/lib/thumb/v7e-m+fp/hard\libc_nano.a(lib_a-dtoa.o)
 *fill*         0x000000000800a386        0x2 
 .text._dtoa_r  0x000000000800a388      0xbd8 c:/st/stm32cubeide_1.0.2/stm32cubeide/plugins/com.st.stm32cube.ide.mcu.externaltools.gnu-tools-for-stm32.9-2020-q2-update.win32_1.5.0.202011040924/tools/bin/../lib/gcc/arm-none-eabi/9.3.1/../../../../arm-none-eabi/lib/thumb/v7e-m+fp/hard\libc_nano.a(lib_a-dtoa.o)
                0x000000000800a388                _dtoa_r
 .text.__sflush_r
                0x000000000800af60      0x10c c:/st/stm32cubeide_1.0.2/stm32cubeide/plugins/com.st.stm32cube.ide.mcu.externaltools.gnu-tools-for-stm32.9-2020-q2-update.win32_1.5.0.202011040924/tools/bin/../lib/gcc/arm-none-eabi/9.3.1/../../../../arm-none-eabi/lib/thumb/v7e-m+fp/hard\libc_nano.a(lib_a-fflush.o)
                0x000000000800af60                __sflush_r
 .text._fflush_r
                0x000000000800b06c       0x78 c:/st/stm32cubeide_1.0.2/stm32cubeide/plugins/com.st.stm32cube.ide.mcu.externaltools.gnu-tools-for-stm32.9-2020-q2-update.win32_1.5.0.202011040924/tools/bin/../lib/gcc/arm-none-eabi/9.3.1/../../../../arm-none-eabi/lib/thumb/v7e-m+fp/hard\libc_nano.a(lib_a-fflush.o)
                0x000000000800b06c                _fflush_r
 .text.std      0x000000000800b0e4       0x48 c:/st/stm32cubeide_1.0.2/stm32cubeide/plugins/com.st.stm32cube.ide.mcu.externaltools.gnu-tools-for-stm32.9-2020-q2-update.win32_1.5.0.202011040924/tools/bin/../lib/gcc/arm-none-eabi/9.3.1/../../../../arm-none-eabi/lib/thumb/v7e-m+fp/hard\libc_nano.a(lib_a-findfp.o)
 .text._cleanup_r
                0x000000000800b12c        0xc c:/st/stm32cubeide_1.0.2/stm32cubeide/plugins/com.st.stm32cube.ide.mcu.externaltools.gnu-tools-for-stm32.9-2020-q2-update.win32_1.5.0.202011040924/tools/bin/../lib/gcc/arm-none-eabi/9.3.1/../../../../arm-none-eabi/lib/thumb/v7e-m+fp/hard\libc_nano.a(lib_a-findfp.o)
                0x000000000800b12c                _cleanup_r
 .text.__sfmoreglue
                0x000000000800b138       0x2c c:/st/stm32cubeide_1.0.2/stm32cubeide/plugins/com.st.stm32cube.ide.mcu.externaltools.gnu-tools-for-stm32.9-2020-q2-update.win32_1.5.0.202011040924/tools/bin/../lib/gcc/arm-none-eabi/9.3.1/../../../../arm-none-eabi/lib/thumb/v7e-m+fp/hard\libc_nano.a(lib_a-findfp.o)
                0x000000000800b138                __sfmoreglue
 .text.__sfp_lock_acquire
                0x000000000800b164        0xc c:/st/stm32cubeide_1.0.2/stm32cubeide/plugins/com.st.stm32cube.ide.mcu.externaltools.gnu-tools-for-stm32.9-2020-q2-update.win32_1.5.0.202011040924/tools/bin/../lib/gcc/arm-none-eabi/9.3.1/../../../../arm-none-eabi/lib/thumb/v7e-m+fp/hard\libc_nano.a(lib_a-findfp.o)
                0x000000000800b164                __sfp_lock_acquire
 .text.__sfp_lock_release
                0x000000000800b170        0xc c:/st/stm32cubeide_1.0.2/stm32cubeide/plugins/com.st.stm32cube.ide.mcu.externaltools.gnu-tools-for-stm32.9-2020-q2-update.win32_1.5.0.202011040924/tools/bin/../lib/gcc/arm-none-eabi/9.3.1/../../../../arm-none-eabi/lib/thumb/v7e-m+fp/hard\libc_nano.a(lib_a-findfp.o)
                0x000000000800b170                __sfp_lock_release
 .text.__sinit_lock_acquire
                0x000000000800b17c        0xc c:/st/stm32cubeide_1.0.2/stm32cubeide/plugins/com.st.stm32cube.ide.mcu.externaltools.gnu-tools-for-stm32.9-2020-q2-update.win32_1.5.0.202011040924/tools/bin/../lib/gcc/arm-none-eabi/9.3.1/../../../../arm-none-eabi/lib/thumb/v7e-m+fp/hard\libc_nano.a(lib_a-findfp.o)
                0x000000000800b17c                __sinit_lock_acquire
 .text.__sinit_lock_release
                0x000000000800b188        0xc c:/st/stm32cubeide_1.0.2/stm32cubeide/plugins/com.st.stm32cube.ide.mcu.externaltools.gnu-tools-for-stm32.9-2020-q2-update.win32_1.5.0.202011040924/tools/bin/../lib/gcc/arm-none-eabi/9.3.1/../../../../arm-none-eabi/lib/thumb/v7e-m+fp/hard\libc_nano.a(lib_a-findfp.o)
                0x000000000800b188                __sinit_lock_release
 .text.__sinit  0x000000000800b194       0x70 c:/st/stm32cubeide_1.0.2/stm32cubeide/plugins/com.st.stm32cube.ide.mcu.externaltools.gnu-tools-for-stm32.9-2020-q2-update.win32_1.5.0.202011040924/tools/bin/../lib/gcc/arm-none-eabi/9.3.1/../../../../arm-none-eabi/lib/thumb/v7e-m+fp/hard\libc_nano.a(lib_a-findfp.o)
                0x000000000800b194                __sinit
 .text.__sfp    0x000000000800b204       0x8c c:/st/stm32cubeide_1.0.2/stm32cubeide/plugins/com.st.stm32cube.ide.mcu.externaltools.gnu-tools-for-stm32.9-2020-q2-update.win32_1.5.0.202011040924/tools/bin/../lib/gcc/arm-none-eabi/9.3.1/../../../../arm-none-eabi/lib/thumb/v7e-m+fp/hard\libc_nano.a(lib_a-findfp.o)
                0x000000000800b204                __sfp
 .text._fwalk_reent
                0x000000000800b290       0x3e c:/st/stm32cubeide_1.0.2/stm32cubeide/plugins/com.st.stm32cube.ide.mcu.externaltools.gnu-tools-for-stm32.9-2020-q2-update.win32_1.5.0.202011040924/tools/bin/../lib/gcc/arm-none-eabi/9.3.1/../../../../arm-none-eabi/lib/thumb/v7e-m+fp/hard\libc_nano.a(lib_a-fwalk.o)
                0x000000000800b290                _fwalk_reent
 *fill*         0x000000000800b2ce        0x2 
 .text._localeconv_r
                0x000000000800b2d0        0x8 c:/st/stm32cubeide_1.0.2/stm32cubeide/plugins/com.st.stm32cube.ide.mcu.externaltools.gnu-tools-for-stm32.9-2020-q2-update.win32_1.5.0.202011040924/tools/bin/../lib/gcc/arm-none-eabi/9.3.1/../../../../arm-none-eabi/lib/thumb/v7e-m+fp/hard\libc_nano.a(lib_a-localeconv.o)
                0x000000000800b2d0                _localeconv_r
 .text.__retarget_lock_init_recursive
                0x000000000800b2d8        0x2 c:/st/stm32cubeide_1.0.2/stm32cubeide/plugins/com.st.stm32cube.ide.mcu.externaltools.gnu-tools-for-stm32.9-2020-q2-update.win32_1.5.0.202011040924/tools/bin/../lib/gcc/arm-none-eabi/9.3.1/../../../../arm-none-eabi/lib/thumb/v7e-m+fp/hard\libc_nano.a(lib_a-lock.o)
                0x000000000800b2d8                __retarget_lock_init_recursive
 .text.__retarget_lock_acquire_recursive
                0x000000000800b2da        0x2 c:/st/stm32cubeide_1.0.2/stm32cubeide/plugins/com.st.stm32cube.ide.mcu.externaltools.gnu-tools-for-stm32.9-2020-q2-update.win32_1.5.0.202011040924/tools/bin/../lib/gcc/arm-none-eabi/9.3.1/../../../../arm-none-eabi/lib/thumb/v7e-m+fp/hard\libc_nano.a(lib_a-lock.o)
                0x000000000800b2da                __retarget_lock_acquire_recursive
 .text.__retarget_lock_release_recursive
                0x000000000800b2dc        0x2 c:/st/stm32cubeide_1.0.2/stm32cubeide/plugins/com.st.stm32cube.ide.mcu.externaltools.gnu-tools-for-stm32.9-2020-q2-update.win32_1.5.0.202011040924/tools/bin/../lib/gcc/arm-none-eabi/9.3.1/../../../../arm-none-eabi/lib/thumb/v7e-m+fp/hard\libc_nano.a(lib_a-lock.o)
                0x000000000800b2dc                __retarget_lock_release_recursive
 .text.__swhatbuf_r
                0x000000000800b2de       0x48 c:/st/stm32cubeide_1.0.2/stm32cubeide/plugins/com.st.stm32cube.ide.mcu.externaltools.gnu-tools-for-stm32.9-2020-q2-update.win32_1.5.0.202011040924/tools/bin/../lib/gcc/arm-none-eabi/9.3.1/../../../../arm-none-eabi/lib/thumb/v7e-m+fp/hard\libc_nano.a(lib_a-makebuf.o)
                0x000000000800b2de                __swhatbuf_r
 *fill*         0x000000000800b326        0x2 
 .text.__smakebuf_r
                0x000000000800b328       0x80 c:/st/stm32cubeide_1.0.2/stm32cubeide/plugins/com.st.stm32cube.ide.mcu.externaltools.gnu-tools-for-stm32.9-2020-q2-update.win32_1.5.0.202011040924/tools/bin/../lib/gcc/arm-none-eabi/9.3.1/../../../../arm-none-eabi/lib/thumb/v7e-m+fp/hard\libc_nano.a(lib_a-makebuf.o)
                0x000000000800b328                __smakebuf_r
 .text.malloc   0x000000000800b3a8       0x10 c:/st/stm32cubeide_1.0.2/stm32cubeide/plugins/com.st.stm32cube.ide.mcu.externaltools.gnu-tools-for-stm32.9-2020-q2-update.win32_1.5.0.202011040924/tools/bin/../lib/gcc/arm-none-eabi/9.3.1/../../../../arm-none-eabi/lib/thumb/v7e-m+fp/hard\libc_nano.a(lib_a-malloc.o)
                0x000000000800b3a8                malloc
 .text.memcpy   0x000000000800b3b8       0x1c c:/st/stm32cubeide_1.0.2/stm32cubeide/plugins/com.st.stm32cube.ide.mcu.externaltools.gnu-tools-for-stm32.9-2020-q2-update.win32_1.5.0.202011040924/tools/bin/../lib/gcc/arm-none-eabi/9.3.1/../../../../arm-none-eabi/lib/thumb/v7e-m+fp/hard\libc_nano.a(lib_a-memcpy-stub.o)
                0x000000000800b3b8                memcpy
 .text._Balloc  0x000000000800b3d4       0x80 c:/st/stm32cubeide_1.0.2/stm32cubeide/plugins/com.st.stm32cube.ide.mcu.externaltools.gnu-tools-for-stm32.9-2020-q2-update.win32_1.5.0.202011040924/tools/bin/../lib/gcc/arm-none-eabi/9.3.1/../../../../arm-none-eabi/lib/thumb/v7e-m+fp/hard\libc_nano.a(lib_a-mprec.o)
                0x000000000800b3d4                _Balloc
 .text._Bfree   0x000000000800b454       0x44 c:/st/stm32cubeide_1.0.2/stm32cubeide/plugins/com.st.stm32cube.ide.mcu.externaltools.gnu-tools-for-stm32.9-2020-q2-update.win32_1.5.0.202011040924/tools/bin/../lib/gcc/arm-none-eabi/9.3.1/../../../../arm-none-eabi/lib/thumb/v7e-m+fp/hard\libc_nano.a(lib_a-mprec.o)
                0x000000000800b454                _Bfree
 .text.__multadd
                0x000000000800b498       0x94 c:/st/stm32cubeide_1.0.2/stm32cubeide/plugins/com.st.stm32cube.ide.mcu.externaltools.gnu-tools-for-stm32.9-2020-q2-update.win32_1.5.0.202011040924/tools/bin/../lib/gcc/arm-none-eabi/9.3.1/../../../../arm-none-eabi/lib/thumb/v7e-m+fp/hard\libc_nano.a(lib_a-mprec.o)
                0x000000000800b498                __multadd
 .text.__hi0bits
                0x000000000800b52c       0x40 c:/st/stm32cubeide_1.0.2/stm32cubeide/plugins/com.st.stm32cube.ide.mcu.externaltools.gnu-tools-for-stm32.9-2020-q2-update.win32_1.5.0.202011040924/tools/bin/../lib/gcc/arm-none-eabi/9.3.1/../../../../arm-none-eabi/lib/thumb/v7e-m+fp/hard\libc_nano.a(lib_a-mprec.o)
                0x000000000800b52c                __hi0bits
 .text.__lo0bits
                0x000000000800b56c       0x60 c:/st/stm32cubeide_1.0.2/stm32cubeide/plugins/com.st.stm32cube.ide.mcu.externaltools.gnu-tools-for-stm32.9-2020-q2-update.win32_1.5.0.202011040924/tools/bin/../lib/gcc/arm-none-eabi/9.3.1/../../../../arm-none-eabi/lib/thumb/v7e-m+fp/hard\libc_nano.a(lib_a-mprec.o)
                0x000000000800b56c                __lo0bits
 .text.__i2b    0x000000000800b5cc       0x2c c:/st/stm32cubeide_1.0.2/stm32cubeide/plugins/com.st.stm32cube.ide.mcu.externaltools.gnu-tools-for-stm32.9-2020-q2-update.win32_1.5.0.202011040924/tools/bin/../lib/gcc/arm-none-eabi/9.3.1/../../../../arm-none-eabi/lib/thumb/v7e-m+fp/hard\libc_nano.a(lib_a-mprec.o)
                0x000000000800b5cc                __i2b
 .text.__multiply
                0x000000000800b5f8      0x14c c:/st/stm32cubeide_1.0.2/stm32cubeide/plugins/com.st.stm32cube.ide.mcu.externaltools.gnu-tools-for-stm32.9-2020-q2-update.win32_1.5.0.202011040924/tools/bin/../lib/gcc/arm-none-eabi/9.3.1/../../../../arm-none-eabi/lib/thumb/v7e-m+fp/hard\libc_nano.a(lib_a-mprec.o)
                0x000000000800b5f8                __multiply
 .text.__pow5mult
                0x000000000800b744       0xb4 c:/st/stm32cubeide_1.0.2/stm32cubeide/plugins/com.st.stm32cube.ide.mcu.externaltools.gnu-tools-for-stm32.9-2020-q2-update.win32_1.5.0.202011040924/tools/bin/../lib/gcc/arm-none-eabi/9.3.1/../../../../arm-none-eabi/lib/thumb/v7e-m+fp/hard\libc_nano.a(lib_a-mprec.o)
                0x000000000800b744                __pow5mult
 .text.__lshift
                0x000000000800b7f8       0xd8 c:/st/stm32cubeide_1.0.2/stm32cubeide/plugins/com.st.stm32cube.ide.mcu.externaltools.gnu-tools-for-stm32.9-2020-q2-update.win32_1.5.0.202011040924/tools/bin/../lib/gcc/arm-none-eabi/9.3.1/../../../../arm-none-eabi/lib/thumb/v7e-m+fp/hard\libc_nano.a(lib_a-mprec.o)
                0x000000000800b7f8                __lshift
 .text.__mcmp   0x000000000800b8d0       0x38 c:/st/stm32cubeide_1.0.2/stm32cubeide/plugins/com.st.stm32cube.ide.mcu.externaltools.gnu-tools-for-stm32.9-2020-q2-update.win32_1.5.0.202011040924/tools/bin/../lib/gcc/arm-none-eabi/9.3.1/../../../../arm-none-eabi/lib/thumb/v7e-m+fp/hard\libc_nano.a(lib_a-mprec.o)
                0x000000000800b8d0                __mcmp
 .text.__mdiff  0x000000000800b908      0x110 c:/st/stm32cubeide_1.0.2/stm32cubeide/plugins/com.st.stm32cube.ide.mcu.externaltools.gnu-tools-for-stm32.9-2020-q2-update.win32_1.5.0.202011040924/tools/bin/../lib/gcc/arm-none-eabi/9.3.1/../../../../arm-none-eabi/lib/thumb/v7e-m+fp/hard\libc_nano.a(lib_a-mprec.o)
                0x000000000800b908                __mdiff
 .text.__d2b    0x000000000800ba18       0xb8 c:/st/stm32cubeide_1.0.2/stm32cubeide/plugins/com.st.stm32cube.ide.mcu.externaltools.gnu-tools-for-stm32.9-2020-q2-update.win32_1.5.0.202011040924/tools/bin/../lib/gcc/arm-none-eabi/9.3.1/../../../../arm-none-eabi/lib/thumb/v7e-m+fp/hard\libc_nano.a(lib_a-mprec.o)
                0x000000000800ba18                __d2b
 .text._calloc_r
                0x000000000800bad0       0x1e c:/st/stm32cubeide_1.0.2/stm32cubeide/plugins/com.st.stm32cube.ide.mcu.externaltools.gnu-tools-for-stm32.9-2020-q2-update.win32_1.5.0.202011040924/tools/bin/../lib/gcc/arm-none-eabi/9.3.1/../../../../arm-none-eabi/lib/thumb/v7e-m+fp/hard\libc_nano.a(lib_a-nano-callocr.o)
                0x000000000800bad0                _calloc_r
 *fill*         0x000000000800baee        0x2 
 .text._free_r  0x000000000800baf0       0xa0 c:/st/stm32cubeide_1.0.2/stm32cubeide/plugins/com.st.stm32cube.ide.mcu.externaltools.gnu-tools-for-stm32.9-2020-q2-update.win32_1.5.0.202011040924/tools/bin/../lib/gcc/arm-none-eabi/9.3.1/../../../../arm-none-eabi/lib/thumb/v7e-m+fp/hard\libc_nano.a(lib_a-nano-freer.o)
                0x000000000800baf0                _free_r
 .text._malloc_r
                0x000000000800bb90       0xb4 c:/st/stm32cubeide_1.0.2/stm32cubeide/plugins/com.st.stm32cube.ide.mcu.externaltools.gnu-tools-for-stm32.9-2020-q2-update.win32_1.5.0.202011040924/tools/bin/../lib/gcc/arm-none-eabi/9.3.1/../../../../arm-none-eabi/lib/thumb/v7e-m+fp/hard\libc_nano.a(lib_a-nano-mallocr.o)
                0x000000000800bb90                _malloc_r
 .text.__sfputc_r
                0x000000000800bc44       0x2e c:/st/stm32cubeide_1.0.2/stm32cubeide/plugins/com.st.stm32cube.ide.mcu.externaltools.gnu-tools-for-stm32.9-2020-q2-update.win32_1.5.0.202011040924/tools/bin/../lib/gcc/arm-none-eabi/9.3.1/../../../../arm-none-eabi/lib/thumb/v7e-m+fp/hard\libc_nano.a(lib_a-nano-vfprintf.o)
 .text.__sfputs_r
                0x000000000800bc72       0x24 c:/st/stm32cubeide_1.0.2/stm32cubeide/plugins/com.st.stm32cube.ide.mcu.externaltools.gnu-tools-for-stm32.9-2020-q2-update.win32_1.5.0.202011040924/tools/bin/../lib/gcc/arm-none-eabi/9.3.1/../../../../arm-none-eabi/lib/thumb/v7e-m+fp/hard\libc_nano.a(lib_a-nano-vfprintf.o)
                0x000000000800bc72                __sfputs_r
 *fill*         0x000000000800bc96        0x2 
 .text._vfprintf_r
                0x000000000800bc98      0x260 c:/st/stm32cubeide_1.0.2/stm32cubeide/plugins/com.st.stm32cube.ide.mcu.externaltools.gnu-tools-for-stm32.9-2020-q2-update.win32_1.5.0.202011040924/tools/bin/../lib/gcc/arm-none-eabi/9.3.1/../../../../arm-none-eabi/lib/thumb/v7e-m+fp/hard\libc_nano.a(lib_a-nano-vfprintf.o)
                0x000000000800bc98                _vfprintf_r
                0x000000000800bc98                _vfiprintf_r
 .text._putc_r  0x000000000800bef8       0x90 c:/st/stm32cubeide_1.0.2/stm32cubeide/plugins/com.st.stm32cube.ide.mcu.externaltools.gnu-tools-for-stm32.9-2020-q2-update.win32_1.5.0.202011040924/tools/bin/../lib/gcc/arm-none-eabi/9.3.1/../../../../arm-none-eabi/lib/thumb/v7e-m+fp/hard\libc_nano.a(lib_a-putc.o)
                0x000000000800bef8                _putc_r
 .text._sbrk_r  0x000000000800bf88       0x20 c:/st/stm32cubeide_1.0.2/stm32cubeide/plugins/com.st.stm32cube.ide.mcu.externaltools.gnu-tools-for-stm32.9-2020-q2-update.win32_1.5.0.202011040924/tools/bin/../lib/gcc/arm-none-eabi/9.3.1/../../../../arm-none-eabi/lib/thumb/v7e-m+fp/hard\libc_nano.a(lib_a-sbrkr.o)
                0x000000000800bf88                _sbrk_r
 .text.__sread  0x000000000800bfa8       0x22 c:/st/stm32cubeide_1.0.2/stm32cubeide/plugins/com.st.stm32cube.ide.mcu.externaltools.gnu-tools-for-stm32.9-2020-q2-update.win32_1.5.0.202011040924/tools/bin/../lib/gcc/arm-none-eabi/9.3.1/../../../../arm-none-eabi/lib/thumb/v7e-m+fp/hard\libc_nano.a(lib_a-stdio.o)
                0x000000000800bfa8                __sread
 .text.__swrite
                0x000000000800bfca       0x38 c:/st/stm32cubeide_1.0.2/stm32cubeide/plugins/com.st.stm32cube.ide.mcu.externaltools.gnu-tools-for-stm32.9-2020-q2-update.win32_1.5.0.202011040924/tools/bin/../lib/gcc/arm-none-eabi/9.3.1/../../../../arm-none-eabi/lib/thumb/v7e-m+fp/hard\libc_nano.a(lib_a-stdio.o)
                0x000000000800bfca                __swrite
 .text.__sseek  0x000000000800c002       0x24 c:/st/stm32cubeide_1.0.2/stm32cubeide/plugins/com.st.stm32cube.ide.mcu.externaltools.gnu-tools-for-stm32.9-2020-q2-update.win32_1.5.0.202011040924/tools/bin/../lib/gcc/arm-none-eabi/9.3.1/../../../../arm-none-eabi/lib/thumb/v7e-m+fp/hard\libc_nano.a(lib_a-stdio.o)
                0x000000000800c002                __sseek
 .text.__sclose
                0x000000000800c026        0x8 c:/st/stm32cubeide_1.0.2/stm32cubeide/plugins/com.st.stm32cube.ide.mcu.externaltools.gnu-tools-for-stm32.9-2020-q2-update.win32_1.5.0.202011040924/tools/bin/../lib/gcc/arm-none-eabi/9.3.1/../../../../arm-none-eabi/lib/thumb/v7e-m+fp/hard\libc_nano.a(lib_a-stdio.o)
                0x000000000800c026                __sclose
 *fill*         0x000000000800c02e        0x2 
 .text._write_r
                0x000000000800c030       0x24 c:/st/stm32cubeide_1.0.2/stm32cubeide/plugins/com.st.stm32cube.ide.mcu.externaltools.gnu-tools-for-stm32.9-2020-q2-update.win32_1.5.0.202011040924/tools/bin/../lib/gcc/arm-none-eabi/9.3.1/../../../../arm-none-eabi/lib/thumb/v7e-m+fp/hard\libc_nano.a(lib_a-writer.o)
                0x000000000800c030                _write_r
 .text.__assert_func
                0x000000000800c054       0x3c c:/st/stm32cubeide_1.0.2/stm32cubeide/plugins/com.st.stm32cube.ide.mcu.externaltools.gnu-tools-for-stm32.9-2020-q2-update.win32_1.5.0.202011040924/tools/bin/../lib/gcc/arm-none-eabi/9.3.1/../../../../arm-none-eabi/lib/thumb/v7e-m+fp/hard\libc_nano.a(lib_a-assert.o)
                0x000000000800c054                __assert_func
 .text._close_r
                0x000000000800c090       0x20 c:/st/stm32cubeide_1.0.2/stm32cubeide/plugins/com.st.stm32cube.ide.mcu.externaltools.gnu-tools-for-stm32.9-2020-q2-update.win32_1.5.0.202011040924/tools/bin/../lib/gcc/arm-none-eabi/9.3.1/../../../../arm-none-eabi/lib/thumb/v7e-m+fp/hard\libc_nano.a(lib_a-closer.o)
                0x000000000800c090                _close_r
 .text.fprintf  0x000000000800c0b0       0x24 c:/st/stm32cubeide_1.0.2/stm32cubeide/plugins/com.st.stm32cube.ide.mcu.externaltools.gnu-tools-for-stm32.9-2020-q2-update.win32_1.5.0.202011040924/tools/bin/../lib/gcc/arm-none-eabi/9.3.1/../../../../arm-none-eabi/lib/thumb/v7e-m+fp/hard\libc_nano.a(lib_a-fprintf.o)
                0x000000000800c0b0                fiprintf
                0x000000000800c0b0                fprintf
 .text._fstat_r
                0x000000000800c0d4       0x24 c:/st/stm32cubeide_1.0.2/stm32cubeide/plugins/com.st.stm32cube.ide.mcu.externaltools.gnu-tools-for-stm32.9-2020-q2-update.win32_1.5.0.202011040924/tools/bin/../lib/gcc/arm-none-eabi/9.3.1/../../../../arm-none-eabi/lib/thumb/v7e-m+fp/hard\libc_nano.a(lib_a-fstatr.o)
                0x000000000800c0d4                _fstat_r
 .text._isatty_r
                0x000000000800c0f8       0x20 c:/st/stm32cubeide_1.0.2/stm32cubeide/plugins/com.st.stm32cube.ide.mcu.externaltools.gnu-tools-for-stm32.9-2020-q2-update.win32_1.5.0.202011040924/tools/bin/../lib/gcc/arm-none-eabi/9.3.1/../../../../arm-none-eabi/lib/thumb/v7e-m+fp/hard\libc_nano.a(lib_a-isattyr.o)
                0x000000000800c0f8                _isatty_r
 .text._lseek_r
                0x000000000800c118       0x24 c:/st/stm32cubeide_1.0.2/stm32cubeide/plugins/com.st.stm32cube.ide.mcu.externaltools.gnu-tools-for-stm32.9-2020-q2-update.win32_1.5.0.202011040924/tools/bin/../lib/gcc/arm-none-eabi/9.3.1/../../../../arm-none-eabi/lib/thumb/v7e-m+fp/hard\libc_nano.a(lib_a-lseekr.o)
                0x000000000800c118                _lseek_r
 .text.__ascii_mbtowc
                0x000000000800c13c       0x24 c:/st/stm32cubeide_1.0.2/stm32cubeide/plugins/com.st.stm32cube.ide.mcu.externaltools.gnu-tools-for-stm32.9-2020-q2-update.win32_1.5.0.202011040924/tools/bin/../lib/gcc/arm-none-eabi/9.3.1/../../../../arm-none-eabi/lib/thumb/v7e-m+fp/hard\libc_nano.a(lib_a-mbtowc_r.o)
                0x000000000800c13c                __ascii_mbtowc
 .text.__malloc_lock
                0x000000000800c160        0xc c:/st/stm32cubeide_1.0.2/stm32cubeide/plugins/com.st.stm32cube.ide.mcu.externaltools.gnu-tools-for-stm32.9-2020-q2-update.win32_1.5.0.202011040924/tools/bin/../lib/gcc/arm-none-eabi/9.3.1/../../../../arm-none-eabi/lib/thumb/v7e-m+fp/hard\libc_nano.a(lib_a-mlock.o)
                0x000000000800c160                __malloc_lock
 .text.__malloc_unlock
                0x000000000800c16c        0xc c:/st/stm32cubeide_1.0.2/stm32cubeide/plugins/com.st.stm32cube.ide.mcu.externaltools.gnu-tools-for-stm32.9-2020-q2-update.win32_1.5.0.202011040924/tools/bin/../lib/gcc/arm-none-eabi/9.3.1/../../../../arm-none-eabi/lib/thumb/v7e-m+fp/hard\libc_nano.a(lib_a-mlock.o)
                0x000000000800c16c                __malloc_unlock
 .text._read_r  0x000000000800c178       0x24 c:/st/stm32cubeide_1.0.2/stm32cubeide/plugins/com.st.stm32cube.ide.mcu.externaltools.gnu-tools-for-stm32.9-2020-q2-update.win32_1.5.0.202011040924/tools/bin/../lib/gcc/arm-none-eabi/9.3.1/../../../../arm-none-eabi/lib/thumb/v7e-m+fp/hard\libc_nano.a(lib_a-readr.o)
                0x000000000800c178                _read_r
 .text.__ascii_wctomb
                0x000000000800c19c       0x1a c:/st/stm32cubeide_1.0.2/stm32cubeide/plugins/com.st.stm32cube.ide.mcu.externaltools.gnu-tools-for-stm32.9-2020-q2-update.win32_1.5.0.202011040924/tools/bin/../lib/gcc/arm-none-eabi/9.3.1/../../../../arm-none-eabi/lib/thumb/v7e-m+fp/hard\libc_nano.a(lib_a-wctomb_r.o)
                0x000000000800c19c                __ascii_wctomb
 .text.abort    0x000000000800c1b6        0xe c:/st/stm32cubeide_1.0.2/stm32cubeide/plugins/com.st.stm32cube.ide.mcu.externaltools.gnu-tools-for-stm32.9-2020-q2-update.win32_1.5.0.202011040924/tools/bin/../lib/gcc/arm-none-eabi/9.3.1/../../../../arm-none-eabi/lib/thumb/v7e-m+fp/hard\libc_nano.a(lib_a-abort.o)
                0x000000000800c1b6                abort
 .text._raise_r
                0x000000000800c1c4       0x50 c:/st/stm32cubeide_1.0.2/stm32cubeide/plugins/com.st.stm32cube.ide.mcu.externaltools.gnu-tools-for-stm32.9-2020-q2-update.win32_1.5.0.202011040924/tools/bin/../lib/gcc/arm-none-eabi/9.3.1/../../../../arm-none-eabi/lib/thumb/v7e-m+fp/hard\libc_nano.a(lib_a-signal.o)
                0x000000000800c1c4                _raise_r
 .text.raise    0x000000000800c214       0x10 c:/st/stm32cubeide_1.0.2/stm32cubeide/plugins/com.st.stm32cube.ide.mcu.externaltools.gnu-tools-for-stm32.9-2020-q2-update.win32_1.5.0.202011040924/tools/bin/../lib/gcc/arm-none-eabi/9.3.1/../../../../arm-none-eabi/lib/thumb/v7e-m+fp/hard\libc_nano.a(lib_a-signal.o)
                0x000000000800c214                raise
 .text._kill_r  0x000000000800c224       0x24 c:/st/stm32cubeide_1.0.2/stm32cubeide/plugins/com.st.stm32cube.ide.mcu.externaltools.gnu-tools-for-stm32.9-2020-q2-update.win32_1.5.0.202011040924/tools/bin/../lib/gcc/arm-none-eabi/9.3.1/../../../../arm-none-eabi/lib/thumb/v7e-m+fp/hard\libc_nano.a(lib_a-signalr.o)
                0x000000000800c224                _kill_r
 .text._getpid_r
                0x000000000800c248        0x4 c:/st/stm32cubeide_1.0.2/stm32cubeide/plugins/com.st.stm32cube.ide.mcu.externaltools.gnu-tools-for-stm32.9-2020-q2-update.win32_1.5.0.202011040924/tools/bin/../lib/gcc/arm-none-eabi/9.3.1/../../../../arm-none-eabi/lib/thumb/v7e-m+fp/hard\libc_nano.a(lib_a-signalr.o)
                0x000000000800c248                _getpid_r
 *(.glue_7)
 .glue_7        0x000000000800c24c        0x0 linker stubs
 *(.glue_7t)
 .glue_7t       0x000000000800c24c        0x0 linker stubs
 *(.eh_frame)
 .eh_frame      0x000000000800c24c        0x0 c:/st/stm32cubeide_1.0.2/stm32cubeide/plugins/com.st.stm32cube.ide.mcu.externaltools.gnu-tools-for-stm32.9-2020-q2-update.win32_1.5.0.202011040924/tools/bin/../lib/gcc/arm-none-eabi/9.3.1/thumb/v7e-m+fp/hard/crtbegin.o
 *(.init)
 .init          0x000000000800c24c        0x4 c:/st/stm32cubeide_1.0.2/stm32cubeide/plugins/com.st.stm32cube.ide.mcu.externaltools.gnu-tools-for-stm32.9-2020-q2-update.win32_1.5.0.202011040924/tools/bin/../lib/gcc/arm-none-eabi/9.3.1/thumb/v7e-m+fp/hard/crti.o
                0x000000000800c24c                _init
 .init          0x000000000800c250        0x8 c:/st/stm32cubeide_1.0.2/stm32cubeide/plugins/com.st.stm32cube.ide.mcu.externaltools.gnu-tools-for-stm32.9-2020-q2-update.win32_1.5.0.202011040924/tools/bin/../lib/gcc/arm-none-eabi/9.3.1/thumb/v7e-m+fp/hard/crtn.o
 *(.fini)
 .fini          0x000000000800c258        0x4 c:/st/stm32cubeide_1.0.2/stm32cubeide/plugins/com.st.stm32cube.ide.mcu.externaltools.gnu-tools-for-stm32.9-2020-q2-update.win32_1.5.0.202011040924/tools/bin/../lib/gcc/arm-none-eabi/9.3.1/thumb/v7e-m+fp/hard/crti.o
                0x000000000800c258                _fini
 .fini          0x000000000800c25c        0x8 c:/st/stm32cubeide_1.0.2/stm32cubeide/plugins/com.st.stm32cube.ide.mcu.externaltools.gnu-tools-for-stm32.9-2020-q2-update.win32_1.5.0.202011040924/tools/bin/../lib/gcc/arm-none-eabi/9.3.1/thumb/v7e-m+fp/hard/crtn.o
                0x000000000800c264                . = ALIGN (0x4)
                0x000000000800c264                _etext = .

.vfp11_veneer   0x000000000800c264        0x0
 .vfp11_veneer  0x000000000800c264        0x0 linker stubs

.v4_bx          0x000000000800c264        0x0