Archive member included to satisfy reference by file (symbol)

c:/st/stm32cubeide_1.0.2/stm32cubeide/plugins/com.st.stm32cube.ide.mcu.externaltools.gnu-tools-for-stm32.9-2020-q2-update.win32_1.5.0.202011040924/tools/bin/../lib/gcc/arm-none-eabi/9.3.1/../../../../arm-none-eabi/lib/thumb/v7e-m+fp/hard\libc_nano.a(lib_a-errno.o)
                              Core/Src/syscalls.o (__errno)
c:/st/stm32cubeide_1.0.2/stm32cubeide/plugins/com.st.stm32cube.ide.mcu.externaltools.gnu-tools-for-stm32.9-2020-q2-update.win32_1.5.0.202011040924/tools/bin/../lib/gcc/arm-none-eabi/9.3.1/../../../../arm-none-eabi/lib/thumb/v7e-m+fp/hard\libc_nano.a(lib_a-exit.o)
                              c:/st/stm32cubeide_1.0.2/stm32cubeide/plugins/com.st.stm32cube.ide.mcu.externaltools.gnu-tools-for-stm32.9-2020-q2-update.win32_1.5.0.202011040924/tools/bin/../lib/gcc/arm-none-eabi/9.3.1/../../../../arm-none-eabi/lib/thumb/v7e-m+fp/hard/crt0.o (exit)
c:/st/stm32cubeide_1.0.2/stm32cubeide/plugins/com.st.stm32cube.ide.mcu.externaltools.gnu-tools-for-stm32.9-2020-q2-update.win32_1.5.0.202011040924/tools/bin/../lib/gcc/arm-none-eabi/9.3.1/../../../../arm-none-eabi/lib/thumb/v7e-m+fp/hard\libc_nano.a(lib_a-impure.o)
                              c:/st/stm32cubeide_1.0.2/stm32cubeide/plugins/com.st.stm32cube.ide.mcu.externaltools.gnu-tools-for-stm32.9-2020-q2-update.win32_1.5.0.202011040924/tools/bin/../lib/gcc/arm-none-eabi/9.3.1/../../../../arm-none-eabi/lib/thumb/v7e-m+fp/hard\libc_nano.a(lib_a-exit.o) (_global_impure_ptr)
c:/st/stm32cubeide_1.0.2/stm32cubeide/plugins/com.st.stm32cube.ide.mcu.externaltools.gnu-tools-for-stm32.9-2020-q2-update.win32_1.5.0.202011040924/tools/bin/../lib/gcc/arm-none-eabi/9.3.1/../../../../arm-none-eabi/lib/thumb/v7e-m+fp/hard\libc_nano.a(lib_a-init.o)
                              c:/st/stm32cubeide_1.0.2/stm32cubeide/plugins/com.st.stm32cube.ide.mcu.externaltools.gnu-tools-for-stm32.9-2020-q2-update.win32_1.5.0.202011040924/tools/bin/../lib/gcc/arm-none-eabi/9.3.1/../../../../arm-none-eabi/lib/thumb/v7e-m+fp/hard/crt0.o (__libc_init_array)
c:/st/stm32cubeide_1.0.2/stm32cubeide/plugins/com.st.stm32cube.ide.mcu.externaltools.gnu-tools-for-stm32.9-2020-q2-update.win32_1.5.0.202011040924/tools/bin/../lib/gcc/arm-none-eabi/9.3.1/../../../../arm-none-eabi/lib/thumb/v7e-m+fp/hard\libc_nano.a(lib_a-memset.o)
                              c:/st/stm32cubeide_1.0.2/stm32cubeide/plugins/com.st.stm32cube.ide.mcu.externaltools.gnu-tools-for-stm32.9-2020-q2-update.win32_1.5.0.202011040924/tools/bin/../lib/gcc/arm-none-eabi/9.3.1/../../../../arm-none-eabi/lib/thumb/v7e-m+fp/hard/crt0.o (memset)
c:/st/stm32cubeide_1.0.2/stm32cubeide/plugins/com.st.stm32cube.ide.mcu.externaltools.gnu-tools-for-stm32.9-2020-q2-update.win32_1.5.0.202011040924/tools/bin/../lib/gcc/arm-none-eabi/9.3.1/../../../../arm-none-eabi/lib/thumb/v7e-m+fp/hard\libc_nano.a(lib_a-nano-vfprintf_float.o)
                              (_printf_float)
c:/st/stm32cubeide_1.0.2/stm32cubeide/plugins/com.st.stm32cube.ide.mcu.externaltools.gnu-tools-for-stm32.9-2020-q2-update.win32_1.5.0.202011040924/tools/bin/../lib/gcc/arm-none-eabi/9.3.1/../../../../arm-none-eabi/lib/thumb/v7e-m+fp/hard\libc_nano.a(lib_a-nano-vfprintf_i.o)
                              c:/st/stm32cubeide_1.0.2/stm32cubeide/plugins/com.st.stm32cube.ide.mcu.externaltools.gnu-tools-for-stm32.9-2020-q2-update.win32_1.5.0.202011040924/tools/bin/../lib/gcc/arm-none-eabi/9.3.1/../../../../arm-none-eabi/lib/thumb/v7e-m+fp/hard\libc_nano.a(lib_a-nano-vfprintf_float.o) (_printf_common)
c:/st/stm32cubeide_1.0.2/stm32cubeide/plugins/com.st.stm32cube.ide.mcu.externaltools.gnu-tools-for-stm32.9-2020-q2-update.win32_1.5.0.202011040924/tools/bin/../lib/gcc/arm-none-eabi/9.3.1/../../../../arm-none-eabi/lib/thumb/v7e-m+fp/hard\libc_nano.a(lib_a-printf.o)
                              Core/Src/Controller/mode.o (printf)
c:/st/stm32cubeide_1.0.2/stm32cubeide/plugins/com.st.stm32cube.ide.mcu.externaltools.gnu-tools-for-stm32.9-2020-q2-update.win32_1.5.0.202011040924/tools/bin/../lib/gcc/arm-none-eabi/9.3.1/../../../../arm-none-eabi/lib/thumb/v7e-m+fp/hard\libc_nano.a(lib_a-putchar.o)
                              Core/Src/Controller/mode.o (putchar)
c:/st/stm32cubeide_1.0.2/stm32cubeide/plugins/com.st.stm32cube.ide.mcu.externaltools.gnu-tools-for-stm32.9-2020-q2-update.win32_1.5.0.202011040924/tools/bin/../lib/gcc/arm-none-eabi/9.3.1/../../../../arm-none-eabi/lib/thumb/v7e-m+fp/hard\libc_nano.a(lib_a-puts.o)
                              Core/Src/Controller/mode.o (puts)
c:/st/stm32cubeide_1.0.2/stm32cubeide/plugins/com.st.stm32cube.ide.mcu.externaltools.gnu-tools-for-stm32.9-2020-q2-update.win32_1.5.0.202011040924/tools/bin/../lib/gcc/arm-none-eabi/9.3.1/../../../../arm-none-eabi/lib/thumb/v7e-m+fp/hard\libc_nano.a(lib_a-setbuf.o)
                              Core/Src/main.o (setbuf)
[...]
Memory Configuration

Name             Origin             Length             Attributes
CCMRAM           0x0000000010000000 0x0000000000010000 xrw
RAM              0x0000000020000000 0x0000000000020000 xrw
FLASH            0x0000000008000000 0x0000000000100000 xr
*default*        0x0000000000000000 0xffffffffffffffff

Linker script and memory map

LOAD c:/st/stm32cubeide_1.0.2/stm32cubeide/plugins/com.st.stm32cube.ide.mcu.externaltools.gnu-tools-for-stm32.9-2020-q2-update.win32_1.5.0.202011040924/tools/bin/../lib/gcc/arm-none-eabi/9.3.1/thumb/v7e-m+fp/hard/crti.o
LOAD c:/st/stm32cubeide_1.0.2/stm32cubeide/plugins/com.st.stm32cube.ide.mcu.externaltools.gnu-tools-for-stm32.9-2020-q2-update.win32_1.5.0.202011040924/tools/bin/../lib/gcc/arm-none-eabi/9.3.1/thumb/v7e-m+fp/hard/crtbegin.o
LOAD c:/st/stm32cubeide_1.0.2/stm32cubeide/plugins/com.st.stm32cube.ide.mcu.externaltools.gnu-tools-for-stm32.9-2020-q2-update.win32_1.5.0.202011040924/tools/bin/../lib/gcc/arm-none-eabi/9.3.1/../../../../arm-none-eabi/lib/thumb/v7e-m+fp/hard/crt0.o
LOAD Core/Src/Controller/callback.o
LOAD Core/Src/Controller/mode.o
LOAD Core/Src/Controller/search.o
LOAD Core/Src/Controller/state.o
LOAD Core/Src/Controller/test.o
LOAD Core/Src/Hardware/ICM20689.o
LOAD Core/Src/Hardware/basic_timer.o
LOAD Core/Src/Hardware/battery.o
LOAD Core/Src/Hardware/buzzer.o
LOAD Core/Src/Hardware/encoder.o
LOAD Core/Src/Hardware/flash.o
LOAD Core/Src/Hardware/interface_LED.o
LOAD Core/Src/Hardware/motor.o
LOAD Core/Src/Hardware/wall_sensor.o
LOAD Core/Src/System/flags.o
LOAD Core/Src/System/log.o
LOAD Core/Src/System/map.o
LOAD Core/Src/System/motion.o
LOAD Core/Src/System/music.o
LOAD Core/Src/System/route.o
LOAD Core/Src/System/sensing.o
LOAD Core/Src/adc.o
LOAD Core/Src/dma.o
LOAD Core/Src/gpio.o
LOAD Core/Src/main.o
LOAD Core/Src/spi.o
LOAD Core/Src/stm32f4xx_it.o
LOAD Core/Src/syscalls.o
LOAD Core/Src/sysmem.o
LOAD Core/Src/system_stm32f4xx.o
LOAD Core/Src/tim.o
LOAD Core/Src/usart.o
LOAD Core/Startup/startup_stm32f405rgtx.o
LOAD Drivers/STM32F4xx_HAL_Driver/Src/stm32f4xx_ll_adc.o
LOAD Drivers/STM32F4xx_HAL_Driver/Src/stm32f4xx_ll_dma.o
LOAD Drivers/STM32F4xx_HAL_Driver/Src/stm32f4xx_ll_exti.o
LOAD Drivers/STM32F4xx_HAL_Driver/Src/stm32f4xx_ll_gpio.o
LOAD Drivers/STM32F4xx_HAL_Driver/Src/stm32f4xx_ll_rcc.o
LOAD Drivers/STM32F4xx_HAL_Driver/Src/stm32f4xx_ll_spi.o
LOAD Drivers/STM32F4xx_HAL_Driver/Src/stm32f4xx_ll_tim.o
LOAD Drivers/STM32F4xx_HAL_Driver/Src/stm32f4xx_ll_usart.o
LOAD Drivers/STM32F4xx_HAL_Driver/Src/stm32f4xx_ll_utils.o
START GROUP
LOAD c:/st/stm32cubeide_1.0.2/stm32cubeide/plugins/com.st.stm32cube.ide.mcu.externaltools.gnu-tools-for-stm32.9-2020-q2-update.win32_1.5.0.202011040924/tools/bin/../lib/gcc/arm-none-eabi/9.3.1/../../../../arm-none-eabi/lib/thumb/v7e-m+fp/hard\libc_nano.a
LOAD c:/st/stm32cubeide_1.0.2/stm32cubeide/plugins/com.st.stm32cube.ide.mcu.externaltools.gnu-tools-for-stm32.9-2020-q2-update.win32_1.5.0.202011040924/tools/bin/../lib/gcc/arm-none-eabi/9.3.1/../../../../arm-none-eabi/lib/thumb/v7e-m+fp/hard\libm.a
END GROUP
START GROUP
LOAD c:/st/stm32cubeide_1.0.2/stm32cubeide/plugins/com.st.stm32cube.ide.mcu.externaltools.gnu-tools-for-stm32.9-2020-q2-update.win32_1.5.0.202011040924/tools/bin/../lib/gcc/arm-none-eabi/9.3.1/thumb/v7e-m+fp/hard\libgcc.a
LOAD c:/st/stm32cubeide_1.0.2/stm32cubeide/plugins/com.st.stm32cube.ide.mcu.externaltools.gnu-tools-for-stm32.9-2020-q2-update.win32_1.5.0.202011040924/tools/bin/../lib/gcc/arm-none-eabi/9.3.1/../../../../arm-none-eabi/lib/thumb/v7e-m+fp/hard\libc_nano.a
END GROUP
START GROUP
LOAD c:/st/stm32cubeide_1.0.2/stm32cubeide/plugins/com.st.stm32cube.ide.mcu.externaltools.gnu-tools-for-stm32.9-2020-q2-update.win32_1.5.0.202011040924/tools/bin/../lib/gcc/arm-none-eabi/9.3.1/thumb/v7e-m+fp/hard\libgcc.a
LOAD c:/st/stm32cubeide_1.0.2/stm32cubeide/plugins/com.st.stm32cube.ide.mcu.externaltools.gnu-tools-for-stm32.9-2020-q2-update.win32_1.5.0.202011040924/tools/bin/../lib/gcc/arm-none-eabi/9.3.1/../../../../arm-none-eabi/lib/thumb/v7e-m+fp/hard\libc_nano.a
LOAD c:/st/stm32cubeide_1.0.2/stm32cubeide/plugins/com.st.stm32cube.ide.mcu.externaltools.gnu-tools-for-stm32.9-2020-q2-update.win32_1.5.0.202011040924/tools/bin/../lib/gcc/arm-none-eabi/9.3.1/../../../../arm-none-eabi/lib/thumb/v7e-m+fp/hard\libnosys.a
END GROUP
START GROUP
LOAD c:/st/stm32cubeide_1.0.2/stm32cubeide/plugins/com.st.stm32cube.ide.mcu.externaltools.gnu-tools-for-stm32.9-2020-q2-update.win32_1.5.0.202011040924/tools/bin/../lib/gcc/arm-none-eabi/9.3.1/thumb/v7e-m+fp/hard\libgcc.a
LOAD c:/st/stm32cubeide_1.0.2/stm32cubeide/plugins/com.st.stm32cube.ide.mcu.externaltools.gnu-tools-for-stm32.9-2020-q2-update.win32_1.5.0.202011040924/tools/bin/../lib/gcc/arm-none-eabi/9.3.1/../../../../arm-none-eabi/lib/thumb/v7e-m+fp/hard\libc_nano.a
LOAD c:/st/stm32cubeide_1.0.2/stm32cubeide/plugins/com.st.stm32cube.ide.mcu.externaltools.gnu-tools-for-stm32.9-2020-q2-update.win32_1.5.0.202011040924/tools/bin/../lib/gcc/arm-none-eabi/9.3.1/../../../../arm-none-eabi/lib/thumb/v7e-m+fp/hard\libnosys.a
END GROUP
LOAD c:/st/stm32cubeide_1.0.2/stm32cubeide/plugins/com.st.stm32cube.ide.mcu.externaltools.gnu-tools-for-stm32.9-2020-q2-update.win32_1.5.0.202011040924/tools/bin/../lib/gcc/arm-none-eabi/9.3.1/thumb/v7e-m+fp/hard/crtend.o
LOAD c:/st/stm32cubeide_1.0.2/stm32cubeide/plugins/com.st.stm32cube.ide.mcu.externaltools.gnu-tools-for-stm32.9-2020-q2-update.win32_1.5.0.202011040924/tools/bin/../lib/gcc/arm-none-eabi/9.3.1/thumb/v7e-m+fp/hard/crtn.o
                0x0000000020020000                _estack = (ORIGIN (RAM) + LENGTH (RAM))
                0x0000000000000200                _Min_Heap_Size = 0x200
                0x0000000000000400                _Min_Stack_Size = 0x400

.isr_vector     0x0000000008000000      0x188
                0x0000000008000000                . = ALIGN (0x4)
 *(.isr_vector)
 .isr_vector    0x0000000008000000      0x188 Core/Startup/startup_stm32f405rgtx.o
                0x0000000008000000                g_pfnVectors
                0x0000000008000188                . = ALIGN (0x4)

.text           0x0000000008000190     0xd4ac
                0x0000000008000190                . = ALIGN (0x4)
 *(.text)
 .text          0x0000000008000190       0x40 c:/st/stm32cubeide_1.0.2/stm32cubeide/plugins/com.st.stm32cube.ide.mcu.externaltools.gnu-tools-for-stm32.9-2020-q2-update.win32_1.5.0.202011040924/tools/bin/../lib/gcc/arm-none-eabi/9.3.1/thumb/v7e-m+fp/hard/crtbegin.o
 .text          0x00000000080001d0       0x10 c:/st/stm32cubeide_1.0.2/stm32cubeide/plugins/com.st.stm32cube.ide.mcu.externaltools.gnu-tools-for-stm32.9-2020-q2-update.win32_1.5.0.202011040924/tools/bin/../lib/gcc/arm-none-eabi/9.3.1/../../../../arm-none-eabi/lib/thumb/v7e-m+fp/hard\libc_nano.a(lib_a-strlen.o)
                0x00000000080001d0                strlen
 .text          0x00000000080001e0       0xa0 c:/st/stm32cubeide_1.0.2/stm32cubeide/plugins/com.st.stm32cube.ide.mcu.externaltools.gnu-tools-for-stm32.9-2020-q2-update.win32_1.5.0.202011040924/tools/bin/../lib/gcc/arm-none-eabi/9.3.1/../../../../arm-none-eabi/lib/thumb/v7e-m+fp/hard\libc_nano.a(lib_a-memchr.o)
                0x00000000080001e0                memchr
 .text          0x0000000008000280      0x378 c:/st/stm32cubeide_1.0.2/stm32cubeide/plugins/com.st.stm32cube.ide.mcu.externaltools.gnu-tools-for-stm32.9-2020-q2-update.win32_1.5.0.202011040924/tools/bin/../lib/gcc/arm-none-eabi/9.3.1/thumb/v7e-m+fp/hard\libgcc.a(_arm_addsubdf3.o)
                0x0000000008000280                __aeabi_drsub
                0x0000000008000288                __aeabi_dsub
                0x0000000008000288                __subdf3
                0x000000000800028c                __aeabi_dadd
                0x000000000800028c                __adddf3
                0x0000000008000504                __floatunsidf
                0x0000000008000504                __aeabi_ui2d
                0x0000000008000524                __floatsidf
                0x0000000008000524                __aeabi_i2d
                0x0000000008000548                __aeabi_f2d
                0x0000000008000548                __extendsfdf2
                0x000000000800058c                __floatundidf
                0x000000000800058c                __aeabi_ul2d
                0x000000000800059c                __floatdidf
                0x000000000800059c                __aeabi_l2d
 .text          0x00000000080005f8      0x424 c:/st/stm32cubeide_1.0.2/stm32cubeide/plugins/com.st.stm32cube.ide.mcu.externaltools.gnu-tools-for-stm32.9-2020-q2-update.win32_1.5.0.202011040924/tools/bin/../lib/gcc/arm-none-eabi/9.3.1/thumb/v7e-m+fp/hard\libgcc.a(_arm_muldivdf3.o)
                0x00000000080005f8                __aeabi_dmul
                0x00000000080005f8                __muldf3
                0x000000000800084c                __divdf3
                0x000000000800084c                __aeabi_ddiv
 .text          0x0000000008000a1c      0x110 c:/st/stm32cubeide_1.0.2/stm32cubeide/plugins/com.st.stm32cube.ide.mcu.externaltools.gnu-tools-for-stm32.9-2020-q2-update.win32_1.5.0.202011040924/tools/bin/../lib/gcc/arm-none-eabi/9.3.1/thumb/v7e-m+fp/hard\libgcc.a(_arm_cmpdf2.o)
                0x0000000008000a1c                __gtdf2
                0x0000000008000a1c                __gedf2
                0x0000000008000a24                __ltdf2
                0x0000000008000a24                __ledf2
                0x0000000008000a2c                __nedf2
                0x0000000008000a2c                __eqdf2
                0x0000000008000a2c                __cmpdf2
                0x0000000008000aa8                __aeabi_cdrcmple
                0x0000000008000ab8                __aeabi_cdcmpeq
                0x0000000008000ab8                __aeabi_cdcmple
                0x0000000008000ac8                __aeabi_dcmpeq
                0x0000000008000adc                __aeabi_dcmplt
                0x0000000008000af0                __aeabi_dcmple
                0x0000000008000b04                __aeabi_dcmpge
                0x0000000008000b18                __aeabi_dcmpgt
 .text          0x0000000008000b2c       0x2c c:/st/stm32cubeide_1.0.2/stm32cubeide/plugins/com.st.stm32cube.ide.mcu.externaltools.gnu-tools-for-stm32.9-2020-q2-update.win32_1.5.0.202011040924/tools/bin/../lib/gcc/arm-none-eabi/9.3.1/thumb/v7e-m+fp/hard\libgcc.a(_arm_unorddf2.o)
                0x0000000008000b2c                __unorddf2
                0x0000000008000b2c                __aeabi_dcmpun
 .text          0x0000000008000b58       0x50 c:/st/stm32cubeide_1.0.2/stm32cubeide/plugins/com.st.stm32cube.ide.mcu.externaltools.gnu-tools-for-stm32.9-2020-q2-update.win32_1.5.0.202011040924/tools/bin/../lib/gcc/arm-none-eabi/9.3.1/thumb/v7e-m+fp/hard\libgcc.a(_arm_fixdfsi.o)
                0x0000000008000b58                __aeabi_d2iz
                0x0000000008000b58                __fixdfsi
 .text          0x0000000008000ba8       0xa0 c:/st/stm32cubeide_1.0.2/stm32cubeide/plugins/com.st.stm32cube.ide.mcu.externaltools.gnu-tools-for-stm32.9-2020-q2-update.win32_1.5.0.202011040924/tools/bin/../lib/gcc/arm-none-eabi/9.3.1/thumb/v7e-m+fp/hard\libgcc.a(_arm_truncdfsf2.o)
                0x0000000008000ba8                __truncdfsf2
                0x0000000008000ba8                __aeabi_d2f
 .text          0x0000000008000c48       0x30 c:/st/stm32cubeide_1.0.2/stm32cubeide/plugins/com.st.stm32cube.ide.mcu.externaltools.gnu-tools-for-stm32.9-2020-q2-update.win32_1.5.0.202011040924/tools/bin/../lib/gcc/arm-none-eabi/9.3.1/thumb/v7e-m+fp/hard\libgcc.a(_aeabi_uldivmod.o)
                0x0000000008000c48                __aeabi_uldivmod
 .text          0x0000000008000c78      0x2c4 c:/st/stm32cubeide_1.0.2/stm32cubeide/plugins/com.st.stm32cube.ide.mcu.externaltools.gnu-tools-for-stm32.9-2020-q2-update.win32_1.5.0.202011040924/tools/bin/../lib/gcc/arm-none-eabi/9.3.1/thumb/v7e-m+fp/hard\libgcc.a(_udivmoddi4.o)
                0x0000000008000c78                __udivmoddi4
 .text          0x0000000008000f3c        0x4 c:/st/stm32cubeide_1.0.2/stm32cubeide/plugins/com.st.stm32cube.ide.mcu.externaltools.gnu-tools-for-stm32.9-2020-q2-update.win32_1.5.0.202011040924/tools/bin/../lib/gcc/arm-none-eabi/9.3.1/thumb/v7e-m+fp/hard\libgcc.a(_dvmd_tls.o)
                0x0000000008000f3c                __aeabi_idiv0
                0x0000000008000f3c                __aeabi_ldiv0
 *(.text*)
 .text.callbackTIM
                0x0000000008000f40       0x74 Core/Src/Controller/callback.o
                0x0000000008000f40                callbackTIM
 .text.printMode
                0x0000000008000fb4      0x140 Core/Src/Controller/mode.o
                0x0000000008000fb4                printMode
 .text.modeSelect
                0x00000000080010f4      0x128 Core/Src/Controller/mode.o
                0x00000000080010f4                modeSelect
 .text.waitStarting
                0x000000000800121c       0x78 Core/Src/Controller/mode.o
                0x000000000800121c                waitStarting
 .text.judgeFailSafe
                0x0000000008001294       0xb8 Core/Src/Controller/mode.o
                0x0000000008001294                judgeFailSafe
 .text.errorFunctions
                0x000000000800134c       0x8c Core/Src/Controller/mode.o
                0x000000000800134c                errorFunctions
 .text.rotateSafteyR180
                0x00000000080013d8       0x3c Core/Src/Controller/search.o
                0x00000000080013d8                rotateSafteyR180
 .text.prepareStateForSearching
                0x0000000008001414       0x60 Core/Src/Controller/search.o
                0x0000000008001414                prepareStateForSearching
 .text.searchMazeBySlalom
                0x0000000008001474      0x1fc Core/Src/Controller/search.o
                0x0000000008001474                searchMazeBySlalom
 .text.CheckGoal
                0x0000000008001670       0xe8 Core/Src/Controller/search.o
                0x0000000008001670                CheckGoal
 .text.calculateSensorError
                0x0000000008001758      0x264 Core/Src/Controller/state.o
                0x0000000008001758                calculateSensorError
 .text.calculatePID
                0x00000000080019bc      0x118 Core/Src/Controller/state.o
                0x00000000080019bc                calculatePID
 .text.calculateTargetVelocity
                0x0000000008001ad4       0xbc Core/Src/Controller/state.o
                0x0000000008001ad4                calculateTargetVelocity
 .text.calculateTagetOmega
                0x0000000008001b90       0xbc Core/Src/Controller/state.o
                0x0000000008001b90                calculateTagetOmega
 .text.fixTargetOmegaFromWallSensor
                0x0000000008001c4c      0x150 Core/Src/Controller/state.o
                0x0000000008001c4c                fixTargetOmegaFromWallSensor
 .text.setStatus
                0x0000000008001d9c       0x80 Core/Src/Controller/state.o
                0x0000000008001d9c                setStatus
 .text.setTurnParams
                0x0000000008001e1c       0x76 Core/Src/Controller/state.o
                0x0000000008001e1c                setTurnParams
 .text.setParameters
                0x0000000008001e92       0x4e Core/Src/Controller/state.o
                0x0000000008001e92                setParameters
 .text.initMouseStatus
                0x0000000008001ee0      0x704 Core/Src/Controller/state.o
                0x0000000008001ee0                initMouseStatus
 .text.updateStatus
                0x00000000080025e4      0x324 Core/Src/Controller/state.o
                0x00000000080025e4                updateStatus
 .text.prepareForTest
                0x0000000008002908       0x60 Core/Src/Controller/test.o
                0x0000000008002908                prepareForTest
 .text.testWallSensors
                0x0000000008002968       0x60 Core/Src/Controller/test.o
                0x0000000008002968                testWallSensors
 .text.testEncoders
                0x00000000080029c8       0x64 Core/Src/Controller/test.o
                0x00000000080029c8                testEncoders
 .text.testIMU  0x0000000008002a2c       0x34 Core/Src/Controller/test.o
                0x0000000008002a2c                testIMU
 .text.testMotions
                0x0000000008002a60      0x3f8 Core/Src/Controller/test.o
                0x0000000008002a60                testMotions
 .text.LL_SPI_Enable
                0x0000000008002e58       0x20 Core/Src/Hardware/ICM20689.o
 .text.LL_SPI_IsEnabled
                0x0000000008002e78       0x26 Core/Src/Hardware/ICM20689.o
 .text.LL_SPI_IsActiveFlag_RXNE
                0x0000000008002e9e       0x26 Core/Src/Hardware/ICM20689.o
 .text.LL_SPI_IsActiveFlag_TXE
                0x0000000008002ec4       0x26 Core/Src/Hardware/ICM20689.o
 .text.LL_SPI_ReceiveData8
                0x0000000008002eea       0x1a Core/Src/Hardware/ICM20689.o
 .text.LL_SPI_TransmitData8
                0x0000000008002f04       0x24 Core/Src/Hardware/ICM20689.o
 .text.LL_GPIO_SetOutputPin
                0x0000000008002f28       0x1c Core/Src/Hardware/ICM20689.o
 .text.LL_GPIO_ResetOutputPin
                0x0000000008002f44       0x1e Core/Src/Hardware/ICM20689.o
 *fill*         0x0000000008002f62        0x2 
 .text.SPI_Control
                0x0000000008002f64       0x9c Core/Src/Hardware/ICM20689.o
                0x0000000008002f64                SPI_Control
 .text.readByte
                0x0000000008003000       0x38 Core/Src/Hardware/ICM20689.o
                0x0000000008003000                readByte
 .text.writeByte
                0x0000000008003038       0x3c Core/Src/Hardware/ICM20689.o
                0x0000000008003038                writeByte
 .text.initIMU  0x0000000008003074       0xb0 Core/Src/Hardware/ICM20689.o
                0x0000000008003074                initIMU
 .text.readGyroOmegaZ
                0x0000000008003124       0x4c Core/Src/Hardware/ICM20689.o
                0x0000000008003124                readGyroOmegaZ
 .text.readGyroAccelX
                0x0000000008003170       0x4c Core/Src/Hardware/ICM20689.o
                0x0000000008003170                readGyroAccelX
 .text.LL_TIM_EnableCounter
                0x00000000080031bc       0x20 Core/Src/Hardware/basic_timer.o
 .text.LL_TIM_DisableCounter
                0x00000000080031dc       0x20 Core/Src/Hardware/basic_timer.o
 .text.LL_TIM_EnableIT_UPDATE
                0x00000000080031fc       0x20 Core/Src/Hardware/basic_timer.o
 .text.LL_TIM_DisableIT_UPDATE
                0x000000000800321c       0x20 Core/Src/Hardware/basic_timer.o
 .text.basicTimerStart
                0x000000000800323c       0x18 Core/Src/Hardware/basic_timer.o
                0x000000000800323c                basicTimerStart
 .text.basicTimerPause
                0x0000000008003254       0x18 Core/Src/Hardware/basic_timer.o
                0x0000000008003254                basicTimerPause
 .text.waitMs   0x000000000800326c       0x1a Core/Src/Hardware/basic_timer.o
                0x000000000800326c                waitMs
 *fill*         0x0000000008003286        0x2 
 .text.waitUs   0x0000000008003288       0x54 Core/Src/Hardware/basic_timer.o
                0x0000000008003288                waitUs
 .text.readBatteryCheck
                0x00000000080032dc       0x28 Core/Src/Hardware/battery.o
                0x00000000080032dc                readBatteryCheck
 .text.LL_TIM_EnableCounter
                0x0000000008003304       0x20 Core/Src/Hardware/buzzer.o
 .text.LL_TIM_SetCounter
                0x0000000008003324       0x1c Core/Src/Hardware/buzzer.o
 .text.LL_TIM_SetAutoReload
                0x0000000008003340       0x1c Core/Src/Hardware/buzzer.o
 .text.LL_TIM_CC_EnableChannel
                0x000000000800335c       0x22 Core/Src/Hardware/buzzer.o
 .text.LL_TIM_OC_SetCompareCH4
                0x000000000800337e       0x1c Core/Src/Hardware/buzzer.o
 .text.LL_TIM_EnableAllOutputs
                0x000000000800339a       0x20 Core/Src/Hardware/buzzer.o
 *fill*         0x00000000080033ba        0x2 
 .text.enableMelody
                0x00000000080033bc       0x24 Core/Src/Hardware/buzzer.o
                0x00000000080033bc                enableMelody
 .text.stopMelody
                0x00000000080033e0       0x14 Core/Src/Hardware/buzzer.o
                0x00000000080033e0                stopMelody
 .text.Melody   0x00000000080033f4       0x58 Core/Src/Hardware/buzzer.o
                0x00000000080033f4                Melody
 .text.LL_TIM_EnableCounter
                0x000000000800344c       0x20 Core/Src/Hardware/encoder.o
 .text.LL_TIM_DisableCounter
                0x000000000800346c       0x20 Core/Src/Hardware/encoder.o
 .text.enableEncoder
                0x000000000800348c       0x28 Core/Src/Hardware/encoder.o
                0x000000000800348c                enableEncoder
 .text.disableEncoder
                0x00000000080034b4       0x1c Core/Src/Hardware/encoder.o
                0x00000000080034b4                disableEncoder
 .text.getEncoderData
                0x00000000080034d0       0x64 Core/Src/Hardware/encoder.o
                0x00000000080034d0                getEncoderData
 .text.FLASH_Lock
                0x0000000008003534       0x20 Core/Src/Hardware/flash.o
 .text.FLASH_Unlock
                0x0000000008003554       0x28 Core/Src/Hardware/flash.o
 .text.FLASH_WaitBusy
                0x000000000800357c       0x24 Core/Src/Hardware/flash.o
                0x000000000800357c                FLASH_WaitBusy
 .text.FLASH_WriteByte
                0x00000000080035a0       0x50 Core/Src/Hardware/flash.o
                0x00000000080035a0                FLASH_WriteByte
 .text.FLASH_WriteData
                0x00000000080035f0       0x34 Core/Src/Hardware/flash.o
                0x00000000080035f0                FLASH_WriteData
 .text.FLASH_ReadData
                0x0000000008003624       0x24 Core/Src/Hardware/flash.o
                0x0000000008003624                FLASH_ReadData
 .text.FLASH_Erase
                0x0000000008003648       0x3c Core/Src/Hardware/flash.o
                0x0000000008003648                FLASH_Erase
 .text.setLED1State
                0x0000000008003684       0x34 Core/Src/Hardware/interface_LED.o
                0x0000000008003684                setLED1State
 .text.setLED2State
                0x00000000080036b8       0x34 Core/Src/Hardware/interface_LED.o
                0x00000000080036b8                setLED2State
 .text.setLED3State
                0x00000000080036ec       0x34 Core/Src/Hardware/interface_LED.o
                0x00000000080036ec                setLED3State
 .text.setLED4State
                0x0000000008003720       0x30 Core/Src/Hardware/interface_LED.o
                0x0000000008003720                setLED4State
 .text.setLED5State
                0x0000000008003750       0x30 Core/Src/Hardware/interface_LED.o
                0x0000000008003750                setLED5State
 .text.displayBinaryValueWithLEDs
                0x0000000008003780       0x58 Core/Src/Hardware/interface_LED.o
                0x0000000008003780                displayBinaryValueWithLEDs
 .text.LL_TIM_EnableCounter
                0x00000000080037d8       0x20 Core/Src/Hardware/motor.o
 .text.LL_TIM_DisableCounter
                0x00000000080037f8       0x20 Core/Src/Hardware/motor.o
 .text.LL_TIM_SetCounter
                0x0000000008003818       0x1c Core/Src/Hardware/motor.o
 .text.LL_TIM_CC_EnableChannel
                0x0000000008003834       0x22 Core/Src/Hardware/motor.o
 .text.LL_TIM_CC_DisableChannel
                0x0000000008003856       0x24 Core/Src/Hardware/motor.o
 .text.LL_TIM_OC_SetCompareCH1
                0x000000000800387a       0x1c Core/Src/Hardware/motor.o
 .text.LL_TIM_OC_SetCompareCH2
                0x0000000008003896       0x1c Core/Src/Hardware/motor.o
 .text.LL_TIM_EnableAllOutputs
                0x00000000080038b2       0x20 Core/Src/Hardware/motor.o
 .text.LL_GPIO_SetOutputPin
                0x00000000080038d2       0x1c Core/Src/Hardware/motor.o
 .text.LL_GPIO_ResetOutputPin
                0x00000000080038ee       0x1e Core/Src/Hardware/motor.o
 .text.setMotorDriverState
                0x000000000800390c       0x3c Core/Src/Hardware/motor.o
                0x000000000800390c                setMotorDriverState
 .text.enableMotors
                0x0000000008003948       0x90 Core/Src/Hardware/motor.o
                0x0000000008003948                enableMotors
 .text.setMotorDirection
                0x00000000080039d8       0x80 Core/Src/Hardware/motor.o
                0x00000000080039d8                setMotorDirection
 .text.dutyConverter
                0x0000000008003a58       0x6c Core/Src/Hardware/motor.o
                0x0000000008003a58                dutyConverter
 .text.driveMotors
                0x0000000008003ac4       0xa4 Core/Src/Hardware/motor.o
                0x0000000008003ac4                driveMotors
 .text.shutdownMotors
                0x0000000008003b68       0x44 Core/Src/Hardware/motor.o
                0x0000000008003b68                shutdownMotors
 .text.LL_ADC_DMA_GetRegAddr
                0x0000000008003bac       0x34 Core/Src/Hardware/wall_sensor.o
 .text.LL_ADC_Enable
                0x0000000008003be0       0x20 Core/Src/Hardware/wall_sensor.o
 .text.LL_ADC_REG_StartConversionSWStart
                0x0000000008003c00       0x20 Core/Src/Hardware/wall_sensor.o
 .text.LL_ADC_ClearFlag_EOCS
                0x0000000008003c20       0x1c Core/Src/Hardware/wall_sensor.o
 .text.LL_DMA_EnableStream
                0x0000000008003c3c       0x40 Core/Src/Hardware/wall_sensor.o
 .text.LL_DMA_DisableStream
                0x0000000008003c7c       0x40 Core/Src/Hardware/wall_sensor.o
 .text.LL_DMA_SetDataLength
                0x0000000008003cbc       0x48 Core/Src/Hardware/wall_sensor.o
 .text.LL_DMA_ConfigAddresses
                0x0000000008003d04       0x78 Core/Src/Hardware/wall_sensor.o
 .text.LL_DMA_EnableIT_TC
                0x0000000008003d7c       0x40 Core/Src/Hardware/wall_sensor.o
 .text.ADC1_Start_DMA2
                0x0000000008003dbc       0x54 Core/Src/Hardware/wall_sensor.o
                0x0000000008003dbc                ADC1_Start_DMA2
 .text.changeFrontCenterLED
                0x0000000008003e10       0x30 Core/Src/Hardware/wall_sensor.o
                0x0000000008003e10                changeFrontCenterLED
 .text.changeFrontRightLED
                0x0000000008003e40       0x30 Core/Src/Hardware/wall_sensor.o
                0x0000000008003e40                changeFrontRightLED
 .text.changeFrontLeftLED
                0x0000000008003e70       0x30 Core/Src/Hardware/wall_sensor.o
                0x0000000008003e70                changeFrontLeftLED
 .text.changeRightLED
                0x0000000008003ea0       0x30 Core/Src/Hardware/wall_sensor.o
                0x0000000008003ea0                changeRightLED
 .text.changeLeftLED
                0x0000000008003ed0       0x30 Core/Src/Hardware/wall_sensor.o
                0x0000000008003ed0                changeLeftLED
 .text.changeLEDs
                0x0000000008003f00       0x6c Core/Src/Hardware/wall_sensor.o
                0x0000000008003f00                changeLEDs
 .text.getWallADC
                0x0000000008003f6c       0x24 Core/Src/Hardware/wall_sensor.o
                0x0000000008003f6c                getWallADC
 .text.startADCwithDMA
                0x0000000008003f90       0x24 Core/Src/Hardware/wall_sensor.o
                0x0000000008003f90                startADCwithDMA
 .text.DMA_CallbackTask
                0x0000000008003fb4       0x18 Core/Src/Hardware/wall_sensor.o
                0x0000000008003fb4                DMA_CallbackTask
 .text.setControlFlags
                0x0000000008003fcc       0x74 Core/Src/System/flags.o
                0x0000000008003fcc                setControlFlags
 .text.setAccelFlags
                0x0000000008004040       0x74 Core/Src/System/flags.o
                0x0000000008004040                setAccelFlags
 .text.storeLog
                0x00000000080040b4      0x15c Core/Src/System/log.o
                0x00000000080040b4                storeLog
 .text.ConvertMapIntoWall
                0x0000000008004210       0xbc Core/Src/System/map.o
                0x0000000008004210                ConvertMapIntoWall
 .text.PrintWallData
                0x00000000080042cc      0x138 Core/Src/System/map.o
                0x00000000080042cc                PrintWallData
 .text.deleteWallMap
                0x0000000008004404       0xe4 Core/Src/System/map.o
                0x0000000008004404                deleteWallMap
 .text.updateWallMap
                0x00000000080044e8      0x244 Core/Src/System/map.o
                0x00000000080044e8                updateWallMap
 .text.makeStepMap
                0x000000000800472c      0x264 Core/Src/System/map.o
                0x000000000800472c                makeStepMap
 .text.makeRouteESNW
                0x0000000008004990      0x254 Core/Src/System/map.o
                0x0000000008004990                makeRouteESNW
 .text.makeRouteNESW
                0x0000000008004be4      0x254 Core/Src/System/map.o
                0x0000000008004be4                makeRouteNESW
 .text.confRoute
                0x0000000008004e38       0x60 Core/Src/System/map.o
                0x0000000008004e38                confRoute
 .text.advancePosition
                0x0000000008004e98       0x6c Core/Src/System/map.o
                0x0000000008004e98                advancePosition
 .text.changeDirection
                0x0000000008004f04       0x38 Core/Src/System/map.o
                0x0000000008004f04                changeDirection
 .text.setMapStruct
                0x0000000008004f3c       0x52 Core/Src/System/map.o
                0x0000000008004f3c                setMapStruct
 *fill*         0x0000000008004f8e        0x2 
 .text.prepareMapForSearch
                0x0000000008004f90       0x74 Core/Src/System/map.o
                0x0000000008004f90                prepareMapForSearch
 .text.saveWallMap
                0x0000000008005004       0x60 Core/Src/System/map.o
                0x0000000008005004                saveWallMap
 .text.loadWallMap
                0x0000000008005064       0x5c Core/Src/System/map.o
                0x0000000008005064                loadWallMap
 .text.driveAccelMotion
                0x00000000080050c0      0x1bc Core/Src/System/motion.o
                0x00000000080050c0                driveAccelMotion
 .text.driveTrapezoidal
                0x000000000800527c      0x220 Core/Src/System/motion.o
                0x000000000800527c                driveTrapezoidal
 *fill*         0x000000000800549c        0x4 
 .text.driveSlalomFree
                0x00000000080054a0      0x1ec Core/Src/System/motion.o
                0x00000000080054a0                driveSlalomFree
 .text.spinMotion
                0x000000000800568c      0x1c4 Core/Src/System/motion.o
                0x000000000800568c                spinMotion
 .text.slalomMotion
                0x0000000008005850      0x1fc Core/Src/System/motion.o
                0x0000000008005850                slalomMotion
 .text.moveHalfSectionAccel
                0x0000000008005a4c       0x50 Core/Src/System/motion.o
                0x0000000008005a4c                moveHalfSectionAccel
 .text.moveHalfSectionDecel
                0x0000000008005a9c       0x2c Core/Src/System/motion.o
                0x0000000008005a9c                moveHalfSectionDecel
 .text.moveOneSectionAccel
                0x0000000008005ac8       0x3c Core/Src/System/motion.o
                0x0000000008005ac8                moveOneSectionAccel
 .text.keepDistanceFromWall
                0x0000000008005b04       0x40 Core/Src/System/motion.o
                0x0000000008005b04                keepDistanceFromWall
 .text.spinRight180
                0x0000000008005b44       0x1c Core/Src/System/motion.o
                0x0000000008005b44                spinRight180
 .text.moveSlalomR90
                0x0000000008005b60       0x9c Core/Src/System/motion.o
                0x0000000008005b60                moveSlalomR90
 .text.moveSlalomL90
                0x0000000008005bfc       0x9c Core/Src/System/motion.o
                0x0000000008005bfc                moveSlalomL90
 .text.backMotion
                0x0000000008005c98      0x10c Core/Src/System/motion.o
                0x0000000008005c98                backMotion
 .text.moveBigSlalomR90
                0x0000000008005da4       0x94 Core/Src/System/motion.o
                0x0000000008005da4                moveBigSlalomR90
 .text.moveBigSlalomL90
                0x0000000008005e38       0x94 Core/Src/System/motion.o
                0x0000000008005e38                moveBigSlalomL90
 .text.moveBigSlalomR180
                0x0000000008005ecc       0x94 Core/Src/System/motion.o
                0x0000000008005ecc                moveBigSlalomR180
 .text.moveBigSlalomL180
                0x0000000008005f60       0x94 Core/Src/System/motion.o
                0x0000000008005f60                moveBigSlalomL180
 .text.MelodySummer
                0x0000000008005ff4       0x5a Core/Src/System/music.o
                0x0000000008005ff4                MelodySummer
 .text.MelodyRayearth
                0x000000000800604e       0x46 Core/Src/System/music.o
                0x000000000800604e                MelodyRayearth
 .text.MelodyGoal
                0x0000000008006094       0x2c Core/Src/System/music.o
                0x0000000008006094                MelodyGoal
 .text.MelodyUrara
                0x00000000080060c0       0x94 Core/Src/System/music.o
                0x00000000080060c0                MelodyUrara
 .text.MelodyMrLawrence
                0x0000000008006154       0xb0 Core/Src/System/music.o
                0x0000000008006154                MelodyMrLawrence
 .text.MelodyNatsumatsuri
                0x0000000008006204       0x58 Core/Src/System/music.o
                0x0000000008006204                MelodyNatsumatsuri
 .text.MelodyKurenai
                0x000000000800625c       0x76 Core/Src/System/music.o
                0x000000000800625c                MelodyKurenai
 .text.MelodyYamato
                0x00000000080062d2       0x64 Core/Src/System/music.o
                0x00000000080062d2                MelodyYamato
 *fill*         0x0000000008006336        0x2 
 .text.ReadPass
                0x0000000008006338      0x198 Core/Src/System/route.o
                0x0000000008006338                ReadPass
 .text.MakePass
                0x00000000080064d0      0x440 Core/Src/System/route.o
                0x00000000080064d0                MakePass
 .text.ShowPass
                0x0000000008006910       0x90 Core/Src/System/route.o
                0x0000000008006910                ShowPass
 .text.getEncoderVelocity
                0x00000000080069a0       0x30 Core/Src/System/sensing.o
                0x00000000080069a0                getEncoderVelocity
 .text.getCenterMileage
                0x00000000080069d0       0xb4 Core/Src/System/sensing.o
                0x00000000080069d0                getCenterMileage
 .text.addAngle
                0x0000000008006a84       0x38 Core/Src/System/sensing.o
                0x0000000008006a84                addAngle
 .text.getCenterVelocity
                0x0000000008006abc       0x3c Core/Src/System/sensing.o
                0x0000000008006abc                getCenterVelocity
 .text.getOmega
                0x0000000008006af8       0x1c Core/Src/System/sensing.o
                0x0000000008006af8                getOmega
 .text.getAccel
                0x0000000008006b14       0xcc Core/Src/System/sensing.o
                0x0000000008006b14                getAccel
 .text.getWallSensorOffset
                0x0000000008006be0       0x7c Core/Src/System/sensing.o
                0x0000000008006be0                getWallSensorOffset
 .text.getWallSensor
                0x0000000008006c5c       0x94 Core/Src/System/sensing.o
                0x0000000008006c5c                getWallSensor
 .text.getOmegaOffset
                0x0000000008006cf0       0x68 Core/Src/System/sensing.o
                0x0000000008006cf0                getOmegaOffset
 .text.getAccelOffset
                0x0000000008006d58       0x68 Core/Src/System/sensing.o
                0x0000000008006d58                getAccelOffset
 .text.getWallInfo
                0x0000000008006dc0       0x54 Core/Src/System/sensing.o
                0x0000000008006dc0                getWallInfo
 .text.filterWallSensors
                0x0000000008006e14      0x108 Core/Src/System/sensing.o
                0x0000000008006e14                filterWallSensors
 .text.initSensors
                0x0000000008006f1c       0x24 Core/Src/System/sensing.o
                0x0000000008006f1c                initSensors
 .text.updateSensors
                0x0000000008006f40       0xc0 Core/Src/System/sensing.o
                0x0000000008006f40                updateSensors
 .text.getOffsets
                0x0000000008007000       0x30 Core/Src/System/sensing.o
                0x0000000008007000                getOffsets
 .text.checkFrontWall
                0x0000000008007030       0x58 Core/Src/System/sensing.o
                0x0000000008007030                checkFrontWall
 .text.LL_ADC_REG_SetSequencerRanks
                0x0000000008007088       0x6c Core/Src/adc.o
 .text.LL_ADC_REG_SetFlagEndOfConversion
                0x00000000080070f4       0x26 Core/Src/adc.o
 .text.LL_ADC_SetChannelSamplingTime
                0x000000000800711a       0x98 Core/Src/adc.o
 *fill*         0x00000000080071b2        0x2 
 .text.LL_DMA_SetDataTransferDirection
                0x00000000080071b4       0x48 Core/Src/adc.o
 .text.LL_DMA_SetMode
                0x00000000080071fc       0x48 Core/Src/adc.o
 .text.LL_DMA_SetPeriphIncMode
                0x0000000008007244       0x48 Core/Src/adc.o
 .text.LL_DMA_SetMemoryIncMode
                0x000000000800728c       0x48 Core/Src/adc.o
 .text.LL_DMA_SetPeriphSize
                0x00000000080072d4       0x48 Core/Src/adc.o
 .text.LL_DMA_SetMemorySize
                0x000000000800731c       0x48 Core/Src/adc.o
 .text.LL_DMA_SetStreamPriorityLevel
                0x0000000008007364       0x48 Core/Src/adc.o
 .text.LL_DMA_SetChannelSelection
                0x00000000080073ac       0x48 Core/Src/adc.o
 .text.LL_DMA_DisableFifoMode
                0x00000000080073f4       0x40 Core/Src/adc.o
 .text.LL_AHB1_GRP1_EnableClock
                0x0000000008007434       0x30 Core/Src/adc.o
 .text.LL_APB2_GRP1_EnableClock
                0x0000000008007464       0x30 Core/Src/adc.o
 .text.MX_ADC1_Init
                0x0000000008007494      0x1b8 Core/Src/adc.o
                0x0000000008007494                MX_ADC1_Init
 .text.__NVIC_GetPriorityGrouping
                0x000000000800764c       0x1c Core/Src/dma.o
 .text.__NVIC_EnableIRQ
                0x0000000008007668       0x3c Core/Src/dma.o
 .text.__NVIC_SetPriority
                0x00000000080076a4       0x54 Core/Src/dma.o
 .text.NVIC_EncodePriority
                0x00000000080076f8       0x66 Core/Src/dma.o
 *fill*         0x000000000800775e        0x2 
 .text.LL_AHB1_GRP1_EnableClock
                0x0000000008007760       0x30 Core/Src/dma.o
 .text.MX_DMA_Init
                0x0000000008007790       0x30 Core/Src/dma.o
                0x0000000008007790                MX_DMA_Init
 .text.LL_AHB1_GRP1_EnableClock
                0x00000000080077c0       0x30 Core/Src/gpio.o
 .text.LL_GPIO_ResetOutputPin
                0x00000000080077f0       0x1e Core/Src/gpio.o
 *fill*         0x000000000800780e        0x2 
 .text.MX_GPIO_Init
                0x0000000008007810      0x11c Core/Src/gpio.o
                0x0000000008007810                MX_GPIO_Init
 .text.__NVIC_SetPriorityGrouping
                0x000000000800792c       0x48 Core/Src/main.o
 .text.LL_RCC_HSI_Enable
                0x0000000008007974       0x20 Core/Src/main.o
 .text.LL_RCC_HSI_IsReady
                0x0000000008007994       0x24 Core/Src/main.o
 .text.LL_RCC_HSI_SetCalibTrimming
                0x00000000080079b8       0x2c Core/Src/main.o
 .text.LL_RCC_SetSysClkSource
                0x00000000080079e4       0x28 Core/Src/main.o
 .text.LL_RCC_GetSysClkSource
                0x0000000008007a0c       0x1c Core/Src/main.o
 .text.LL_RCC_SetAHBPrescaler
                0x0000000008007a28       0x28 Core/Src/main.o
 .text.LL_RCC_SetAPB1Prescaler
                0x0000000008007a50       0x28 Core/Src/main.o
 .text.LL_RCC_SetAPB2Prescaler
                0x0000000008007a78       0x28 Core/Src/main.o
 .text.LL_RCC_PLL_Enable
                0x0000000008007aa0       0x20 Core/Src/main.o
 .text.LL_RCC_PLL_IsReady
                0x0000000008007ac0       0x28 Core/Src/main.o
 .text.LL_RCC_PLL_ConfigDomain_SYS
                0x0000000008007ae8       0x4c Core/Src/main.o
 .text.LL_APB1_GRP1_EnableClock
                0x0000000008007b34       0x30 Core/Src/main.o
 .text.LL_APB2_GRP1_EnableClock
                0x0000000008007b64       0x30 Core/Src/main.o
 .text.LL_FLASH_SetLatency
                0x0000000008007b94       0x28 Core/Src/main.o
 .text.LL_FLASH_GetLatency
                0x0000000008007bbc       0x1c Core/Src/main.o
 .text.LL_PWR_SetRegulVoltageScaling
                0x0000000008007bd8       0x28 Core/Src/main.o
 .text.LL_USART_IsActiveFlag_TXE
                0x0000000008007c00       0x26 Core/Src/main.o
 .text.LL_USART_TransmitData8
                0x0000000008007c26       0x1e Core/Src/main.o
 .text.__io_putchar
                0x0000000008007c44       0x54 Core/Src/main.o
                0x0000000008007c44                __io_putchar
 .text.main     0x0000000008007c98      0x554 Core/Src/main.o
                0x0000000008007c98                main
 .text.SystemClock_Config
                0x00000000080081ec       0x8c Core/Src/main.o
                0x00000000080081ec                SystemClock_Config
 .text.LL_AHB1_GRP1_EnableClock
                0x0000000008008278       0x30 Core/Src/spi.o
 .text.LL_APB1_GRP1_EnableClock
                0x00000000080082a8       0x30 Core/Src/spi.o
 .text.LL_SPI_SetStandard
                0x00000000080082d8       0x26 Core/Src/spi.o
 *fill*         0x00000000080082fe        0x2 
 .text.MX_SPI3_Init
                0x0000000008008300       0xa8 Core/Src/spi.o
                0x0000000008008300                MX_SPI3_Init
 .text.LL_DMA_IsActiveFlag_TC0
                0x00000000080083a8       0x26 Core/Src/stm32f4xx_it.o
 .text.LL_DMA_ClearFlag_TC0
                0x00000000080083ce       0x1a Core/Src/stm32f4xx_it.o
 .text.LL_TIM_ClearFlag_UPDATE
                0x00000000080083e8       0x1c Core/Src/stm32f4xx_it.o
 .text.LL_TIM_IsActiveFlag_UPDATE
                0x0000000008008404       0x26 Core/Src/stm32f4xx_it.o
 .text.NMI_Handler
                0x000000000800842a        0x6 Core/Src/stm32f4xx_it.o
                0x000000000800842a                NMI_Handler
 .text.HardFault_Handler
                0x0000000008008430        0x6 Core/Src/stm32f4xx_it.o
                0x0000000008008430                HardFault_Handler
 .text.MemManage_Handler
                0x0000000008008436        0x6 Core/Src/stm32f4xx_it.o
                0x0000000008008436                MemManage_Handler
 .text.BusFault_Handler
                0x000000000800843c        0x6 Core/Src/stm32f4xx_it.o
                0x000000000800843c                BusFault_Handler
 .text.UsageFault_Handler
                0x0000000008008442        0x6 Core/Src/stm32f4xx_it.o
                0x0000000008008442                UsageFault_Handler
 .text.SVC_Handler
                0x0000000008008448        0xe Core/Src/stm32f4xx_it.o
                0x0000000008008448                SVC_Handler
 .text.DebugMon_Handler
                0x0000000008008456        0xe Core/Src/stm32f4xx_it.o
                0x0000000008008456                DebugMon_Handler
 .text.PendSV_Handler
                0x0000000008008464        0xe Core/Src/stm32f4xx_it.o
                0x0000000008008464                PendSV_Handler
 .text.SysTick_Handler
                0x0000000008008472        0xe Core/Src/stm32f4xx_it.o
                0x0000000008008472                SysTick_Handler
 .text.TIM5_IRQHandler
                0x0000000008008480       0x24 Core/Src/stm32f4xx_it.o
                0x0000000008008480                TIM5_IRQHandler
 .text.DMA2_Stream0_IRQHandler
                0x00000000080084a4       0x24 Core/Src/stm32f4xx_it.o
                0x00000000080084a4                DMA2_Stream0_IRQHandler
 .text._getpid  0x00000000080084c8       0x10 Core/Src/syscalls.o
                0x00000000080084c8                _getpid
 .text._kill    0x00000000080084d8       0x20 Core/Src/syscalls.o
                0x00000000080084d8                _kill
 .text._exit    0x00000000080084f8       0x14 Core/Src/syscalls.o
                0x00000000080084f8                _exit
 .text._read    0x000000000800850c       0x3a Core/Src/syscalls.o
                0x000000000800850c                _read
 .text._write   0x0000000008008546       0x38 Core/Src/syscalls.o
                0x0000000008008546                _write
 .text._close   0x000000000800857e       0x18 Core/Src/syscalls.o
                0x000000000800857e                _close
 .text._fstat   0x0000000008008596       0x20 Core/Src/syscalls.o
                0x0000000008008596                _fstat
 .text._isatty  0x00000000080085b6       0x16 Core/Src/syscalls.o
                0x00000000080085b6                _isatty
 .text._lseek   0x00000000080085cc       0x1a Core/Src/syscalls.o
                0x00000000080085cc                _lseek
 *fill*         0x00000000080085e6        0x2 
 .text._sbrk    0x00000000080085e8       0x6c Core/Src/sysmem.o
                0x00000000080085e8                _sbrk
 .text.SystemInit
                0x0000000008008654       0x2c Core/Src/system_stm32f4xx.o
                0x0000000008008654                SystemInit
 .text.__NVIC_GetPriorityGrouping
                0x0000000008008680       0x1c Core/Src/tim.o
 .text.__NVIC_EnableIRQ
                0x000000000800869c       0x3c Core/Src/tim.o
 .text.__NVIC_SetPriority
                0x00000000080086d8       0x54 Core/Src/tim.o
 .text.NVIC_EncodePriority
                0x000000000800872c       0x66 Core/Src/tim.o
 *fill*         0x0000000008008792        0x2 
 .text.LL_AHB1_GRP1_EnableClock
                0x0000000008008794       0x30 Core/Src/tim.o
 .text.LL_APB1_GRP1_EnableClock
                0x00000000080087c4       0x30 Core/Src/tim.o
 .text.LL_APB2_GRP1_EnableClock
                0x00000000080087f4       0x30 Core/Src/tim.o
 .text.LL_TIM_EnableARRPreload
                0x0000000008008824       0x20 Core/Src/tim.o
 .text.LL_TIM_DisableARRPreload
                0x0000000008008844       0x20 Core/Src/tim.o
 .text.LL_TIM_OC_DisableFast
                0x0000000008008864       0x8c Core/Src/tim.o
 .text.LL_TIM_OC_EnablePreload
                0x00000000080088f0       0x88 Core/Src/tim.o
 .text.LL_TIM_IC_SetActiveInput
                0x0000000008008978       0x9c Core/Src/tim.o
 .text.LL_TIM_IC_SetPrescaler
                0x0000000008008a14       0x9c Core/Src/tim.o
 .text.LL_TIM_IC_SetFilter
                0x0000000008008ab0       0x9c Core/Src/tim.o
 .text.LL_TIM_IC_SetPolarity
                0x0000000008008b4c       0x88 Core/Src/tim.o
 .text.LL_TIM_SetClockSource
                0x0000000008008bd4       0x2a Core/Src/tim.o
 .text.LL_TIM_SetEncoderMode
                0x0000000008008bfe       0x26 Core/Src/tim.o
 .text.LL_TIM_SetTriggerOutput
                0x0000000008008c24       0x26 Core/Src/tim.o
 .text.LL_TIM_DisableMasterSlaveMode
                0x0000000008008c4a       0x20 Core/Src/tim.o
 *fill*         0x0000000008008c6a        0x2 
 .text.MX_TIM1_Init
                0x0000000008008c6c      0x130 Core/Src/tim.o
                0x0000000008008c6c                MX_TIM1_Init
 .text.MX_TIM2_Init
                0x0000000008008d9c       0xe8 Core/Src/tim.o
                0x0000000008008d9c                MX_TIM2_Init
 .text.MX_TIM3_Init
                0x0000000008008e84       0xf4 Core/Src/tim.o
                0x0000000008008e84                MX_TIM3_Init
 .text.MX_TIM4_Init
                0x0000000008008f78       0xf4 Core/Src/tim.o
                0x0000000008008f78                MX_TIM4_Init
 .text.MX_TIM5_Init
                0x000000000800906c       0x80 Core/Src/tim.o
                0x000000000800906c                MX_TIM5_Init
 .text.MX_TIM6_Init
                0x00000000080090ec       0x54 Core/Src/tim.o
                0x00000000080090ec                MX_TIM6_Init
 .text.MX_TIM8_Init
                0x0000000008009140      0x134 Core/Src/tim.o
                0x0000000008009140                MX_TIM8_Init
 .text.MX_TIM11_Init
                0x0000000008009274       0xcc Core/Src/tim.o
                0x0000000008009274                MX_TIM11_Init
 .text.LL_AHB1_GRP1_EnableClock
                0x0000000008009340       0x30 Core/Src/usart.o
 .text.LL_APB2_GRP1_EnableClock
                0x0000000008009370       0x30 Core/Src/usart.o
 .text.LL_USART_Enable
                0x00000000080093a0       0x20 Core/Src/usart.o
 .text.LL_USART_ConfigAsyncMode
                0x00000000080093c0       0x2c Core/Src/usart.o
 .text.MX_USART1_UART_Init
                0x00000000080093ec       0xa0 Core/Src/usart.o
                0x00000000080093ec                MX_USART1_UART_Init
 .text.Reset_Handler
                0x000000000800948c       0x50 Core/Startup/startup_stm32f405rgtx.o
                0x000000000800948c                Reset_Handler
 .text.Default_Handler
                0x00000000080094dc        0x2 Core/Startup/startup_stm32f405rgtx.o
                0x00000000080094dc                RTC_Alarm_IRQHandler
                0x00000000080094dc                HASH_RNG_IRQHandler
                0x00000000080094dc                EXTI2_IRQHandler
                0x00000000080094dc                TIM8_CC_IRQHandler
                0x00000000080094dc                TIM1_CC_IRQHandler
                0x00000000080094dc                DMA2_Stream5_IRQHandler
                0x00000000080094dc                DMA1_Stream5_IRQHandler
                0x00000000080094dc                PVD_IRQHandler
                0x00000000080094dc                SDIO_IRQHandler
                0x00000000080094dc                TAMP_STAMP_IRQHandler
                0x00000000080094dc                CAN2_RX1_IRQHandler
                0x00000000080094dc                EXTI3_IRQHandler
                0x00000000080094dc                TIM8_TRG_COM_TIM14_IRQHandler
                0x00000000080094dc                TIM1_UP_TIM10_IRQHandler
                0x00000000080094dc                TIM8_UP_TIM13_IRQHandler
                0x00000000080094dc                I2C3_ER_IRQHandler
                0x00000000080094dc                EXTI0_IRQHandler
                0x00000000080094dc                I2C2_EV_IRQHandler
                0x00000000080094dc                DMA1_Stream2_IRQHandler
                0x00000000080094dc                CAN1_RX0_IRQHandler
                0x00000000080094dc                FPU_IRQHandler
                0x00000000080094dc                OTG_HS_WKUP_IRQHandler
                0x00000000080094dc                CAN2_SCE_IRQHandler
                0x00000000080094dc                DMA2_Stream2_IRQHandler
                0x00000000080094dc                SPI1_IRQHandler
                0x00000000080094dc                TIM6_DAC_IRQHandler
                0x00000000080094dc                TIM1_BRK_TIM9_IRQHandler
                0x00000000080094dc                CAN2_RX0_IRQHandler
                0x00000000080094dc                DMA2_Stream3_IRQHandler
                0x00000000080094dc                USART6_IRQHandler
                0x00000000080094dc                USART3_IRQHandler
                0x00000000080094dc                CAN1_RX1_IRQHandler
                0x00000000080094dc                UART5_IRQHandler
                0x00000000080094dc                TIM4_IRQHandler
                0x00000000080094dc                I2C1_EV_IRQHandler
                0x00000000080094dc                DMA1_Stream6_IRQHandler
                0x00000000080094dc                DMA1_Stream1_IRQHandler
                0x00000000080094dc                UART4_IRQHandler
                0x00000000080094dc                TIM3_IRQHandler
                0x00000000080094dc                RCC_IRQHandler
                0x00000000080094dc                TIM8_BRK_TIM12_IRQHandler
                0x00000000080094dc                Default_Handler
                0x00000000080094dc                EXTI15_10_IRQHandler
                0x00000000080094dc                ADC_IRQHandler
                0x00000000080094dc                DMA1_Stream7_IRQHandler
                0x00000000080094dc                TIM7_IRQHandler
                0x00000000080094dc                CAN2_TX_IRQHandler
                0x00000000080094dc                DMA2_Stream7_IRQHandler
                0x00000000080094dc                I2C3_EV_IRQHandler
                0x00000000080094dc                EXTI9_5_IRQHandler
                0x00000000080094dc                RTC_WKUP_IRQHandler
                0x00000000080094dc                SPI2_IRQHandler
                0x00000000080094dc                OTG_HS_EP1_IN_IRQHandler
                0x00000000080094dc                DMA1_Stream0_IRQHandler
                0x00000000080094dc                CAN1_TX_IRQHandler
                0x00000000080094dc                EXTI4_IRQHandler
                0x00000000080094dc                FSMC_IRQHandler
                0x00000000080094dc                OTG_HS_EP1_OUT_IRQHandler
                0x00000000080094dc                WWDG_IRQHandler
                0x00000000080094dc                TIM2_IRQHandler
                0x00000000080094dc                OTG_FS_WKUP_IRQHandler
                0x00000000080094dc                TIM1_TRG_COM_TIM11_IRQHandler
                0x00000000080094dc                OTG_HS_IRQHandler
                0x00000000080094dc                EXTI1_IRQHandler
                0x00000000080094dc                USART2_IRQHandler
                0x00000000080094dc                I2C2_ER_IRQHandler
                0x00000000080094dc                DMA2_Stream1_IRQHandler
                0x00000000080094dc                CAN1_SCE_IRQHandler
                0x00000000080094dc                FLASH_IRQHandler
                0x00000000080094dc                DMA2_Stream4_IRQHandler
                0x00000000080094dc                USART1_IRQHandler
                0x00000000080094dc                OTG_FS_IRQHandler
                0x00000000080094dc                SPI3_IRQHandler
                0x00000000080094dc                DMA1_Stream4_IRQHandler
                0x00000000080094dc                I2C1_ER_IRQHandler
                0x00000000080094dc                DMA2_Stream6_IRQHandler
                0x00000000080094dc                DMA1_Stream3_IRQHandler
 .text.LL_ADC_REG_SetSequencerLength
                0x00000000080094de       0x26 Drivers/STM32F4xx_HAL_Driver/Src/stm32f4xx_ll_adc.o
 .text.LL_ADC_IsEnabled
                0x0000000008009504       0x26 Drivers/STM32F4xx_HAL_Driver/Src/stm32f4xx_ll_adc.o
 *fill*         0x000000000800952a        0x2 
 .text.LL_ADC_CommonInit
                0x000000000800952c       0x90 Drivers/STM32F4xx_HAL_Driver/Src/stm32f4xx_ll_adc.o
                0x000000000800952c                LL_ADC_CommonInit
 .text.LL_ADC_Init
                0x00000000080095bc       0x58 Drivers/STM32F4xx_HAL_Driver/Src/stm32f4xx_ll_adc.o
                0x00000000080095bc                LL_ADC_Init
 .text.LL_ADC_REG_Init
                0x0000000008009614       0x84 Drivers/STM32F4xx_HAL_Driver/Src/stm32f4xx_ll_adc.o
                0x0000000008009614                LL_ADC_REG_Init
 .text.LL_GPIO_SetPinMode
                0x0000000008009698       0x5e Drivers/STM32F4xx_HAL_Driver/Src/stm32f4xx_ll_gpio.o
 .text.LL_GPIO_SetPinOutputType
                0x00000000080096f6       0x30 Drivers/STM32F4xx_HAL_Driver/Src/stm32f4xx_ll_gpio.o
 .text.LL_GPIO_SetPinSpeed
                0x0000000008009726       0x5e Drivers/STM32F4xx_HAL_Driver/Src/stm32f4xx_ll_gpio.o
 .text.LL_GPIO_SetPinPull
                0x0000000008009784       0x5e Drivers/STM32F4xx_HAL_Driver/Src/stm32f4xx_ll_gpio.o
 .text.LL_GPIO_SetAFPin_0_7
                0x00000000080097e2       0x5e Drivers/STM32F4xx_HAL_Driver/Src/stm32f4xx_ll_gpio.o
 .text.LL_GPIO_SetAFPin_8_15
                0x0000000008009840       0x62 Drivers/STM32F4xx_HAL_Driver/Src/stm32f4xx_ll_gpio.o
 .text.LL_GPIO_Init
                0x00000000080098a2       0xe6 Drivers/STM32F4xx_HAL_Driver/Src/stm32f4xx_ll_gpio.o
                0x00000000080098a2                LL_GPIO_Init
 .text.LL_RCC_GetSysClkSource
                0x0000000008009988       0x1c Drivers/STM32F4xx_HAL_Driver/Src/stm32f4xx_ll_rcc.o
 .text.LL_RCC_GetAHBPrescaler
                0x00000000080099a4       0x1c Drivers/STM32F4xx_HAL_Driver/Src/stm32f4xx_ll_rcc.o
 .text.LL_RCC_GetAPB1Prescaler
                0x00000000080099c0       0x1c Drivers/STM32F4xx_HAL_Driver/Src/stm32f4xx_ll_rcc.o
 .text.LL_RCC_GetAPB2Prescaler
                0x00000000080099dc       0x1c Drivers/STM32F4xx_HAL_Driver/Src/stm32f4xx_ll_rcc.o
 .text.LL_RCC_PLL_GetMainSource
                0x00000000080099f8       0x1c Drivers/STM32F4xx_HAL_Driver/Src/stm32f4xx_ll_rcc.o
 .text.LL_RCC_PLL_GetN
                0x0000000008009a14       0x1c Drivers/STM32F4xx_HAL_Driver/Src/stm32f4xx_ll_rcc.o
 .text.LL_RCC_PLL_GetP
                0x0000000008009a30       0x1c Drivers/STM32F4xx_HAL_Driver/Src/stm32f4xx_ll_rcc.o
 .text.LL_RCC_PLL_GetDivider
                0x0000000008009a4c       0x1c Drivers/STM32F4xx_HAL_Driver/Src/stm32f4xx_ll_rcc.o
 .text.LL_RCC_GetSystemClocksFreq
                0x0000000008009a68       0x4a Drivers/STM32F4xx_HAL_Driver/Src/stm32f4xx_ll_rcc.o
                0x0000000008009a68                LL_RCC_GetSystemClocksFreq
 *fill*         0x0000000008009ab2        0x2 
 .text.RCC_GetSystemClockFreq
                0x0000000008009ab4       0x50 Drivers/STM32F4xx_HAL_Driver/Src/stm32f4xx_ll_rcc.o
                0x0000000008009ab4                RCC_GetSystemClockFreq
 .text.RCC_GetHCLKClockFreq
                0x0000000008009b04       0x2c Drivers/STM32F4xx_HAL_Driver/Src/stm32f4xx_ll_rcc.o
                0x0000000008009b04                RCC_GetHCLKClockFreq
 .text.RCC_GetPCLK1ClockFreq
                0x0000000008009b30       0x28 Drivers/STM32F4xx_HAL_Driver/Src/stm32f4xx_ll_rcc.o
                0x0000000008009b30                RCC_GetPCLK1ClockFreq
 .text.RCC_GetPCLK2ClockFreq
                0x0000000008009b58       0x28 Drivers/STM32F4xx_HAL_Driver/Src/stm32f4xx_ll_rcc.o
                0x0000000008009b58                RCC_GetPCLK2ClockFreq
 .text.RCC_PLL_GetFreqDomain_SYS
                0x0000000008009b80       0x7c Drivers/STM32F4xx_HAL_Driver/Src/stm32f4xx_ll_rcc.o
                0x0000000008009b80                RCC_PLL_GetFreqDomain_SYS
 .text.LL_SPI_IsEnabled
                0x0000000008009bfc       0x26 Drivers/STM32F4xx_HAL_Driver/Src/stm32f4xx_ll_spi.o
 .text.LL_SPI_SetCRCPolynomial
                0x0000000008009c22       0x20 Drivers/STM32F4xx_HAL_Driver/Src/stm32f4xx_ll_spi.o
 .text.LL_SPI_Init
                0x0000000008009c42       0xa4 Drivers/STM32F4xx_HAL_Driver/Src/stm32f4xx_ll_spi.o
                0x0000000008009c42                LL_SPI_Init
 .text.LL_TIM_SetPrescaler
                0x0000000008009ce6       0x1c Drivers/STM32F4xx_HAL_Driver/Src/stm32f4xx_ll_tim.o
 .text.LL_TIM_SetAutoReload
                0x0000000008009d02       0x1c Drivers/STM32F4xx_HAL_Driver/Src/stm32f4xx_ll_tim.o
 .text.LL_TIM_SetRepetitionCounter
                0x0000000008009d1e       0x1c Drivers/STM32F4xx_HAL_Driver/Src/stm32f4xx_ll_tim.o
 .text.LL_TIM_OC_SetCompareCH1
                0x0000000008009d3a       0x1c Drivers/STM32F4xx_HAL_Driver/Src/stm32f4xx_ll_tim.o
 .text.LL_TIM_OC_SetCompareCH2
                0x0000000008009d56       0x1c Drivers/STM32F4xx_HAL_Driver/Src/stm32f4xx_ll_tim.o
 .text.LL_TIM_OC_SetCompareCH3
                0x0000000008009d72       0x1c Drivers/STM32F4xx_HAL_Driver/Src/stm32f4xx_ll_tim.o
 .text.LL_TIM_OC_SetCompareCH4
                0x0000000008009d8e       0x1c Drivers/STM32F4xx_HAL_Driver/Src/stm32f4xx_ll_tim.o
 .text.LL_TIM_GenerateEvent_UPDATE
                0x0000000008009daa       0x20 Drivers/STM32F4xx_HAL_Driver/Src/stm32f4xx_ll_tim.o
 *fill*         0x0000000008009dca        0x2 
 .text.LL_TIM_Init
                0x0000000008009dcc      0x134 Drivers/STM32F4xx_HAL_Driver/Src/stm32f4xx_ll_tim.o
                0x0000000008009dcc                LL_TIM_Init
 .text.LL_TIM_OC_Init
                0x0000000008009f00       0x82 Drivers/STM32F4xx_HAL_Driver/Src/stm32f4xx_ll_tim.o
                0x0000000008009f00                LL_TIM_OC_Init
 .text.LL_TIM_BDTR_Init
                0x0000000008009f82       0x92 Drivers/STM32F4xx_HAL_Driver/Src/stm32f4xx_ll_tim.o
                0x0000000008009f82                LL_TIM_BDTR_Init
 .text.OC1Config
                0x000000000800a014       0xd8 Drivers/STM32F4xx_HAL_Driver/Src/stm32f4xx_ll_tim.o
 .text.OC2Config
                0x000000000800a0ec       0xe0 Drivers/STM32F4xx_HAL_Driver/Src/stm32f4xx_ll_tim.o
 .text.OC3Config
                0x000000000800a1cc       0xe0 Drivers/STM32F4xx_HAL_Driver/Src/stm32f4xx_ll_tim.o
 .text.OC4Config
                0x000000000800a2ac       0xb0 Drivers/STM32F4xx_HAL_Driver/Src/stm32f4xx_ll_tim.o
 .text.LL_USART_IsEnabled
                0x000000000800a35c       0x28 Drivers/STM32F4xx_HAL_Driver/Src/stm32f4xx_ll_usart.o
 .text.LL_USART_SetStopBitsLength
                0x000000000800a384       0x26 Drivers/STM32F4xx_HAL_Driver/Src/stm32f4xx_ll_usart.o
 .text.LL_USART_SetHWFlowCtrl
                0x000000000800a3aa       0x26 Drivers/STM32F4xx_HAL_Driver/Src/stm32f4xx_ll_usart.o
 .text.LL_USART_SetBaudRate
                0x000000000800a3d0      0x320 Drivers/STM32F4xx_HAL_Driver/Src/stm32f4xx_ll_usart.o
 .text.LL_USART_Init
                0x000000000800a6f0      0x100 Drivers/STM32F4xx_HAL_Driver/Src/stm32f4xx_ll_usart.o
                0x000000000800a6f0                LL_USART_Init
 .text.LL_InitTick
                0x000000000800a7f0       0x34 Drivers/STM32F4xx_HAL_Driver/Src/stm32f4xx_ll_utils.o
 .text.LL_Init1msTick
                0x000000000800a824       0x1a Drivers/STM32F4xx_HAL_Driver/Src/stm32f4xx_ll_utils.o
                0x000000000800a824                LL_Init1msTick
 *fill*         0x000000000800a83e        0x2 
 .text.LL_mDelay
                0x000000000800a840       0x4c Drivers/STM32F4xx_HAL_Driver/Src/stm32f4xx_ll_utils.o
                0x000000000800a840                LL_mDelay
 .text.LL_SetSystemCoreClock
                0x000000000800a88c       0x20 Drivers/STM32F4xx_HAL_Driver/Src/stm32f4xx_ll_utils.o
                0x000000000800a88c                LL_SetSystemCoreClock
 .text.__errno  0x000000000800a8ac        0xc c:/st/stm32cubeide_1.0.2/stm32cubeide/plugins/com.st.stm32cube.ide.mcu.externaltools.gnu-tools-for-stm32.9-2020-q2-update.win32_1.5.0.202011040924/tools/bin/../lib/gcc/arm-none-eabi/9.3.1/../../../../arm-none-eabi/lib/thumb/v7e-m+fp/hard\libc_nano.a(lib_a-errno.o)
                0x000000000800a8ac                __errno
 .text.__libc_init_array
                0x000000000800a8b8       0x48 c:/st/stm32cubeide_1.0.2/stm32cubeide/plugins/com.st.stm32cube.ide.mcu.externaltools.gnu-tools-for-stm32.9-2020-q2-update.win32_1.5.0.202011040924/tools/bin/../lib/gcc/arm-none-eabi/9.3.1/../../../../arm-none-eabi/lib/thumb/v7e-m+fp/hard\libc_nano.a(lib_a-init.o)
                0x000000000800a8b8                __libc_init_array
 .text.memset   0x000000000800a900       0x10 c:/st/stm32cubeide_1.0.2/stm32cubeide/plugins/com.st.stm32cube.ide.mcu.externaltools.gnu-tools-for-stm32.9-2020-q2-update.win32_1.5.0.202011040924/tools/bin/../lib/gcc/arm-none-eabi/9.3.1/../../../../arm-none-eabi/lib/thumb/v7e-m+fp/hard\libc_nano.a(lib_a-memset.o)
                0x000000000800a900                memset
 .text.__cvt    0x000000000800a910       0xc4 c:/st/stm32cubeide_1.0.2/stm32cubeide/plugins/com.st.stm32cube.ide.mcu.externaltools.gnu-tools-for-stm32.9-2020-q2-update.win32_1.5.0.202011040924/tools/bin/../lib/gcc/arm-none-eabi/9.3.1/../../../../arm-none-eabi/lib/thumb/v7e-m+fp/hard\libc_nano.a(lib_a-nano-vfprintf_float.o)
                0x000000000800a910                __cvt
 .text.__exponent
                0x000000000800a9d4       0x7c c:/st/stm32cubeide_1.0.2/stm32cubeide/plugins/com.st.stm32cube.ide.mcu.externaltools.gnu-tools-for-stm32.9-2020-q2-update.win32_1.5.0.202011040924/tools/bin/../lib/gcc/arm-none-eabi/9.3.1/../../../../arm-none-eabi/lib/thumb/v7e-m+fp/hard\libc_nano.a(lib_a-nano-vfprintf_float.o)
                0x000000000800a9d4                __exponent
 .text._printf_float
                0x000000000800aa50      0x46c c:/st/stm32cubeide_1.0.2/stm32cubeide/plugins/com.st.stm32cube.ide.mcu.externaltools.gnu-tools-for-stm32.9-2020-q2-update.win32_1.5.0.202011040924/tools/bin/../lib/gcc/arm-none-eabi/9.3.1/../../../../arm-none-eabi/lib/thumb/v7e-m+fp/hard\libc_nano.a(lib_a-nano-vfprintf_float.o)
                0x000000000800aa50                _printf_float
 .text._printf_common
                0x000000000800aebc       0xda c:/st/stm32cubeide_1.0.2/stm32cubeide/plugins/com.st.stm32cube.ide.mcu.externaltools.gnu-tools-for-stm32.9-2020-q2-update.win32_1.5.0.202011040924/tools/bin/../lib/gcc/arm-none-eabi/9.3.1/../../../../arm-none-eabi/lib/thumb/v7e-m+fp/hard\libc_nano.a(lib_a-nano-vfprintf_i.o)
                0x000000000800aebc                _printf_common
 *fill*         0x000000000800af96        0x2 
 .text._printf_i
                0x000000000800af98      0x24c c:/st/stm32cubeide_1.0.2/stm32cubeide/plugins/com.st.stm32cube.ide.mcu.externaltools.gnu-tools-for-stm32.9-2020-q2-update.win32_1.5.0.202011040924/tools/bin/../lib/gcc/arm-none-eabi/9.3.1/../../../../arm-none-eabi/lib/thumb/v7e-m+fp/hard\libc_nano.a(lib_a-nano-vfprintf_i.o)
                0x000000000800af98                _printf_i
 .text.printf   0x000000000800b1e4       0x30 c:/st/stm32cubeide_1.0.2/stm32cubeide/plugins/com.st.stm32cube.ide.mcu.externaltools.gnu-tools-for-stm32.9-2020-q2-update.win32_1.5.0.202011040924/tools/bin/../lib/gcc/arm-none-eabi/9.3.1/../../../../arm-none-eabi/lib/thumb/v7e-m+fp/hard\libc_nano.a(lib_a-printf.o)
                0x000000000800b1e4                iprintf
                0x000000000800b1e4                printf
 .text.putchar  0x000000000800b214       0x2c c:/st/stm32cubeide_1.0.2/stm32cubeide/plugins/com.st.stm32cube.ide.mcu.externaltools.gnu-tools-for-stm32.9-2020-q2-update.win32_1.5.0.202011040924/tools/bin/../lib/gcc/arm-none-eabi/9.3.1/../../../../arm-none-eabi/lib/thumb/v7e-m+fp/hard\libc_nano.a(lib_a-putchar.o)
                0x000000000800b214                putchar
 .text._puts_r  0x000000000800b240       0xdc c:/st/stm32cubeide_1.0.2/stm32cubeide/plugins/com.st.stm32cube.ide.mcu.externaltools.gnu-tools-for-stm32.9-2020-q2-update.win32_1.5.0.202011040924/tools/bin/../lib/gcc/arm-none-eabi/9.3.1/../../../../arm-none-eabi/lib/thumb/v7e-m+fp/hard\libc_nano.a(lib_a-puts.o)
                0x000000000800b240                _puts_r
 .text.puts     0x000000000800b31c       0x10 c:/st/stm32cubeide_1.0.2/stm32cubeide/plugins/com.st.stm32cube.ide.mcu.externaltools.gnu-tools-for-stm32.9-2020-q2-update.win32_1.5.0.202011040924/tools/bin/../lib/gcc/arm-none-eabi/9.3.1/../../../../arm-none-eabi/lib/thumb/v7e-m+fp/hard\libc_nano.a(lib_a-puts.o)
                0x000000000800b31c                puts
 .text.setbuf   0x000000000800b32c       0x10 c:/st/stm32cubeide_1.0.2/stm32cubeide/plugins/com.st.stm32cube.ide.mcu.externaltools.gnu-tools-for-stm32.9-2020-q2-update.win32_1.5.0.202011040924/tools/bin/../lib/gcc/arm-none-eabi/9.3.1/../../../../arm-none-eabi/lib/thumb/v7e-m+fp/hard\libc_nano.a(lib_a-setbuf.o)
                0x000000000800b32c                setbuf
 .text.setvbuf  0x000000000800b33c      0x18c c:/st/stm32cubeide_1.0.2/stm32cubeide/plugins/com.st.stm32cube.ide.mcu.externaltools.gnu-tools-for-stm32.9-2020-q2-update.win32_1.5.0.202011040924/tools/bin/../lib/gcc/arm-none-eabi/9.3.1/../../../../arm-none-eabi/lib/thumb/v7e-m+fp/hard\libc_nano.a(lib_a-setvbuf.o)
                0x000000000800b33c                setvbuf
 .text.__swbuf_r
                0x000000000800b4c8       0xa4 c:/st/stm32cubeide_1.0.2/stm32cubeide/plugins/com.st.stm32cube.ide.mcu.externaltools.gnu-tools-for-stm32.9-2020-q2-update.win32_1.5.0.202011040924/tools/bin/../lib/gcc/arm-none-eabi/9.3.1/../../../../arm-none-eabi/lib/thumb/v7e-m+fp/hard\libc_nano.a(lib_a-wbuf.o)
                0x000000000800b4c8                __swbuf_r
 .text.__swsetup_r
                0x000000000800b56c       0xdc c:/st/stm32cubeide_1.0.2/stm32cubeide/plugins/com.st.stm32cube.ide.mcu.externaltools.gnu-tools-for-stm32.9-2020-q2-update.win32_1.5.0.202011040924/tools/bin/../lib/gcc/arm-none-eabi/9.3.1/../../../../arm-none-eabi/lib/thumb/v7e-m+fp/hard\libc_nano.a(lib_a-wsetup.o)
                0x000000000800b56c                __swsetup_r
 .text.quorem   0x000000000800b648      0x116 c:/st/stm32cubeide_1.0.2/stm32cubeide/plugins/com.st.stm32cube.ide.mcu.externaltools.gnu-tools-for-stm32.9-2020-q2-update.win32_1.5.0.202011040924/tools/bin/../lib/gcc/arm-none-eabi/9.3.1/../../../../arm-none-eabi/lib/thumb/v7e-m+fp/hard\libc_nano.a(lib_a-dtoa.o)
 *fill*         0x000000000800b75e        0x2 
 .text._dtoa_r  0x000000000800b760      0xbd8 c:/st/stm32cubeide_1.0.2/stm32cubeide/plugins/com.st.stm32cube.ide.mcu.externaltools.gnu-tools-for-stm32.9-2020-q2-update.win32_1.5.0.202011040924/tools/bin/../lib/gcc/arm-none-eabi/9.3.1/../../../../arm-none-eabi/lib/thumb/v7e-m+fp/hard\libc_nano.a(lib_a-dtoa.o)
                0x000000000800b760                _dtoa_r
 .text.__sflush_r
                0x000000000800c338      0x10c c:/st/stm32cubeide_1.0.2/stm32cubeide/plugins/com.st.stm32cube.ide.mcu.externaltools.gnu-tools-for-stm32.9-2020-q2-update.win32_1.5.0.202011040924/tools/bin/../lib/gcc/arm-none-eabi/9.3.1/../../../../arm-none-eabi/lib/thumb/v7e-m+fp/hard\libc_nano.a(lib_a-fflush.o)
                0x000000000800c338                __sflush_r
 .text._fflush_r
                0x000000000800c444       0x78 c:/st/stm32cubeide_1.0.2/stm32cubeide/plugins/com.st.stm32cube.ide.mcu.externaltools.gnu-tools-for-stm32.9-2020-q2-update.win32_1.5.0.202011040924/tools/bin/../lib/gcc/arm-none-eabi/9.3.1/../../../../arm-none-eabi/lib/thumb/v7e-m+fp/hard\libc_nano.a(lib_a-fflush.o)
                0x000000000800c444                _fflush_r
 .text.std      0x000000000800c4bc       0x48 c:/st/stm32cubeide_1.0.2/stm32cubeide/plugins/com.st.stm32cube.ide.mcu.externaltools.gnu-tools-for-stm32.9-2020-q2-update.win32_1.5.0.202011040924/tools/bin/../lib/gcc/arm-none-eabi/9.3.1/../../../../arm-none-eabi/lib/thumb/v7e-m+fp/hard\libc_nano.a(lib_a-findfp.o)
 .text._cleanup_r
                0x000000000800c504        0xc c:/st/stm32cubeide_1.0.2/stm32cubeide/plugins/com.st.stm32cube.ide.mcu.externaltools.gnu-tools-for-stm32.9-2020-q2-update.win32_1.5.0.202011040924/tools/bin/../lib/gcc/arm-none-eabi/9.3.1/../../../../arm-none-eabi/lib/thumb/v7e-m+fp/hard\libc_nano.a(lib_a-findfp.o)
                0x000000000800c504                _cleanup_r
 .text.__sfmoreglue
                0x000000000800c510       0x2c c:/st/stm32cubeide_1.0.2/stm32cubeide/plugins/com.st.stm32cube.ide.mcu.externaltools.gnu-tools-for-stm32.9-2020-q2-update.win32_1.5.0.202011040924/tools/bin/../lib/gcc/arm-none-eabi/9.3.1/../../../../arm-none-eabi/lib/thumb/v7e-m+fp/hard\libc_nano.a(lib_a-findfp.o)
                0x000000000800c510                __sfmoreglue
 .text.__sfp_lock_acquire
                0x000000000800c53c        0xc c:/st/stm32cubeide_1.0.2/stm32cubeide/plugins/com.st.stm32cube.ide.mcu.externaltools.gnu-tools-for-stm32.9-2020-q2-update.win32_1.5.0.202011040924/tools/bin/../lib/gcc/arm-none-eabi/9.3.1/../../../../arm-none-eabi/lib/thumb/v7e-m+fp/hard\libc_nano.a(lib_a-findfp.o)
                0x000000000800c53c                __sfp_lock_acquire
 .text.__sfp_lock_release
                0x000000000800c548        0xc c:/st/stm32cubeide_1.0.2/stm32cubeide/plugins/com.st.stm32cube.ide.mcu.externaltools.gnu-tools-for-stm32.9-2020-q2-update.win32_1.5.0.202011040924/tools/bin/../lib/gcc/arm-none-eabi/9.3.1/../../../../arm-none-eabi/lib/thumb/v7e-m+fp/hard\libc_nano.a(lib_a-findfp.o)
                0x000000000800c548                __sfp_lock_release
 .text.__sinit_lock_acquire
                0x000000000800c554        0xc c:/st/stm32cubeide_1.0.2/stm32cubeide/plugins/com.st.stm32cube.ide.mcu.externaltools.gnu-tools-for-stm32.9-2020-q2-update.win32_1.5.0.202011040924/tools/bin/../lib/gcc/arm-none-eabi/9.3.1/../../../../arm-none-eabi/lib/thumb/v7e-m+fp/hard\libc_nano.a(lib_a-findfp.o)
                0x000000000800c554                __sinit_lock_acquire
 .text.__sinit_lock_release
                0x000000000800c560        0xc c:/st/stm32cubeide_1.0.2/stm32cubeide/plugins/com.st.stm32cube.ide.mcu.externaltools.gnu-tools-for-stm32.9-2020-q2-update.win32_1.5.0.202011040924/tools/bin/../lib/gcc/arm-none-eabi/9.3.1/../../../../arm-none-eabi/lib/thumb/v7e-m+fp/hard\libc_nano.a(lib_a-findfp.o)
                0x000000000800c560                __sinit_lock_release
 .text.__sinit  0x000000000800c56c       0x70 c:/st/stm32cubeide_1.0.2/stm32cubeide/plugins/com.st.stm32cube.ide.mcu.externaltools.gnu-tools-for-stm32.9-2020-q2-update.win32_1.5.0.202011040924/tools/bin/../lib/gcc/arm-none-eabi/9.3.1/../../../../arm-none-eabi/lib/thumb/v7e-m+fp/hard\libc_nano.a(lib_a-findfp.o)
                0x000000000800c56c                __sinit
 .text.__sfp    0x000000000800c5dc       0x8c c:/st/stm32cubeide_1.0.2/stm32cubeide/plugins/com.st.stm32cube.ide.mcu.externaltools.gnu-tools-for-stm32.9-2020-q2-update.win32_1.5.0.202011040924/tools/bin/../lib/gcc/arm-none-eabi/9.3.1/../../../../arm-none-eabi/lib/thumb/v7e-m+fp/hard\libc_nano.a(lib_a-findfp.o)
                0x000000000800c5dc                __sfp
 .text._fwalk_reent
                0x000000000800c668       0x3e c:/st/stm32cubeide_1.0.2/stm32cubeide/plugins/com.st.stm32cube.ide.mcu.externaltools.gnu-tools-for-stm32.9-2020-q2-update.win32_1.5.0.202011040924/tools/bin/../lib/gcc/arm-none-eabi/9.3.1/../../../../arm-none-eabi/lib/thumb/v7e-m+fp/hard\libc_nano.a(lib_a-fwalk.o)
                0x000000000800c668                _fwalk_reent
 *fill*         0x000000000800c6a6        0x2 
 .text._localeconv_r
                0x000000000800c6a8        0x8 c:/st/stm32cubeide_1.0.2/stm32cubeide/plugins/com.st.stm32cube.ide.mcu.externaltools.gnu-tools-for-stm32.9-2020-q2-update.win32_1.5.0.202011040924/tools/bin/../lib/gcc/arm-none-eabi/9.3.1/../../../../arm-none-eabi/lib/thumb/v7e-m+fp/hard\libc_nano.a(lib_a-localeconv.o)
                0x000000000800c6a8                _localeconv_r
 .text.__retarget_lock_init_recursive
                0x000000000800c6b0        0x2 c:/st/stm32cubeide_1.0.2/stm32cubeide/plugins/com.st.stm32cube.ide.mcu.externaltools.gnu-tools-for-stm32.9-2020-q2-update.win32_1.5.0.202011040924/tools/bin/../lib/gcc/arm-none-eabi/9.3.1/../../../../arm-none-eabi/lib/thumb/v7e-m+fp/hard\libc_nano.a(lib_a-lock.o)
                0x000000000800c6b0                __retarget_lock_init_recursive
 .text.__retarget_lock_acquire_recursive
                0x000000000800c6b2        0x2 c:/st/stm32cubeide_1.0.2/stm32cubeide/plugins/com.st.stm32cube.ide.mcu.externaltools.gnu-tools-for-stm32.9-2020-q2-update.win32_1.5.0.202011040924/tools/bin/../lib/gcc/arm-none-eabi/9.3.1/../../../../arm-none-eabi/lib/thumb/v7e-m+fp/hard\libc_nano.a(lib_a-lock.o)
                0x000000000800c6b2                __retarget_lock_acquire_recursive
 .text.__retarget_lock_release_recursive
                0x000000000800c6b4        0x2 c:/st/stm32cubeide_1.0.2/stm32cubeide/plugins/com.st.stm32cube.ide.mcu.externaltools.gnu-tools-for-stm32.9-2020-q2-update.win32_1.5.0.202011040924/tools/bin/../lib/gcc/arm-none-eabi/9.3.1/../../../../arm-none-eabi/lib/thumb/v7e-m+fp/hard\libc_nano.a(lib_a-lock.o)
                0x000000000800c6b4                __retarget_lock_release_recursive
 .text.__swhatbuf_r
                0x000000000800c6b6       0x48 c:/st/stm32cubeide_1.0.2/stm32cubeide/plugins/com.st.stm32cube.ide.mcu.externaltools.gnu-tools-for-stm32.9-2020-q2-update.win32_1.5.0.202011040924/tools/bin/../lib/gcc/arm-none-eabi/9.3.1/../../../../arm-none-eabi/lib/thumb/v7e-m+fp/hard\libc_nano.a(lib_a-makebuf.o)
                0x000000000800c6b6                __swhatbuf_r
 *fill*         0x000000000800c6fe        0x2 
 .text.__smakebuf_r
                0x000000000800c700       0x80 c:/st/stm32cubeide_1.0.2/stm32cubeide/plugins/com.st.stm32cube.ide.mcu.externaltools.gnu-tools-for-stm32.9-2020-q2-update.win32_1.5.0.202011040924/tools/bin/../lib/gcc/arm-none-eabi/9.3.1/../../../../arm-none-eabi/lib/thumb/v7e-m+fp/hard\libc_nano.a(lib_a-makebuf.o)
                0x000000000800c700                __smakebuf_r
 .text.malloc   0x000000000800c780       0x10 c:/st/stm32cubeide_1.0.2/stm32cubeide/plugins/com.st.stm32cube.ide.mcu.externaltools.gnu-tools-for-stm32.9-2020-q2-update.win32_1.5.0.202011040924/tools/bin/../lib/gcc/arm-none-eabi/9.3.1/../../../../arm-none-eabi/lib/thumb/v7e-m+fp/hard\libc_nano.a(lib_a-malloc.o)
                0x000000000800c780                malloc
 .text.memcpy   0x000000000800c790       0x1c c:/st/stm32cubeide_1.0.2/stm32cubeide/plugins/com.st.stm32cube.ide.mcu.externaltools.gnu-tools-for-stm32.9-2020-q2-update.win32_1.5.0.202011040924/tools/bin/../lib/gcc/arm-none-eabi/9.3.1/../../../../arm-none-eabi/lib/thumb/v7e-m+fp/hard\libc_nano.a(lib_a-memcpy-stub.o)
                0x000000000800c790                memcpy
 .text._Balloc  0x000000000800c7ac       0x80 c:/st/stm32cubeide_1.0.2/stm32cubeide/plugins/com.st.stm32cube.ide.mcu.externaltools.gnu-tools-for-stm32.9-2020-q2-update.win32_1.5.0.202011040924/tools/bin/../lib/gcc/arm-none-eabi/9.3.1/../../../../arm-none-eabi/lib/thumb/v7e-m+fp/hard\libc_nano.a(lib_a-mprec.o)
                0x000000000800c7ac                _Balloc
 .text._Bfree   0x000000000800c82c       0x44 c:/st/stm32cubeide_1.0.2/stm32cubeide/plugins/com.st.stm32cube.ide.mcu.externaltools.gnu-tools-for-stm32.9-2020-q2-update.win32_1.5.0.202011040924/tools/bin/../lib/gcc/arm-none-eabi/9.3.1/../../../../arm-none-eabi/lib/thumb/v7e-m+fp/hard\libc_nano.a(lib_a-mprec.o)
                0x000000000800c82c                _Bfree
 .text.__multadd
                0x000000000800c870       0x94 c:/st/stm32cubeide_1.0.2/stm32cubeide/plugins/com.st.stm32cube.ide.mcu.externaltools.gnu-tools-for-stm32.9-2020-q2-update.win32_1.5.0.202011040924/tools/bin/../lib/gcc/arm-none-eabi/9.3.1/../../../../arm-none-eabi/lib/thumb/v7e-m+fp/hard\libc_nano.a(lib_a-mprec.o)
                0x000000000800c870                __multadd
 .text.__hi0bits
                0x000000000800c904       0x40 c:/st/stm32cubeide_1.0.2/stm32cubeide/plugins/com.st.stm32cube.ide.mcu.externaltools.gnu-tools-for-stm32.9-2020-q2-update.win32_1.5.0.202011040924/tools/bin/../lib/gcc/arm-none-eabi/9.3.1/../../../../arm-none-eabi/lib/thumb/v7e-m+fp/hard\libc_nano.a(lib_a-mprec.o)
                0x000000000800c904                __hi0bits
 .text.__lo0bits
                0x000000000800c944       0x60 c:/st/stm32cubeide_1.0.2/stm32cubeide/plugins/com.st.stm32cube.ide.mcu.externaltools.gnu-tools-for-stm32.9-2020-q2-update.win32_1.5.0.202011040924/tools/bin/../lib/gcc/arm-none-eabi/9.3.1/../../../../arm-none-eabi/lib/thumb/v7e-m+fp/hard\libc_nano.a(lib_a-mprec.o)
                0x000000000800c944                __lo0bits
 .text.__i2b    0x000000000800c9a4       0x2c c:/st/stm32cubeide_1.0.2/stm32cubeide/plugins/com.st.stm32cube.ide.mcu.externaltools.gnu-tools-for-stm32.9-2020-q2-update.win32_1.5.0.202011040924/tools/bin/../lib/gcc/arm-none-eabi/9.3.1/../../../../arm-none-eabi/lib/thumb/v7e-m+fp/hard\libc_nano.a(lib_a-mprec.o)
                0x000000000800c9a4                __i2b
 .text.__multiply
                0x000000000800c9d0      0x14c c:/st/stm32cubeide_1.0.2/stm32cubeide/plugins/com.st.stm32cube.ide.mcu.externaltools.gnu-tools-for-stm32.9-2020-q2-update.win32_1.5.0.202011040924/tools/bin/../lib/gcc/arm-none-eabi/9.3.1/../../../../arm-none-eabi/lib/thumb/v7e-m+fp/hard\libc_nano.a(lib_a-mprec.o)
                0x000000000800c9d0                __multiply
 .text.__pow5mult
                0x000000000800cb1c       0xb4 c:/st/stm32cubeide_1.0.2/stm32cubeide/plugins/com.st.stm32cube.ide.mcu.externaltools.gnu-tools-for-stm32.9-2020-q2-update.win32_1.5.0.202011040924/tools/bin/../lib/gcc/arm-none-eabi/9.3.1/../../../../arm-none-eabi/lib/thumb/v7e-m+fp/hard\libc_nano.a(lib_a-mprec.o)
                0x000000000800cb1c                __pow5mult
 .text.__lshift
                0x000000000800cbd0       0xd8 c:/st/stm32cubeide_1.0.2/stm32cubeide/plugins/com.st.stm32cube.ide.mcu.externaltools.gnu-tools-for-stm32.9-2020-q2-update.win32_1.5.0.202011040924/tools/bin/../lib/gcc/arm-none-eabi/9.3.1/../../../../arm-none-eabi/lib/thumb/v7e-m+fp/hard\libc_nano.a(lib_a-mprec.o)
                0x000000000800cbd0                __lshift
 .text.__mcmp   0x000000000800cca8       0x38 c:/st/stm32cubeide_1.0.2/stm32cubeide/plugins/com.st.stm32cube.ide.mcu.externaltools.gnu-tools-for-stm32.9-2020-q2-update.win32_1.5.0.202011040924/tools/bin/../lib/gcc/arm-none-eabi/9.3.1/../../../../arm-none-eabi/lib/thumb/v7e-m+fp/hard\libc_nano.a(lib_a-mprec.o)
                0x000000000800cca8                __mcmp
 .text.__mdiff  0x000000000800cce0      0x110 c:/st/stm32cubeide_1.0.2/stm32cubeide/plugins/com.st.stm32cube.ide.mcu.externaltools.gnu-tools-for-stm32.9-2020-q2-update.win32_1.5.0.202011040924/tools/bin/../lib/gcc/arm-none-eabi/9.3.1/../../../../arm-none-eabi/lib/thumb/v7e-m+fp/hard\libc_nano.a(lib_a-mprec.o)
                0x000000000800cce0                __mdiff
 .text.__d2b    0x000000000800cdf0       0xb8 c:/st/stm32cubeide_1.0.2/stm32cubeide/plugins/com.st.stm32cube.ide.mcu.externaltools.gnu-tools-for-stm32.9-2020-q2-update.win32_1.5.0.202011040924/tools/bin/../lib/gcc/arm-none-eabi/9.3.1/../../../../arm-none-eabi/lib/thumb/v7e-m+fp/hard\libc_nano.a(lib_a-mprec.o)
                0x000000000800cdf0                __d2b
 .text._calloc_r
                0x000000000800cea8       0x1e c:/st/stm32cubeide_1.0.2/stm32cubeide/plugins/com.st.stm32cube.ide.mcu.externaltools.gnu-tools-for-stm32.9-2020-q2-update.win32_1.5.0.202011040924/tools/bin/../lib/gcc/arm-none-eabi/9.3.1/../../../../arm-none-eabi/lib/thumb/v7e-m+fp/hard\libc_nano.a(lib_a-nano-callocr.o)
                0x000000000800cea8                _calloc_r
 *fill*         0x000000000800cec6        0x2 
 .text._free_r  0x000000000800cec8       0xa0 c:/st/stm32cubeide_1.0.2/stm32cubeide/plugins/com.st.stm32cube.ide.mcu.externaltools.gnu-tools-for-stm32.9-2020-q2-update.win32_1.5.0.202011040924/tools/bin/../lib/gcc/arm-none-eabi/9.3.1/../../../../arm-none-eabi/lib/thumb/v7e-m+fp/hard\libc_nano.a(lib_a-nano-freer.o)
                0x000000000800cec8                _free_r
 .text._malloc_r
                0x000000000800cf68       0xb4 c:/st/stm32cubeide_1.0.2/stm32cubeide/plugins/com.st.stm32cube.ide.mcu.externaltools.gnu-tools-for-stm32.9-2020-q2-update.win32_1.5.0.202011040924/tools/bin/../lib/gcc/arm-none-eabi/9.3.1/../../../../arm-none-eabi/lib/thumb/v7e-m+fp/hard\libc_nano.a(lib_a-nano-mallocr.o)
                0x000000000800cf68                _malloc_r
 .text.__sfputc_r
                0x000000000800d01c       0x2e c:/st/stm32cubeide_1.0.2/stm32cubeide/plugins/com.st.stm32cube.ide.mcu.externaltools.gnu-tools-for-stm32.9-2020-q2-update.win32_1.5.0.202011040924/tools/bin/../lib/gcc/arm-none-eabi/9.3.1/../../../../arm-none-eabi/lib/thumb/v7e-m+fp/hard\libc_nano.a(lib_a-nano-vfprintf.o)
 .text.__sfputs_r
                0x000000000800d04a       0x24 c:/st/stm32cubeide_1.0.2/stm32cubeide/plugins/com.st.stm32cube.ide.mcu.externaltools.gnu-tools-for-stm32.9-2020-q2-update.win32_1.5.0.202011040924/tools/bin/../lib/gcc/arm-none-eabi/9.3.1/../../../../arm-none-eabi/lib/thumb/v7e-m+fp/hard\libc_nano.a(lib_a-nano-vfprintf.o)
                0x000000000800d04a                __sfputs_r
 *fill*         0x000000000800d06e        0x2 
 .text._vfprintf_r
                0x000000000800d070      0x260 c:/st/stm32cubeide_1.0.2/stm32cubeide/plugins/com.st.stm32cube.ide.mcu.externaltools.gnu-tools-for-stm32.9-2020-q2-update.win32_1.5.0.202011040924/tools/bin/../lib/gcc/arm-none-eabi/9.3.1/../../../../arm-none-eabi/lib/thumb/v7e-m+fp/hard\libc_nano.a(lib_a-nano-vfprintf.o)
                0x000000000800d070                _vfprintf_r
                0x000000000800d070                _vfiprintf_r
 .text._putc_r  0x000000000800d2d0       0x90 c:/st/stm32cubeide_1.0.2/stm32cubeide/plugins/com.st.stm32cube.ide.mcu.externaltools.gnu-tools-for-stm32.9-2020-q2-update.win32_1.5.0.202011040924/tools/bin/../lib/gcc/arm-none-eabi/9.3.1/../../../../arm-none-eabi/lib/thumb/v7e-m+fp/hard\libc_nano.a(lib_a-putc.o)
                0x000000000800d2d0                _putc_r
 .text._sbrk_r  0x000000000800d360       0x20 c:/st/stm32cubeide_1.0.2/stm32cubeide/plugins/com.st.stm32cube.ide.mcu.externaltools.gnu-tools-for-stm32.9-2020-q2-update.win32_1.5.0.202011040924/tools/bin/../lib/gcc/arm-none-eabi/9.3.1/../../../../arm-none-eabi/lib/thumb/v7e-m+fp/hard\libc_nano.a(lib_a-sbrkr.o)
                0x000000000800d360                _sbrk_r
 .text.__sread  0x000000000800d380       0x22 c:/st/stm32cubeide_1.0.2/stm32cubeide/plugins/com.st.stm32cube.ide.mcu.externaltools.gnu-tools-for-stm32.9-2020-q2-update.win32_1.5.0.202011040924/tools/bin/../lib/gcc/arm-none-eabi/9.3.1/../../../../arm-none-eabi/lib/thumb/v7e-m+fp/hard\libc_nano.a(lib_a-stdio.o)
                0x000000000800d380                __sread
 .text.__swrite
                0x000000000800d3a2       0x38 c:/st/stm32cubeide_1.0.2/stm32cubeide/plugins/com.st.stm32cube.ide.mcu.externaltools.gnu-tools-for-stm32.9-2020-q2-update.win32_1.5.0.202011040924/tools/bin/../lib/gcc/arm-none-eabi/9.3.1/../../../../arm-none-eabi/lib/thumb/v7e-m+fp/hard\libc_nano.a(lib_a-stdio.o)
                0x000000000800d3a2                __swrite
 .text.__sseek  0x000000000800d3da       0x24 c:/st/stm32cubeide_1.0.2/stm32cubeide/plugins/com.st.stm32cube.ide.mcu.externaltools.gnu-tools-for-stm32.9-2020-q2-update.win32_1.5.0.202011040924/tools/bin/../lib/gcc/arm-none-eabi/9.3.1/../../../../arm-none-eabi/lib/thumb/v7e-m+fp/hard\libc_nano.a(lib_a-stdio.o)
                0x000000000800d3da                __sseek
 .text.__sclose
                0x000000000800d3fe        0x8 c:/st/stm32cubeide_1.0.2/stm32cubeide/plugins/com.st.stm32cube.ide.mcu.externaltools.gnu-tools-for-stm32.9-2020-q2-update.win32_1.5.0.202011040924/tools/bin/../lib/gcc/arm-none-eabi/9.3.1/../../../../arm-none-eabi/lib/thumb/v7e-m+fp/hard\libc_nano.a(lib_a-stdio.o)
                0x000000000800d3fe                __sclose
 *fill*         0x000000000800d406        0x2 
 .text._write_r
                0x000000000800d408       0x24 c:/st/stm32cubeide_1.0.2/stm32cubeide/plugins/com.st.stm32cube.ide.mcu.externaltools.gnu-tools-for-stm32.9-2020-q2-update.win32_1.5.0.202011040924/tools/bin/../lib/gcc/arm-none-eabi/9.3.1/../../../../arm-none-eabi/lib/thumb/v7e-m+fp/hard\libc_nano.a(lib_a-writer.o)
                0x000000000800d408                _write_r
 .text.__assert_func
                0x000000000800d42c       0x3c c:/st/stm32cubeide_1.0.2/stm32cubeide/plugins/com.st.stm32cube.ide.mcu.externaltools.gnu-tools-for-stm32.9-2020-q2-update.win32_1.5.0.202011040924/tools/bin/../lib/gcc/arm-none-eabi/9.3.1/../../../../arm-none-eabi/lib/thumb/v7e-m+fp/hard\libc_nano.a(lib_a-assert.o)
                0x000000000800d42c                __assert_func
 .text._close_r
                0x000000000800d468       0x20 c:/st/stm32cubeide_1.0.2/stm32cubeide/plugins/com.st.stm32cube.ide.mcu.externaltools.gnu-tools-for-stm32.9-2020-q2-update.win32_1.5.0.202011040924/tools/bin/../lib/gcc/arm-none-eabi/9.3.1/../../../../arm-none-eabi/lib/thumb/v7e-m+fp/hard\libc_nano.a(lib_a-closer.o)
                0x000000000800d468                _close_r
 .text.fprintf  0x000000000800d488       0x24 c:/st/stm32cubeide_1.0.2/stm32cubeide/plugins/com.st.stm32cube.ide.mcu.externaltools.gnu-tools-for-stm32.9-2020-q2-update.win32_1.5.0.202011040924/tools/bin/../lib/gcc/arm-none-eabi/9.3.1/../../../../arm-none-eabi/lib/thumb/v7e-m+fp/hard\libc_nano.a(lib_a-fprintf.o)
                0x000000000800d488                fiprintf
                0x000000000800d488                fprintf
 .text._fstat_r
                0x000000000800d4ac       0x24 c:/st/stm32cubeide_1.0.2/stm32cubeide/plugins/com.st.stm32cube.ide.mcu.externaltools.gnu-tools-for-stm32.9-2020-q2-update.win32_1.5.0.202011040924/tools/bin/../lib/gcc/arm-none-eabi/9.3.1/../../../../arm-none-eabi/lib/thumb/v7e-m+fp/hard\libc_nano.a(lib_a-fstatr.o)
                0x000000000800d4ac                _fstat_r
 .text._isatty_r
                0x000000000800d4d0       0x20 c:/st/stm32cubeide_1.0.2/stm32cubeide/plugins/com.st.stm32cube.ide.mcu.externaltools.gnu-tools-for-stm32.9-2020-q2-update.win32_1.5.0.202011040924/tools/bin/../lib/gcc/arm-none-eabi/9.3.1/../../../../arm-none-eabi/lib/thumb/v7e-m+fp/hard\libc_nano.a(lib_a-isattyr.o)
                0x000000000800d4d0                _isatty_r
 .text._lseek_r
                0x000000000800d4f0       0x24 c:/st/stm32cubeide_1.0.2/stm32cubeide/plugins/com.st.stm32cube.ide.mcu.externaltools.gnu-tools-for-stm32.9-2020-q2-update.win32_1.5.0.202011040924/tools/bin/../lib/gcc/arm-none-eabi/9.3.1/../../../../arm-none-eabi/lib/thumb/v7e-m+fp/hard\libc_nano.a(lib_a-lseekr.o)
                0x000000000800d4f0                _lseek_r
 .text.__ascii_mbtowc
                0x000000000800d514       0x24 c:/st/stm32cubeide_1.0.2/stm32cubeide/plugins/com.st.stm32cube.ide.mcu.externaltools.gnu-tools-for-stm32.9-2020-q2-update.win32_1.5.0.202011040924/tools/bin/../lib/gcc/arm-none-eabi/9.3.1/../../../../arm-none-eabi/lib/thumb/v7e-m+fp/hard\libc_nano.a(lib_a-mbtowc_r.o)
                0x000000000800d514                __ascii_mbtowc
 .text.__malloc_lock
                0x000000000800d538        0xc c:/st/stm32cubeide_1.0.2/stm32cubeide/plugins/com.st.stm32cube.ide.mcu.externaltools.gnu-tools-for-stm32.9-2020-q2-update.win32_1.5.0.202011040924/tools/bin/../lib/gcc/arm-none-eabi/9.3.1/../../../../arm-none-eabi/lib/thumb/v7e-m+fp/hard\libc_nano.a(lib_a-mlock.o)
                0x000000000800d538                __malloc_lock
 .text.__malloc_unlock
                0x000000000800d544        0xc c:/st/stm32cubeide_1.0.2/stm32cubeide/plugins/com.st.stm32cube.ide.mcu.externaltools.gnu-tools-for-stm32.9-2020-q2-update.win32_1.5.0.202011040924/tools/bin/../lib/gcc/arm-none-eabi/9.3.1/../../../../arm-none-eabi/lib/thumb/v7e-m+fp/hard\libc_nano.a(lib_a-mlock.o)
                0x000000000800d544                __malloc_unlock
 .text._read_r  0x000000000800d550       0x24 c:/st/stm32cubeide_1.0.2/stm32cubeide/plugins/com.st.stm32cube.ide.mcu.externaltools.gnu-tools-for-stm32.9-2020-q2-update.win32_1.5.0.202011040924/tools/bin/../lib/gcc/arm-none-eabi/9.3.1/../../../../arm-none-eabi/lib/thumb/v7e-m+fp/hard\libc_nano.a(lib_a-readr.o)
                0x000000000800d550                _read_r
 .text.__ascii_wctomb
                0x000000000800d574       0x1a c:/st/stm32cubeide_1.0.2/stm32cubeide/plugins/com.st.stm32cube.ide.mcu.externaltools.gnu-tools-for-stm32.9-2020-q2-update.win32_1.5.0.202011040924/tools/bin/../lib/gcc/arm-none-eabi/9.3.1/../../../../arm-none-eabi/lib/thumb/v7e-m+fp/hard\libc_nano.a(lib_a-wctomb_r.o)
                0x000000000800d574                __ascii_wctomb
 .text.abort    0x000000000800d58e        0xe c:/st/stm32cubeide_1.0.2/stm32cubeide/plugins/com.st.stm32cube.ide.mcu.externaltools.gnu-tools-for-stm32.9-2020-q2-update.win32_1.5.0.202011040924/tools/bin/../lib/gcc/arm-none-eabi/9.3.1/../../../../arm-none-eabi/lib/thumb/v7e-m+fp/hard\libc_nano.a(lib_a-abort.o)
                0x000000000800d58e                abort
 .text._raise_r
                0x000000000800d59c       0x50 c:/st/stm32cubeide_1.0.2/stm32cubeide/plugins/com.st.stm32cube.ide.mcu.externaltools.gnu-tools-for-stm32.9-2020-q2-update.win32_1.5.0.202011040924/tools/bin/../lib/gcc/arm-none-eabi/9.3.1/../../../../arm-none-eabi/lib/thumb/v7e-m+fp/hard\libc_nano.a(lib_a-signal.o)
                0x000000000800d59c                _raise_r
 .text.raise    0x000000000800d5ec       0x10 c:/st/stm32cubeide_1.0.2/stm32cubeide/plugins/com.st.stm32cube.ide.mcu.externaltools.gnu-tools-for-stm32.9-2020-q2-update.win32_1.5.0.202011040924/tools/bin/../lib/gcc/arm-none-eabi/9.3.1/../../../../arm-none-eabi/lib/thumb/v7e-m+fp/hard\libc_nano.a(lib_a-signal.o)
                0x000000000800d5ec                raise
 .text._kill_r  0x000000000800d5fc       0x24 c:/st/stm32cubeide_1.0.2/stm32cubeide/plugins/com.st.stm32cube.ide.mcu.externaltools.gnu-tools-for-stm32.9-2020-q2-update.win32_1.5.0.202011040924/tools/bin/../lib/gcc/arm-none-eabi/9.3.1/../../../../arm-none-eabi/lib/thumb/v7e-m+fp/hard\libc_nano.a(lib_a-signalr.o)
                0x000000000800d5fc                _kill_r
 .text._getpid_r
                0x000000000800d620        0x4 c:/st/stm32cubeide_1.0.2/stm32cubeide/plugins/com.st.stm32cube.ide.mcu.externaltools.gnu-tools-for-stm32.9-2020-q2-update.win32_1.5.0.202011040924/tools/bin/../lib/gcc/arm-none-eabi/9.3.1/../../../../arm-none-eabi/lib/thumb/v7e-m+fp/hard\libc_nano.a(lib_a-signalr.o)
                0x000000000800d620                _getpid_r
 *(.glue_7)
 .glue_7        0x000000000800d624        0x0 linker stubs
 *(.glue_7t)
 .glue_7t       0x000000000800d624        0x0 linker stubs
 *(.eh_frame)
 .eh_frame      0x000000000800d624        0x0 c:/st/stm32cubeide_1.0.2/stm32cubeide/plugins/com.st.stm32cube.ide.mcu.externaltools.gnu-tools-for-stm32.9-2020-q2-update.win32_1.5.0.202011040924/tools/bin/../lib/gcc/arm-none-eabi/9.3.1/thumb/v7e-m+fp/hard/crtbegin.o
 *(.init)