Archive member included to satisfy reference by file (symbol)

c:/st/stm32cubeide_1.0.2/stm32cubeide/plugins/com.st.stm32cube.ide.mcu.externaltools.gnu-tools-for-stm32.9-2020-q2-update.win32_1.5.0.202011040924/tools/bin/../lib/gcc/arm-none-eabi/9.3.1/../../../../arm-none-eabi/lib/thumb/v7e-m+fp/hard\libc_nano.a(lib_a-errno.o)
                              Core/Src/syscalls.o (__errno)
c:/st/stm32cubeide_1.0.2/stm32cubeide/plugins/com.st.stm32cube.ide.mcu.externaltools.gnu-tools-for-stm32.9-2020-q2-update.win32_1.5.0.202011040924/tools/bin/../lib/gcc/arm-none-eabi/9.3.1/../../../../arm-none-eabi/lib/thumb/v7e-m+fp/hard\libc_nano.a(lib_a-exit.o)
                              c:/st/stm32cubeide_1.0.2/stm32cubeide/plugins/com.st.stm32cube.ide.mcu.externaltools.gnu-tools-for-stm32.9-2020-q2-update.win32_1.5.0.202011040924/tools/bin/../lib/gcc/arm-none-eabi/9.3.1/../../../../arm-none-eabi/lib/thumb/v7e-m+fp/hard/crt0.o (exit)
c:/st/stm32cubeide_1.0.2/stm32cubeide/plugins/com.st.stm32cube.ide.mcu.externaltools.gnu-tools-for-stm32.9-2020-q2-update.win32_1.5.0.202011040924/tools/bin/../lib/gcc/arm-none-eabi/9.3.1/../../../../arm-none-eabi/lib/thumb/v7e-m+fp/hard\libc_nano.a(lib_a-impure.o)
                              c:/st/stm32cubeide_1.0.2/stm32cubeide/plugins/com.st.stm32cube.ide.mcu.externaltools.gnu-tools-for-stm32.9-2020-q2-update.win32_1.5.0.202011040924/tools/bin/../lib/gcc/arm-none-eabi/9.3.1/../../../../arm-none-eabi/lib/thumb/v7e-m+fp/hard\libc_nano.a(lib_a-exit.o) (_global_impure_ptr)
c:/st/stm32cubeide_1.0.2/stm32cubeide/plugins/com.st.stm32cube.ide.mcu.externaltools.gnu-tools-for-stm32.9-2020-q2-update.win32_1.5.0.202011040924/tools/bin/../lib/gcc/arm-none-eabi/9.3.1/../../../../arm-none-eabi/lib/thumb/v7e-m+fp/hard\libc_nano.a(lib_a-init.o)
                              c:/st/stm32cubeide_1.0.2/stm32cubeide/plugins/com.st.stm32cube.ide.mcu.externaltools.gnu-tools-for-stm32.9-2020-q2-update.win32_1.5.0.202011040924/tools/bin/../lib/gcc/arm-none-eabi/9.3.1/../../../../arm-none-eabi/lib/thumb/v7e-m+fp/hard/crt0.o (__libc_init_array)
c:/st/stm32cubeide_1.0.2/stm32cubeide/plugins/com.st.stm32cube.ide.mcu.externaltools.gnu-tools-for-stm32.9-2020-q2-update.win32_1.5.0.202011040924/tools/bin/../lib/gcc/arm-none-eabi/9.3.1/../../../../arm-none-eabi/lib/thumb/v7e-m+fp/hard\libc_nano.a(lib_a-memset.o)
                              c:/st/stm32cubeide_1.0.2/stm32cubeide/plugins/com.st.stm32cube.ide.mcu.externaltools.gnu-tools-for-stm32.9-2020-q2-update.win32_1.5.0.202011040924/tools/bin/../lib/gcc/arm-none-eabi/9.3.1/../../../../arm-none-eabi/lib/thumb/v7e-m+fp/hard/crt0.o (memset)
c:/st/stm32cubeide_1.0.2/stm32cubeide/plugins/com.st.stm32cube.ide.mcu.externaltools.gnu-tools-for-stm32.9-2020-q2-update.win32_1.5.0.202011040924/tools/bin/../lib/gcc/arm-none-eabi/9.3.1/../../../../arm-none-eabi/lib/thumb/v7e-m+fp/hard\libc_nano.a(lib_a-nano-vfprintf_float.o)
                              (_printf_float)
c:/st/stm32cubeide_1.0.2/stm32cubeide/plugins/com.st.stm32cube.ide.mcu.externaltools.gnu-tools-for-stm32.9-2020-q2-update.win32_1.5.0.202011040924/tools/bin/../lib/gcc/arm-none-eabi/9.3.1/../../../../arm-none-eabi/lib/thumb/v7e-m+fp/hard\libc_nano.a(lib_a-nano-vfprintf_i.o)
                              c:/st/stm32cubeide_1.0.2/stm32cubeide/plugins/com.st.stm32cube.ide.mcu.externaltools.gnu-tools-for-stm32.9-2020-q2-update.win32_1.5.0.202011040924/tools/bin/../lib/gcc/arm-none-eabi/9.3.1/../../../../arm-none-eabi/lib/thumb/v7e-m+fp/hard\libc_nano.a(lib_a-nano-vfprintf_float.o) (_printf_common)
c:/st/stm32cubeide_1.0.2/stm32cubeide/plugins/com.st.stm32cube.ide.mcu.externaltools.gnu-tools-for-stm32.9-2020-q2-update.win32_1.5.0.202011040924/tools/bin/../lib/gcc/arm-none-eabi/9.3.1/../../../../arm-none-eabi/lib/thumb/v7e-m+fp/hard\libc_nano.a(lib_a-printf.o)
                              Core/Src/Controller/mode.o (printf)
c:/st/stm32cubeide_1.0.2/stm32cubeide/plugins/com.st.stm32cube.ide.mcu.externaltools.gnu-tools-for-stm32.9-2020-q2-update.win32_1.5.0.202011040924/tools/bin/../lib/gcc/arm-none-eabi/9.3.1/../../../../arm-none-eabi/lib/thumb/v7e-m+fp/hard\libc_nano.a(lib_a-putchar.o)
                              Core/Src/System/map.o (putchar)
c:/st/stm32cubeide_1.0.2/stm32cubeide/plugins/com.st.stm32cube.ide.mcu.externaltools.gnu-tools-for-stm32.9-2020-q2-update.win32_1.5.0.202011040924/tools/bin/../lib/gcc/arm-none-eabi/9.3.1/../../../../arm-none-eabi/lib/thumb/v7e-m+fp/hard\libc_nano.a(lib_a-puts.o)
                              Core/Src/Controller/mode.o (puts)
c:/st/stm32cubeide_1.0.2/stm32cubeide/plugins/com.st.stm32cube.ide.mcu.externaltools.gnu-tools-for-stm32.9-2020-q2-update.win32_1.5.0.202011040924/tools/bin/../lib/gcc/arm-none-eabi/9.3.1/../../../../arm-none-eabi/lib/thumb/v7e-m+fp/hard\libc_nano.a(lib_a-setbuf.o)
                              Core/Src/main.o (setbuf)
[...]
Memory Configuration

Name             Origin             Length             Attributes
CCMRAM           0x0000000010000000 0x0000000000010000 xrw
RAM              0x0000000020000000 0x0000000000020000 xrw
FLASH            0x0000000008000000 0x0000000000100000 xr
*default*        0x0000000000000000 0xffffffffffffffff

Linker script and memory map

LOAD c:/st/stm32cubeide_1.0.2/stm32cubeide/plugins/com.st.stm32cube.ide.mcu.externaltools.gnu-tools-for-stm32.9-2020-q2-update.win32_1.5.0.202011040924/tools/bin/../lib/gcc/arm-none-eabi/9.3.1/thumb/v7e-m+fp/hard/crti.o
LOAD c:/st/stm32cubeide_1.0.2/stm32cubeide/plugins/com.st.stm32cube.ide.mcu.externaltools.gnu-tools-for-stm32.9-2020-q2-update.win32_1.5.0.202011040924/tools/bin/../lib/gcc/arm-none-eabi/9.3.1/thumb/v7e-m+fp/hard/crtbegin.o
LOAD c:/st/stm32cubeide_1.0.2/stm32cubeide/plugins/com.st.stm32cube.ide.mcu.externaltools.gnu-tools-for-stm32.9-2020-q2-update.win32_1.5.0.202011040924/tools/bin/../lib/gcc/arm-none-eabi/9.3.1/../../../../arm-none-eabi/lib/thumb/v7e-m+fp/hard/crt0.o
LOAD Core/Src/Controller/callback.o
LOAD Core/Src/Controller/mode.o
LOAD Core/Src/Controller/search.o
LOAD Core/Src/Controller/state.o
LOAD Core/Src/Hardware/ICM20689.o
LOAD Core/Src/Hardware/basic_timer.o
LOAD Core/Src/Hardware/battery.o
LOAD Core/Src/Hardware/buzzer.o
LOAD Core/Src/Hardware/encoder.o
LOAD Core/Src/Hardware/flash.o
LOAD Core/Src/Hardware/interface_LED.o
LOAD Core/Src/Hardware/motor.o
LOAD Core/Src/Hardware/wall_sensor.o
LOAD Core/Src/System/flags.o
LOAD Core/Src/System/log.o
LOAD Core/Src/System/map.o
LOAD Core/Src/System/motion.o
LOAD Core/Src/System/music.o
LOAD Core/Src/System/route.o
LOAD Core/Src/System/sensing.o
LOAD Core/Src/adc.o
LOAD Core/Src/dma.o
LOAD Core/Src/gpio.o
LOAD Core/Src/main.o
LOAD Core/Src/spi.o
LOAD Core/Src/stm32f4xx_it.o
LOAD Core/Src/syscalls.o
LOAD Core/Src/sysmem.o
LOAD Core/Src/system_stm32f4xx.o
LOAD Core/Src/tim.o
LOAD Core/Src/usart.o
LOAD Core/Startup/startup_stm32f405rgtx.o
LOAD Drivers/STM32F4xx_HAL_Driver/Src/stm32f4xx_ll_adc.o
LOAD Drivers/STM32F4xx_HAL_Driver/Src/stm32f4xx_ll_dma.o
LOAD Drivers/STM32F4xx_HAL_Driver/Src/stm32f4xx_ll_exti.o
LOAD Drivers/STM32F4xx_HAL_Driver/Src/stm32f4xx_ll_gpio.o
LOAD Drivers/STM32F4xx_HAL_Driver/Src/stm32f4xx_ll_rcc.o
LOAD Drivers/STM32F4xx_HAL_Driver/Src/stm32f4xx_ll_spi.o
LOAD Drivers/STM32F4xx_HAL_Driver/Src/stm32f4xx_ll_tim.o
LOAD Drivers/STM32F4xx_HAL_Driver/Src/stm32f4xx_ll_usart.o
LOAD Drivers/STM32F4xx_HAL_Driver/Src/stm32f4xx_ll_utils.o
START GROUP
LOAD c:/st/stm32cubeide_1.0.2/stm32cubeide/plugins/com.st.stm32cube.ide.mcu.externaltools.gnu-tools-for-stm32.9-2020-q2-update.win32_1.5.0.202011040924/tools/bin/../lib/gcc/arm-none-eabi/9.3.1/../../../../arm-none-eabi/lib/thumb/v7e-m+fp/hard\libc_nano.a
LOAD c:/st/stm32cubeide_1.0.2/stm32cubeide/plugins/com.st.stm32cube.ide.mcu.externaltools.gnu-tools-for-stm32.9-2020-q2-update.win32_1.5.0.202011040924/tools/bin/../lib/gcc/arm-none-eabi/9.3.1/../../../../arm-none-eabi/lib/thumb/v7e-m+fp/hard\libm.a
END GROUP
START GROUP
LOAD c:/st/stm32cubeide_1.0.2/stm32cubeide/plugins/com.st.stm32cube.ide.mcu.externaltools.gnu-tools-for-stm32.9-2020-q2-update.win32_1.5.0.202011040924/tools/bin/../lib/gcc/arm-none-eabi/9.3.1/thumb/v7e-m+fp/hard\libgcc.a
LOAD c:/st/stm32cubeide_1.0.2/stm32cubeide/plugins/com.st.stm32cube.ide.mcu.externaltools.gnu-tools-for-stm32.9-2020-q2-update.win32_1.5.0.202011040924/tools/bin/../lib/gcc/arm-none-eabi/9.3.1/../../../../arm-none-eabi/lib/thumb/v7e-m+fp/hard\libc_nano.a
END GROUP
START GROUP
LOAD c:/st/stm32cubeide_1.0.2/stm32cubeide/plugins/com.st.stm32cube.ide.mcu.externaltools.gnu-tools-for-stm32.9-2020-q2-update.win32_1.5.0.202011040924/tools/bin/../lib/gcc/arm-none-eabi/9.3.1/thumb/v7e-m+fp/hard\libgcc.a
LOAD c:/st/stm32cubeide_1.0.2/stm32cubeide/plugins/com.st.stm32cube.ide.mcu.externaltools.gnu-tools-for-stm32.9-2020-q2-update.win32_1.5.0.202011040924/tools/bin/../lib/gcc/arm-none-eabi/9.3.1/../../../../arm-none-eabi/lib/thumb/v7e-m+fp/hard\libc_nano.a
LOAD c:/st/stm32cubeide_1.0.2/stm32cubeide/plugins/com.st.stm32cube.ide.mcu.externaltools.gnu-tools-for-stm32.9-2020-q2-update.win32_1.5.0.202011040924/tools/bin/../lib/gcc/arm-none-eabi/9.3.1/../../../../arm-none-eabi/lib/thumb/v7e-m+fp/hard\libnosys.a
END GROUP
START GROUP
LOAD c:/st/stm32cubeide_1.0.2/stm32cubeide/plugins/com.st.stm32cube.ide.mcu.externaltools.gnu-tools-for-stm32.9-2020-q2-update.win32_1.5.0.202011040924/tools/bin/../lib/gcc/arm-none-eabi/9.3.1/thumb/v7e-m+fp/hard\libgcc.a
LOAD c:/st/stm32cubeide_1.0.2/stm32cubeide/plugins/com.st.stm32cube.ide.mcu.externaltools.gnu-tools-for-stm32.9-2020-q2-update.win32_1.5.0.202011040924/tools/bin/../lib/gcc/arm-none-eabi/9.3.1/../../../../arm-none-eabi/lib/thumb/v7e-m+fp/hard\libc_nano.a
LOAD c:/st/stm32cubeide_1.0.2/stm32cubeide/plugins/com.st.stm32cube.ide.mcu.externaltools.gnu-tools-for-stm32.9-2020-q2-update.win32_1.5.0.202011040924/tools/bin/../lib/gcc/arm-none-eabi/9.3.1/../../../../arm-none-eabi/lib/thumb/v7e-m+fp/hard\libnosys.a
END GROUP
LOAD c:/st/stm32cubeide_1.0.2/stm32cubeide/plugins/com.st.stm32cube.ide.mcu.externaltools.gnu-tools-for-stm32.9-2020-q2-update.win32_1.5.0.202011040924/tools/bin/../lib/gcc/arm-none-eabi/9.3.1/thumb/v7e-m+fp/hard/crtend.o
LOAD c:/st/stm32cubeide_1.0.2/stm32cubeide/plugins/com.st.stm32cube.ide.mcu.externaltools.gnu-tools-for-stm32.9-2020-q2-update.win32_1.5.0.202011040924/tools/bin/../lib/gcc/arm-none-eabi/9.3.1/thumb/v7e-m+fp/hard/crtn.o
                0x0000000020020000                _estack = (ORIGIN (RAM) + LENGTH (RAM))
                0x0000000000000200                _Min_Heap_Size = 0x200
                0x0000000000000400                _Min_Stack_Size = 0x400

.isr_vector     0x0000000008000000      0x188
                0x0000000008000000                . = ALIGN (0x4)
 *(.isr_vector)
 .isr_vector    0x0000000008000000      0x188 Core/Startup/startup_stm32f405rgtx.o
                0x0000000008000000                g_pfnVectors
                0x0000000008000188                . = ALIGN (0x4)

.text           0x0000000008000190     0xa884
                0x0000000008000190                . = ALIGN (0x4)
 *(.text)
 .text          0x0000000008000190       0x40 c:/st/stm32cubeide_1.0.2/stm32cubeide/plugins/com.st.stm32cube.ide.mcu.externaltools.gnu-tools-for-stm32.9-2020-q2-update.win32_1.5.0.202011040924/tools/bin/../lib/gcc/arm-none-eabi/9.3.1/thumb/v7e-m+fp/hard/crtbegin.o
 .text          0x00000000080001d0       0x10 c:/st/stm32cubeide_1.0.2/stm32cubeide/plugins/com.st.stm32cube.ide.mcu.externaltools.gnu-tools-for-stm32.9-2020-q2-update.win32_1.5.0.202011040924/tools/bin/../lib/gcc/arm-none-eabi/9.3.1/../../../../arm-none-eabi/lib/thumb/v7e-m+fp/hard\libc_nano.a(lib_a-strlen.o)
                0x00000000080001d0                strlen
 .text          0x00000000080001e0       0xa0 c:/st/stm32cubeide_1.0.2/stm32cubeide/plugins/com.st.stm32cube.ide.mcu.externaltools.gnu-tools-for-stm32.9-2020-q2-update.win32_1.5.0.202011040924/tools/bin/../lib/gcc/arm-none-eabi/9.3.1/../../../../arm-none-eabi/lib/thumb/v7e-m+fp/hard\libc_nano.a(lib_a-memchr.o)
                0x00000000080001e0                memchr
 .text          0x0000000008000280      0x378 c:/st/stm32cubeide_1.0.2/stm32cubeide/plugins/com.st.stm32cube.ide.mcu.externaltools.gnu-tools-for-stm32.9-2020-q2-update.win32_1.5.0.202011040924/tools/bin/../lib/gcc/arm-none-eabi/9.3.1/thumb/v7e-m+fp/hard\libgcc.a(_arm_addsubdf3.o)
                0x0000000008000280                __aeabi_drsub
                0x0000000008000288                __aeabi_dsub
                0x0000000008000288                __subdf3
                0x000000000800028c                __aeabi_dadd
                0x000000000800028c                __adddf3
                0x0000000008000504                __floatunsidf
                0x0000000008000504                __aeabi_ui2d
                0x0000000008000524                __floatsidf
                0x0000000008000524                __aeabi_i2d
                0x0000000008000548                __aeabi_f2d
                0x0000000008000548                __extendsfdf2
                0x000000000800058c                __floatundidf
                0x000000000800058c                __aeabi_ul2d
                0x000000000800059c                __floatdidf
                0x000000000800059c                __aeabi_l2d
 .text          0x00000000080005f8      0x424 c:/st/stm32cubeide_1.0.2/stm32cubeide/plugins/com.st.stm32cube.ide.mcu.externaltools.gnu-tools-for-stm32.9-2020-q2-update.win32_1.5.0.202011040924/tools/bin/../lib/gcc/arm-none-eabi/9.3.1/thumb/v7e-m+fp/hard\libgcc.a(_arm_muldivdf3.o)
                0x00000000080005f8                __aeabi_dmul
                0x00000000080005f8                __muldf3
                0x000000000800084c                __divdf3
                0x000000000800084c                __aeabi_ddiv
 .text          0x0000000008000a1c      0x110 c:/st/stm32cubeide_1.0.2/stm32cubeide/plugins/com.st.stm32cube.ide.mcu.externaltools.gnu-tools-for-stm32.9-2020-q2-update.win32_1.5.0.202011040924/tools/bin/../lib/gcc/arm-none-eabi/9.3.1/thumb/v7e-m+fp/hard\libgcc.a(_arm_cmpdf2.o)
                0x0000000008000a1c                __gtdf2
                0x0000000008000a1c                __gedf2
                0x0000000008000a24                __ltdf2
                0x0000000008000a24                __ledf2
                0x0000000008000a2c                __nedf2
                0x0000000008000a2c                __eqdf2
                0x0000000008000a2c                __cmpdf2
                0x0000000008000aa8                __aeabi_cdrcmple
                0x0000000008000ab8                __aeabi_cdcmpeq
                0x0000000008000ab8                __aeabi_cdcmple
                0x0000000008000ac8                __aeabi_dcmpeq
                0x0000000008000adc                __aeabi_dcmplt
                0x0000000008000af0                __aeabi_dcmple
                0x0000000008000b04                __aeabi_dcmpge
                0x0000000008000b18                __aeabi_dcmpgt
 .text          0x0000000008000b2c       0x2c c:/st/stm32cubeide_1.0.2/stm32cubeide/plugins/com.st.stm32cube.ide.mcu.externaltools.gnu-tools-for-stm32.9-2020-q2-update.win32_1.5.0.202011040924/tools/bin/../lib/gcc/arm-none-eabi/9.3.1/thumb/v7e-m+fp/hard\libgcc.a(_arm_unorddf2.o)
                0x0000000008000b2c                __unorddf2
                0x0000000008000b2c                __aeabi_dcmpun
 .text          0x0000000008000b58       0x50 c:/st/stm32cubeide_1.0.2/stm32cubeide/plugins/com.st.stm32cube.ide.mcu.externaltools.gnu-tools-for-stm32.9-2020-q2-update.win32_1.5.0.202011040924/tools/bin/../lib/gcc/arm-none-eabi/9.3.1/thumb/v7e-m+fp/hard\libgcc.a(_arm_fixdfsi.o)
                0x0000000008000b58                __aeabi_d2iz
                0x0000000008000b58                __fixdfsi
 .text          0x0000000008000ba8       0x30 c:/st/stm32cubeide_1.0.2/stm32cubeide/plugins/com.st.stm32cube.ide.mcu.externaltools.gnu-tools-for-stm32.9-2020-q2-update.win32_1.5.0.202011040924/tools/bin/../lib/gcc/arm-none-eabi/9.3.1/thumb/v7e-m+fp/hard\libgcc.a(_aeabi_uldivmod.o)
                0x0000000008000ba8                __aeabi_uldivmod
 .text          0x0000000008000bd8      0x2c4 c:/st/stm32cubeide_1.0.2/stm32cubeide/plugins/com.st.stm32cube.ide.mcu.externaltools.gnu-tools-for-stm32.9-2020-q2-update.win32_1.5.0.202011040924/tools/bin/../lib/gcc/arm-none-eabi/9.3.1/thumb/v7e-m+fp/hard\libgcc.a(_udivmoddi4.o)
                0x0000000008000bd8                __udivmoddi4
 .text          0x0000000008000e9c        0x4 c:/st/stm32cubeide_1.0.2/stm32cubeide/plugins/com.st.stm32cube.ide.mcu.externaltools.gnu-tools-for-stm32.9-2020-q2-update.win32_1.5.0.202011040924/tools/bin/../lib/gcc/arm-none-eabi/9.3.1/thumb/v7e-m+fp/hard\libgcc.a(_dvmd_tls.o)
                0x0000000008000e9c                __aeabi_idiv0
                0x0000000008000e9c                __aeabi_ldiv0
 *(.text*)
 .text.callbackTIM
                0x0000000008000ea0       0x40 Core/Src/Controller/callback.o
                0x0000000008000ea0                callbackTIM
 .text.modeSelect
                0x0000000008000ee0      0x14c Core/Src/Controller/mode.o
                0x0000000008000ee0                modeSelect
 .text.waitStarting
                0x000000000800102c       0x58 Core/Src/Controller/mode.o
                0x000000000800102c                waitStarting
 .text.judgeFailSafe
                0x0000000008001084      0x110 Core/Src/Controller/mode.o
                0x0000000008001084                judgeFailSafe
 .text.searchMazeBySlalom
                0x0000000008001194      0x19c Core/Src/Controller/search.o
                0x0000000008001194                searchMazeBySlalom
 .text.CheckGoal
                0x0000000008001330       0xcc Core/Src/Controller/search.o
                0x0000000008001330                CheckGoal
 .text.calculatePID
                0x00000000080013fc      0x118 Core/Src/Controller/state.o
                0x00000000080013fc                calculatePID
 .text.calculateTargetVelocity
                0x0000000008001514       0xc4 Core/Src/Controller/state.o
                0x0000000008001514                calculateTargetVelocity
 .text.calculateTagetOmega
                0x00000000080015d8       0xc4 Core/Src/Controller/state.o
                0x00000000080015d8                calculateTagetOmega
 .text.setStatus
                0x000000000800169c       0x6e Core/Src/Controller/state.o
                0x000000000800169c                setStatus
 .text.setParameters
                0x000000000800170a       0x4e Core/Src/Controller/state.o
                0x000000000800170a                setParameters
 .text.initMouseStatus
                0x0000000008001758      0x240 Core/Src/Controller/state.o
                0x0000000008001758                initMouseStatus
 .text.updateStatus
                0x0000000008001998      0x2c8 Core/Src/Controller/state.o
                0x0000000008001998                updateStatus
 .text.LL_SPI_Enable
                0x0000000008001c60       0x20 Core/Src/Hardware/ICM20689.o
 .text.LL_SPI_IsEnabled
                0x0000000008001c80       0x26 Core/Src/Hardware/ICM20689.o
 .text.LL_SPI_IsActiveFlag_RXNE
                0x0000000008001ca6       0x26 Core/Src/Hardware/ICM20689.o
 .text.LL_SPI_IsActiveFlag_TXE
                0x0000000008001ccc       0x26 Core/Src/Hardware/ICM20689.o
 .text.LL_SPI_ReceiveData8
                0x0000000008001cf2       0x1a Core/Src/Hardware/ICM20689.o
 .text.LL_SPI_TransmitData8
                0x0000000008001d0c       0x24 Core/Src/Hardware/ICM20689.o
 .text.LL_GPIO_SetOutputPin
                0x0000000008001d30       0x1c Core/Src/Hardware/ICM20689.o
 .text.LL_GPIO_ResetOutputPin
                0x0000000008001d4c       0x1e Core/Src/Hardware/ICM20689.o
 *fill*         0x0000000008001d6a        0x2 
 .text.SPI_Control
                0x0000000008001d6c       0x9c Core/Src/Hardware/ICM20689.o
                0x0000000008001d6c                SPI_Control
 .text.readByte
                0x0000000008001e08       0x38 Core/Src/Hardware/ICM20689.o
                0x0000000008001e08                readByte
 .text.writeByte
                0x0000000008001e40       0x3c Core/Src/Hardware/ICM20689.o
                0x0000000008001e40                writeByte
 .text.initIMU  0x0000000008001e7c       0xb0 Core/Src/Hardware/ICM20689.o
                0x0000000008001e7c                initIMU
 .text.readGyroOmegaZ
                0x0000000008001f2c       0x4c Core/Src/Hardware/ICM20689.o
                0x0000000008001f2c                readGyroOmegaZ
 .text.readGyroAccelX
                0x0000000008001f78       0x4c Core/Src/Hardware/ICM20689.o
                0x0000000008001f78                readGyroAccelX
 .text.LL_TIM_EnableCounter
                0x0000000008001fc4       0x20 Core/Src/Hardware/basic_timer.o
 .text.LL_TIM_DisableCounter
                0x0000000008001fe4       0x20 Core/Src/Hardware/basic_timer.o
 .text.LL_TIM_EnableIT_UPDATE
                0x0000000008002004       0x20 Core/Src/Hardware/basic_timer.o
 .text.LL_TIM_DisableIT_UPDATE
                0x0000000008002024       0x20 Core/Src/Hardware/basic_timer.o
 .text.basicTimerStart
                0x0000000008002044       0x18 Core/Src/Hardware/basic_timer.o
                0x0000000008002044                basicTimerStart
 .text.basicTimerPause
                0x000000000800205c       0x18 Core/Src/Hardware/basic_timer.o
                0x000000000800205c                basicTimerPause
 .text.waitMs   0x0000000008002074       0x1a Core/Src/Hardware/basic_timer.o
                0x0000000008002074                waitMs
 *fill*         0x000000000800208e        0x2 
 .text.waitUs   0x0000000008002090       0x54 Core/Src/Hardware/basic_timer.o
                0x0000000008002090                waitUs
 .text.readBatteryCheck
                0x00000000080020e4       0x28 Core/Src/Hardware/battery.o
                0x00000000080020e4                readBatteryCheck
 .text.LL_TIM_EnableCounter
                0x000000000800210c       0x20 Core/Src/Hardware/buzzer.o
 .text.LL_TIM_SetCounter
                0x000000000800212c       0x1c Core/Src/Hardware/buzzer.o
 .text.LL_TIM_SetAutoReload
                0x0000000008002148       0x1c Core/Src/Hardware/buzzer.o
 .text.LL_TIM_CC_EnableChannel
                0x0000000008002164       0x22 Core/Src/Hardware/buzzer.o
 .text.LL_TIM_OC_SetCompareCH4
                0x0000000008002186       0x1c Core/Src/Hardware/buzzer.o
 .text.LL_TIM_EnableAllOutputs
                0x00000000080021a2       0x20 Core/Src/Hardware/buzzer.o
 *fill*         0x00000000080021c2        0x2 
 .text.enableMelody
                0x00000000080021c4       0x24 Core/Src/Hardware/buzzer.o
                0x00000000080021c4                enableMelody
 .text.stopMelody
                0x00000000080021e8       0x14 Core/Src/Hardware/buzzer.o
                0x00000000080021e8                stopMelody
 .text.Melody   0x00000000080021fc       0x58 Core/Src/Hardware/buzzer.o
                0x00000000080021fc                Melody
 .text.LL_TIM_EnableCounter
                0x0000000008002254       0x20 Core/Src/Hardware/encoder.o
 .text.LL_TIM_DisableCounter
                0x0000000008002274       0x20 Core/Src/Hardware/encoder.o
 .text.enableEncoder
                0x0000000008002294       0x28 Core/Src/Hardware/encoder.o
                0x0000000008002294                enableEncoder
 .text.disableEncoder
                0x00000000080022bc       0x1c Core/Src/Hardware/encoder.o
                0x00000000080022bc                disableEncoder
 .text.getEncoderData
                0x00000000080022d8       0x64 Core/Src/Hardware/encoder.o
                0x00000000080022d8                getEncoderData
 .text.FLASH_Lock
                0x000000000800233c       0x20 Core/Src/Hardware/flash.o
 .text.FLASH_Unlock
                0x000000000800235c       0x28 Core/Src/Hardware/flash.o
 .text.FLASH_WaitBusy
                0x0000000008002384       0x24 Core/Src/Hardware/flash.o
                0x0000000008002384                FLASH_WaitBusy
 .text.FLASH_WriteByte
                0x00000000080023a8       0x50 Core/Src/Hardware/flash.o
                0x00000000080023a8                FLASH_WriteByte
 .text.FLASH_WriteData
                0x00000000080023f8       0x34 Core/Src/Hardware/flash.o
                0x00000000080023f8                FLASH_WriteData
 .text.FLASH_Erase
                0x000000000800242c       0x3c Core/Src/Hardware/flash.o
                0x000000000800242c                FLASH_Erase
 .text.setLED1State
                0x0000000008002468       0x34 Core/Src/Hardware/interface_LED.o
                0x0000000008002468                setLED1State
 .text.setLED2State
                0x000000000800249c       0x34 Core/Src/Hardware/interface_LED.o
                0x000000000800249c                setLED2State
 .text.setLED3State
                0x00000000080024d0       0x34 Core/Src/Hardware/interface_LED.o
                0x00000000080024d0                setLED3State
 .text.setLED4State
                0x0000000008002504       0x30 Core/Src/Hardware/interface_LED.o
                0x0000000008002504                setLED4State
 .text.setLED5State
                0x0000000008002534       0x30 Core/Src/Hardware/interface_LED.o
                0x0000000008002534                setLED5State
 .text.displayBinaryValueWithLEDs
                0x0000000008002564       0x58 Core/Src/Hardware/interface_LED.o
                0x0000000008002564                displayBinaryValueWithLEDs
 .text.LL_TIM_EnableCounter
                0x00000000080025bc       0x20 Core/Src/Hardware/motor.o
 .text.LL_TIM_DisableCounter
                0x00000000080025dc       0x20 Core/Src/Hardware/motor.o
 .text.LL_TIM_SetCounter
                0x00000000080025fc       0x1c Core/Src/Hardware/motor.o
 .text.LL_TIM_CC_EnableChannel
                0x0000000008002618       0x22 Core/Src/Hardware/motor.o
 .text.LL_TIM_CC_DisableChannel
                0x000000000800263a       0x24 Core/Src/Hardware/motor.o
 .text.LL_TIM_OC_SetCompareCH1
                0x000000000800265e       0x1c Core/Src/Hardware/motor.o
 .text.LL_TIM_OC_SetCompareCH2
                0x000000000800267a       0x1c Core/Src/Hardware/motor.o
 .text.LL_TIM_EnableAllOutputs
                0x0000000008002696       0x20 Core/Src/Hardware/motor.o
 .text.LL_GPIO_SetOutputPin
                0x00000000080026b6       0x1c Core/Src/Hardware/motor.o
 .text.LL_GPIO_ResetOutputPin
                0x00000000080026d2       0x1e Core/Src/Hardware/motor.o
 .text.setMotorDriverState
                0x00000000080026f0       0x3c Core/Src/Hardware/motor.o
                0x00000000080026f0                setMotorDriverState
 .text.enableMotors
                0x000000000800272c       0x90 Core/Src/Hardware/motor.o
                0x000000000800272c                enableMotors
 .text.setMotorDirection
                0x00000000080027bc       0x80 Core/Src/Hardware/motor.o
                0x00000000080027bc                setMotorDirection
 .text.dutyConverter
                0x000000000800283c       0x6c Core/Src/Hardware/motor.o
                0x000000000800283c                dutyConverter
 .text.driveMotors
                0x00000000080028a8       0xa4 Core/Src/Hardware/motor.o
                0x00000000080028a8                driveMotors
 .text.shutdownMotors
                0x000000000800294c       0x44 Core/Src/Hardware/motor.o
                0x000000000800294c                shutdownMotors
 .text.LL_ADC_DMA_GetRegAddr
                0x0000000008002990       0x34 Core/Src/Hardware/wall_sensor.o
 .text.LL_ADC_Enable
                0x00000000080029c4       0x20 Core/Src/Hardware/wall_sensor.o
 .text.LL_ADC_REG_StartConversionSWStart
                0x00000000080029e4       0x20 Core/Src/Hardware/wall_sensor.o
 .text.LL_ADC_ClearFlag_EOCS
                0x0000000008002a04       0x1c Core/Src/Hardware/wall_sensor.o
 .text.LL_DMA_EnableStream
                0x0000000008002a20       0x40 Core/Src/Hardware/wall_sensor.o
 .text.LL_DMA_DisableStream
                0x0000000008002a60       0x40 Core/Src/Hardware/wall_sensor.o
 .text.LL_DMA_SetDataLength
                0x0000000008002aa0       0x48 Core/Src/Hardware/wall_sensor.o
 .text.LL_DMA_ConfigAddresses
                0x0000000008002ae8       0x78 Core/Src/Hardware/wall_sensor.o
 .text.LL_DMA_EnableIT_TC
                0x0000000008002b60       0x40 Core/Src/Hardware/wall_sensor.o
 .text.ADC1_Start_DMA2
                0x0000000008002ba0       0x54 Core/Src/Hardware/wall_sensor.o
                0x0000000008002ba0                ADC1_Start_DMA2
 .text.changeFrontCenterLED
                0x0000000008002bf4       0x30 Core/Src/Hardware/wall_sensor.o
                0x0000000008002bf4                changeFrontCenterLED
 .text.changeFrontRightLED
                0x0000000008002c24       0x30 Core/Src/Hardware/wall_sensor.o
                0x0000000008002c24                changeFrontRightLED
 .text.changeFrontLeftLED
                0x0000000008002c54       0x30 Core/Src/Hardware/wall_sensor.o
                0x0000000008002c54                changeFrontLeftLED
 .text.changeRightLED
                0x0000000008002c84       0x30 Core/Src/Hardware/wall_sensor.o
                0x0000000008002c84                changeRightLED
 .text.changeLeftLED
                0x0000000008002cb4       0x30 Core/Src/Hardware/wall_sensor.o
                0x0000000008002cb4                changeLeftLED
 .text.changeLEDs
                0x0000000008002ce4       0x6c Core/Src/Hardware/wall_sensor.o
                0x0000000008002ce4                changeLEDs
 .text.getWallADC
                0x0000000008002d50       0x24 Core/Src/Hardware/wall_sensor.o
                0x0000000008002d50                getWallADC
 .text.startADCwithDMA
                0x0000000008002d74       0x24 Core/Src/Hardware/wall_sensor.o
                0x0000000008002d74                startADCwithDMA
 .text.DMA_CallbackTask
                0x0000000008002d98       0x18 Core/Src/Hardware/wall_sensor.o
                0x0000000008002d98                DMA_CallbackTask
 .text.setControlFlags
                0x0000000008002db0       0x74 Core/Src/System/flags.o
                0x0000000008002db0                setControlFlags
 .text.setAccelFlags
                0x0000000008002e24       0x74 Core/Src/System/flags.o
                0x0000000008002e24                setAccelFlags
 .text.storeLog
                0x0000000008002e98       0xb8 Core/Src/System/log.o
                0x0000000008002e98                storeLog
 .text.deleteWallMap
                0x0000000008002f50       0xe4 Core/Src/System/map.o
                0x0000000008002f50                deleteWallMap
 .text.updateWallMap
                0x0000000008003034      0x244 Core/Src/System/map.o
                0x0000000008003034                updateWallMap
 .text.makeStepMap
                0x0000000008003278      0x264 Core/Src/System/map.o
                0x0000000008003278                makeStepMap
 .text.MakeRoute_NESW
                0x00000000080034dc      0x254 Core/Src/System/map.o
                0x00000000080034dc                MakeRoute_NESW
 .text.ConfRoute_NESW
                0x0000000008003730       0x50 Core/Src/System/map.o
                0x0000000008003730                ConfRoute_NESW
 .text.advancePosition
                0x0000000008003780       0x6c Core/Src/System/map.o
                0x0000000008003780                advancePosition
 .text.changeDirection
                0x00000000080037ec       0x38 Core/Src/System/map.o
                0x00000000080037ec                changeDirection
 .text.setMapStruct
                0x0000000008003824       0x52 Core/Src/System/map.o
                0x0000000008003824                setMapStruct
 *fill*         0x0000000008003876        0x2 
 .text.prepareMapForSearch
                0x0000000008003878       0x64 Core/Src/System/map.o
                0x0000000008003878                prepareMapForSearch
 .text.saveWallMap
                0x00000000080038dc       0x5c Core/Src/System/map.o
                0x00000000080038dc                saveWallMap
 .text.driveAccelMotion
                0x0000000008003938      0x168 Core/Src/System/motion.o
                0x0000000008003938                driveAccelMotion
 .text.spinMotion
                0x0000000008003aa0      0x1c4 Core/Src/System/motion.o
                0x0000000008003aa0                spinMotion
 .text.slalomMotion
                0x0000000008003c64      0x1bc Core/Src/System/motion.o
                0x0000000008003c64                slalomMotion
 .text.moveHalfSectionAccel
                0x0000000008003e20       0x4c Core/Src/System/motion.o
                0x0000000008003e20                moveHalfSectionAccel
 .text.moveHalfSectionDecel
                0x0000000008003e6c       0x2c Core/Src/System/motion.o
                0x0000000008003e6c                moveHalfSectionDecel
 .text.moveOneSectionAccel
                0x0000000008003e98       0x3c Core/Src/System/motion.o
                0x0000000008003e98                moveOneSectionAccel
 .text.fixPostureByWallSensor
                0x0000000008003ed4       0x40 Core/Src/System/motion.o
                0x0000000008003ed4                fixPostureByWallSensor
 .text.spinRight180
                0x0000000008003f14       0x14 Core/Src/System/motion.o
                0x0000000008003f14                spinRight180
 .text.moveSlalomR90
                0x0000000008003f28       0x40 Core/Src/System/motion.o
                0x0000000008003f28                moveSlalomR90
 .text.moveSlalomL90
                0x0000000008003f68       0x40 Core/Src/System/motion.o
                0x0000000008003f68                moveSlalomL90
 .text.MelodySummer
                0x0000000008003fa8       0x5a Core/Src/System/music.o
                0x0000000008003fa8                MelodySummer
 .text.MelodyGoal
                0x0000000008004002       0x2c Core/Src/System/music.o
                0x0000000008004002                MelodyGoal
 .text.MelodyMrLawrence
                0x000000000800402e       0xb0 Core/Src/System/music.o
                0x000000000800402e                MelodyMrLawrence
 .text.MelodyNatsumatsuri
                0x00000000080040de       0x58 Core/Src/System/music.o
                0x00000000080040de                MelodyNatsumatsuri
 *fill*         0x0000000008004136        0x2 
 .text.getEncoderVelocity
                0x0000000008004138       0x30 Core/Src/System/sensing.o
                0x0000000008004138                getEncoderVelocity
 .text.getCenterMileage
                0x0000000008004168       0xb4 Core/Src/System/sensing.o
                0x0000000008004168                getCenterMileage
 .text.addAngle
                0x000000000800421c       0x38 Core/Src/System/sensing.o
                0x000000000800421c                addAngle
 .text.getCenterVelocity
                0x0000000008004254       0x3c Core/Src/System/sensing.o
                0x0000000008004254                getCenterVelocity
 .text.getOmega
                0x0000000008004290       0x1c Core/Src/System/sensing.o
                0x0000000008004290                getOmega
 .text.getWallSensorOffset
                0x00000000080042ac       0x6c Core/Src/System/sensing.o
                0x00000000080042ac                getWallSensorOffset
 .text.getWallSensor
                0x0000000008004318       0x94 Core/Src/System/sensing.o
                0x0000000008004318                getWallSensor
 .text.getOmegaOffset
                0x00000000080043ac       0x68 Core/Src/System/sensing.o
                0x00000000080043ac                getOmegaOffset
 .text.getAccelOffset
                0x0000000008004414       0x68 Core/Src/System/sensing.o
                0x0000000008004414                getAccelOffset
 .text.getWallInfo
                0x000000000800447c       0x4c Core/Src/System/sensing.o
                0x000000000800447c                getWallInfo
 .text.initSensors
                0x00000000080044c8       0x24 Core/Src/System/sensing.o
                0x00000000080044c8                initSensors
 .text.updateSensors
                0x00000000080044ec       0xb0 Core/Src/System/sensing.o
                0x00000000080044ec                updateSensors
 .text.getOffsets
                0x000000000800459c       0x30 Core/Src/System/sensing.o
                0x000000000800459c                getOffsets
 .text.LL_ADC_REG_SetSequencerRanks
                0x00000000080045cc       0x6c Core/Src/adc.o
 .text.LL_ADC_REG_SetFlagEndOfConversion
                0x0000000008004638       0x26 Core/Src/adc.o
 .text.LL_ADC_SetChannelSamplingTime
                0x000000000800465e       0x98 Core/Src/adc.o
 *fill*         0x00000000080046f6        0x2 
 .text.LL_DMA_SetDataTransferDirection
                0x00000000080046f8       0x48 Core/Src/adc.o
 .text.LL_DMA_SetMode
                0x0000000008004740       0x48 Core/Src/adc.o
 .text.LL_DMA_SetPeriphIncMode
                0x0000000008004788       0x48 Core/Src/adc.o
 .text.LL_DMA_SetMemoryIncMode
                0x00000000080047d0       0x48 Core/Src/adc.o
 .text.LL_DMA_SetPeriphSize
                0x0000000008004818       0x48 Core/Src/adc.o
 .text.LL_DMA_SetMemorySize
                0x0000000008004860       0x48 Core/Src/adc.o
 .text.LL_DMA_SetStreamPriorityLevel
                0x00000000080048a8       0x48 Core/Src/adc.o
 .text.LL_DMA_SetChannelSelection
                0x00000000080048f0       0x48 Core/Src/adc.o
 .text.LL_DMA_DisableFifoMode
                0x0000000008004938       0x40 Core/Src/adc.o
 .text.LL_AHB1_GRP1_EnableClock
                0x0000000008004978       0x30 Core/Src/adc.o
 .text.LL_APB2_GRP1_EnableClock
                0x00000000080049a8       0x30 Core/Src/adc.o
 .text.MX_ADC1_Init
                0x00000000080049d8      0x1b8 Core/Src/adc.o
                0x00000000080049d8                MX_ADC1_Init
 .text.__NVIC_GetPriorityGrouping
                0x0000000008004b90       0x1c Core/Src/dma.o
 .text.__NVIC_EnableIRQ
                0x0000000008004bac       0x3c Core/Src/dma.o
 .text.__NVIC_SetPriority
                0x0000000008004be8       0x54 Core/Src/dma.o
 .text.NVIC_EncodePriority
                0x0000000008004c3c       0x66 Core/Src/dma.o
 *fill*         0x0000000008004ca2        0x2 
 .text.LL_AHB1_GRP1_EnableClock
                0x0000000008004ca4       0x30 Core/Src/dma.o
 .text.MX_DMA_Init
                0x0000000008004cd4       0x30 Core/Src/dma.o
                0x0000000008004cd4                MX_DMA_Init
 .text.LL_AHB1_GRP1_EnableClock
                0x0000000008004d04       0x30 Core/Src/gpio.o
 .text.LL_GPIO_ResetOutputPin
                0x0000000008004d34       0x1e Core/Src/gpio.o
 *fill*         0x0000000008004d52        0x2 
 .text.MX_GPIO_Init
                0x0000000008004d54      0x104 Core/Src/gpio.o
                0x0000000008004d54                MX_GPIO_Init
 .text.__NVIC_SetPriorityGrouping
                0x0000000008004e58       0x48 Core/Src/main.o
 .text.LL_RCC_HSI_Enable
                0x0000000008004ea0       0x20 Core/Src/main.o
 .text.LL_RCC_HSI_IsReady
                0x0000000008004ec0       0x24 Core/Src/main.o
 .text.LL_RCC_HSI_SetCalibTrimming
                0x0000000008004ee4       0x2c Core/Src/main.o
 .text.LL_RCC_SetSysClkSource
                0x0000000008004f10       0x28 Core/Src/main.o
 .text.LL_RCC_GetSysClkSource
                0x0000000008004f38       0x1c Core/Src/main.o
 .text.LL_RCC_SetAHBPrescaler
                0x0000000008004f54       0x28 Core/Src/main.o
 .text.LL_RCC_SetAPB1Prescaler
                0x0000000008004f7c       0x28 Core/Src/main.o
 .text.LL_RCC_SetAPB2Prescaler
                0x0000000008004fa4       0x28 Core/Src/main.o
 .text.LL_RCC_PLL_Enable
                0x0000000008004fcc       0x20 Core/Src/main.o
 .text.LL_RCC_PLL_IsReady
                0x0000000008004fec       0x28 Core/Src/main.o
 .text.LL_RCC_PLL_ConfigDomain_SYS
                0x0000000008005014       0x4c Core/Src/main.o
 .text.LL_APB1_GRP1_EnableClock
                0x0000000008005060       0x30 Core/Src/main.o
 .text.LL_APB2_GRP1_EnableClock
                0x0000000008005090       0x30 Core/Src/main.o
 .text.LL_FLASH_SetLatency
                0x00000000080050c0       0x28 Core/Src/main.o
 .text.LL_FLASH_GetLatency
                0x00000000080050e8       0x1c Core/Src/main.o
 .text.LL_PWR_SetRegulVoltageScaling
                0x0000000008005104       0x28 Core/Src/main.o
 .text.LL_USART_IsActiveFlag_TXE
                0x000000000800512c       0x26 Core/Src/main.o
 .text.LL_USART_TransmitData8
                0x0000000008005152       0x1e Core/Src/main.o
 .text.__io_putchar
                0x0000000008005170       0x54 Core/Src/main.o
                0x0000000008005170                __io_putchar
 .text.main     0x00000000080051c4      0x4b8 Core/Src/main.o
                0x00000000080051c4                main
 .text.SystemClock_Config
                0x000000000800567c       0x8c Core/Src/main.o
                0x000000000800567c                SystemClock_Config
 .text.LL_AHB1_GRP1_EnableClock
                0x0000000008005708       0x30 Core/Src/spi.o
 .text.LL_APB1_GRP1_EnableClock
                0x0000000008005738       0x30 Core/Src/spi.o
 .text.LL_SPI_SetStandard
                0x0000000008005768       0x26 Core/Src/spi.o
 *fill*         0x000000000800578e        0x2 
 .text.MX_SPI3_Init
                0x0000000008005790       0xa8 Core/Src/spi.o
                0x0000000008005790                MX_SPI3_Init
 .text.LL_DMA_IsActiveFlag_TC0
                0x0000000008005838       0x26 Core/Src/stm32f4xx_it.o
 .text.LL_DMA_ClearFlag_TC0
                0x000000000800585e       0x1a Core/Src/stm32f4xx_it.o
 .text.LL_TIM_ClearFlag_UPDATE
                0x0000000008005878       0x1c Core/Src/stm32f4xx_it.o
 .text.LL_TIM_IsActiveFlag_UPDATE
                0x0000000008005894       0x26 Core/Src/stm32f4xx_it.o
 .text.NMI_Handler
                0x00000000080058ba        0x6 Core/Src/stm32f4xx_it.o
                0x00000000080058ba                NMI_Handler
 .text.HardFault_Handler
                0x00000000080058c0        0x6 Core/Src/stm32f4xx_it.o
                0x00000000080058c0                HardFault_Handler
 .text.MemManage_Handler
                0x00000000080058c6        0x6 Core/Src/stm32f4xx_it.o
                0x00000000080058c6                MemManage_Handler
 .text.BusFault_Handler
                0x00000000080058cc        0x6 Core/Src/stm32f4xx_it.o
                0x00000000080058cc                BusFault_Handler
 .text.UsageFault_Handler
                0x00000000080058d2        0x6 Core/Src/stm32f4xx_it.o
                0x00000000080058d2                UsageFault_Handler
 .text.SVC_Handler
                0x00000000080058d8        0xe Core/Src/stm32f4xx_it.o
                0x00000000080058d8                SVC_Handler
 .text.DebugMon_Handler
                0x00000000080058e6        0xe Core/Src/stm32f4xx_it.o
                0x00000000080058e6                DebugMon_Handler
 .text.PendSV_Handler
                0x00000000080058f4        0xe Core/Src/stm32f4xx_it.o
                0x00000000080058f4                PendSV_Handler
 .text.SysTick_Handler
                0x0000000008005902        0xe Core/Src/stm32f4xx_it.o
                0x0000000008005902                SysTick_Handler
 .text.TIM5_IRQHandler
                0x0000000008005910       0x24 Core/Src/stm32f4xx_it.o
                0x0000000008005910                TIM5_IRQHandler
 .text.DMA2_Stream0_IRQHandler
                0x0000000008005934       0x24 Core/Src/stm32f4xx_it.o
                0x0000000008005934                DMA2_Stream0_IRQHandler
 .text._getpid  0x0000000008005958       0x10 Core/Src/syscalls.o
                0x0000000008005958                _getpid
 .text._kill    0x0000000008005968       0x20 Core/Src/syscalls.o
                0x0000000008005968                _kill
 .text._exit    0x0000000008005988       0x14 Core/Src/syscalls.o
                0x0000000008005988                _exit
 .text._read    0x000000000800599c       0x3a Core/Src/syscalls.o
                0x000000000800599c                _read
 .text._write   0x00000000080059d6       0x38 Core/Src/syscalls.o
                0x00000000080059d6                _write
 .text._close   0x0000000008005a0e       0x18 Core/Src/syscalls.o
                0x0000000008005a0e                _close
 .text._fstat   0x0000000008005a26       0x20 Core/Src/syscalls.o
                0x0000000008005a26                _fstat
 .text._isatty  0x0000000008005a46       0x16 Core/Src/syscalls.o
                0x0000000008005a46                _isatty
 .text._lseek   0x0000000008005a5c       0x1a Core/Src/syscalls.o
                0x0000000008005a5c                _lseek
 *fill*         0x0000000008005a76        0x2 
 .text._sbrk    0x0000000008005a78       0x6c Core/Src/sysmem.o
                0x0000000008005a78                _sbrk
 .text.SystemInit
                0x0000000008005ae4       0x2c Core/Src/system_stm32f4xx.o
                0x0000000008005ae4                SystemInit
 .text.__NVIC_GetPriorityGrouping
                0x0000000008005b10       0x1c Core/Src/tim.o
 .text.__NVIC_EnableIRQ
                0x0000000008005b2c       0x3c Core/Src/tim.o
 .text.__NVIC_SetPriority
                0x0000000008005b68       0x54 Core/Src/tim.o
 .text.NVIC_EncodePriority
                0x0000000008005bbc       0x66 Core/Src/tim.o
 *fill*         0x0000000008005c22        0x2 
 .text.LL_AHB1_GRP1_EnableClock
                0x0000000008005c24       0x30 Core/Src/tim.o
 .text.LL_APB1_GRP1_EnableClock
                0x0000000008005c54       0x30 Core/Src/tim.o
 .text.LL_APB2_GRP1_EnableClock
                0x0000000008005c84       0x30 Core/Src/tim.o
 .text.LL_TIM_EnableARRPreload
                0x0000000008005cb4       0x20 Core/Src/tim.o
 .text.LL_TIM_DisableARRPreload
                0x0000000008005cd4       0x20 Core/Src/tim.o
 .text.LL_TIM_OC_DisableFast
                0x0000000008005cf4       0x8c Core/Src/tim.o
 .text.LL_TIM_OC_EnablePreload
                0x0000000008005d80       0x88 Core/Src/tim.o
 .text.LL_TIM_IC_SetActiveInput
                0x0000000008005e08       0x9c Core/Src/tim.o
 .text.LL_TIM_IC_SetPrescaler
                0x0000000008005ea4       0x9c Core/Src/tim.o
 .text.LL_TIM_IC_SetFilter
                0x0000000008005f40       0x9c Core/Src/tim.o
 .text.LL_TIM_IC_SetPolarity
                0x0000000008005fdc       0x88 Core/Src/tim.o
 .text.LL_TIM_SetClockSource
                0x0000000008006064       0x2a Core/Src/tim.o
 .text.LL_TIM_SetEncoderMode
                0x000000000800608e       0x26 Core/Src/tim.o
 .text.LL_TIM_SetTriggerOutput
                0x00000000080060b4       0x26 Core/Src/tim.o
 .text.LL_TIM_DisableMasterSlaveMode
                0x00000000080060da       0x20 Core/Src/tim.o
 *fill*         0x00000000080060fa        0x2 
 .text.MX_TIM1_Init
                0x00000000080060fc      0x130 Core/Src/tim.o
                0x00000000080060fc                MX_TIM1_Init
 .text.MX_TIM2_Init
                0x000000000800622c       0xe8 Core/Src/tim.o
                0x000000000800622c                MX_TIM2_Init
 .text.MX_TIM3_Init
                0x0000000008006314       0xf4 Core/Src/tim.o
                0x0000000008006314                MX_TIM3_Init
 .text.MX_TIM4_Init
                0x0000000008006408       0xf4 Core/Src/tim.o
                0x0000000008006408                MX_TIM4_Init
 .text.MX_TIM5_Init
                0x00000000080064fc       0x80 Core/Src/tim.o
                0x00000000080064fc                MX_TIM5_Init
 .text.MX_TIM6_Init
                0x000000000800657c       0x54 Core/Src/tim.o
                0x000000000800657c                MX_TIM6_Init
 .text.MX_TIM8_Init
                0x00000000080065d0      0x134 Core/Src/tim.o
                0x00000000080065d0                MX_TIM8_Init
 .text.MX_TIM11_Init
                0x0000000008006704       0xcc Core/Src/tim.o
                0x0000000008006704                MX_TIM11_Init
 .text.LL_AHB1_GRP1_EnableClock
                0x00000000080067d0       0x30 Core/Src/usart.o
 .text.LL_APB2_GRP1_EnableClock
                0x0000000008006800       0x30 Core/Src/usart.o
 .text.LL_USART_Enable
                0x0000000008006830       0x20 Core/Src/usart.o
 .text.LL_USART_ConfigAsyncMode
                0x0000000008006850       0x2c Core/Src/usart.o
 .text.MX_USART1_UART_Init
                0x000000000800687c       0xa0 Core/Src/usart.o
                0x000000000800687c                MX_USART1_UART_Init
 .text.Reset_Handler
                0x000000000800691c       0x50 Core/Startup/startup_stm32f405rgtx.o
                0x000000000800691c                Reset_Handler
 .text.Default_Handler
                0x000000000800696c        0x2 Core/Startup/startup_stm32f405rgtx.o
                0x000000000800696c                RTC_Alarm_IRQHandler
                0x000000000800696c                HASH_RNG_IRQHandler
                0x000000000800696c                EXTI2_IRQHandler
                0x000000000800696c                TIM8_CC_IRQHandler
                0x000000000800696c                TIM1_CC_IRQHandler
                0x000000000800696c                DMA2_Stream5_IRQHandler
                0x000000000800696c                DMA1_Stream5_IRQHandler
                0x000000000800696c                PVD_IRQHandler
                0x000000000800696c                SDIO_IRQHandler
                0x000000000800696c                TAMP_STAMP_IRQHandler
                0x000000000800696c                CAN2_RX1_IRQHandler
                0x000000000800696c                EXTI3_IRQHandler
                0x000000000800696c                TIM8_TRG_COM_TIM14_IRQHandler
                0x000000000800696c                TIM1_UP_TIM10_IRQHandler
                0x000000000800696c                TIM8_UP_TIM13_IRQHandler
                0x000000000800696c                I2C3_ER_IRQHandler
                0x000000000800696c                EXTI0_IRQHandler
                0x000000000800696c                I2C2_EV_IRQHandler
                0x000000000800696c                DMA1_Stream2_IRQHandler
                0x000000000800696c                CAN1_RX0_IRQHandler
                0x000000000800696c                FPU_IRQHandler
                0x000000000800696c                OTG_HS_WKUP_IRQHandler
                0x000000000800696c                CAN2_SCE_IRQHandler
                0x000000000800696c                DMA2_Stream2_IRQHandler
                0x000000000800696c                SPI1_IRQHandler
                0x000000000800696c                TIM6_DAC_IRQHandler
                0x000000000800696c                TIM1_BRK_TIM9_IRQHandler
                0x000000000800696c                CAN2_RX0_IRQHandler
                0x000000000800696c                DMA2_Stream3_IRQHandler
                0x000000000800696c                USART6_IRQHandler
                0x000000000800696c                USART3_IRQHandler
                0x000000000800696c                CAN1_RX1_IRQHandler
                0x000000000800696c                UART5_IRQHandler
                0x000000000800696c                TIM4_IRQHandler
                0x000000000800696c                I2C1_EV_IRQHandler
                0x000000000800696c                DMA1_Stream6_IRQHandler
                0x000000000800696c                DMA1_Stream1_IRQHandler
                0x000000000800696c                UART4_IRQHandler
                0x000000000800696c                TIM3_IRQHandler
                0x000000000800696c                RCC_IRQHandler
                0x000000000800696c                TIM8_BRK_TIM12_IRQHandler
                0x000000000800696c                Default_Handler
                0x000000000800696c                EXTI15_10_IRQHandler
                0x000000000800696c                ADC_IRQHandler
                0x000000000800696c                DMA1_Stream7_IRQHandler
                0x000000000800696c                TIM7_IRQHandler
                0x000000000800696c                CAN2_TX_IRQHandler
                0x000000000800696c                DMA2_Stream7_IRQHandler
                0x000000000800696c                I2C3_EV_IRQHandler
                0x000000000800696c                EXTI9_5_IRQHandler
                0x000000000800696c                RTC_WKUP_IRQHandler
                0x000000000800696c                SPI2_IRQHandler
                0x000000000800696c                OTG_HS_EP1_IN_IRQHandler
                0x000000000800696c                DMA1_Stream0_IRQHandler
                0x000000000800696c                CAN1_TX_IRQHandler
                0x000000000800696c                EXTI4_IRQHandler
                0x000000000800696c                FSMC_IRQHandler
                0x000000000800696c                OTG_HS_EP1_OUT_IRQHandler
                0x000000000800696c                WWDG_IRQHandler
                0x000000000800696c                TIM2_IRQHandler
                0x000000000800696c                OTG_FS_WKUP_IRQHandler
                0x000000000800696c                TIM1_TRG_COM_TIM11_IRQHandler
                0x000000000800696c                OTG_HS_IRQHandler
                0x000000000800696c                EXTI1_IRQHandler
                0x000000000800696c                USART2_IRQHandler
                0x000000000800696c                I2C2_ER_IRQHandler
                0x000000000800696c                DMA2_Stream1_IRQHandler
                0x000000000800696c                CAN1_SCE_IRQHandler
                0x000000000800696c                FLASH_IRQHandler
                0x000000000800696c                DMA2_Stream4_IRQHandler
                0x000000000800696c                USART1_IRQHandler
                0x000000000800696c                OTG_FS_IRQHandler
                0x000000000800696c                SPI3_IRQHandler
                0x000000000800696c                DMA1_Stream4_IRQHandler
                0x000000000800696c                I2C1_ER_IRQHandler
                0x000000000800696c                DMA2_Stream6_IRQHandler
                0x000000000800696c                DMA1_Stream3_IRQHandler
 .text.LL_ADC_REG_SetSequencerLength
                0x000000000800696e       0x26 Drivers/STM32F4xx_HAL_Driver/Src/stm32f4xx_ll_adc.o
 .text.LL_ADC_IsEnabled
                0x0000000008006994       0x26 Drivers/STM32F4xx_HAL_Driver/Src/stm32f4xx_ll_adc.o
 *fill*         0x00000000080069ba        0x2 
 .text.LL_ADC_CommonInit
                0x00000000080069bc       0x90 Drivers/STM32F4xx_HAL_Driver/Src/stm32f4xx_ll_adc.o
                0x00000000080069bc                LL_ADC_CommonInit
 .text.LL_ADC_Init
                0x0000000008006a4c       0x58 Drivers/STM32F4xx_HAL_Driver/Src/stm32f4xx_ll_adc.o
                0x0000000008006a4c                LL_ADC_Init
 .text.LL_ADC_REG_Init
                0x0000000008006aa4       0x84 Drivers/STM32F4xx_HAL_Driver/Src/stm32f4xx_ll_adc.o
                0x0000000008006aa4                LL_ADC_REG_Init
 .text.LL_GPIO_SetPinMode
                0x0000000008006b28       0x5e Drivers/STM32F4xx_HAL_Driver/Src/stm32f4xx_ll_gpio.o
 .text.LL_GPIO_SetPinOutputType
                0x0000000008006b86       0x30 Drivers/STM32F4xx_HAL_Driver/Src/stm32f4xx_ll_gpio.o
 .text.LL_GPIO_SetPinSpeed
                0x0000000008006bb6       0x5e Drivers/STM32F4xx_HAL_Driver/Src/stm32f4xx_ll_gpio.o
 .text.LL_GPIO_SetPinPull
                0x0000000008006c14       0x5e Drivers/STM32F4xx_HAL_Driver/Src/stm32f4xx_ll_gpio.o
 .text.LL_GPIO_SetAFPin_0_7
                0x0000000008006c72       0x5e Drivers/STM32F4xx_HAL_Driver/Src/stm32f4xx_ll_gpio.o
 .text.LL_GPIO_SetAFPin_8_15
                0x0000000008006cd0       0x62 Drivers/STM32F4xx_HAL_Driver/Src/stm32f4xx_ll_gpio.o
 .text.LL_GPIO_Init
                0x0000000008006d32       0xe6 Drivers/STM32F4xx_HAL_Driver/Src/stm32f4xx_ll_gpio.o
                0x0000000008006d32                LL_GPIO_Init
 .text.LL_RCC_GetSysClkSource
                0x0000000008006e18       0x1c Drivers/STM32F4xx_HAL_Driver/Src/stm32f4xx_ll_rcc.o
 .text.LL_RCC_GetAHBPrescaler
                0x0000000008006e34       0x1c Drivers/STM32F4xx_HAL_Driver/Src/stm32f4xx_ll_rcc.o
 .text.LL_RCC_GetAPB1Prescaler
                0x0000000008006e50       0x1c Drivers/STM32F4xx_HAL_Driver/Src/stm32f4xx_ll_rcc.o
 .text.LL_RCC_GetAPB2Prescaler
                0x0000000008006e6c       0x1c Drivers/STM32F4xx_HAL_Driver/Src/stm32f4xx_ll_rcc.o
 .text.LL_RCC_PLL_GetMainSource
                0x0000000008006e88       0x1c Drivers/STM32F4xx_HAL_Driver/Src/stm32f4xx_ll_rcc.o
 .text.LL_RCC_PLL_GetN
                0x0000000008006ea4       0x1c Drivers/STM32F4xx_HAL_Driver/Src/stm32f4xx_ll_rcc.o
 .text.LL_RCC_PLL_GetP
                0x0000000008006ec0       0x1c Drivers/STM32F4xx_HAL_Driver/Src/stm32f4xx_ll_rcc.o
 .text.LL_RCC_PLL_GetDivider
                0x0000000008006edc       0x1c Drivers/STM32F4xx_HAL_Driver/Src/stm32f4xx_ll_rcc.o
 .text.LL_RCC_GetSystemClocksFreq
                0x0000000008006ef8       0x4a Drivers/STM32F4xx_HAL_Driver/Src/stm32f4xx_ll_rcc.o
                0x0000000008006ef8                LL_RCC_GetSystemClocksFreq
 *fill*         0x0000000008006f42        0x2 
 .text.RCC_GetSystemClockFreq
                0x0000000008006f44       0x50 Drivers/STM32F4xx_HAL_Driver/Src/stm32f4xx_ll_rcc.o
                0x0000000008006f44                RCC_GetSystemClockFreq
 .text.RCC_GetHCLKClockFreq
                0x0000000008006f94       0x2c Drivers/STM32F4xx_HAL_Driver/Src/stm32f4xx_ll_rcc.o
                0x0000000008006f94                RCC_GetHCLKClockFreq
 .text.RCC_GetPCLK1ClockFreq
                0x0000000008006fc0       0x28 Drivers/STM32F4xx_HAL_Driver/Src/stm32f4xx_ll_rcc.o
                0x0000000008006fc0                RCC_GetPCLK1ClockFreq
 .text.RCC_GetPCLK2ClockFreq
                0x0000000008006fe8       0x28 Drivers/STM32F4xx_HAL_Driver/Src/stm32f4xx_ll_rcc.o
                0x0000000008006fe8                RCC_GetPCLK2ClockFreq
 .text.RCC_PLL_GetFreqDomain_SYS
                0x0000000008007010       0x7c Drivers/STM32F4xx_HAL_Driver/Src/stm32f4xx_ll_rcc.o
                0x0000000008007010                RCC_PLL_GetFreqDomain_SYS
 .text.LL_SPI_IsEnabled
                0x000000000800708c       0x26 Drivers/STM32F4xx_HAL_Driver/Src/stm32f4xx_ll_spi.o
 .text.LL_SPI_SetCRCPolynomial
                0x00000000080070b2       0x20 Drivers/STM32F4xx_HAL_Driver/Src/stm32f4xx_ll_spi.o
 .text.LL_SPI_Init
                0x00000000080070d2       0xa4 Drivers/STM32F4xx_HAL_Driver/Src/stm32f4xx_ll_spi.o
                0x00000000080070d2                LL_SPI_Init
 .text.LL_TIM_SetPrescaler
                0x0000000008007176       0x1c Drivers/STM32F4xx_HAL_Driver/Src/stm32f4xx_ll_tim.o
 .text.LL_TIM_SetAutoReload
                0x0000000008007192       0x1c Drivers/STM32F4xx_HAL_Driver/Src/stm32f4xx_ll_tim.o
 .text.LL_TIM_SetRepetitionCounter
                0x00000000080071ae       0x1c Drivers/STM32F4xx_HAL_Driver/Src/stm32f4xx_ll_tim.o
 .text.LL_TIM_OC_SetCompareCH1
                0x00000000080071ca       0x1c Drivers/STM32F4xx_HAL_Driver/Src/stm32f4xx_ll_tim.o
 .text.LL_TIM_OC_SetCompareCH2
                0x00000000080071e6       0x1c Drivers/STM32F4xx_HAL_Driver/Src/stm32f4xx_ll_tim.o
 .text.LL_TIM_OC_SetCompareCH3
                0x0000000008007202       0x1c Drivers/STM32F4xx_HAL_Driver/Src/stm32f4xx_ll_tim.o
 .text.LL_TIM_OC_SetCompareCH4
                0x000000000800721e       0x1c Drivers/STM32F4xx_HAL_Driver/Src/stm32f4xx_ll_tim.o
 .text.LL_TIM_GenerateEvent_UPDATE
                0x000000000800723a       0x20 Drivers/STM32F4xx_HAL_Driver/Src/stm32f4xx_ll_tim.o
 *fill*         0x000000000800725a        0x2 
 .text.LL_TIM_Init
                0x000000000800725c      0x134 Drivers/STM32F4xx_HAL_Driver/Src/stm32f4xx_ll_tim.o
                0x000000000800725c                LL_TIM_Init
 .text.LL_TIM_OC_Init
                0x0000000008007390       0x82 Drivers/STM32F4xx_HAL_Driver/Src/stm32f4xx_ll_tim.o
                0x0000000008007390                LL_TIM_OC_Init
 .text.LL_TIM_BDTR_Init
                0x0000000008007412       0x92 Drivers/STM32F4xx_HAL_Driver/Src/stm32f4xx_ll_tim.o
                0x0000000008007412                LL_TIM_BDTR_Init
 .text.OC1Config
                0x00000000080074a4       0xd8 Drivers/STM32F4xx_HAL_Driver/Src/stm32f4xx_ll_tim.o
 .text.OC2Config
                0x000000000800757c       0xe0 Drivers/STM32F4xx_HAL_Driver/Src/stm32f4xx_ll_tim.o
 .text.OC3Config
                0x000000000800765c       0xe0 Drivers/STM32F4xx_HAL_Driver/Src/stm32f4xx_ll_tim.o
 .text.OC4Config
                0x000000000800773c       0xb0 Drivers/STM32F4xx_HAL_Driver/Src/stm32f4xx_ll_tim.o
 .text.LL_USART_IsEnabled
                0x00000000080077ec       0x28 Drivers/STM32F4xx_HAL_Driver/Src/stm32f4xx_ll_usart.o
 .text.LL_USART_SetStopBitsLength
                0x0000000008007814       0x26 Drivers/STM32F4xx_HAL_Driver/Src/stm32f4xx_ll_usart.o
 .text.LL_USART_SetHWFlowCtrl
                0x000000000800783a       0x26 Drivers/STM32F4xx_HAL_Driver/Src/stm32f4xx_ll_usart.o
 .text.LL_USART_SetBaudRate
                0x0000000008007860      0x320 Drivers/STM32F4xx_HAL_Driver/Src/stm32f4xx_ll_usart.o
 .text.LL_USART_Init
                0x0000000008007b80      0x100 Drivers/STM32F4xx_HAL_Driver/Src/stm32f4xx_ll_usart.o
                0x0000000008007b80                LL_USART_Init
 .text.LL_InitTick
                0x0000000008007c80       0x34 Drivers/STM32F4xx_HAL_Driver/Src/stm32f4xx_ll_utils.o
 .text.LL_Init1msTick
                0x0000000008007cb4       0x1a Drivers/STM32F4xx_HAL_Driver/Src/stm32f4xx_ll_utils.o
                0x0000000008007cb4                LL_Init1msTick
 *fill*         0x0000000008007cce        0x2 
 .text.LL_mDelay
                0x0000000008007cd0       0x4c Drivers/STM32F4xx_HAL_Driver/Src/stm32f4xx_ll_utils.o
                0x0000000008007cd0                LL_mDelay
 .text.LL_SetSystemCoreClock
                0x0000000008007d1c       0x20 Drivers/STM32F4xx_HAL_Driver/Src/stm32f4xx_ll_utils.o
                0x0000000008007d1c                LL_SetSystemCoreClock
 .text.__errno  0x0000000008007d3c        0xc c:/st/stm32cubeide_1.0.2/stm32cubeide/plugins/com.st.stm32cube.ide.mcu.externaltools.gnu-tools-for-stm32.9-2020-q2-update.win32_1.5.0.202011040924/tools/bin/../lib/gcc/arm-none-eabi/9.3.1/../../../../arm-none-eabi/lib/thumb/v7e-m+fp/hard\libc_nano.a(lib_a-errno.o)
                0x0000000008007d3c                __errno
 .text.__libc_init_array
                0x0000000008007d48       0x48 c:/st/stm32cubeide_1.0.2/stm32cubeide/plugins/com.st.stm32cube.ide.mcu.externaltools.gnu-tools-for-stm32.9-2020-q2-update.win32_1.5.0.202011040924/tools/bin/../lib/gcc/arm-none-eabi/9.3.1/../../../../arm-none-eabi/lib/thumb/v7e-m+fp/hard\libc_nano.a(lib_a-init.o)
                0x0000000008007d48                __libc_init_array
 .text.memset   0x0000000008007d90       0x10 c:/st/stm32cubeide_1.0.2/stm32cubeide/plugins/com.st.stm32cube.ide.mcu.externaltools.gnu-tools-for-stm32.9-2020-q2-update.win32_1.5.0.202011040924/tools/bin/../lib/gcc/arm-none-eabi/9.3.1/../../../../arm-none-eabi/lib/thumb/v7e-m+fp/hard\libc_nano.a(lib_a-memset.o)
                0x0000000008007d90                memset
 .text.__cvt    0x0000000008007da0       0xc4 c:/st/stm32cubeide_1.0.2/stm32cubeide/plugins/com.st.stm32cube.ide.mcu.externaltools.gnu-tools-for-stm32.9-2020-q2-update.win32_1.5.0.202011040924/tools/bin/../lib/gcc/arm-none-eabi/9.3.1/../../../../arm-none-eabi/lib/thumb/v7e-m+fp/hard\libc_nano.a(lib_a-nano-vfprintf_float.o)
                0x0000000008007da0                __cvt
 .text.__exponent
                0x0000000008007e64       0x7c c:/st/stm32cubeide_1.0.2/stm32cubeide/plugins/com.st.stm32cube.ide.mcu.externaltools.gnu-tools-for-stm32.9-2020-q2-update.win32_1.5.0.202011040924/tools/bin/../lib/gcc/arm-none-eabi/9.3.1/../../../../arm-none-eabi/lib/thumb/v7e-m+fp/hard\libc_nano.a(lib_a-nano-vfprintf_float.o)
                0x0000000008007e64                __exponent
 .text._printf_float
                0x0000000008007ee0      0x46c c:/st/stm32cubeide_1.0.2/stm32cubeide/plugins/com.st.stm32cube.ide.mcu.externaltools.gnu-tools-for-stm32.9-2020-q2-update.win32_1.5.0.202011040924/tools/bin/../lib/gcc/arm-none-eabi/9.3.1/../../../../arm-none-eabi/lib/thumb/v7e-m+fp/hard\libc_nano.a(lib_a-nano-vfprintf_float.o)
                0x0000000008007ee0                _printf_float
 .text._printf_common
                0x000000000800834c       0xda c:/st/stm32cubeide_1.0.2/stm32cubeide/plugins/com.st.stm32cube.ide.mcu.externaltools.gnu-tools-for-stm32.9-2020-q2-update.win32_1.5.0.202011040924/tools/bin/../lib/gcc/arm-none-eabi/9.3.1/../../../../arm-none-eabi/lib/thumb/v7e-m+fp/hard\libc_nano.a(lib_a-nano-vfprintf_i.o)
                0x000000000800834c                _printf_common
 *fill*         0x0000000008008426        0x2 
 .text._printf_i
                0x0000000008008428      0x24c c:/st/stm32cubeide_1.0.2/stm32cubeide/plugins/com.st.stm32cube.ide.mcu.externaltools.gnu-tools-for-stm32.9-2020-q2-update.win32_1.5.0.202011040924/tools/bin/../lib/gcc/arm-none-eabi/9.3.1/../../../../arm-none-eabi/lib/thumb/v7e-m+fp/hard\libc_nano.a(lib_a-nano-vfprintf_i.o)
                0x0000000008008428                _printf_i
 .text.printf   0x0000000008008674       0x30 c:/st/stm32cubeide_1.0.2/stm32cubeide/plugins/com.st.stm32cube.ide.mcu.externaltools.gnu-tools-for-stm32.9-2020-q2-update.win32_1.5.0.202011040924/tools/bin/../lib/gcc/arm-none-eabi/9.3.1/../../../../arm-none-eabi/lib/thumb/v7e-m+fp/hard\libc_nano.a(lib_a-printf.o)
                0x0000000008008674                iprintf
                0x0000000008008674                printf
 .text._puts_r  0x00000000080086a4       0xdc c:/st/stm32cubeide_1.0.2/stm32cubeide/plugins/com.st.stm32cube.ide.mcu.externaltools.gnu-tools-for-stm32.9-2020-q2-update.win32_1.5.0.202011040924/tools/bin/../lib/gcc/arm-none-eabi/9.3.1/../../../../arm-none-eabi/lib/thumb/v7e-m+fp/hard\libc_nano.a(lib_a-puts.o)
                0x00000000080086a4                _puts_r
 .text.puts     0x0000000008008780       0x10 c:/st/stm32cubeide_1.0.2/stm32cubeide/plugins/com.st.stm32cube.ide.mcu.externaltools.gnu-tools-for-stm32.9-2020-q2-update.win32_1.5.0.202011040924/tools/bin/../lib/gcc/arm-none-eabi/9.3.1/../../../../arm-none-eabi/lib/thumb/v7e-m+fp/hard\libc_nano.a(lib_a-puts.o)
                0x0000000008008780                puts
 .text.setbuf   0x0000000008008790       0x10 c:/st/stm32cubeide_1.0.2/stm32cubeide/plugins/com.st.stm32cube.ide.mcu.externaltools.gnu-tools-for-stm32.9-2020-q2-update.win32_1.5.0.202011040924/tools/bin/../lib/gcc/arm-none-eabi/9.3.1/../../../../arm-none-eabi/lib/thumb/v7e-m+fp/hard\libc_nano.a(lib_a-setbuf.o)
                0x0000000008008790                setbuf
 .text.setvbuf  0x00000000080087a0      0x18c c:/st/stm32cubeide_1.0.2/stm32cubeide/plugins/com.st.stm32cube.ide.mcu.externaltools.gnu-tools-for-stm32.9-2020-q2-update.win32_1.5.0.202011040924/tools/bin/../lib/gcc/arm-none-eabi/9.3.1/../../../../arm-none-eabi/lib/thumb/v7e-m+fp/hard\libc_nano.a(lib_a-setvbuf.o)
                0x00000000080087a0                setvbuf
 .text.__swbuf_r
                0x000000000800892c       0xa4 c:/st/stm32cubeide_1.0.2/stm32cubeide/plugins/com.st.stm32cube.ide.mcu.externaltools.gnu-tools-for-stm32.9-2020-q2-update.win32_1.5.0.202011040924/tools/bin/../lib/gcc/arm-none-eabi/9.3.1/../../../../arm-none-eabi/lib/thumb/v7e-m+fp/hard\libc_nano.a(lib_a-wbuf.o)
                0x000000000800892c                __swbuf_r
 .text.__swsetup_r
                0x00000000080089d0       0xdc c:/st/stm32cubeide_1.0.2/stm32cubeide/plugins/com.st.stm32cube.ide.mcu.externaltools.gnu-tools-for-stm32.9-2020-q2-update.win32_1.5.0.202011040924/tools/bin/../lib/gcc/arm-none-eabi/9.3.1/../../../../arm-none-eabi/lib/thumb/v7e-m+fp/hard\libc_nano.a(lib_a-wsetup.o)
                0x00000000080089d0                __swsetup_r
 .text.quorem   0x0000000008008aac      0x116 c:/st/stm32cubeide_1.0.2/stm32cubeide/plugins/com.st.stm32cube.ide.mcu.externaltools.gnu-tools-for-stm32.9-2020-q2-update.win32_1.5.0.202011040924/tools/bin/../lib/gcc/arm-none-eabi/9.3.1/../../../../arm-none-eabi/lib/thumb/v7e-m+fp/hard\libc_nano.a(lib_a-dtoa.o)
 *fill*         0x0000000008008bc2        0x6 
 .text._dtoa_r  0x0000000008008bc8      0xbd8 c:/st/stm32cubeide_1.0.2/stm32cubeide/plugins/com.st.stm32cube.ide.mcu.externaltools.gnu-tools-for-stm32.9-2020-q2-update.win32_1.5.0.202011040924/tools/bin/../lib/gcc/arm-none-eabi/9.3.1/../../../../arm-none-eabi/lib/thumb/v7e-m+fp/hard\libc_nano.a(lib_a-dtoa.o)
                0x0000000008008bc8                _dtoa_r
 .text.__sflush_r
                0x00000000080097a0      0x10c c:/st/stm32cubeide_1.0.2/stm32cubeide/plugins/com.st.stm32cube.ide.mcu.externaltools.gnu-tools-for-stm32.9-2020-q2-update.win32_1.5.0.202011040924/tools/bin/../lib/gcc/arm-none-eabi/9.3.1/../../../../arm-none-eabi/lib/thumb/v7e-m+fp/hard\libc_nano.a(lib_a-fflush.o)
                0x00000000080097a0                __sflush_r
 .text._fflush_r
                0x00000000080098ac       0x78 c:/st/stm32cubeide_1.0.2/stm32cubeide/plugins/com.st.stm32cube.ide.mcu.externaltools.gnu-tools-for-stm32.9-2020-q2-update.win32_1.5.0.202011040924/tools/bin/../lib/gcc/arm-none-eabi/9.3.1/../../../../arm-none-eabi/lib/thumb/v7e-m+fp/hard\libc_nano.a(lib_a-fflush.o)
                0x00000000080098ac                _fflush_r
 .text.std      0x0000000008009924       0x48 c:/st/stm32cubeide_1.0.2/stm32cubeide/plugins/com.st.stm32cube.ide.mcu.externaltools.gnu-tools-for-stm32.9-2020-q2-update.win32_1.5.0.202011040924/tools/bin/../lib/gcc/arm-none-eabi/9.3.1/../../../../arm-none-eabi/lib/thumb/v7e-m+fp/hard\libc_nano.a(lib_a-findfp.o)
 .text._cleanup_r
                0x000000000800996c        0xc c:/st/stm32cubeide_1.0.2/stm32cubeide/plugins/com.st.stm32cube.ide.mcu.externaltools.gnu-tools-for-stm32.9-2020-q2-update.win32_1.5.0.202011040924/tools/bin/../lib/gcc/arm-none-eabi/9.3.1/../../../../arm-none-eabi/lib/thumb/v7e-m+fp/hard\libc_nano.a(lib_a-findfp.o)
                0x000000000800996c                _cleanup_r
 .text.__sfmoreglue
                0x0000000008009978       0x2c c:/st/stm32cubeide_1.0.2/stm32cubeide/plugins/com.st.stm32cube.ide.mcu.externaltools.gnu-tools-for-stm32.9-2020-q2-update.win32_1.5.0.202011040924/tools/bin/../lib/gcc/arm-none-eabi/9.3.1/../../../../arm-none-eabi/lib/thumb/v7e-m+fp/hard\libc_nano.a(lib_a-findfp.o)
                0x0000000008009978                __sfmoreglue
 .text.__sfp_lock_acquire
                0x00000000080099a4        0xc c:/st/stm32cubeide_1.0.2/stm32cubeide/plugins/com.st.stm32cube.ide.mcu.externaltools.gnu-tools-for-stm32.9-2020-q2-update.win32_1.5.0.202011040924/tools/bin/../lib/gcc/arm-none-eabi/9.3.1/../../../../arm-none-eabi/lib/thumb/v7e-m+fp/hard\libc_nano.a(lib_a-findfp.o)
                0x00000000080099a4                __sfp_lock_acquire
 .text.__sfp_lock_release
                0x00000000080099b0        0xc c:/st/stm32cubeide_1.0.2/stm32cubeide/plugins/com.st.stm32cube.ide.mcu.externaltools.gnu-tools-for-stm32.9-2020-q2-update.win32_1.5.0.202011040924/tools/bin/../lib/gcc/arm-none-eabi/9.3.1/../../../../arm-none-eabi/lib/thumb/v7e-m+fp/hard\libc_nano.a(lib_a-findfp.o)
                0x00000000080099b0                __sfp_lock_release
 .text.__sinit_lock_acquire
                0x00000000080099bc        0xc c:/st/stm32cubeide_1.0.2/stm32cubeide/plugins/com.st.stm32cube.ide.mcu.externaltools.gnu-tools-for-stm32.9-2020-q2-update.win32_1.5.0.202011040924/tools/bin/../lib/gcc/arm-none-eabi/9.3.1/../../../../arm-none-eabi/lib/thumb/v7e-m+fp/hard\libc_nano.a(lib_a-findfp.o)
                0x00000000080099bc                __sinit_lock_acquire
 .text.__sinit_lock_release
                0x00000000080099c8        0xc c:/st/stm32cubeide_1.0.2/stm32cubeide/plugins/com.st.stm32cube.ide.mcu.externaltools.gnu-tools-for-stm32.9-2020-q2-update.win32_1.5.0.202011040924/tools/bin/../lib/gcc/arm-none-eabi/9.3.1/../../../../arm-none-eabi/lib/thumb/v7e-m+fp/hard\libc_nano.a(lib_a-findfp.o)
                0x00000000080099c8                __sinit_lock_release
 .text.__sinit  0x00000000080099d4       0x70 c:/st/stm32cubeide_1.0.2/stm32cubeide/plugins/com.st.stm32cube.ide.mcu.externaltools.gnu-tools-for-stm32.9-2020-q2-update.win32_1.5.0.202011040924/tools/bin/../lib/gcc/arm-none-eabi/9.3.1/../../../../arm-none-eabi/lib/thumb/v7e-m+fp/hard\libc_nano.a(lib_a-findfp.o)
                0x00000000080099d4                __sinit
 .text.__sfp    0x0000000008009a44       0x8c c:/st/stm32cubeide_1.0.2/stm32cubeide/plugins/com.st.stm32cube.ide.mcu.externaltools.gnu-tools-for-stm32.9-2020-q2-update.win32_1.5.0.202011040924/tools/bin/../lib/gcc/arm-none-eabi/9.3.1/../../../../arm-none-eabi/lib/thumb/v7e-m+fp/hard\libc_nano.a(lib_a-findfp.o)
                0x0000000008009a44                __sfp
 .text._fwalk_reent
                0x0000000008009ad0       0x3e c:/st/stm32cubeide_1.0.2/stm32cubeide/plugins/com.st.stm32cube.ide.mcu.externaltools.gnu-tools-for-stm32.9-2020-q2-update.win32_1.5.0.202011040924/tools/bin/../lib/gcc/arm-none-eabi/9.3.1/../../../../arm-none-eabi/lib/thumb/v7e-m+fp/hard\libc_nano.a(lib_a-fwalk.o)
                0x0000000008009ad0                _fwalk_reent
 *fill*         0x0000000008009b0e        0x2 
 .text._localeconv_r
                0x0000000008009b10        0x8 c:/st/stm32cubeide_1.0.2/stm32cubeide/plugins/com.st.stm32cube.ide.mcu.externaltools.gnu-tools-for-stm32.9-2020-q2-update.win32_1.5.0.202011040924/tools/bin/../lib/gcc/arm-none-eabi/9.3.1/../../../../arm-none-eabi/lib/thumb/v7e-m+fp/hard\libc_nano.a(lib_a-localeconv.o)
                0x0000000008009b10                _localeconv_r
 .text.__retarget_lock_init_recursive
                0x0000000008009b18        0x2 c:/st/stm32cubeide_1.0.2/stm32cubeide/plugins/com.st.stm32cube.ide.mcu.externaltools.gnu-tools-for-stm32.9-2020-q2-update.win32_1.5.0.202011040924/tools/bin/../lib/gcc/arm-none-eabi/9.3.1/../../../../arm-none-eabi/lib/thumb/v7e-m+fp/hard\libc_nano.a(lib_a-lock.o)
                0x0000000008009b18                __retarget_lock_init_recursive
 .text.__retarget_lock_acquire_recursive
                0x0000000008009b1a        0x2 c:/st/stm32cubeide_1.0.2/stm32cubeide/plugins/com.st.stm32cube.ide.mcu.externaltools.gnu-tools-for-stm32.9-2020-q2-update.win32_1.5.0.202011040924/tools/bin/../lib/gcc/arm-none-eabi/9.3.1/../../../../arm-none-eabi/lib/thumb/v7e-m+fp/hard\libc_nano.a(lib_a-lock.o)
                0x0000000008009b1a                __retarget_lock_acquire_recursive
 .text.__retarget_lock_release_recursive
                0x0000000008009b1c        0x2 c:/st/stm32cubeide_1.0.2/stm32cubeide/plugins/com.st.stm32cube.ide.mcu.externaltools.gnu-tools-for-stm32.9-2020-q2-update.win32_1.5.0.202011040924/tools/bin/../lib/gcc/arm-none-eabi/9.3.1/../../../../arm-none-eabi/lib/thumb/v7e-m+fp/hard\libc_nano.a(lib_a-lock.o)
                0x0000000008009b1c                __retarget_lock_release_recursive
 .text.__swhatbuf_r
                0x0000000008009b1e       0x48 c:/st/stm32cubeide_1.0.2/stm32cubeide/plugins/com.st.stm32cube.ide.mcu.externaltools.gnu-tools-for-stm32.9-2020-q2-update.win32_1.5.0.202011040924/tools/bin/../lib/gcc/arm-none-eabi/9.3.1/../../../../arm-none-eabi/lib/thumb/v7e-m+fp/hard\libc_nano.a(lib_a-makebuf.o)
                0x0000000008009b1e                __swhatbuf_r
 *fill*         0x0000000008009b66        0x2 
 .text.__smakebuf_r
                0x0000000008009b68       0x80 c:/st/stm32cubeide_1.0.2/stm32cubeide/plugins/com.st.stm32cube.ide.mcu.externaltools.gnu-tools-for-stm32.9-2020-q2-update.win32_1.5.0.202011040924/tools/bin/../lib/gcc/arm-none-eabi/9.3.1/../../../../arm-none-eabi/lib/thumb/v7e-m+fp/hard\libc_nano.a(lib_a-makebuf.o)
                0x0000000008009b68                __smakebuf_r
 .text.malloc   0x0000000008009be8       0x10 c:/st/stm32cubeide_1.0.2/stm32cubeide/plugins/com.st.stm32cube.ide.mcu.externaltools.gnu-tools-for-stm32.9-2020-q2-update.win32_1.5.0.202011040924/tools/bin/../lib/gcc/arm-none-eabi/9.3.1/../../../../arm-none-eabi/lib/thumb/v7e-m+fp/hard\libc_nano.a(lib_a-malloc.o)
                0x0000000008009be8                malloc
 .text.memcpy   0x0000000008009bf8       0x1c c:/st/stm32cubeide_1.0.2/stm32cubeide/plugins/com.st.stm32cube.ide.mcu.externaltools.gnu-tools-for-stm32.9-2020-q2-update.win32_1.5.0.202011040924/tools/bin/../lib/gcc/arm-none-eabi/9.3.1/../../../../arm-none-eabi/lib/thumb/v7e-m+fp/hard\libc_nano.a(lib_a-memcpy-stub.o)
                0x0000000008009bf8                memcpy
 .text._Balloc  0x0000000008009c14       0x80 c:/st/stm32cubeide_1.0.2/stm32cubeide/plugins/com.st.stm32cube.ide.mcu.externaltools.gnu-tools-for-stm32.9-2020-q2-update.win32_1.5.0.202011040924/tools/bin/../lib/gcc/arm-none-eabi/9.3.1/../../../../arm-none-eabi/lib/thumb/v7e-m+fp/hard\libc_nano.a(lib_a-mprec.o)
                0x0000000008009c14                _Balloc
 .text._Bfree   0x0000000008009c94       0x44 c:/st/stm32cubeide_1.0.2/stm32cubeide/plugins/com.st.stm32cube.ide.mcu.externaltools.gnu-tools-for-stm32.9-2020-q2-update.win32_1.5.0.202011040924/tools/bin/../lib/gcc/arm-none-eabi/9.3.1/../../../../arm-none-eabi/lib/thumb/v7e-m+fp/hard\libc_nano.a(lib_a-mprec.o)
                0x0000000008009c94                _Bfree
 .text.__multadd
                0x0000000008009cd8       0x94 c:/st/stm32cubeide_1.0.2/stm32cubeide/plugins/com.st.stm32cube.ide.mcu.externaltools.gnu-tools-for-stm32.9-2020-q2-update.win32_1.5.0.202011040924/tools/bin/../lib/gcc/arm-none-eabi/9.3.1/../../../../arm-none-eabi/lib/thumb/v7e-m+fp/hard\libc_nano.a(lib_a-mprec.o)
                0x0000000008009cd8                __multadd
 .text.__hi0bits
                0x0000000008009d6c       0x40 c:/st/stm32cubeide_1.0.2/stm32cubeide/plugins/com.st.stm32cube.ide.mcu.externaltools.gnu-tools-for-stm32.9-2020-q2-update.win32_1.5.0.202011040924/tools/bin/../lib/gcc/arm-none-eabi/9.3.1/../../../../arm-none-eabi/lib/thumb/v7e-m+fp/hard\libc_nano.a(lib_a-mprec.o)
                0x0000000008009d6c                __hi0bits
 .text.__lo0bits
                0x0000000008009dac       0x60 c:/st/stm32cubeide_1.0.2/stm32cubeide/plugins/com.st.stm32cube.ide.mcu.externaltools.gnu-tools-for-stm32.9-2020-q2-update.win32_1.5.0.202011040924/tools/bin/../lib/gcc/arm-none-eabi/9.3.1/../../../../arm-none-eabi/lib/thumb/v7e-m+fp/hard\libc_nano.a(lib_a-mprec.o)
                0x0000000008009dac                __lo0bits
 .text.__i2b    0x0000000008009e0c       0x2c c:/st/stm32cubeide_1.0.2/stm32cubeide/plugins/com.st.stm32cube.ide.mcu.externaltools.gnu-tools-for-stm32.9-2020-q2-update.win32_1.5.0.202011040924/tools/bin/../lib/gcc/arm-none-eabi/9.3.1/../../../../arm-none-eabi/lib/thumb/v7e-m+fp/hard\libc_nano.a(lib_a-mprec.o)
                0x0000000008009e0c                __i2b
 .text.__multiply
                0x0000000008009e38      0x14c c:/st/stm32cubeide_1.0.2/stm32cubeide/plugins/com.st.stm32cube.ide.mcu.externaltools.gnu-tools-for-stm32.9-2020-q2-update.win32_1.5.0.202011040924/tools/bin/../lib/gcc/arm-none-eabi/9.3.1/../../../../arm-none-eabi/lib/thumb/v7e-m+fp/hard\libc_nano.a(lib_a-mprec.o)
                0x0000000008009e38                __multiply
 .text.__pow5mult
                0x0000000008009f84       0xb4 c:/st/stm32cubeide_1.0.2/stm32cubeide/plugins/com.st.stm32cube.ide.mcu.externaltools.gnu-tools-for-stm32.9-2020-q2-update.win32_1.5.0.202011040924/tools/bin/../lib/gcc/arm-none-eabi/9.3.1/../../../../arm-none-eabi/lib/thumb/v7e-m+fp/hard\libc_nano.a(lib_a-mprec.o)
                0x0000000008009f84                __pow5mult
 .text.__lshift
                0x000000000800a038       0xd8 c:/st/stm32cubeide_1.0.2/stm32cubeide/plugins/com.st.stm32cube.ide.mcu.externaltools.gnu-tools-for-stm32.9-2020-q2-update.win32_1.5.0.202011040924/tools/bin/../lib/gcc/arm-none-eabi/9.3.1/../../../../arm-none-eabi/lib/thumb/v7e-m+fp/hard\libc_nano.a(lib_a-mprec.o)
                0x000000000800a038                __lshift
 .text.__mcmp   0x000000000800a110       0x38 c:/st/stm32cubeide_1.0.2/stm32cubeide/plugins/com.st.stm32cube.ide.mcu.externaltools.gnu-tools-for-stm32.9-2020-q2-update.win32_1.5.0.202011040924/tools/bin/../lib/gcc/arm-none-eabi/9.3.1/../../../../arm-none-eabi/lib/thumb/v7e-m+fp/hard\libc_nano.a(lib_a-mprec.o)
                0x000000000800a110                __mcmp
 .text.__mdiff  0x000000000800a148      0x110 c:/st/stm32cubeide_1.0.2/stm32cubeide/plugins/com.st.stm32cube.ide.mcu.externaltools.gnu-tools-for-stm32.9-2020-q2-update.win32_1.5.0.202011040924/tools/bin/../lib/gcc/arm-none-eabi/9.3.1/../../../../arm-none-eabi/lib/thumb/v7e-m+fp/hard\libc_nano.a(lib_a-mprec.o)
                0x000000000800a148                __mdiff
 .text.__d2b    0x000000000800a258       0xb8 c:/st/stm32cubeide_1.0.2/stm32cubeide/plugins/com.st.stm32cube.ide.mcu.externaltools.gnu-tools-for-stm32.9-2020-q2-update.win32_1.5.0.202011040924/tools/bin/../lib/gcc/arm-none-eabi/9.3.1/../../../../arm-none-eabi/lib/thumb/v7e-m+fp/hard\libc_nano.a(lib_a-mprec.o)
                0x000000000800a258                __d2b
 .text._calloc_r
                0x000000000800a310       0x1e c:/st/stm32cubeide_1.0.2/stm32cubeide/plugins/com.st.stm32cube.ide.mcu.externaltools.gnu-tools-for-stm32.9-2020-q2-update.win32_1.5.0.202011040924/tools/bin/../lib/gcc/arm-none-eabi/9.3.1/../../../../arm-none-eabi/lib/thumb/v7e-m+fp/hard\libc_nano.a(lib_a-nano-callocr.o)
                0x000000000800a310                _calloc_r
 *fill*         0x000000000800a32e        0x2 
 .text._free_r  0x000000000800a330       0xa0 c:/st/stm32cubeide_1.0.2/stm32cubeide/plugins/com.st.stm32cube.ide.mcu.externaltools.gnu-tools-for-stm32.9-2020-q2-update.win32_1.5.0.202011040924/tools/bin/../lib/gcc/arm-none-eabi/9.3.1/../../../../arm-none-eabi/lib/thumb/v7e-m+fp/hard\libc_nano.a(lib_a-nano-freer.o)
                0x000000000800a330                _free_r
 .text._malloc_r
                0x000000000800a3d0       0xb4 c:/st/stm32cubeide_1.0.2/stm32cubeide/plugins/com.st.stm32cube.ide.mcu.externaltools.gnu-tools-for-stm32.9-2020-q2-update.win32_1.5.0.202011040924/tools/bin/../lib/gcc/arm-none-eabi/9.3.1/../../../../arm-none-eabi/lib/thumb/v7e-m+fp/hard\libc_nano.a(lib_a-nano-mallocr.o)
                0x000000000800a3d0                _malloc_r
 .text.__sfputc_r
                0x000000000800a484       0x2e c:/st/stm32cubeide_1.0.2/stm32cubeide/plugins/com.st.stm32cube.ide.mcu.externaltools.gnu-tools-for-stm32.9-2020-q2-update.win32_1.5.0.202011040924/tools/bin/../lib/gcc/arm-none-eabi/9.3.1/../../../../arm-none-eabi/lib/thumb/v7e-m+fp/hard\libc_nano.a(lib_a-nano-vfprintf.o)
 .text.__sfputs_r
                0x000000000800a4b2       0x24 c:/st/stm32cubeide_1.0.2/stm32cubeide/plugins/com.st.stm32cube.ide.mcu.externaltools.gnu-tools-for-stm32.9-2020-q2-update.win32_1.5.0.202011040924/tools/bin/../lib/gcc/arm-none-eabi/9.3.1/../../../../arm-none-eabi/lib/thumb/v7e-m+fp/hard\libc_nano.a(lib_a-nano-vfprintf.o)
                0x000000000800a4b2                __sfputs_r
 *fill*         0x000000000800a4d6        0x2 
 .text._vfprintf_r
                0x000000000800a4d8      0x260 c:/st/stm32cubeide_1.0.2/stm32cubeide/plugins/com.st.stm32cube.ide.mcu.externaltools.gnu-tools-for-stm32.9-2020-q2-update.win32_1.5.0.202011040924/tools/bin/../lib/gcc/arm-none-eabi/9.3.1/../../../../arm-none-eabi/lib/thumb/v7e-m+fp/hard\libc_nano.a(lib_a-nano-vfprintf.o)
                0x000000000800a4d8                _vfprintf_r
                0x000000000800a4d8                _vfiprintf_r
 .text._sbrk_r  0x000000000800a738       0x20 c:/st/stm32cubeide_1.0.2/stm32cubeide/plugins/com.st.stm32cube.ide.mcu.externaltools.gnu-tools-for-stm32.9-2020-q2-update.win32_1.5.0.202011040924/tools/bin/../lib/gcc/arm-none-eabi/9.3.1/../../../../arm-none-eabi/lib/thumb/v7e-m+fp/hard\libc_nano.a(lib_a-sbrkr.o)
                0x000000000800a738                _sbrk_r
 .text.__sread  0x000000000800a758       0x22 c:/st/stm32cubeide_1.0.2/stm32cubeide/plugins/com.st.stm32cube.ide.mcu.externaltools.gnu-tools-for-stm32.9-2020-q2-update.win32_1.5.0.202011040924/tools/bin/../lib/gcc/arm-none-eabi/9.3.1/../../../../arm-none-eabi/lib/thumb/v7e-m+fp/hard\libc_nano.a(lib_a-stdio.o)
                0x000000000800a758                __sread
 .text.__swrite
                0x000000000800a77a       0x38 c:/st/stm32cubeide_1.0.2/stm32cubeide/plugins/com.st.stm32cube.ide.mcu.externaltools.gnu-tools-for-stm32.9-2020-q2-update.win32_1.5.0.202011040924/tools/bin/../lib/gcc/arm-none-eabi/9.3.1/../../../../arm-none-eabi/lib/thumb/v7e-m+fp/hard\libc_nano.a(lib_a-stdio.o)
                0x000000000800a77a                __swrite
 .text.__sseek  0x000000000800a7b2       0x24 c:/st/stm32cubeide_1.0.2/stm32cubeide/plugins/com.st.stm32cube.ide.mcu.externaltools.gnu-tools-for-stm32.9-2020-q2-update.win32_1.5.0.202011040924/tools/bin/../lib/gcc/arm-none-eabi/9.3.1/../../../../arm-none-eabi/lib/thumb/v7e-m+fp/hard\libc_nano.a(lib_a-stdio.o)
                0x000000000800a7b2                __sseek
 .text.__sclose
                0x000000000800a7d6        0x8 c:/st/stm32cubeide_1.0.2/stm32cubeide/plugins/com.st.stm32cube.ide.mcu.externaltools.gnu-tools-for-stm32.9-2020-q2-update.win32_1.5.0.202011040924/tools/bin/../lib/gcc/arm-none-eabi/9.3.1/../../../../arm-none-eabi/lib/thumb/v7e-m+fp/hard\libc_nano.a(lib_a-stdio.o)
                0x000000000800a7d6                __sclose
 *fill*         0x000000000800a7de        0x2 
 .text._write_r
                0x000000000800a7e0       0x24 c:/st/stm32cubeide_1.0.2/stm32cubeide/plugins/com.st.stm32cube.ide.mcu.externaltools.gnu-tools-for-stm32.9-2020-q2-update.win32_1.5.0.202011040924/tools/bin/../lib/gcc/arm-none-eabi/9.3.1/../../../../arm-none-eabi/lib/thumb/v7e-m+fp/hard\libc_nano.a(lib_a-writer.o)
                0x000000000800a7e0                _write_r
 .text.__assert_func
                0x000000000800a804       0x3c c:/st/stm32cubeide_1.0.2/stm32cubeide/plugins/com.st.stm32cube.ide.mcu.externaltools.gnu-tools-for-stm32.9-2020-q2-update.win32_1.5.0.202011040924/tools/bin/../lib/gcc/arm-none-eabi/9.3.1/../../../../arm-none-eabi/lib/thumb/v7e-m+fp/hard\libc_nano.a(lib_a-assert.o)
                0x000000000800a804                __assert_func
 .text._close_r
                0x000000000800a840       0x20 c:/st/stm32cubeide_1.0.2/stm32cubeide/plugins/com.st.stm32cube.ide.mcu.externaltools.gnu-tools-for-stm32.9-2020-q2-update.win32_1.5.0.202011040924/tools/bin/../lib/gcc/arm-none-eabi/9.3.1/../../../../arm-none-eabi/lib/thumb/v7e-m+fp/hard\libc_nano.a(lib_a-closer.o)
                0x000000000800a840                _close_r
 .text.fprintf  0x000000000800a860       0x24 c:/st/stm32cubeide_1.0.2/stm32cubeide/plugins/com.st.stm32cube.ide.mcu.externaltools.gnu-tools-for-stm32.9-2020-q2-update.win32_1.5.0.202011040924/tools/bin/../lib/gcc/arm-none-eabi/9.3.1/../../../../arm-none-eabi/lib/thumb/v7e-m+fp/hard\libc_nano.a(lib_a-fprintf.o)
                0x000000000800a860                fiprintf
                0x000000000800a860                fprintf
 .text._fstat_r
                0x000000000800a884       0x24 c:/st/stm32cubeide_1.0.2/stm32cubeide/plugins/com.st.stm32cube.ide.mcu.externaltools.gnu-tools-for-stm32.9-2020-q2-update.win32_1.5.0.202011040924/tools/bin/../lib/gcc/arm-none-eabi/9.3.1/../../../../arm-none-eabi/lib/thumb/v7e-m+fp/hard\libc_nano.a(lib_a-fstatr.o)
                0x000000000800a884                _fstat_r
 .text._isatty_r
                0x000000000800a8a8       0x20 c:/st/stm32cubeide_1.0.2/stm32cubeide/plugins/com.st.stm32cube.ide.mcu.externaltools.gnu-tools-for-stm32.9-2020-q2-update.win32_1.5.0.202011040924/tools/bin/../lib/gcc/arm-none-eabi/9.3.1/../../../../arm-none-eabi/lib/thumb/v7e-m+fp/hard\libc_nano.a(lib_a-isattyr.o)
                0x000000000800a8a8                _isatty_r
 .text._lseek_r
                0x000000000800a8c8       0x24 c:/st/stm32cubeide_1.0.2/stm32cubeide/plugins/com.st.stm32cube.ide.mcu.externaltools.gnu-tools-for-stm32.9-2020-q2-update.win32_1.5.0.202011040924/tools/bin/../lib/gcc/arm-none-eabi/9.3.1/../../../../arm-none-eabi/lib/thumb/v7e-m+fp/hard\libc_nano.a(lib_a-lseekr.o)
                0x000000000800a8c8                _lseek_r
 .text.__ascii_mbtowc
                0x000000000800a8ec       0x24 c:/st/stm32cubeide_1.0.2/stm32cubeide/plugins/com.st.stm32cube.ide.mcu.externaltools.gnu-tools-for-stm32.9-2020-q2-update.win32_1.5.0.202011040924/tools/bin/../lib/gcc/arm-none-eabi/9.3.1/../../../../arm-none-eabi/lib/thumb/v7e-m+fp/hard\libc_nano.a(lib_a-mbtowc_r.o)
                0x000000000800a8ec                __ascii_mbtowc
 .text.__malloc_lock
                0x000000000800a910        0xc c:/st/stm32cubeide_1.0.2/stm32cubeide/plugins/com.st.stm32cube.ide.mcu.externaltools.gnu-tools-for-stm32.9-2020-q2-update.win32_1.5.0.202011040924/tools/bin/../lib/gcc/arm-none-eabi/9.3.1/../../../../arm-none-eabi/lib/thumb/v7e-m+fp/hard\libc_nano.a(lib_a-mlock.o)
                0x000000000800a910                __malloc_lock
 .text.__malloc_unlock
                0x000000000800a91c        0xc c:/st/stm32cubeide_1.0.2/stm32cubeide/plugins/com.st.stm32cube.ide.mcu.externaltools.gnu-tools-for-stm32.9-2020-q2-update.win32_1.5.0.202011040924/tools/bin/../lib/gcc/arm-none-eabi/9.3.1/../../../../arm-none-eabi/lib/thumb/v7e-m+fp/hard\libc_nano.a(lib_a-mlock.o)
                0x000000000800a91c                __malloc_unlock
 .text._read_r  0x000000000800a928       0x24 c:/st/stm32cubeide_1.0.2/stm32cubeide/plugins/com.st.stm32cube.ide.mcu.externaltools.gnu-tools-for-stm32.9-2020-q2-update.win32_1.5.0.202011040924/tools/bin/../lib/gcc/arm-none-eabi/9.3.1/../../../../arm-none-eabi/lib/thumb/v7e-m+fp/hard\libc_nano.a(lib_a-readr.o)
                0x000000000800a928                _read_r
 .text.__ascii_wctomb
                0x000000000800a94c       0x1a c:/st/stm32cubeide_1.0.2/stm32cubeide/plugins/com.st.stm32cube.ide.mcu.externaltools.gnu-tools-for-stm32.9-2020-q2-update.win32_1.5.0.202011040924/tools/bin/../lib/gcc/arm-none-eabi/9.3.1/../../../../arm-none-eabi/lib/thumb/v7e-m+fp/hard\libc_nano.a(lib_a-wctomb_r.o)
                0x000000000800a94c                __ascii_wctomb
 .text.abort    0x000000000800a966        0xe c:/st/stm32cubeide_1.0.2/stm32cubeide/plugins/com.st.stm32cube.ide.mcu.externaltools.gnu-tools-for-stm32.9-2020-q2-update.win32_1.5.0.202011040924/tools/bin/../lib/gcc/arm-none-eabi/9.3.1/../../../../arm-none-eabi/lib/thumb/v7e-m+fp/hard\libc_nano.a(lib_a-abort.o)
                0x000000000800a966                abort
 .text._raise_r
                0x000000000800a974       0x50 c:/st/stm32cubeide_1.0.2/stm32cubeide/plugins/com.st.stm32cube.ide.mcu.externaltools.gnu-tools-for-stm32.9-2020-q2-update.win32_1.5.0.202011040924/tools/bin/../lib/gcc/arm-none-eabi/9.3.1/../../../../arm-none-eabi/lib/thumb/v7e-m+fp/hard\libc_nano.a(lib_a-signal.o)
                0x000000000800a974                _raise_r
 .text.raise    0x000000000800a9c4       0x10 c:/st/stm32cubeide_1.0.2/stm32cubeide/plugins/com.st.stm32cube.ide.mcu.externaltools.gnu-tools-for-stm32.9-2020-q2-update.win32_1.5.0.202011040924/tools/bin/../lib/gcc/arm-none-eabi/9.3.1/../../../../arm-none-eabi/lib/thumb/v7e-m+fp/hard\libc_nano.a(lib_a-signal.o)
                0x000000000800a9c4                raise
 .text._kill_r  0x000000000800a9d4       0x24 c:/st/stm32cubeide_1.0.2/stm32cubeide/plugins/com.st.stm32cube.ide.mcu.externaltools.gnu-tools-for-stm32.9-2020-q2-update.win32_1.5.0.202011040924/tools/bin/../lib/gcc/arm-none-eabi/9.3.1/../../../../arm-none-eabi/lib/thumb/v7e-m+fp/hard\libc_nano.a(lib_a-signalr.o)
                0x000000000800a9d4                _kill_r
 .text._getpid_r
                0x000000000800a9f8        0x4 c:/st/stm32cubeide_1.0.2/stm32cubeide/plugins/com.st.stm32cube.ide.mcu.externaltools.gnu-tools-for-stm32.9-2020-q2-update.win32_1.5.0.202011040924/tools/bin/../lib/gcc/arm-none-eabi/9.3.1/../../../../arm-none-eabi/lib/thumb/v7e-m+fp/hard\libc_nano.a(lib_a-signalr.o)
                0x000000000800a9f8                _getpid_r
 *(.glue_7)
 .glue_7        0x000000000800a9fc        0x0 linker stubs
 *(.glue_7t)
 .glue_7t       0x000000000800a9fc        0x0 linker stubs
 *(.eh_frame)
 .eh_frame      0x000000000800a9fc        0x0 c:/st/stm32cubeide_1.0.2/stm32cubeide/plugins/com.st.stm32cube.ide.mcu.externaltools.gnu-tools-for-stm32.9-2020-q2-update.win32_1.5.0.202011040924/tools/bin/../lib/gcc/arm-none-eabi/9.3.1/thumb/v7e-m+fp/hard/crtbegin.o
 *(.init)
 .init          0x000000000800a9fc        0x4 c:/st/stm32cubeide_1.0.2/stm32cubeide/plugins/com.st.stm32cube.ide.mcu.externaltools.gnu-tools-for-stm32.9-2020-q2-update.win32_1.5.0.202011040924/tools/bin/../lib/gcc/arm-none-eabi/9.3.1/thumb/v7e-m+fp/hard/crti.o
                0x000000000800a9fc                _init
 .init          0x000000000800aa00        0x8 c:/st/stm32cubeide_1.0.2/stm32cubeide/plugins/com.st.stm32cube.ide.mcu.externaltools.gnu-tools-for-stm32.9-2020-q2-update.win32_1.5.0.202011040924/tools/bin/../lib/gcc/arm-none-eabi/9.3.1/thumb/v7e-m+fp/hard/crtn.o
 *(.fini)
 .fini          0x000000000800aa08        0x4 c:/st/stm32cubeide_1.0.2/stm32cubeide/plugins/com.st.stm32cube.ide.mcu.externaltools.gnu-tools-for-stm32.9-2020-q2-update.win32_1.5.0.202011040924/tools/bin/../lib/gcc/arm-none-eabi/9.3.1/thumb/v7e-m+fp/hard/crti.o
                0x000000000800aa08                _fini
 .fini          0x000000000800aa0c        0x8 c:/st/stm32cubeide_1.0.2/stm32cubeide/plugins/com.st.stm32cube.ide.mcu.externaltools.gnu-tools-for-stm32.9-2020-q2-update.win32_1.5.0.202011040924/tools/bin/../lib/gcc/arm-none-eabi/9.3.1/thumb/v7e-m+fp/hard/crtn.o
                0x000000000800aa14                . = ALIGN (0x4)
                0x000000000800aa14                _etext = .

.vfp11_veneer   0x000000000800aa14        0x0
 .vfp11_veneer  0x000000000800aa14        0x0 linker stubs

.v4_bx          0x000000000800aa14        0x0
 .v4_bx         0x000000000800aa14        0x0 linker stubs

.iplt           0x000000000800aa14        0x0
 .iplt          0x000000000800aa14        0x0 c:/st/stm32cubeide_1.0.2/stm32cubeide/plugins/com.st.stm32cube.ide.mcu.externaltools.gnu-tools-for-stm32.9-2020-q2-update.win32_1.5.0.202011040924/tools/bin/../lib/gcc/arm-none-eabi/9.3.1/thumb/v7e-m+fp/hard/crtbegin.o

.rodata         0x000000000800aa18      0x574
                0x000000000800aa18                . = ALIGN (0x4)
 *(.rodata)
 .rodata        0x000000000800aa18       0x55 Core/Src/Controller/mode.o
 *fill*         0x000000000800aa6d        0x3 
 .rodata        0x000000000800aa70       0x28 Core/Src/Hardware/ICM20689.o
 .rodata        0x000000000800aa98       0xcb Core/Src/main.o
 *(.rodata*)
 *fill*         0x000000000800ab63        0x1 
 .rodata.STREAM_OFFSET_TAB
                0x000000000800ab64        0x8 Core/Src/Hardware/wall_sensor.o
 .rodata.STREAM_OFFSET_TAB
                0x000000000800ab6c        0x8 Core/Src/adc.o
 .rodata.AHBPrescTable
                0x000000000800ab74       0x10 Core/Src/system_stm32f4xx.o
                0x000000000800ab74                AHBPrescTable
 .rodata.APBPrescTable
                0x000000000800ab84        0x8 Core/Src/system_stm32f4xx.o
                0x000000000800ab84                APBPrescTable
 .rodata.OFFSET_TAB_CCMRx
                0x000000000800ab8c        0x7 Core/Src/tim.o
 *fill*         0x000000000800ab93        0x1 
 .rodata.SHIFT_TAB_OCxx
                0x000000000800ab94        0x7 Core/Src/tim.o
 *fill*         0x000000000800ab9b        0x1 
 .rodata.SHIFT_TAB_ICxx
                0x000000000800ab9c        0x7 Core/Src/tim.o
 *fill*         0x000000000800aba3        0x1 
 .rodata.SHIFT_TAB_CCxP
                0x000000000800aba4        0x7 Core/Src/tim.o
 *fill*         0x000000000800abab        0x1 
 .rodata._global_impure_ptr
                0x000000000800abac        0x4 c:/st/stm32cubeide_1.0.2/stm32cubeide/plugins/com.st.stm32cube.ide.mcu.externaltools.gnu-tools-for-stm32.9-2020-q2-update.win32_1.5.0.202011040924/tools/bin/../lib/gcc/arm-none-eabi/9.3.1/../../../../arm-none-eabi/lib/thumb/v7e-m+fp/hard\libc_nano.a(lib_a-impure.o)
                0x000000000800abac                _global_impure_ptr
 .rodata._printf_float.str1.1
                0x000000000800abb0       0x12 c:/st/stm32cubeide_1.0.2/stm32cubeide/plugins/com.st.stm32cube.ide.mcu.externaltools.gnu-tools-for-stm32.9-2020-q2-update.win32_1.5.0.202011040924/tools/bin/../lib/gcc/arm-none-eabi/9.3.1/../../../../arm-none-eabi/lib/thumb/v7e-m+fp/hard\libc_nano.a(lib_a-nano-vfprintf_float.o)
 .rodata._printf_i.str1.1
                0x000000000800abc2       0x22 c:/st/stm32cubeide_1.0.2/stm32cubeide/plugins/com.st.stm32cube.ide.mcu.externaltools.gnu-tools-for-stm32.9-2020-q2-update.win32_1.5.0.202011040924/tools/bin/../lib/gcc/arm-none-eabi/9.3.1/../../../../arm-none-eabi/lib/thumb/v7e-m+fp/hard\libc_nano.a(lib_a-nano-vfprintf_i.o)
 .rodata._dtoa_r.str1.1
                0x000000000800abe4       0x94 c:/st/stm32cubeide_1.0.2/stm32cubeide/plugins/com.st.stm32cube.ide.mcu.externaltools.gnu-tools-for-stm32.9-2020-q2-update.win32_1.5.0.202011040924/tools/bin/../lib/gcc/arm-none-eabi/9.3.1/../../../../arm-none-eabi/lib/thumb/v7e-m+fp/hard\libc_nano.a(lib_a-dtoa.o)
                                         0x96 (size before relaxing)
 .rodata.__sf_fake_stderr
                0x000000000800ac78       0x20 c:/st/stm32cubeide_1.0.2/stm32cubeide/plugins/com.st.stm32cube.ide.mcu.externaltools.gnu-tools-for-stm32.9-2020-q2-update.win32_1.5.0.202011040924/tools/bin/../lib/gcc/arm-none-eabi/9.3.1/../../../../arm-none-eabi/lib/thumb/v7e-m+fp/hard\libc_nano.a(lib_a-findfp.o)
                0x000000000800ac78                __sf_fake_stderr
 .rodata.__sf_fake_stdin
                0x000000000800ac98       0x20 c:/st/stm32cubeide_1.0.2/stm32cubeide/plugins/com.st.stm32cube.ide.mcu.externaltools.gnu-tools-for-stm32.9-2020-q2-update.win32_1.5.0.202011040924/tools/bin/../lib/gcc/arm-none-eabi/9.3.1/../../../../arm-none-eabi/lib/thumb/v7e-m+fp/hard\libc_nano.a(lib_a-findfp.o)
                0x000000000800ac98                __sf_fake_stdin
 .rodata.__sf_fake_stdout
                0x000000000800acb8       0x20 c:/st/stm32cubeide_1.0.2/stm32cubeide/plugins/com.st.stm32cube.ide.mcu.externaltools.gnu-tools-for-stm32.9-2020-q2-update.win32_1.5.0.202011040924/tools/bin/../lib/gcc/arm-none-eabi/9.3.1/../../../../arm-none-eabi/lib/thumb/v7e-m+fp/hard\libc_nano.a(lib_a-findfp.o)
                0x000000000800acb8                __sf_fake_stdout
 .rodata._Balloc.str1.1
                0x000000000800acd8       0x60 c:/st/stm32cubeide_1.0.2/stm32cubeide/plugins/com.st.stm32cube.ide.mcu.externaltools.gnu-tools-for-stm32.9-2020-q2-update.win32_1.5.0.202011040924/tools/bin/../lib/gcc/arm-none-eabi/9.3.1/../../../../arm-none-eabi/lib/thumb/v7e-m+fp/hard\libc_nano.a(lib_a-mprec.o)
                                         0x77 (size before relaxing)
 .rodata.__multadd.str1.1