Archive member included to satisfy reference by file (symbol)

c:/st/stm32cubeide_1.0.2/stm32cubeide/plugins/com.st.stm32cube.ide.mcu.externaltools.gnu-tools-for-stm32.9-2020-q2-update.win32_1.5.0.202011040924/tools/bin/../lib/gcc/arm-none-eabi/9.3.1/../../../../arm-none-eabi/lib/thumb/v7e-m+fp/hard\libc_nano.a(lib_a-errno.o)
                              Core/Src/syscalls.o (__errno)
c:/st/stm32cubeide_1.0.2/stm32cubeide/plugins/com.st.stm32cube.ide.mcu.externaltools.gnu-tools-for-stm32.9-2020-q2-update.win32_1.5.0.202011040924/tools/bin/../lib/gcc/arm-none-eabi/9.3.1/../../../../arm-none-eabi/lib/thumb/v7e-m+fp/hard\libc_nano.a(lib_a-exit.o)
                              c:/st/stm32cubeide_1.0.2/stm32cubeide/plugins/com.st.stm32cube.ide.mcu.externaltools.gnu-tools-for-stm32.9-2020-q2-update.win32_1.5.0.202011040924/tools/bin/../lib/gcc/arm-none-eabi/9.3.1/../../../../arm-none-eabi/lib/thumb/v7e-m+fp/hard/crt0.o (exit)
c:/st/stm32cubeide_1.0.2/stm32cubeide/plugins/com.st.stm32cube.ide.mcu.externaltools.gnu-tools-for-stm32.9-2020-q2-update.win32_1.5.0.202011040924/tools/bin/../lib/gcc/arm-none-eabi/9.3.1/../../../../arm-none-eabi/lib/thumb/v7e-m+fp/hard\libc_nano.a(lib_a-impure.o)
                              c:/st/stm32cubeide_1.0.2/stm32cubeide/plugins/com.st.stm32cube.ide.mcu.externaltools.gnu-tools-for-stm32.9-2020-q2-update.win32_1.5.0.202011040924/tools/bin/../lib/gcc/arm-none-eabi/9.3.1/../../../../arm-none-eabi/lib/thumb/v7e-m+fp/hard\libc_nano.a(lib_a-exit.o) (_global_impure_ptr)
c:/st/stm32cubeide_1.0.2/stm32cubeide/plugins/com.st.stm32cube.ide.mcu.externaltools.gnu-tools-for-stm32.9-2020-q2-update.win32_1.5.0.202011040924/tools/bin/../lib/gcc/arm-none-eabi/9.3.1/../../../../arm-none-eabi/lib/thumb/v7e-m+fp/hard\libc_nano.a(lib_a-init.o)
                              c:/st/stm32cubeide_1.0.2/stm32cubeide/plugins/com.st.stm32cube.ide.mcu.externaltools.gnu-tools-for-stm32.9-2020-q2-update.win32_1.5.0.202011040924/tools/bin/../lib/gcc/arm-none-eabi/9.3.1/../../../../arm-none-eabi/lib/thumb/v7e-m+fp/hard/crt0.o (__libc_init_array)
c:/st/stm32cubeide_1.0.2/stm32cubeide/plugins/com.st.stm32cube.ide.mcu.externaltools.gnu-tools-for-stm32.9-2020-q2-update.win32_1.5.0.202011040924/tools/bin/../lib/gcc/arm-none-eabi/9.3.1/../../../../arm-none-eabi/lib/thumb/v7e-m+fp/hard\libc_nano.a(lib_a-memset.o)
                              c:/st/stm32cubeide_1.0.2/stm32cubeide/plugins/com.st.stm32cube.ide.mcu.externaltools.gnu-tools-for-stm32.9-2020-q2-update.win32_1.5.0.202011040924/tools/bin/../lib/gcc/arm-none-eabi/9.3.1/../../../../arm-none-eabi/lib/thumb/v7e-m+fp/hard/crt0.o (memset)
c:/st/stm32cubeide_1.0.2/stm32cubeide/plugins/com.st.stm32cube.ide.mcu.externaltools.gnu-tools-for-stm32.9-2020-q2-update.win32_1.5.0.202011040924/tools/bin/../lib/gcc/arm-none-eabi/9.3.1/../../../../arm-none-eabi/lib/thumb/v7e-m+fp/hard\libc_nano.a(lib_a-nano-vfprintf_float.o)
                              (_printf_float)
c:/st/stm32cubeide_1.0.2/stm32cubeide/plugins/com.st.stm32cube.ide.mcu.externaltools.gnu-tools-for-stm32.9-2020-q2-update.win32_1.5.0.202011040924/tools/bin/../lib/gcc/arm-none-eabi/9.3.1/../../../../arm-none-eabi/lib/thumb/v7e-m+fp/hard\libc_nano.a(lib_a-nano-vfprintf_i.o)
                              c:/st/stm32cubeide_1.0.2/stm32cubeide/plugins/com.st.stm32cube.ide.mcu.externaltools.gnu-tools-for-stm32.9-2020-q2-update.win32_1.5.0.202011040924/tools/bin/../lib/gcc/arm-none-eabi/9.3.1/../../../../arm-none-eabi/lib/thumb/v7e-m+fp/hard\libc_nano.a(lib_a-nano-vfprintf_float.o) (_printf_common)
c:/st/stm32cubeide_1.0.2/stm32cubeide/plugins/com.st.stm32cube.ide.mcu.externaltools.gnu-tools-for-stm32.9-2020-q2-update.win32_1.5.0.202011040924/tools/bin/../lib/gcc/arm-none-eabi/9.3.1/../../../../arm-none-eabi/lib/thumb/v7e-m+fp/hard\libc_nano.a(lib_a-printf.o)
                              Core/Src/Controller/mode.o (printf)
c:/st/stm32cubeide_1.0.2/stm32cubeide/plugins/com.st.stm32cube.ide.mcu.externaltools.gnu-tools-for-stm32.9-2020-q2-update.win32_1.5.0.202011040924/tools/bin/../lib/gcc/arm-none-eabi/9.3.1/../../../../arm-none-eabi/lib/thumb/v7e-m+fp/hard\libc_nano.a(lib_a-putchar.o)
                              Core/Src/Controller/mode.o (putchar)
c:/st/stm32cubeide_1.0.2/stm32cubeide/plugins/com.st.stm32cube.ide.mcu.externaltools.gnu-tools-for-stm32.9-2020-q2-update.win32_1.5.0.202011040924/tools/bin/../lib/gcc/arm-none-eabi/9.3.1/../../../../arm-none-eabi/lib/thumb/v7e-m+fp/hard\libc_nano.a(lib_a-puts.o)
                              Core/Src/Controller/mode.o (puts)
c:/st/stm32cubeide_1.0.2/stm32cubeide/plugins/com.st.stm32cube.ide.mcu.externaltools.gnu-tools-for-stm32.9-2020-q2-update.win32_1.5.0.202011040924/tools/bin/../lib/gcc/arm-none-eabi/9.3.1/../../../../arm-none-eabi/lib/thumb/v7e-m+fp/hard\libc_nano.a(lib_a-setbuf.o)
                              Core/Src/main.o (setbuf)
[...]
Memory Configuration

Name             Origin             Length             Attributes
CCMRAM           0x0000000010000000 0x0000000000010000 xrw
RAM              0x0000000020000000 0x0000000000020000 xrw
FLASH            0x0000000008000000 0x0000000000100000 xr
*default*        0x0000000000000000 0xffffffffffffffff

Linker script and memory map

LOAD c:/st/stm32cubeide_1.0.2/stm32cubeide/plugins/com.st.stm32cube.ide.mcu.externaltools.gnu-tools-for-stm32.9-2020-q2-update.win32_1.5.0.202011040924/tools/bin/../lib/gcc/arm-none-eabi/9.3.1/thumb/v7e-m+fp/hard/crti.o
LOAD c:/st/stm32cubeide_1.0.2/stm32cubeide/plugins/com.st.stm32cube.ide.mcu.externaltools.gnu-tools-for-stm32.9-2020-q2-update.win32_1.5.0.202011040924/tools/bin/../lib/gcc/arm-none-eabi/9.3.1/thumb/v7e-m+fp/hard/crtbegin.o
LOAD c:/st/stm32cubeide_1.0.2/stm32cubeide/plugins/com.st.stm32cube.ide.mcu.externaltools.gnu-tools-for-stm32.9-2020-q2-update.win32_1.5.0.202011040924/tools/bin/../lib/gcc/arm-none-eabi/9.3.1/../../../../arm-none-eabi/lib/thumb/v7e-m+fp/hard/crt0.o
LOAD Core/Src/Controller/callback.o
LOAD Core/Src/Controller/mode.o
LOAD Core/Src/Controller/search.o
LOAD Core/Src/Controller/state.o
LOAD Core/Src/Controller/test.o
LOAD Core/Src/Hardware/ICM20689.o
LOAD Core/Src/Hardware/basic_timer.o
LOAD Core/Src/Hardware/battery.o
LOAD Core/Src/Hardware/buzzer.o
LOAD Core/Src/Hardware/encoder.o
LOAD Core/Src/Hardware/flash.o
LOAD Core/Src/Hardware/interface_LED.o
LOAD Core/Src/Hardware/motor.o
LOAD Core/Src/Hardware/wall_sensor.o
LOAD Core/Src/System/flags.o
LOAD Core/Src/System/log.o
LOAD Core/Src/System/map.o
LOAD Core/Src/System/motion.o
LOAD Core/Src/System/music.o
LOAD Core/Src/System/route.o
LOAD Core/Src/System/sensing.o
LOAD Core/Src/adc.o
LOAD Core/Src/dma.o
LOAD Core/Src/gpio.o
LOAD Core/Src/main.o
LOAD Core/Src/spi.o
LOAD Core/Src/stm32f4xx_it.o
LOAD Core/Src/syscalls.o
LOAD Core/Src/sysmem.o
LOAD Core/Src/system_stm32f4xx.o
LOAD Core/Src/tim.o
LOAD Core/Src/usart.o
LOAD Core/Startup/startup_stm32f405rgtx.o
LOAD Drivers/STM32F4xx_HAL_Driver/Src/stm32f4xx_ll_adc.o
LOAD Drivers/STM32F4xx_HAL_Driver/Src/stm32f4xx_ll_dma.o
LOAD Drivers/STM32F4xx_HAL_Driver/Src/stm32f4xx_ll_exti.o
LOAD Drivers/STM32F4xx_HAL_Driver/Src/stm32f4xx_ll_gpio.o
LOAD Drivers/STM32F4xx_HAL_Driver/Src/stm32f4xx_ll_rcc.o
LOAD Drivers/STM32F4xx_HAL_Driver/Src/stm32f4xx_ll_spi.o
LOAD Drivers/STM32F4xx_HAL_Driver/Src/stm32f4xx_ll_tim.o
LOAD Drivers/STM32F4xx_HAL_Driver/Src/stm32f4xx_ll_usart.o
LOAD Drivers/STM32F4xx_HAL_Driver/Src/stm32f4xx_ll_utils.o
START GROUP
LOAD c:/st/stm32cubeide_1.0.2/stm32cubeide/plugins/com.st.stm32cube.ide.mcu.externaltools.gnu-tools-for-stm32.9-2020-q2-update.win32_1.5.0.202011040924/tools/bin/../lib/gcc/arm-none-eabi/9.3.1/../../../../arm-none-eabi/lib/thumb/v7e-m+fp/hard\libc_nano.a
LOAD c:/st/stm32cubeide_1.0.2/stm32cubeide/plugins/com.st.stm32cube.ide.mcu.externaltools.gnu-tools-for-stm32.9-2020-q2-update.win32_1.5.0.202011040924/tools/bin/../lib/gcc/arm-none-eabi/9.3.1/../../../../arm-none-eabi/lib/thumb/v7e-m+fp/hard\libm.a
END GROUP
START GROUP
LOAD c:/st/stm32cubeide_1.0.2/stm32cubeide/plugins/com.st.stm32cube.ide.mcu.externaltools.gnu-tools-for-stm32.9-2020-q2-update.win32_1.5.0.202011040924/tools/bin/../lib/gcc/arm-none-eabi/9.3.1/thumb/v7e-m+fp/hard\libgcc.a
LOAD c:/st/stm32cubeide_1.0.2/stm32cubeide/plugins/com.st.stm32cube.ide.mcu.externaltools.gnu-tools-for-stm32.9-2020-q2-update.win32_1.5.0.202011040924/tools/bin/../lib/gcc/arm-none-eabi/9.3.1/../../../../arm-none-eabi/lib/thumb/v7e-m+fp/hard\libc_nano.a
END GROUP
START GROUP
LOAD c:/st/stm32cubeide_1.0.2/stm32cubeide/plugins/com.st.stm32cube.ide.mcu.externaltools.gnu-tools-for-stm32.9-2020-q2-update.win32_1.5.0.202011040924/tools/bin/../lib/gcc/arm-none-eabi/9.3.1/thumb/v7e-m+fp/hard\libgcc.a
LOAD c:/st/stm32cubeide_1.0.2/stm32cubeide/plugins/com.st.stm32cube.ide.mcu.externaltools.gnu-tools-for-stm32.9-2020-q2-update.win32_1.5.0.202011040924/tools/bin/../lib/gcc/arm-none-eabi/9.3.1/../../../../arm-none-eabi/lib/thumb/v7e-m+fp/hard\libc_nano.a
LOAD c:/st/stm32cubeide_1.0.2/stm32cubeide/plugins/com.st.stm32cube.ide.mcu.externaltools.gnu-tools-for-stm32.9-2020-q2-update.win32_1.5.0.202011040924/tools/bin/../lib/gcc/arm-none-eabi/9.3.1/../../../../arm-none-eabi/lib/thumb/v7e-m+fp/hard\libnosys.a
END GROUP
START GROUP
LOAD c:/st/stm32cubeide_1.0.2/stm32cubeide/plugins/com.st.stm32cube.ide.mcu.externaltools.gnu-tools-for-stm32.9-2020-q2-update.win32_1.5.0.202011040924/tools/bin/../lib/gcc/arm-none-eabi/9.3.1/thumb/v7e-m+fp/hard\libgcc.a
LOAD c:/st/stm32cubeide_1.0.2/stm32cubeide/plugins/com.st.stm32cube.ide.mcu.externaltools.gnu-tools-for-stm32.9-2020-q2-update.win32_1.5.0.202011040924/tools/bin/../lib/gcc/arm-none-eabi/9.3.1/../../../../arm-none-eabi/lib/thumb/v7e-m+fp/hard\libc_nano.a
LOAD c:/st/stm32cubeide_1.0.2/stm32cubeide/plugins/com.st.stm32cube.ide.mcu.externaltools.gnu-tools-for-stm32.9-2020-q2-update.win32_1.5.0.202011040924/tools/bin/../lib/gcc/arm-none-eabi/9.3.1/../../../../arm-none-eabi/lib/thumb/v7e-m+fp/hard\libnosys.a
END GROUP
LOAD c:/st/stm32cubeide_1.0.2/stm32cubeide/plugins/com.st.stm32cube.ide.mcu.externaltools.gnu-tools-for-stm32.9-2020-q2-update.win32_1.5.0.202011040924/tools/bin/../lib/gcc/arm-none-eabi/9.3.1/thumb/v7e-m+fp/hard/crtend.o
LOAD c:/st/stm32cubeide_1.0.2/stm32cubeide/plugins/com.st.stm32cube.ide.mcu.externaltools.gnu-tools-for-stm32.9-2020-q2-update.win32_1.5.0.202011040924/tools/bin/../lib/gcc/arm-none-eabi/9.3.1/thumb/v7e-m+fp/hard/crtn.o
                0x0000000020020000                _estack = (ORIGIN (RAM) + LENGTH (RAM))
                0x0000000000000200                _Min_Heap_Size = 0x200
                0x0000000000000400                _Min_Stack_Size = 0x400

.isr_vector     0x0000000008000000      0x188
                0x0000000008000000                . = ALIGN (0x4)
 *(.isr_vector)
 .isr_vector    0x0000000008000000      0x188 Core/Startup/startup_stm32f405rgtx.o
                0x0000000008000000                g_pfnVectors
                0x0000000008000188                . = ALIGN (0x4)

.text           0x0000000008000190     0xc0cc
                0x0000000008000190                . = ALIGN (0x4)
 *(.text)
 .text          0x0000000008000190       0x40 c:/st/stm32cubeide_1.0.2/stm32cubeide/plugins/com.st.stm32cube.ide.mcu.externaltools.gnu-tools-for-stm32.9-2020-q2-update.win32_1.5.0.202011040924/tools/bin/../lib/gcc/arm-none-eabi/9.3.1/thumb/v7e-m+fp/hard/crtbegin.o
 .text          0x00000000080001d0       0x10 c:/st/stm32cubeide_1.0.2/stm32cubeide/plugins/com.st.stm32cube.ide.mcu.externaltools.gnu-tools-for-stm32.9-2020-q2-update.win32_1.5.0.202011040924/tools/bin/../lib/gcc/arm-none-eabi/9.3.1/../../../../arm-none-eabi/lib/thumb/v7e-m+fp/hard\libc_nano.a(lib_a-strlen.o)
                0x00000000080001d0                strlen
 .text          0x00000000080001e0       0xa0 c:/st/stm32cubeide_1.0.2/stm32cubeide/plugins/com.st.stm32cube.ide.mcu.externaltools.gnu-tools-for-stm32.9-2020-q2-update.win32_1.5.0.202011040924/tools/bin/../lib/gcc/arm-none-eabi/9.3.1/../../../../arm-none-eabi/lib/thumb/v7e-m+fp/hard\libc_nano.a(lib_a-memchr.o)
                0x00000000080001e0                memchr
 .text          0x0000000008000280      0x378 c:/st/stm32cubeide_1.0.2/stm32cubeide/plugins/com.st.stm32cube.ide.mcu.externaltools.gnu-tools-for-stm32.9-2020-q2-update.win32_1.5.0.202011040924/tools/bin/../lib/gcc/arm-none-eabi/9.3.1/thumb/v7e-m+fp/hard\libgcc.a(_arm_addsubdf3.o)
                0x0000000008000280                __aeabi_drsub
                0x0000000008000288                __aeabi_dsub
                0x0000000008000288                __subdf3
                0x000000000800028c                __aeabi_dadd
                0x000000000800028c                __adddf3
                0x0000000008000504                __floatunsidf
                0x0000000008000504                __aeabi_ui2d
                0x0000000008000524                __floatsidf
                0x0000000008000524                __aeabi_i2d
                0x0000000008000548                __aeabi_f2d
                0x0000000008000548                __extendsfdf2
                0x000000000800058c                __floatundidf
                0x000000000800058c                __aeabi_ul2d
                0x000000000800059c                __floatdidf
                0x000000000800059c                __aeabi_l2d
 .text          0x00000000080005f8      0x424 c:/st/stm32cubeide_1.0.2/stm32cubeide/plugins/com.st.stm32cube.ide.mcu.externaltools.gnu-tools-for-stm32.9-2020-q2-update.win32_1.5.0.202011040924/tools/bin/../lib/gcc/arm-none-eabi/9.3.1/thumb/v7e-m+fp/hard\libgcc.a(_arm_muldivdf3.o)
                0x00000000080005f8                __aeabi_dmul
                0x00000000080005f8                __muldf3
                0x000000000800084c                __divdf3
                0x000000000800084c                __aeabi_ddiv
 .text          0x0000000008000a1c      0x110 c:/st/stm32cubeide_1.0.2/stm32cubeide/plugins/com.st.stm32cube.ide.mcu.externaltools.gnu-tools-for-stm32.9-2020-q2-update.win32_1.5.0.202011040924/tools/bin/../lib/gcc/arm-none-eabi/9.3.1/thumb/v7e-m+fp/hard\libgcc.a(_arm_cmpdf2.o)
                0x0000000008000a1c                __gtdf2
                0x0000000008000a1c                __gedf2
                0x0000000008000a24                __ltdf2
                0x0000000008000a24                __ledf2
                0x0000000008000a2c                __nedf2
                0x0000000008000a2c                __eqdf2
                0x0000000008000a2c                __cmpdf2
                0x0000000008000aa8                __aeabi_cdrcmple
                0x0000000008000ab8                __aeabi_cdcmpeq
                0x0000000008000ab8                __aeabi_cdcmple
                0x0000000008000ac8                __aeabi_dcmpeq
                0x0000000008000adc                __aeabi_dcmplt
                0x0000000008000af0                __aeabi_dcmple
                0x0000000008000b04                __aeabi_dcmpge
                0x0000000008000b18                __aeabi_dcmpgt
 .text          0x0000000008000b2c       0x2c c:/st/stm32cubeide_1.0.2/stm32cubeide/plugins/com.st.stm32cube.ide.mcu.externaltools.gnu-tools-for-stm32.9-2020-q2-update.win32_1.5.0.202011040924/tools/bin/../lib/gcc/arm-none-eabi/9.3.1/thumb/v7e-m+fp/hard\libgcc.a(_arm_unorddf2.o)
                0x0000000008000b2c                __unorddf2
                0x0000000008000b2c                __aeabi_dcmpun
 .text          0x0000000008000b58       0x50 c:/st/stm32cubeide_1.0.2/stm32cubeide/plugins/com.st.stm32cube.ide.mcu.externaltools.gnu-tools-for-stm32.9-2020-q2-update.win32_1.5.0.202011040924/tools/bin/../lib/gcc/arm-none-eabi/9.3.1/thumb/v7e-m+fp/hard\libgcc.a(_arm_fixdfsi.o)
                0x0000000008000b58                __aeabi_d2iz
                0x0000000008000b58                __fixdfsi
 .text          0x0000000008000ba8       0xa0 c:/st/stm32cubeide_1.0.2/stm32cubeide/plugins/com.st.stm32cube.ide.mcu.externaltools.gnu-tools-for-stm32.9-2020-q2-update.win32_1.5.0.202011040924/tools/bin/../lib/gcc/arm-none-eabi/9.3.1/thumb/v7e-m+fp/hard\libgcc.a(_arm_truncdfsf2.o)
                0x0000000008000ba8                __truncdfsf2
                0x0000000008000ba8                __aeabi_d2f
 .text          0x0000000008000c48       0x30 c:/st/stm32cubeide_1.0.2/stm32cubeide/plugins/com.st.stm32cube.ide.mcu.externaltools.gnu-tools-for-stm32.9-2020-q2-update.win32_1.5.0.202011040924/tools/bin/../lib/gcc/arm-none-eabi/9.3.1/thumb/v7e-m+fp/hard\libgcc.a(_aeabi_uldivmod.o)
                0x0000000008000c48                __aeabi_uldivmod
 .text          0x0000000008000c78      0x2c4 c:/st/stm32cubeide_1.0.2/stm32cubeide/plugins/com.st.stm32cube.ide.mcu.externaltools.gnu-tools-for-stm32.9-2020-q2-update.win32_1.5.0.202011040924/tools/bin/../lib/gcc/arm-none-eabi/9.3.1/thumb/v7e-m+fp/hard\libgcc.a(_udivmoddi4.o)
                0x0000000008000c78                __udivmoddi4
 .text          0x0000000008000f3c        0x4 c:/st/stm32cubeide_1.0.2/stm32cubeide/plugins/com.st.stm32cube.ide.mcu.externaltools.gnu-tools-for-stm32.9-2020-q2-update.win32_1.5.0.202011040924/tools/bin/../lib/gcc/arm-none-eabi/9.3.1/thumb/v7e-m+fp/hard\libgcc.a(_dvmd_tls.o)
                0x0000000008000f3c                __aeabi_idiv0
                0x0000000008000f3c                __aeabi_ldiv0
 *(.text*)
 .text.callbackTIM
                0x0000000008000f40       0x74 Core/Src/Controller/callback.o
                0x0000000008000f40                callbackTIM
 .text.printMode
                0x0000000008000fb4      0x134 Core/Src/Controller/mode.o
                0x0000000008000fb4                printMode
 .text.modeSelect
                0x00000000080010e8      0x128 Core/Src/Controller/mode.o
                0x00000000080010e8                modeSelect
 .text.waitStarting
                0x0000000008001210       0x78 Core/Src/Controller/mode.o
                0x0000000008001210                waitStarting
 .text.judgeFailSafe
                0x0000000008001288       0xb8 Core/Src/Controller/mode.o
                0x0000000008001288                judgeFailSafe
 .text.errorFunctions
                0x0000000008001340       0x78 Core/Src/Controller/mode.o
                0x0000000008001340                errorFunctions
 .text.rotateSafteyR180
                0x00000000080013b8       0x3c Core/Src/Controller/search.o
                0x00000000080013b8                rotateSafteyR180
 .text.prepareStateForSearching
                0x00000000080013f4       0x60 Core/Src/Controller/search.o
                0x00000000080013f4                prepareStateForSearching
 .text.searchMazeBySlalom
                0x0000000008001454      0x1fc Core/Src/Controller/search.o
                0x0000000008001454                searchMazeBySlalom
 .text.CheckGoal
                0x0000000008001650       0xcc Core/Src/Controller/search.o
                0x0000000008001650                CheckGoal
 .text.calculateSensorError
                0x000000000800171c      0x264 Core/Src/Controller/state.o
                0x000000000800171c                calculateSensorError
 .text.calculatePID
                0x0000000008001980      0x118 Core/Src/Controller/state.o
                0x0000000008001980                calculatePID
 .text.calculateTargetVelocity
                0x0000000008001a98       0xbc Core/Src/Controller/state.o
                0x0000000008001a98                calculateTargetVelocity
 .text.calculateTagetOmega
                0x0000000008001b54       0xbc Core/Src/Controller/state.o
                0x0000000008001b54                calculateTagetOmega
 .text.fixTargetOmegaFromWallSensor
                0x0000000008001c10      0x158 Core/Src/Controller/state.o
                0x0000000008001c10                fixTargetOmegaFromWallSensor
 .text.setStatus
                0x0000000008001d68       0x80 Core/Src/Controller/state.o
                0x0000000008001d68                setStatus
 .text.setTurnParams
                0x0000000008001de8       0x76 Core/Src/Controller/state.o
                0x0000000008001de8                setTurnParams
 .text.setParameters
                0x0000000008001e5e       0x4e Core/Src/Controller/state.o
                0x0000000008001e5e                setParameters
 .text.initMouseStatus
                0x0000000008001eac      0x384 Core/Src/Controller/state.o
                0x0000000008001eac                initMouseStatus
 .text.updateStatus
                0x0000000008002230      0x2a4 Core/Src/Controller/state.o
                0x0000000008002230                updateStatus
 .text.prepareForTest
                0x00000000080024d4       0x60 Core/Src/Controller/test.o
                0x00000000080024d4                prepareForTest
 .text.testKeepDistance
                0x0000000008002534       0x38 Core/Src/Controller/test.o
                0x0000000008002534                testKeepDistance
 .text.testWallSensors
                0x000000000800256c       0x60 Core/Src/Controller/test.o
                0x000000000800256c                testWallSensors
 .text.testEncoders
                0x00000000080025cc       0x64 Core/Src/Controller/test.o
                0x00000000080025cc                testEncoders
 .text.testIMU  0x0000000008002630       0x34 Core/Src/Controller/test.o
                0x0000000008002630                testIMU
 .text.testMotions
                0x0000000008002664      0x3ac Core/Src/Controller/test.o
                0x0000000008002664                testMotions
 .text.LL_SPI_Enable
                0x0000000008002a10       0x20 Core/Src/Hardware/ICM20689.o
 .text.LL_SPI_IsEnabled
                0x0000000008002a30       0x26 Core/Src/Hardware/ICM20689.o
 .text.LL_SPI_IsActiveFlag_RXNE
                0x0000000008002a56       0x26 Core/Src/Hardware/ICM20689.o
 .text.LL_SPI_IsActiveFlag_TXE
                0x0000000008002a7c       0x26 Core/Src/Hardware/ICM20689.o
 .text.LL_SPI_ReceiveData8
                0x0000000008002aa2       0x1a Core/Src/Hardware/ICM20689.o
 .text.LL_SPI_TransmitData8
                0x0000000008002abc       0x24 Core/Src/Hardware/ICM20689.o
 .text.LL_GPIO_SetOutputPin
                0x0000000008002ae0       0x1c Core/Src/Hardware/ICM20689.o
 .text.LL_GPIO_ResetOutputPin
                0x0000000008002afc       0x1e Core/Src/Hardware/ICM20689.o
 *fill*         0x0000000008002b1a        0x2 
 .text.SPI_Control
                0x0000000008002b1c       0x9c Core/Src/Hardware/ICM20689.o
                0x0000000008002b1c                SPI_Control
 .text.readByte
                0x0000000008002bb8       0x38 Core/Src/Hardware/ICM20689.o
                0x0000000008002bb8                readByte
 .text.writeByte
                0x0000000008002bf0       0x3c Core/Src/Hardware/ICM20689.o
                0x0000000008002bf0                writeByte
 .text.initIMU  0x0000000008002c2c       0xb0 Core/Src/Hardware/ICM20689.o
                0x0000000008002c2c                initIMU
 .text.readGyroOmegaZ
                0x0000000008002cdc       0x4c Core/Src/Hardware/ICM20689.o
                0x0000000008002cdc                readGyroOmegaZ
 .text.readGyroAccelX
                0x0000000008002d28       0x4c Core/Src/Hardware/ICM20689.o
                0x0000000008002d28                readGyroAccelX
 .text.LL_TIM_EnableCounter
                0x0000000008002d74       0x20 Core/Src/Hardware/basic_timer.o
 .text.LL_TIM_DisableCounter
                0x0000000008002d94       0x20 Core/Src/Hardware/basic_timer.o
 .text.LL_TIM_EnableIT_UPDATE
                0x0000000008002db4       0x20 Core/Src/Hardware/basic_timer.o
 .text.LL_TIM_DisableIT_UPDATE
                0x0000000008002dd4       0x20 Core/Src/Hardware/basic_timer.o
 .text.basicTimerStart
                0x0000000008002df4       0x18 Core/Src/Hardware/basic_timer.o
                0x0000000008002df4                basicTimerStart
 .text.basicTimerPause
                0x0000000008002e0c       0x18 Core/Src/Hardware/basic_timer.o
                0x0000000008002e0c                basicTimerPause
 .text.waitMs   0x0000000008002e24       0x1a Core/Src/Hardware/basic_timer.o
                0x0000000008002e24                waitMs
 *fill*         0x0000000008002e3e        0x2 
 .text.waitUs   0x0000000008002e40       0x54 Core/Src/Hardware/basic_timer.o
                0x0000000008002e40                waitUs
 .text.readBatteryCheck
                0x0000000008002e94       0x28 Core/Src/Hardware/battery.o
                0x0000000008002e94                readBatteryCheck
 .text.LL_TIM_EnableCounter
                0x0000000008002ebc       0x20 Core/Src/Hardware/buzzer.o
 .text.LL_TIM_SetCounter
                0x0000000008002edc       0x1c Core/Src/Hardware/buzzer.o
 .text.LL_TIM_SetAutoReload
                0x0000000008002ef8       0x1c Core/Src/Hardware/buzzer.o
 .text.LL_TIM_CC_EnableChannel
                0x0000000008002f14       0x22 Core/Src/Hardware/buzzer.o
 .text.LL_TIM_OC_SetCompareCH4
                0x0000000008002f36       0x1c Core/Src/Hardware/buzzer.o
 .text.LL_TIM_EnableAllOutputs
                0x0000000008002f52       0x20 Core/Src/Hardware/buzzer.o
 *fill*         0x0000000008002f72        0x2 
 .text.enableMelody
                0x0000000008002f74       0x24 Core/Src/Hardware/buzzer.o
                0x0000000008002f74                enableMelody
 .text.stopMelody
                0x0000000008002f98       0x14 Core/Src/Hardware/buzzer.o
                0x0000000008002f98                stopMelody
 .text.Melody   0x0000000008002fac       0x58 Core/Src/Hardware/buzzer.o
                0x0000000008002fac                Melody
 .text.LL_TIM_EnableCounter
                0x0000000008003004       0x20 Core/Src/Hardware/encoder.o
 .text.LL_TIM_DisableCounter
                0x0000000008003024       0x20 Core/Src/Hardware/encoder.o
 .text.enableEncoder
                0x0000000008003044       0x28 Core/Src/Hardware/encoder.o
                0x0000000008003044                enableEncoder
 .text.disableEncoder
                0x000000000800306c       0x1c Core/Src/Hardware/encoder.o
                0x000000000800306c                disableEncoder
 .text.getEncoderData
                0x0000000008003088       0x64 Core/Src/Hardware/encoder.o
                0x0000000008003088                getEncoderData
 .text.FLASH_Lock
                0x00000000080030ec       0x20 Core/Src/Hardware/flash.o
 .text.FLASH_Unlock
                0x000000000800310c       0x28 Core/Src/Hardware/flash.o
 .text.FLASH_WaitBusy
                0x0000000008003134       0x24 Core/Src/Hardware/flash.o
                0x0000000008003134                FLASH_WaitBusy
 .text.FLASH_WriteByte
                0x0000000008003158       0x50 Core/Src/Hardware/flash.o
                0x0000000008003158                FLASH_WriteByte
 .text.FLASH_WriteData
                0x00000000080031a8       0x34 Core/Src/Hardware/flash.o
                0x00000000080031a8                FLASH_WriteData
 .text.FLASH_ReadData
                0x00000000080031dc       0x24 Core/Src/Hardware/flash.o
                0x00000000080031dc                FLASH_ReadData
 .text.FLASH_Erase
                0x0000000008003200       0x3c Core/Src/Hardware/flash.o
                0x0000000008003200                FLASH_Erase
 .text.setLED1State
                0x000000000800323c       0x34 Core/Src/Hardware/interface_LED.o
                0x000000000800323c                setLED1State
 .text.setLED2State
                0x0000000008003270       0x34 Core/Src/Hardware/interface_LED.o
                0x0000000008003270                setLED2State
 .text.setLED3State
                0x00000000080032a4       0x34 Core/Src/Hardware/interface_LED.o
                0x00000000080032a4                setLED3State
 .text.setLED4State
                0x00000000080032d8       0x30 Core/Src/Hardware/interface_LED.o
                0x00000000080032d8                setLED4State
 .text.setLED5State
                0x0000000008003308       0x30 Core/Src/Hardware/interface_LED.o
                0x0000000008003308                setLED5State
 .text.displayBinaryValueWithLEDs
                0x0000000008003338       0x58 Core/Src/Hardware/interface_LED.o
                0x0000000008003338                displayBinaryValueWithLEDs
 .text.LL_TIM_EnableCounter
                0x0000000008003390       0x20 Core/Src/Hardware/motor.o
 .text.LL_TIM_DisableCounter
                0x00000000080033b0       0x20 Core/Src/Hardware/motor.o
 .text.LL_TIM_SetCounter
                0x00000000080033d0       0x1c Core/Src/Hardware/motor.o
 .text.LL_TIM_CC_EnableChannel
                0x00000000080033ec       0x22 Core/Src/Hardware/motor.o
 .text.LL_TIM_CC_DisableChannel
                0x000000000800340e       0x24 Core/Src/Hardware/motor.o
 .text.LL_TIM_OC_SetCompareCH1
                0x0000000008003432       0x1c Core/Src/Hardware/motor.o
 .text.LL_TIM_OC_SetCompareCH2
                0x000000000800344e       0x1c Core/Src/Hardware/motor.o
 .text.LL_TIM_EnableAllOutputs
                0x000000000800346a       0x20 Core/Src/Hardware/motor.o
 .text.LL_GPIO_SetOutputPin
                0x000000000800348a       0x1c Core/Src/Hardware/motor.o
 .text.LL_GPIO_ResetOutputPin
                0x00000000080034a6       0x1e Core/Src/Hardware/motor.o
 .text.setMotorDriverState
                0x00000000080034c4       0x3c Core/Src/Hardware/motor.o
                0x00000000080034c4                setMotorDriverState
 .text.enableMotors
                0x0000000008003500       0x90 Core/Src/Hardware/motor.o
                0x0000000008003500                enableMotors
 .text.setMotorDirection
                0x0000000008003590       0x80 Core/Src/Hardware/motor.o
                0x0000000008003590                setMotorDirection
 .text.dutyConverter
                0x0000000008003610       0x6c Core/Src/Hardware/motor.o
                0x0000000008003610                dutyConverter
 .text.driveMotors
                0x000000000800367c       0xa4 Core/Src/Hardware/motor.o
                0x000000000800367c                driveMotors
 .text.shutdownMotors
                0x0000000008003720       0x44 Core/Src/Hardware/motor.o
                0x0000000008003720                shutdownMotors
 .text.LL_ADC_DMA_GetRegAddr
                0x0000000008003764       0x34 Core/Src/Hardware/wall_sensor.o
 .text.LL_ADC_Enable
                0x0000000008003798       0x20 Core/Src/Hardware/wall_sensor.o
 .text.LL_ADC_REG_StartConversionSWStart
                0x00000000080037b8       0x20 Core/Src/Hardware/wall_sensor.o
 .text.LL_ADC_ClearFlag_EOCS
                0x00000000080037d8       0x1c Core/Src/Hardware/wall_sensor.o
 .text.LL_DMA_EnableStream
                0x00000000080037f4       0x40 Core/Src/Hardware/wall_sensor.o
 .text.LL_DMA_DisableStream
                0x0000000008003834       0x40 Core/Src/Hardware/wall_sensor.o
 .text.LL_DMA_SetDataLength
                0x0000000008003874       0x48 Core/Src/Hardware/wall_sensor.o
 .text.LL_DMA_ConfigAddresses
                0x00000000080038bc       0x78 Core/Src/Hardware/wall_sensor.o
 .text.LL_DMA_EnableIT_TC
                0x0000000008003934       0x40 Core/Src/Hardware/wall_sensor.o
 .text.ADC1_Start_DMA2
                0x0000000008003974       0x54 Core/Src/Hardware/wall_sensor.o
                0x0000000008003974                ADC1_Start_DMA2
 .text.changeFrontCenterLED
                0x00000000080039c8       0x30 Core/Src/Hardware/wall_sensor.o
                0x00000000080039c8                changeFrontCenterLED
 .text.changeFrontRightLED
                0x00000000080039f8       0x30 Core/Src/Hardware/wall_sensor.o
                0x00000000080039f8                changeFrontRightLED
 .text.changeFrontLeftLED
                0x0000000008003a28       0x30 Core/Src/Hardware/wall_sensor.o
                0x0000000008003a28                changeFrontLeftLED
 .text.changeRightLED
                0x0000000008003a58       0x30 Core/Src/Hardware/wall_sensor.o
                0x0000000008003a58                changeRightLED
 .text.changeLeftLED
                0x0000000008003a88       0x30 Core/Src/Hardware/wall_sensor.o
                0x0000000008003a88                changeLeftLED
 .text.changeLEDs
                0x0000000008003ab8       0x6c Core/Src/Hardware/wall_sensor.o
                0x0000000008003ab8                changeLEDs
 .text.getWallADC
                0x0000000008003b24       0x24 Core/Src/Hardware/wall_sensor.o
                0x0000000008003b24                getWallADC
 .text.startADCwithDMA
                0x0000000008003b48       0x24 Core/Src/Hardware/wall_sensor.o
                0x0000000008003b48                startADCwithDMA
 .text.DMA_CallbackTask
                0x0000000008003b6c       0x18 Core/Src/Hardware/wall_sensor.o
                0x0000000008003b6c                DMA_CallbackTask
 .text.setControlFlags
                0x0000000008003b84       0x74 Core/Src/System/flags.o
                0x0000000008003b84                setControlFlags
 .text.setAccelFlags
                0x0000000008003bf8       0x74 Core/Src/System/flags.o
                0x0000000008003bf8                setAccelFlags
 .text.storeLog
                0x0000000008003c6c      0x15c Core/Src/System/log.o
                0x0000000008003c6c                storeLog
 .text.deleteWallMap
                0x0000000008003dc8       0xe4 Core/Src/System/map.o
                0x0000000008003dc8                deleteWallMap
 .text.updateWallMap
                0x0000000008003eac      0x244 Core/Src/System/map.o
                0x0000000008003eac                updateWallMap
 .text.makeStepMap
                0x00000000080040f0      0x264 Core/Src/System/map.o
                0x00000000080040f0                makeStepMap
 .text.MakeRoute_NESW
                0x0000000008004354      0x254 Core/Src/System/map.o
                0x0000000008004354                MakeRoute_NESW
 .text.ConfRoute_NESW
                0x00000000080045a8       0x50 Core/Src/System/map.o
                0x00000000080045a8                ConfRoute_NESW
 .text.advancePosition
                0x00000000080045f8       0x6c Core/Src/System/map.o
                0x00000000080045f8                advancePosition
 .text.changeDirection
                0x0000000008004664       0x38 Core/Src/System/map.o
                0x0000000008004664                changeDirection
 .text.setMapStruct
                0x000000000800469c       0x52 Core/Src/System/map.o
                0x000000000800469c                setMapStruct
 *fill*         0x00000000080046ee        0x2 
 .text.prepareMapForSearch
                0x00000000080046f0       0x64 Core/Src/System/map.o
                0x00000000080046f0                prepareMapForSearch
 .text.saveWallMap
                0x0000000008004754       0x5c Core/Src/System/map.o
                0x0000000008004754                saveWallMap
 .text.loadWallMap
                0x00000000080047b0       0x5c Core/Src/System/map.o
                0x00000000080047b0                loadWallMap
 .text.driveAccelMotion
                0x000000000800480c      0x198 Core/Src/System/motion.o
                0x000000000800480c                driveAccelMotion
 *fill*         0x00000000080049a4        0x4 
 .text.driveSlalomFree
                0x00000000080049a8      0x1c0 Core/Src/System/motion.o
                0x00000000080049a8                driveSlalomFree
 .text.spinMotion
                0x0000000008004b68      0x1c4 Core/Src/System/motion.o
                0x0000000008004b68                spinMotion
 .text.slalomMotion
                0x0000000008004d2c      0x1fc Core/Src/System/motion.o
                0x0000000008004d2c                slalomMotion
 .text.moveHalfSectionAccel
                0x0000000008004f28       0x4c Core/Src/System/motion.o
                0x0000000008004f28                moveHalfSectionAccel
 .text.moveHalfSectionDecel
                0x0000000008004f74       0x2c Core/Src/System/motion.o
                0x0000000008004f74                moveHalfSectionDecel
 .text.moveOneSectionAccel
                0x0000000008004fa0       0x3c Core/Src/System/motion.o
                0x0000000008004fa0                moveOneSectionAccel
 .text.keepDistanceFromWall
                0x0000000008004fdc       0x40 Core/Src/System/motion.o
                0x0000000008004fdc                keepDistanceFromWall
 .text.spinRight180
                0x000000000800501c       0x1c Core/Src/System/motion.o
                0x000000000800501c                spinRight180
 .text.moveSlalomR90
                0x0000000008005038       0x98 Core/Src/System/motion.o
                0x0000000008005038                moveSlalomR90
 .text.moveSlalomL90
                0x00000000080050d0       0x98 Core/Src/System/motion.o
                0x00000000080050d0                moveSlalomL90
 .text.backMotion
                0x0000000008005168      0x118 Core/Src/System/motion.o
                0x0000000008005168                backMotion
 .text.moveBigSlalomR90
                0x0000000008005280       0x90 Core/Src/System/motion.o
                0x0000000008005280                moveBigSlalomR90
 .text.moveBigSlalomL90
                0x0000000008005310       0x90 Core/Src/System/motion.o
                0x0000000008005310                moveBigSlalomL90
 .text.moveBigSlalomR180
                0x00000000080053a0       0x90 Core/Src/System/motion.o
                0x00000000080053a0                moveBigSlalomR180
 .text.moveBigSlalomL180
                0x0000000008005430       0x90 Core/Src/System/motion.o
                0x0000000008005430                moveBigSlalomL180
 .text.MelodySummer
                0x00000000080054c0       0x5a Core/Src/System/music.o
                0x00000000080054c0                MelodySummer
 .text.MelodyRayearth
                0x000000000800551a       0x46 Core/Src/System/music.o
                0x000000000800551a                MelodyRayearth
 .text.MelodyGoal
                0x0000000008005560       0x2c Core/Src/System/music.o
                0x0000000008005560                MelodyGoal
 .text.MelodyUrara
                0x000000000800558c       0x94 Core/Src/System/music.o
                0x000000000800558c                MelodyUrara
 .text.MelodyMrLawrence
                0x0000000008005620       0xb0 Core/Src/System/music.o
                0x0000000008005620                MelodyMrLawrence
 .text.MelodyNatsumatsuri
                0x00000000080056d0       0x58 Core/Src/System/music.o
                0x00000000080056d0                MelodyNatsumatsuri
 .text.MelodyYamato
                0x0000000008005728       0x64 Core/Src/System/music.o
                0x0000000008005728                MelodyYamato
 .text.getEncoderVelocity
                0x000000000800578c       0x30 Core/Src/System/sensing.o
                0x000000000800578c                getEncoderVelocity
 .text.getCenterMileage
                0x00000000080057bc       0xb4 Core/Src/System/sensing.o
                0x00000000080057bc                getCenterMileage
 .text.addAngle
                0x0000000008005870       0x38 Core/Src/System/sensing.o
                0x0000000008005870                addAngle
 .text.getCenterVelocity
                0x00000000080058a8       0x3c Core/Src/System/sensing.o
                0x00000000080058a8                getCenterVelocity
 .text.getOmega
                0x00000000080058e4       0x1c Core/Src/System/sensing.o
                0x00000000080058e4                getOmega
 .text.getAccel
                0x0000000008005900       0xcc Core/Src/System/sensing.o
                0x0000000008005900                getAccel
 .text.getWallSensorOffset
                0x00000000080059cc       0x7c Core/Src/System/sensing.o
                0x00000000080059cc                getWallSensorOffset
 .text.getWallSensor
                0x0000000008005a48       0x94 Core/Src/System/sensing.o
                0x0000000008005a48                getWallSensor
 .text.getOmegaOffset
                0x0000000008005adc       0x68 Core/Src/System/sensing.o
                0x0000000008005adc                getOmegaOffset
 .text.getAccelOffset
                0x0000000008005b44       0x68 Core/Src/System/sensing.o
                0x0000000008005b44                getAccelOffset
 .text.getWallInfo
                0x0000000008005bac       0x54 Core/Src/System/sensing.o
                0x0000000008005bac                getWallInfo
 .text.filterWallSensors
                0x0000000008005c00      0x108 Core/Src/System/sensing.o
                0x0000000008005c00                filterWallSensors
 .text.initSensors
                0x0000000008005d08       0x24 Core/Src/System/sensing.o
                0x0000000008005d08                initSensors
 .text.updateSensors
                0x0000000008005d2c       0xc0 Core/Src/System/sensing.o
                0x0000000008005d2c                updateSensors
 .text.getOffsets
                0x0000000008005dec       0x30 Core/Src/System/sensing.o
                0x0000000008005dec                getOffsets
 .text.LL_ADC_REG_SetSequencerRanks
                0x0000000008005e1c       0x6c Core/Src/adc.o
 .text.LL_ADC_REG_SetFlagEndOfConversion
                0x0000000008005e88       0x26 Core/Src/adc.o
 .text.LL_ADC_SetChannelSamplingTime
                0x0000000008005eae       0x98 Core/Src/adc.o
 *fill*         0x0000000008005f46        0x2 
 .text.LL_DMA_SetDataTransferDirection
                0x0000000008005f48       0x48 Core/Src/adc.o
 .text.LL_DMA_SetMode
                0x0000000008005f90       0x48 Core/Src/adc.o
 .text.LL_DMA_SetPeriphIncMode
                0x0000000008005fd8       0x48 Core/Src/adc.o
 .text.LL_DMA_SetMemoryIncMode
                0x0000000008006020       0x48 Core/Src/adc.o
 .text.LL_DMA_SetPeriphSize
                0x0000000008006068       0x48 Core/Src/adc.o
 .text.LL_DMA_SetMemorySize
                0x00000000080060b0       0x48 Core/Src/adc.o
 .text.LL_DMA_SetStreamPriorityLevel
                0x00000000080060f8       0x48 Core/Src/adc.o
 .text.LL_DMA_SetChannelSelection
                0x0000000008006140       0x48 Core/Src/adc.o
 .text.LL_DMA_DisableFifoMode
                0x0000000008006188       0x40 Core/Src/adc.o
 .text.LL_AHB1_GRP1_EnableClock
                0x00000000080061c8       0x30 Core/Src/adc.o
 .text.LL_APB2_GRP1_EnableClock
                0x00000000080061f8       0x30 Core/Src/adc.o
 .text.MX_ADC1_Init
                0x0000000008006228      0x1b8 Core/Src/adc.o
                0x0000000008006228                MX_ADC1_Init
 .text.__NVIC_GetPriorityGrouping
                0x00000000080063e0       0x1c Core/Src/dma.o
 .text.__NVIC_EnableIRQ
                0x00000000080063fc       0x3c Core/Src/dma.o
 .text.__NVIC_SetPriority
                0x0000000008006438       0x54 Core/Src/dma.o
 .text.NVIC_EncodePriority
                0x000000000800648c       0x66 Core/Src/dma.o
 *fill*         0x00000000080064f2        0x2 
 .text.LL_AHB1_GRP1_EnableClock
                0x00000000080064f4       0x30 Core/Src/dma.o
 .text.MX_DMA_Init
                0x0000000008006524       0x30 Core/Src/dma.o
                0x0000000008006524                MX_DMA_Init
 .text.LL_AHB1_GRP1_EnableClock
                0x0000000008006554       0x30 Core/Src/gpio.o
 .text.LL_GPIO_ResetOutputPin
                0x0000000008006584       0x1e Core/Src/gpio.o
 *fill*         0x00000000080065a2        0x2 
 .text.MX_GPIO_Init
                0x00000000080065a4      0x11c Core/Src/gpio.o
                0x00000000080065a4                MX_GPIO_Init
 .text.__NVIC_SetPriorityGrouping
                0x00000000080066c0       0x48 Core/Src/main.o
 .text.LL_RCC_HSI_Enable
                0x0000000008006708       0x20 Core/Src/main.o
 .text.LL_RCC_HSI_IsReady
                0x0000000008006728       0x24 Core/Src/main.o
 .text.LL_RCC_HSI_SetCalibTrimming
                0x000000000800674c       0x2c Core/Src/main.o
 .text.LL_RCC_SetSysClkSource
                0x0000000008006778       0x28 Core/Src/main.o
 .text.LL_RCC_GetSysClkSource
                0x00000000080067a0       0x1c Core/Src/main.o
 .text.LL_RCC_SetAHBPrescaler
                0x00000000080067bc       0x28 Core/Src/main.o
 .text.LL_RCC_SetAPB1Prescaler
                0x00000000080067e4       0x28 Core/Src/main.o
 .text.LL_RCC_SetAPB2Prescaler
                0x000000000800680c       0x28 Core/Src/main.o
 .text.LL_RCC_PLL_Enable
                0x0000000008006834       0x20 Core/Src/main.o
 .text.LL_RCC_PLL_IsReady
                0x0000000008006854       0x28 Core/Src/main.o
 .text.LL_RCC_PLL_ConfigDomain_SYS
                0x000000000800687c       0x4c Core/Src/main.o
 .text.LL_APB1_GRP1_EnableClock
                0x00000000080068c8       0x30 Core/Src/main.o
 .text.LL_APB2_GRP1_EnableClock
                0x00000000080068f8       0x30 Core/Src/main.o
 .text.LL_FLASH_SetLatency
                0x0000000008006928       0x28 Core/Src/main.o
 .text.LL_FLASH_GetLatency
                0x0000000008006950       0x1c Core/Src/main.o
 .text.LL_PWR_SetRegulVoltageScaling
                0x000000000800696c       0x28 Core/Src/main.o
 .text.LL_USART_IsActiveFlag_TXE
                0x0000000008006994       0x26 Core/Src/main.o
 .text.LL_USART_TransmitData8
                0x00000000080069ba       0x1e Core/Src/main.o
 .text.__io_putchar
                0x00000000080069d8       0x54 Core/Src/main.o
                0x00000000080069d8                __io_putchar
 .text.main     0x0000000008006a2c      0x3e0 Core/Src/main.o
                0x0000000008006a2c                main
 .text.SystemClock_Config
                0x0000000008006e0c       0x8c Core/Src/main.o
                0x0000000008006e0c                SystemClock_Config
 .text.LL_AHB1_GRP1_EnableClock
                0x0000000008006e98       0x30 Core/Src/spi.o
 .text.LL_APB1_GRP1_EnableClock
                0x0000000008006ec8       0x30 Core/Src/spi.o
 .text.LL_SPI_SetStandard
                0x0000000008006ef8       0x26 Core/Src/spi.o
 *fill*         0x0000000008006f1e        0x2 
 .text.MX_SPI3_Init
                0x0000000008006f20       0xa8 Core/Src/spi.o
                0x0000000008006f20                MX_SPI3_Init
 .text.LL_DMA_IsActiveFlag_TC0
                0x0000000008006fc8       0x26 Core/Src/stm32f4xx_it.o
 .text.LL_DMA_ClearFlag_TC0
                0x0000000008006fee       0x1a Core/Src/stm32f4xx_it.o
 .text.LL_TIM_ClearFlag_UPDATE
                0x0000000008007008       0x1c Core/Src/stm32f4xx_it.o
 .text.LL_TIM_IsActiveFlag_UPDATE
                0x0000000008007024       0x26 Core/Src/stm32f4xx_it.o
 .text.NMI_Handler
                0x000000000800704a        0x6 Core/Src/stm32f4xx_it.o
                0x000000000800704a                NMI_Handler
 .text.HardFault_Handler
                0x0000000008007050        0x6 Core/Src/stm32f4xx_it.o
                0x0000000008007050                HardFault_Handler
 .text.MemManage_Handler
                0x0000000008007056        0x6 Core/Src/stm32f4xx_it.o
                0x0000000008007056                MemManage_Handler
 .text.BusFault_Handler
                0x000000000800705c        0x6 Core/Src/stm32f4xx_it.o
                0x000000000800705c                BusFault_Handler
 .text.UsageFault_Handler
                0x0000000008007062        0x6 Core/Src/stm32f4xx_it.o
                0x0000000008007062                UsageFault_Handler
 .text.SVC_Handler
                0x0000000008007068        0xe Core/Src/stm32f4xx_it.o
                0x0000000008007068                SVC_Handler
 .text.DebugMon_Handler
                0x0000000008007076        0xe Core/Src/stm32f4xx_it.o
                0x0000000008007076                DebugMon_Handler
 .text.PendSV_Handler
                0x0000000008007084        0xe Core/Src/stm32f4xx_it.o
                0x0000000008007084                PendSV_Handler
 .text.SysTick_Handler
                0x0000000008007092        0xe Core/Src/stm32f4xx_it.o
                0x0000000008007092                SysTick_Handler
 .text.TIM5_IRQHandler
                0x00000000080070a0       0x24 Core/Src/stm32f4xx_it.o
                0x00000000080070a0                TIM5_IRQHandler
 .text.DMA2_Stream0_IRQHandler
                0x00000000080070c4       0x24 Core/Src/stm32f4xx_it.o
                0x00000000080070c4                DMA2_Stream0_IRQHandler
 .text._getpid  0x00000000080070e8       0x10 Core/Src/syscalls.o
                0x00000000080070e8                _getpid
 .text._kill    0x00000000080070f8       0x20 Core/Src/syscalls.o
                0x00000000080070f8                _kill
 .text._exit    0x0000000008007118       0x14 Core/Src/syscalls.o
                0x0000000008007118                _exit
 .text._read    0x000000000800712c       0x3a Core/Src/syscalls.o
                0x000000000800712c                _read
 .text._write   0x0000000008007166       0x38 Core/Src/syscalls.o
                0x0000000008007166                _write
 .text._close   0x000000000800719e       0x18 Core/Src/syscalls.o
                0x000000000800719e                _close
 .text._fstat   0x00000000080071b6       0x20 Core/Src/syscalls.o
                0x00000000080071b6                _fstat
 .text._isatty  0x00000000080071d6       0x16 Core/Src/syscalls.o
                0x00000000080071d6                _isatty
 .text._lseek   0x00000000080071ec       0x1a Core/Src/syscalls.o
                0x00000000080071ec                _lseek
 *fill*         0x0000000008007206        0x2 
 .text._sbrk    0x0000000008007208       0x6c Core/Src/sysmem.o
                0x0000000008007208                _sbrk
 .text.SystemInit
                0x0000000008007274       0x2c Core/Src/system_stm32f4xx.o
                0x0000000008007274                SystemInit
 .text.__NVIC_GetPriorityGrouping
                0x00000000080072a0       0x1c Core/Src/tim.o
 .text.__NVIC_EnableIRQ
                0x00000000080072bc       0x3c Core/Src/tim.o
 .text.__NVIC_SetPriority
                0x00000000080072f8       0x54 Core/Src/tim.o
 .text.NVIC_EncodePriority
                0x000000000800734c       0x66 Core/Src/tim.o
 *fill*         0x00000000080073b2        0x2 
 .text.LL_AHB1_GRP1_EnableClock
                0x00000000080073b4       0x30 Core/Src/tim.o
 .text.LL_APB1_GRP1_EnableClock
                0x00000000080073e4       0x30 Core/Src/tim.o
 .text.LL_APB2_GRP1_EnableClock
                0x0000000008007414       0x30 Core/Src/tim.o
 .text.LL_TIM_EnableARRPreload
                0x0000000008007444       0x20 Core/Src/tim.o
 .text.LL_TIM_DisableARRPreload
                0x0000000008007464       0x20 Core/Src/tim.o
 .text.LL_TIM_OC_DisableFast
                0x0000000008007484       0x8c Core/Src/tim.o
 .text.LL_TIM_OC_EnablePreload
                0x0000000008007510       0x88 Core/Src/tim.o
 .text.LL_TIM_IC_SetActiveInput
                0x0000000008007598       0x9c Core/Src/tim.o
 .text.LL_TIM_IC_SetPrescaler
                0x0000000008007634       0x9c Core/Src/tim.o
 .text.LL_TIM_IC_SetFilter
                0x00000000080076d0       0x9c Core/Src/tim.o
 .text.LL_TIM_IC_SetPolarity
                0x000000000800776c       0x88 Core/Src/tim.o
 .text.LL_TIM_SetClockSource
                0x00000000080077f4       0x2a Core/Src/tim.o
 .text.LL_TIM_SetEncoderMode
                0x000000000800781e       0x26 Core/Src/tim.o
 .text.LL_TIM_SetTriggerOutput
                0x0000000008007844       0x26 Core/Src/tim.o
 .text.LL_TIM_DisableMasterSlaveMode
                0x000000000800786a       0x20 Core/Src/tim.o
 *fill*         0x000000000800788a        0x2 
 .text.MX_TIM1_Init
                0x000000000800788c      0x130 Core/Src/tim.o
                0x000000000800788c                MX_TIM1_Init
 .text.MX_TIM2_Init
                0x00000000080079bc       0xe8 Core/Src/tim.o
                0x00000000080079bc                MX_TIM2_Init
 .text.MX_TIM3_Init
                0x0000000008007aa4       0xf4 Core/Src/tim.o
                0x0000000008007aa4                MX_TIM3_Init
 .text.MX_TIM4_Init
                0x0000000008007b98       0xf4 Core/Src/tim.o
                0x0000000008007b98                MX_TIM4_Init
 .text.MX_TIM5_Init
                0x0000000008007c8c       0x80 Core/Src/tim.o
                0x0000000008007c8c                MX_TIM5_Init
 .text.MX_TIM6_Init
                0x0000000008007d0c       0x54 Core/Src/tim.o
                0x0000000008007d0c                MX_TIM6_Init
 .text.MX_TIM8_Init
                0x0000000008007d60      0x134 Core/Src/tim.o
                0x0000000008007d60                MX_TIM8_Init
 .text.MX_TIM11_Init
                0x0000000008007e94       0xcc Core/Src/tim.o
                0x0000000008007e94                MX_TIM11_Init
 .text.LL_AHB1_GRP1_EnableClock
                0x0000000008007f60       0x30 Core/Src/usart.o
 .text.LL_APB2_GRP1_EnableClock
                0x0000000008007f90       0x30 Core/Src/usart.o
 .text.LL_USART_Enable
                0x0000000008007fc0       0x20 Core/Src/usart.o
 .text.LL_USART_ConfigAsyncMode
                0x0000000008007fe0       0x2c Core/Src/usart.o
 .text.MX_USART1_UART_Init
                0x000000000800800c       0xa0 Core/Src/usart.o
                0x000000000800800c                MX_USART1_UART_Init
 .text.Reset_Handler
                0x00000000080080ac       0x50 Core/Startup/startup_stm32f405rgtx.o
                0x00000000080080ac                Reset_Handler
 .text.Default_Handler
                0x00000000080080fc        0x2 Core/Startup/startup_stm32f405rgtx.o
                0x00000000080080fc                RTC_Alarm_IRQHandler
                0x00000000080080fc                HASH_RNG_IRQHandler
                0x00000000080080fc                EXTI2_IRQHandler
                0x00000000080080fc                TIM8_CC_IRQHandler
                0x00000000080080fc                TIM1_CC_IRQHandler
                0x00000000080080fc                DMA2_Stream5_IRQHandler
                0x00000000080080fc                DMA1_Stream5_IRQHandler
                0x00000000080080fc                PVD_IRQHandler
                0x00000000080080fc                SDIO_IRQHandler
                0x00000000080080fc                TAMP_STAMP_IRQHandler
                0x00000000080080fc                CAN2_RX1_IRQHandler
                0x00000000080080fc                EXTI3_IRQHandler
                0x00000000080080fc                TIM8_TRG_COM_TIM14_IRQHandler
                0x00000000080080fc                TIM1_UP_TIM10_IRQHandler
                0x00000000080080fc                TIM8_UP_TIM13_IRQHandler
                0x00000000080080fc                I2C3_ER_IRQHandler
                0x00000000080080fc                EXTI0_IRQHandler
                0x00000000080080fc                I2C2_EV_IRQHandler
                0x00000000080080fc                DMA1_Stream2_IRQHandler
                0x00000000080080fc                CAN1_RX0_IRQHandler
                0x00000000080080fc                FPU_IRQHandler
                0x00000000080080fc                OTG_HS_WKUP_IRQHandler
                0x00000000080080fc                CAN2_SCE_IRQHandler
                0x00000000080080fc                DMA2_Stream2_IRQHandler
                0x00000000080080fc                SPI1_IRQHandler
                0x00000000080080fc                TIM6_DAC_IRQHandler
                0x00000000080080fc                TIM1_BRK_TIM9_IRQHandler
                0x00000000080080fc                CAN2_RX0_IRQHandler
                0x00000000080080fc                DMA2_Stream3_IRQHandler
                0x00000000080080fc                USART6_IRQHandler
                0x00000000080080fc                USART3_IRQHandler
                0x00000000080080fc                CAN1_RX1_IRQHandler
                0x00000000080080fc                UART5_IRQHandler
                0x00000000080080fc                TIM4_IRQHandler
                0x00000000080080fc                I2C1_EV_IRQHandler
                0x00000000080080fc                DMA1_Stream6_IRQHandler
                0x00000000080080fc                DMA1_Stream1_IRQHandler
                0x00000000080080fc                UART4_IRQHandler
                0x00000000080080fc                TIM3_IRQHandler
                0x00000000080080fc                RCC_IRQHandler
                0x00000000080080fc                TIM8_BRK_TIM12_IRQHandler
                0x00000000080080fc                Default_Handler
                0x00000000080080fc                EXTI15_10_IRQHandler
                0x00000000080080fc                ADC_IRQHandler
                0x00000000080080fc                DMA1_Stream7_IRQHandler
                0x00000000080080fc                TIM7_IRQHandler
                0x00000000080080fc                CAN2_TX_IRQHandler
                0x00000000080080fc                DMA2_Stream7_IRQHandler
                0x00000000080080fc                I2C3_EV_IRQHandler
                0x00000000080080fc                EXTI9_5_IRQHandler
                0x00000000080080fc                RTC_WKUP_IRQHandler
                0x00000000080080fc                SPI2_IRQHandler
                0x00000000080080fc                OTG_HS_EP1_IN_IRQHandler
                0x00000000080080fc                DMA1_Stream0_IRQHandler
                0x00000000080080fc                CAN1_TX_IRQHandler
                0x00000000080080fc                EXTI4_IRQHandler
                0x00000000080080fc                FSMC_IRQHandler
                0x00000000080080fc                OTG_HS_EP1_OUT_IRQHandler
                0x00000000080080fc                WWDG_IRQHandler
                0x00000000080080fc                TIM2_IRQHandler
                0x00000000080080fc                OTG_FS_WKUP_IRQHandler
                0x00000000080080fc                TIM1_TRG_COM_TIM11_IRQHandler
                0x00000000080080fc                OTG_HS_IRQHandler
                0x00000000080080fc                EXTI1_IRQHandler
                0x00000000080080fc                USART2_IRQHandler
                0x00000000080080fc                I2C2_ER_IRQHandler
                0x00000000080080fc                DMA2_Stream1_IRQHandler
                0x00000000080080fc                CAN1_SCE_IRQHandler
                0x00000000080080fc                FLASH_IRQHandler
                0x00000000080080fc                DMA2_Stream4_IRQHandler
                0x00000000080080fc                USART1_IRQHandler
                0x00000000080080fc                OTG_FS_IRQHandler
                0x00000000080080fc                SPI3_IRQHandler
                0x00000000080080fc                DMA1_Stream4_IRQHandler
                0x00000000080080fc                I2C1_ER_IRQHandler
                0x00000000080080fc                DMA2_Stream6_IRQHandler
                0x00000000080080fc                DMA1_Stream3_IRQHandler
 .text.LL_ADC_REG_SetSequencerLength
                0x00000000080080fe       0x26 Drivers/STM32F4xx_HAL_Driver/Src/stm32f4xx_ll_adc.o
 .text.LL_ADC_IsEnabled
                0x0000000008008124       0x26 Drivers/STM32F4xx_HAL_Driver/Src/stm32f4xx_ll_adc.o
 *fill*         0x000000000800814a        0x2 
 .text.LL_ADC_CommonInit
                0x000000000800814c       0x90 Drivers/STM32F4xx_HAL_Driver/Src/stm32f4xx_ll_adc.o
                0x000000000800814c                LL_ADC_CommonInit
 .text.LL_ADC_Init
                0x00000000080081dc       0x58 Drivers/STM32F4xx_HAL_Driver/Src/stm32f4xx_ll_adc.o
                0x00000000080081dc                LL_ADC_Init
 .text.LL_ADC_REG_Init
                0x0000000008008234       0x84 Drivers/STM32F4xx_HAL_Driver/Src/stm32f4xx_ll_adc.o
                0x0000000008008234                LL_ADC_REG_Init
 .text.LL_GPIO_SetPinMode
                0x00000000080082b8       0x5e Drivers/STM32F4xx_HAL_Driver/Src/stm32f4xx_ll_gpio.o
 .text.LL_GPIO_SetPinOutputType
                0x0000000008008316       0x30 Drivers/STM32F4xx_HAL_Driver/Src/stm32f4xx_ll_gpio.o
 .text.LL_GPIO_SetPinSpeed
                0x0000000008008346       0x5e Drivers/STM32F4xx_HAL_Driver/Src/stm32f4xx_ll_gpio.o
 .text.LL_GPIO_SetPinPull
                0x00000000080083a4       0x5e Drivers/STM32F4xx_HAL_Driver/Src/stm32f4xx_ll_gpio.o
 .text.LL_GPIO_SetAFPin_0_7
                0x0000000008008402       0x5e Drivers/STM32F4xx_HAL_Driver/Src/stm32f4xx_ll_gpio.o
 .text.LL_GPIO_SetAFPin_8_15
                0x0000000008008460       0x62 Drivers/STM32F4xx_HAL_Driver/Src/stm32f4xx_ll_gpio.o
 .text.LL_GPIO_Init
                0x00000000080084c2       0xe6 Drivers/STM32F4xx_HAL_Driver/Src/stm32f4xx_ll_gpio.o
                0x00000000080084c2                LL_GPIO_Init
 .text.LL_RCC_GetSysClkSource
                0x00000000080085a8       0x1c Drivers/STM32F4xx_HAL_Driver/Src/stm32f4xx_ll_rcc.o
 .text.LL_RCC_GetAHBPrescaler
                0x00000000080085c4       0x1c Drivers/STM32F4xx_HAL_Driver/Src/stm32f4xx_ll_rcc.o
 .text.LL_RCC_GetAPB1Prescaler
                0x00000000080085e0       0x1c Drivers/STM32F4xx_HAL_Driver/Src/stm32f4xx_ll_rcc.o
 .text.LL_RCC_GetAPB2Prescaler
                0x00000000080085fc       0x1c Drivers/STM32F4xx_HAL_Driver/Src/stm32f4xx_ll_rcc.o
 .text.LL_RCC_PLL_GetMainSource
                0x0000000008008618       0x1c Drivers/STM32F4xx_HAL_Driver/Src/stm32f4xx_ll_rcc.o
 .text.LL_RCC_PLL_GetN
                0x0000000008008634       0x1c Drivers/STM32F4xx_HAL_Driver/Src/stm32f4xx_ll_rcc.o
 .text.LL_RCC_PLL_GetP
                0x0000000008008650       0x1c Drivers/STM32F4xx_HAL_Driver/Src/stm32f4xx_ll_rcc.o
 .text.LL_RCC_PLL_GetDivider
                0x000000000800866c       0x1c Drivers/STM32F4xx_HAL_Driver/Src/stm32f4xx_ll_rcc.o
 .text.LL_RCC_GetSystemClocksFreq
                0x0000000008008688       0x4a Drivers/STM32F4xx_HAL_Driver/Src/stm32f4xx_ll_rcc.o
                0x0000000008008688                LL_RCC_GetSystemClocksFreq
 *fill*         0x00000000080086d2        0x2 
 .text.RCC_GetSystemClockFreq
                0x00000000080086d4       0x50 Drivers/STM32F4xx_HAL_Driver/Src/stm32f4xx_ll_rcc.o
                0x00000000080086d4                RCC_GetSystemClockFreq
 .text.RCC_GetHCLKClockFreq
                0x0000000008008724       0x2c Drivers/STM32F4xx_HAL_Driver/Src/stm32f4xx_ll_rcc.o
                0x0000000008008724                RCC_GetHCLKClockFreq
 .text.RCC_GetPCLK1ClockFreq
                0x0000000008008750       0x28 Drivers/STM32F4xx_HAL_Driver/Src/stm32f4xx_ll_rcc.o
                0x0000000008008750                RCC_GetPCLK1ClockFreq
 .text.RCC_GetPCLK2ClockFreq
                0x0000000008008778       0x28 Drivers/STM32F4xx_HAL_Driver/Src/stm32f4xx_ll_rcc.o
                0x0000000008008778                RCC_GetPCLK2ClockFreq
 .text.RCC_PLL_GetFreqDomain_SYS
                0x00000000080087a0       0x7c Drivers/STM32F4xx_HAL_Driver/Src/stm32f4xx_ll_rcc.o
                0x00000000080087a0                RCC_PLL_GetFreqDomain_SYS
 .text.LL_SPI_IsEnabled
                0x000000000800881c       0x26 Drivers/STM32F4xx_HAL_Driver/Src/stm32f4xx_ll_spi.o
 .text.LL_SPI_SetCRCPolynomial
                0x0000000008008842       0x20 Drivers/STM32F4xx_HAL_Driver/Src/stm32f4xx_ll_spi.o
 .text.LL_SPI_Init
                0x0000000008008862       0xa4 Drivers/STM32F4xx_HAL_Driver/Src/stm32f4xx_ll_spi.o
                0x0000000008008862                LL_SPI_Init
 .text.LL_TIM_SetPrescaler
                0x0000000008008906       0x1c Drivers/STM32F4xx_HAL_Driver/Src/stm32f4xx_ll_tim.o
 .text.LL_TIM_SetAutoReload
                0x0000000008008922       0x1c Drivers/STM32F4xx_HAL_Driver/Src/stm32f4xx_ll_tim.o
 .text.LL_TIM_SetRepetitionCounter
                0x000000000800893e       0x1c Drivers/STM32F4xx_HAL_Driver/Src/stm32f4xx_ll_tim.o
 .text.LL_TIM_OC_SetCompareCH1
                0x000000000800895a       0x1c Drivers/STM32F4xx_HAL_Driver/Src/stm32f4xx_ll_tim.o
 .text.LL_TIM_OC_SetCompareCH2
                0x0000000008008976       0x1c Drivers/STM32F4xx_HAL_Driver/Src/stm32f4xx_ll_tim.o
 .text.LL_TIM_OC_SetCompareCH3
                0x0000000008008992       0x1c Drivers/STM32F4xx_HAL_Driver/Src/stm32f4xx_ll_tim.o
 .text.LL_TIM_OC_SetCompareCH4
                0x00000000080089ae       0x1c Drivers/STM32F4xx_HAL_Driver/Src/stm32f4xx_ll_tim.o
 .text.LL_TIM_GenerateEvent_UPDATE
                0x00000000080089ca       0x20 Drivers/STM32F4xx_HAL_Driver/Src/stm32f4xx_ll_tim.o
 *fill*         0x00000000080089ea        0x2 
 .text.LL_TIM_Init
                0x00000000080089ec      0x134 Drivers/STM32F4xx_HAL_Driver/Src/stm32f4xx_ll_tim.o
                0x00000000080089ec                LL_TIM_Init
 .text.LL_TIM_OC_Init
                0x0000000008008b20       0x82 Drivers/STM32F4xx_HAL_Driver/Src/stm32f4xx_ll_tim.o
                0x0000000008008b20                LL_TIM_OC_Init
 .text.LL_TIM_BDTR_Init
                0x0000000008008ba2       0x92 Drivers/STM32F4xx_HAL_Driver/Src/stm32f4xx_ll_tim.o
                0x0000000008008ba2                LL_TIM_BDTR_Init
 .text.OC1Config
                0x0000000008008c34       0xd8 Drivers/STM32F4xx_HAL_Driver/Src/stm32f4xx_ll_tim.o
 .text.OC2Config
                0x0000000008008d0c       0xe0 Drivers/STM32F4xx_HAL_Driver/Src/stm32f4xx_ll_tim.o
 .text.OC3Config
                0x0000000008008dec       0xe0 Drivers/STM32F4xx_HAL_Driver/Src/stm32f4xx_ll_tim.o
 .text.OC4Config
                0x0000000008008ecc       0xb0 Drivers/STM32F4xx_HAL_Driver/Src/stm32f4xx_ll_tim.o
 .text.LL_USART_IsEnabled
                0x0000000008008f7c       0x28 Drivers/STM32F4xx_HAL_Driver/Src/stm32f4xx_ll_usart.o
 .text.LL_USART_SetStopBitsLength
                0x0000000008008fa4       0x26 Drivers/STM32F4xx_HAL_Driver/Src/stm32f4xx_ll_usart.o
 .text.LL_USART_SetHWFlowCtrl
                0x0000000008008fca       0x26 Drivers/STM32F4xx_HAL_Driver/Src/stm32f4xx_ll_usart.o
 .text.LL_USART_SetBaudRate
                0x0000000008008ff0      0x320 Drivers/STM32F4xx_HAL_Driver/Src/stm32f4xx_ll_usart.o
 .text.LL_USART_Init
                0x0000000008009310      0x100 Drivers/STM32F4xx_HAL_Driver/Src/stm32f4xx_ll_usart.o
                0x0000000008009310                LL_USART_Init
 .text.LL_InitTick
                0x0000000008009410       0x34 Drivers/STM32F4xx_HAL_Driver/Src/stm32f4xx_ll_utils.o
 .text.LL_Init1msTick
                0x0000000008009444       0x1a Drivers/STM32F4xx_HAL_Driver/Src/stm32f4xx_ll_utils.o
                0x0000000008009444                LL_Init1msTick
 *fill*         0x000000000800945e        0x2 
 .text.LL_mDelay
                0x0000000008009460       0x4c Drivers/STM32F4xx_HAL_Driver/Src/stm32f4xx_ll_utils.o
                0x0000000008009460                LL_mDelay
 .text.LL_SetSystemCoreClock
                0x00000000080094ac       0x20 Drivers/STM32F4xx_HAL_Driver/Src/stm32f4xx_ll_utils.o
                0x00000000080094ac                LL_SetSystemCoreClock
 .text.__errno  0x00000000080094cc        0xc c:/st/stm32cubeide_1.0.2/stm32cubeide/plugins/com.st.stm32cube.ide.mcu.externaltools.gnu-tools-for-stm32.9-2020-q2-update.win32_1.5.0.202011040924/tools/bin/../lib/gcc/arm-none-eabi/9.3.1/../../../../arm-none-eabi/lib/thumb/v7e-m+fp/hard\libc_nano.a(lib_a-errno.o)
                0x00000000080094cc                __errno
 .text.__libc_init_array
                0x00000000080094d8       0x48 c:/st/stm32cubeide_1.0.2/stm32cubeide/plugins/com.st.stm32cube.ide.mcu.externaltools.gnu-tools-for-stm32.9-2020-q2-update.win32_1.5.0.202011040924/tools/bin/../lib/gcc/arm-none-eabi/9.3.1/../../../../arm-none-eabi/lib/thumb/v7e-m+fp/hard\libc_nano.a(lib_a-init.o)
                0x00000000080094d8                __libc_init_array
 .text.memset   0x0000000008009520       0x10 c:/st/stm32cubeide_1.0.2/stm32cubeide/plugins/com.st.stm32cube.ide.mcu.externaltools.gnu-tools-for-stm32.9-2020-q2-update.win32_1.5.0.202011040924/tools/bin/../lib/gcc/arm-none-eabi/9.3.1/../../../../arm-none-eabi/lib/thumb/v7e-m+fp/hard\libc_nano.a(lib_a-memset.o)
                0x0000000008009520                memset
 .text.__cvt    0x0000000008009530       0xc4 c:/st/stm32cubeide_1.0.2/stm32cubeide/plugins/com.st.stm32cube.ide.mcu.externaltools.gnu-tools-for-stm32.9-2020-q2-update.win32_1.5.0.202011040924/tools/bin/../lib/gcc/arm-none-eabi/9.3.1/../../../../arm-none-eabi/lib/thumb/v7e-m+fp/hard\libc_nano.a(lib_a-nano-vfprintf_float.o)
                0x0000000008009530                __cvt
 .text.__exponent
                0x00000000080095f4       0x7c c:/st/stm32cubeide_1.0.2/stm32cubeide/plugins/com.st.stm32cube.ide.mcu.externaltools.gnu-tools-for-stm32.9-2020-q2-update.win32_1.5.0.202011040924/tools/bin/../lib/gcc/arm-none-eabi/9.3.1/../../../../arm-none-eabi/lib/thumb/v7e-m+fp/hard\libc_nano.a(lib_a-nano-vfprintf_float.o)
                0x00000000080095f4                __exponent
 .text._printf_float
                0x0000000008009670      0x46c c:/st/stm32cubeide_1.0.2/stm32cubeide/plugins/com.st.stm32cube.ide.mcu.externaltools.gnu-tools-for-stm32.9-2020-q2-update.win32_1.5.0.202011040924/tools/bin/../lib/gcc/arm-none-eabi/9.3.1/../../../../arm-none-eabi/lib/thumb/v7e-m+fp/hard\libc_nano.a(lib_a-nano-vfprintf_float.o)
                0x0000000008009670                _printf_float
 .text._printf_common
                0x0000000008009adc       0xda c:/st/stm32cubeide_1.0.2/stm32cubeide/plugins/com.st.stm32cube.ide.mcu.externaltools.gnu-tools-for-stm32.9-2020-q2-update.win32_1.5.0.202011040924/tools/bin/../lib/gcc/arm-none-eabi/9.3.1/../../../../arm-none-eabi/lib/thumb/v7e-m+fp/hard\libc_nano.a(lib_a-nano-vfprintf_i.o)
                0x0000000008009adc                _printf_common
 *fill*         0x0000000008009bb6        0x2 
 .text._printf_i
                0x0000000008009bb8      0x24c c:/st/stm32cubeide_1.0.2/stm32cubeide/plugins/com.st.stm32cube.ide.mcu.externaltools.gnu-tools-for-stm32.9-2020-q2-update.win32_1.5.0.202011040924/tools/bin/../lib/gcc/arm-none-eabi/9.3.1/../../../../arm-none-eabi/lib/thumb/v7e-m+fp/hard\libc_nano.a(lib_a-nano-vfprintf_i.o)
                0x0000000008009bb8                _printf_i
 .text.printf   0x0000000008009e04       0x30 c:/st/stm32cubeide_1.0.2/stm32cubeide/plugins/com.st.stm32cube.ide.mcu.externaltools.gnu-tools-for-stm32.9-2020-q2-update.win32_1.5.0.202011040924/tools/bin/../lib/gcc/arm-none-eabi/9.3.1/../../../../arm-none-eabi/lib/thumb/v7e-m+fp/hard\libc_nano.a(lib_a-printf.o)
                0x0000000008009e04                iprintf
                0x0000000008009e04                printf
 .text.putchar  0x0000000008009e34       0x2c c:/st/stm32cubeide_1.0.2/stm32cubeide/plugins/com.st.stm32cube.ide.mcu.externaltools.gnu-tools-for-stm32.9-2020-q2-update.win32_1.5.0.202011040924/tools/bin/../lib/gcc/arm-none-eabi/9.3.1/../../../../arm-none-eabi/lib/thumb/v7e-m+fp/hard\libc_nano.a(lib_a-putchar.o)
                0x0000000008009e34                putchar
 .text._puts_r  0x0000000008009e60       0xdc c:/st/stm32cubeide_1.0.2/stm32cubeide/plugins/com.st.stm32cube.ide.mcu.externaltools.gnu-tools-for-stm32.9-2020-q2-update.win32_1.5.0.202011040924/tools/bin/../lib/gcc/arm-none-eabi/9.3.1/../../../../arm-none-eabi/lib/thumb/v7e-m+fp/hard\libc_nano.a(lib_a-puts.o)
                0x0000000008009e60                _puts_r
 .text.puts     0x0000000008009f3c       0x10 c:/st/stm32cubeide_1.0.2/stm32cubeide/plugins/com.st.stm32cube.ide.mcu.externaltools.gnu-tools-for-stm32.9-2020-q2-update.win32_1.5.0.202011040924/tools/bin/../lib/gcc/arm-none-eabi/9.3.1/../../../../arm-none-eabi/lib/thumb/v7e-m+fp/hard\libc_nano.a(lib_a-puts.o)
                0x0000000008009f3c                puts
 .text.setbuf   0x0000000008009f4c       0x10 c:/st/stm32cubeide_1.0.2/stm32cubeide/plugins/com.st.stm32cube.ide.mcu.externaltools.gnu-tools-for-stm32.9-2020-q2-update.win32_1.5.0.202011040924/tools/bin/../lib/gcc/arm-none-eabi/9.3.1/../../../../arm-none-eabi/lib/thumb/v7e-m+fp/hard\libc_nano.a(lib_a-setbuf.o)
                0x0000000008009f4c                setbuf
 .text.setvbuf  0x0000000008009f5c      0x18c c:/st/stm32cubeide_1.0.2/stm32cubeide/plugins/com.st.stm32cube.ide.mcu.externaltools.gnu-tools-for-stm32.9-2020-q2-update.win32_1.5.0.202011040924/tools/bin/../lib/gcc/arm-none-eabi/9.3.1/../../../../arm-none-eabi/lib/thumb/v7e-m+fp/hard\libc_nano.a(lib_a-setvbuf.o)
                0x0000000008009f5c                setvbuf
 .text.__swbuf_r
                0x000000000800a0e8       0xa4 c:/st/stm32cubeide_1.0.2/stm32cubeide/plugins/com.st.stm32cube.ide.mcu.externaltools.gnu-tools-for-stm32.9-2020-q2-update.win32_1.5.0.202011040924/tools/bin/../lib/gcc/arm-none-eabi/9.3.1/../../../../arm-none-eabi/lib/thumb/v7e-m+fp/hard\libc_nano.a(lib_a-wbuf.o)
                0x000000000800a0e8                __swbuf_r
 .text.__swsetup_r
                0x000000000800a18c       0xdc c:/st/stm32cubeide_1.0.2/stm32cubeide/plugins/com.st.stm32cube.ide.mcu.externaltools.gnu-tools-for-stm32.9-2020-q2-update.win32_1.5.0.202011040924/tools/bin/../lib/gcc/arm-none-eabi/9.3.1/../../../../arm-none-eabi/lib/thumb/v7e-m+fp/hard\libc_nano.a(lib_a-wsetup.o)
                0x000000000800a18c                __swsetup_r
 .text.quorem   0x000000000800a268      0x116 c:/st/stm32cubeide_1.0.2/stm32cubeide/plugins/com.st.stm32cube.ide.mcu.externaltools.gnu-tools-for-stm32.9-2020-q2-update.win32_1.5.0.202011040924/tools/bin/../lib/gcc/arm-none-eabi/9.3.1/../../../../arm-none-eabi/lib/thumb/v7e-m+fp/hard\libc_nano.a(lib_a-dtoa.o)
 *fill*         0x000000000800a37e        0x2 
 .text._dtoa_r  0x000000000800a380      0xbd8 c:/st/stm32cubeide_1.0.2/stm32cubeide/plugins/com.st.stm32cube.ide.mcu.externaltools.gnu-tools-for-stm32.9-2020-q2-update.win32_1.5.0.202011040924/tools/bin/../lib/gcc/arm-none-eabi/9.3.1/../../../../arm-none-eabi/lib/thumb/v7e-m+fp/hard\libc_nano.a(lib_a-dtoa.o)
                0x000000000800a380                _dtoa_r
 .text.__sflush_r
                0x000000000800af58      0x10c c:/st/stm32cubeide_1.0.2/stm32cubeide/plugins/com.st.stm32cube.ide.mcu.externaltools.gnu-tools-for-stm32.9-2020-q2-update.win32_1.5.0.202011040924/tools/bin/../lib/gcc/arm-none-eabi/9.3.1/../../../../arm-none-eabi/lib/thumb/v7e-m+fp/hard\libc_nano.a(lib_a-fflush.o)
                0x000000000800af58                __sflush_r
 .text._fflush_r
                0x000000000800b064       0x78 c:/st/stm32cubeide_1.0.2/stm32cubeide/plugins/com.st.stm32cube.ide.mcu.externaltools.gnu-tools-for-stm32.9-2020-q2-update.win32_1.5.0.202011040924/tools/bin/../lib/gcc/arm-none-eabi/9.3.1/../../../../arm-none-eabi/lib/thumb/v7e-m+fp/hard\libc_nano.a(lib_a-fflush.o)
                0x000000000800b064                _fflush_r
 .text.std      0x000000000800b0dc       0x48 c:/st/stm32cubeide_1.0.2/stm32cubeide/plugins/com.st.stm32cube.ide.mcu.externaltools.gnu-tools-for-stm32.9-2020-q2-update.win32_1.5.0.202011040924/tools/bin/../lib/gcc/arm-none-eabi/9.3.1/../../../../arm-none-eabi/lib/thumb/v7e-m+fp/hard\libc_nano.a(lib_a-findfp.o)
 .text._cleanup_r
                0x000000000800b124        0xc c:/st/stm32cubeide_1.0.2/stm32cubeide/plugins/com.st.stm32cube.ide.mcu.externaltools.gnu-tools-for-stm32.9-2020-q2-update.win32_1.5.0.202011040924/tools/bin/../lib/gcc/arm-none-eabi/9.3.1/../../../../arm-none-eabi/lib/thumb/v7e-m+fp/hard\libc_nano.a(lib_a-findfp.o)
                0x000000000800b124                _cleanup_r
 .text.__sfmoreglue
                0x000000000800b130       0x2c c:/st/stm32cubeide_1.0.2/stm32cubeide/plugins/com.st.stm32cube.ide.mcu.externaltools.gnu-tools-for-stm32.9-2020-q2-update.win32_1.5.0.202011040924/tools/bin/../lib/gcc/arm-none-eabi/9.3.1/../../../../arm-none-eabi/lib/thumb/v7e-m+fp/hard\libc_nano.a(lib_a-findfp.o)
                0x000000000800b130                __sfmoreglue
 .text.__sfp_lock_acquire
                0x000000000800b15c        0xc c:/st/stm32cubeide_1.0.2/stm32cubeide/plugins/com.st.stm32cube.ide.mcu.externaltools.gnu-tools-for-stm32.9-2020-q2-update.win32_1.5.0.202011040924/tools/bin/../lib/gcc/arm-none-eabi/9.3.1/../../../../arm-none-eabi/lib/thumb/v7e-m+fp/hard\libc_nano.a(lib_a-findfp.o)
                0x000000000800b15c                __sfp_lock_acquire
 .text.__sfp_lock_release
                0x000000000800b168        0xc c:/st/stm32cubeide_1.0.2/stm32cubeide/plugins/com.st.stm32cube.ide.mcu.externaltools.gnu-tools-for-stm32.9-2020-q2-update.win32_1.5.0.202011040924/tools/bin/../lib/gcc/arm-none-eabi/9.3.1/../../../../arm-none-eabi/lib/thumb/v7e-m+fp/hard\libc_nano.a(lib_a-findfp.o)
                0x000000000800b168                __sfp_lock_release
 .text.__sinit_lock_acquire
                0x000000000800b174        0xc c:/st/stm32cubeide_1.0.2/stm32cubeide/plugins/com.st.stm32cube.ide.mcu.externaltools.gnu-tools-for-stm32.9-2020-q2-update.win32_1.5.0.202011040924/tools/bin/../lib/gcc/arm-none-eabi/9.3.1/../../../../arm-none-eabi/lib/thumb/v7e-m+fp/hard\libc_nano.a(lib_a-findfp.o)
                0x000000000800b174                __sinit_lock_acquire
 .text.__sinit_lock_release
                0x000000000800b180        0xc c:/st/stm32cubeide_1.0.2/stm32cubeide/plugins/com.st.stm32cube.ide.mcu.externaltools.gnu-tools-for-stm32.9-2020-q2-update.win32_1.5.0.202011040924/tools/bin/../lib/gcc/arm-none-eabi/9.3.1/../../../../arm-none-eabi/lib/thumb/v7e-m+fp/hard\libc_nano.a(lib_a-findfp.o)
                0x000000000800b180                __sinit_lock_release
 .text.__sinit  0x000000000800b18c       0x70 c:/st/stm32cubeide_1.0.2/stm32cubeide/plugins/com.st.stm32cube.ide.mcu.externaltools.gnu-tools-for-stm32.9-2020-q2-update.win32_1.5.0.202011040924/tools/bin/../lib/gcc/arm-none-eabi/9.3.1/../../../../arm-none-eabi/lib/thumb/v7e-m+fp/hard\libc_nano.a(lib_a-findfp.o)
                0x000000000800b18c                __sinit
 .text.__sfp    0x000000000800b1fc       0x8c c:/st/stm32cubeide_1.0.2/stm32cubeide/plugins/com.st.stm32cube.ide.mcu.externaltools.gnu-tools-for-stm32.9-2020-q2-update.win32_1.5.0.202011040924/tools/bin/../lib/gcc/arm-none-eabi/9.3.1/../../../../arm-none-eabi/lib/thumb/v7e-m+fp/hard\libc_nano.a(lib_a-findfp.o)
                0x000000000800b1fc                __sfp
 .text._fwalk_reent
                0x000000000800b288       0x3e c:/st/stm32cubeide_1.0.2/stm32cubeide/plugins/com.st.stm32cube.ide.mcu.externaltools.gnu-tools-for-stm32.9-2020-q2-update.win32_1.5.0.202011040924/tools/bin/../lib/gcc/arm-none-eabi/9.3.1/../../../../arm-none-eabi/lib/thumb/v7e-m+fp/hard\libc_nano.a(lib_a-fwalk.o)
                0x000000000800b288                _fwalk_reent
 *fill*         0x000000000800b2c6        0x2 
 .text._localeconv_r
                0x000000000800b2c8        0x8 c:/st/stm32cubeide_1.0.2/stm32cubeide/plugins/com.st.stm32cube.ide.mcu.externaltools.gnu-tools-for-stm32.9-2020-q2-update.win32_1.5.0.202011040924/tools/bin/../lib/gcc/arm-none-eabi/9.3.1/../../../../arm-none-eabi/lib/thumb/v7e-m+fp/hard\libc_nano.a(lib_a-localeconv.o)
                0x000000000800b2c8                _localeconv_r
 .text.__retarget_lock_init_recursive
                0x000000000800b2d0        0x2 c:/st/stm32cubeide_1.0.2/stm32cubeide/plugins/com.st.stm32cube.ide.mcu.externaltools.gnu-tools-for-stm32.9-2020-q2-update.win32_1.5.0.202011040924/tools/bin/../lib/gcc/arm-none-eabi/9.3.1/../../../../arm-none-eabi/lib/thumb/v7e-m+fp/hard\libc_nano.a(lib_a-lock.o)
                0x000000000800b2d0                __retarget_lock_init_recursive
 .text.__retarget_lock_acquire_recursive
                0x000000000800b2d2        0x2 c:/st/stm32cubeide_1.0.2/stm32cubeide/plugins/com.st.stm32cube.ide.mcu.externaltools.gnu-tools-for-stm32.9-2020-q2-update.win32_1.5.0.202011040924/tools/bin/../lib/gcc/arm-none-eabi/9.3.1/../../../../arm-none-eabi/lib/thumb/v7e-m+fp/hard\libc_nano.a(lib_a-lock.o)
                0x000000000800b2d2                __retarget_lock_acquire_recursive
 .text.__retarget_lock_release_recursive
                0x000000000800b2d4        0x2 c:/st/stm32cubeide_1.0.2/stm32cubeide/plugins/com.st.stm32cube.ide.mcu.externaltools.gnu-tools-for-stm32.9-2020-q2-update.win32_1.5.0.202011040924/tools/bin/../lib/gcc/arm-none-eabi/9.3.1/../../../../arm-none-eabi/lib/thumb/v7e-m+fp/hard\libc_nano.a(lib_a-lock.o)
                0x000000000800b2d4                __retarget_lock_release_recursive
 .text.__swhatbuf_r
                0x000000000800b2d6       0x48 c:/st/stm32cubeide_1.0.2/stm32cubeide/plugins/com.st.stm32cube.ide.mcu.externaltools.gnu-tools-for-stm32.9-2020-q2-update.win32_1.5.0.202011040924/tools/bin/../lib/gcc/arm-none-eabi/9.3.1/../../../../arm-none-eabi/lib/thumb/v7e-m+fp/hard\libc_nano.a(lib_a-makebuf.o)
                0x000000000800b2d6                __swhatbuf_r
 *fill*         0x000000000800b31e        0x2 
 .text.__smakebuf_r
                0x000000000800b320       0x80 c:/st/stm32cubeide_1.0.2/stm32cubeide/plugins/com.st.stm32cube.ide.mcu.externaltools.gnu-tools-for-stm32.9-2020-q2-update.win32_1.5.0.202011040924/tools/bin/../lib/gcc/arm-none-eabi/9.3.1/../../../../arm-none-eabi/lib/thumb/v7e-m+fp/hard\libc_nano.a(lib_a-makebuf.o)
                0x000000000800b320                __smakebuf_r
 .text.malloc   0x000000000800b3a0       0x10 c:/st/stm32cubeide_1.0.2/stm32cubeide/plugins/com.st.stm32cube.ide.mcu.externaltools.gnu-tools-for-stm32.9-2020-q2-update.win32_1.5.0.202011040924/tools/bin/../lib/gcc/arm-none-eabi/9.3.1/../../../../arm-none-eabi/lib/thumb/v7e-m+fp/hard\libc_nano.a(lib_a-malloc.o)
                0x000000000800b3a0                malloc
 .text.memcpy   0x000000000800b3b0       0x1c c:/st/stm32cubeide_1.0.2/stm32cubeide/plugins/com.st.stm32cube.ide.mcu.externaltools.gnu-tools-for-stm32.9-2020-q2-update.win32_1.5.0.202011040924/tools/bin/../lib/gcc/arm-none-eabi/9.3.1/../../../../arm-none-eabi/lib/thumb/v7e-m+fp/hard\libc_nano.a(lib_a-memcpy-stub.o)
                0x000000000800b3b0                memcpy
 .text._Balloc  0x000000000800b3cc       0x80 c:/st/stm32cubeide_1.0.2/stm32cubeide/plugins/com.st.stm32cube.ide.mcu.externaltools.gnu-tools-for-stm32.9-2020-q2-update.win32_1.5.0.202011040924/tools/bin/../lib/gcc/arm-none-eabi/9.3.1/../../../../arm-none-eabi/lib/thumb/v7e-m+fp/hard\libc_nano.a(lib_a-mprec.o)
                0x000000000800b3cc                _Balloc
 .text._Bfree   0x000000000800b44c       0x44 c:/st/stm32cubeide_1.0.2/stm32cubeide/plugins/com.st.stm32cube.ide.mcu.externaltools.gnu-tools-for-stm32.9-2020-q2-update.win32_1.5.0.202011040924/tools/bin/../lib/gcc/arm-none-eabi/9.3.1/../../../../arm-none-eabi/lib/thumb/v7e-m+fp/hard\libc_nano.a(lib_a-mprec.o)
                0x000000000800b44c                _Bfree
 .text.__multadd
                0x000000000800b490       0x94 c:/st/stm32cubeide_1.0.2/stm32cubeide/plugins/com.st.stm32cube.ide.mcu.externaltools.gnu-tools-for-stm32.9-2020-q2-update.win32_1.5.0.202011040924/tools/bin/../lib/gcc/arm-none-eabi/9.3.1/../../../../arm-none-eabi/lib/thumb/v7e-m+fp/hard\libc_nano.a(lib_a-mprec.o)
                0x000000000800b490                __multadd
 .text.__hi0bits
                0x000000000800b524       0x40 c:/st/stm32cubeide_1.0.2/stm32cubeide/plugins/com.st.stm32cube.ide.mcu.externaltools.gnu-tools-for-stm32.9-2020-q2-update.win32_1.5.0.202011040924/tools/bin/../lib/gcc/arm-none-eabi/9.3.1/../../../../arm-none-eabi/lib/thumb/v7e-m+fp/hard\libc_nano.a(lib_a-mprec.o)
                0x000000000800b524                __hi0bits
 .text.__lo0bits
                0x000000000800b564       0x60 c:/st/stm32cubeide_1.0.2/stm32cubeide/plugins/com.st.stm32cube.ide.mcu.externaltools.gnu-tools-for-stm32.9-2020-q2-update.win32_1.5.0.202011040924/tools/bin/../lib/gcc/arm-none-eabi/9.3.1/../../../../arm-none-eabi/lib/thumb/v7e-m+fp/hard\libc_nano.a(lib_a-mprec.o)
                0x000000000800b564                __lo0bits
 .text.__i2b    0x000000000800b5c4       0x2c c:/st/stm32cubeide_1.0.2/stm32cubeide/plugins/com.st.stm32cube.ide.mcu.externaltools.gnu-tools-for-stm32.9-2020-q2-update.win32_1.5.0.202011040924/tools/bin/../lib/gcc/arm-none-eabi/9.3.1/../../../../arm-none-eabi/lib/thumb/v7e-m+fp/hard\libc_nano.a(lib_a-mprec.o)
                0x000000000800b5c4                __i2b
 .text.__multiply
                0x000000000800b5f0      0x14c c:/st/stm32cubeide_1.0.2/stm32cubeide/plugins/com.st.stm32cube.ide.mcu.externaltools.gnu-tools-for-stm32.9-2020-q2-update.win32_1.5.0.202011040924/tools/bin/../lib/gcc/arm-none-eabi/9.3.1/../../../../arm-none-eabi/lib/thumb/v7e-m+fp/hard\libc_nano.a(lib_a-mprec.o)
                0x000000000800b5f0                __multiply
 .text.__pow5mult
                0x000000000800b73c       0xb4 c:/st/stm32cubeide_1.0.2/stm32cubeide/plugins/com.st.stm32cube.ide.mcu.externaltools.gnu-tools-for-stm32.9-2020-q2-update.win32_1.5.0.202011040924/tools/bin/../lib/gcc/arm-none-eabi/9.3.1/../../../../arm-none-eabi/lib/thumb/v7e-m+fp/hard\libc_nano.a(lib_a-mprec.o)
                0x000000000800b73c                __pow5mult
 .text.__lshift
                0x000000000800b7f0       0xd8 c:/st/stm32cubeide_1.0.2/stm32cubeide/plugins/com.st.stm32cube.ide.mcu.externaltools.gnu-tools-for-stm32.9-2020-q2-update.win32_1.5.0.202011040924/tools/bin/../lib/gcc/arm-none-eabi/9.3.1/../../../../arm-none-eabi/lib/thumb/v7e-m+fp/hard\libc_nano.a(lib_a-mprec.o)
                0x000000000800b7f0                __lshift
 .text.__mcmp   0x000000000800b8c8       0x38 c:/st/stm32cubeide_1.0.2/stm32cubeide/plugins/com.st.stm32cube.ide.mcu.externaltools.gnu-tools-for-stm32.9-2020-q2-update.win32_1.5.0.202011040924/tools/bin/../lib/gcc/arm-none-eabi/9.3.1/../../../../arm-none-eabi/lib/thumb/v7e-m+fp/hard\libc_nano.a(lib_a-mprec.o)
                0x000000000800b8c8                __mcmp
 .text.__mdiff  0x000000000800b900      0x110 c:/st/stm32cubeide_1.0.2/stm32cubeide/plugins/com.st.stm32cube.ide.mcu.externaltools.gnu-tools-for-stm32.9-2020-q2-update.win32_1.5.0.202011040924/tools/bin/../lib/gcc/arm-none-eabi/9.3.1/../../../../arm-none-eabi/lib/thumb/v7e-m+fp/hard\libc_nano.a(lib_a-mprec.o)
                0x000000000800b900                __mdiff
 .text.__d2b    0x000000000800ba10       0xb8 c:/st/stm32cubeide_1.0.2/stm32cubeide/plugins/com.st.stm32cube.ide.mcu.externaltools.gnu-tools-for-stm32.9-2020-q2-update.win32_1.5.0.202011040924/tools/bin/../lib/gcc/arm-none-eabi/9.3.1/../../../../arm-none-eabi/lib/thumb/v7e-m+fp/hard\libc_nano.a(lib_a-mprec.o)
                0x000000000800ba10                __d2b
 .text._calloc_r
                0x000000000800bac8       0x1e c:/st/stm32cubeide_1.0.2/stm32cubeide/plugins/com.st.stm32cube.ide.mcu.externaltools.gnu-tools-for-stm32.9-2020-q2-update.win32_1.5.0.202011040924/tools/bin/../lib/gcc/arm-none-eabi/9.3.1/../../../../arm-none-eabi/lib/thumb/v7e-m+fp/hard\libc_nano.a(lib_a-nano-callocr.o)
                0x000000000800bac8                _calloc_r
 *fill*         0x000000000800bae6        0x2 
 .text._free_r  0x000000000800bae8       0xa0 c:/st/stm32cubeide_1.0.2/stm32cubeide/plugins/com.st.stm32cube.ide.mcu.externaltools.gnu-tools-for-stm32.9-2020-q2-update.win32_1.5.0.202011040924/tools/bin/../lib/gcc/arm-none-eabi/9.3.1/../../../../arm-none-eabi/lib/thumb/v7e-m+fp/hard\libc_nano.a(lib_a-nano-freer.o)
                0x000000000800bae8                _free_r
 .text._malloc_r
                0x000000000800bb88       0xb4 c:/st/stm32cubeide_1.0.2/stm32cubeide/plugins/com.st.stm32cube.ide.mcu.externaltools.gnu-tools-for-stm32.9-2020-q2-update.win32_1.5.0.202011040924/tools/bin/../lib/gcc/arm-none-eabi/9.3.1/../../../../arm-none-eabi/lib/thumb/v7e-m+fp/hard\libc_nano.a(lib_a-nano-mallocr.o)
                0x000000000800bb88                _malloc_r
 .text.__sfputc_r
                0x000000000800bc3c       0x2e c:/st/stm32cubeide_1.0.2/stm32cubeide/plugins/com.st.stm32cube.ide.mcu.externaltools.gnu-tools-for-stm32.9-2020-q2-update.win32_1.5.0.202011040924/tools/bin/../lib/gcc/arm-none-eabi/9.3.1/../../../../arm-none-eabi/lib/thumb/v7e-m+fp/hard\libc_nano.a(lib_a-nano-vfprintf.o)
 .text.__sfputs_r
                0x000000000800bc6a       0x24 c:/st/stm32cubeide_1.0.2/stm32cubeide/plugins/com.st.stm32cube.ide.mcu.externaltools.gnu-tools-for-stm32.9-2020-q2-update.win32_1.5.0.202011040924/tools/bin/../lib/gcc/arm-none-eabi/9.3.1/../../../../arm-none-eabi/lib/thumb/v7e-m+fp/hard\libc_nano.a(lib_a-nano-vfprintf.o)
                0x000000000800bc6a                __sfputs_r
 *fill*         0x000000000800bc8e        0x2 
 .text._vfprintf_r
                0x000000000800bc90      0x260 c:/st/stm32cubeide_1.0.2/stm32cubeide/plugins/com.st.stm32cube.ide.mcu.externaltools.gnu-tools-for-stm32.9-2020-q2-update.win32_1.5.0.202011040924/tools/bin/../lib/gcc/arm-none-eabi/9.3.1/../../../../arm-none-eabi/lib/thumb/v7e-m+fp/hard\libc_nano.a(lib_a-nano-vfprintf.o)
                0x000000000800bc90                _vfprintf_r
                0x000000000800bc90                _vfiprintf_r
 .text._putc_r  0x000000000800bef0       0x90 c:/st/stm32cubeide_1.0.2/stm32cubeide/plugins/com.st.stm32cube.ide.mcu.externaltools.gnu-tools-for-stm32.9-2020-q2-update.win32_1.5.0.202011040924/tools/bin/../lib/gcc/arm-none-eabi/9.3.1/../../../../arm-none-eabi/lib/thumb/v7e-m+fp/hard\libc_nano.a(lib_a-putc.o)
                0x000000000800bef0                _putc_r
 .text._sbrk_r  0x000000000800bf80       0x20 c:/st/stm32cubeide_1.0.2/stm32cubeide/plugins/com.st.stm32cube.ide.mcu.externaltools.gnu-tools-for-stm32.9-2020-q2-update.win32_1.5.0.202011040924/tools/bin/../lib/gcc/arm-none-eabi/9.3.1/../../../../arm-none-eabi/lib/thumb/v7e-m+fp/hard\libc_nano.a(lib_a-sbrkr.o)
                0x000000000800bf80                _sbrk_r
 .text.__sread  0x000000000800bfa0       0x22 c:/st/stm32cubeide_1.0.2/stm32cubeide/plugins/com.st.stm32cube.ide.mcu.externaltools.gnu-tools-for-stm32.9-2020-q2-update.win32_1.5.0.202011040924/tools/bin/../lib/gcc/arm-none-eabi/9.3.1/../../../../arm-none-eabi/lib/thumb/v7e-m+fp/hard\libc_nano.a(lib_a-stdio.o)
                0x000000000800bfa0                __sread
 .text.__swrite
                0x000000000800bfc2       0x38 c:/st/stm32cubeide_1.0.2/stm32cubeide/plugins/com.st.stm32cube.ide.mcu.externaltools.gnu-tools-for-stm32.9-2020-q2-update.win32_1.5.0.202011040924/tools/bin/../lib/gcc/arm-none-eabi/9.3.1/../../../../arm-none-eabi/lib/thumb/v7e-m+fp/hard\libc_nano.a(lib_a-stdio.o)
                0x000000000800bfc2                __swrite
 .text.__sseek  0x000000000800bffa       0x24 c:/st/stm32cubeide_1.0.2/stm32cubeide/plugins/com.st.stm32cube.ide.mcu.externaltools.gnu-tools-for-stm32.9-2020-q2-update.win32_1.5.0.202011040924/tools/bin/../lib/gcc/arm-none-eabi/9.3.1/../../../../arm-none-eabi/lib/thumb/v7e-m+fp/hard\libc_nano.a(lib_a-stdio.o)
                0x000000000800bffa                __sseek
 .text.__sclose
                0x000000000800c01e        0x8 c:/st/stm32cubeide_1.0.2/stm32cubeide/plugins/com.st.stm32cube.ide.mcu.externaltools.gnu-tools-for-stm32.9-2020-q2-update.win32_1.5.0.202011040924/tools/bin/../lib/gcc/arm-none-eabi/9.3.1/../../../../arm-none-eabi/lib/thumb/v7e-m+fp/hard\libc_nano.a(lib_a-stdio.o)
                0x000000000800c01e                __sclose
 *fill*         0x000000000800c026        0x2 
 .text._write_r
                0x000000000800c028       0x24 c:/st/stm32cubeide_1.0.2/stm32cubeide/plugins/com.st.stm32cube.ide.mcu.externaltools.gnu-tools-for-stm32.9-2020-q2-update.win32_1.5.0.202011040924/tools/bin/../lib/gcc/arm-none-eabi/9.3.1/../../../../arm-none-eabi/lib/thumb/v7e-m+fp/hard\libc_nano.a(lib_a-writer.o)
                0x000000000800c028                _write_r
 .text.__assert_func
                0x000000000800c04c       0x3c c:/st/stm32cubeide_1.0.2/stm32cubeide/plugins/com.st.stm32cube.ide.mcu.externaltools.gnu-tools-for-stm32.9-2020-q2-update.win32_1.5.0.202011040924/tools/bin/../lib/gcc/arm-none-eabi/9.3.1/../../../../arm-none-eabi/lib/thumb/v7e-m+fp/hard\libc_nano.a(lib_a-assert.o)
                0x000000000800c04c                __assert_func
 .text._close_r
                0x000000000800c088       0x20 c:/st/stm32cubeide_1.0.2/stm32cubeide/plugins/com.st.stm32cube.ide.mcu.externaltools.gnu-tools-for-stm32.9-2020-q2-update.win32_1.5.0.202011040924/tools/bin/../lib/gcc/arm-none-eabi/9.3.1/../../../../arm-none-eabi/lib/thumb/v7e-m+fp/hard\libc_nano.a(lib_a-closer.o)
                0x000000000800c088                _close_r
 .text.fprintf  0x000000000800c0a8       0x24 c:/st/stm32cubeide_1.0.2/stm32cubeide/plugins/com.st.stm32cube.ide.mcu.externaltools.gnu-tools-for-stm32.9-2020-q2-update.win32_1.5.0.202011040924/tools/bin/../lib/gcc/arm-none-eabi/9.3.1/../../../../arm-none-eabi/lib/thumb/v7e-m+fp/hard\libc_nano.a(lib_a-fprintf.o)
                0x000000000800c0a8                fiprintf
                0x000000000800c0a8                fprintf
 .text._fstat_r
                0x000000000800c0cc       0x24 c:/st/stm32cubeide_1.0.2/stm32cubeide/plugins/com.st.stm32cube.ide.mcu.externaltools.gnu-tools-for-stm32.9-2020-q2-update.win32_1.5.0.202011040924/tools/bin/../lib/gcc/arm-none-eabi/9.3.1/../../../../arm-none-eabi/lib/thumb/v7e-m+fp/hard\libc_nano.a(lib_a-fstatr.o)
                0x000000000800c0cc                _fstat_r
 .text._isatty_r
                0x000000000800c0f0       0x20 c:/st/stm32cubeide_1.0.2/stm32cubeide/plugins/com.st.stm32cube.ide.mcu.externaltools.gnu-tools-for-stm32.9-2020-q2-update.win32_1.5.0.202011040924/tools/bin/../lib/gcc/arm-none-eabi/9.3.1/../../../../arm-none-eabi/lib/thumb/v7e-m+fp/hard\libc_nano.a(lib_a-isattyr.o)
                0x000000000800c0f0                _isatty_r
 .text._lseek_r
                0x000000000800c110       0x24 c:/st/stm32cubeide_1.0.2/stm32cubeide/plugins/com.st.stm32cube.ide.mcu.externaltools.gnu-tools-for-stm32.9-2020-q2-update.win32_1.5.0.202011040924/tools/bin/../lib/gcc/arm-none-eabi/9.3.1/../../../../arm-none-eabi/lib/thumb/v7e-m+fp/hard\libc_nano.a(lib_a-lseekr.o)
                0x000000000800c110                _lseek_r
 .text.__ascii_mbtowc
                0x000000000800c134       0x24 c:/st/stm32cubeide_1.0.2/stm32cubeide/plugins/com.st.stm32cube.ide.mcu.externaltools.gnu-tools-for-stm32.9-2020-q2-update.win32_1.5.0.202011040924/tools/bin/../lib/gcc/arm-none-eabi/9.3.1/../../../../arm-none-eabi/lib/thumb/v7e-m+fp/hard\libc_nano.a(lib_a-mbtowc_r.o)
                0x000000000800c134                __ascii_mbtowc
 .text.__malloc_lock
                0x000000000800c158        0xc c:/st/stm32cubeide_1.0.2/stm32cubeide/plugins/com.st.stm32cube.ide.mcu.externaltools.gnu-tools-for-stm32.9-2020-q2-update.win32_1.5.0.202011040924/tools/bin/../lib/gcc/arm-none-eabi/9.3.1/../../../../arm-none-eabi/lib/thumb/v7e-m+fp/hard\libc_nano.a(lib_a-mlock.o)
                0x000000000800c158                __malloc_lock
 .text.__malloc_unlock
                0x000000000800c164        0xc c:/st/stm32cubeide_1.0.2/stm32cubeide/plugins/com.st.stm32cube.ide.mcu.externaltools.gnu-tools-for-stm32.9-2020-q2-update.win32_1.5.0.202011040924/tools/bin/../lib/gcc/arm-none-eabi/9.3.1/../../../../arm-none-eabi/lib/thumb/v7e-m+fp/hard\libc_nano.a(lib_a-mlock.o)
                0x000000000800c164                __malloc_unlock
 .text._read_r  0x000000000800c170       0x24 c:/st/stm32cubeide_1.0.2/stm32cubeide/plugins/com.st.stm32cube.ide.mcu.externaltools.gnu-tools-for-stm32.9-2020-q2-update.win32_1.5.0.202011040924/tools/bin/../lib/gcc/arm-none-eabi/9.3.1/../../../../arm-none-eabi/lib/thumb/v7e-m+fp/hard\libc_nano.a(lib_a-readr.o)
                0x000000000800c170                _read_r
 .text.__ascii_wctomb
                0x000000000800c194       0x1a c:/st/stm32cubeide_1.0.2/stm32cubeide/plugins/com.st.stm32cube.ide.mcu.externaltools.gnu-tools-for-stm32.9-2020-q2-update.win32_1.5.0.202011040924/tools/bin/../lib/gcc/arm-none-eabi/9.3.1/../../../../arm-none-eabi/lib/thumb/v7e-m+fp/hard\libc_nano.a(lib_a-wctomb_r.o)
                0x000000000800c194                __ascii_wctomb
 .text.abort    0x000000000800c1ae        0xe c:/st/stm32cubeide_1.0.2/stm32cubeide/plugins/com.st.stm32cube.ide.mcu.externaltools.gnu-tools-for-stm32.9-2020-q2-update.win32_1.5.0.202011040924/tools/bin/../lib/gcc/arm-none-eabi/9.3.1/../../../../arm-none-eabi/lib/thumb/v7e-m+fp/hard\libc_nano.a(lib_a-abort.o)
                0x000000000800c1ae                abort
 .text._raise_r
                0x000000000800c1bc       0x50 c:/st/stm32cubeide_1.0.2/stm32cubeide/plugins/com.st.stm32cube.ide.mcu.externaltools.gnu-tools-for-stm32.9-2020-q2-update.win32_1.5.0.202011040924/tools/bin/../lib/gcc/arm-none-eabi/9.3.1/../../../../arm-none-eabi/lib/thumb/v7e-m+fp/hard\libc_nano.a(lib_a-signal.o)
                0x000000000800c1bc                _raise_r
 .text.raise    0x000000000800c20c       0x10 c:/st/stm32cubeide_1.0.2/stm32cubeide/plugins/com.st.stm32cube.ide.mcu.externaltools.gnu-tools-for-stm32.9-2020-q2-update.win32_1.5.0.202011040924/tools/bin/../lib/gcc/arm-none-eabi/9.3.1/../../../../arm-none-eabi/lib/thumb/v7e-m+fp/hard\libc_nano.a(lib_a-signal.o)
                0x000000000800c20c                raise
 .text._kill_r  0x000000000800c21c       0x24 c:/st/stm32cubeide_1.0.2/stm32cubeide/plugins/com.st.stm32cube.ide.mcu.externaltools.gnu-tools-for-stm32.9-2020-q2-update.win32_1.5.0.202011040924/tools/bin/../lib/gcc/arm-none-eabi/9.3.1/../../../../arm-none-eabi/lib/thumb/v7e-m+fp/hard\libc_nano.a(lib_a-signalr.o)
                0x000000000800c21c                _kill_r
 .text._getpid_r
                0x000000000800c240        0x4 c:/st/stm32cubeide_1.0.2/stm32cubeide/plugins/com.st.stm32cube.ide.mcu.externaltools.gnu-tools-for-stm32.9-2020-q2-update.win32_1.5.0.202011040924/tools/bin/../lib/gcc/arm-none-eabi/9.3.1/../../../../arm-none-eabi/lib/thumb/v7e-m+fp/hard\libc_nano.a(lib_a-signalr.o)
                0x000000000800c240                _getpid_r
 *(.glue_7)
 .glue_7        0x000000000800c244        0x0 linker stubs
 *(.glue_7t)
 .glue_7t       0x000000000800c244        0x0 linker stubs
 *(.eh_frame)
 .eh_frame      0x000000000800c244        0x0 c:/st/stm32cubeide_1.0.2/stm32cubeide/plugins/com.st.stm32cube.ide.mcu.externaltools.gnu-tools-for-stm32.9-2020-q2-update.win32_1.5.0.202011040924/tools/bin/../lib/gcc/arm-none-eabi/9.3.1/thumb/v7e-m+fp/hard/crtbegin.o
 *(.init)
 .init          0x000000000800c244        0x4 c:/st/stm32cubeide_1.0.2/stm32cubeide/plugins/com.st.stm32cube.ide.mcu.externaltools.gnu-tools-for-stm32.9-2020-q2-update.win32_1.5.0.202011040924/tools/bin/../lib/gcc/arm-none-eabi/9.3.1/thumb/v7e-m+fp/hard/crti.o
                0x000000000800c244                _init
 .init          0x000000000800c248        0x8 c:/st/stm32cubeide_1.0.2/stm32cubeide/plugins/com.st.stm32cube.ide.mcu.externaltools.gnu-tools-for-stm32.9-2020-q2-update.win32_1.5.0.202011040924/tools/bin/../lib/gcc/arm-none-eabi/9.3.1/thumb/v7e-m+fp/hard/crtn.o
 *(.fini)
 .fini          0x000000000800c250        0x4 c:/st/stm32cubeide_1.0.2/stm32cubeide/plugins/com.st.stm32cube.ide.mcu.externaltools.gnu-tools-for-stm32.9-2020-q2-update.win32_1.5.0.202011040924/tools/bin/../lib/gcc/arm-none-eabi/9.3.1/thumb/v7e-m+fp/hard/crti.o
                0x000000000800c250                _fini
 .fini          0x000000000800c254        0x8 c:/st/stm32cubeide_1.0.2/stm32cubeide/plugins/com.st.stm32cube.ide.mcu.externaltools.gnu-tools-for-stm32.9-2020-q2-update.win32_1.5.0.202011040924/tools/bin/../lib/gcc/arm-none-eabi/9.3.1/thumb/v7e-m+fp/hard/crtn.o
                0x000000000800c25c                . = ALIGN (0x4)
                0x000000000800c25c                _etext = .

.vfp11_veneer   0x000000000800c25c        0x0
 .vfp11_veneer  0x000000000800c25c        0x0 linker stubs
