Archive member included to satisfy reference by file (symbol)

c:/st/stm32cubeide_1.0.2/stm32cubeide/plugins/com.st.stm32cube.ide.mcu.externaltools.gnu-tools-for-stm32.9-2020-q2-update.win32_1.5.0.202011040924/tools/bin/../lib/gcc/arm-none-eabi/9.3.1/../../../../arm-none-eabi/lib/thumb/v7e-m+fp/hard\libc_nano.a(lib_a-errno.o)
                              Core/Src/syscalls.o (__errno)
c:/st/stm32cubeide_1.0.2/stm32cubeide/plugins/com.st.stm32cube.ide.mcu.externaltools.gnu-tools-for-stm32.9-2020-q2-update.win32_1.5.0.202011040924/tools/bin/../lib/gcc/arm-none-eabi/9.3.1/../../../../arm-none-eabi/lib/thumb/v7e-m+fp/hard\libc_nano.a(lib_a-exit.o)
                              c:/st/stm32cubeide_1.0.2/stm32cubeide/plugins/com.st.stm32cube.ide.mcu.externaltools.gnu-tools-for-stm32.9-2020-q2-update.win32_1.5.0.202011040924/tools/bin/../lib/gcc/arm-none-eabi/9.3.1/../../../../arm-none-eabi/lib/thumb/v7e-m+fp/hard/crt0.o (exit)
c:/st/stm32cubeide_1.0.2/stm32cubeide/plugins/com.st.stm32cube.ide.mcu.externaltools.gnu-tools-for-stm32.9-2020-q2-update.win32_1.5.0.202011040924/tools/bin/../lib/gcc/arm-none-eabi/9.3.1/../../../../arm-none-eabi/lib/thumb/v7e-m+fp/hard\libc_nano.a(lib_a-impure.o)
                              c:/st/stm32cubeide_1.0.2/stm32cubeide/plugins/com.st.stm32cube.ide.mcu.externaltools.gnu-tools-for-stm32.9-2020-q2-update.win32_1.5.0.202011040924/tools/bin/../lib/gcc/arm-none-eabi/9.3.1/../../../../arm-none-eabi/lib/thumb/v7e-m+fp/hard\libc_nano.a(lib_a-exit.o) (_global_impure_ptr)
c:/st/stm32cubeide_1.0.2/stm32cubeide/plugins/com.st.stm32cube.ide.mcu.externaltools.gnu-tools-for-stm32.9-2020-q2-update.win32_1.5.0.202011040924/tools/bin/../lib/gcc/arm-none-eabi/9.3.1/../../../../arm-none-eabi/lib/thumb/v7e-m+fp/hard\libc_nano.a(lib_a-init.o)
                              c:/st/stm32cubeide_1.0.2/stm32cubeide/plugins/com.st.stm32cube.ide.mcu.externaltools.gnu-tools-for-stm32.9-2020-q2-update.win32_1.5.0.202011040924/tools/bin/../lib/gcc/arm-none-eabi/9.3.1/../../../../arm-none-eabi/lib/thumb/v7e-m+fp/hard/crt0.o (__libc_init_array)
c:/st/stm32cubeide_1.0.2/stm32cubeide/plugins/com.st.stm32cube.ide.mcu.externaltools.gnu-tools-for-stm32.9-2020-q2-update.win32_1.5.0.202011040924/tools/bin/../lib/gcc/arm-none-eabi/9.3.1/../../../../arm-none-eabi/lib/thumb/v7e-m+fp/hard\libc_nano.a(lib_a-memset.o)
                              c:/st/stm32cubeide_1.0.2/stm32cubeide/plugins/com.st.stm32cube.ide.mcu.externaltools.gnu-tools-for-stm32.9-2020-q2-update.win32_1.5.0.202011040924/tools/bin/../lib/gcc/arm-none-eabi/9.3.1/../../../../arm-none-eabi/lib/thumb/v7e-m+fp/hard/crt0.o (memset)
c:/st/stm32cubeide_1.0.2/stm32cubeide/plugins/com.st.stm32cube.ide.mcu.externaltools.gnu-tools-for-stm32.9-2020-q2-update.win32_1.5.0.202011040924/tools/bin/../lib/gcc/arm-none-eabi/9.3.1/../../../../arm-none-eabi/lib/thumb/v7e-m+fp/hard\libc_nano.a(lib_a-nano-vfprintf_float.o)
                              (_printf_float)
c:/st/stm32cubeide_1.0.2/stm32cubeide/plugins/com.st.stm32cube.ide.mcu.externaltools.gnu-tools-for-stm32.9-2020-q2-update.win32_1.5.0.202011040924/tools/bin/../lib/gcc/arm-none-eabi/9.3.1/../../../../arm-none-eabi/lib/thumb/v7e-m+fp/hard\libc_nano.a(lib_a-nano-vfprintf_i.o)
                              c:/st/stm32cubeide_1.0.2/stm32cubeide/plugins/com.st.stm32cube.ide.mcu.externaltools.gnu-tools-for-stm32.9-2020-q2-update.win32_1.5.0.202011040924/tools/bin/../lib/gcc/arm-none-eabi/9.3.1/../../../../arm-none-eabi/lib/thumb/v7e-m+fp/hard\libc_nano.a(lib_a-nano-vfprintf_float.o) (_printf_common)
c:/st/stm32cubeide_1.0.2/stm32cubeide/plugins/com.st.stm32cube.ide.mcu.externaltools.gnu-tools-for-stm32.9-2020-q2-update.win32_1.5.0.202011040924/tools/bin/../lib/gcc/arm-none-eabi/9.3.1/../../../../arm-none-eabi/lib/thumb/v7e-m+fp/hard\libc_nano.a(lib_a-printf.o)
                              Core/Src/Controller/mode.o (printf)
c:/st/stm32cubeide_1.0.2/stm32cubeide/plugins/com.st.stm32cube.ide.mcu.externaltools.gnu-tools-for-stm32.9-2020-q2-update.win32_1.5.0.202011040924/tools/bin/../lib/gcc/arm-none-eabi/9.3.1/../../../../arm-none-eabi/lib/thumb/v7e-m+fp/hard\libc_nano.a(lib_a-putchar.o)
                              Core/Src/Controller/mode.o (putchar)
c:/st/stm32cubeide_1.0.2/stm32cubeide/plugins/com.st.stm32cube.ide.mcu.externaltools.gnu-tools-for-stm32.9-2020-q2-update.win32_1.5.0.202011040924/tools/bin/../lib/gcc/arm-none-eabi/9.3.1/../../../../arm-none-eabi/lib/thumb/v7e-m+fp/hard\libc_nano.a(lib_a-puts.o)
                              Core/Src/Controller/mode.o (puts)
c:/st/stm32cubeide_1.0.2/stm32cubeide/plugins/com.st.stm32cube.ide.mcu.externaltools.gnu-tools-for-stm32.9-2020-q2-update.win32_1.5.0.202011040924/tools/bin/../lib/gcc/arm-none-eabi/9.3.1/../../../../arm-none-eabi/lib/thumb/v7e-m+fp/hard\libc_nano.a(lib_a-setbuf.o)
                              Core/Src/main.o (setbuf)
[...]
Memory Configuration

Name             Origin             Length             Attributes
CCMRAM           0x0000000010000000 0x0000000000010000 xrw
RAM              0x0000000020000000 0x0000000000020000 xrw
FLASH            0x0000000008000000 0x0000000000100000 xr
*default*        0x0000000000000000 0xffffffffffffffff

Linker script and memory map

LOAD c:/st/stm32cubeide_1.0.2/stm32cubeide/plugins/com.st.stm32cube.ide.mcu.externaltools.gnu-tools-for-stm32.9-2020-q2-update.win32_1.5.0.202011040924/tools/bin/../lib/gcc/arm-none-eabi/9.3.1/thumb/v7e-m+fp/hard/crti.o
LOAD c:/st/stm32cubeide_1.0.2/stm32cubeide/plugins/com.st.stm32cube.ide.mcu.externaltools.gnu-tools-for-stm32.9-2020-q2-update.win32_1.5.0.202011040924/tools/bin/../lib/gcc/arm-none-eabi/9.3.1/thumb/v7e-m+fp/hard/crtbegin.o
LOAD c:/st/stm32cubeide_1.0.2/stm32cubeide/plugins/com.st.stm32cube.ide.mcu.externaltools.gnu-tools-for-stm32.9-2020-q2-update.win32_1.5.0.202011040924/tools/bin/../lib/gcc/arm-none-eabi/9.3.1/../../../../arm-none-eabi/lib/thumb/v7e-m+fp/hard/crt0.o
LOAD Core/Src/Controller/callback.o
LOAD Core/Src/Controller/mode.o
LOAD Core/Src/Controller/search.o
LOAD Core/Src/Controller/state.o
LOAD Core/Src/Controller/test.o
LOAD Core/Src/Hardware/ICM20689.o
LOAD Core/Src/Hardware/basic_timer.o
LOAD Core/Src/Hardware/battery.o
LOAD Core/Src/Hardware/buzzer.o
LOAD Core/Src/Hardware/encoder.o
LOAD Core/Src/Hardware/flash.o
LOAD Core/Src/Hardware/interface_LED.o
LOAD Core/Src/Hardware/motor.o
LOAD Core/Src/Hardware/wall_sensor.o
LOAD Core/Src/System/flags.o
LOAD Core/Src/System/log.o
LOAD Core/Src/System/map.o
LOAD Core/Src/System/motion.o
LOAD Core/Src/System/music.o
LOAD Core/Src/System/route.o
LOAD Core/Src/System/sensing.o
LOAD Core/Src/adc.o
LOAD Core/Src/dma.o
LOAD Core/Src/gpio.o
LOAD Core/Src/main.o
LOAD Core/Src/spi.o
LOAD Core/Src/stm32f4xx_it.o
LOAD Core/Src/syscalls.o
LOAD Core/Src/sysmem.o
LOAD Core/Src/system_stm32f4xx.o
LOAD Core/Src/tim.o
LOAD Core/Src/usart.o
LOAD Core/Startup/startup_stm32f405rgtx.o
LOAD Drivers/STM32F4xx_HAL_Driver/Src/stm32f4xx_ll_adc.o
LOAD Drivers/STM32F4xx_HAL_Driver/Src/stm32f4xx_ll_dma.o
LOAD Drivers/STM32F4xx_HAL_Driver/Src/stm32f4xx_ll_exti.o
LOAD Drivers/STM32F4xx_HAL_Driver/Src/stm32f4xx_ll_gpio.o
LOAD Drivers/STM32F4xx_HAL_Driver/Src/stm32f4xx_ll_rcc.o
LOAD Drivers/STM32F4xx_HAL_Driver/Src/stm32f4xx_ll_spi.o
LOAD Drivers/STM32F4xx_HAL_Driver/Src/stm32f4xx_ll_tim.o
LOAD Drivers/STM32F4xx_HAL_Driver/Src/stm32f4xx_ll_usart.o
LOAD Drivers/STM32F4xx_HAL_Driver/Src/stm32f4xx_ll_utils.o
START GROUP
LOAD c:/st/stm32cubeide_1.0.2/stm32cubeide/plugins/com.st.stm32cube.ide.mcu.externaltools.gnu-tools-for-stm32.9-2020-q2-update.win32_1.5.0.202011040924/tools/bin/../lib/gcc/arm-none-eabi/9.3.1/../../../../arm-none-eabi/lib/thumb/v7e-m+fp/hard\libc_nano.a
LOAD c:/st/stm32cubeide_1.0.2/stm32cubeide/plugins/com.st.stm32cube.ide.mcu.externaltools.gnu-tools-for-stm32.9-2020-q2-update.win32_1.5.0.202011040924/tools/bin/../lib/gcc/arm-none-eabi/9.3.1/../../../../arm-none-eabi/lib/thumb/v7e-m+fp/hard\libm.a
END GROUP
START GROUP
LOAD c:/st/stm32cubeide_1.0.2/stm32cubeide/plugins/com.st.stm32cube.ide.mcu.externaltools.gnu-tools-for-stm32.9-2020-q2-update.win32_1.5.0.202011040924/tools/bin/../lib/gcc/arm-none-eabi/9.3.1/thumb/v7e-m+fp/hard\libgcc.a
LOAD c:/st/stm32cubeide_1.0.2/stm32cubeide/plugins/com.st.stm32cube.ide.mcu.externaltools.gnu-tools-for-stm32.9-2020-q2-update.win32_1.5.0.202011040924/tools/bin/../lib/gcc/arm-none-eabi/9.3.1/../../../../arm-none-eabi/lib/thumb/v7e-m+fp/hard\libc_nano.a
END GROUP
START GROUP
LOAD c:/st/stm32cubeide_1.0.2/stm32cubeide/plugins/com.st.stm32cube.ide.mcu.externaltools.gnu-tools-for-stm32.9-2020-q2-update.win32_1.5.0.202011040924/tools/bin/../lib/gcc/arm-none-eabi/9.3.1/thumb/v7e-m+fp/hard\libgcc.a
LOAD c:/st/stm32cubeide_1.0.2/stm32cubeide/plugins/com.st.stm32cube.ide.mcu.externaltools.gnu-tools-for-stm32.9-2020-q2-update.win32_1.5.0.202011040924/tools/bin/../lib/gcc/arm-none-eabi/9.3.1/../../../../arm-none-eabi/lib/thumb/v7e-m+fp/hard\libc_nano.a
LOAD c:/st/stm32cubeide_1.0.2/stm32cubeide/plugins/com.st.stm32cube.ide.mcu.externaltools.gnu-tools-for-stm32.9-2020-q2-update.win32_1.5.0.202011040924/tools/bin/../lib/gcc/arm-none-eabi/9.3.1/../../../../arm-none-eabi/lib/thumb/v7e-m+fp/hard\libnosys.a
END GROUP
START GROUP
LOAD c:/st/stm32cubeide_1.0.2/stm32cubeide/plugins/com.st.stm32cube.ide.mcu.externaltools.gnu-tools-for-stm32.9-2020-q2-update.win32_1.5.0.202011040924/tools/bin/../lib/gcc/arm-none-eabi/9.3.1/thumb/v7e-m+fp/hard\libgcc.a
LOAD c:/st/stm32cubeide_1.0.2/stm32cubeide/plugins/com.st.stm32cube.ide.mcu.externaltools.gnu-tools-for-stm32.9-2020-q2-update.win32_1.5.0.202011040924/tools/bin/../lib/gcc/arm-none-eabi/9.3.1/../../../../arm-none-eabi/lib/thumb/v7e-m+fp/hard\libc_nano.a
LOAD c:/st/stm32cubeide_1.0.2/stm32cubeide/plugins/com.st.stm32cube.ide.mcu.externaltools.gnu-tools-for-stm32.9-2020-q2-update.win32_1.5.0.202011040924/tools/bin/../lib/gcc/arm-none-eabi/9.3.1/../../../../arm-none-eabi/lib/thumb/v7e-m+fp/hard\libnosys.a
END GROUP
LOAD c:/st/stm32cubeide_1.0.2/stm32cubeide/plugins/com.st.stm32cube.ide.mcu.externaltools.gnu-tools-for-stm32.9-2020-q2-update.win32_1.5.0.202011040924/tools/bin/../lib/gcc/arm-none-eabi/9.3.1/thumb/v7e-m+fp/hard/crtend.o
LOAD c:/st/stm32cubeide_1.0.2/stm32cubeide/plugins/com.st.stm32cube.ide.mcu.externaltools.gnu-tools-for-stm32.9-2020-q2-update.win32_1.5.0.202011040924/tools/bin/../lib/gcc/arm-none-eabi/9.3.1/thumb/v7e-m+fp/hard/crtn.o
                0x0000000020020000                _estack = (ORIGIN (RAM) + LENGTH (RAM))
                0x0000000000000200                _Min_Heap_Size = 0x200
                0x0000000000000400                _Min_Stack_Size = 0x400

.isr_vector     0x0000000008000000      0x188
                0x0000000008000000                . = ALIGN (0x4)
 *(.isr_vector)
 .isr_vector    0x0000000008000000      0x188 Core/Startup/startup_stm32f405rgtx.o
                0x0000000008000000                g_pfnVectors
                0x0000000008000188                . = ALIGN (0x4)

.text           0x0000000008000190     0xbaec
                0x0000000008000190                . = ALIGN (0x4)
 *(.text)
 .text          0x0000000008000190       0x40 c:/st/stm32cubeide_1.0.2/stm32cubeide/plugins/com.st.stm32cube.ide.mcu.externaltools.gnu-tools-for-stm32.9-2020-q2-update.win32_1.5.0.202011040924/tools/bin/../lib/gcc/arm-none-eabi/9.3.1/thumb/v7e-m+fp/hard/crtbegin.o
 .text          0x00000000080001d0       0x10 c:/st/stm32cubeide_1.0.2/stm32cubeide/plugins/com.st.stm32cube.ide.mcu.externaltools.gnu-tools-for-stm32.9-2020-q2-update.win32_1.5.0.202011040924/tools/bin/../lib/gcc/arm-none-eabi/9.3.1/../../../../arm-none-eabi/lib/thumb/v7e-m+fp/hard\libc_nano.a(lib_a-strlen.o)
                0x00000000080001d0                strlen
 .text          0x00000000080001e0       0xa0 c:/st/stm32cubeide_1.0.2/stm32cubeide/plugins/com.st.stm32cube.ide.mcu.externaltools.gnu-tools-for-stm32.9-2020-q2-update.win32_1.5.0.202011040924/tools/bin/../lib/gcc/arm-none-eabi/9.3.1/../../../../arm-none-eabi/lib/thumb/v7e-m+fp/hard\libc_nano.a(lib_a-memchr.o)
                0x00000000080001e0                memchr
 .text          0x0000000008000280      0x378 c:/st/stm32cubeide_1.0.2/stm32cubeide/plugins/com.st.stm32cube.ide.mcu.externaltools.gnu-tools-for-stm32.9-2020-q2-update.win32_1.5.0.202011040924/tools/bin/../lib/gcc/arm-none-eabi/9.3.1/thumb/v7e-m+fp/hard\libgcc.a(_arm_addsubdf3.o)
                0x0000000008000280                __aeabi_drsub
                0x0000000008000288                __aeabi_dsub
                0x0000000008000288                __subdf3
                0x000000000800028c                __aeabi_dadd
                0x000000000800028c                __adddf3
                0x0000000008000504                __floatunsidf
                0x0000000008000504                __aeabi_ui2d
                0x0000000008000524                __floatsidf
                0x0000000008000524                __aeabi_i2d
                0x0000000008000548                __aeabi_f2d
                0x0000000008000548                __extendsfdf2
                0x000000000800058c                __floatundidf
                0x000000000800058c                __aeabi_ul2d
                0x000000000800059c                __floatdidf
                0x000000000800059c                __aeabi_l2d
 .text          0x00000000080005f8      0x424 c:/st/stm32cubeide_1.0.2/stm32cubeide/plugins/com.st.stm32cube.ide.mcu.externaltools.gnu-tools-for-stm32.9-2020-q2-update.win32_1.5.0.202011040924/tools/bin/../lib/gcc/arm-none-eabi/9.3.1/thumb/v7e-m+fp/hard\libgcc.a(_arm_muldivdf3.o)
                0x00000000080005f8                __aeabi_dmul
                0x00000000080005f8                __muldf3
                0x000000000800084c                __divdf3
                0x000000000800084c                __aeabi_ddiv
 .text          0x0000000008000a1c      0x110 c:/st/stm32cubeide_1.0.2/stm32cubeide/plugins/com.st.stm32cube.ide.mcu.externaltools.gnu-tools-for-stm32.9-2020-q2-update.win32_1.5.0.202011040924/tools/bin/../lib/gcc/arm-none-eabi/9.3.1/thumb/v7e-m+fp/hard\libgcc.a(_arm_cmpdf2.o)
                0x0000000008000a1c                __gtdf2
                0x0000000008000a1c                __gedf2
                0x0000000008000a24                __ltdf2
                0x0000000008000a24                __ledf2
                0x0000000008000a2c                __nedf2
                0x0000000008000a2c                __eqdf2
                0x0000000008000a2c                __cmpdf2
                0x0000000008000aa8                __aeabi_cdrcmple
                0x0000000008000ab8                __aeabi_cdcmpeq
                0x0000000008000ab8                __aeabi_cdcmple
                0x0000000008000ac8                __aeabi_dcmpeq
                0x0000000008000adc                __aeabi_dcmplt
                0x0000000008000af0                __aeabi_dcmple
                0x0000000008000b04                __aeabi_dcmpge
                0x0000000008000b18                __aeabi_dcmpgt
 .text          0x0000000008000b2c       0x2c c:/st/stm32cubeide_1.0.2/stm32cubeide/plugins/com.st.stm32cube.ide.mcu.externaltools.gnu-tools-for-stm32.9-2020-q2-update.win32_1.5.0.202011040924/tools/bin/../lib/gcc/arm-none-eabi/9.3.1/thumb/v7e-m+fp/hard\libgcc.a(_arm_unorddf2.o)
                0x0000000008000b2c                __unorddf2
                0x0000000008000b2c                __aeabi_dcmpun
 .text          0x0000000008000b58       0x50 c:/st/stm32cubeide_1.0.2/stm32cubeide/plugins/com.st.stm32cube.ide.mcu.externaltools.gnu-tools-for-stm32.9-2020-q2-update.win32_1.5.0.202011040924/tools/bin/../lib/gcc/arm-none-eabi/9.3.1/thumb/v7e-m+fp/hard\libgcc.a(_arm_fixdfsi.o)
                0x0000000008000b58                __aeabi_d2iz
                0x0000000008000b58                __fixdfsi
 .text          0x0000000008000ba8       0x30 c:/st/stm32cubeide_1.0.2/stm32cubeide/plugins/com.st.stm32cube.ide.mcu.externaltools.gnu-tools-for-stm32.9-2020-q2-update.win32_1.5.0.202011040924/tools/bin/../lib/gcc/arm-none-eabi/9.3.1/thumb/v7e-m+fp/hard\libgcc.a(_aeabi_uldivmod.o)
                0x0000000008000ba8                __aeabi_uldivmod
 .text          0x0000000008000bd8      0x2c4 c:/st/stm32cubeide_1.0.2/stm32cubeide/plugins/com.st.stm32cube.ide.mcu.externaltools.gnu-tools-for-stm32.9-2020-q2-update.win32_1.5.0.202011040924/tools/bin/../lib/gcc/arm-none-eabi/9.3.1/thumb/v7e-m+fp/hard\libgcc.a(_udivmoddi4.o)
                0x0000000008000bd8                __udivmoddi4
 .text          0x0000000008000e9c        0x4 c:/st/stm32cubeide_1.0.2/stm32cubeide/plugins/com.st.stm32cube.ide.mcu.externaltools.gnu-tools-for-stm32.9-2020-q2-update.win32_1.5.0.202011040924/tools/bin/../lib/gcc/arm-none-eabi/9.3.1/thumb/v7e-m+fp/hard\libgcc.a(_dvmd_tls.o)
                0x0000000008000e9c                __aeabi_idiv0
                0x0000000008000e9c                __aeabi_ldiv0
 *(.text*)
 .text.callbackTIM
                0x0000000008000ea0       0x74 Core/Src/Controller/callback.o
                0x0000000008000ea0                callbackTIM
 .text.printMode
                0x0000000008000f14      0x134 Core/Src/Controller/mode.o
                0x0000000008000f14                printMode
 .text.modeSelect
                0x0000000008001048      0x128 Core/Src/Controller/mode.o
                0x0000000008001048                modeSelect
 .text.waitStarting
                0x0000000008001170       0x78 Core/Src/Controller/mode.o
                0x0000000008001170                waitStarting
 .text.judgeFailSafe
                0x00000000080011e8       0xb8 Core/Src/Controller/mode.o
                0x00000000080011e8                judgeFailSafe
 .text.errorFunctions
                0x00000000080012a0       0x78 Core/Src/Controller/mode.o
                0x00000000080012a0                errorFunctions
 .text.rotateSafteyR180
                0x0000000008001318       0x3c Core/Src/Controller/search.o
                0x0000000008001318                rotateSafteyR180
 .text.prepareStateForSearching
                0x0000000008001354       0x60 Core/Src/Controller/search.o
                0x0000000008001354                prepareStateForSearching
 .text.searchMazeBySlalom
                0x00000000080013b4      0x1fc Core/Src/Controller/search.o
                0x00000000080013b4                searchMazeBySlalom
 .text.CheckGoal
                0x00000000080015b0       0xcc Core/Src/Controller/search.o
                0x00000000080015b0                CheckGoal
 .text.calculateSensorError
                0x000000000800167c      0x264 Core/Src/Controller/state.o
                0x000000000800167c                calculateSensorError
 .text.calculatePID
                0x00000000080018e0      0x118 Core/Src/Controller/state.o
                0x00000000080018e0                calculatePID
 .text.calculateTargetVelocity
                0x00000000080019f8       0xbc Core/Src/Controller/state.o
                0x00000000080019f8                calculateTargetVelocity
 .text.calculateTagetOmega
                0x0000000008001ab4       0xbc Core/Src/Controller/state.o
                0x0000000008001ab4                calculateTagetOmega
 .text.fixTargetOmegaFromWallSensor
                0x0000000008001b70      0x158 Core/Src/Controller/state.o
                0x0000000008001b70                fixTargetOmegaFromWallSensor
 .text.setStatus
                0x0000000008001cc8       0x80 Core/Src/Controller/state.o
                0x0000000008001cc8                setStatus
 .text.setTurnParams
                0x0000000008001d48       0x76 Core/Src/Controller/state.o
                0x0000000008001d48                setTurnParams
 .text.setParameters
                0x0000000008001dbe       0x4e Core/Src/Controller/state.o
                0x0000000008001dbe                setParameters
 .text.initMouseStatus
                0x0000000008001e0c      0x378 Core/Src/Controller/state.o
                0x0000000008001e0c                initMouseStatus
 .text.updateStatus
                0x0000000008002184      0x2a4 Core/Src/Controller/state.o
                0x0000000008002184                updateStatus
 .text.prepareForTest
                0x0000000008002428       0x60 Core/Src/Controller/test.o
                0x0000000008002428                prepareForTest
 .text.testKeepDistance
                0x0000000008002488       0x38 Core/Src/Controller/test.o
                0x0000000008002488                testKeepDistance
 .text.testWallSensors
                0x00000000080024c0       0x60 Core/Src/Controller/test.o
                0x00000000080024c0                testWallSensors
 .text.testEncoders
                0x0000000008002520       0x64 Core/Src/Controller/test.o
                0x0000000008002520                testEncoders
 .text.testIMU  0x0000000008002584       0x34 Core/Src/Controller/test.o
                0x0000000008002584                testIMU
 .text.testMotions
                0x00000000080025b8      0x264 Core/Src/Controller/test.o
                0x00000000080025b8                testMotions
 .text.LL_SPI_Enable
                0x000000000800281c       0x20 Core/Src/Hardware/ICM20689.o
 .text.LL_SPI_IsEnabled
                0x000000000800283c       0x26 Core/Src/Hardware/ICM20689.o
 .text.LL_SPI_IsActiveFlag_RXNE
                0x0000000008002862       0x26 Core/Src/Hardware/ICM20689.o
 .text.LL_SPI_IsActiveFlag_TXE
                0x0000000008002888       0x26 Core/Src/Hardware/ICM20689.o
 .text.LL_SPI_ReceiveData8
                0x00000000080028ae       0x1a Core/Src/Hardware/ICM20689.o
 .text.LL_SPI_TransmitData8
                0x00000000080028c8       0x24 Core/Src/Hardware/ICM20689.o
 .text.LL_GPIO_SetOutputPin
                0x00000000080028ec       0x1c Core/Src/Hardware/ICM20689.o
 .text.LL_GPIO_ResetOutputPin
                0x0000000008002908       0x1e Core/Src/Hardware/ICM20689.o
 *fill*         0x0000000008002926        0x2 
 .text.SPI_Control
                0x0000000008002928       0x9c Core/Src/Hardware/ICM20689.o
                0x0000000008002928                SPI_Control
 .text.readByte
                0x00000000080029c4       0x38 Core/Src/Hardware/ICM20689.o
                0x00000000080029c4                readByte
 .text.writeByte
                0x00000000080029fc       0x3c Core/Src/Hardware/ICM20689.o
                0x00000000080029fc                writeByte
 .text.initIMU  0x0000000008002a38       0xb0 Core/Src/Hardware/ICM20689.o
                0x0000000008002a38                initIMU
 .text.readGyroOmegaZ
                0x0000000008002ae8       0x4c Core/Src/Hardware/ICM20689.o
                0x0000000008002ae8                readGyroOmegaZ
 .text.readGyroAccelX
                0x0000000008002b34       0x4c Core/Src/Hardware/ICM20689.o
                0x0000000008002b34                readGyroAccelX
 .text.LL_TIM_EnableCounter
                0x0000000008002b80       0x20 Core/Src/Hardware/basic_timer.o
 .text.LL_TIM_DisableCounter
                0x0000000008002ba0       0x20 Core/Src/Hardware/basic_timer.o
 .text.LL_TIM_EnableIT_UPDATE
                0x0000000008002bc0       0x20 Core/Src/Hardware/basic_timer.o
 .text.LL_TIM_DisableIT_UPDATE
                0x0000000008002be0       0x20 Core/Src/Hardware/basic_timer.o
 .text.basicTimerStart
                0x0000000008002c00       0x18 Core/Src/Hardware/basic_timer.o
                0x0000000008002c00                basicTimerStart
 .text.basicTimerPause
                0x0000000008002c18       0x18 Core/Src/Hardware/basic_timer.o
                0x0000000008002c18                basicTimerPause
 .text.waitMs   0x0000000008002c30       0x1a Core/Src/Hardware/basic_timer.o
                0x0000000008002c30                waitMs
 *fill*         0x0000000008002c4a        0x2 
 .text.waitUs   0x0000000008002c4c       0x54 Core/Src/Hardware/basic_timer.o
                0x0000000008002c4c                waitUs
 .text.readBatteryCheck
                0x0000000008002ca0       0x28 Core/Src/Hardware/battery.o
                0x0000000008002ca0                readBatteryCheck
 .text.LL_TIM_EnableCounter
                0x0000000008002cc8       0x20 Core/Src/Hardware/buzzer.o
 .text.LL_TIM_SetCounter
                0x0000000008002ce8       0x1c Core/Src/Hardware/buzzer.o
 .text.LL_TIM_SetAutoReload
                0x0000000008002d04       0x1c Core/Src/Hardware/buzzer.o
 .text.LL_TIM_CC_EnableChannel
                0x0000000008002d20       0x22 Core/Src/Hardware/buzzer.o
 .text.LL_TIM_OC_SetCompareCH4
                0x0000000008002d42       0x1c Core/Src/Hardware/buzzer.o
 .text.LL_TIM_EnableAllOutputs
                0x0000000008002d5e       0x20 Core/Src/Hardware/buzzer.o
 *fill*         0x0000000008002d7e        0x2 
 .text.enableMelody
                0x0000000008002d80       0x24 Core/Src/Hardware/buzzer.o
                0x0000000008002d80                enableMelody
 .text.stopMelody
                0x0000000008002da4       0x14 Core/Src/Hardware/buzzer.o
                0x0000000008002da4                stopMelody
 .text.Melody   0x0000000008002db8       0x58 Core/Src/Hardware/buzzer.o
                0x0000000008002db8                Melody
 .text.LL_TIM_EnableCounter
                0x0000000008002e10       0x20 Core/Src/Hardware/encoder.o
 .text.LL_TIM_DisableCounter
                0x0000000008002e30       0x20 Core/Src/Hardware/encoder.o
 .text.enableEncoder
                0x0000000008002e50       0x28 Core/Src/Hardware/encoder.o
                0x0000000008002e50                enableEncoder
 .text.disableEncoder
                0x0000000008002e78       0x1c Core/Src/Hardware/encoder.o
                0x0000000008002e78                disableEncoder
 .text.getEncoderData
                0x0000000008002e94       0x64 Core/Src/Hardware/encoder.o
                0x0000000008002e94                getEncoderData
 .text.FLASH_Lock
                0x0000000008002ef8       0x20 Core/Src/Hardware/flash.o
 .text.FLASH_Unlock
                0x0000000008002f18       0x28 Core/Src/Hardware/flash.o
 .text.FLASH_WaitBusy
                0x0000000008002f40       0x24 Core/Src/Hardware/flash.o
                0x0000000008002f40                FLASH_WaitBusy
 .text.FLASH_WriteByte
                0x0000000008002f64       0x50 Core/Src/Hardware/flash.o
                0x0000000008002f64                FLASH_WriteByte
 .text.FLASH_WriteData
                0x0000000008002fb4       0x34 Core/Src/Hardware/flash.o
                0x0000000008002fb4                FLASH_WriteData
 .text.FLASH_ReadData
                0x0000000008002fe8       0x24 Core/Src/Hardware/flash.o
                0x0000000008002fe8                FLASH_ReadData
 .text.FLASH_Erase
                0x000000000800300c       0x3c Core/Src/Hardware/flash.o
                0x000000000800300c                FLASH_Erase
 .text.setLED1State
                0x0000000008003048       0x34 Core/Src/Hardware/interface_LED.o
                0x0000000008003048                setLED1State
 .text.setLED2State
                0x000000000800307c       0x34 Core/Src/Hardware/interface_LED.o
                0x000000000800307c                setLED2State
 .text.setLED3State
                0x00000000080030b0       0x34 Core/Src/Hardware/interface_LED.o
                0x00000000080030b0                setLED3State
 .text.setLED4State
                0x00000000080030e4       0x30 Core/Src/Hardware/interface_LED.o
                0x00000000080030e4                setLED4State
 .text.setLED5State
                0x0000000008003114       0x30 Core/Src/Hardware/interface_LED.o
                0x0000000008003114                setLED5State
 .text.displayBinaryValueWithLEDs
                0x0000000008003144       0x58 Core/Src/Hardware/interface_LED.o
                0x0000000008003144                displayBinaryValueWithLEDs
 .text.LL_TIM_EnableCounter
                0x000000000800319c       0x20 Core/Src/Hardware/motor.o
 .text.LL_TIM_DisableCounter
                0x00000000080031bc       0x20 Core/Src/Hardware/motor.o
 .text.LL_TIM_SetCounter
                0x00000000080031dc       0x1c Core/Src/Hardware/motor.o
 .text.LL_TIM_CC_EnableChannel
                0x00000000080031f8       0x22 Core/Src/Hardware/motor.o
 .text.LL_TIM_CC_DisableChannel
                0x000000000800321a       0x24 Core/Src/Hardware/motor.o
 .text.LL_TIM_OC_SetCompareCH1
                0x000000000800323e       0x1c Core/Src/Hardware/motor.o
 .text.LL_TIM_OC_SetCompareCH2
                0x000000000800325a       0x1c Core/Src/Hardware/motor.o
 .text.LL_TIM_EnableAllOutputs
                0x0000000008003276       0x20 Core/Src/Hardware/motor.o
 .text.LL_GPIO_SetOutputPin
                0x0000000008003296       0x1c Core/Src/Hardware/motor.o
 .text.LL_GPIO_ResetOutputPin
                0x00000000080032b2       0x1e Core/Src/Hardware/motor.o
 .text.setMotorDriverState
                0x00000000080032d0       0x3c Core/Src/Hardware/motor.o
                0x00000000080032d0                setMotorDriverState
 .text.enableMotors
                0x000000000800330c       0x90 Core/Src/Hardware/motor.o
                0x000000000800330c                enableMotors
 .text.setMotorDirection
                0x000000000800339c       0x80 Core/Src/Hardware/motor.o
                0x000000000800339c                setMotorDirection
 .text.dutyConverter
                0x000000000800341c       0x6c Core/Src/Hardware/motor.o
                0x000000000800341c                dutyConverter
 .text.driveMotors
                0x0000000008003488       0xa4 Core/Src/Hardware/motor.o
                0x0000000008003488                driveMotors
 .text.shutdownMotors
                0x000000000800352c       0x44 Core/Src/Hardware/motor.o
                0x000000000800352c                shutdownMotors
 .text.LL_ADC_DMA_GetRegAddr
                0x0000000008003570       0x34 Core/Src/Hardware/wall_sensor.o
 .text.LL_ADC_Enable
                0x00000000080035a4       0x20 Core/Src/Hardware/wall_sensor.o
 .text.LL_ADC_REG_StartConversionSWStart
                0x00000000080035c4       0x20 Core/Src/Hardware/wall_sensor.o
 .text.LL_ADC_ClearFlag_EOCS
                0x00000000080035e4       0x1c Core/Src/Hardware/wall_sensor.o
 .text.LL_DMA_EnableStream
                0x0000000008003600       0x40 Core/Src/Hardware/wall_sensor.o
 .text.LL_DMA_DisableStream
                0x0000000008003640       0x40 Core/Src/Hardware/wall_sensor.o
 .text.LL_DMA_SetDataLength
                0x0000000008003680       0x48 Core/Src/Hardware/wall_sensor.o
 .text.LL_DMA_ConfigAddresses
                0x00000000080036c8       0x78 Core/Src/Hardware/wall_sensor.o
 .text.LL_DMA_EnableIT_TC
                0x0000000008003740       0x40 Core/Src/Hardware/wall_sensor.o
 .text.ADC1_Start_DMA2
                0x0000000008003780       0x54 Core/Src/Hardware/wall_sensor.o
                0x0000000008003780                ADC1_Start_DMA2
 .text.changeFrontCenterLED
                0x00000000080037d4       0x30 Core/Src/Hardware/wall_sensor.o
                0x00000000080037d4                changeFrontCenterLED
 .text.changeFrontRightLED
                0x0000000008003804       0x30 Core/Src/Hardware/wall_sensor.o
                0x0000000008003804                changeFrontRightLED
 .text.changeFrontLeftLED
                0x0000000008003834       0x30 Core/Src/Hardware/wall_sensor.o
                0x0000000008003834                changeFrontLeftLED
 .text.changeRightLED
                0x0000000008003864       0x30 Core/Src/Hardware/wall_sensor.o
                0x0000000008003864                changeRightLED
 .text.changeLeftLED
                0x0000000008003894       0x30 Core/Src/Hardware/wall_sensor.o
                0x0000000008003894                changeLeftLED
 .text.changeLEDs
                0x00000000080038c4       0x6c Core/Src/Hardware/wall_sensor.o
                0x00000000080038c4                changeLEDs
 .text.getWallADC
                0x0000000008003930       0x24 Core/Src/Hardware/wall_sensor.o
                0x0000000008003930                getWallADC
 .text.startADCwithDMA
                0x0000000008003954       0x24 Core/Src/Hardware/wall_sensor.o
                0x0000000008003954                startADCwithDMA
 .text.DMA_CallbackTask
                0x0000000008003978       0x18 Core/Src/Hardware/wall_sensor.o
                0x0000000008003978                DMA_CallbackTask
 .text.setControlFlags
                0x0000000008003990       0x74 Core/Src/System/flags.o
                0x0000000008003990                setControlFlags
 .text.setAccelFlags
                0x0000000008003a04       0x74 Core/Src/System/flags.o
                0x0000000008003a04                setAccelFlags
 .text.storeLog
                0x0000000008003a78      0x15c Core/Src/System/log.o
                0x0000000008003a78                storeLog
 .text.deleteWallMap
                0x0000000008003bd4       0xe4 Core/Src/System/map.o
                0x0000000008003bd4                deleteWallMap
 .text.updateWallMap
                0x0000000008003cb8      0x244 Core/Src/System/map.o
                0x0000000008003cb8                updateWallMap
 .text.makeStepMap
                0x0000000008003efc      0x264 Core/Src/System/map.o
                0x0000000008003efc                makeStepMap
 .text.MakeRoute_NESW
                0x0000000008004160      0x254 Core/Src/System/map.o
                0x0000000008004160                MakeRoute_NESW
 .text.ConfRoute_NESW
                0x00000000080043b4       0x50 Core/Src/System/map.o
                0x00000000080043b4                ConfRoute_NESW
 .text.advancePosition
                0x0000000008004404       0x6c Core/Src/System/map.o
                0x0000000008004404                advancePosition
 .text.changeDirection
                0x0000000008004470       0x38 Core/Src/System/map.o
                0x0000000008004470                changeDirection
 .text.setMapStruct
                0x00000000080044a8       0x52 Core/Src/System/map.o
                0x00000000080044a8                setMapStruct
 *fill*         0x00000000080044fa        0x2 
 .text.prepareMapForSearch
                0x00000000080044fc       0x64 Core/Src/System/map.o
                0x00000000080044fc                prepareMapForSearch
 .text.saveWallMap
                0x0000000008004560       0x5c Core/Src/System/map.o
                0x0000000008004560                saveWallMap
 .text.loadWallMap
                0x00000000080045bc       0x5c Core/Src/System/map.o
                0x00000000080045bc                loadWallMap
 .text.driveAccelMotion
                0x0000000008004618      0x1ac Core/Src/System/motion.o
                0x0000000008004618                driveAccelMotion
 .text.spinMotion
                0x00000000080047c4      0x1c4 Core/Src/System/motion.o
                0x00000000080047c4                spinMotion
 .text.slalomMotion
                0x0000000008004988      0x1fc Core/Src/System/motion.o
                0x0000000008004988                slalomMotion
 .text.moveHalfSectionAccel
                0x0000000008004b84       0x4c Core/Src/System/motion.o
                0x0000000008004b84                moveHalfSectionAccel
 .text.moveHalfSectionDecel
                0x0000000008004bd0       0x2c Core/Src/System/motion.o
                0x0000000008004bd0                moveHalfSectionDecel
 .text.moveOneSectionAccel
                0x0000000008004bfc       0x3c Core/Src/System/motion.o
                0x0000000008004bfc                moveOneSectionAccel
 .text.keepDistanceFromWall
                0x0000000008004c38       0x40 Core/Src/System/motion.o
                0x0000000008004c38                keepDistanceFromWall
 .text.spinRight180
                0x0000000008004c78       0x1c Core/Src/System/motion.o
                0x0000000008004c78                spinRight180
 .text.moveSlalomR90
                0x0000000008004c94       0x98 Core/Src/System/motion.o
                0x0000000008004c94                moveSlalomR90
 .text.moveSlalomL90
                0x0000000008004d2c       0x98 Core/Src/System/motion.o
                0x0000000008004d2c                moveSlalomL90
 .text.backMotion
                0x0000000008004dc4      0x118 Core/Src/System/motion.o
                0x0000000008004dc4                backMotion
 .text.MelodySummer
                0x0000000008004edc       0x5a Core/Src/System/music.o
                0x0000000008004edc                MelodySummer
 .text.MelodyRayearth
                0x0000000008004f36       0x46 Core/Src/System/music.o
                0x0000000008004f36                MelodyRayearth
 .text.MelodyGoal
                0x0000000008004f7c       0x2c Core/Src/System/music.o
                0x0000000008004f7c                MelodyGoal
 .text.MelodyUrara
                0x0000000008004fa8       0x94 Core/Src/System/music.o
                0x0000000008004fa8                MelodyUrara
 .text.MelodyMrLawrence
                0x000000000800503c       0xb0 Core/Src/System/music.o
                0x000000000800503c                MelodyMrLawrence
 .text.MelodyNatsumatsuri
                0x00000000080050ec       0x58 Core/Src/System/music.o
                0x00000000080050ec                MelodyNatsumatsuri
 .text.MelodyYamato
                0x0000000008005144       0x64 Core/Src/System/music.o
                0x0000000008005144                MelodyYamato
 .text.getEncoderVelocity
                0x00000000080051a8       0x30 Core/Src/System/sensing.o
                0x00000000080051a8                getEncoderVelocity
 .text.getCenterMileage
                0x00000000080051d8       0xb4 Core/Src/System/sensing.o
                0x00000000080051d8                getCenterMileage
 .text.addAngle
                0x000000000800528c       0x38 Core/Src/System/sensing.o
                0x000000000800528c                addAngle
 .text.getCenterVelocity
                0x00000000080052c4       0x3c Core/Src/System/sensing.o
                0x00000000080052c4                getCenterVelocity
 .text.getOmega
                0x0000000008005300       0x1c Core/Src/System/sensing.o
                0x0000000008005300                getOmega
 .text.getAccel
                0x000000000800531c       0xcc Core/Src/System/sensing.o
                0x000000000800531c                getAccel
 .text.getWallSensorOffset
                0x00000000080053e8       0x7c Core/Src/System/sensing.o
                0x00000000080053e8                getWallSensorOffset
 .text.getWallSensor
                0x0000000008005464       0x94 Core/Src/System/sensing.o
                0x0000000008005464                getWallSensor
 .text.getOmegaOffset
                0x00000000080054f8       0x68 Core/Src/System/sensing.o
                0x00000000080054f8                getOmegaOffset
 .text.getAccelOffset
                0x0000000008005560       0x68 Core/Src/System/sensing.o
                0x0000000008005560                getAccelOffset
 .text.getWallInfo
                0x00000000080055c8       0x54 Core/Src/System/sensing.o
                0x00000000080055c8                getWallInfo
 .text.filterWallSensors
                0x000000000800561c      0x108 Core/Src/System/sensing.o
                0x000000000800561c                filterWallSensors
 .text.initSensors
                0x0000000008005724       0x24 Core/Src/System/sensing.o
                0x0000000008005724                initSensors
 .text.updateSensors
                0x0000000008005748       0xc0 Core/Src/System/sensing.o
                0x0000000008005748                updateSensors
 .text.getOffsets
                0x0000000008005808       0x30 Core/Src/System/sensing.o
                0x0000000008005808                getOffsets
 .text.LL_ADC_REG_SetSequencerRanks
                0x0000000008005838       0x6c Core/Src/adc.o
 .text.LL_ADC_REG_SetFlagEndOfConversion
                0x00000000080058a4       0x26 Core/Src/adc.o
 .text.LL_ADC_SetChannelSamplingTime
                0x00000000080058ca       0x98 Core/Src/adc.o
 *fill*         0x0000000008005962        0x2 
 .text.LL_DMA_SetDataTransferDirection
                0x0000000008005964       0x48 Core/Src/adc.o
 .text.LL_DMA_SetMode
                0x00000000080059ac       0x48 Core/Src/adc.o
 .text.LL_DMA_SetPeriphIncMode
                0x00000000080059f4       0x48 Core/Src/adc.o
 .text.LL_DMA_SetMemoryIncMode
                0x0000000008005a3c       0x48 Core/Src/adc.o
 .text.LL_DMA_SetPeriphSize
                0x0000000008005a84       0x48 Core/Src/adc.o
 .text.LL_DMA_SetMemorySize
                0x0000000008005acc       0x48 Core/Src/adc.o
 .text.LL_DMA_SetStreamPriorityLevel
                0x0000000008005b14       0x48 Core/Src/adc.o
 .text.LL_DMA_SetChannelSelection
                0x0000000008005b5c       0x48 Core/Src/adc.o
 .text.LL_DMA_DisableFifoMode
                0x0000000008005ba4       0x40 Core/Src/adc.o
 .text.LL_AHB1_GRP1_EnableClock
                0x0000000008005be4       0x30 Core/Src/adc.o
 .text.LL_APB2_GRP1_EnableClock
                0x0000000008005c14       0x30 Core/Src/adc.o
 .text.MX_ADC1_Init
                0x0000000008005c44      0x1b8 Core/Src/adc.o
                0x0000000008005c44                MX_ADC1_Init
 .text.__NVIC_GetPriorityGrouping
                0x0000000008005dfc       0x1c Core/Src/dma.o
 .text.__NVIC_EnableIRQ
                0x0000000008005e18       0x3c Core/Src/dma.o
 .text.__NVIC_SetPriority
                0x0000000008005e54       0x54 Core/Src/dma.o
 .text.NVIC_EncodePriority
                0x0000000008005ea8       0x66 Core/Src/dma.o
 *fill*         0x0000000008005f0e        0x2 
 .text.LL_AHB1_GRP1_EnableClock
                0x0000000008005f10       0x30 Core/Src/dma.o
 .text.MX_DMA_Init
                0x0000000008005f40       0x30 Core/Src/dma.o
                0x0000000008005f40                MX_DMA_Init
 .text.LL_AHB1_GRP1_EnableClock
                0x0000000008005f70       0x30 Core/Src/gpio.o
 .text.LL_GPIO_ResetOutputPin
                0x0000000008005fa0       0x1e Core/Src/gpio.o
 *fill*         0x0000000008005fbe        0x2 
 .text.MX_GPIO_Init
                0x0000000008005fc0      0x11c Core/Src/gpio.o
                0x0000000008005fc0                MX_GPIO_Init
 .text.__NVIC_SetPriorityGrouping
                0x00000000080060dc       0x48 Core/Src/main.o
 .text.LL_RCC_HSI_Enable
                0x0000000008006124       0x20 Core/Src/main.o
 .text.LL_RCC_HSI_IsReady
                0x0000000008006144       0x24 Core/Src/main.o
 .text.LL_RCC_HSI_SetCalibTrimming
                0x0000000008006168       0x2c Core/Src/main.o
 .text.LL_RCC_SetSysClkSource
                0x0000000008006194       0x28 Core/Src/main.o
 .text.LL_RCC_GetSysClkSource
                0x00000000080061bc       0x1c Core/Src/main.o
 .text.LL_RCC_SetAHBPrescaler
                0x00000000080061d8       0x28 Core/Src/main.o
 .text.LL_RCC_SetAPB1Prescaler
                0x0000000008006200       0x28 Core/Src/main.o
 .text.LL_RCC_SetAPB2Prescaler
                0x0000000008006228       0x28 Core/Src/main.o
 .text.LL_RCC_PLL_Enable
                0x0000000008006250       0x20 Core/Src/main.o
 .text.LL_RCC_PLL_IsReady
                0x0000000008006270       0x28 Core/Src/main.o
 .text.LL_RCC_PLL_ConfigDomain_SYS
                0x0000000008006298       0x4c Core/Src/main.o
 .text.LL_APB1_GRP1_EnableClock
                0x00000000080062e4       0x30 Core/Src/main.o
 .text.LL_APB2_GRP1_EnableClock
                0x0000000008006314       0x30 Core/Src/main.o
 .text.LL_FLASH_SetLatency
                0x0000000008006344       0x28 Core/Src/main.o
 .text.LL_FLASH_GetLatency
                0x000000000800636c       0x1c Core/Src/main.o
 .text.LL_PWR_SetRegulVoltageScaling
                0x0000000008006388       0x28 Core/Src/main.o
 .text.LL_USART_IsActiveFlag_TXE
                0x00000000080063b0       0x26 Core/Src/main.o
 .text.LL_USART_TransmitData8
                0x00000000080063d6       0x1e Core/Src/main.o
 .text.__io_putchar
                0x00000000080063f4       0x54 Core/Src/main.o
                0x00000000080063f4                __io_putchar
 .text.main     0x0000000008006448      0x3e0 Core/Src/main.o
                0x0000000008006448                main
 .text.SystemClock_Config
                0x0000000008006828       0x8c Core/Src/main.o
                0x0000000008006828                SystemClock_Config
 .text.LL_AHB1_GRP1_EnableClock
                0x00000000080068b4       0x30 Core/Src/spi.o
 .text.LL_APB1_GRP1_EnableClock
                0x00000000080068e4       0x30 Core/Src/spi.o
 .text.LL_SPI_SetStandard
                0x0000000008006914       0x26 Core/Src/spi.o
 *fill*         0x000000000800693a        0x2 
 .text.MX_SPI3_Init
                0x000000000800693c       0xa8 Core/Src/spi.o
                0x000000000800693c                MX_SPI3_Init
 .text.LL_DMA_IsActiveFlag_TC0
                0x00000000080069e4       0x26 Core/Src/stm32f4xx_it.o
 .text.LL_DMA_ClearFlag_TC0
                0x0000000008006a0a       0x1a Core/Src/stm32f4xx_it.o
 .text.LL_TIM_ClearFlag_UPDATE
                0x0000000008006a24       0x1c Core/Src/stm32f4xx_it.o
 .text.LL_TIM_IsActiveFlag_UPDATE
                0x0000000008006a40       0x26 Core/Src/stm32f4xx_it.o
 .text.NMI_Handler
                0x0000000008006a66        0x6 Core/Src/stm32f4xx_it.o
                0x0000000008006a66                NMI_Handler
 .text.HardFault_Handler
                0x0000000008006a6c        0x6 Core/Src/stm32f4xx_it.o
                0x0000000008006a6c                HardFault_Handler
 .text.MemManage_Handler
                0x0000000008006a72        0x6 Core/Src/stm32f4xx_it.o
                0x0000000008006a72                MemManage_Handler
 .text.BusFault_Handler
                0x0000000008006a78        0x6 Core/Src/stm32f4xx_it.o
                0x0000000008006a78                BusFault_Handler
 .text.UsageFault_Handler
                0x0000000008006a7e        0x6 Core/Src/stm32f4xx_it.o
                0x0000000008006a7e                UsageFault_Handler
 .text.SVC_Handler
                0x0000000008006a84        0xe Core/Src/stm32f4xx_it.o
                0x0000000008006a84                SVC_Handler
 .text.DebugMon_Handler
                0x0000000008006a92        0xe Core/Src/stm32f4xx_it.o
                0x0000000008006a92                DebugMon_Handler
 .text.PendSV_Handler
                0x0000000008006aa0        0xe Core/Src/stm32f4xx_it.o
                0x0000000008006aa0                PendSV_Handler
 .text.SysTick_Handler
                0x0000000008006aae        0xe Core/Src/stm32f4xx_it.o
                0x0000000008006aae                SysTick_Handler
 .text.TIM5_IRQHandler
                0x0000000008006abc       0x24 Core/Src/stm32f4xx_it.o
                0x0000000008006abc                TIM5_IRQHandler
 .text.DMA2_Stream0_IRQHandler
                0x0000000008006ae0       0x24 Core/Src/stm32f4xx_it.o
                0x0000000008006ae0                DMA2_Stream0_IRQHandler
 .text._getpid  0x0000000008006b04       0x10 Core/Src/syscalls.o
                0x0000000008006b04                _getpid
 .text._kill    0x0000000008006b14       0x20 Core/Src/syscalls.o
                0x0000000008006b14                _kill
 .text._exit    0x0000000008006b34       0x14 Core/Src/syscalls.o
                0x0000000008006b34                _exit
 .text._read    0x0000000008006b48       0x3a Core/Src/syscalls.o
                0x0000000008006b48                _read
 .text._write   0x0000000008006b82       0x38 Core/Src/syscalls.o
                0x0000000008006b82                _write
 .text._close   0x0000000008006bba       0x18 Core/Src/syscalls.o
                0x0000000008006bba                _close
 .text._fstat   0x0000000008006bd2       0x20 Core/Src/syscalls.o
                0x0000000008006bd2                _fstat
 .text._isatty  0x0000000008006bf2       0x16 Core/Src/syscalls.o
                0x0000000008006bf2                _isatty
 .text._lseek   0x0000000008006c08       0x1a Core/Src/syscalls.o
                0x0000000008006c08                _lseek
 *fill*         0x0000000008006c22        0x2 
 .text._sbrk    0x0000000008006c24       0x6c Core/Src/sysmem.o
                0x0000000008006c24                _sbrk
 .text.SystemInit
                0x0000000008006c90       0x2c Core/Src/system_stm32f4xx.o
                0x0000000008006c90                SystemInit
 .text.__NVIC_GetPriorityGrouping
                0x0000000008006cbc       0x1c Core/Src/tim.o
 .text.__NVIC_EnableIRQ
                0x0000000008006cd8       0x3c Core/Src/tim.o
 .text.__NVIC_SetPriority
                0x0000000008006d14       0x54 Core/Src/tim.o
 .text.NVIC_EncodePriority
                0x0000000008006d68       0x66 Core/Src/tim.o
 *fill*         0x0000000008006dce        0x2 
 .text.LL_AHB1_GRP1_EnableClock
                0x0000000008006dd0       0x30 Core/Src/tim.o
 .text.LL_APB1_GRP1_EnableClock
                0x0000000008006e00       0x30 Core/Src/tim.o
 .text.LL_APB2_GRP1_EnableClock
                0x0000000008006e30       0x30 Core/Src/tim.o
 .text.LL_TIM_EnableARRPreload
                0x0000000008006e60       0x20 Core/Src/tim.o
 .text.LL_TIM_DisableARRPreload
                0x0000000008006e80       0x20 Core/Src/tim.o
 .text.LL_TIM_OC_DisableFast
                0x0000000008006ea0       0x8c Core/Src/tim.o
 .text.LL_TIM_OC_EnablePreload
                0x0000000008006f2c       0x88 Core/Src/tim.o
 .text.LL_TIM_IC_SetActiveInput
                0x0000000008006fb4       0x9c Core/Src/tim.o
 .text.LL_TIM_IC_SetPrescaler
                0x0000000008007050       0x9c Core/Src/tim.o
 .text.LL_TIM_IC_SetFilter
                0x00000000080070ec       0x9c Core/Src/tim.o
 .text.LL_TIM_IC_SetPolarity
                0x0000000008007188       0x88 Core/Src/tim.o
 .text.LL_TIM_SetClockSource
                0x0000000008007210       0x2a Core/Src/tim.o
 .text.LL_TIM_SetEncoderMode
                0x000000000800723a       0x26 Core/Src/tim.o
 .text.LL_TIM_SetTriggerOutput
                0x0000000008007260       0x26 Core/Src/tim.o
 .text.LL_TIM_DisableMasterSlaveMode
                0x0000000008007286       0x20 Core/Src/tim.o
 *fill*         0x00000000080072a6        0x2 
 .text.MX_TIM1_Init
                0x00000000080072a8      0x130 Core/Src/tim.o
                0x00000000080072a8                MX_TIM1_Init
 .text.MX_TIM2_Init
                0x00000000080073d8       0xe8 Core/Src/tim.o
                0x00000000080073d8                MX_TIM2_Init
 .text.MX_TIM3_Init
                0x00000000080074c0       0xf4 Core/Src/tim.o
                0x00000000080074c0                MX_TIM3_Init
 .text.MX_TIM4_Init
                0x00000000080075b4       0xf4 Core/Src/tim.o
                0x00000000080075b4                MX_TIM4_Init
 .text.MX_TIM5_Init
                0x00000000080076a8       0x80 Core/Src/tim.o
                0x00000000080076a8                MX_TIM5_Init
 .text.MX_TIM6_Init
                0x0000000008007728       0x54 Core/Src/tim.o
                0x0000000008007728                MX_TIM6_Init
 .text.MX_TIM8_Init
                0x000000000800777c      0x134 Core/Src/tim.o
                0x000000000800777c                MX_TIM8_Init
 .text.MX_TIM11_Init
                0x00000000080078b0       0xcc Core/Src/tim.o
                0x00000000080078b0                MX_TIM11_Init
 .text.LL_AHB1_GRP1_EnableClock
                0x000000000800797c       0x30 Core/Src/usart.o
 .text.LL_APB2_GRP1_EnableClock
                0x00000000080079ac       0x30 Core/Src/usart.o
 .text.LL_USART_Enable
                0x00000000080079dc       0x20 Core/Src/usart.o
 .text.LL_USART_ConfigAsyncMode
                0x00000000080079fc       0x2c Core/Src/usart.o
 .text.MX_USART1_UART_Init
                0x0000000008007a28       0xa0 Core/Src/usart.o
                0x0000000008007a28                MX_USART1_UART_Init
 .text.Reset_Handler
                0x0000000008007ac8       0x50 Core/Startup/startup_stm32f405rgtx.o
                0x0000000008007ac8                Reset_Handler
 .text.Default_Handler
                0x0000000008007b18        0x2 Core/Startup/startup_stm32f405rgtx.o
                0x0000000008007b18                RTC_Alarm_IRQHandler
                0x0000000008007b18                HASH_RNG_IRQHandler
                0x0000000008007b18                EXTI2_IRQHandler
                0x0000000008007b18                TIM8_CC_IRQHandler
                0x0000000008007b18                TIM1_CC_IRQHandler
                0x0000000008007b18                DMA2_Stream5_IRQHandler
                0x0000000008007b18                DMA1_Stream5_IRQHandler
                0x0000000008007b18                PVD_IRQHandler
                0x0000000008007b18                SDIO_IRQHandler
                0x0000000008007b18                TAMP_STAMP_IRQHandler
                0x0000000008007b18                CAN2_RX1_IRQHandler
                0x0000000008007b18                EXTI3_IRQHandler
                0x0000000008007b18                TIM8_TRG_COM_TIM14_IRQHandler
                0x0000000008007b18                TIM1_UP_TIM10_IRQHandler
                0x0000000008007b18                TIM8_UP_TIM13_IRQHandler
                0x0000000008007b18                I2C3_ER_IRQHandler
                0x0000000008007b18                EXTI0_IRQHandler
                0x0000000008007b18                I2C2_EV_IRQHandler
                0x0000000008007b18                DMA1_Stream2_IRQHandler
                0x0000000008007b18                CAN1_RX0_IRQHandler
                0x0000000008007b18                FPU_IRQHandler
                0x0000000008007b18                OTG_HS_WKUP_IRQHandler
                0x0000000008007b18                CAN2_SCE_IRQHandler
                0x0000000008007b18                DMA2_Stream2_IRQHandler
                0x0000000008007b18                SPI1_IRQHandler
                0x0000000008007b18                TIM6_DAC_IRQHandler
                0x0000000008007b18                TIM1_BRK_TIM9_IRQHandler
                0x0000000008007b18                CAN2_RX0_IRQHandler
                0x0000000008007b18                DMA2_Stream3_IRQHandler
                0x0000000008007b18                USART6_IRQHandler
                0x0000000008007b18                USART3_IRQHandler
                0x0000000008007b18                CAN1_RX1_IRQHandler
                0x0000000008007b18                UART5_IRQHandler
                0x0000000008007b18                TIM4_IRQHandler
                0x0000000008007b18                I2C1_EV_IRQHandler
                0x0000000008007b18                DMA1_Stream6_IRQHandler
                0x0000000008007b18                DMA1_Stream1_IRQHandler
                0x0000000008007b18                UART4_IRQHandler
                0x0000000008007b18                TIM3_IRQHandler
                0x0000000008007b18                RCC_IRQHandler
                0x0000000008007b18                TIM8_BRK_TIM12_IRQHandler
                0x0000000008007b18                Default_Handler
                0x0000000008007b18                EXTI15_10_IRQHandler
                0x0000000008007b18                ADC_IRQHandler
                0x0000000008007b18                DMA1_Stream7_IRQHandler
                0x0000000008007b18                TIM7_IRQHandler
                0x0000000008007b18                CAN2_TX_IRQHandler
                0x0000000008007b18                DMA2_Stream7_IRQHandler
                0x0000000008007b18                I2C3_EV_IRQHandler
                0x0000000008007b18                EXTI9_5_IRQHandler
                0x0000000008007b18                RTC_WKUP_IRQHandler
                0x0000000008007b18                SPI2_IRQHandler
                0x0000000008007b18                OTG_HS_EP1_IN_IRQHandler
                0x0000000008007b18                DMA1_Stream0_IRQHandler
                0x0000000008007b18                CAN1_TX_IRQHandler
                0x0000000008007b18                EXTI4_IRQHandler
                0x0000000008007b18                FSMC_IRQHandler
                0x0000000008007b18                OTG_HS_EP1_OUT_IRQHandler
                0x0000000008007b18                WWDG_IRQHandler
                0x0000000008007b18                TIM2_IRQHandler
                0x0000000008007b18                OTG_FS_WKUP_IRQHandler
                0x0000000008007b18                TIM1_TRG_COM_TIM11_IRQHandler
                0x0000000008007b18                OTG_HS_IRQHandler
                0x0000000008007b18                EXTI1_IRQHandler
                0x0000000008007b18                USART2_IRQHandler
                0x0000000008007b18                I2C2_ER_IRQHandler
                0x0000000008007b18                DMA2_Stream1_IRQHandler
                0x0000000008007b18                CAN1_SCE_IRQHandler
                0x0000000008007b18                FLASH_IRQHandler
                0x0000000008007b18                DMA2_Stream4_IRQHandler
                0x0000000008007b18                USART1_IRQHandler
                0x0000000008007b18                OTG_FS_IRQHandler
                0x0000000008007b18                SPI3_IRQHandler
                0x0000000008007b18                DMA1_Stream4_IRQHandler
                0x0000000008007b18                I2C1_ER_IRQHandler
                0x0000000008007b18                DMA2_Stream6_IRQHandler
                0x0000000008007b18                DMA1_Stream3_IRQHandler
 .text.LL_ADC_REG_SetSequencerLength
                0x0000000008007b1a       0x26 Drivers/STM32F4xx_HAL_Driver/Src/stm32f4xx_ll_adc.o
 .text.LL_ADC_IsEnabled
                0x0000000008007b40       0x26 Drivers/STM32F4xx_HAL_Driver/Src/stm32f4xx_ll_adc.o
 *fill*         0x0000000008007b66        0x2 
 .text.LL_ADC_CommonInit
                0x0000000008007b68       0x90 Drivers/STM32F4xx_HAL_Driver/Src/stm32f4xx_ll_adc.o
                0x0000000008007b68                LL_ADC_CommonInit
 .text.LL_ADC_Init
                0x0000000008007bf8       0x58 Drivers/STM32F4xx_HAL_Driver/Src/stm32f4xx_ll_adc.o
                0x0000000008007bf8                LL_ADC_Init
 .text.LL_ADC_REG_Init
                0x0000000008007c50       0x84 Drivers/STM32F4xx_HAL_Driver/Src/stm32f4xx_ll_adc.o
                0x0000000008007c50                LL_ADC_REG_Init
 .text.LL_GPIO_SetPinMode
                0x0000000008007cd4       0x5e Drivers/STM32F4xx_HAL_Driver/Src/stm32f4xx_ll_gpio.o
 .text.LL_GPIO_SetPinOutputType
                0x0000000008007d32       0x30 Drivers/STM32F4xx_HAL_Driver/Src/stm32f4xx_ll_gpio.o
 .text.LL_GPIO_SetPinSpeed
                0x0000000008007d62       0x5e Drivers/STM32F4xx_HAL_Driver/Src/stm32f4xx_ll_gpio.o
 .text.LL_GPIO_SetPinPull
                0x0000000008007dc0       0x5e Drivers/STM32F4xx_HAL_Driver/Src/stm32f4xx_ll_gpio.o
 .text.LL_GPIO_SetAFPin_0_7
                0x0000000008007e1e       0x5e Drivers/STM32F4xx_HAL_Driver/Src/stm32f4xx_ll_gpio.o
 .text.LL_GPIO_SetAFPin_8_15
                0x0000000008007e7c       0x62 Drivers/STM32F4xx_HAL_Driver/Src/stm32f4xx_ll_gpio.o
 .text.LL_GPIO_Init
                0x0000000008007ede       0xe6 Drivers/STM32F4xx_HAL_Driver/Src/stm32f4xx_ll_gpio.o
                0x0000000008007ede                LL_GPIO_Init
 .text.LL_RCC_GetSysClkSource
                0x0000000008007fc4       0x1c Drivers/STM32F4xx_HAL_Driver/Src/stm32f4xx_ll_rcc.o
 .text.LL_RCC_GetAHBPrescaler
                0x0000000008007fe0       0x1c Drivers/STM32F4xx_HAL_Driver/Src/stm32f4xx_ll_rcc.o
 .text.LL_RCC_GetAPB1Prescaler
                0x0000000008007ffc       0x1c Drivers/STM32F4xx_HAL_Driver/Src/stm32f4xx_ll_rcc.o
 .text.LL_RCC_GetAPB2Prescaler
                0x0000000008008018       0x1c Drivers/STM32F4xx_HAL_Driver/Src/stm32f4xx_ll_rcc.o
 .text.LL_RCC_PLL_GetMainSource
                0x0000000008008034       0x1c Drivers/STM32F4xx_HAL_Driver/Src/stm32f4xx_ll_rcc.o
 .text.LL_RCC_PLL_GetN
                0x0000000008008050       0x1c Drivers/STM32F4xx_HAL_Driver/Src/stm32f4xx_ll_rcc.o
 .text.LL_RCC_PLL_GetP
                0x000000000800806c       0x1c Drivers/STM32F4xx_HAL_Driver/Src/stm32f4xx_ll_rcc.o
 .text.LL_RCC_PLL_GetDivider
                0x0000000008008088       0x1c Drivers/STM32F4xx_HAL_Driver/Src/stm32f4xx_ll_rcc.o
 .text.LL_RCC_GetSystemClocksFreq
                0x00000000080080a4       0x4a Drivers/STM32F4xx_HAL_Driver/Src/stm32f4xx_ll_rcc.o
                0x00000000080080a4                LL_RCC_GetSystemClocksFreq
 *fill*         0x00000000080080ee        0x2 
 .text.RCC_GetSystemClockFreq
                0x00000000080080f0       0x50 Drivers/STM32F4xx_HAL_Driver/Src/stm32f4xx_ll_rcc.o
                0x00000000080080f0                RCC_GetSystemClockFreq
 .text.RCC_GetHCLKClockFreq
                0x0000000008008140       0x2c Drivers/STM32F4xx_HAL_Driver/Src/stm32f4xx_ll_rcc.o
                0x0000000008008140                RCC_GetHCLKClockFreq
 .text.RCC_GetPCLK1ClockFreq
                0x000000000800816c       0x28 Drivers/STM32F4xx_HAL_Driver/Src/stm32f4xx_ll_rcc.o
                0x000000000800816c                RCC_GetPCLK1ClockFreq
 .text.RCC_GetPCLK2ClockFreq
                0x0000000008008194       0x28 Drivers/STM32F4xx_HAL_Driver/Src/stm32f4xx_ll_rcc.o
                0x0000000008008194                RCC_GetPCLK2ClockFreq
 .text.RCC_PLL_GetFreqDomain_SYS
                0x00000000080081bc       0x7c Drivers/STM32F4xx_HAL_Driver/Src/stm32f4xx_ll_rcc.o
                0x00000000080081bc                RCC_PLL_GetFreqDomain_SYS
 .text.LL_SPI_IsEnabled
                0x0000000008008238       0x26 Drivers/STM32F4xx_HAL_Driver/Src/stm32f4xx_ll_spi.o
 .text.LL_SPI_SetCRCPolynomial
                0x000000000800825e       0x20 Drivers/STM32F4xx_HAL_Driver/Src/stm32f4xx_ll_spi.o
 .text.LL_SPI_Init
                0x000000000800827e       0xa4 Drivers/STM32F4xx_HAL_Driver/Src/stm32f4xx_ll_spi.o
                0x000000000800827e                LL_SPI_Init
 .text.LL_TIM_SetPrescaler
                0x0000000008008322       0x1c Drivers/STM32F4xx_HAL_Driver/Src/stm32f4xx_ll_tim.o
 .text.LL_TIM_SetAutoReload
                0x000000000800833e       0x1c Drivers/STM32F4xx_HAL_Driver/Src/stm32f4xx_ll_tim.o
 .text.LL_TIM_SetRepetitionCounter
                0x000000000800835a       0x1c Drivers/STM32F4xx_HAL_Driver/Src/stm32f4xx_ll_tim.o
 .text.LL_TIM_OC_SetCompareCH1
                0x0000000008008376       0x1c Drivers/STM32F4xx_HAL_Driver/Src/stm32f4xx_ll_tim.o
 .text.LL_TIM_OC_SetCompareCH2
                0x0000000008008392       0x1c Drivers/STM32F4xx_HAL_Driver/Src/stm32f4xx_ll_tim.o
 .text.LL_TIM_OC_SetCompareCH3
                0x00000000080083ae       0x1c Drivers/STM32F4xx_HAL_Driver/Src/stm32f4xx_ll_tim.o
 .text.LL_TIM_OC_SetCompareCH4
                0x00000000080083ca       0x1c Drivers/STM32F4xx_HAL_Driver/Src/stm32f4xx_ll_tim.o
 .text.LL_TIM_GenerateEvent_UPDATE
                0x00000000080083e6       0x20 Drivers/STM32F4xx_HAL_Driver/Src/stm32f4xx_ll_tim.o
 *fill*         0x0000000008008406        0x2 
 .text.LL_TIM_Init
                0x0000000008008408      0x134 Drivers/STM32F4xx_HAL_Driver/Src/stm32f4xx_ll_tim.o
                0x0000000008008408                LL_TIM_Init
 .text.LL_TIM_OC_Init
                0x000000000800853c       0x82 Drivers/STM32F4xx_HAL_Driver/Src/stm32f4xx_ll_tim.o
                0x000000000800853c                LL_TIM_OC_Init
 .text.LL_TIM_BDTR_Init
                0x00000000080085be       0x92 Drivers/STM32F4xx_HAL_Driver/Src/stm32f4xx_ll_tim.o
                0x00000000080085be                LL_TIM_BDTR_Init
 .text.OC1Config
                0x0000000008008650       0xd8 Drivers/STM32F4xx_HAL_Driver/Src/stm32f4xx_ll_tim.o
 .text.OC2Config
                0x0000000008008728       0xe0 Drivers/STM32F4xx_HAL_Driver/Src/stm32f4xx_ll_tim.o
 .text.OC3Config
                0x0000000008008808       0xe0 Drivers/STM32F4xx_HAL_Driver/Src/stm32f4xx_ll_tim.o
 .text.OC4Config
                0x00000000080088e8       0xb0 Drivers/STM32F4xx_HAL_Driver/Src/stm32f4xx_ll_tim.o
 .text.LL_USART_IsEnabled
                0x0000000008008998       0x28 Drivers/STM32F4xx_HAL_Driver/Src/stm32f4xx_ll_usart.o
 .text.LL_USART_SetStopBitsLength
                0x00000000080089c0       0x26 Drivers/STM32F4xx_HAL_Driver/Src/stm32f4xx_ll_usart.o
 .text.LL_USART_SetHWFlowCtrl
                0x00000000080089e6       0x26 Drivers/STM32F4xx_HAL_Driver/Src/stm32f4xx_ll_usart.o
 .text.LL_USART_SetBaudRate
                0x0000000008008a0c      0x320 Drivers/STM32F4xx_HAL_Driver/Src/stm32f4xx_ll_usart.o
 .text.LL_USART_Init
                0x0000000008008d2c      0x100 Drivers/STM32F4xx_HAL_Driver/Src/stm32f4xx_ll_usart.o
                0x0000000008008d2c                LL_USART_Init
 .text.LL_InitTick
                0x0000000008008e2c       0x34 Drivers/STM32F4xx_HAL_Driver/Src/stm32f4xx_ll_utils.o
 .text.LL_Init1msTick
                0x0000000008008e60       0x1a Drivers/STM32F4xx_HAL_Driver/Src/stm32f4xx_ll_utils.o
                0x0000000008008e60                LL_Init1msTick
 *fill*         0x0000000008008e7a        0x2 
 .text.LL_mDelay
                0x0000000008008e7c       0x4c Drivers/STM32F4xx_HAL_Driver/Src/stm32f4xx_ll_utils.o
                0x0000000008008e7c                LL_mDelay
 .text.LL_SetSystemCoreClock
                0x0000000008008ec8       0x20 Drivers/STM32F4xx_HAL_Driver/Src/stm32f4xx_ll_utils.o
                0x0000000008008ec8                LL_SetSystemCoreClock
 .text.__errno  0x0000000008008ee8        0xc c:/st/stm32cubeide_1.0.2/stm32cubeide/plugins/com.st.stm32cube.ide.mcu.externaltools.gnu-tools-for-stm32.9-2020-q2-update.win32_1.5.0.202011040924/tools/bin/../lib/gcc/arm-none-eabi/9.3.1/../../../../arm-none-eabi/lib/thumb/v7e-m+fp/hard\libc_nano.a(lib_a-errno.o)
                0x0000000008008ee8                __errno
 .text.__libc_init_array
                0x0000000008008ef4       0x48 c:/st/stm32cubeide_1.0.2/stm32cubeide/plugins/com.st.stm32cube.ide.mcu.externaltools.gnu-tools-for-stm32.9-2020-q2-update.win32_1.5.0.202011040924/tools/bin/../lib/gcc/arm-none-eabi/9.3.1/../../../../arm-none-eabi/lib/thumb/v7e-m+fp/hard\libc_nano.a(lib_a-init.o)
                0x0000000008008ef4                __libc_init_array
 .text.memset   0x0000000008008f3c       0x10 c:/st/stm32cubeide_1.0.2/stm32cubeide/plugins/com.st.stm32cube.ide.mcu.externaltools.gnu-tools-for-stm32.9-2020-q2-update.win32_1.5.0.202011040924/tools/bin/../lib/gcc/arm-none-eabi/9.3.1/../../../../arm-none-eabi/lib/thumb/v7e-m+fp/hard\libc_nano.a(lib_a-memset.o)
                0x0000000008008f3c                memset
 .text.__cvt    0x0000000008008f4c       0xc4 c:/st/stm32cubeide_1.0.2/stm32cubeide/plugins/com.st.stm32cube.ide.mcu.externaltools.gnu-tools-for-stm32.9-2020-q2-update.win32_1.5.0.202011040924/tools/bin/../lib/gcc/arm-none-eabi/9.3.1/../../../../arm-none-eabi/lib/thumb/v7e-m+fp/hard\libc_nano.a(lib_a-nano-vfprintf_float.o)
                0x0000000008008f4c                __cvt
 .text.__exponent
                0x0000000008009010       0x7c c:/st/stm32cubeide_1.0.2/stm32cubeide/plugins/com.st.stm32cube.ide.mcu.externaltools.gnu-tools-for-stm32.9-2020-q2-update.win32_1.5.0.202011040924/tools/bin/../lib/gcc/arm-none-eabi/9.3.1/../../../../arm-none-eabi/lib/thumb/v7e-m+fp/hard\libc_nano.a(lib_a-nano-vfprintf_float.o)
                0x0000000008009010                __exponent
 .text._printf_float
                0x000000000800908c      0x46c c:/st/stm32cubeide_1.0.2/stm32cubeide/plugins/com.st.stm32cube.ide.mcu.externaltools.gnu-tools-for-stm32.9-2020-q2-update.win32_1.5.0.202011040924/tools/bin/../lib/gcc/arm-none-eabi/9.3.1/../../../../arm-none-eabi/lib/thumb/v7e-m+fp/hard\libc_nano.a(lib_a-nano-vfprintf_float.o)
                0x000000000800908c                _printf_float
 .text._printf_common
                0x00000000080094f8       0xda c:/st/stm32cubeide_1.0.2/stm32cubeide/plugins/com.st.stm32cube.ide.mcu.externaltools.gnu-tools-for-stm32.9-2020-q2-update.win32_1.5.0.202011040924/tools/bin/../lib/gcc/arm-none-eabi/9.3.1/../../../../arm-none-eabi/lib/thumb/v7e-m+fp/hard\libc_nano.a(lib_a-nano-vfprintf_i.o)
                0x00000000080094f8                _printf_common
 *fill*         0x00000000080095d2        0x2 
 .text._printf_i
                0x00000000080095d4      0x24c c:/st/stm32cubeide_1.0.2/stm32cubeide/plugins/com.st.stm32cube.ide.mcu.externaltools.gnu-tools-for-stm32.9-2020-q2-update.win32_1.5.0.202011040924/tools/bin/../lib/gcc/arm-none-eabi/9.3.1/../../../../arm-none-eabi/lib/thumb/v7e-m+fp/hard\libc_nano.a(lib_a-nano-vfprintf_i.o)
                0x00000000080095d4                _printf_i
 .text.printf   0x0000000008009820       0x30 c:/st/stm32cubeide_1.0.2/stm32cubeide/plugins/com.st.stm32cube.ide.mcu.externaltools.gnu-tools-for-stm32.9-2020-q2-update.win32_1.5.0.202011040924/tools/bin/../lib/gcc/arm-none-eabi/9.3.1/../../../../arm-none-eabi/lib/thumb/v7e-m+fp/hard\libc_nano.a(lib_a-printf.o)
                0x0000000008009820                iprintf
                0x0000000008009820                printf
 .text.putchar  0x0000000008009850       0x2c c:/st/stm32cubeide_1.0.2/stm32cubeide/plugins/com.st.stm32cube.ide.mcu.externaltools.gnu-tools-for-stm32.9-2020-q2-update.win32_1.5.0.202011040924/tools/bin/../lib/gcc/arm-none-eabi/9.3.1/../../../../arm-none-eabi/lib/thumb/v7e-m+fp/hard\libc_nano.a(lib_a-putchar.o)
                0x0000000008009850                putchar
 .text._puts_r  0x000000000800987c       0xdc c:/st/stm32cubeide_1.0.2/stm32cubeide/plugins/com.st.stm32cube.ide.mcu.externaltools.gnu-tools-for-stm32.9-2020-q2-update.win32_1.5.0.202011040924/tools/bin/../lib/gcc/arm-none-eabi/9.3.1/../../../../arm-none-eabi/lib/thumb/v7e-m+fp/hard\libc_nano.a(lib_a-puts.o)
                0x000000000800987c                _puts_r
 .text.puts     0x0000000008009958       0x10 c:/st/stm32cubeide_1.0.2/stm32cubeide/plugins/com.st.stm32cube.ide.mcu.externaltools.gnu-tools-for-stm32.9-2020-q2-update.win32_1.5.0.202011040924/tools/bin/../lib/gcc/arm-none-eabi/9.3.1/../../../../arm-none-eabi/lib/thumb/v7e-m+fp/hard\libc_nano.a(lib_a-puts.o)
                0x0000000008009958                puts
 .text.setbuf   0x0000000008009968       0x10 c:/st/stm32cubeide_1.0.2/stm32cubeide/plugins/com.st.stm32cube.ide.mcu.externaltools.gnu-tools-for-stm32.9-2020-q2-update.win32_1.5.0.202011040924/tools/bin/../lib/gcc/arm-none-eabi/9.3.1/../../../../arm-none-eabi/lib/thumb/v7e-m+fp/hard\libc_nano.a(lib_a-setbuf.o)
                0x0000000008009968                setbuf
 .text.setvbuf  0x0000000008009978      0x18c c:/st/stm32cubeide_1.0.2/stm32cubeide/plugins/com.st.stm32cube.ide.mcu.externaltools.gnu-tools-for-stm32.9-2020-q2-update.win32_1.5.0.202011040924/tools/bin/../lib/gcc/arm-none-eabi/9.3.1/../../../../arm-none-eabi/lib/thumb/v7e-m+fp/hard\libc_nano.a(lib_a-setvbuf.o)
                0x0000000008009978                setvbuf
 .text.__swbuf_r
                0x0000000008009b04       0xa4 c:/st/stm32cubeide_1.0.2/stm32cubeide/plugins/com.st.stm32cube.ide.mcu.externaltools.gnu-tools-for-stm32.9-2020-q2-update.win32_1.5.0.202011040924/tools/bin/../lib/gcc/arm-none-eabi/9.3.1/../../../../arm-none-eabi/lib/thumb/v7e-m+fp/hard\libc_nano.a(lib_a-wbuf.o)
                0x0000000008009b04                __swbuf_r
 .text.__swsetup_r
                0x0000000008009ba8       0xdc c:/st/stm32cubeide_1.0.2/stm32cubeide/plugins/com.st.stm32cube.ide.mcu.externaltools.gnu-tools-for-stm32.9-2020-q2-update.win32_1.5.0.202011040924/tools/bin/../lib/gcc/arm-none-eabi/9.3.1/../../../../arm-none-eabi/lib/thumb/v7e-m+fp/hard\libc_nano.a(lib_a-wsetup.o)
                0x0000000008009ba8                __swsetup_r
 .text.quorem   0x0000000008009c84      0x116 c:/st/stm32cubeide_1.0.2/stm32cubeide/plugins/com.st.stm32cube.ide.mcu.externaltools.gnu-tools-for-stm32.9-2020-q2-update.win32_1.5.0.202011040924/tools/bin/../lib/gcc/arm-none-eabi/9.3.1/../../../../arm-none-eabi/lib/thumb/v7e-m+fp/hard\libc_nano.a(lib_a-dtoa.o)
 *fill*         0x0000000008009d9a        0x6 
 .text._dtoa_r  0x0000000008009da0      0xbd8 c:/st/stm32cubeide_1.0.2/stm32cubeide/plugins/com.st.stm32cube.ide.mcu.externaltools.gnu-tools-for-stm32.9-2020-q2-update.win32_1.5.0.202011040924/tools/bin/../lib/gcc/arm-none-eabi/9.3.1/../../../../arm-none-eabi/lib/thumb/v7e-m+fp/hard\libc_nano.a(lib_a-dtoa.o)
                0x0000000008009da0                _dtoa_r
 .text.__sflush_r
                0x000000000800a978      0x10c c:/st/stm32cubeide_1.0.2/stm32cubeide/plugins/com.st.stm32cube.ide.mcu.externaltools.gnu-tools-for-stm32.9-2020-q2-update.win32_1.5.0.202011040924/tools/bin/../lib/gcc/arm-none-eabi/9.3.1/../../../../arm-none-eabi/lib/thumb/v7e-m+fp/hard\libc_nano.a(lib_a-fflush.o)
                0x000000000800a978                __sflush_r
 .text._fflush_r
                0x000000000800aa84       0x78 c:/st/stm32cubeide_1.0.2/stm32cubeide/plugins/com.st.stm32cube.ide.mcu.externaltools.gnu-tools-for-stm32.9-2020-q2-update.win32_1.5.0.202011040924/tools/bin/../lib/gcc/arm-none-eabi/9.3.1/../../../../arm-none-eabi/lib/thumb/v7e-m+fp/hard\libc_nano.a(lib_a-fflush.o)
                0x000000000800aa84                _fflush_r
 .text.std      0x000000000800aafc       0x48 c:/st/stm32cubeide_1.0.2/stm32cubeide/plugins/com.st.stm32cube.ide.mcu.externaltools.gnu-tools-for-stm32.9-2020-q2-update.win32_1.5.0.202011040924/tools/bin/../lib/gcc/arm-none-eabi/9.3.1/../../../../arm-none-eabi/lib/thumb/v7e-m+fp/hard\libc_nano.a(lib_a-findfp.o)
 .text._cleanup_r
                0x000000000800ab44        0xc c:/st/stm32cubeide_1.0.2/stm32cubeide/plugins/com.st.stm32cube.ide.mcu.externaltools.gnu-tools-for-stm32.9-2020-q2-update.win32_1.5.0.202011040924/tools/bin/../lib/gcc/arm-none-eabi/9.3.1/../../../../arm-none-eabi/lib/thumb/v7e-m+fp/hard\libc_nano.a(lib_a-findfp.o)
                0x000000000800ab44                _cleanup_r
 .text.__sfmoreglue
                0x000000000800ab50       0x2c c:/st/stm32cubeide_1.0.2/stm32cubeide/plugins/com.st.stm32cube.ide.mcu.externaltools.gnu-tools-for-stm32.9-2020-q2-update.win32_1.5.0.202011040924/tools/bin/../lib/gcc/arm-none-eabi/9.3.1/../../../../arm-none-eabi/lib/thumb/v7e-m+fp/hard\libc_nano.a(lib_a-findfp.o)
                0x000000000800ab50                __sfmoreglue
 .text.__sfp_lock_acquire
                0x000000000800ab7c        0xc c:/st/stm32cubeide_1.0.2/stm32cubeide/plugins/com.st.stm32cube.ide.mcu.externaltools.gnu-tools-for-stm32.9-2020-q2-update.win32_1.5.0.202011040924/tools/bin/../lib/gcc/arm-none-eabi/9.3.1/../../../../arm-none-eabi/lib/thumb/v7e-m+fp/hard\libc_nano.a(lib_a-findfp.o)
                0x000000000800ab7c                __sfp_lock_acquire
 .text.__sfp_lock_release
                0x000000000800ab88        0xc c:/st/stm32cubeide_1.0.2/stm32cubeide/plugins/com.st.stm32cube.ide.mcu.externaltools.gnu-tools-for-stm32.9-2020-q2-update.win32_1.5.0.202011040924/tools/bin/../lib/gcc/arm-none-eabi/9.3.1/../../../../arm-none-eabi/lib/thumb/v7e-m+fp/hard\libc_nano.a(lib_a-findfp.o)
                0x000000000800ab88                __sfp_lock_release
 .text.__sinit_lock_acquire
                0x000000000800ab94        0xc c:/st/stm32cubeide_1.0.2/stm32cubeide/plugins/com.st.stm32cube.ide.mcu.externaltools.gnu-tools-for-stm32.9-2020-q2-update.win32_1.5.0.202011040924/tools/bin/../lib/gcc/arm-none-eabi/9.3.1/../../../../arm-none-eabi/lib/thumb/v7e-m+fp/hard\libc_nano.a(lib_a-findfp.o)
                0x000000000800ab94                __sinit_lock_acquire
 .text.__sinit_lock_release
                0x000000000800aba0        0xc c:/st/stm32cubeide_1.0.2/stm32cubeide/plugins/com.st.stm32cube.ide.mcu.externaltools.gnu-tools-for-stm32.9-2020-q2-update.win32_1.5.0.202011040924/tools/bin/../lib/gcc/arm-none-eabi/9.3.1/../../../../arm-none-eabi/lib/thumb/v7e-m+fp/hard\libc_nano.a(lib_a-findfp.o)
                0x000000000800aba0                __sinit_lock_release
 .text.__sinit  0x000000000800abac       0x70 c:/st/stm32cubeide_1.0.2/stm32cubeide/plugins/com.st.stm32cube.ide.mcu.externaltools.gnu-tools-for-stm32.9-2020-q2-update.win32_1.5.0.202011040924/tools/bin/../lib/gcc/arm-none-eabi/9.3.1/../../../../arm-none-eabi/lib/thumb/v7e-m+fp/hard\libc_nano.a(lib_a-findfp.o)
                0x000000000800abac                __sinit
 .text.__sfp    0x000000000800ac1c       0x8c c:/st/stm32cubeide_1.0.2/stm32cubeide/plugins/com.st.stm32cube.ide.mcu.externaltools.gnu-tools-for-stm32.9-2020-q2-update.win32_1.5.0.202011040924/tools/bin/../lib/gcc/arm-none-eabi/9.3.1/../../../../arm-none-eabi/lib/thumb/v7e-m+fp/hard\libc_nano.a(lib_a-findfp.o)
                0x000000000800ac1c                __sfp
 .text._fwalk_reent
                0x000000000800aca8       0x3e c:/st/stm32cubeide_1.0.2/stm32cubeide/plugins/com.st.stm32cube.ide.mcu.externaltools.gnu-tools-for-stm32.9-2020-q2-update.win32_1.5.0.202011040924/tools/bin/../lib/gcc/arm-none-eabi/9.3.1/../../../../arm-none-eabi/lib/thumb/v7e-m+fp/hard\libc_nano.a(lib_a-fwalk.o)
                0x000000000800aca8                _fwalk_reent
 *fill*         0x000000000800ace6        0x2 
 .text._localeconv_r
                0x000000000800ace8        0x8 c:/st/stm32cubeide_1.0.2/stm32cubeide/plugins/com.st.stm32cube.ide.mcu.externaltools.gnu-tools-for-stm32.9-2020-q2-update.win32_1.5.0.202011040924/tools/bin/../lib/gcc/arm-none-eabi/9.3.1/../../../../arm-none-eabi/lib/thumb/v7e-m+fp/hard\libc_nano.a(lib_a-localeconv.o)
                0x000000000800ace8                _localeconv_r
 .text.__retarget_lock_init_recursive
                0x000000000800acf0        0x2 c:/st/stm32cubeide_1.0.2/stm32cubeide/plugins/com.st.stm32cube.ide.mcu.externaltools.gnu-tools-for-stm32.9-2020-q2-update.win32_1.5.0.202011040924/tools/bin/../lib/gcc/arm-none-eabi/9.3.1/../../../../arm-none-eabi/lib/thumb/v7e-m+fp/hard\libc_nano.a(lib_a-lock.o)
                0x000000000800acf0                __retarget_lock_init_recursive
 .text.__retarget_lock_acquire_recursive
                0x000000000800acf2        0x2 c:/st/stm32cubeide_1.0.2/stm32cubeide/plugins/com.st.stm32cube.ide.mcu.externaltools.gnu-tools-for-stm32.9-2020-q2-update.win32_1.5.0.202011040924/tools/bin/../lib/gcc/arm-none-eabi/9.3.1/../../../../arm-none-eabi/lib/thumb/v7e-m+fp/hard\libc_nano.a(lib_a-lock.o)
                0x000000000800acf2                __retarget_lock_acquire_recursive
 .text.__retarget_lock_release_recursive
                0x000000000800acf4        0x2 c:/st/stm32cubeide_1.0.2/stm32cubeide/plugins/com.st.stm32cube.ide.mcu.externaltools.gnu-tools-for-stm32.9-2020-q2-update.win32_1.5.0.202011040924/tools/bin/../lib/gcc/arm-none-eabi/9.3.1/../../../../arm-none-eabi/lib/thumb/v7e-m+fp/hard\libc_nano.a(lib_a-lock.o)
                0x000000000800acf4                __retarget_lock_release_recursive
 .text.__swhatbuf_r
                0x000000000800acf6       0x48 c:/st/stm32cubeide_1.0.2/stm32cubeide/plugins/com.st.stm32cube.ide.mcu.externaltools.gnu-tools-for-stm32.9-2020-q2-update.win32_1.5.0.202011040924/tools/bin/../lib/gcc/arm-none-eabi/9.3.1/../../../../arm-none-eabi/lib/thumb/v7e-m+fp/hard\libc_nano.a(lib_a-makebuf.o)
                0x000000000800acf6                __swhatbuf_r
 *fill*         0x000000000800ad3e        0x2 
 .text.__smakebuf_r
                0x000000000800ad40       0x80 c:/st/stm32cubeide_1.0.2/stm32cubeide/plugins/com.st.stm32cube.ide.mcu.externaltools.gnu-tools-for-stm32.9-2020-q2-update.win32_1.5.0.202011040924/tools/bin/../lib/gcc/arm-none-eabi/9.3.1/../../../../arm-none-eabi/lib/thumb/v7e-m+fp/hard\libc_nano.a(lib_a-makebuf.o)
                0x000000000800ad40                __smakebuf_r
 .text.malloc   0x000000000800adc0       0x10 c:/st/stm32cubeide_1.0.2/stm32cubeide/plugins/com.st.stm32cube.ide.mcu.externaltools.gnu-tools-for-stm32.9-2020-q2-update.win32_1.5.0.202011040924/tools/bin/../lib/gcc/arm-none-eabi/9.3.1/../../../../arm-none-eabi/lib/thumb/v7e-m+fp/hard\libc_nano.a(lib_a-malloc.o)
                0x000000000800adc0                malloc
 .text.memcpy   0x000000000800add0       0x1c c:/st/stm32cubeide_1.0.2/stm32cubeide/plugins/com.st.stm32cube.ide.mcu.externaltools.gnu-tools-for-stm32.9-2020-q2-update.win32_1.5.0.202011040924/tools/bin/../lib/gcc/arm-none-eabi/9.3.1/../../../../arm-none-eabi/lib/thumb/v7e-m+fp/hard\libc_nano.a(lib_a-memcpy-stub.o)
                0x000000000800add0                memcpy
 .text._Balloc  0x000000000800adec       0x80 c:/st/stm32cubeide_1.0.2/stm32cubeide/plugins/com.st.stm32cube.ide.mcu.externaltools.gnu-tools-for-stm32.9-2020-q2-update.win32_1.5.0.202011040924/tools/bin/../lib/gcc/arm-none-eabi/9.3.1/../../../../arm-none-eabi/lib/thumb/v7e-m+fp/hard\libc_nano.a(lib_a-mprec.o)
                0x000000000800adec                _Balloc
 .text._Bfree   0x000000000800ae6c       0x44 c:/st/stm32cubeide_1.0.2/stm32cubeide/plugins/com.st.stm32cube.ide.mcu.externaltools.gnu-tools-for-stm32.9-2020-q2-update.win32_1.5.0.202011040924/tools/bin/../lib/gcc/arm-none-eabi/9.3.1/../../../../arm-none-eabi/lib/thumb/v7e-m+fp/hard\libc_nano.a(lib_a-mprec.o)
                0x000000000800ae6c                _Bfree
 .text.__multadd
                0x000000000800aeb0       0x94 c:/st/stm32cubeide_1.0.2/stm32cubeide/plugins/com.st.stm32cube.ide.mcu.externaltools.gnu-tools-for-stm32.9-2020-q2-update.win32_1.5.0.202011040924/tools/bin/../lib/gcc/arm-none-eabi/9.3.1/../../../../arm-none-eabi/lib/thumb/v7e-m+fp/hard\libc_nano.a(lib_a-mprec.o)
                0x000000000800aeb0                __multadd
 .text.__hi0bits
                0x000000000800af44       0x40 c:/st/stm32cubeide_1.0.2/stm32cubeide/plugins/com.st.stm32cube.ide.mcu.externaltools.gnu-tools-for-stm32.9-2020-q2-update.win32_1.5.0.202011040924/tools/bin/../lib/gcc/arm-none-eabi/9.3.1/../../../../arm-none-eabi/lib/thumb/v7e-m+fp/hard\libc_nano.a(lib_a-mprec.o)
                0x000000000800af44                __hi0bits
 .text.__lo0bits
                0x000000000800af84       0x60 c:/st/stm32cubeide_1.0.2/stm32cubeide/plugins/com.st.stm32cube.ide.mcu.externaltools.gnu-tools-for-stm32.9-2020-q2-update.win32_1.5.0.202011040924/tools/bin/../lib/gcc/arm-none-eabi/9.3.1/../../../../arm-none-eabi/lib/thumb/v7e-m+fp/hard\libc_nano.a(lib_a-mprec.o)
                0x000000000800af84                __lo0bits
 .text.__i2b    0x000000000800afe4       0x2c c:/st/stm32cubeide_1.0.2/stm32cubeide/plugins/com.st.stm32cube.ide.mcu.externaltools.gnu-tools-for-stm32.9-2020-q2-update.win32_1.5.0.202011040924/tools/bin/../lib/gcc/arm-none-eabi/9.3.1/../../../../arm-none-eabi/lib/thumb/v7e-m+fp/hard\libc_nano.a(lib_a-mprec.o)
                0x000000000800afe4                __i2b
 .text.__multiply
                0x000000000800b010      0x14c c:/st/stm32cubeide_1.0.2/stm32cubeide/plugins/com.st.stm32cube.ide.mcu.externaltools.gnu-tools-for-stm32.9-2020-q2-update.win32_1.5.0.202011040924/tools/bin/../lib/gcc/arm-none-eabi/9.3.1/../../../../arm-none-eabi/lib/thumb/v7e-m+fp/hard\libc_nano.a(lib_a-mprec.o)
                0x000000000800b010                __multiply
 .text.__pow5mult
                0x000000000800b15c       0xb4 c:/st/stm32cubeide_1.0.2/stm32cubeide/plugins/com.st.stm32cube.ide.mcu.externaltools.gnu-tools-for-stm32.9-2020-q2-update.win32_1.5.0.202011040924/tools/bin/../lib/gcc/arm-none-eabi/9.3.1/../../../../arm-none-eabi/lib/thumb/v7e-m+fp/hard\libc_nano.a(lib_a-mprec.o)
                0x000000000800b15c                __pow5mult
 .text.__lshift
                0x000000000800b210       0xd8 c:/st/stm32cubeide_1.0.2/stm32cubeide/plugins/com.st.stm32cube.ide.mcu.externaltools.gnu-tools-for-stm32.9-2020-q2-update.win32_1.5.0.202011040924/tools/bin/../lib/gcc/arm-none-eabi/9.3.1/../../../../arm-none-eabi/lib/thumb/v7e-m+fp/hard\libc_nano.a(lib_a-mprec.o)
                0x000000000800b210                __lshift
 .text.__mcmp   0x000000000800b2e8       0x38 c:/st/stm32cubeide_1.0.2/stm32cubeide/plugins/com.st.stm32cube.ide.mcu.externaltools.gnu-tools-for-stm32.9-2020-q2-update.win32_1.5.0.202011040924/tools/bin/../lib/gcc/arm-none-eabi/9.3.1/../../../../arm-none-eabi/lib/thumb/v7e-m+fp/hard\libc_nano.a(lib_a-mprec.o)
                0x000000000800b2e8                __mcmp
 .text.__mdiff  0x000000000800b320      0x110 c:/st/stm32cubeide_1.0.2/stm32cubeide/plugins/com.st.stm32cube.ide.mcu.externaltools.gnu-tools-for-stm32.9-2020-q2-update.win32_1.5.0.202011040924/tools/bin/../lib/gcc/arm-none-eabi/9.3.1/../../../../arm-none-eabi/lib/thumb/v7e-m+fp/hard\libc_nano.a(lib_a-mprec.o)
                0x000000000800b320                __mdiff
 .text.__d2b    0x000000000800b430       0xb8 c:/st/stm32cubeide_1.0.2/stm32cubeide/plugins/com.st.stm32cube.ide.mcu.externaltools.gnu-tools-for-stm32.9-2020-q2-update.win32_1.5.0.202011040924/tools/bin/../lib/gcc/arm-none-eabi/9.3.1/../../../../arm-none-eabi/lib/thumb/v7e-m+fp/hard\libc_nano.a(lib_a-mprec.o)
                0x000000000800b430                __d2b
 .text._calloc_r
                0x000000000800b4e8       0x1e c:/st/stm32cubeide_1.0.2/stm32cubeide/plugins/com.st.stm32cube.ide.mcu.externaltools.gnu-tools-for-stm32.9-2020-q2-update.win32_1.5.0.202011040924/tools/bin/../lib/gcc/arm-none-eabi/9.3.1/../../../../arm-none-eabi/lib/thumb/v7e-m+fp/hard\libc_nano.a(lib_a-nano-callocr.o)
                0x000000000800b4e8                _calloc_r
 *fill*         0x000000000800b506        0x2 
 .text._free_r  0x000000000800b508       0xa0 c:/st/stm32cubeide_1.0.2/stm32cubeide/plugins/com.st.stm32cube.ide.mcu.externaltools.gnu-tools-for-stm32.9-2020-q2-update.win32_1.5.0.202011040924/tools/bin/../lib/gcc/arm-none-eabi/9.3.1/../../../../arm-none-eabi/lib/thumb/v7e-m+fp/hard\libc_nano.a(lib_a-nano-freer.o)
                0x000000000800b508                _free_r
 .text._malloc_r
                0x000000000800b5a8       0xb4 c:/st/stm32cubeide_1.0.2/stm32cubeide/plugins/com.st.stm32cube.ide.mcu.externaltools.gnu-tools-for-stm32.9-2020-q2-update.win32_1.5.0.202011040924/tools/bin/../lib/gcc/arm-none-eabi/9.3.1/../../../../arm-none-eabi/lib/thumb/v7e-m+fp/hard\libc_nano.a(lib_a-nano-mallocr.o)
                0x000000000800b5a8                _malloc_r
 .text.__sfputc_r
                0x000000000800b65c       0x2e c:/st/stm32cubeide_1.0.2/stm32cubeide/plugins/com.st.stm32cube.ide.mcu.externaltools.gnu-tools-for-stm32.9-2020-q2-update.win32_1.5.0.202011040924/tools/bin/../lib/gcc/arm-none-eabi/9.3.1/../../../../arm-none-eabi/lib/thumb/v7e-m+fp/hard\libc_nano.a(lib_a-nano-vfprintf.o)
 .text.__sfputs_r
                0x000000000800b68a       0x24 c:/st/stm32cubeide_1.0.2/stm32cubeide/plugins/com.st.stm32cube.ide.mcu.externaltools.gnu-tools-for-stm32.9-2020-q2-update.win32_1.5.0.202011040924/tools/bin/../lib/gcc/arm-none-eabi/9.3.1/../../../../arm-none-eabi/lib/thumb/v7e-m+fp/hard\libc_nano.a(lib_a-nano-vfprintf.o)
                0x000000000800b68a                __sfputs_r
 *fill*         0x000000000800b6ae        0x2 
 .text._vfprintf_r
                0x000000000800b6b0      0x260 c:/st/stm32cubeide_1.0.2/stm32cubeide/plugins/com.st.stm32cube.ide.mcu.externaltools.gnu-tools-for-stm32.9-2020-q2-update.win32_1.5.0.202011040924/tools/bin/../lib/gcc/arm-none-eabi/9.3.1/../../../../arm-none-eabi/lib/thumb/v7e-m+fp/hard\libc_nano.a(lib_a-nano-vfprintf.o)
                0x000000000800b6b0                _vfprintf_r
                0x000000000800b6b0                _vfiprintf_r
 .text._putc_r  0x000000000800b910       0x90 c:/st/stm32cubeide_1.0.2/stm32cubeide/plugins/com.st.stm32cube.ide.mcu.externaltools.gnu-tools-for-stm32.9-2020-q2-update.win32_1.5.0.202011040924/tools/bin/../lib/gcc/arm-none-eabi/9.3.1/../../../../arm-none-eabi/lib/thumb/v7e-m+fp/hard\libc_nano.a(lib_a-putc.o)
                0x000000000800b910                _putc_r
 .text._sbrk_r  0x000000000800b9a0       0x20 c:/st/stm32cubeide_1.0.2/stm32cubeide/plugins/com.st.stm32cube.ide.mcu.externaltools.gnu-tools-for-stm32.9-2020-q2-update.win32_1.5.0.202011040924/tools/bin/../lib/gcc/arm-none-eabi/9.3.1/../../../../arm-none-eabi/lib/thumb/v7e-m+fp/hard\libc_nano.a(lib_a-sbrkr.o)
                0x000000000800b9a0                _sbrk_r
 .text.__sread  0x000000000800b9c0       0x22 c:/st/stm32cubeide_1.0.2/stm32cubeide/plugins/com.st.stm32cube.ide.mcu.externaltools.gnu-tools-for-stm32.9-2020-q2-update.win32_1.5.0.202011040924/tools/bin/../lib/gcc/arm-none-eabi/9.3.1/../../../../arm-none-eabi/lib/thumb/v7e-m+fp/hard\libc_nano.a(lib_a-stdio.o)
                0x000000000800b9c0                __sread
 .text.__swrite
                0x000000000800b9e2       0x38 c:/st/stm32cubeide_1.0.2/stm32cubeide/plugins/com.st.stm32cube.ide.mcu.externaltools.gnu-tools-for-stm32.9-2020-q2-update.win32_1.5.0.202011040924/tools/bin/../lib/gcc/arm-none-eabi/9.3.1/../../../../arm-none-eabi/lib/thumb/v7e-m+fp/hard\libc_nano.a(lib_a-stdio.o)
                0x000000000800b9e2                __swrite
 .text.__sseek  0x000000000800ba1a       0x24 c:/st/stm32cubeide_1.0.2/stm32cubeide/plugins/com.st.stm32cube.ide.mcu.externaltools.gnu-tools-for-stm32.9-2020-q2-update.win32_1.5.0.202011040924/tools/bin/../lib/gcc/arm-none-eabi/9.3.1/../../../../arm-none-eabi/lib/thumb/v7e-m+fp/hard\libc_nano.a(lib_a-stdio.o)
                0x000000000800ba1a                __sseek
 .text.__sclose
                0x000000000800ba3e        0x8 c:/st/stm32cubeide_1.0.2/stm32cubeide/plugins/com.st.stm32cube.ide.mcu.externaltools.gnu-tools-for-stm32.9-2020-q2-update.win32_1.5.0.202011040924/tools/bin/../lib/gcc/arm-none-eabi/9.3.1/../../../../arm-none-eabi/lib/thumb/v7e-m+fp/hard\libc_nano.a(lib_a-stdio.o)
                0x000000000800ba3e                __sclose
 *fill*         0x000000000800ba46        0x2 
 .text._write_r
                0x000000000800ba48       0x24 c:/st/stm32cubeide_1.0.2/stm32cubeide/plugins/com.st.stm32cube.ide.mcu.externaltools.gnu-tools-for-stm32.9-2020-q2-update.win32_1.5.0.202011040924/tools/bin/../lib/gcc/arm-none-eabi/9.3.1/../../../../arm-none-eabi/lib/thumb/v7e-m+fp/hard\libc_nano.a(lib_a-writer.o)
                0x000000000800ba48                _write_r
 .text.__assert_func
                0x000000000800ba6c       0x3c c:/st/stm32cubeide_1.0.2/stm32cubeide/plugins/com.st.stm32cube.ide.mcu.externaltools.gnu-tools-for-stm32.9-2020-q2-update.win32_1.5.0.202011040924/tools/bin/../lib/gcc/arm-none-eabi/9.3.1/../../../../arm-none-eabi/lib/thumb/v7e-m+fp/hard\libc_nano.a(lib_a-assert.o)
                0x000000000800ba6c                __assert_func
 .text._close_r
                0x000000000800baa8       0x20 c:/st/stm32cubeide_1.0.2/stm32cubeide/plugins/com.st.stm32cube.ide.mcu.externaltools.gnu-tools-for-stm32.9-2020-q2-update.win32_1.5.0.202011040924/tools/bin/../lib/gcc/arm-none-eabi/9.3.1/../../../../arm-none-eabi/lib/thumb/v7e-m+fp/hard\libc_nano.a(lib_a-closer.o)
                0x000000000800baa8                _close_r
 .text.fprintf  0x000000000800bac8       0x24 c:/st/stm32cubeide_1.0.2/stm32cubeide/plugins/com.st.stm32cube.ide.mcu.externaltools.gnu-tools-for-stm32.9-2020-q2-update.win32_1.5.0.202011040924/tools/bin/../lib/gcc/arm-none-eabi/9.3.1/../../../../arm-none-eabi/lib/thumb/v7e-m+fp/hard\libc_nano.a(lib_a-fprintf.o)
                0x000000000800bac8                fiprintf
                0x000000000800bac8                fprintf
 .text._fstat_r
                0x000000000800baec       0x24 c:/st/stm32cubeide_1.0.2/stm32cubeide/plugins/com.st.stm32cube.ide.mcu.externaltools.gnu-tools-for-stm32.9-2020-q2-update.win32_1.5.0.202011040924/tools/bin/../lib/gcc/arm-none-eabi/9.3.1/../../../../arm-none-eabi/lib/thumb/v7e-m+fp/hard\libc_nano.a(lib_a-fstatr.o)
                0x000000000800baec                _fstat_r
 .text._isatty_r
                0x000000000800bb10       0x20 c:/st/stm32cubeide_1.0.2/stm32cubeide/plugins/com.st.stm32cube.ide.mcu.externaltools.gnu-tools-for-stm32.9-2020-q2-update.win32_1.5.0.202011040924/tools/bin/../lib/gcc/arm-none-eabi/9.3.1/../../../../arm-none-eabi/lib/thumb/v7e-m+fp/hard\libc_nano.a(lib_a-isattyr.o)
                0x000000000800bb10                _isatty_r
 .text._lseek_r
                0x000000000800bb30       0x24 c:/st/stm32cubeide_1.0.2/stm32cubeide/plugins/com.st.stm32cube.ide.mcu.externaltools.gnu-tools-for-stm32.9-2020-q2-update.win32_1.5.0.202011040924/tools/bin/../lib/gcc/arm-none-eabi/9.3.1/../../../../arm-none-eabi/lib/thumb/v7e-m+fp/hard\libc_nano.a(lib_a-lseekr.o)
                0x000000000800bb30                _lseek_r
 .text.__ascii_mbtowc
                0x000000000800bb54       0x24 c:/st/stm32cubeide_1.0.2/stm32cubeide/plugins/com.st.stm32cube.ide.mcu.externaltools.gnu-tools-for-stm32.9-2020-q2-update.win32_1.5.0.202011040924/tools/bin/../lib/gcc/arm-none-eabi/9.3.1/../../../../arm-none-eabi/lib/thumb/v7e-m+fp/hard\libc_nano.a(lib_a-mbtowc_r.o)
                0x000000000800bb54                __ascii_mbtowc
 .text.__malloc_lock
                0x000000000800bb78        0xc c:/st/stm32cubeide_1.0.2/stm32cubeide/plugins/com.st.stm32cube.ide.mcu.externaltools.gnu-tools-for-stm32.9-2020-q2-update.win32_1.5.0.202011040924/tools/bin/../lib/gcc/arm-none-eabi/9.3.1/../../../../arm-none-eabi/lib/thumb/v7e-m+fp/hard\libc_nano.a(lib_a-mlock.o)
                0x000000000800bb78                __malloc_lock
 .text.__malloc_unlock
                0x000000000800bb84        0xc c:/st/stm32cubeide_1.0.2/stm32cubeide/plugins/com.st.stm32cube.ide.mcu.externaltools.gnu-tools-for-stm32.9-2020-q2-update.win32_1.5.0.202011040924/tools/bin/../lib/gcc/arm-none-eabi/9.3.1/../../../../arm-none-eabi/lib/thumb/v7e-m+fp/hard\libc_nano.a(lib_a-mlock.o)
                0x000000000800bb84                __malloc_unlock
 .text._read_r  0x000000000800bb90       0x24 c:/st/stm32cubeide_1.0.2/stm32cubeide/plugins/com.st.stm32cube.ide.mcu.externaltools.gnu-tools-for-stm32.9-2020-q2-update.win32_1.5.0.202011040924/tools/bin/../lib/gcc/arm-none-eabi/9.3.1/../../../../arm-none-eabi/lib/thumb/v7e-m+fp/hard\libc_nano.a(lib_a-readr.o)
                0x000000000800bb90                _read_r
 .text.__ascii_wctomb
                0x000000000800bbb4       0x1a c:/st/stm32cubeide_1.0.2/stm32cubeide/plugins/com.st.stm32cube.ide.mcu.externaltools.gnu-tools-for-stm32.9-2020-q2-update.win32_1.5.0.202011040924/tools/bin/../lib/gcc/arm-none-eabi/9.3.1/../../../../arm-none-eabi/lib/thumb/v7e-m+fp/hard\libc_nano.a(lib_a-wctomb_r.o)
                0x000000000800bbb4                __ascii_wctomb
 .text.abort    0x000000000800bbce        0xe c:/st/stm32cubeide_1.0.2/stm32cubeide/plugins/com.st.stm32cube.ide.mcu.externaltools.gnu-tools-for-stm32.9-2020-q2-update.win32_1.5.0.202011040924/tools/bin/../lib/gcc/arm-none-eabi/9.3.1/../../../../arm-none-eabi/lib/thumb/v7e-m+fp/hard\libc_nano.a(lib_a-abort.o)
                0x000000000800bbce                abort
 .text._raise_r
                0x000000000800bbdc       0x50 c:/st/stm32cubeide_1.0.2/stm32cubeide/plugins/com.st.stm32cube.ide.mcu.externaltools.gnu-tools-for-stm32.9-2020-q2-update.win32_1.5.0.202011040924/tools/bin/../lib/gcc/arm-none-eabi/9.3.1/../../../../arm-none-eabi/lib/thumb/v7e-m+fp/hard\libc_nano.a(lib_a-signal.o)
                0x000000000800bbdc                _raise_r
 .text.raise    0x000000000800bc2c       0x10 c:/st/stm32cubeide_1.0.2/stm32cubeide/plugins/com.st.stm32cube.ide.mcu.externaltools.gnu-tools-for-stm32.9-2020-q2-update.win32_1.5.0.202011040924/tools/bin/../lib/gcc/arm-none-eabi/9.3.1/../../../../arm-none-eabi/lib/thumb/v7e-m+fp/hard\libc_nano.a(lib_a-signal.o)
                0x000000000800bc2c                raise
 .text._kill_r  0x000000000800bc3c       0x24 c:/st/stm32cubeide_1.0.2/stm32cubeide/plugins/com.st.stm32cube.ide.mcu.externaltools.gnu-tools-for-stm32.9-2020-q2-update.win32_1.5.0.202011040924/tools/bin/../lib/gcc/arm-none-eabi/9.3.1/../../../../arm-none-eabi/lib/thumb/v7e-m+fp/hard\libc_nano.a(lib_a-signalr.o)
                0x000000000800bc3c                _kill_r
 .text._getpid_r
                0x000000000800bc60        0x4 c:/st/stm32cubeide_1.0.2/stm32cubeide/plugins/com.st.stm32cube.ide.mcu.externaltools.gnu-tools-for-stm32.9-2020-q2-update.win32_1.5.0.202011040924/tools/bin/../lib/gcc/arm-none-eabi/9.3.1/../../../../arm-none-eabi/lib/thumb/v7e-m+fp/hard\libc_nano.a(lib_a-signalr.o)
                0x000000000800bc60                _getpid_r
 *(.glue_7)
 .glue_7        0x000000000800bc64        0x0 linker stubs
 *(.glue_7t)
 .glue_7t       0x000000000800bc64        0x0 linker stubs
 *(.eh_frame)
 .eh_frame      0x000000000800bc64        0x0 c:/st/stm32cubeide_1.0.2/stm32cubeide/plugins/com.st.stm32cube.ide.mcu.externaltools.gnu-tools-for-stm32.9-2020-q2-update.win32_1.5.0.202011040924/tools/bin/../lib/gcc/arm-none-eabi/9.3.1/thumb/v7e-m+fp/hard/crtbegin.o
 *(.init)
 .init          0x000000000800bc64        0x4 c:/st/stm32cubeide_1.0.2/stm32cubeide/plugins/com.st.stm32cube.ide.mcu.externaltools.gnu-tools-for-stm32.9-2020-q2-update.win32_1.5.0.202011040924/tools/bin/../lib/gcc/arm-none-eabi/9.3.1/thumb/v7e-m+fp/hard/crti.o
                0x000000000800bc64                _init
 .init          0x000000000800bc68        0x8 c:/st/stm32cubeide_1.0.2/stm32cubeide/plugins/com.st.stm32cube.ide.mcu.externaltools.gnu-tools-for-stm32.9-2020-q2-update.win32_1.5.0.202011040924/tools/bin/../lib/gcc/arm-none-eabi/9.3.1/thumb/v7e-m+fp/hard/crtn.o
 *(.fini)
 .fini          0x000000000800bc70        0x4 c:/st/stm32cubeide_1.0.2/stm32cubeide/plugins/com.st.stm32cube.ide.mcu.externaltools.gnu-tools-for-stm32.9-2020-q2-update.win32_1.5.0.202011040924/tools/bin/../lib/gcc/arm-none-eabi/9.3.1/thumb/v7e-m+fp/hard/crti.o
                0x000000000800bc70                _fini
 .fini          0x000000000800bc74        0x8 c:/st/stm32cubeide_1.0.2/stm32cubeide/plugins/com.st.stm32cube.ide.mcu.externaltools.gnu-tools-for-stm32.9-2020-q2-update.win32_1.5.0.202011040924/tools/bin/../lib/gcc/arm-none-eabi/9.3.1/thumb/v7e-m+fp/hard/crtn.o
                0x000000000800bc7c                . = ALIGN (0x4)
                0x000000000800bc7c                _etext = .

.vfp11_veneer   0x000000000800bc7c        0x0
 .vfp11_veneer  0x000000000800bc7c        0x0 linker stubs

.v4_bx          0x000000000800bc7c        0x0
 .v4_bx         0x000000000800bc7c        0x0 linker stubs

.iplt           0x000000000800bc7c        0x0
 .iplt          0x000000000800bc7c        0x0 c:/st/stm32cubeide_1.0.2/stm32cubeide/plugins/com.st.stm32cube.ide.mcu.externaltools.gnu-tools-for-stm32.9-2020-q2-update.win32_1.5.0.202011040924/tools/bin/../lib/gcc/arm-none-eabi/9.3.1/thumb/v7e-m+fp/hard/crtbegin.o

.rodata         0x000000000800bc80      0x624
                0x000000000800bc80                . = ALIGN (0x4)
 *(.rodata)
 .rodata        0x000000000800bc80      0x11c Core/Src/Controller/mode.o
 .rodata        0x000000000800bd9c       0x7a Core/Src/Controller/test.o
 *fill*         0x000000000800be16        0x2 
 .rodata        0x000000000800be18       0x28 Core/Src/Hardware/ICM20689.o
 .rodata        0x000000000800be40       0x3b Core/Src/main.o
 *(.rodata*)
 *fill*         0x000000000800be7b        0x1 
 .rodata.STREAM_OFFSET_TAB
                0x000000000800be7c        0x8 Core/Src/Hardware/wall_sensor.o
 .rodata.STREAM_OFFSET_TAB
                0x000000000800be84        0x8 Core/Src/adc.o
 .rodata.AHBPrescTable
                0x000000000800be8c       0x10 Core/Src/system_stm32f4xx.o