Archive member included to satisfy reference by file (symbol)

c:/st/stm32cubeide_1.0.2/stm32cubeide/plugins/com.st.stm32cube.ide.mcu.externaltools.gnu-tools-for-stm32.9-2020-q2-update.win32_1.5.0.202011040924/tools/bin/../lib/gcc/arm-none-eabi/9.3.1/../../../../arm-none-eabi/lib/thumb/v7e-m+fp/hard\libc_nano.a(lib_a-errno.o)
                              Core/Src/syscalls.o (__errno)
c:/st/stm32cubeide_1.0.2/stm32cubeide/plugins/com.st.stm32cube.ide.mcu.externaltools.gnu-tools-for-stm32.9-2020-q2-update.win32_1.5.0.202011040924/tools/bin/../lib/gcc/arm-none-eabi/9.3.1/../../../../arm-none-eabi/lib/thumb/v7e-m+fp/hard\libc_nano.a(lib_a-exit.o)
                              c:/st/stm32cubeide_1.0.2/stm32cubeide/plugins/com.st.stm32cube.ide.mcu.externaltools.gnu-tools-for-stm32.9-2020-q2-update.win32_1.5.0.202011040924/tools/bin/../lib/gcc/arm-none-eabi/9.3.1/../../../../arm-none-eabi/lib/thumb/v7e-m+fp/hard/crt0.o (exit)
c:/st/stm32cubeide_1.0.2/stm32cubeide/plugins/com.st.stm32cube.ide.mcu.externaltools.gnu-tools-for-stm32.9-2020-q2-update.win32_1.5.0.202011040924/tools/bin/../lib/gcc/arm-none-eabi/9.3.1/../../../../arm-none-eabi/lib/thumb/v7e-m+fp/hard\libc_nano.a(lib_a-impure.o)
                              c:/st/stm32cubeide_1.0.2/stm32cubeide/plugins/com.st.stm32cube.ide.mcu.externaltools.gnu-tools-for-stm32.9-2020-q2-update.win32_1.5.0.202011040924/tools/bin/../lib/gcc/arm-none-eabi/9.3.1/../../../../arm-none-eabi/lib/thumb/v7e-m+fp/hard\libc_nano.a(lib_a-exit.o) (_global_impure_ptr)
c:/st/stm32cubeide_1.0.2/stm32cubeide/plugins/com.st.stm32cube.ide.mcu.externaltools.gnu-tools-for-stm32.9-2020-q2-update.win32_1.5.0.202011040924/tools/bin/../lib/gcc/arm-none-eabi/9.3.1/../../../../arm-none-eabi/lib/thumb/v7e-m+fp/hard\libc_nano.a(lib_a-init.o)
                              c:/st/stm32cubeide_1.0.2/stm32cubeide/plugins/com.st.stm32cube.ide.mcu.externaltools.gnu-tools-for-stm32.9-2020-q2-update.win32_1.5.0.202011040924/tools/bin/../lib/gcc/arm-none-eabi/9.3.1/../../../../arm-none-eabi/lib/thumb/v7e-m+fp/hard/crt0.o (__libc_init_array)
c:/st/stm32cubeide_1.0.2/stm32cubeide/plugins/com.st.stm32cube.ide.mcu.externaltools.gnu-tools-for-stm32.9-2020-q2-update.win32_1.5.0.202011040924/tools/bin/../lib/gcc/arm-none-eabi/9.3.1/../../../../arm-none-eabi/lib/thumb/v7e-m+fp/hard\libc_nano.a(lib_a-memset.o)
                              c:/st/stm32cubeide_1.0.2/stm32cubeide/plugins/com.st.stm32cube.ide.mcu.externaltools.gnu-tools-for-stm32.9-2020-q2-update.win32_1.5.0.202011040924/tools/bin/../lib/gcc/arm-none-eabi/9.3.1/../../../../arm-none-eabi/lib/thumb/v7e-m+fp/hard/crt0.o (memset)
c:/st/stm32cubeide_1.0.2/stm32cubeide/plugins/com.st.stm32cube.ide.mcu.externaltools.gnu-tools-for-stm32.9-2020-q2-update.win32_1.5.0.202011040924/tools/bin/../lib/gcc/arm-none-eabi/9.3.1/../../../../arm-none-eabi/lib/thumb/v7e-m+fp/hard\libc_nano.a(lib_a-nano-vfprintf_float.o)
                              (_printf_float)
c:/st/stm32cubeide_1.0.2/stm32cubeide/plugins/com.st.stm32cube.ide.mcu.externaltools.gnu-tools-for-stm32.9-2020-q2-update.win32_1.5.0.202011040924/tools/bin/../lib/gcc/arm-none-eabi/9.3.1/../../../../arm-none-eabi/lib/thumb/v7e-m+fp/hard\libc_nano.a(lib_a-nano-vfprintf_i.o)
                              c:/st/stm32cubeide_1.0.2/stm32cubeide/plugins/com.st.stm32cube.ide.mcu.externaltools.gnu-tools-for-stm32.9-2020-q2-update.win32_1.5.0.202011040924/tools/bin/../lib/gcc/arm-none-eabi/9.3.1/../../../../arm-none-eabi/lib/thumb/v7e-m+fp/hard\libc_nano.a(lib_a-nano-vfprintf_float.o) (_printf_common)
c:/st/stm32cubeide_1.0.2/stm32cubeide/plugins/com.st.stm32cube.ide.mcu.externaltools.gnu-tools-for-stm32.9-2020-q2-update.win32_1.5.0.202011040924/tools/bin/../lib/gcc/arm-none-eabi/9.3.1/../../../../arm-none-eabi/lib/thumb/v7e-m+fp/hard\libc_nano.a(lib_a-printf.o)
                              Core/Src/Controller/mode.o (printf)
c:/st/stm32cubeide_1.0.2/stm32cubeide/plugins/com.st.stm32cube.ide.mcu.externaltools.gnu-tools-for-stm32.9-2020-q2-update.win32_1.5.0.202011040924/tools/bin/../lib/gcc/arm-none-eabi/9.3.1/../../../../arm-none-eabi/lib/thumb/v7e-m+fp/hard\libc_nano.a(lib_a-putchar.o)
                              Core/Src/Controller/mode.o (putchar)
c:/st/stm32cubeide_1.0.2/stm32cubeide/plugins/com.st.stm32cube.ide.mcu.externaltools.gnu-tools-for-stm32.9-2020-q2-update.win32_1.5.0.202011040924/tools/bin/../lib/gcc/arm-none-eabi/9.3.1/../../../../arm-none-eabi/lib/thumb/v7e-m+fp/hard\libc_nano.a(lib_a-puts.o)
                              Core/Src/Controller/mode.o (puts)
c:/st/stm32cubeide_1.0.2/stm32cubeide/plugins/com.st.stm32cube.ide.mcu.externaltools.gnu-tools-for-stm32.9-2020-q2-update.win32_1.5.0.202011040924/tools/bin/../lib/gcc/arm-none-eabi/9.3.1/../../../../arm-none-eabi/lib/thumb/v7e-m+fp/hard\libc_nano.a(lib_a-setbuf.o)
                              Core/Src/main.o (setbuf)
[...]
Memory Configuration

Name             Origin             Length             Attributes
CCMRAM           0x0000000010000000 0x0000000000010000 xrw
RAM              0x0000000020000000 0x0000000000020000 xrw
FLASH            0x0000000008000000 0x0000000000100000 xr
*default*        0x0000000000000000 0xffffffffffffffff

Linker script and memory map

LOAD c:/st/stm32cubeide_1.0.2/stm32cubeide/plugins/com.st.stm32cube.ide.mcu.externaltools.gnu-tools-for-stm32.9-2020-q2-update.win32_1.5.0.202011040924/tools/bin/../lib/gcc/arm-none-eabi/9.3.1/thumb/v7e-m+fp/hard/crti.o
LOAD c:/st/stm32cubeide_1.0.2/stm32cubeide/plugins/com.st.stm32cube.ide.mcu.externaltools.gnu-tools-for-stm32.9-2020-q2-update.win32_1.5.0.202011040924/tools/bin/../lib/gcc/arm-none-eabi/9.3.1/thumb/v7e-m+fp/hard/crtbegin.o
LOAD c:/st/stm32cubeide_1.0.2/stm32cubeide/plugins/com.st.stm32cube.ide.mcu.externaltools.gnu-tools-for-stm32.9-2020-q2-update.win32_1.5.0.202011040924/tools/bin/../lib/gcc/arm-none-eabi/9.3.1/../../../../arm-none-eabi/lib/thumb/v7e-m+fp/hard/crt0.o
LOAD Core/Src/Controller/callback.o
LOAD Core/Src/Controller/mode.o
LOAD Core/Src/Controller/search.o
LOAD Core/Src/Controller/state.o
LOAD Core/Src/Controller/test.o
LOAD Core/Src/Hardware/ICM20689.o
LOAD Core/Src/Hardware/basic_timer.o
LOAD Core/Src/Hardware/battery.o
LOAD Core/Src/Hardware/buzzer.o
LOAD Core/Src/Hardware/encoder.o
LOAD Core/Src/Hardware/flash.o
LOAD Core/Src/Hardware/interface_LED.o
LOAD Core/Src/Hardware/motor.o
LOAD Core/Src/Hardware/wall_sensor.o
LOAD Core/Src/System/flags.o
LOAD Core/Src/System/log.o
LOAD Core/Src/System/map.o
LOAD Core/Src/System/motion.o
LOAD Core/Src/System/music.o
LOAD Core/Src/System/route.o
LOAD Core/Src/System/sensing.o
LOAD Core/Src/adc.o
LOAD Core/Src/dma.o
LOAD Core/Src/gpio.o
LOAD Core/Src/main.o
LOAD Core/Src/spi.o
LOAD Core/Src/stm32f4xx_it.o
LOAD Core/Src/syscalls.o
LOAD Core/Src/sysmem.o
LOAD Core/Src/system_stm32f4xx.o
LOAD Core/Src/tim.o
LOAD Core/Src/usart.o
LOAD Core/Startup/startup_stm32f405rgtx.o
LOAD Drivers/STM32F4xx_HAL_Driver/Src/stm32f4xx_ll_adc.o
LOAD Drivers/STM32F4xx_HAL_Driver/Src/stm32f4xx_ll_dma.o
LOAD Drivers/STM32F4xx_HAL_Driver/Src/stm32f4xx_ll_exti.o
LOAD Drivers/STM32F4xx_HAL_Driver/Src/stm32f4xx_ll_gpio.o
LOAD Drivers/STM32F4xx_HAL_Driver/Src/stm32f4xx_ll_rcc.o
LOAD Drivers/STM32F4xx_HAL_Driver/Src/stm32f4xx_ll_spi.o
LOAD Drivers/STM32F4xx_HAL_Driver/Src/stm32f4xx_ll_tim.o
LOAD Drivers/STM32F4xx_HAL_Driver/Src/stm32f4xx_ll_usart.o
LOAD Drivers/STM32F4xx_HAL_Driver/Src/stm32f4xx_ll_utils.o
START GROUP
LOAD c:/st/stm32cubeide_1.0.2/stm32cubeide/plugins/com.st.stm32cube.ide.mcu.externaltools.gnu-tools-for-stm32.9-2020-q2-update.win32_1.5.0.202011040924/tools/bin/../lib/gcc/arm-none-eabi/9.3.1/../../../../arm-none-eabi/lib/thumb/v7e-m+fp/hard\libc_nano.a
LOAD c:/st/stm32cubeide_1.0.2/stm32cubeide/plugins/com.st.stm32cube.ide.mcu.externaltools.gnu-tools-for-stm32.9-2020-q2-update.win32_1.5.0.202011040924/tools/bin/../lib/gcc/arm-none-eabi/9.3.1/../../../../arm-none-eabi/lib/thumb/v7e-m+fp/hard\libm.a
END GROUP
START GROUP
LOAD c:/st/stm32cubeide_1.0.2/stm32cubeide/plugins/com.st.stm32cube.ide.mcu.externaltools.gnu-tools-for-stm32.9-2020-q2-update.win32_1.5.0.202011040924/tools/bin/../lib/gcc/arm-none-eabi/9.3.1/thumb/v7e-m+fp/hard\libgcc.a
LOAD c:/st/stm32cubeide_1.0.2/stm32cubeide/plugins/com.st.stm32cube.ide.mcu.externaltools.gnu-tools-for-stm32.9-2020-q2-update.win32_1.5.0.202011040924/tools/bin/../lib/gcc/arm-none-eabi/9.3.1/../../../../arm-none-eabi/lib/thumb/v7e-m+fp/hard\libc_nano.a
END GROUP
START GROUP
LOAD c:/st/stm32cubeide_1.0.2/stm32cubeide/plugins/com.st.stm32cube.ide.mcu.externaltools.gnu-tools-for-stm32.9-2020-q2-update.win32_1.5.0.202011040924/tools/bin/../lib/gcc/arm-none-eabi/9.3.1/thumb/v7e-m+fp/hard\libgcc.a
LOAD c:/st/stm32cubeide_1.0.2/stm32cubeide/plugins/com.st.stm32cube.ide.mcu.externaltools.gnu-tools-for-stm32.9-2020-q2-update.win32_1.5.0.202011040924/tools/bin/../lib/gcc/arm-none-eabi/9.3.1/../../../../arm-none-eabi/lib/thumb/v7e-m+fp/hard\libc_nano.a
LOAD c:/st/stm32cubeide_1.0.2/stm32cubeide/plugins/com.st.stm32cube.ide.mcu.externaltools.gnu-tools-for-stm32.9-2020-q2-update.win32_1.5.0.202011040924/tools/bin/../lib/gcc/arm-none-eabi/9.3.1/../../../../arm-none-eabi/lib/thumb/v7e-m+fp/hard\libnosys.a
END GROUP
START GROUP
LOAD c:/st/stm32cubeide_1.0.2/stm32cubeide/plugins/com.st.stm32cube.ide.mcu.externaltools.gnu-tools-for-stm32.9-2020-q2-update.win32_1.5.0.202011040924/tools/bin/../lib/gcc/arm-none-eabi/9.3.1/thumb/v7e-m+fp/hard\libgcc.a
LOAD c:/st/stm32cubeide_1.0.2/stm32cubeide/plugins/com.st.stm32cube.ide.mcu.externaltools.gnu-tools-for-stm32.9-2020-q2-update.win32_1.5.0.202011040924/tools/bin/../lib/gcc/arm-none-eabi/9.3.1/../../../../arm-none-eabi/lib/thumb/v7e-m+fp/hard\libc_nano.a
LOAD c:/st/stm32cubeide_1.0.2/stm32cubeide/plugins/com.st.stm32cube.ide.mcu.externaltools.gnu-tools-for-stm32.9-2020-q2-update.win32_1.5.0.202011040924/tools/bin/../lib/gcc/arm-none-eabi/9.3.1/../../../../arm-none-eabi/lib/thumb/v7e-m+fp/hard\libnosys.a
END GROUP
LOAD c:/st/stm32cubeide_1.0.2/stm32cubeide/plugins/com.st.stm32cube.ide.mcu.externaltools.gnu-tools-for-stm32.9-2020-q2-update.win32_1.5.0.202011040924/tools/bin/../lib/gcc/arm-none-eabi/9.3.1/thumb/v7e-m+fp/hard/crtend.o
LOAD c:/st/stm32cubeide_1.0.2/stm32cubeide/plugins/com.st.stm32cube.ide.mcu.externaltools.gnu-tools-for-stm32.9-2020-q2-update.win32_1.5.0.202011040924/tools/bin/../lib/gcc/arm-none-eabi/9.3.1/thumb/v7e-m+fp/hard/crtn.o
                0x0000000020020000                _estack = (ORIGIN (RAM) + LENGTH (RAM))
                0x0000000000000200                _Min_Heap_Size = 0x200
                0x0000000000000400                _Min_Stack_Size = 0x400

.isr_vector     0x0000000008000000      0x188
                0x0000000008000000                . = ALIGN (0x4)
 *(.isr_vector)
 .isr_vector    0x0000000008000000      0x188 Core/Startup/startup_stm32f405rgtx.o
                0x0000000008000000                g_pfnVectors
                0x0000000008000188                . = ALIGN (0x4)

.text           0x0000000008000190     0xce64
                0x0000000008000190                . = ALIGN (0x4)
 *(.text)
 .text          0x0000000008000190       0x40 c:/st/stm32cubeide_1.0.2/stm32cubeide/plugins/com.st.stm32cube.ide.mcu.externaltools.gnu-tools-for-stm32.9-2020-q2-update.win32_1.5.0.202011040924/tools/bin/../lib/gcc/arm-none-eabi/9.3.1/thumb/v7e-m+fp/hard/crtbegin.o
 .text          0x00000000080001d0       0x10 c:/st/stm32cubeide_1.0.2/stm32cubeide/plugins/com.st.stm32cube.ide.mcu.externaltools.gnu-tools-for-stm32.9-2020-q2-update.win32_1.5.0.202011040924/tools/bin/../lib/gcc/arm-none-eabi/9.3.1/../../../../arm-none-eabi/lib/thumb/v7e-m+fp/hard\libc_nano.a(lib_a-strlen.o)
                0x00000000080001d0                strlen
 .text          0x00000000080001e0       0xa0 c:/st/stm32cubeide_1.0.2/stm32cubeide/plugins/com.st.stm32cube.ide.mcu.externaltools.gnu-tools-for-stm32.9-2020-q2-update.win32_1.5.0.202011040924/tools/bin/../lib/gcc/arm-none-eabi/9.3.1/../../../../arm-none-eabi/lib/thumb/v7e-m+fp/hard\libc_nano.a(lib_a-memchr.o)
                0x00000000080001e0                memchr
 .text          0x0000000008000280      0x378 c:/st/stm32cubeide_1.0.2/stm32cubeide/plugins/com.st.stm32cube.ide.mcu.externaltools.gnu-tools-for-stm32.9-2020-q2-update.win32_1.5.0.202011040924/tools/bin/../lib/gcc/arm-none-eabi/9.3.1/thumb/v7e-m+fp/hard\libgcc.a(_arm_addsubdf3.o)
                0x0000000008000280                __aeabi_drsub
                0x0000000008000288                __aeabi_dsub
                0x0000000008000288                __subdf3
                0x000000000800028c                __aeabi_dadd
                0x000000000800028c                __adddf3
                0x0000000008000504                __floatunsidf
                0x0000000008000504                __aeabi_ui2d
                0x0000000008000524                __floatsidf
                0x0000000008000524                __aeabi_i2d
                0x0000000008000548                __aeabi_f2d
                0x0000000008000548                __extendsfdf2
                0x000000000800058c                __floatundidf
                0x000000000800058c                __aeabi_ul2d
                0x000000000800059c                __floatdidf
                0x000000000800059c                __aeabi_l2d
 .text          0x00000000080005f8      0x424 c:/st/stm32cubeide_1.0.2/stm32cubeide/plugins/com.st.stm32cube.ide.mcu.externaltools.gnu-tools-for-stm32.9-2020-q2-update.win32_1.5.0.202011040924/tools/bin/../lib/gcc/arm-none-eabi/9.3.1/thumb/v7e-m+fp/hard\libgcc.a(_arm_muldivdf3.o)
                0x00000000080005f8                __aeabi_dmul
                0x00000000080005f8                __muldf3
                0x000000000800084c                __divdf3
                0x000000000800084c                __aeabi_ddiv
 .text          0x0000000008000a1c      0x110 c:/st/stm32cubeide_1.0.2/stm32cubeide/plugins/com.st.stm32cube.ide.mcu.externaltools.gnu-tools-for-stm32.9-2020-q2-update.win32_1.5.0.202011040924/tools/bin/../lib/gcc/arm-none-eabi/9.3.1/thumb/v7e-m+fp/hard\libgcc.a(_arm_cmpdf2.o)
                0x0000000008000a1c                __gtdf2
                0x0000000008000a1c                __gedf2
                0x0000000008000a24                __ltdf2
                0x0000000008000a24                __ledf2
                0x0000000008000a2c                __nedf2
                0x0000000008000a2c                __eqdf2
                0x0000000008000a2c                __cmpdf2
                0x0000000008000aa8                __aeabi_cdrcmple
                0x0000000008000ab8                __aeabi_cdcmpeq
                0x0000000008000ab8                __aeabi_cdcmple
                0x0000000008000ac8                __aeabi_dcmpeq
                0x0000000008000adc                __aeabi_dcmplt
                0x0000000008000af0                __aeabi_dcmple
                0x0000000008000b04                __aeabi_dcmpge
                0x0000000008000b18                __aeabi_dcmpgt
 .text          0x0000000008000b2c       0x2c c:/st/stm32cubeide_1.0.2/stm32cubeide/plugins/com.st.stm32cube.ide.mcu.externaltools.gnu-tools-for-stm32.9-2020-q2-update.win32_1.5.0.202011040924/tools/bin/../lib/gcc/arm-none-eabi/9.3.1/thumb/v7e-m+fp/hard\libgcc.a(_arm_unorddf2.o)
                0x0000000008000b2c                __unorddf2
                0x0000000008000b2c                __aeabi_dcmpun
 .text          0x0000000008000b58       0x50 c:/st/stm32cubeide_1.0.2/stm32cubeide/plugins/com.st.stm32cube.ide.mcu.externaltools.gnu-tools-for-stm32.9-2020-q2-update.win32_1.5.0.202011040924/tools/bin/../lib/gcc/arm-none-eabi/9.3.1/thumb/v7e-m+fp/hard\libgcc.a(_arm_fixdfsi.o)
                0x0000000008000b58                __aeabi_d2iz
                0x0000000008000b58                __fixdfsi
 .text          0x0000000008000ba8       0xa0 c:/st/stm32cubeide_1.0.2/stm32cubeide/plugins/com.st.stm32cube.ide.mcu.externaltools.gnu-tools-for-stm32.9-2020-q2-update.win32_1.5.0.202011040924/tools/bin/../lib/gcc/arm-none-eabi/9.3.1/thumb/v7e-m+fp/hard\libgcc.a(_arm_truncdfsf2.o)
                0x0000000008000ba8                __truncdfsf2
                0x0000000008000ba8                __aeabi_d2f
 .text          0x0000000008000c48       0x30 c:/st/stm32cubeide_1.0.2/stm32cubeide/plugins/com.st.stm32cube.ide.mcu.externaltools.gnu-tools-for-stm32.9-2020-q2-update.win32_1.5.0.202011040924/tools/bin/../lib/gcc/arm-none-eabi/9.3.1/thumb/v7e-m+fp/hard\libgcc.a(_aeabi_uldivmod.o)
                0x0000000008000c48                __aeabi_uldivmod
 .text          0x0000000008000c78      0x2c4 c:/st/stm32cubeide_1.0.2/stm32cubeide/plugins/com.st.stm32cube.ide.mcu.externaltools.gnu-tools-for-stm32.9-2020-q2-update.win32_1.5.0.202011040924/tools/bin/../lib/gcc/arm-none-eabi/9.3.1/thumb/v7e-m+fp/hard\libgcc.a(_udivmoddi4.o)
                0x0000000008000c78                __udivmoddi4
 .text          0x0000000008000f3c        0x4 c:/st/stm32cubeide_1.0.2/stm32cubeide/plugins/com.st.stm32cube.ide.mcu.externaltools.gnu-tools-for-stm32.9-2020-q2-update.win32_1.5.0.202011040924/tools/bin/../lib/gcc/arm-none-eabi/9.3.1/thumb/v7e-m+fp/hard\libgcc.a(_dvmd_tls.o)
                0x0000000008000f3c                __aeabi_idiv0
                0x0000000008000f3c                __aeabi_ldiv0
 *(.text*)
 .text.callbackTIM
                0x0000000008000f40       0x74 Core/Src/Controller/callback.o
                0x0000000008000f40                callbackTIM
 .text.printMode
                0x0000000008000fb4      0x140 Core/Src/Controller/mode.o
                0x0000000008000fb4                printMode
 .text.modeSelect
                0x00000000080010f4      0x128 Core/Src/Controller/mode.o
                0x00000000080010f4                modeSelect
 .text.waitStarting
                0x000000000800121c       0x78 Core/Src/Controller/mode.o
                0x000000000800121c                waitStarting
 .text.judgeFailSafe
                0x0000000008001294       0xb8 Core/Src/Controller/mode.o
                0x0000000008001294                judgeFailSafe
 .text.errorFunctions
                0x000000000800134c       0x78 Core/Src/Controller/mode.o
                0x000000000800134c                errorFunctions
 .text.rotateSafteyR180
                0x00000000080013c4       0x3c Core/Src/Controller/search.o
                0x00000000080013c4                rotateSafteyR180
 .text.prepareStateForSearching
                0x0000000008001400       0x60 Core/Src/Controller/search.o
                0x0000000008001400                prepareStateForSearching
 .text.searchMazeBySlalom
                0x0000000008001460      0x1ec Core/Src/Controller/search.o
                0x0000000008001460                searchMazeBySlalom
 .text.CheckGoal
                0x000000000800164c       0xcc Core/Src/Controller/search.o
                0x000000000800164c                CheckGoal
 .text.calculateSensorError
                0x0000000008001718      0x264 Core/Src/Controller/state.o
                0x0000000008001718                calculateSensorError
 .text.calculatePID
                0x000000000800197c      0x118 Core/Src/Controller/state.o
                0x000000000800197c                calculatePID
 .text.calculateTargetVelocity
                0x0000000008001a94       0xbc Core/Src/Controller/state.o
                0x0000000008001a94                calculateTargetVelocity
 .text.calculateTagetOmega
                0x0000000008001b50       0xbc Core/Src/Controller/state.o
                0x0000000008001b50                calculateTagetOmega
 .text.fixTargetOmegaFromWallSensor
                0x0000000008001c0c      0x158 Core/Src/Controller/state.o
                0x0000000008001c0c                fixTargetOmegaFromWallSensor
 .text.setStatus
                0x0000000008001d64       0x80 Core/Src/Controller/state.o
                0x0000000008001d64                setStatus
 .text.setTurnParams
                0x0000000008001de4       0x76 Core/Src/Controller/state.o
                0x0000000008001de4                setTurnParams
 .text.setParameters
                0x0000000008001e5a       0x4e Core/Src/Controller/state.o
                0x0000000008001e5a                setParameters
 .text.initMouseStatus
                0x0000000008001ea8      0x4a8 Core/Src/Controller/state.o
                0x0000000008001ea8                initMouseStatus
 .text.updateStatus
                0x0000000008002350      0x2ac Core/Src/Controller/state.o
                0x0000000008002350                updateStatus
 .text.prepareForTest
                0x00000000080025fc       0x60 Core/Src/Controller/test.o
                0x00000000080025fc                prepareForTest
 .text.testKeepDistance
                0x000000000800265c       0x38 Core/Src/Controller/test.o
                0x000000000800265c                testKeepDistance
 .text.testWallSensors
                0x0000000008002694       0x60 Core/Src/Controller/test.o
                0x0000000008002694                testWallSensors
 .text.testEncoders
                0x00000000080026f4       0x64 Core/Src/Controller/test.o
                0x00000000080026f4                testEncoders
 .text.testIMU  0x0000000008002758       0x34 Core/Src/Controller/test.o
                0x0000000008002758                testIMU
 .text.testMotions
                0x000000000800278c      0x3d0 Core/Src/Controller/test.o
                0x000000000800278c                testMotions
 .text.LL_SPI_Enable
                0x0000000008002b5c       0x20 Core/Src/Hardware/ICM20689.o
 .text.LL_SPI_IsEnabled
                0x0000000008002b7c       0x26 Core/Src/Hardware/ICM20689.o
 .text.LL_SPI_IsActiveFlag_RXNE
                0x0000000008002ba2       0x26 Core/Src/Hardware/ICM20689.o
 .text.LL_SPI_IsActiveFlag_TXE
                0x0000000008002bc8       0x26 Core/Src/Hardware/ICM20689.o
 .text.LL_SPI_ReceiveData8
                0x0000000008002bee       0x1a Core/Src/Hardware/ICM20689.o
 .text.LL_SPI_TransmitData8
                0x0000000008002c08       0x24 Core/Src/Hardware/ICM20689.o
 .text.LL_GPIO_SetOutputPin
                0x0000000008002c2c       0x1c Core/Src/Hardware/ICM20689.o
 .text.LL_GPIO_ResetOutputPin
                0x0000000008002c48       0x1e Core/Src/Hardware/ICM20689.o
 *fill*         0x0000000008002c66        0x2 
 .text.SPI_Control
                0x0000000008002c68       0x9c Core/Src/Hardware/ICM20689.o
                0x0000000008002c68                SPI_Control
 .text.readByte
                0x0000000008002d04       0x38 Core/Src/Hardware/ICM20689.o
                0x0000000008002d04                readByte
 .text.writeByte
                0x0000000008002d3c       0x3c Core/Src/Hardware/ICM20689.o
                0x0000000008002d3c                writeByte
 .text.initIMU  0x0000000008002d78       0xb0 Core/Src/Hardware/ICM20689.o
                0x0000000008002d78                initIMU
 .text.readGyroOmegaZ
                0x0000000008002e28       0x4c Core/Src/Hardware/ICM20689.o
                0x0000000008002e28                readGyroOmegaZ
 .text.readGyroAccelX
                0x0000000008002e74       0x4c Core/Src/Hardware/ICM20689.o
                0x0000000008002e74                readGyroAccelX
 .text.LL_TIM_EnableCounter
                0x0000000008002ec0       0x20 Core/Src/Hardware/basic_timer.o
 .text.LL_TIM_DisableCounter
                0x0000000008002ee0       0x20 Core/Src/Hardware/basic_timer.o
 .text.LL_TIM_EnableIT_UPDATE
                0x0000000008002f00       0x20 Core/Src/Hardware/basic_timer.o
 .text.LL_TIM_DisableIT_UPDATE
                0x0000000008002f20       0x20 Core/Src/Hardware/basic_timer.o
 .text.basicTimerStart
                0x0000000008002f40       0x18 Core/Src/Hardware/basic_timer.o
                0x0000000008002f40                basicTimerStart
 .text.basicTimerPause
                0x0000000008002f58       0x18 Core/Src/Hardware/basic_timer.o
                0x0000000008002f58                basicTimerPause
 .text.waitMs   0x0000000008002f70       0x1a Core/Src/Hardware/basic_timer.o
                0x0000000008002f70                waitMs
 *fill*         0x0000000008002f8a        0x2 
 .text.waitUs   0x0000000008002f8c       0x54 Core/Src/Hardware/basic_timer.o
                0x0000000008002f8c                waitUs
 .text.readBatteryCheck
                0x0000000008002fe0       0x28 Core/Src/Hardware/battery.o
                0x0000000008002fe0                readBatteryCheck
 .text.LL_TIM_EnableCounter
                0x0000000008003008       0x20 Core/Src/Hardware/buzzer.o
 .text.LL_TIM_SetCounter
                0x0000000008003028       0x1c Core/Src/Hardware/buzzer.o
 .text.LL_TIM_SetAutoReload
                0x0000000008003044       0x1c Core/Src/Hardware/buzzer.o
 .text.LL_TIM_CC_EnableChannel
                0x0000000008003060       0x22 Core/Src/Hardware/buzzer.o
 .text.LL_TIM_OC_SetCompareCH4
                0x0000000008003082       0x1c Core/Src/Hardware/buzzer.o
 .text.LL_TIM_EnableAllOutputs
                0x000000000800309e       0x20 Core/Src/Hardware/buzzer.o
 *fill*         0x00000000080030be        0x2 
 .text.enableMelody
                0x00000000080030c0       0x24 Core/Src/Hardware/buzzer.o
                0x00000000080030c0                enableMelody
 .text.stopMelody
                0x00000000080030e4       0x14 Core/Src/Hardware/buzzer.o
                0x00000000080030e4                stopMelody
 .text.Melody   0x00000000080030f8       0x58 Core/Src/Hardware/buzzer.o
                0x00000000080030f8                Melody
 .text.LL_TIM_EnableCounter
                0x0000000008003150       0x20 Core/Src/Hardware/encoder.o
 .text.LL_TIM_DisableCounter
                0x0000000008003170       0x20 Core/Src/Hardware/encoder.o
 .text.enableEncoder
                0x0000000008003190       0x28 Core/Src/Hardware/encoder.o
                0x0000000008003190                enableEncoder
 .text.disableEncoder
                0x00000000080031b8       0x1c Core/Src/Hardware/encoder.o
                0x00000000080031b8                disableEncoder
 .text.getEncoderData
                0x00000000080031d4       0x64 Core/Src/Hardware/encoder.o
                0x00000000080031d4                getEncoderData
 .text.FLASH_Lock
                0x0000000008003238       0x20 Core/Src/Hardware/flash.o
 .text.FLASH_Unlock
                0x0000000008003258       0x28 Core/Src/Hardware/flash.o
 .text.FLASH_WaitBusy
                0x0000000008003280       0x24 Core/Src/Hardware/flash.o
                0x0000000008003280                FLASH_WaitBusy
 .text.FLASH_WriteByte
                0x00000000080032a4       0x50 Core/Src/Hardware/flash.o
                0x00000000080032a4                FLASH_WriteByte
 .text.FLASH_WriteData
                0x00000000080032f4       0x34 Core/Src/Hardware/flash.o
                0x00000000080032f4                FLASH_WriteData
 .text.FLASH_ReadData
                0x0000000008003328       0x24 Core/Src/Hardware/flash.o
                0x0000000008003328                FLASH_ReadData
 .text.FLASH_Erase
                0x000000000800334c       0x3c Core/Src/Hardware/flash.o
                0x000000000800334c                FLASH_Erase
 .text.setLED1State
                0x0000000008003388       0x34 Core/Src/Hardware/interface_LED.o
                0x0000000008003388                setLED1State
 .text.setLED2State
                0x00000000080033bc       0x34 Core/Src/Hardware/interface_LED.o
                0x00000000080033bc                setLED2State
 .text.setLED3State
                0x00000000080033f0       0x34 Core/Src/Hardware/interface_LED.o
                0x00000000080033f0                setLED3State
 .text.setLED4State
                0x0000000008003424       0x30 Core/Src/Hardware/interface_LED.o
                0x0000000008003424                setLED4State
 .text.setLED5State
                0x0000000008003454       0x30 Core/Src/Hardware/interface_LED.o
                0x0000000008003454                setLED5State
 .text.displayBinaryValueWithLEDs
                0x0000000008003484       0x58 Core/Src/Hardware/interface_LED.o
                0x0000000008003484                displayBinaryValueWithLEDs
 .text.LL_TIM_EnableCounter
                0x00000000080034dc       0x20 Core/Src/Hardware/motor.o
 .text.LL_TIM_DisableCounter
                0x00000000080034fc       0x20 Core/Src/Hardware/motor.o
 .text.LL_TIM_SetCounter
                0x000000000800351c       0x1c Core/Src/Hardware/motor.o
 .text.LL_TIM_CC_EnableChannel
                0x0000000008003538       0x22 Core/Src/Hardware/motor.o
 .text.LL_TIM_CC_DisableChannel
                0x000000000800355a       0x24 Core/Src/Hardware/motor.o
 .text.LL_TIM_OC_SetCompareCH1
                0x000000000800357e       0x1c Core/Src/Hardware/motor.o
 .text.LL_TIM_OC_SetCompareCH2
                0x000000000800359a       0x1c Core/Src/Hardware/motor.o
 .text.LL_TIM_EnableAllOutputs
                0x00000000080035b6       0x20 Core/Src/Hardware/motor.o
 .text.LL_GPIO_SetOutputPin
                0x00000000080035d6       0x1c Core/Src/Hardware/motor.o
 .text.LL_GPIO_ResetOutputPin
                0x00000000080035f2       0x1e Core/Src/Hardware/motor.o
 .text.setMotorDriverState
                0x0000000008003610       0x3c Core/Src/Hardware/motor.o
                0x0000000008003610                setMotorDriverState
 .text.enableMotors
                0x000000000800364c       0x90 Core/Src/Hardware/motor.o
                0x000000000800364c                enableMotors
 .text.setMotorDirection
                0x00000000080036dc       0x80 Core/Src/Hardware/motor.o
                0x00000000080036dc                setMotorDirection
 .text.dutyConverter
                0x000000000800375c       0x6c Core/Src/Hardware/motor.o
                0x000000000800375c                dutyConverter
 .text.driveMotors
                0x00000000080037c8       0xa4 Core/Src/Hardware/motor.o
                0x00000000080037c8                driveMotors
 .text.shutdownMotors
                0x000000000800386c       0x44 Core/Src/Hardware/motor.o
                0x000000000800386c                shutdownMotors
 .text.LL_ADC_DMA_GetRegAddr
                0x00000000080038b0       0x34 Core/Src/Hardware/wall_sensor.o
 .text.LL_ADC_Enable
                0x00000000080038e4       0x20 Core/Src/Hardware/wall_sensor.o
 .text.LL_ADC_REG_StartConversionSWStart
                0x0000000008003904       0x20 Core/Src/Hardware/wall_sensor.o
 .text.LL_ADC_ClearFlag_EOCS
                0x0000000008003924       0x1c Core/Src/Hardware/wall_sensor.o
 .text.LL_DMA_EnableStream
                0x0000000008003940       0x40 Core/Src/Hardware/wall_sensor.o
 .text.LL_DMA_DisableStream
                0x0000000008003980       0x40 Core/Src/Hardware/wall_sensor.o
 .text.LL_DMA_SetDataLength
                0x00000000080039c0       0x48 Core/Src/Hardware/wall_sensor.o
 .text.LL_DMA_ConfigAddresses
                0x0000000008003a08       0x78 Core/Src/Hardware/wall_sensor.o
 .text.LL_DMA_EnableIT_TC
                0x0000000008003a80       0x40 Core/Src/Hardware/wall_sensor.o
 .text.ADC1_Start_DMA2
                0x0000000008003ac0       0x54 Core/Src/Hardware/wall_sensor.o
                0x0000000008003ac0                ADC1_Start_DMA2
 .text.changeFrontCenterLED
                0x0000000008003b14       0x30 Core/Src/Hardware/wall_sensor.o
                0x0000000008003b14                changeFrontCenterLED
 .text.changeFrontRightLED
                0x0000000008003b44       0x30 Core/Src/Hardware/wall_sensor.o
                0x0000000008003b44                changeFrontRightLED
 .text.changeFrontLeftLED
                0x0000000008003b74       0x30 Core/Src/Hardware/wall_sensor.o
                0x0000000008003b74                changeFrontLeftLED
 .text.changeRightLED
                0x0000000008003ba4       0x30 Core/Src/Hardware/wall_sensor.o
                0x0000000008003ba4                changeRightLED
 .text.changeLeftLED
                0x0000000008003bd4       0x30 Core/Src/Hardware/wall_sensor.o
                0x0000000008003bd4                changeLeftLED
 .text.changeLEDs
                0x0000000008003c04       0x6c Core/Src/Hardware/wall_sensor.o
                0x0000000008003c04                changeLEDs
 .text.getWallADC
                0x0000000008003c70       0x24 Core/Src/Hardware/wall_sensor.o
                0x0000000008003c70                getWallADC
 .text.startADCwithDMA
                0x0000000008003c94       0x24 Core/Src/Hardware/wall_sensor.o
                0x0000000008003c94                startADCwithDMA
 .text.DMA_CallbackTask
                0x0000000008003cb8       0x18 Core/Src/Hardware/wall_sensor.o
                0x0000000008003cb8                DMA_CallbackTask
 .text.setControlFlags
                0x0000000008003cd0       0x74 Core/Src/System/flags.o
                0x0000000008003cd0                setControlFlags
 .text.setAccelFlags
                0x0000000008003d44       0x74 Core/Src/System/flags.o
                0x0000000008003d44                setAccelFlags
 .text.storeLog
                0x0000000008003db8      0x15c Core/Src/System/log.o
                0x0000000008003db8                storeLog
 .text.deleteWallMap
                0x0000000008003f14       0xe4 Core/Src/System/map.o
                0x0000000008003f14                deleteWallMap
 .text.updateWallMap
                0x0000000008003ff8      0x244 Core/Src/System/map.o
                0x0000000008003ff8                updateWallMap
 .text.makeStepMap
                0x000000000800423c      0x264 Core/Src/System/map.o
                0x000000000800423c                makeStepMap
 .text.makeRouteESNW
                0x00000000080044a0      0x254 Core/Src/System/map.o
                0x00000000080044a0                makeRouteESNW
 .text.makeRouteNESW
                0x00000000080046f4      0x258 Core/Src/System/map.o
                0x00000000080046f4                makeRouteNESW
 .text.confRoute
                0x000000000800494c       0x60 Core/Src/System/map.o
                0x000000000800494c                confRoute
 .text.advancePosition
                0x00000000080049ac       0x6c Core/Src/System/map.o
                0x00000000080049ac                advancePosition
 .text.changeDirection
                0x0000000008004a18       0x38 Core/Src/System/map.o
                0x0000000008004a18                changeDirection
 .text.setMapStruct
                0x0000000008004a50       0x52 Core/Src/System/map.o
                0x0000000008004a50                setMapStruct
 *fill*         0x0000000008004aa2        0x2 
 .text.prepareMapForSearch
                0x0000000008004aa4       0x74 Core/Src/System/map.o
                0x0000000008004aa4                prepareMapForSearch
 .text.saveWallMap
                0x0000000008004b18       0x60 Core/Src/System/map.o
                0x0000000008004b18                saveWallMap
 .text.loadWallMap
                0x0000000008004b78       0x5c Core/Src/System/map.o
                0x0000000008004b78                loadWallMap
 .text.driveAccelMotion
                0x0000000008004bd4      0x188 Core/Src/System/motion.o
                0x0000000008004bd4                driveAccelMotion
 .text.driveTrapezoidal
                0x0000000008004d5c      0x210 Core/Src/System/motion.o
                0x0000000008004d5c                driveTrapezoidal
 *fill*         0x0000000008004f6c        0x4 
 .text.driveSlalomFree
                0x0000000008004f70      0x1ec Core/Src/System/motion.o
                0x0000000008004f70                driveSlalomFree
 .text.spinMotion
                0x000000000800515c      0x1c4 Core/Src/System/motion.o
                0x000000000800515c                spinMotion
 .text.slalomMotion
                0x0000000008005320      0x1fc Core/Src/System/motion.o
                0x0000000008005320                slalomMotion
 .text.moveHalfSectionAccel
                0x000000000800551c       0x50 Core/Src/System/motion.o
                0x000000000800551c                moveHalfSectionAccel
 .text.moveHalfSectionDecel
                0x000000000800556c       0x2c Core/Src/System/motion.o
                0x000000000800556c                moveHalfSectionDecel
 .text.moveOneSectionAccel
                0x0000000008005598       0x3c Core/Src/System/motion.o
                0x0000000008005598                moveOneSectionAccel
 .text.keepDistanceFromWall
                0x00000000080055d4       0x40 Core/Src/System/motion.o
                0x00000000080055d4                keepDistanceFromWall
 .text.spinRight180
                0x0000000008005614       0x1c Core/Src/System/motion.o
                0x0000000008005614                spinRight180
 .text.moveSlalomR90
                0x0000000008005630       0x9c Core/Src/System/motion.o
                0x0000000008005630                moveSlalomR90
 .text.moveSlalomL90
                0x00000000080056cc       0x9c Core/Src/System/motion.o
                0x00000000080056cc                moveSlalomL90
 .text.backMotion
                0x0000000008005768      0x100 Core/Src/System/motion.o
                0x0000000008005768                backMotion
 .text.moveBigSlalomR90
                0x0000000008005868       0x94 Core/Src/System/motion.o
                0x0000000008005868                moveBigSlalomR90
 .text.moveBigSlalomL90
                0x00000000080058fc       0x94 Core/Src/System/motion.o
                0x00000000080058fc                moveBigSlalomL90
 .text.moveBigSlalomR180
                0x0000000008005990       0x94 Core/Src/System/motion.o
                0x0000000008005990                moveBigSlalomR180
 .text.moveBigSlalomL180
                0x0000000008005a24       0x94 Core/Src/System/motion.o
                0x0000000008005a24                moveBigSlalomL180
 .text.MelodySummer
                0x0000000008005ab8       0x5a Core/Src/System/music.o
                0x0000000008005ab8                MelodySummer
 .text.MelodyRayearth
                0x0000000008005b12       0x46 Core/Src/System/music.o
                0x0000000008005b12                MelodyRayearth
 .text.MelodyGoal
                0x0000000008005b58       0x2c Core/Src/System/music.o
                0x0000000008005b58                MelodyGoal
 .text.MelodyUrara
                0x0000000008005b84       0x94 Core/Src/System/music.o
                0x0000000008005b84                MelodyUrara
 .text.MelodyMrLawrence
                0x0000000008005c18       0xb0 Core/Src/System/music.o
                0x0000000008005c18                MelodyMrLawrence
 .text.MelodyNatsumatsuri
                0x0000000008005cc8       0x58 Core/Src/System/music.o
                0x0000000008005cc8                MelodyNatsumatsuri
 .text.MelodyYamato
                0x0000000008005d20       0x64 Core/Src/System/music.o
                0x0000000008005d20                MelodyYamato
 .text.ReadPass
                0x0000000008005d84      0x198 Core/Src/System/route.o
                0x0000000008005d84                ReadPass
 .text.MakePass
                0x0000000008005f1c      0x440 Core/Src/System/route.o
                0x0000000008005f1c                MakePass
 .text.ShowPass
                0x000000000800635c       0x90 Core/Src/System/route.o
                0x000000000800635c                ShowPass
 .text.getEncoderVelocity
                0x00000000080063ec       0x30 Core/Src/System/sensing.o
                0x00000000080063ec                getEncoderVelocity
 .text.getCenterMileage
                0x000000000800641c       0xb4 Core/Src/System/sensing.o
                0x000000000800641c                getCenterMileage
 .text.addAngle
                0x00000000080064d0       0x38 Core/Src/System/sensing.o
                0x00000000080064d0                addAngle
 .text.getCenterVelocity
                0x0000000008006508       0x3c Core/Src/System/sensing.o
                0x0000000008006508                getCenterVelocity
 .text.getOmega
                0x0000000008006544       0x1c Core/Src/System/sensing.o
                0x0000000008006544                getOmega
 .text.getAccel
                0x0000000008006560       0xcc Core/Src/System/sensing.o
                0x0000000008006560                getAccel
 .text.getWallSensorOffset
                0x000000000800662c       0x7c Core/Src/System/sensing.o
                0x000000000800662c                getWallSensorOffset
 .text.getWallSensor
                0x00000000080066a8       0x94 Core/Src/System/sensing.o
                0x00000000080066a8                getWallSensor
 .text.getOmegaOffset
                0x000000000800673c       0x68 Core/Src/System/sensing.o
                0x000000000800673c                getOmegaOffset
 .text.getAccelOffset
                0x00000000080067a4       0x68 Core/Src/System/sensing.o
                0x00000000080067a4                getAccelOffset
 .text.getWallInfo
                0x000000000800680c       0x54 Core/Src/System/sensing.o
                0x000000000800680c                getWallInfo
 .text.filterWallSensors
                0x0000000008006860      0x108 Core/Src/System/sensing.o
                0x0000000008006860                filterWallSensors
 .text.initSensors
                0x0000000008006968       0x24 Core/Src/System/sensing.o
                0x0000000008006968                initSensors
 .text.updateSensors
                0x000000000800698c       0xc0 Core/Src/System/sensing.o
                0x000000000800698c                updateSensors
 .text.getOffsets
                0x0000000008006a4c       0x30 Core/Src/System/sensing.o
                0x0000000008006a4c                getOffsets
 .text.checkFrontWall
                0x0000000008006a7c       0x58 Core/Src/System/sensing.o
                0x0000000008006a7c                checkFrontWall
 .text.LL_ADC_REG_SetSequencerRanks
                0x0000000008006ad4       0x6c Core/Src/adc.o
 .text.LL_ADC_REG_SetFlagEndOfConversion
                0x0000000008006b40       0x26 Core/Src/adc.o
 .text.LL_ADC_SetChannelSamplingTime
                0x0000000008006b66       0x98 Core/Src/adc.o
 *fill*         0x0000000008006bfe        0x2 
 .text.LL_DMA_SetDataTransferDirection
                0x0000000008006c00       0x48 Core/Src/adc.o
 .text.LL_DMA_SetMode
                0x0000000008006c48       0x48 Core/Src/adc.o
 .text.LL_DMA_SetPeriphIncMode
                0x0000000008006c90       0x48 Core/Src/adc.o
 .text.LL_DMA_SetMemoryIncMode
                0x0000000008006cd8       0x48 Core/Src/adc.o
 .text.LL_DMA_SetPeriphSize
                0x0000000008006d20       0x48 Core/Src/adc.o
 .text.LL_DMA_SetMemorySize
                0x0000000008006d68       0x48 Core/Src/adc.o
 .text.LL_DMA_SetStreamPriorityLevel
                0x0000000008006db0       0x48 Core/Src/adc.o
 .text.LL_DMA_SetChannelSelection
                0x0000000008006df8       0x48 Core/Src/adc.o
 .text.LL_DMA_DisableFifoMode
                0x0000000008006e40       0x40 Core/Src/adc.o
 .text.LL_AHB1_GRP1_EnableClock
                0x0000000008006e80       0x30 Core/Src/adc.o
 .text.LL_APB2_GRP1_EnableClock
                0x0000000008006eb0       0x30 Core/Src/adc.o
 .text.MX_ADC1_Init
                0x0000000008006ee0      0x1b8 Core/Src/adc.o
                0x0000000008006ee0                MX_ADC1_Init
 .text.__NVIC_GetPriorityGrouping
                0x0000000008007098       0x1c Core/Src/dma.o
 .text.__NVIC_EnableIRQ
                0x00000000080070b4       0x3c Core/Src/dma.o
 .text.__NVIC_SetPriority
                0x00000000080070f0       0x54 Core/Src/dma.o
 .text.NVIC_EncodePriority
                0x0000000008007144       0x66 Core/Src/dma.o
 *fill*         0x00000000080071aa        0x2 
 .text.LL_AHB1_GRP1_EnableClock
                0x00000000080071ac       0x30 Core/Src/dma.o
 .text.MX_DMA_Init
                0x00000000080071dc       0x30 Core/Src/dma.o
                0x00000000080071dc                MX_DMA_Init
 .text.LL_AHB1_GRP1_EnableClock
                0x000000000800720c       0x30 Core/Src/gpio.o
 .text.LL_GPIO_ResetOutputPin
                0x000000000800723c       0x1e Core/Src/gpio.o
 *fill*         0x000000000800725a        0x2 
 .text.MX_GPIO_Init
                0x000000000800725c      0x11c Core/Src/gpio.o
                0x000000000800725c                MX_GPIO_Init
 .text.__NVIC_SetPriorityGrouping
                0x0000000008007378       0x48 Core/Src/main.o
 .text.LL_RCC_HSI_Enable
                0x00000000080073c0       0x20 Core/Src/main.o
 .text.LL_RCC_HSI_IsReady
                0x00000000080073e0       0x24 Core/Src/main.o
 .text.LL_RCC_HSI_SetCalibTrimming
                0x0000000008007404       0x2c Core/Src/main.o
 .text.LL_RCC_SetSysClkSource
                0x0000000008007430       0x28 Core/Src/main.o
 .text.LL_RCC_GetSysClkSource
                0x0000000008007458       0x1c Core/Src/main.o
 .text.LL_RCC_SetAHBPrescaler
                0x0000000008007474       0x28 Core/Src/main.o
 .text.LL_RCC_SetAPB1Prescaler
                0x000000000800749c       0x28 Core/Src/main.o
 .text.LL_RCC_SetAPB2Prescaler
                0x00000000080074c4       0x28 Core/Src/main.o
 .text.LL_RCC_PLL_Enable
                0x00000000080074ec       0x20 Core/Src/main.o
 .text.LL_RCC_PLL_IsReady
                0x000000000800750c       0x28 Core/Src/main.o
 .text.LL_RCC_PLL_ConfigDomain_SYS
                0x0000000008007534       0x4c Core/Src/main.o
 .text.LL_APB1_GRP1_EnableClock
                0x0000000008007580       0x30 Core/Src/main.o
 .text.LL_APB2_GRP1_EnableClock
                0x00000000080075b0       0x30 Core/Src/main.o
 .text.LL_FLASH_SetLatency
                0x00000000080075e0       0x28 Core/Src/main.o
 .text.LL_FLASH_GetLatency
                0x0000000008007608       0x1c Core/Src/main.o
 .text.LL_PWR_SetRegulVoltageScaling
                0x0000000008007624       0x28 Core/Src/main.o
 .text.LL_USART_IsActiveFlag_TXE
                0x000000000800764c       0x26 Core/Src/main.o
 .text.LL_USART_TransmitData8
                0x0000000008007672       0x1e Core/Src/main.o
 .text.__io_putchar
                0x0000000008007690       0x54 Core/Src/main.o
                0x0000000008007690                __io_putchar
 .text.main     0x00000000080076e4      0x4c0 Core/Src/main.o
                0x00000000080076e4                main
 .text.SystemClock_Config
                0x0000000008007ba4       0x8c Core/Src/main.o
                0x0000000008007ba4                SystemClock_Config
 .text.LL_AHB1_GRP1_EnableClock
                0x0000000008007c30       0x30 Core/Src/spi.o
 .text.LL_APB1_GRP1_EnableClock
                0x0000000008007c60       0x30 Core/Src/spi.o
 .text.LL_SPI_SetStandard
                0x0000000008007c90       0x26 Core/Src/spi.o
 *fill*         0x0000000008007cb6        0x2 
 .text.MX_SPI3_Init
                0x0000000008007cb8       0xa8 Core/Src/spi.o
                0x0000000008007cb8                MX_SPI3_Init
 .text.LL_DMA_IsActiveFlag_TC0
                0x0000000008007d60       0x26 Core/Src/stm32f4xx_it.o
 .text.LL_DMA_ClearFlag_TC0
                0x0000000008007d86       0x1a Core/Src/stm32f4xx_it.o
 .text.LL_TIM_ClearFlag_UPDATE
                0x0000000008007da0       0x1c Core/Src/stm32f4xx_it.o
 .text.LL_TIM_IsActiveFlag_UPDATE
                0x0000000008007dbc       0x26 Core/Src/stm32f4xx_it.o
 .text.NMI_Handler
                0x0000000008007de2        0x6 Core/Src/stm32f4xx_it.o
                0x0000000008007de2                NMI_Handler
 .text.HardFault_Handler
                0x0000000008007de8        0x6 Core/Src/stm32f4xx_it.o
                0x0000000008007de8                HardFault_Handler
 .text.MemManage_Handler
                0x0000000008007dee        0x6 Core/Src/stm32f4xx_it.o
                0x0000000008007dee                MemManage_Handler
 .text.BusFault_Handler
                0x0000000008007df4        0x6 Core/Src/stm32f4xx_it.o
                0x0000000008007df4                BusFault_Handler
 .text.UsageFault_Handler
                0x0000000008007dfa        0x6 Core/Src/stm32f4xx_it.o
                0x0000000008007dfa                UsageFault_Handler
 .text.SVC_Handler
                0x0000000008007e00        0xe Core/Src/stm32f4xx_it.o
                0x0000000008007e00                SVC_Handler
 .text.DebugMon_Handler
                0x0000000008007e0e        0xe Core/Src/stm32f4xx_it.o
                0x0000000008007e0e                DebugMon_Handler
 .text.PendSV_Handler
                0x0000000008007e1c        0xe Core/Src/stm32f4xx_it.o
                0x0000000008007e1c                PendSV_Handler
 .text.SysTick_Handler
                0x0000000008007e2a        0xe Core/Src/stm32f4xx_it.o
                0x0000000008007e2a                SysTick_Handler
 .text.TIM5_IRQHandler
                0x0000000008007e38       0x24 Core/Src/stm32f4xx_it.o
                0x0000000008007e38                TIM5_IRQHandler
 .text.DMA2_Stream0_IRQHandler
                0x0000000008007e5c       0x24 Core/Src/stm32f4xx_it.o
                0x0000000008007e5c                DMA2_Stream0_IRQHandler
 .text._getpid  0x0000000008007e80       0x10 Core/Src/syscalls.o
                0x0000000008007e80                _getpid
 .text._kill    0x0000000008007e90       0x20 Core/Src/syscalls.o
                0x0000000008007e90                _kill
 .text._exit    0x0000000008007eb0       0x14 Core/Src/syscalls.o
                0x0000000008007eb0                _exit
 .text._read    0x0000000008007ec4       0x3a Core/Src/syscalls.o
                0x0000000008007ec4                _read
 .text._write   0x0000000008007efe       0x38 Core/Src/syscalls.o
                0x0000000008007efe                _write
 .text._close   0x0000000008007f36       0x18 Core/Src/syscalls.o
                0x0000000008007f36                _close
 .text._fstat   0x0000000008007f4e       0x20 Core/Src/syscalls.o
                0x0000000008007f4e                _fstat
 .text._isatty  0x0000000008007f6e       0x16 Core/Src/syscalls.o
                0x0000000008007f6e                _isatty
 .text._lseek   0x0000000008007f84       0x1a Core/Src/syscalls.o
                0x0000000008007f84                _lseek
 *fill*         0x0000000008007f9e        0x2 
 .text._sbrk    0x0000000008007fa0       0x6c Core/Src/sysmem.o
                0x0000000008007fa0                _sbrk
 .text.SystemInit
                0x000000000800800c       0x2c Core/Src/system_stm32f4xx.o
                0x000000000800800c                SystemInit
 .text.__NVIC_GetPriorityGrouping
                0x0000000008008038       0x1c Core/Src/tim.o
 .text.__NVIC_EnableIRQ
                0x0000000008008054       0x3c Core/Src/tim.o
 .text.__NVIC_SetPriority
                0x0000000008008090       0x54 Core/Src/tim.o
 .text.NVIC_EncodePriority
                0x00000000080080e4       0x66 Core/Src/tim.o
 *fill*         0x000000000800814a        0x2 
 .text.LL_AHB1_GRP1_EnableClock
                0x000000000800814c       0x30 Core/Src/tim.o
 .text.LL_APB1_GRP1_EnableClock
                0x000000000800817c       0x30 Core/Src/tim.o
 .text.LL_APB2_GRP1_EnableClock
                0x00000000080081ac       0x30 Core/Src/tim.o
 .text.LL_TIM_EnableARRPreload
                0x00000000080081dc       0x20 Core/Src/tim.o
 .text.LL_TIM_DisableARRPreload
                0x00000000080081fc       0x20 Core/Src/tim.o
 .text.LL_TIM_OC_DisableFast
                0x000000000800821c       0x8c Core/Src/tim.o
 .text.LL_TIM_OC_EnablePreload
                0x00000000080082a8       0x88 Core/Src/tim.o
 .text.LL_TIM_IC_SetActiveInput
                0x0000000008008330       0x9c Core/Src/tim.o
 .text.LL_TIM_IC_SetPrescaler
                0x00000000080083cc       0x9c Core/Src/tim.o
 .text.LL_TIM_IC_SetFilter
                0x0000000008008468       0x9c Core/Src/tim.o
 .text.LL_TIM_IC_SetPolarity
                0x0000000008008504       0x88 Core/Src/tim.o
 .text.LL_TIM_SetClockSource
                0x000000000800858c       0x2a Core/Src/tim.o
 .text.LL_TIM_SetEncoderMode
                0x00000000080085b6       0x26 Core/Src/tim.o
 .text.LL_TIM_SetTriggerOutput
                0x00000000080085dc       0x26 Core/Src/tim.o
 .text.LL_TIM_DisableMasterSlaveMode
                0x0000000008008602       0x20 Core/Src/tim.o
 *fill*         0x0000000008008622        0x2 
 .text.MX_TIM1_Init
                0x0000000008008624      0x130 Core/Src/tim.o
                0x0000000008008624                MX_TIM1_Init
 .text.MX_TIM2_Init
                0x0000000008008754       0xe8 Core/Src/tim.o
                0x0000000008008754                MX_TIM2_Init
 .text.MX_TIM3_Init
                0x000000000800883c       0xf4 Core/Src/tim.o
                0x000000000800883c                MX_TIM3_Init
 .text.MX_TIM4_Init
                0x0000000008008930       0xf4 Core/Src/tim.o
                0x0000000008008930                MX_TIM4_Init
 .text.MX_TIM5_Init
                0x0000000008008a24       0x80 Core/Src/tim.o
                0x0000000008008a24                MX_TIM5_Init
 .text.MX_TIM6_Init
                0x0000000008008aa4       0x54 Core/Src/tim.o
                0x0000000008008aa4                MX_TIM6_Init
 .text.MX_TIM8_Init
                0x0000000008008af8      0x134 Core/Src/tim.o
                0x0000000008008af8                MX_TIM8_Init
 .text.MX_TIM11_Init
                0x0000000008008c2c       0xcc Core/Src/tim.o
                0x0000000008008c2c                MX_TIM11_Init
 .text.LL_AHB1_GRP1_EnableClock
                0x0000000008008cf8       0x30 Core/Src/usart.o
 .text.LL_APB2_GRP1_EnableClock
                0x0000000008008d28       0x30 Core/Src/usart.o
 .text.LL_USART_Enable
                0x0000000008008d58       0x20 Core/Src/usart.o
 .text.LL_USART_ConfigAsyncMode
                0x0000000008008d78       0x2c Core/Src/usart.o
 .text.MX_USART1_UART_Init
                0x0000000008008da4       0xa0 Core/Src/usart.o
                0x0000000008008da4                MX_USART1_UART_Init
 .text.Reset_Handler
                0x0000000008008e44       0x50 Core/Startup/startup_stm32f405rgtx.o
                0x0000000008008e44                Reset_Handler
 .text.Default_Handler
                0x0000000008008e94        0x2 Core/Startup/startup_stm32f405rgtx.o
                0x0000000008008e94                RTC_Alarm_IRQHandler
                0x0000000008008e94                HASH_RNG_IRQHandler
                0x0000000008008e94                EXTI2_IRQHandler
                0x0000000008008e94                TIM8_CC_IRQHandler
                0x0000000008008e94                TIM1_CC_IRQHandler
                0x0000000008008e94                DMA2_Stream5_IRQHandler
                0x0000000008008e94                DMA1_Stream5_IRQHandler
                0x0000000008008e94                PVD_IRQHandler
                0x0000000008008e94                SDIO_IRQHandler
                0x0000000008008e94                TAMP_STAMP_IRQHandler
                0x0000000008008e94                CAN2_RX1_IRQHandler
                0x0000000008008e94                EXTI3_IRQHandler
                0x0000000008008e94                TIM8_TRG_COM_TIM14_IRQHandler
                0x0000000008008e94                TIM1_UP_TIM10_IRQHandler
                0x0000000008008e94                TIM8_UP_TIM13_IRQHandler
                0x0000000008008e94                I2C3_ER_IRQHandler
                0x0000000008008e94                EXTI0_IRQHandler
                0x0000000008008e94                I2C2_EV_IRQHandler
                0x0000000008008e94                DMA1_Stream2_IRQHandler
                0x0000000008008e94                CAN1_RX0_IRQHandler
                0x0000000008008e94                FPU_IRQHandler
                0x0000000008008e94                OTG_HS_WKUP_IRQHandler
                0x0000000008008e94                CAN2_SCE_IRQHandler
                0x0000000008008e94                DMA2_Stream2_IRQHandler
                0x0000000008008e94                SPI1_IRQHandler
                0x0000000008008e94                TIM6_DAC_IRQHandler
                0x0000000008008e94                TIM1_BRK_TIM9_IRQHandler
                0x0000000008008e94                CAN2_RX0_IRQHandler
                0x0000000008008e94                DMA2_Stream3_IRQHandler
                0x0000000008008e94                USART6_IRQHandler
                0x0000000008008e94                USART3_IRQHandler
                0x0000000008008e94                CAN1_RX1_IRQHandler
                0x0000000008008e94                UART5_IRQHandler
                0x0000000008008e94                TIM4_IRQHandler
                0x0000000008008e94                I2C1_EV_IRQHandler
                0x0000000008008e94                DMA1_Stream6_IRQHandler
                0x0000000008008e94                DMA1_Stream1_IRQHandler
                0x0000000008008e94                UART4_IRQHandler
                0x0000000008008e94                TIM3_IRQHandler
                0x0000000008008e94                RCC_IRQHandler
                0x0000000008008e94                TIM8_BRK_TIM12_IRQHandler
                0x0000000008008e94                Default_Handler
                0x0000000008008e94                EXTI15_10_IRQHandler
                0x0000000008008e94                ADC_IRQHandler
                0x0000000008008e94                DMA1_Stream7_IRQHandler
                0x0000000008008e94                TIM7_IRQHandler
                0x0000000008008e94                CAN2_TX_IRQHandler
                0x0000000008008e94                DMA2_Stream7_IRQHandler
                0x0000000008008e94                I2C3_EV_IRQHandler
                0x0000000008008e94                EXTI9_5_IRQHandler
                0x0000000008008e94                RTC_WKUP_IRQHandler
                0x0000000008008e94                SPI2_IRQHandler
                0x0000000008008e94                OTG_HS_EP1_IN_IRQHandler
                0x0000000008008e94                DMA1_Stream0_IRQHandler
                0x0000000008008e94                CAN1_TX_IRQHandler
                0x0000000008008e94                EXTI4_IRQHandler
                0x0000000008008e94                FSMC_IRQHandler
                0x0000000008008e94                OTG_HS_EP1_OUT_IRQHandler
                0x0000000008008e94                WWDG_IRQHandler
                0x0000000008008e94                TIM2_IRQHandler
                0x0000000008008e94                OTG_FS_WKUP_IRQHandler
                0x0000000008008e94                TIM1_TRG_COM_TIM11_IRQHandler
                0x0000000008008e94                OTG_HS_IRQHandler
                0x0000000008008e94                EXTI1_IRQHandler
                0x0000000008008e94                USART2_IRQHandler
                0x0000000008008e94                I2C2_ER_IRQHandler
                0x0000000008008e94                DMA2_Stream1_IRQHandler
                0x0000000008008e94                CAN1_SCE_IRQHandler
                0x0000000008008e94                FLASH_IRQHandler
                0x0000000008008e94                DMA2_Stream4_IRQHandler
                0x0000000008008e94                USART1_IRQHandler
                0x0000000008008e94                OTG_FS_IRQHandler
                0x0000000008008e94                SPI3_IRQHandler
                0x0000000008008e94                DMA1_Stream4_IRQHandler
                0x0000000008008e94                I2C1_ER_IRQHandler
                0x0000000008008e94                DMA2_Stream6_IRQHandler
                0x0000000008008e94                DMA1_Stream3_IRQHandler
 .text.LL_ADC_REG_SetSequencerLength
                0x0000000008008e96       0x26 Drivers/STM32F4xx_HAL_Driver/Src/stm32f4xx_ll_adc.o
 .text.LL_ADC_IsEnabled
                0x0000000008008ebc       0x26 Drivers/STM32F4xx_HAL_Driver/Src/stm32f4xx_ll_adc.o
 *fill*         0x0000000008008ee2        0x2 
 .text.LL_ADC_CommonInit
                0x0000000008008ee4       0x90 Drivers/STM32F4xx_HAL_Driver/Src/stm32f4xx_ll_adc.o
                0x0000000008008ee4                LL_ADC_CommonInit
 .text.LL_ADC_Init
                0x0000000008008f74       0x58 Drivers/STM32F4xx_HAL_Driver/Src/stm32f4xx_ll_adc.o
                0x0000000008008f74                LL_ADC_Init
 .text.LL_ADC_REG_Init
                0x0000000008008fcc       0x84 Drivers/STM32F4xx_HAL_Driver/Src/stm32f4xx_ll_adc.o
                0x0000000008008fcc                LL_ADC_REG_Init
 .text.LL_GPIO_SetPinMode
                0x0000000008009050       0x5e Drivers/STM32F4xx_HAL_Driver/Src/stm32f4xx_ll_gpio.o
 .text.LL_GPIO_SetPinOutputType
                0x00000000080090ae       0x30 Drivers/STM32F4xx_HAL_Driver/Src/stm32f4xx_ll_gpio.o
 .text.LL_GPIO_SetPinSpeed
                0x00000000080090de       0x5e Drivers/STM32F4xx_HAL_Driver/Src/stm32f4xx_ll_gpio.o
 .text.LL_GPIO_SetPinPull
                0x000000000800913c       0x5e Drivers/STM32F4xx_HAL_Driver/Src/stm32f4xx_ll_gpio.o
 .text.LL_GPIO_SetAFPin_0_7
                0x000000000800919a       0x5e Drivers/STM32F4xx_HAL_Driver/Src/stm32f4xx_ll_gpio.o
 .text.LL_GPIO_SetAFPin_8_15
                0x00000000080091f8       0x62 Drivers/STM32F4xx_HAL_Driver/Src/stm32f4xx_ll_gpio.o
 .text.LL_GPIO_Init
                0x000000000800925a       0xe6 Drivers/STM32F4xx_HAL_Driver/Src/stm32f4xx_ll_gpio.o
                0x000000000800925a                LL_GPIO_Init
 .text.LL_RCC_GetSysClkSource
                0x0000000008009340       0x1c Drivers/STM32F4xx_HAL_Driver/Src/stm32f4xx_ll_rcc.o
 .text.LL_RCC_GetAHBPrescaler
                0x000000000800935c       0x1c Drivers/STM32F4xx_HAL_Driver/Src/stm32f4xx_ll_rcc.o
 .text.LL_RCC_GetAPB1Prescaler
                0x0000000008009378       0x1c Drivers/STM32F4xx_HAL_Driver/Src/stm32f4xx_ll_rcc.o
 .text.LL_RCC_GetAPB2Prescaler
                0x0000000008009394       0x1c Drivers/STM32F4xx_HAL_Driver/Src/stm32f4xx_ll_rcc.o
 .text.LL_RCC_PLL_GetMainSource
                0x00000000080093b0       0x1c Drivers/STM32F4xx_HAL_Driver/Src/stm32f4xx_ll_rcc.o
 .text.LL_RCC_PLL_GetN
                0x00000000080093cc       0x1c Drivers/STM32F4xx_HAL_Driver/Src/stm32f4xx_ll_rcc.o
 .text.LL_RCC_PLL_GetP
                0x00000000080093e8       0x1c Drivers/STM32F4xx_HAL_Driver/Src/stm32f4xx_ll_rcc.o
 .text.LL_RCC_PLL_GetDivider
                0x0000000008009404       0x1c Drivers/STM32F4xx_HAL_Driver/Src/stm32f4xx_ll_rcc.o
 .text.LL_RCC_GetSystemClocksFreq
                0x0000000008009420       0x4a Drivers/STM32F4xx_HAL_Driver/Src/stm32f4xx_ll_rcc.o
                0x0000000008009420                LL_RCC_GetSystemClocksFreq
 *fill*         0x000000000800946a        0x2 
 .text.RCC_GetSystemClockFreq
                0x000000000800946c       0x50 Drivers/STM32F4xx_HAL_Driver/Src/stm32f4xx_ll_rcc.o
                0x000000000800946c                RCC_GetSystemClockFreq
 .text.RCC_GetHCLKClockFreq
                0x00000000080094bc       0x2c Drivers/STM32F4xx_HAL_Driver/Src/stm32f4xx_ll_rcc.o
                0x00000000080094bc                RCC_GetHCLKClockFreq
 .text.RCC_GetPCLK1ClockFreq
                0x00000000080094e8       0x28 Drivers/STM32F4xx_HAL_Driver/Src/stm32f4xx_ll_rcc.o
                0x00000000080094e8                RCC_GetPCLK1ClockFreq
 .text.RCC_GetPCLK2ClockFreq
                0x0000000008009510       0x28 Drivers/STM32F4xx_HAL_Driver/Src/stm32f4xx_ll_rcc.o
                0x0000000008009510                RCC_GetPCLK2ClockFreq
 .text.RCC_PLL_GetFreqDomain_SYS
                0x0000000008009538       0x7c Drivers/STM32F4xx_HAL_Driver/Src/stm32f4xx_ll_rcc.o
                0x0000000008009538                RCC_PLL_GetFreqDomain_SYS
 .text.LL_SPI_IsEnabled
                0x00000000080095b4       0x26 Drivers/STM32F4xx_HAL_Driver/Src/stm32f4xx_ll_spi.o
 .text.LL_SPI_SetCRCPolynomial
                0x00000000080095da       0x20 Drivers/STM32F4xx_HAL_Driver/Src/stm32f4xx_ll_spi.o
 .text.LL_SPI_Init
                0x00000000080095fa       0xa4 Drivers/STM32F4xx_HAL_Driver/Src/stm32f4xx_ll_spi.o
                0x00000000080095fa                LL_SPI_Init
 .text.LL_TIM_SetPrescaler
                0x000000000800969e       0x1c Drivers/STM32F4xx_HAL_Driver/Src/stm32f4xx_ll_tim.o
 .text.LL_TIM_SetAutoReload
                0x00000000080096ba       0x1c Drivers/STM32F4xx_HAL_Driver/Src/stm32f4xx_ll_tim.o
 .text.LL_TIM_SetRepetitionCounter
                0x00000000080096d6       0x1c Drivers/STM32F4xx_HAL_Driver/Src/stm32f4xx_ll_tim.o
 .text.LL_TIM_OC_SetCompareCH1
                0x00000000080096f2       0x1c Drivers/STM32F4xx_HAL_Driver/Src/stm32f4xx_ll_tim.o
 .text.LL_TIM_OC_SetCompareCH2
                0x000000000800970e       0x1c Drivers/STM32F4xx_HAL_Driver/Src/stm32f4xx_ll_tim.o
 .text.LL_TIM_OC_SetCompareCH3
                0x000000000800972a       0x1c Drivers/STM32F4xx_HAL_Driver/Src/stm32f4xx_ll_tim.o
 .text.LL_TIM_OC_SetCompareCH4
                0x0000000008009746       0x1c Drivers/STM32F4xx_HAL_Driver/Src/stm32f4xx_ll_tim.o
 .text.LL_TIM_GenerateEvent_UPDATE
                0x0000000008009762       0x20 Drivers/STM32F4xx_HAL_Driver/Src/stm32f4xx_ll_tim.o
 *fill*         0x0000000008009782        0x2 
 .text.LL_TIM_Init
                0x0000000008009784      0x134 Drivers/STM32F4xx_HAL_Driver/Src/stm32f4xx_ll_tim.o
                0x0000000008009784                LL_TIM_Init
 .text.LL_TIM_OC_Init
                0x00000000080098b8       0x82 Drivers/STM32F4xx_HAL_Driver/Src/stm32f4xx_ll_tim.o
                0x00000000080098b8                LL_TIM_OC_Init
 .text.LL_TIM_BDTR_Init
                0x000000000800993a       0x92 Drivers/STM32F4xx_HAL_Driver/Src/stm32f4xx_ll_tim.o
                0x000000000800993a                LL_TIM_BDTR_Init
 .text.OC1Config
                0x00000000080099cc       0xd8 Drivers/STM32F4xx_HAL_Driver/Src/stm32f4xx_ll_tim.o
 .text.OC2Config
                0x0000000008009aa4       0xe0 Drivers/STM32F4xx_HAL_Driver/Src/stm32f4xx_ll_tim.o
 .text.OC3Config
                0x0000000008009b84       0xe0 Drivers/STM32F4xx_HAL_Driver/Src/stm32f4xx_ll_tim.o
 .text.OC4Config
                0x0000000008009c64       0xb0 Drivers/STM32F4xx_HAL_Driver/Src/stm32f4xx_ll_tim.o
 .text.LL_USART_IsEnabled
                0x0000000008009d14       0x28 Drivers/STM32F4xx_HAL_Driver/Src/stm32f4xx_ll_usart.o
 .text.LL_USART_SetStopBitsLength
                0x0000000008009d3c       0x26 Drivers/STM32F4xx_HAL_Driver/Src/stm32f4xx_ll_usart.o
 .text.LL_USART_SetHWFlowCtrl
                0x0000000008009d62       0x26 Drivers/STM32F4xx_HAL_Driver/Src/stm32f4xx_ll_usart.o
 .text.LL_USART_SetBaudRate
                0x0000000008009d88      0x320 Drivers/STM32F4xx_HAL_Driver/Src/stm32f4xx_ll_usart.o
 .text.LL_USART_Init
                0x000000000800a0a8      0x100 Drivers/STM32F4xx_HAL_Driver/Src/stm32f4xx_ll_usart.o
                0x000000000800a0a8                LL_USART_Init
 .text.LL_InitTick
                0x000000000800a1a8       0x34 Drivers/STM32F4xx_HAL_Driver/Src/stm32f4xx_ll_utils.o
 .text.LL_Init1msTick
                0x000000000800a1dc       0x1a Drivers/STM32F4xx_HAL_Driver/Src/stm32f4xx_ll_utils.o
                0x000000000800a1dc                LL_Init1msTick
 *fill*         0x000000000800a1f6        0x2 
 .text.LL_mDelay
                0x000000000800a1f8       0x4c Drivers/STM32F4xx_HAL_Driver/Src/stm32f4xx_ll_utils.o
                0x000000000800a1f8                LL_mDelay
 .text.LL_SetSystemCoreClock
                0x000000000800a244       0x20 Drivers/STM32F4xx_HAL_Driver/Src/stm32f4xx_ll_utils.o
                0x000000000800a244                LL_SetSystemCoreClock
 .text.__errno  0x000000000800a264        0xc c:/st/stm32cubeide_1.0.2/stm32cubeide/plugins/com.st.stm32cube.ide.mcu.externaltools.gnu-tools-for-stm32.9-2020-q2-update.win32_1.5.0.202011040924/tools/bin/../lib/gcc/arm-none-eabi/9.3.1/../../../../arm-none-eabi/lib/thumb/v7e-m+fp/hard\libc_nano.a(lib_a-errno.o)
                0x000000000800a264                __errno
 .text.__libc_init_array
                0x000000000800a270       0x48 c:/st/stm32cubeide_1.0.2/stm32cubeide/plugins/com.st.stm32cube.ide.mcu.externaltools.gnu-tools-for-stm32.9-2020-q2-update.win32_1.5.0.202011040924/tools/bin/../lib/gcc/arm-none-eabi/9.3.1/../../../../arm-none-eabi/lib/thumb/v7e-m+fp/hard\libc_nano.a(lib_a-init.o)
                0x000000000800a270                __libc_init_array
 .text.memset   0x000000000800a2b8       0x10 c:/st/stm32cubeide_1.0.2/stm32cubeide/plugins/com.st.stm32cube.ide.mcu.externaltools.gnu-tools-for-stm32.9-2020-q2-update.win32_1.5.0.202011040924/tools/bin/../lib/gcc/arm-none-eabi/9.3.1/../../../../arm-none-eabi/lib/thumb/v7e-m+fp/hard\libc_nano.a(lib_a-memset.o)
                0x000000000800a2b8                memset
 .text.__cvt    0x000000000800a2c8       0xc4 c:/st/stm32cubeide_1.0.2/stm32cubeide/plugins/com.st.stm32cube.ide.mcu.externaltools.gnu-tools-for-stm32.9-2020-q2-update.win32_1.5.0.202011040924/tools/bin/../lib/gcc/arm-none-eabi/9.3.1/../../../../arm-none-eabi/lib/thumb/v7e-m+fp/hard\libc_nano.a(lib_a-nano-vfprintf_float.o)
                0x000000000800a2c8                __cvt
 .text.__exponent
                0x000000000800a38c       0x7c c:/st/stm32cubeide_1.0.2/stm32cubeide/plugins/com.st.stm32cube.ide.mcu.externaltools.gnu-tools-for-stm32.9-2020-q2-update.win32_1.5.0.202011040924/tools/bin/../lib/gcc/arm-none-eabi/9.3.1/../../../../arm-none-eabi/lib/thumb/v7e-m+fp/hard\libc_nano.a(lib_a-nano-vfprintf_float.o)
                0x000000000800a38c                __exponent
 .text._printf_float
                0x000000000800a408      0x46c c:/st/stm32cubeide_1.0.2/stm32cubeide/plugins/com.st.stm32cube.ide.mcu.externaltools.gnu-tools-for-stm32.9-2020-q2-update.win32_1.5.0.202011040924/tools/bin/../lib/gcc/arm-none-eabi/9.3.1/../../../../arm-none-eabi/lib/thumb/v7e-m+fp/hard\libc_nano.a(lib_a-nano-vfprintf_float.o)
                0x000000000800a408                _printf_float
 .text._printf_common
                0x000000000800a874       0xda c:/st/stm32cubeide_1.0.2/stm32cubeide/plugins/com.st.stm32cube.ide.mcu.externaltools.gnu-tools-for-stm32.9-2020-q2-update.win32_1.5.0.202011040924/tools/bin/../lib/gcc/arm-none-eabi/9.3.1/../../../../arm-none-eabi/lib/thumb/v7e-m+fp/hard\libc_nano.a(lib_a-nano-vfprintf_i.o)
                0x000000000800a874                _printf_common
 *fill*         0x000000000800a94e        0x2 
 .text._printf_i
                0x000000000800a950      0x24c c:/st/stm32cubeide_1.0.2/stm32cubeide/plugins/com.st.stm32cube.ide.mcu.externaltools.gnu-tools-for-stm32.9-2020-q2-update.win32_1.5.0.202011040924/tools/bin/../lib/gcc/arm-none-eabi/9.3.1/../../../../arm-none-eabi/lib/thumb/v7e-m+fp/hard\libc_nano.a(lib_a-nano-vfprintf_i.o)
                0x000000000800a950                _printf_i
 .text.printf   0x000000000800ab9c       0x30 c:/st/stm32cubeide_1.0.2/stm32cubeide/plugins/com.st.stm32cube.ide.mcu.externaltools.gnu-tools-for-stm32.9-2020-q2-update.win32_1.5.0.202011040924/tools/bin/../lib/gcc/arm-none-eabi/9.3.1/../../../../arm-none-eabi/lib/thumb/v7e-m+fp/hard\libc_nano.a(lib_a-printf.o)
                0x000000000800ab9c                iprintf
                0x000000000800ab9c                printf
 .text.putchar  0x000000000800abcc       0x2c c:/st/stm32cubeide_1.0.2/stm32cubeide/plugins/com.st.stm32cube.ide.mcu.externaltools.gnu-tools-for-stm32.9-2020-q2-update.win32_1.5.0.202011040924/tools/bin/../lib/gcc/arm-none-eabi/9.3.1/../../../../arm-none-eabi/lib/thumb/v7e-m+fp/hard\libc_nano.a(lib_a-putchar.o)
                0x000000000800abcc                putchar
 .text._puts_r  0x000000000800abf8       0xdc c:/st/stm32cubeide_1.0.2/stm32cubeide/plugins/com.st.stm32cube.ide.mcu.externaltools.gnu-tools-for-stm32.9-2020-q2-update.win32_1.5.0.202011040924/tools/bin/../lib/gcc/arm-none-eabi/9.3.1/../../../../arm-none-eabi/lib/thumb/v7e-m+fp/hard\libc_nano.a(lib_a-puts.o)
                0x000000000800abf8                _puts_r
 .text.puts     0x000000000800acd4       0x10 c:/st/stm32cubeide_1.0.2/stm32cubeide/plugins/com.st.stm32cube.ide.mcu.externaltools.gnu-tools-for-stm32.9-2020-q2-update.win32_1.5.0.202011040924/tools/bin/../lib/gcc/arm-none-eabi/9.3.1/../../../../arm-none-eabi/lib/thumb/v7e-m+fp/hard\libc_nano.a(lib_a-puts.o)
                0x000000000800acd4                puts
 .text.setbuf   0x000000000800ace4       0x10 c:/st/stm32cubeide_1.0.2/stm32cubeide/plugins/com.st.stm32cube.ide.mcu.externaltools.gnu-tools-for-stm32.9-2020-q2-update.win32_1.5.0.202011040924/tools/bin/../lib/gcc/arm-none-eabi/9.3.1/../../../../arm-none-eabi/lib/thumb/v7e-m+fp/hard\libc_nano.a(lib_a-setbuf.o)
                0x000000000800ace4                setbuf
 .text.setvbuf  0x000000000800acf4      0x18c c:/st/stm32cubeide_1.0.2/stm32cubeide/plugins/com.st.stm32cube.ide.mcu.externaltools.gnu-tools-for-stm32.9-2020-q2-update.win32_1.5.0.202011040924/tools/bin/../lib/gcc/arm-none-eabi/9.3.1/../../../../arm-none-eabi/lib/thumb/v7e-m+fp/hard\libc_nano.a(lib_a-setvbuf.o)
                0x000000000800acf4                setvbuf
 .text.__swbuf_r
                0x000000000800ae80       0xa4 c:/st/stm32cubeide_1.0.2/stm32cubeide/plugins/com.st.stm32cube.ide.mcu.externaltools.gnu-tools-for-stm32.9-2020-q2-update.win32_1.5.0.202011040924/tools/bin/../lib/gcc/arm-none-eabi/9.3.1/../../../../arm-none-eabi/lib/thumb/v7e-m+fp/hard\libc_nano.a(lib_a-wbuf.o)
                0x000000000800ae80                __swbuf_r
 .text.__swsetup_r
                0x000000000800af24       0xdc c:/st/stm32cubeide_1.0.2/stm32cubeide/plugins/com.st.stm32cube.ide.mcu.externaltools.gnu-tools-for-stm32.9-2020-q2-update.win32_1.5.0.202011040924/tools/bin/../lib/gcc/arm-none-eabi/9.3.1/../../../../arm-none-eabi/lib/thumb/v7e-m+fp/hard\libc_nano.a(lib_a-wsetup.o)
                0x000000000800af24                __swsetup_r
 .text.quorem   0x000000000800b000      0x116 c:/st/stm32cubeide_1.0.2/stm32cubeide/plugins/com.st.stm32cube.ide.mcu.externaltools.gnu-tools-for-stm32.9-2020-q2-update.win32_1.5.0.202011040924/tools/bin/../lib/gcc/arm-none-eabi/9.3.1/../../../../arm-none-eabi/lib/thumb/v7e-m+fp/hard\libc_nano.a(lib_a-dtoa.o)
 *fill*         0x000000000800b116        0x2 
 .text._dtoa_r  0x000000000800b118      0xbd8 c:/st/stm32cubeide_1.0.2/stm32cubeide/plugins/com.st.stm32cube.ide.mcu.externaltools.gnu-tools-for-stm32.9-2020-q2-update.win32_1.5.0.202011040924/tools/bin/../lib/gcc/arm-none-eabi/9.3.1/../../../../arm-none-eabi/lib/thumb/v7e-m+fp/hard\libc_nano.a(lib_a-dtoa.o)
                0x000000000800b118                _dtoa_r
 .text.__sflush_r
                0x000000000800bcf0      0x10c c:/st/stm32cubeide_1.0.2/stm32cubeide/plugins/com.st.stm32cube.ide.mcu.externaltools.gnu-tools-for-stm32.9-2020-q2-update.win32_1.5.0.202011040924/tools/bin/../lib/gcc/arm-none-eabi/9.3.1/../../../../arm-none-eabi/lib/thumb/v7e-m+fp/hard\libc_nano.a(lib_a-fflush.o)
                0x000000000800bcf0                __sflush_r
 .text._fflush_r
                0x000000000800bdfc       0x78 c:/st/stm32cubeide_1.0.2/stm32cubeide/plugins/com.st.stm32cube.ide.mcu.externaltools.gnu-tools-for-stm32.9-2020-q2-update.win32_1.5.0.202011040924/tools/bin/../lib/gcc/arm-none-eabi/9.3.1/../../../../arm-none-eabi/lib/thumb/v7e-m+fp/hard\libc_nano.a(lib_a-fflush.o)
                0x000000000800bdfc                _fflush_r
 .text.std      0x000000000800be74       0x48 c:/st/stm32cubeide_1.0.2/stm32cubeide/plugins/com.st.stm32cube.ide.mcu.externaltools.gnu-tools-for-stm32.9-2020-q2-update.win32_1.5.0.202011040924/tools/bin/../lib/gcc/arm-none-eabi/9.3.1/../../../../arm-none-eabi/lib/thumb/v7e-m+fp/hard\libc_nano.a(lib_a-findfp.o)
 .text._cleanup_r
                0x000000000800bebc        0xc c:/st/stm32cubeide_1.0.2/stm32cubeide/plugins/com.st.stm32cube.ide.mcu.externaltools.gnu-tools-for-stm32.9-2020-q2-update.win32_1.5.0.202011040924/tools/bin/../lib/gcc/arm-none-eabi/9.3.1/../../../../arm-none-eabi/lib/thumb/v7e-m+fp/hard\libc_nano.a(lib_a-findfp.o)
                0x000000000800bebc                _cleanup_r
 .text.__sfmoreglue
                0x000000000800bec8       0x2c c:/st/stm32cubeide_1.0.2/stm32cubeide/plugins/com.st.stm32cube.ide.mcu.externaltools.gnu-tools-for-stm32.9-2020-q2-update.win32_1.5.0.202011040924/tools/bin/../lib/gcc/arm-none-eabi/9.3.1/../../../../arm-none-eabi/lib/thumb/v7e-m+fp/hard\libc_nano.a(lib_a-findfp.o)
                0x000000000800bec8                __sfmoreglue
 .text.__sfp_lock_acquire
                0x000000000800bef4        0xc c:/st/stm32cubeide_1.0.2/stm32cubeide/plugins/com.st.stm32cube.ide.mcu.externaltools.gnu-tools-for-stm32.9-2020-q2-update.win32_1.5.0.202011040924/tools/bin/../lib/gcc/arm-none-eabi/9.3.1/../../../../arm-none-eabi/lib/thumb/v7e-m+fp/hard\libc_nano.a(lib_a-findfp.o)
                0x000000000800bef4                __sfp_lock_acquire
 .text.__sfp_lock_release
                0x000000000800bf00        0xc c:/st/stm32cubeide_1.0.2/stm32cubeide/plugins/com.st.stm32cube.ide.mcu.externaltools.gnu-tools-for-stm32.9-2020-q2-update.win32_1.5.0.202011040924/tools/bin/../lib/gcc/arm-none-eabi/9.3.1/../../../../arm-none-eabi/lib/thumb/v7e-m+fp/hard\libc_nano.a(lib_a-findfp.o)
                0x000000000800bf00                __sfp_lock_release
 .text.__sinit_lock_acquire
                0x000000000800bf0c        0xc c:/st/stm32cubeide_1.0.2/stm32cubeide/plugins/com.st.stm32cube.ide.mcu.externaltools.gnu-tools-for-stm32.9-2020-q2-update.win32_1.5.0.202011040924/tools/bin/../lib/gcc/arm-none-eabi/9.3.1/../../../../arm-none-eabi/lib/thumb/v7e-m+fp/hard\libc_nano.a(lib_a-findfp.o)
                0x000000000800bf0c                __sinit_lock_acquire
 .text.__sinit_lock_release
                0x000000000800bf18        0xc c:/st/stm32cubeide_1.0.2/stm32cubeide/plugins/com.st.stm32cube.ide.mcu.externaltools.gnu-tools-for-stm32.9-2020-q2-update.win32_1.5.0.202011040924/tools/bin/../lib/gcc/arm-none-eabi/9.3.1/../../../../arm-none-eabi/lib/thumb/v7e-m+fp/hard\libc_nano.a(lib_a-findfp.o)
                0x000000000800bf18                __sinit_lock_release
 .text.__sinit  0x000000000800bf24       0x70 c:/st/stm32cubeide_1.0.2/stm32cubeide/plugins/com.st.stm32cube.ide.mcu.externaltools.gnu-tools-for-stm32.9-2020-q2-update.win32_1.5.0.202011040924/tools/bin/../lib/gcc/arm-none-eabi/9.3.1/../../../../arm-none-eabi/lib/thumb/v7e-m+fp/hard\libc_nano.a(lib_a-findfp.o)
                0x000000000800bf24                __sinit
 .text.__sfp    0x000000000800bf94       0x8c c:/st/stm32cubeide_1.0.2/stm32cubeide/plugins/com.st.stm32cube.ide.mcu.externaltools.gnu-tools-for-stm32.9-2020-q2-update.win32_1.5.0.202011040924/tools/bin/../lib/gcc/arm-none-eabi/9.3.1/../../../../arm-none-eabi/lib/thumb/v7e-m+fp/hard\libc_nano.a(lib_a-findfp.o)
                0x000000000800bf94                __sfp
 .text._fwalk_reent
                0x000000000800c020       0x3e c:/st/stm32cubeide_1.0.2/stm32cubeide/plugins/com.st.stm32cube.ide.mcu.externaltools.gnu-tools-for-stm32.9-2020-q2-update.win32_1.5.0.202011040924/tools/bin/../lib/gcc/arm-none-eabi/9.3.1/../../../../arm-none-eabi/lib/thumb/v7e-m+fp/hard\libc_nano.a(lib_a-fwalk.o)
                0x000000000800c020                _fwalk_reent
 *fill*         0x000000000800c05e        0x2 
 .text._localeconv_r
                0x000000000800c060        0x8 c:/st/stm32cubeide_1.0.2/stm32cubeide/plugins/com.st.stm32cube.ide.mcu.externaltools.gnu-tools-for-stm32.9-2020-q2-update.win32_1.5.0.202011040924/tools/bin/../lib/gcc/arm-none-eabi/9.3.1/../../../../arm-none-eabi/lib/thumb/v7e-m+fp/hard\libc_nano.a(lib_a-localeconv.o)
                0x000000000800c060                _localeconv_r
 .text.__retarget_lock_init_recursive
                0x000000000800c068        0x2 c:/st/stm32cubeide_1.0.2/stm32cubeide/plugins/com.st.stm32cube.ide.mcu.externaltools.gnu-tools-for-stm32.9-2020-q2-update.win32_1.5.0.202011040924/tools/bin/../lib/gcc/arm-none-eabi/9.3.1/../../../../arm-none-eabi/lib/thumb/v7e-m+fp/hard\libc_nano.a(lib_a-lock.o)
                0x000000000800c068                __retarget_lock_init_recursive
 .text.__retarget_lock_acquire_recursive
                0x000000000800c06a        0x2 c:/st/stm32cubeide_1.0.2/stm32cubeide/plugins/com.st.stm32cube.ide.mcu.externaltools.gnu-tools-for-stm32.9-2020-q2-update.win32_1.5.0.202011040924/tools/bin/../lib/gcc/arm-none-eabi/9.3.1/../../../../arm-none-eabi/lib/thumb/v7e-m+fp/hard\libc_nano.a(lib_a-lock.o)
                0x000000000800c06a                __retarget_lock_acquire_recursive
 .text.__retarget_lock_release_recursive
                0x000000000800c06c        0x2 c:/st/stm32cubeide_1.0.2/stm32cubeide/plugins/com.st.stm32cube.ide.mcu.externaltools.gnu-tools-for-stm32.9-2020-q2-update.win32_1.5.0.202011040924/tools/bin/../lib/gcc/arm-none-eabi/9.3.1/../../../../arm-none-eabi/lib/thumb/v7e-m+fp/hard\libc_nano.a(lib_a-lock.o)
                0x000000000800c06c                __retarget_lock_release_recursive
 .text.__swhatbuf_r
                0x000000000800c06e       0x48 c:/st/stm32cubeide_1.0.2/stm32cubeide/plugins/com.st.stm32cube.ide.mcu.externaltools.gnu-tools-for-stm32.9-2020-q2-update.win32_1.5.0.202011040924/tools/bin/../lib/gcc/arm-none-eabi/9.3.1/../../../../arm-none-eabi/lib/thumb/v7e-m+fp/hard\libc_nano.a(lib_a-makebuf.o)
                0x000000000800c06e                __swhatbuf_r
 *fill*         0x000000000800c0b6        0x2 
 .text.__smakebuf_r
                0x000000000800c0b8       0x80 c:/st/stm32cubeide_1.0.2/stm32cubeide/plugins/com.st.stm32cube.ide.mcu.externaltools.gnu-tools-for-stm32.9-2020-q2-update.win32_1.5.0.202011040924/tools/bin/../lib/gcc/arm-none-eabi/9.3.1/../../../../arm-none-eabi/lib/thumb/v7e-m+fp/hard\libc_nano.a(lib_a-makebuf.o)
                0x000000000800c0b8                __smakebuf_r
 .text.malloc   0x000000000800c138       0x10 c:/st/stm32cubeide_1.0.2/stm32cubeide/plugins/com.st.stm32cube.ide.mcu.externaltools.gnu-tools-for-stm32.9-2020-q2-update.win32_1.5.0.202011040924/tools/bin/../lib/gcc/arm-none-eabi/9.3.1/../../../../arm-none-eabi/lib/thumb/v7e-m+fp/hard\libc_nano.a(lib_a-malloc.o)
                0x000000000800c138                malloc
 .text.memcpy   0x000000000800c148       0x1c c:/st/stm32cubeide_1.0.2/stm32cubeide/plugins/com.st.stm32cube.ide.mcu.externaltools.gnu-tools-for-stm32.9-2020-q2-update.win32_1.5.0.202011040924/tools/bin/../lib/gcc/arm-none-eabi/9.3.1/../../../../arm-none-eabi/lib/thumb/v7e-m+fp/hard\libc_nano.a(lib_a-memcpy-stub.o)
                0x000000000800c148                memcpy
 .text._Balloc  0x000000000800c164       0x80 c:/st/stm32cubeide_1.0.2/stm32cubeide/plugins/com.st.stm32cube.ide.mcu.externaltools.gnu-tools-for-stm32.9-2020-q2-update.win32_1.5.0.202011040924/tools/bin/../lib/gcc/arm-none-eabi/9.3.1/../../../../arm-none-eabi/lib/thumb/v7e-m+fp/hard\libc_nano.a(lib_a-mprec.o)
                0x000000000800c164                _Balloc
 .text._Bfree   0x000000000800c1e4       0x44 c:/st/stm32cubeide_1.0.2/stm32cubeide/plugins/com.st.stm32cube.ide.mcu.externaltools.gnu-tools-for-stm32.9-2020-q2-update.win32_1.5.0.202011040924/tools/bin/../lib/gcc/arm-none-eabi/9.3.1/../../../../arm-none-eabi/lib/thumb/v7e-m+fp/hard\libc_nano.a(lib_a-mprec.o)
                0x000000000800c1e4                _Bfree
 .text.__multadd
                0x000000000800c228       0x94 c:/st/stm32cubeide_1.0.2/stm32cubeide/plugins/com.st.stm32cube.ide.mcu.externaltools.gnu-tools-for-stm32.9-2020-q2-update.win32_1.5.0.202011040924/tools/bin/../lib/gcc/arm-none-eabi/9.3.1/../../../../arm-none-eabi/lib/thumb/v7e-m+fp/hard\libc_nano.a(lib_a-mprec.o)
                0x000000000800c228                __multadd
 .text.__hi0bits
                0x000000000800c2bc       0x40 c:/st/stm32cubeide_1.0.2/stm32cubeide/plugins/com.st.stm32cube.ide.mcu.externaltools.gnu-tools-for-stm32.9-2020-q2-update.win32_1.5.0.202011040924/tools/bin/../lib/gcc/arm-none-eabi/9.3.1/../../../../arm-none-eabi/lib/thumb/v7e-m+fp/hard\libc_nano.a(lib_a-mprec.o)
                0x000000000800c2bc                __hi0bits
 .text.__lo0bits
                0x000000000800c2fc       0x60 c:/st/stm32cubeide_1.0.2/stm32cubeide/plugins/com.st.stm32cube.ide.mcu.externaltools.gnu-tools-for-stm32.9-2020-q2-update.win32_1.5.0.202011040924/tools/bin/../lib/gcc/arm-none-eabi/9.3.1/../../../../arm-none-eabi/lib/thumb/v7e-m+fp/hard\libc_nano.a(lib_a-mprec.o)
                0x000000000800c2fc                __lo0bits
 .text.__i2b    0x000000000800c35c       0x2c c:/st/stm32cubeide_1.0.2/stm32cubeide/plugins/com.st.stm32cube.ide.mcu.externaltools.gnu-tools-for-stm32.9-2020-q2-update.win32_1.5.0.202011040924/tools/bin/../lib/gcc/arm-none-eabi/9.3.1/../../../../arm-none-eabi/lib/thumb/v7e-m+fp/hard\libc_nano.a(lib_a-mprec.o)
                0x000000000800c35c                __i2b
 .text.__multiply
                0x000000000800c388      0x14c c:/st/stm32cubeide_1.0.2/stm32cubeide/plugins/com.st.stm32cube.ide.mcu.externaltools.gnu-tools-for-stm32.9-2020-q2-update.win32_1.5.0.202011040924/tools/bin/../lib/gcc/arm-none-eabi/9.3.1/../../../../arm-none-eabi/lib/thumb/v7e-m+fp/hard\libc_nano.a(lib_a-mprec.o)
                0x000000000800c388                __multiply
 .text.__pow5mult
                0x000000000800c4d4       0xb4 c:/st/stm32cubeide_1.0.2/stm32cubeide/plugins/com.st.stm32cube.ide.mcu.externaltools.gnu-tools-for-stm32.9-2020-q2-update.win32_1.5.0.202011040924/tools/bin/../lib/gcc/arm-none-eabi/9.3.1/../../../../arm-none-eabi/lib/thumb/v7e-m+fp/hard\libc_nano.a(lib_a-mprec.o)
                0x000000000800c4d4                __pow5mult
 .text.__lshift
                0x000000000800c588       0xd8 c:/st/stm32cubeide_1.0.2/stm32cubeide/plugins/com.st.stm32cube.ide.mcu.externaltools.gnu-tools-for-stm32.9-2020-q2-update.win32_1.5.0.202011040924/tools/bin/../lib/gcc/arm-none-eabi/9.3.1/../../../../arm-none-eabi/lib/thumb/v7e-m+fp/hard\libc_nano.a(lib_a-mprec.o)
                0x000000000800c588                __lshift
 .text.__mcmp   0x000000000800c660       0x38 c:/st/stm32cubeide_1.0.2/stm32cubeide/plugins/com.st.stm32cube.ide.mcu.externaltools.gnu-tools-for-stm32.9-2020-q2-update.win32_1.5.0.202011040924/tools/bin/../lib/gcc/arm-none-eabi/9.3.1/../../../../arm-none-eabi/lib/thumb/v7e-m+fp/hard\libc_nano.a(lib_a-mprec.o)
                0x000000000800c660                __mcmp
 .text.__mdiff  0x000000000800c698      0x110 c:/st/stm32cubeide_1.0.2/stm32cubeide/plugins/com.st.stm32cube.ide.mcu.externaltools.gnu-tools-for-stm32.9-2020-q2-update.win32_1.5.0.202011040924/tools/bin/../lib/gcc/arm-none-eabi/9.3.1/../../../../arm-none-eabi/lib/thumb/v7e-m+fp/hard\libc_nano.a(lib_a-mprec.o)
                0x000000000800c698                __mdiff
 .text.__d2b    0x000000000800c7a8       0xb8 c:/st/stm32cubeide_1.0.2/stm32cubeide/plugins/com.st.stm32cube.ide.mcu.externaltools.gnu-tools-for-stm32.9-2020-q2-update.win32_1.5.0.202011040924/tools/bin/../lib/gcc/arm-none-eabi/9.3.1/../../../../arm-none-eabi/lib/thumb/v7e-m+fp/hard\libc_nano.a(lib_a-mprec.o)
                0x000000000800c7a8                __d2b
 .text._calloc_r
                0x000000000800c860       0x1e c:/st/stm32cubeide_1.0.2/stm32cubeide/plugins/com.st.stm32cube.ide.mcu.externaltools.gnu-tools-for-stm32.9-2020-q2-update.win32_1.5.0.202011040924/tools/bin/../lib/gcc/arm-none-eabi/9.3.1/../../../../arm-none-eabi/lib/thumb/v7e-m+fp/hard\libc_nano.a(lib_a-nano-callocr.o)
                0x000000000800c860                _calloc_r
 *fill*         0x000000000800c87e        0x2 
 .text._free_r  0x000000000800c880       0xa0 c:/st/stm32cubeide_1.0.2/stm32cubeide/plugins/com.st.stm32cube.ide.mcu.externaltools.gnu-tools-for-stm32.9-2020-q2-update.win32_1.5.0.202011040924/tools/bin/../lib/gcc/arm-none-eabi/9.3.1/../../../../arm-none-eabi/lib/thumb/v7e-m+fp/hard\libc_nano.a(lib_a-nano-freer.o)
                0x000000000800c880                _free_r
 .text._malloc_r
                0x000000000800c920       0xb4 c:/st/stm32cubeide_1.0.2/stm32cubeide/plugins/com.st.stm32cube.ide.mcu.externaltools.gnu-tools-for-stm32.9-2020-q2-update.win32_1.5.0.202011040924/tools/bin/../lib/gcc/arm-none-eabi/9.3.1/../../../../arm-none-eabi/lib/thumb/v7e-m+fp/hard\libc_nano.a(lib_a-nano-mallocr.o)
                0x000000000800c920                _malloc_r
 .text.__sfputc_r
                0x000000000800c9d4       0x2e c:/st/stm32cubeide_1.0.2/stm32cubeide/plugins/com.st.stm32cube.ide.mcu.externaltools.gnu-tools-for-stm32.9-2020-q2-update.win32_1.5.0.202011040924/tools/bin/../lib/gcc/arm-none-eabi/9.3.1/../../../../arm-none-eabi/lib/thumb/v7e-m+fp/hard\libc_nano.a(lib_a-nano-vfprintf.o)
 .text.__sfputs_r
                0x000000000800ca02       0x24 c:/st/stm32cubeide_1.0.2/stm32cubeide/plugins/com.st.stm32cube.ide.mcu.externaltools.gnu-tools-for-stm32.9-2020-q2-update.win32_1.5.0.202011040924/tools/bin/../lib/gcc/arm-none-eabi/9.3.1/../../../../arm-none-eabi/lib/thumb/v7e-m+fp/hard\libc_nano.a(lib_a-nano-vfprintf.o)
                0x000000000800ca02                __sfputs_r
 *fill*         0x000000000800ca26        0x2 
 .text._vfprintf_r
                0x000000000800ca28      0x260 c:/st/stm32cubeide_1.0.2/stm32cubeide/plugins/com.st.stm32cube.ide.mcu.externaltools.gnu-tools-for-stm32.9-2020-q2-update.win32_1.5.0.202011040924/tools/bin/../lib/gcc/arm-none-eabi/9.3.1/../../../../arm-none-eabi/lib/thumb/v7e-m+fp/hard\libc_nano.a(lib_a-nano-vfprintf.o)
                0x000000000800ca28                _vfprintf_r
                0x000000000800ca28                _vfiprintf_r
 .text._putc_r  0x000000000800cc88       0x90 c:/st/stm32cubeide_1.0.2/stm32cubeide/plugins/com.st.stm32cube.ide.mcu.externaltools.gnu-tools-for-stm32.9-2020-q2-update.win32_1.5.0.202011040924/tools/bin/../lib/gcc/arm-none-eabi/9.3.1/../../../../arm-none-eabi/lib/thumb/v7e-m+fp/hard\libc_nano.a(lib_a-putc.o)
                0x000000000800cc88                _putc_r
 .text._sbrk_r  0x000000000800cd18       0x20 c:/st/stm32cubeide_1.0.2/stm32cubeide/plugins/com.st.stm32cube.ide.mcu.externaltools.gnu-tools-for-stm32.9-2020-q2-update.win32_1.5.0.202011040924/tools/bin/../lib/gcc/arm-none-eabi/9.3.1/../../../../arm-none-eabi/lib/thumb/v7e-m+fp/hard\libc_nano.a(lib_a-sbrkr.o)
                0x000000000800cd18                _sbrk_r
 .text.__sread  0x000000000800cd38       0x22 c:/st/stm32cubeide_1.0.2/stm32cubeide/plugins/com.st.stm32cube.ide.mcu.externaltools.gnu-tools-for-stm32.9-2020-q2-update.win32_1.5.0.202011040924/tools/bin/../lib/gcc/arm-none-eabi/9.3.1/../../../../arm-none-eabi/lib/thumb/v7e-m+fp/hard\libc_nano.a(lib_a-stdio.o)
                0x000000000800cd38                __sread
 .text.__swrite
                0x000000000800cd5a       0x38 c:/st/stm32cubeide_1.0.2/stm32cubeide/plugins/com.st.stm32cube.ide.mcu.externaltools.gnu-tools-for-stm32.9-2020-q2-update.win32_1.5.0.202011040924/tools/bin/../lib/gcc/arm-none-eabi/9.3.1/../../../../arm-none-eabi/lib/thumb/v7e-m+fp/hard\libc_nano.a(lib_a-stdio.o)
                0x000000000800cd5a                __swrite
 .text.__sseek  0x000000000800cd92       0x24 c:/st/stm32cubeide_1.0.2/stm32cubeide/plugins/com.st.stm32cube.ide.mcu.externaltools.gnu-tools-for-stm32.9-2020-q2-update.win32_1.5.0.202011040924/tools/bin/../lib/gcc/arm-none-eabi/9.3.1/../../../../arm-none-eabi/lib/thumb/v7e-m+fp/hard\libc_nano.a(lib_a-stdio.o)
                0x000000000800cd92                __sseek
 .text.__sclose
                0x000000000800cdb6        0x8 c:/st/stm32cubeide_1.0.2/stm32cubeide/plugins/com.st.stm32cube.ide.mcu.externaltools.gnu-tools-for-stm32.9-2020-q2-update.win32_1.5.0.202011040924/tools/bin/../lib/gcc/arm-none-eabi/9.3.1/../../../../arm-none-eabi/lib/thumb/v7e-m+fp/hard\libc_nano.a(lib_a-stdio.o)
                0x000000000800cdb6                __sclose
 *fill*         0x000000000800cdbe        0x2 
 .text._write_r
                0x000000000800cdc0       0x24 c:/st/stm32cubeide_1.0.2/stm32cubeide/plugins/com.st.stm32cube.ide.mcu.externaltools.gnu-tools-for-stm32.9-2020-q2-update.win32_1.5.0.202011040924/tools/bin/../lib/gcc/arm-none-eabi/9.3.1/../../../../arm-none-eabi/lib/thumb/v7e-m+fp/hard\libc_nano.a(lib_a-writer.o)
                0x000000000800cdc0                _write_r
 .text.__assert_func
                0x000000000800cde4       0x3c c:/st/stm32cubeide_1.0.2/stm32cubeide/plugins/com.st.stm32cube.ide.mcu.externaltools.gnu-tools-for-stm32.9-2020-q2-update.win32_1.5.0.202011040924/tools/bin/../lib/gcc/arm-none-eabi/9.3.1/../../../../arm-none-eabi/lib/thumb/v7e-m+fp/hard\libc_nano.a(lib_a-assert.o)
                0x000000000800cde4                __assert_func
 .text._close_r
                0x000000000800ce20       0x20 c:/st/stm32cubeide_1.0.2/stm32cubeide/plugins/com.st.stm32cube.ide.mcu.externaltools.gnu-tools-for-stm32.9-2020-q2-update.win32_1.5.0.202011040924/tools/bin/../lib/gcc/arm-none-eabi/9.3.1/../../../../arm-none-eabi/lib/thumb/v7e-m+fp/hard\libc_nano.a(lib_a-closer.o)
                0x000000000800ce20                _close_r
 .text.fprintf  0x000000000800ce40       0x24 c:/st/stm32cubeide_1.0.2/stm32cubeide/plugins/com.st.stm32cube.ide.mcu.externaltools.gnu-tools-for-stm32.9-2020-q2-update.win32_1.5.0.202011040924/tools/bin/../lib/gcc/arm-none-eabi/9.3.1/../../../../arm-none-eabi/lib/thumb/v7e-m+fp/hard\libc_nano.a(lib_a-fprintf.o)
                0x000000000800ce40                fiprintf
                0x000000000800ce40                fprintf
 .text._fstat_r
                0x000000000800ce64       0x24 c:/st/stm32cubeide_1.0.2/stm32cubeide/plugins/com.st.stm32cube.ide.mcu.externaltools.gnu-tools-for-stm32.9-2020-q2-update.win32_1.5.0.202011040924/tools/bin/../lib/gcc/arm-none-eabi/9.3.1/../../../../arm-none-eabi/lib/thumb/v7e-m+fp/hard\libc_nano.a(lib_a-fstatr.o)
                0x000000000800ce64                _fstat_r
 .text._isatty_r
                0x000000000800ce88       0x20 c:/st/stm32cubeide_1.0.2/stm32cubeide/plugins/com.st.stm32cube.ide.mcu.externaltools.gnu-tools-for-stm32.9-2020-q2-update.win32_1.5.0.202011040924/tools/bin/../lib/gcc/arm-none-eabi/9.3.1/../../../../arm-none-eabi/lib/thumb/v7e-m+fp/hard\libc_nano.a(lib_a-isattyr.o)
                0x000000000800ce88                _isatty_r
 .text._lseek_r
                0x000000000800cea8       0x24 c:/st/stm32cubeide_1.0.2/stm32cubeide/plugins/com.st.stm32cube.ide.mcu.externaltools.gnu-tools-for-stm32.9-2020-q2-update.win32_1.5.0.202011040924/tools/bin/../lib/gcc/arm-none-eabi/9.3.1/../../../../arm-none-eabi/lib/thumb/v7e-m+fp/hard\libc_nano.a(lib_a-lseekr.o)
                0x000000000800cea8                _lseek_r
 .text.__ascii_mbtowc
                0x000000000800cecc       0x24 c:/st/stm32cubeide_1.0.2/stm32cubeide/plugins/com.st.stm32cube.ide.mcu.externaltools.gnu-tools-for-stm32.9-2020-q2-update.win32_1.5.0.202011040924/tools/bin/../lib/gcc/arm-none-eabi/9.3.1/../../../../arm-none-eabi/lib/thumb/v7e-m+fp/hard\libc_nano.a(lib_a-mbtowc_r.o)
                0x000000000800cecc                __ascii_mbtowc
 .text.__malloc_lock
                0x000000000800cef0        0xc c:/st/stm32cubeide_1.0.2/stm32cubeide/plugins/com.st.stm32cube.ide.mcu.externaltools.gnu-tools-for-stm32.9-2020-q2-update.win32_1.5.0.202011040924/tools/bin/../lib/gcc/arm-none-eabi/9.3.1/../../../../arm-none-eabi/lib/thumb/v7e-m+fp/hard\libc_nano.a(lib_a-mlock.o)
                0x000000000800cef0                __malloc_lock
 .text.__malloc_unlock
                0x000000000800cefc        0xc c:/st/stm32cubeide_1.0.2/stm32cubeide/plugins/com.st.stm32cube.ide.mcu.externaltools.gnu-tools-for-stm32.9-2020-q2-update.win32_1.5.0.202011040924/tools/bin/../lib/gcc/arm-none-eabi/9.3.1/../../../../arm-none-eabi/lib/thumb/v7e-m+fp/hard\libc_nano.a(lib_a-mlock.o)
                0x000000000800cefc                __malloc_unlock
 .text._read_r  0x000000000800cf08       0x24 c:/st/stm32cubeide_1.0.2/stm32cubeide/plugins/com.st.stm32cube.ide.mcu.externaltools.gnu-tools-for-stm32.9-2020-q2-update.win32_1.5.0.202011040924/tools/bin/../lib/gcc/arm-none-eabi/9.3.1/../../../../arm-none-eabi/lib/thumb/v7e-m+fp/hard\libc_nano.a(lib_a-readr.o)
                0x000000000800cf08                _read_r
 .text.__ascii_wctomb
                0x000000000800cf2c       0x1a c:/st/stm32cubeide_1.0.2/stm32cubeide/plugins/com.st.stm32cube.ide.mcu.externaltools.gnu-tools-for-stm32.9-2020-q2-update.win32_1.5.0.202011040924/tools/bin/../lib/gcc/arm-none-eabi/9.3.1/../../../../arm-none-eabi/lib/thumb/v7e-m+fp/hard\libc_nano.a(lib_a-wctomb_r.o)
                0x000000000800cf2c                __ascii_wctomb
 .text.abort    0x000000000800cf46        0xe c:/st/stm32cubeide_1.0.2/stm32cubeide/plugins/com.st.stm32cube.ide.mcu.externaltools.gnu-tools-for-stm32.9-2020-q2-update.win32_1.5.0.202011040924/tools/bin/../lib/gcc/arm-none-eabi/9.3.1/../../../../arm-none-eabi/lib/thumb/v7e-m+fp/hard\libc_nano.a(lib_a-abort.o)
                0x000000000800cf46                abort
 .text._raise_r
                0x000000000800cf54       0x50 c:/st/stm32cubeide_1.0.2/stm32cubeide/plugins/com.st.stm32cube.ide.mcu.externaltools.gnu-tools-for-stm32.9-2020-q2-update.win32_1.5.0.202011040924/tools/bin/../lib/gcc/arm-none-eabi/9.3.1/../../../../arm-none-eabi/lib/thumb/v7e-m+fp/hard\libc_nano.a(lib_a-signal.o)
                0x000000000800cf54                _raise_r
 .text.raise    0x000000000800cfa4       0x10 c:/st/stm32cubeide_1.0.2/stm32cubeide/plugins/com.st.stm32cube.ide.mcu.externaltools.gnu-tools-for-stm32.9-2020-q2-update.win32_1.5.0.202011040924/tools/bin/../lib/gcc/arm-none-eabi/9.3.1/../../../../arm-none-eabi/lib/thumb/v7e-m+fp/hard\libc_nano.a(lib_a-signal.o)
                0x000000000800cfa4                raise
 .text._kill_r  0x000000000800cfb4       0x24 c:/st/stm32cubeide_1.0.2/stm32cubeide/plugins/com.st.stm32cube.ide.mcu.externaltools.gnu-tools-for-stm32.9-2020-q2-update.win32_1.5.0.202011040924/tools/bin/../lib/gcc/arm-none-eabi/9.3.1/../../../../arm-none-eabi/lib/thumb/v7e-m+fp/hard\libc_nano.a(lib_a-signalr.o)
                0x000000000800cfb4                _kill_r
 .text._getpid_r
                0x000000000800cfd8        0x4 c:/st/stm32cubeide_1.0.2/stm32cubeide/plugins/com.st.stm32cube.ide.mcu.externaltools.gnu-tools-for-stm32.9-2020-q2-update.win32_1.5.0.202011040924/tools/bin/../lib/gcc/arm-none-eabi/9.3.1/../../../../arm-none-eabi/lib/thumb/v7e-m+fp/hard\libc_nano.a(lib_a-signalr.o)
                0x000000000800cfd8                _getpid_r
 *(.glue_7)
 .glue_7        0x000000000800cfdc        0x0 linker stubs
 *(.glue_7t)
 .glue_7t       0x000000000800cfdc        0x0 linker stubs
 *(.eh_frame)
 .eh_frame      0x000000000800cfdc        0x0 c:/st/stm32cubeide_1.0.2/stm32cubeide/plugins/com.st.stm32cube.ide.mcu.externaltools.gnu-tools-for-stm32.9-2020-q2-update.win32_1.5.0.202011040924/tools/bin/../lib/gcc/arm-none-eabi/9.3.1/thumb/v7e-m+fp/hard/crtbegin.o
 *(.init)
 .init          0x000000000800cfdc        0x4 c:/st/stm32cubeide_1.0.2/stm32cubeide/plugins/com.st.stm32cube.ide.mcu.externaltools.gnu-tools-for-stm32.9-2020-q2-update.win32_1.5.0.202011040924/tools/bin/../lib/gcc/arm-none-eabi/9.3.1/thumb/v7e-m+fp/hard/crti.o
                0x000000000800cfdc                _init