Archive member included to satisfy reference by file (symbol)

c:/st/stm32cubeide_1.0.2/stm32cubeide/plugins/com.st.stm32cube.ide.mcu.externaltools.gnu-tools-for-stm32.9-2020-q2-update.win32_1.5.0.202011040924/tools/bin/../lib/gcc/arm-none-eabi/9.3.1/../../../../arm-none-eabi/lib/thumb/v7e-m+fp/hard\libc_nano.a(lib_a-errno.o)
                              Core/Src/syscalls.o (__errno)
c:/st/stm32cubeide_1.0.2/stm32cubeide/plugins/com.st.stm32cube.ide.mcu.externaltools.gnu-tools-for-stm32.9-2020-q2-update.win32_1.5.0.202011040924/tools/bin/../lib/gcc/arm-none-eabi/9.3.1/../../../../arm-none-eabi/lib/thumb/v7e-m+fp/hard\libc_nano.a(lib_a-exit.o)
                              c:/st/stm32cubeide_1.0.2/stm32cubeide/plugins/com.st.stm32cube.ide.mcu.externaltools.gnu-tools-for-stm32.9-2020-q2-update.win32_1.5.0.202011040924/tools/bin/../lib/gcc/arm-none-eabi/9.3.1/../../../../arm-none-eabi/lib/thumb/v7e-m+fp/hard/crt0.o (exit)
c:/st/stm32cubeide_1.0.2/stm32cubeide/plugins/com.st.stm32cube.ide.mcu.externaltools.gnu-tools-for-stm32.9-2020-q2-update.win32_1.5.0.202011040924/tools/bin/../lib/gcc/arm-none-eabi/9.3.1/../../../../arm-none-eabi/lib/thumb/v7e-m+fp/hard\libc_nano.a(lib_a-impure.o)
                              c:/st/stm32cubeide_1.0.2/stm32cubeide/plugins/com.st.stm32cube.ide.mcu.externaltools.gnu-tools-for-stm32.9-2020-q2-update.win32_1.5.0.202011040924/tools/bin/../lib/gcc/arm-none-eabi/9.3.1/../../../../arm-none-eabi/lib/thumb/v7e-m+fp/hard\libc_nano.a(lib_a-exit.o) (_global_impure_ptr)
c:/st/stm32cubeide_1.0.2/stm32cubeide/plugins/com.st.stm32cube.ide.mcu.externaltools.gnu-tools-for-stm32.9-2020-q2-update.win32_1.5.0.202011040924/tools/bin/../lib/gcc/arm-none-eabi/9.3.1/../../../../arm-none-eabi/lib/thumb/v7e-m+fp/hard\libc_nano.a(lib_a-init.o)
                              c:/st/stm32cubeide_1.0.2/stm32cubeide/plugins/com.st.stm32cube.ide.mcu.externaltools.gnu-tools-for-stm32.9-2020-q2-update.win32_1.5.0.202011040924/tools/bin/../lib/gcc/arm-none-eabi/9.3.1/../../../../arm-none-eabi/lib/thumb/v7e-m+fp/hard/crt0.o (__libc_init_array)
c:/st/stm32cubeide_1.0.2/stm32cubeide/plugins/com.st.stm32cube.ide.mcu.externaltools.gnu-tools-for-stm32.9-2020-q2-update.win32_1.5.0.202011040924/tools/bin/../lib/gcc/arm-none-eabi/9.3.1/../../../../arm-none-eabi/lib/thumb/v7e-m+fp/hard\libc_nano.a(lib_a-memcpy-stub.o)
                              Core/Src/Hardware/flash.o (memcpy)
c:/st/stm32cubeide_1.0.2/stm32cubeide/plugins/com.st.stm32cube.ide.mcu.externaltools.gnu-tools-for-stm32.9-2020-q2-update.win32_1.5.0.202011040924/tools/bin/../lib/gcc/arm-none-eabi/9.3.1/../../../../arm-none-eabi/lib/thumb/v7e-m+fp/hard\libc_nano.a(lib_a-memset.o)
                              c:/st/stm32cubeide_1.0.2/stm32cubeide/plugins/com.st.stm32cube.ide.mcu.externaltools.gnu-tools-for-stm32.9-2020-q2-update.win32_1.5.0.202011040924/tools/bin/../lib/gcc/arm-none-eabi/9.3.1/../../../../arm-none-eabi/lib/thumb/v7e-m+fp/hard/crt0.o (memset)
c:/st/stm32cubeide_1.0.2/stm32cubeide/plugins/com.st.stm32cube.ide.mcu.externaltools.gnu-tools-for-stm32.9-2020-q2-update.win32_1.5.0.202011040924/tools/bin/../lib/gcc/arm-none-eabi/9.3.1/../../../../arm-none-eabi/lib/thumb/v7e-m+fp/hard\libc_nano.a(lib_a-nano-vfprintf_float.o)
                              (_printf_float)
c:/st/stm32cubeide_1.0.2/stm32cubeide/plugins/com.st.stm32cube.ide.mcu.externaltools.gnu-tools-for-stm32.9-2020-q2-update.win32_1.5.0.202011040924/tools/bin/../lib/gcc/arm-none-eabi/9.3.1/../../../../arm-none-eabi/lib/thumb/v7e-m+fp/hard\libc_nano.a(lib_a-nano-vfprintf_i.o)
                              c:/st/stm32cubeide_1.0.2/stm32cubeide/plugins/com.st.stm32cube.ide.mcu.externaltools.gnu-tools-for-stm32.9-2020-q2-update.win32_1.5.0.202011040924/tools/bin/../lib/gcc/arm-none-eabi/9.3.1/../../../../arm-none-eabi/lib/thumb/v7e-m+fp/hard\libc_nano.a(lib_a-nano-vfprintf_float.o) (_printf_common)
c:/st/stm32cubeide_1.0.2/stm32cubeide/plugins/com.st.stm32cube.ide.mcu.externaltools.gnu-tools-for-stm32.9-2020-q2-update.win32_1.5.0.202011040924/tools/bin/../lib/gcc/arm-none-eabi/9.3.1/../../../../arm-none-eabi/lib/thumb/v7e-m+fp/hard\libc_nano.a(lib_a-printf.o)
                              Core/Src/Controller/mode.o (printf)
c:/st/stm32cubeide_1.0.2/stm32cubeide/plugins/com.st.stm32cube.ide.mcu.externaltools.gnu-tools-for-stm32.9-2020-q2-update.win32_1.5.0.202011040924/tools/bin/../lib/gcc/arm-none-eabi/9.3.1/../../../../arm-none-eabi/lib/thumb/v7e-m+fp/hard\libc_nano.a(lib_a-puts.o)
                              Core/Src/Controller/mode.o (puts)
c:/st/stm32cubeide_1.0.2/stm32cubeide/plugins/com.st.stm32cube.ide.mcu.externaltools.gnu-tools-for-stm32.9-2020-q2-update.win32_1.5.0.202011040924/tools/bin/../lib/gcc/arm-none-eabi/9.3.1/../../../../arm-none-eabi/lib/thumb/v7e-m+fp/hard\libc_nano.a(lib_a-setbuf.o)
                              Core/Src/main.o (setbuf)
[...]
Memory Configuration

Name             Origin             Length             Attributes
CCMRAM           0x0000000010000000 0x0000000000010000 xrw
RAM              0x0000000020000000 0x0000000000020000 xrw
FLASH            0x0000000008000000 0x0000000000100000 xr
*default*        0x0000000000000000 0xffffffffffffffff

Linker script and memory map

LOAD c:/st/stm32cubeide_1.0.2/stm32cubeide/plugins/com.st.stm32cube.ide.mcu.externaltools.gnu-tools-for-stm32.9-2020-q2-update.win32_1.5.0.202011040924/tools/bin/../lib/gcc/arm-none-eabi/9.3.1/thumb/v7e-m+fp/hard/crti.o
LOAD c:/st/stm32cubeide_1.0.2/stm32cubeide/plugins/com.st.stm32cube.ide.mcu.externaltools.gnu-tools-for-stm32.9-2020-q2-update.win32_1.5.0.202011040924/tools/bin/../lib/gcc/arm-none-eabi/9.3.1/thumb/v7e-m+fp/hard/crtbegin.o
LOAD c:/st/stm32cubeide_1.0.2/stm32cubeide/plugins/com.st.stm32cube.ide.mcu.externaltools.gnu-tools-for-stm32.9-2020-q2-update.win32_1.5.0.202011040924/tools/bin/../lib/gcc/arm-none-eabi/9.3.1/../../../../arm-none-eabi/lib/thumb/v7e-m+fp/hard/crt0.o
LOAD Core/Src/Controller/mode.o
LOAD Core/Src/Hardware/ICM20689.o
LOAD Core/Src/Hardware/basic_timer.o
LOAD Core/Src/Hardware/battery.o
LOAD Core/Src/Hardware/buzzer.o
LOAD Core/Src/Hardware/encoder.o
LOAD Core/Src/Hardware/flash.o
LOAD Core/Src/Hardware/interface_LED.o
LOAD Core/Src/Hardware/motor.o
LOAD Core/Src/Hardware/wall_sensor.o
LOAD Core/Src/System/callback.o
LOAD Core/Src/System/log.o
LOAD Core/Src/System/map.o
LOAD Core/Src/System/motion.o
LOAD Core/Src/System/music.o
LOAD Core/Src/System/search.o
LOAD Core/Src/System/sensing.o
LOAD Core/Src/System/state.o
LOAD Core/Src/adc.o
LOAD Core/Src/dma.o
LOAD Core/Src/gpio.o
LOAD Core/Src/main.o
LOAD Core/Src/spi.o
LOAD Core/Src/stm32f4xx_it.o
LOAD Core/Src/syscalls.o
LOAD Core/Src/sysmem.o
LOAD Core/Src/system_stm32f4xx.o
LOAD Core/Src/tim.o
LOAD Core/Src/usart.o
LOAD Core/Startup/startup_stm32f405rgtx.o
LOAD Drivers/STM32F4xx_HAL_Driver/Src/stm32f4xx_ll_adc.o
LOAD Drivers/STM32F4xx_HAL_Driver/Src/stm32f4xx_ll_dma.o
LOAD Drivers/STM32F4xx_HAL_Driver/Src/stm32f4xx_ll_exti.o
LOAD Drivers/STM32F4xx_HAL_Driver/Src/stm32f4xx_ll_gpio.o
LOAD Drivers/STM32F4xx_HAL_Driver/Src/stm32f4xx_ll_rcc.o
LOAD Drivers/STM32F4xx_HAL_Driver/Src/stm32f4xx_ll_spi.o
LOAD Drivers/STM32F4xx_HAL_Driver/Src/stm32f4xx_ll_tim.o
LOAD Drivers/STM32F4xx_HAL_Driver/Src/stm32f4xx_ll_usart.o
LOAD Drivers/STM32F4xx_HAL_Driver/Src/stm32f4xx_ll_utils.o
START GROUP
LOAD c:/st/stm32cubeide_1.0.2/stm32cubeide/plugins/com.st.stm32cube.ide.mcu.externaltools.gnu-tools-for-stm32.9-2020-q2-update.win32_1.5.0.202011040924/tools/bin/../lib/gcc/arm-none-eabi/9.3.1/../../../../arm-none-eabi/lib/thumb/v7e-m+fp/hard\libc_nano.a
LOAD c:/st/stm32cubeide_1.0.2/stm32cubeide/plugins/com.st.stm32cube.ide.mcu.externaltools.gnu-tools-for-stm32.9-2020-q2-update.win32_1.5.0.202011040924/tools/bin/../lib/gcc/arm-none-eabi/9.3.1/../../../../arm-none-eabi/lib/thumb/v7e-m+fp/hard\libm.a
END GROUP
START GROUP
LOAD c:/st/stm32cubeide_1.0.2/stm32cubeide/plugins/com.st.stm32cube.ide.mcu.externaltools.gnu-tools-for-stm32.9-2020-q2-update.win32_1.5.0.202011040924/tools/bin/../lib/gcc/arm-none-eabi/9.3.1/thumb/v7e-m+fp/hard\libgcc.a
LOAD c:/st/stm32cubeide_1.0.2/stm32cubeide/plugins/com.st.stm32cube.ide.mcu.externaltools.gnu-tools-for-stm32.9-2020-q2-update.win32_1.5.0.202011040924/tools/bin/../lib/gcc/arm-none-eabi/9.3.1/../../../../arm-none-eabi/lib/thumb/v7e-m+fp/hard\libc_nano.a
END GROUP
START GROUP
LOAD c:/st/stm32cubeide_1.0.2/stm32cubeide/plugins/com.st.stm32cube.ide.mcu.externaltools.gnu-tools-for-stm32.9-2020-q2-update.win32_1.5.0.202011040924/tools/bin/../lib/gcc/arm-none-eabi/9.3.1/thumb/v7e-m+fp/hard\libgcc.a
LOAD c:/st/stm32cubeide_1.0.2/stm32cubeide/plugins/com.st.stm32cube.ide.mcu.externaltools.gnu-tools-for-stm32.9-2020-q2-update.win32_1.5.0.202011040924/tools/bin/../lib/gcc/arm-none-eabi/9.3.1/../../../../arm-none-eabi/lib/thumb/v7e-m+fp/hard\libc_nano.a
LOAD c:/st/stm32cubeide_1.0.2/stm32cubeide/plugins/com.st.stm32cube.ide.mcu.externaltools.gnu-tools-for-stm32.9-2020-q2-update.win32_1.5.0.202011040924/tools/bin/../lib/gcc/arm-none-eabi/9.3.1/../../../../arm-none-eabi/lib/thumb/v7e-m+fp/hard\libnosys.a
END GROUP
START GROUP
LOAD c:/st/stm32cubeide_1.0.2/stm32cubeide/plugins/com.st.stm32cube.ide.mcu.externaltools.gnu-tools-for-stm32.9-2020-q2-update.win32_1.5.0.202011040924/tools/bin/../lib/gcc/arm-none-eabi/9.3.1/thumb/v7e-m+fp/hard\libgcc.a
LOAD c:/st/stm32cubeide_1.0.2/stm32cubeide/plugins/com.st.stm32cube.ide.mcu.externaltools.gnu-tools-for-stm32.9-2020-q2-update.win32_1.5.0.202011040924/tools/bin/../lib/gcc/arm-none-eabi/9.3.1/../../../../arm-none-eabi/lib/thumb/v7e-m+fp/hard\libc_nano.a
LOAD c:/st/stm32cubeide_1.0.2/stm32cubeide/plugins/com.st.stm32cube.ide.mcu.externaltools.gnu-tools-for-stm32.9-2020-q2-update.win32_1.5.0.202011040924/tools/bin/../lib/gcc/arm-none-eabi/9.3.1/../../../../arm-none-eabi/lib/thumb/v7e-m+fp/hard\libnosys.a
END GROUP
LOAD c:/st/stm32cubeide_1.0.2/stm32cubeide/plugins/com.st.stm32cube.ide.mcu.externaltools.gnu-tools-for-stm32.9-2020-q2-update.win32_1.5.0.202011040924/tools/bin/../lib/gcc/arm-none-eabi/9.3.1/thumb/v7e-m+fp/hard/crtend.o
LOAD c:/st/stm32cubeide_1.0.2/stm32cubeide/plugins/com.st.stm32cube.ide.mcu.externaltools.gnu-tools-for-stm32.9-2020-q2-update.win32_1.5.0.202011040924/tools/bin/../lib/gcc/arm-none-eabi/9.3.1/thumb/v7e-m+fp/hard/crtn.o
                0x0000000020020000                _estack = (ORIGIN (RAM) + LENGTH (RAM))
                0x0000000000000200                _Min_Heap_Size = 0x200
                0x0000000000000400                _Min_Stack_Size = 0x400

.isr_vector     0x0000000008000000      0x188
                0x0000000008000000                . = ALIGN (0x4)
 *(.isr_vector)
 .isr_vector    0x0000000008000000      0x188 Core/Startup/startup_stm32f405rgtx.o
                0x0000000008000000                g_pfnVectors
                0x0000000008000188                . = ALIGN (0x4)

.text           0x0000000008000190     0x9370
                0x0000000008000190                . = ALIGN (0x4)
 *(.text)
 .text          0x0000000008000190       0x40 c:/st/stm32cubeide_1.0.2/stm32cubeide/plugins/com.st.stm32cube.ide.mcu.externaltools.gnu-tools-for-stm32.9-2020-q2-update.win32_1.5.0.202011040924/tools/bin/../lib/gcc/arm-none-eabi/9.3.1/thumb/v7e-m+fp/hard/crtbegin.o
 .text          0x00000000080001d0       0x10 c:/st/stm32cubeide_1.0.2/stm32cubeide/plugins/com.st.stm32cube.ide.mcu.externaltools.gnu-tools-for-stm32.9-2020-q2-update.win32_1.5.0.202011040924/tools/bin/../lib/gcc/arm-none-eabi/9.3.1/../../../../arm-none-eabi/lib/thumb/v7e-m+fp/hard\libc_nano.a(lib_a-strlen.o)
                0x00000000080001d0                strlen
 .text          0x00000000080001e0       0xa0 c:/st/stm32cubeide_1.0.2/stm32cubeide/plugins/com.st.stm32cube.ide.mcu.externaltools.gnu-tools-for-stm32.9-2020-q2-update.win32_1.5.0.202011040924/tools/bin/../lib/gcc/arm-none-eabi/9.3.1/../../../../arm-none-eabi/lib/thumb/v7e-m+fp/hard\libc_nano.a(lib_a-memchr.o)
                0x00000000080001e0                memchr
 .text          0x0000000008000280      0x378 c:/st/stm32cubeide_1.0.2/stm32cubeide/plugins/com.st.stm32cube.ide.mcu.externaltools.gnu-tools-for-stm32.9-2020-q2-update.win32_1.5.0.202011040924/tools/bin/../lib/gcc/arm-none-eabi/9.3.1/thumb/v7e-m+fp/hard\libgcc.a(_arm_addsubdf3.o)
                0x0000000008000280                __aeabi_drsub
                0x0000000008000288                __aeabi_dsub
                0x0000000008000288                __subdf3
                0x000000000800028c                __aeabi_dadd
                0x000000000800028c                __adddf3
                0x0000000008000504                __floatunsidf
                0x0000000008000504                __aeabi_ui2d
                0x0000000008000524                __floatsidf
                0x0000000008000524                __aeabi_i2d
                0x0000000008000548                __aeabi_f2d
                0x0000000008000548                __extendsfdf2
                0x000000000800058c                __floatundidf
                0x000000000800058c                __aeabi_ul2d
                0x000000000800059c                __floatdidf
                0x000000000800059c                __aeabi_l2d
 .text          0x00000000080005f8      0x424 c:/st/stm32cubeide_1.0.2/stm32cubeide/plugins/com.st.stm32cube.ide.mcu.externaltools.gnu-tools-for-stm32.9-2020-q2-update.win32_1.5.0.202011040924/tools/bin/../lib/gcc/arm-none-eabi/9.3.1/thumb/v7e-m+fp/hard\libgcc.a(_arm_muldivdf3.o)
                0x00000000080005f8                __aeabi_dmul
                0x00000000080005f8                __muldf3
                0x000000000800084c                __divdf3
                0x000000000800084c                __aeabi_ddiv
 .text          0x0000000008000a1c      0x110 c:/st/stm32cubeide_1.0.2/stm32cubeide/plugins/com.st.stm32cube.ide.mcu.externaltools.gnu-tools-for-stm32.9-2020-q2-update.win32_1.5.0.202011040924/tools/bin/../lib/gcc/arm-none-eabi/9.3.1/thumb/v7e-m+fp/hard\libgcc.a(_arm_cmpdf2.o)
                0x0000000008000a1c                __gtdf2
                0x0000000008000a1c                __gedf2
                0x0000000008000a24                __ltdf2
                0x0000000008000a24                __ledf2
                0x0000000008000a2c                __nedf2
                0x0000000008000a2c                __eqdf2
                0x0000000008000a2c                __cmpdf2
                0x0000000008000aa8                __aeabi_cdrcmple
                0x0000000008000ab8                __aeabi_cdcmpeq
                0x0000000008000ab8                __aeabi_cdcmple
                0x0000000008000ac8                __aeabi_dcmpeq
                0x0000000008000adc                __aeabi_dcmplt
                0x0000000008000af0                __aeabi_dcmple
                0x0000000008000b04                __aeabi_dcmpge
                0x0000000008000b18                __aeabi_dcmpgt
 .text          0x0000000008000b2c       0x2c c:/st/stm32cubeide_1.0.2/stm32cubeide/plugins/com.st.stm32cube.ide.mcu.externaltools.gnu-tools-for-stm32.9-2020-q2-update.win32_1.5.0.202011040924/tools/bin/../lib/gcc/arm-none-eabi/9.3.1/thumb/v7e-m+fp/hard\libgcc.a(_arm_unorddf2.o)
                0x0000000008000b2c                __unorddf2
                0x0000000008000b2c                __aeabi_dcmpun
 .text          0x0000000008000b58       0x50 c:/st/stm32cubeide_1.0.2/stm32cubeide/plugins/com.st.stm32cube.ide.mcu.externaltools.gnu-tools-for-stm32.9-2020-q2-update.win32_1.5.0.202011040924/tools/bin/../lib/gcc/arm-none-eabi/9.3.1/thumb/v7e-m+fp/hard\libgcc.a(_arm_fixdfsi.o)
                0x0000000008000b58                __aeabi_d2iz
                0x0000000008000b58                __fixdfsi
 .text          0x0000000008000ba8       0x30 c:/st/stm32cubeide_1.0.2/stm32cubeide/plugins/com.st.stm32cube.ide.mcu.externaltools.gnu-tools-for-stm32.9-2020-q2-update.win32_1.5.0.202011040924/tools/bin/../lib/gcc/arm-none-eabi/9.3.1/thumb/v7e-m+fp/hard\libgcc.a(_aeabi_uldivmod.o)
                0x0000000008000ba8                __aeabi_uldivmod
 .text          0x0000000008000bd8      0x2c4 c:/st/stm32cubeide_1.0.2/stm32cubeide/plugins/com.st.stm32cube.ide.mcu.externaltools.gnu-tools-for-stm32.9-2020-q2-update.win32_1.5.0.202011040924/tools/bin/../lib/gcc/arm-none-eabi/9.3.1/thumb/v7e-m+fp/hard\libgcc.a(_udivmoddi4.o)
                0x0000000008000bd8                __udivmoddi4
 .text          0x0000000008000e9c        0x4 c:/st/stm32cubeide_1.0.2/stm32cubeide/plugins/com.st.stm32cube.ide.mcu.externaltools.gnu-tools-for-stm32.9-2020-q2-update.win32_1.5.0.202011040924/tools/bin/../lib/gcc/arm-none-eabi/9.3.1/thumb/v7e-m+fp/hard\libgcc.a(_dvmd_tls.o)
                0x0000000008000e9c                __aeabi_idiv0
                0x0000000008000e9c                __aeabi_ldiv0
 *(.text*)
 .text.modeSelect
                0x0000000008000ea0      0x14c Core/Src/Controller/mode.o
                0x0000000008000ea0                modeSelect
 .text.waitStarting
                0x0000000008000fec       0x64 Core/Src/Controller/mode.o
                0x0000000008000fec                waitStarting
 .text.judgeFailSafe
                0x0000000008001050      0x120 Core/Src/Controller/mode.o
                0x0000000008001050                judgeFailSafe
 .text.LL_SPI_Enable
                0x0000000008001170       0x20 Core/Src/Hardware/ICM20689.o
 .text.LL_SPI_IsEnabled
                0x0000000008001190       0x26 Core/Src/Hardware/ICM20689.o
 .text.LL_SPI_IsActiveFlag_RXNE
                0x00000000080011b6       0x26 Core/Src/Hardware/ICM20689.o
 .text.LL_SPI_IsActiveFlag_TXE
                0x00000000080011dc       0x26 Core/Src/Hardware/ICM20689.o
 .text.LL_SPI_ReceiveData8
                0x0000000008001202       0x1a Core/Src/Hardware/ICM20689.o
 .text.LL_SPI_TransmitData8
                0x000000000800121c       0x24 Core/Src/Hardware/ICM20689.o
 .text.LL_GPIO_SetOutputPin
                0x0000000008001240       0x1c Core/Src/Hardware/ICM20689.o
 .text.LL_GPIO_ResetOutputPin
                0x000000000800125c       0x1e Core/Src/Hardware/ICM20689.o
 *fill*         0x000000000800127a        0x2 
 .text.SPI_Control
                0x000000000800127c       0x9c Core/Src/Hardware/ICM20689.o
                0x000000000800127c                SPI_Control
 .text.readByte
                0x0000000008001318       0x38 Core/Src/Hardware/ICM20689.o
                0x0000000008001318                readByte
 .text.writeByte
                0x0000000008001350       0x3c Core/Src/Hardware/ICM20689.o
                0x0000000008001350                writeByte
 .text.initIMU  0x000000000800138c       0xb0 Core/Src/Hardware/ICM20689.o
                0x000000000800138c                initIMU
 .text.readGyroOmegaZ
                0x000000000800143c       0x4c Core/Src/Hardware/ICM20689.o
                0x000000000800143c                readGyroOmegaZ
 .text.readGyroAccelX
                0x0000000008001488       0x4c Core/Src/Hardware/ICM20689.o
                0x0000000008001488                readGyroAccelX
 .text.LL_TIM_EnableCounter
                0x00000000080014d4       0x20 Core/Src/Hardware/basic_timer.o
 .text.LL_TIM_DisableCounter
                0x00000000080014f4       0x20 Core/Src/Hardware/basic_timer.o
 .text.LL_TIM_EnableIT_UPDATE
                0x0000000008001514       0x20 Core/Src/Hardware/basic_timer.o
 .text.LL_TIM_DisableIT_UPDATE
                0x0000000008001534       0x20 Core/Src/Hardware/basic_timer.o
 .text.basicTimerStart
                0x0000000008001554       0x18 Core/Src/Hardware/basic_timer.o
                0x0000000008001554                basicTimerStart
 .text.basicTimerPause
                0x000000000800156c       0x18 Core/Src/Hardware/basic_timer.o
                0x000000000800156c                basicTimerPause
 .text.waitMs   0x0000000008001584       0x1a Core/Src/Hardware/basic_timer.o
                0x0000000008001584                waitMs
 *fill*         0x000000000800159e        0x2 
 .text.waitUs   0x00000000080015a0       0x54 Core/Src/Hardware/basic_timer.o
                0x00000000080015a0                waitUs
 .text.readBatteryCheck
                0x00000000080015f4       0x28 Core/Src/Hardware/battery.o
                0x00000000080015f4                readBatteryCheck
 .text.LL_TIM_EnableCounter
                0x000000000800161c       0x20 Core/Src/Hardware/buzzer.o
 .text.LL_TIM_SetCounter
                0x000000000800163c       0x1c Core/Src/Hardware/buzzer.o
 .text.LL_TIM_SetAutoReload
                0x0000000008001658       0x1c Core/Src/Hardware/buzzer.o
 .text.LL_TIM_CC_EnableChannel
                0x0000000008001674       0x22 Core/Src/Hardware/buzzer.o
 .text.LL_TIM_OC_SetCompareCH4
                0x0000000008001696       0x1c Core/Src/Hardware/buzzer.o
 .text.LL_TIM_EnableAllOutputs
                0x00000000080016b2       0x20 Core/Src/Hardware/buzzer.o
 *fill*         0x00000000080016d2        0x2 
 .text.enableMelody
                0x00000000080016d4       0x24 Core/Src/Hardware/buzzer.o
                0x00000000080016d4                enableMelody
 .text.stopMelody
                0x00000000080016f8       0x14 Core/Src/Hardware/buzzer.o
                0x00000000080016f8                stopMelody
 .text.Melody   0x000000000800170c       0x58 Core/Src/Hardware/buzzer.o
                0x000000000800170c                Melody
 .text.LL_TIM_EnableCounter
                0x0000000008001764       0x20 Core/Src/Hardware/encoder.o
 .text.LL_TIM_DisableCounter
                0x0000000008001784       0x20 Core/Src/Hardware/encoder.o
 .text.enableEncoder
                0x00000000080017a4       0x28 Core/Src/Hardware/encoder.o
                0x00000000080017a4                enableEncoder
 .text.disableEncoder
                0x00000000080017cc       0x1c Core/Src/Hardware/encoder.o
                0x00000000080017cc                disableEncoder
 .text.getEncoderData
                0x00000000080017e8       0x64 Core/Src/Hardware/encoder.o
                0x00000000080017e8                getEncoderData
 .text.setLED1State
                0x000000000800184c       0x34 Core/Src/Hardware/interface_LED.o
                0x000000000800184c                setLED1State
 .text.setLED2State
                0x0000000008001880       0x34 Core/Src/Hardware/interface_LED.o
                0x0000000008001880                setLED2State
 .text.setLED3State
                0x00000000080018b4       0x34 Core/Src/Hardware/interface_LED.o
                0x00000000080018b4                setLED3State
 .text.setLED4State
                0x00000000080018e8       0x30 Core/Src/Hardware/interface_LED.o
                0x00000000080018e8                setLED4State
 .text.setLED5State
                0x0000000008001918       0x30 Core/Src/Hardware/interface_LED.o
                0x0000000008001918                setLED5State
 .text.displayBinaryValueWithLEDs
                0x0000000008001948       0x58 Core/Src/Hardware/interface_LED.o
                0x0000000008001948                displayBinaryValueWithLEDs
 .text.LL_TIM_EnableCounter
                0x00000000080019a0       0x20 Core/Src/Hardware/motor.o
 .text.LL_TIM_DisableCounter
                0x00000000080019c0       0x20 Core/Src/Hardware/motor.o
 .text.LL_TIM_SetCounter
                0x00000000080019e0       0x1c Core/Src/Hardware/motor.o
 .text.LL_TIM_CC_EnableChannel
                0x00000000080019fc       0x22 Core/Src/Hardware/motor.o
 .text.LL_TIM_CC_DisableChannel
                0x0000000008001a1e       0x24 Core/Src/Hardware/motor.o
 .text.LL_TIM_OC_SetCompareCH1
                0x0000000008001a42       0x1c Core/Src/Hardware/motor.o
 .text.LL_TIM_OC_SetCompareCH2
                0x0000000008001a5e       0x1c Core/Src/Hardware/motor.o
 .text.LL_TIM_EnableAllOutputs
                0x0000000008001a7a       0x20 Core/Src/Hardware/motor.o
 .text.LL_GPIO_SetOutputPin
                0x0000000008001a9a       0x1c Core/Src/Hardware/motor.o
 .text.LL_GPIO_ResetOutputPin
                0x0000000008001ab6       0x1e Core/Src/Hardware/motor.o
 .text.setMotorDriverState
                0x0000000008001ad4       0x3c Core/Src/Hardware/motor.o
                0x0000000008001ad4                setMotorDriverState
 .text.enableMotors
                0x0000000008001b10       0x90 Core/Src/Hardware/motor.o
                0x0000000008001b10                enableMotors
 .text.setMotorDirection
                0x0000000008001ba0       0x80 Core/Src/Hardware/motor.o
                0x0000000008001ba0                setMotorDirection
 .text.dutyConverter
                0x0000000008001c20       0x6c Core/Src/Hardware/motor.o
                0x0000000008001c20                dutyConverter
 .text.driveMotors
                0x0000000008001c8c       0xa4 Core/Src/Hardware/motor.o
                0x0000000008001c8c                driveMotors
 .text.shutdownMotors
                0x0000000008001d30       0x44 Core/Src/Hardware/motor.o
                0x0000000008001d30                shutdownMotors
 .text.LL_ADC_DMA_GetRegAddr
                0x0000000008001d74       0x34 Core/Src/Hardware/wall_sensor.o
 .text.LL_ADC_Enable
                0x0000000008001da8       0x20 Core/Src/Hardware/wall_sensor.o
 .text.LL_ADC_REG_StartConversionSWStart
                0x0000000008001dc8       0x20 Core/Src/Hardware/wall_sensor.o
 .text.LL_ADC_ClearFlag_EOCS
                0x0000000008001de8       0x1c Core/Src/Hardware/wall_sensor.o
 .text.LL_DMA_EnableStream
                0x0000000008001e04       0x40 Core/Src/Hardware/wall_sensor.o
 .text.LL_DMA_DisableStream
                0x0000000008001e44       0x40 Core/Src/Hardware/wall_sensor.o
 .text.LL_DMA_SetDataLength
                0x0000000008001e84       0x48 Core/Src/Hardware/wall_sensor.o
 .text.LL_DMA_ConfigAddresses
                0x0000000008001ecc       0x78 Core/Src/Hardware/wall_sensor.o
 .text.LL_DMA_EnableIT_TC
                0x0000000008001f44       0x40 Core/Src/Hardware/wall_sensor.o
 .text.ADC1_Start_DMA2
                0x0000000008001f84       0x54 Core/Src/Hardware/wall_sensor.o
                0x0000000008001f84                ADC1_Start_DMA2
 .text.startADCwithDMA
                0x0000000008001fd8       0x24 Core/Src/Hardware/wall_sensor.o
                0x0000000008001fd8                startADCwithDMA
 .text.DMA_CallbackTask
                0x0000000008001ffc       0x18 Core/Src/Hardware/wall_sensor.o
                0x0000000008001ffc                DMA_CallbackTask
 .text.getWallADC
                0x0000000008002014       0x24 Core/Src/Hardware/wall_sensor.o
                0x0000000008002014                getWallADC
 .text.changeFrontCenterLED
                0x0000000008002038       0x30 Core/Src/Hardware/wall_sensor.o
                0x0000000008002038                changeFrontCenterLED
 .text.changeFrontRightLED
                0x0000000008002068       0x30 Core/Src/Hardware/wall_sensor.o
                0x0000000008002068                changeFrontRightLED
 .text.changeFrontLeftLED
                0x0000000008002098       0x30 Core/Src/Hardware/wall_sensor.o
                0x0000000008002098                changeFrontLeftLED
 .text.changeRightLED
                0x00000000080020c8       0x30 Core/Src/Hardware/wall_sensor.o
                0x00000000080020c8                changeRightLED
 .text.changeLeftLED
                0x00000000080020f8       0x30 Core/Src/Hardware/wall_sensor.o
                0x00000000080020f8                changeLeftLED
 .text.callbackTIM
                0x0000000008002128       0x40 Core/Src/System/callback.o
                0x0000000008002128                callbackTIM
 .text.storeLog
                0x0000000008002168       0xb8 Core/Src/System/log.o
                0x0000000008002168                storeLog
 .text.driveAccelMotion
                0x0000000008002220      0x16c Core/Src/System/motion.o
                0x0000000008002220                driveAccelMotion
 .text.spinMotion
                0x000000000800238c      0x1fc Core/Src/System/motion.o
                0x000000000800238c                spinMotion
 .text.MelodySummer
                0x0000000008002588       0x5a Core/Src/System/music.o
                0x0000000008002588                MelodySummer
 .text.MelodyMrLawrence
                0x00000000080025e2       0xb0 Core/Src/System/music.o
                0x00000000080025e2                MelodyMrLawrence
 *fill*         0x0000000008002692        0x2 
 .text.getEncoderVelocity
                0x0000000008002694       0x30 Core/Src/System/sensing.o
                0x0000000008002694                getEncoderVelocity
 .text.getCenterMileage
                0x00000000080026c4       0xb4 Core/Src/System/sensing.o
                0x00000000080026c4                getCenterMileage
 .text.addAngle
                0x0000000008002778       0x38 Core/Src/System/sensing.o
                0x0000000008002778                addAngle
 .text.getCenterVelocity
                0x00000000080027b0       0x3c Core/Src/System/sensing.o
                0x00000000080027b0                getCenterVelocity
 .text.getOmega
                0x00000000080027ec       0x1c Core/Src/System/sensing.o
                0x00000000080027ec                getOmega
 .text.getWallSensorOffset
                0x0000000008002808       0x78 Core/Src/System/sensing.o
                0x0000000008002808                getWallSensorOffset
 .text.getWallSensor
                0x0000000008002880       0x9c Core/Src/System/sensing.o
                0x0000000008002880                getWallSensor
 .text.getOmegaOffset
                0x000000000800291c       0x68 Core/Src/System/sensing.o
                0x000000000800291c                getOmegaOffset
 .text.getAccelOffset
                0x0000000008002984       0x68 Core/Src/System/sensing.o
                0x0000000008002984                getAccelOffset
 .text.initSensors
                0x00000000080029ec       0x24 Core/Src/System/sensing.o
                0x00000000080029ec                initSensors
 .text.updateSensors
                0x0000000008002a10       0xb0 Core/Src/System/sensing.o
                0x0000000008002a10                updateSensors
 .text.getOffsets
                0x0000000008002ac0       0x30 Core/Src/System/sensing.o
                0x0000000008002ac0                getOffsets
 .text.calculatePID
                0x0000000008002af0      0x118 Core/Src/System/state.o
                0x0000000008002af0                calculatePID
 .text.calculateTargetVelocity
                0x0000000008002c08       0xc4 Core/Src/System/state.o
                0x0000000008002c08                calculateTargetVelocity
 .text.calculateTagetOmega
                0x0000000008002ccc       0xc4 Core/Src/System/state.o
                0x0000000008002ccc                calculateTagetOmega
 .text.setStatus
                0x0000000008002d90       0x92 Core/Src/System/state.o
                0x0000000008002d90                setStatus
 .text.setPrameters
                0x0000000008002e22       0x4e Core/Src/System/state.o
                0x0000000008002e22                setPrameters
 .text.initMouseStatus
                0x0000000008002e70      0x1e8 Core/Src/System/state.o
                0x0000000008002e70                initMouseStatus
 .text.updateStatus
                0x0000000008003058      0x220 Core/Src/System/state.o
                0x0000000008003058                updateStatus
 .text.LL_ADC_REG_SetSequencerRanks
                0x0000000008003278       0x6c Core/Src/adc.o
 .text.LL_ADC_REG_SetFlagEndOfConversion
                0x00000000080032e4       0x26 Core/Src/adc.o
 .text.LL_ADC_SetChannelSamplingTime
                0x000000000800330a       0x98 Core/Src/adc.o
 *fill*         0x00000000080033a2        0x2 
 .text.LL_DMA_SetDataTransferDirection
                0x00000000080033a4       0x48 Core/Src/adc.o
 .text.LL_DMA_SetMode
                0x00000000080033ec       0x48 Core/Src/adc.o
 .text.LL_DMA_SetPeriphIncMode
                0x0000000008003434       0x48 Core/Src/adc.o
 .text.LL_DMA_SetMemoryIncMode
                0x000000000800347c       0x48 Core/Src/adc.o
 .text.LL_DMA_SetPeriphSize
                0x00000000080034c4       0x48 Core/Src/adc.o
 .text.LL_DMA_SetMemorySize
                0x000000000800350c       0x48 Core/Src/adc.o
 .text.LL_DMA_SetStreamPriorityLevel
                0x0000000008003554       0x48 Core/Src/adc.o
 .text.LL_DMA_SetChannelSelection
                0x000000000800359c       0x48 Core/Src/adc.o
 .text.LL_DMA_DisableFifoMode
                0x00000000080035e4       0x40 Core/Src/adc.o
 .text.LL_AHB1_GRP1_EnableClock
                0x0000000008003624       0x30 Core/Src/adc.o
 .text.LL_APB2_GRP1_EnableClock
                0x0000000008003654       0x30 Core/Src/adc.o
 .text.MX_ADC1_Init
                0x0000000008003684      0x1b8 Core/Src/adc.o
                0x0000000008003684                MX_ADC1_Init
 .text.__NVIC_GetPriorityGrouping
                0x000000000800383c       0x1c Core/Src/dma.o
 .text.__NVIC_EnableIRQ
                0x0000000008003858       0x3c Core/Src/dma.o
 .text.__NVIC_SetPriority
                0x0000000008003894       0x54 Core/Src/dma.o
 .text.NVIC_EncodePriority
                0x00000000080038e8       0x66 Core/Src/dma.o
 *fill*         0x000000000800394e        0x2 
 .text.LL_AHB1_GRP1_EnableClock
                0x0000000008003950       0x30 Core/Src/dma.o
 .text.MX_DMA_Init
                0x0000000008003980       0x30 Core/Src/dma.o
                0x0000000008003980                MX_DMA_Init
 .text.LL_AHB1_GRP1_EnableClock
                0x00000000080039b0       0x30 Core/Src/gpio.o
 .text.LL_GPIO_ResetOutputPin
                0x00000000080039e0       0x1e Core/Src/gpio.o
 *fill*         0x00000000080039fe        0x2 
 .text.MX_GPIO_Init
                0x0000000008003a00      0x104 Core/Src/gpio.o
                0x0000000008003a00                MX_GPIO_Init
 .text.__NVIC_SetPriorityGrouping
                0x0000000008003b04       0x48 Core/Src/main.o
 .text.LL_RCC_HSI_Enable
                0x0000000008003b4c       0x20 Core/Src/main.o
 .text.LL_RCC_HSI_IsReady
                0x0000000008003b6c       0x24 Core/Src/main.o
 .text.LL_RCC_HSI_SetCalibTrimming
                0x0000000008003b90       0x2c Core/Src/main.o
 .text.LL_RCC_SetSysClkSource
                0x0000000008003bbc       0x28 Core/Src/main.o
 .text.LL_RCC_GetSysClkSource
                0x0000000008003be4       0x1c Core/Src/main.o
 .text.LL_RCC_SetAHBPrescaler
                0x0000000008003c00       0x28 Core/Src/main.o
 .text.LL_RCC_SetAPB1Prescaler
                0x0000000008003c28       0x28 Core/Src/main.o
 .text.LL_RCC_SetAPB2Prescaler
                0x0000000008003c50       0x28 Core/Src/main.o
 .text.LL_RCC_PLL_Enable
                0x0000000008003c78       0x20 Core/Src/main.o
 .text.LL_RCC_PLL_IsReady
                0x0000000008003c98       0x28 Core/Src/main.o
 .text.LL_RCC_PLL_ConfigDomain_SYS
                0x0000000008003cc0       0x4c Core/Src/main.o
 .text.LL_APB1_GRP1_EnableClock
                0x0000000008003d0c       0x30 Core/Src/main.o
 .text.LL_APB2_GRP1_EnableClock
                0x0000000008003d3c       0x30 Core/Src/main.o
 .text.LL_FLASH_SetLatency
                0x0000000008003d6c       0x28 Core/Src/main.o
 .text.LL_FLASH_GetLatency
                0x0000000008003d94       0x1c Core/Src/main.o
 .text.LL_PWR_SetRegulVoltageScaling
                0x0000000008003db0       0x28 Core/Src/main.o
 .text.LL_USART_IsActiveFlag_TXE
                0x0000000008003dd8       0x26 Core/Src/main.o
 .text.LL_USART_TransmitData8
                0x0000000008003dfe       0x1e Core/Src/main.o
 .text.__io_putchar
                0x0000000008003e1c       0x54 Core/Src/main.o
                0x0000000008003e1c                __io_putchar
 .text.main     0x0000000008003e70      0x2f8 Core/Src/main.o
                0x0000000008003e70                main
 .text.SystemClock_Config
                0x0000000008004168       0x8c Core/Src/main.o
                0x0000000008004168                SystemClock_Config
 .text.LL_AHB1_GRP1_EnableClock
                0x00000000080041f4       0x30 Core/Src/spi.o
 .text.LL_APB1_GRP1_EnableClock
                0x0000000008004224       0x30 Core/Src/spi.o
 .text.LL_SPI_SetStandard
                0x0000000008004254       0x26 Core/Src/spi.o
 *fill*         0x000000000800427a        0x2 
 .text.MX_SPI3_Init
                0x000000000800427c       0xa8 Core/Src/spi.o
                0x000000000800427c                MX_SPI3_Init
 .text.LL_DMA_IsActiveFlag_TC0
                0x0000000008004324       0x26 Core/Src/stm32f4xx_it.o
 .text.LL_DMA_ClearFlag_TC0
                0x000000000800434a       0x1a Core/Src/stm32f4xx_it.o
 .text.LL_TIM_ClearFlag_UPDATE
                0x0000000008004364       0x1c Core/Src/stm32f4xx_it.o
 .text.LL_TIM_IsActiveFlag_UPDATE
                0x0000000008004380       0x26 Core/Src/stm32f4xx_it.o
 .text.NMI_Handler
                0x00000000080043a6        0x6 Core/Src/stm32f4xx_it.o
                0x00000000080043a6                NMI_Handler
 .text.HardFault_Handler
                0x00000000080043ac        0x6 Core/Src/stm32f4xx_it.o
                0x00000000080043ac                HardFault_Handler
 .text.MemManage_Handler
                0x00000000080043b2        0x6 Core/Src/stm32f4xx_it.o
                0x00000000080043b2                MemManage_Handler
 .text.BusFault_Handler
                0x00000000080043b8        0x6 Core/Src/stm32f4xx_it.o
                0x00000000080043b8                BusFault_Handler
 .text.UsageFault_Handler
                0x00000000080043be        0x6 Core/Src/stm32f4xx_it.o
                0x00000000080043be                UsageFault_Handler
 .text.SVC_Handler
                0x00000000080043c4        0xe Core/Src/stm32f4xx_it.o
                0x00000000080043c4                SVC_Handler
 .text.DebugMon_Handler
                0x00000000080043d2        0xe Core/Src/stm32f4xx_it.o
                0x00000000080043d2                DebugMon_Handler
 .text.PendSV_Handler
                0x00000000080043e0        0xe Core/Src/stm32f4xx_it.o
                0x00000000080043e0                PendSV_Handler
 .text.SysTick_Handler
                0x00000000080043ee        0xe Core/Src/stm32f4xx_it.o
                0x00000000080043ee                SysTick_Handler
 .text.TIM5_IRQHandler
                0x00000000080043fc       0x24 Core/Src/stm32f4xx_it.o
                0x00000000080043fc                TIM5_IRQHandler
 .text.DMA2_Stream0_IRQHandler
                0x0000000008004420       0x24 Core/Src/stm32f4xx_it.o
                0x0000000008004420                DMA2_Stream0_IRQHandler
 .text._getpid  0x0000000008004444       0x10 Core/Src/syscalls.o
                0x0000000008004444                _getpid
 .text._kill    0x0000000008004454       0x20 Core/Src/syscalls.o
                0x0000000008004454                _kill
 .text._exit    0x0000000008004474       0x14 Core/Src/syscalls.o
                0x0000000008004474                _exit
 .text._read    0x0000000008004488       0x3a Core/Src/syscalls.o
                0x0000000008004488                _read
 .text._write   0x00000000080044c2       0x38 Core/Src/syscalls.o
                0x00000000080044c2                _write
 .text._close   0x00000000080044fa       0x18 Core/Src/syscalls.o
                0x00000000080044fa                _close
 .text._fstat   0x0000000008004512       0x20 Core/Src/syscalls.o
                0x0000000008004512                _fstat
 .text._isatty  0x0000000008004532       0x16 Core/Src/syscalls.o
                0x0000000008004532                _isatty
 .text._lseek   0x0000000008004548       0x1a Core/Src/syscalls.o
                0x0000000008004548                _lseek
 *fill*         0x0000000008004562        0x2 
 .text._sbrk    0x0000000008004564       0x6c Core/Src/sysmem.o
                0x0000000008004564                _sbrk
 .text.SystemInit
                0x00000000080045d0       0x2c Core/Src/system_stm32f4xx.o
                0x00000000080045d0                SystemInit
 .text.__NVIC_GetPriorityGrouping
                0x00000000080045fc       0x1c Core/Src/tim.o
 .text.__NVIC_EnableIRQ
                0x0000000008004618       0x3c Core/Src/tim.o
 .text.__NVIC_SetPriority
                0x0000000008004654       0x54 Core/Src/tim.o
 .text.NVIC_EncodePriority
                0x00000000080046a8       0x66 Core/Src/tim.o
 *fill*         0x000000000800470e        0x2 
 .text.LL_AHB1_GRP1_EnableClock
                0x0000000008004710       0x30 Core/Src/tim.o
 .text.LL_APB1_GRP1_EnableClock
                0x0000000008004740       0x30 Core/Src/tim.o
 .text.LL_APB2_GRP1_EnableClock
                0x0000000008004770       0x30 Core/Src/tim.o
 .text.LL_TIM_EnableARRPreload
                0x00000000080047a0       0x20 Core/Src/tim.o
 .text.LL_TIM_DisableARRPreload
                0x00000000080047c0       0x20 Core/Src/tim.o
 .text.LL_TIM_OC_DisableFast
                0x00000000080047e0       0x8c Core/Src/tim.o
 .text.LL_TIM_OC_EnablePreload
                0x000000000800486c       0x88 Core/Src/tim.o
 .text.LL_TIM_IC_SetActiveInput
                0x00000000080048f4       0x9c Core/Src/tim.o
 .text.LL_TIM_IC_SetPrescaler
                0x0000000008004990       0x9c Core/Src/tim.o
 .text.LL_TIM_IC_SetFilter
                0x0000000008004a2c       0x9c Core/Src/tim.o
 .text.LL_TIM_IC_SetPolarity
                0x0000000008004ac8       0x88 Core/Src/tim.o
 .text.LL_TIM_SetClockSource
                0x0000000008004b50       0x2a Core/Src/tim.o
 .text.LL_TIM_SetEncoderMode
                0x0000000008004b7a       0x26 Core/Src/tim.o
 .text.LL_TIM_SetTriggerOutput
                0x0000000008004ba0       0x26 Core/Src/tim.o
 .text.LL_TIM_DisableMasterSlaveMode
                0x0000000008004bc6       0x20 Core/Src/tim.o
 *fill*         0x0000000008004be6        0x2 
 .text.MX_TIM1_Init
                0x0000000008004be8      0x130 Core/Src/tim.o
                0x0000000008004be8                MX_TIM1_Init
 .text.MX_TIM2_Init
                0x0000000008004d18       0xe8 Core/Src/tim.o
                0x0000000008004d18                MX_TIM2_Init
 .text.MX_TIM3_Init
                0x0000000008004e00       0xf4 Core/Src/tim.o
                0x0000000008004e00                MX_TIM3_Init
 .text.MX_TIM4_Init
                0x0000000008004ef4       0xf4 Core/Src/tim.o
                0x0000000008004ef4                MX_TIM4_Init
 .text.MX_TIM5_Init
                0x0000000008004fe8       0x80 Core/Src/tim.o
                0x0000000008004fe8                MX_TIM5_Init
 .text.MX_TIM6_Init
                0x0000000008005068       0x54 Core/Src/tim.o
                0x0000000008005068                MX_TIM6_Init
 .text.MX_TIM8_Init
                0x00000000080050bc      0x134 Core/Src/tim.o
                0x00000000080050bc                MX_TIM8_Init
 .text.MX_TIM11_Init
                0x00000000080051f0       0xcc Core/Src/tim.o
                0x00000000080051f0                MX_TIM11_Init
 .text.LL_AHB1_GRP1_EnableClock
                0x00000000080052bc       0x30 Core/Src/usart.o
 .text.LL_APB2_GRP1_EnableClock
                0x00000000080052ec       0x30 Core/Src/usart.o
 .text.LL_USART_Enable
                0x000000000800531c       0x20 Core/Src/usart.o
 .text.LL_USART_ConfigAsyncMode
                0x000000000800533c       0x2c Core/Src/usart.o
 .text.MX_USART1_UART_Init
                0x0000000008005368       0xa0 Core/Src/usart.o
                0x0000000008005368                MX_USART1_UART_Init
 .text.Reset_Handler
                0x0000000008005408       0x50 Core/Startup/startup_stm32f405rgtx.o
                0x0000000008005408                Reset_Handler
 .text.Default_Handler
                0x0000000008005458        0x2 Core/Startup/startup_stm32f405rgtx.o
                0x0000000008005458                RTC_Alarm_IRQHandler
                0x0000000008005458                HASH_RNG_IRQHandler
                0x0000000008005458                EXTI2_IRQHandler
                0x0000000008005458                TIM8_CC_IRQHandler
                0x0000000008005458                TIM1_CC_IRQHandler
                0x0000000008005458                DMA2_Stream5_IRQHandler
                0x0000000008005458                DMA1_Stream5_IRQHandler
                0x0000000008005458                PVD_IRQHandler
                0x0000000008005458                SDIO_IRQHandler
                0x0000000008005458                TAMP_STAMP_IRQHandler
                0x0000000008005458                CAN2_RX1_IRQHandler
                0x0000000008005458                EXTI3_IRQHandler
                0x0000000008005458                TIM8_TRG_COM_TIM14_IRQHandler
                0x0000000008005458                TIM1_UP_TIM10_IRQHandler
                0x0000000008005458                TIM8_UP_TIM13_IRQHandler
                0x0000000008005458                I2C3_ER_IRQHandler
                0x0000000008005458                EXTI0_IRQHandler
                0x0000000008005458                I2C2_EV_IRQHandler
                0x0000000008005458                DMA1_Stream2_IRQHandler
                0x0000000008005458                CAN1_RX0_IRQHandler
                0x0000000008005458                FPU_IRQHandler
                0x0000000008005458                OTG_HS_WKUP_IRQHandler
                0x0000000008005458                CAN2_SCE_IRQHandler
                0x0000000008005458                DMA2_Stream2_IRQHandler
                0x0000000008005458                SPI1_IRQHandler
                0x0000000008005458                TIM6_DAC_IRQHandler
                0x0000000008005458                TIM1_BRK_TIM9_IRQHandler
                0x0000000008005458                CAN2_RX0_IRQHandler
                0x0000000008005458                DMA2_Stream3_IRQHandler
                0x0000000008005458                USART6_IRQHandler
                0x0000000008005458                USART3_IRQHandler
                0x0000000008005458                CAN1_RX1_IRQHandler
                0x0000000008005458                UART5_IRQHandler
                0x0000000008005458                TIM4_IRQHandler
                0x0000000008005458                I2C1_EV_IRQHandler
                0x0000000008005458                DMA1_Stream6_IRQHandler
                0x0000000008005458                DMA1_Stream1_IRQHandler
                0x0000000008005458                UART4_IRQHandler
                0x0000000008005458                TIM3_IRQHandler
                0x0000000008005458                RCC_IRQHandler
                0x0000000008005458                TIM8_BRK_TIM12_IRQHandler
                0x0000000008005458                Default_Handler
                0x0000000008005458                EXTI15_10_IRQHandler
                0x0000000008005458                ADC_IRQHandler
                0x0000000008005458                DMA1_Stream7_IRQHandler
                0x0000000008005458                TIM7_IRQHandler
                0x0000000008005458                CAN2_TX_IRQHandler
                0x0000000008005458                DMA2_Stream7_IRQHandler
                0x0000000008005458                I2C3_EV_IRQHandler
                0x0000000008005458                EXTI9_5_IRQHandler
                0x0000000008005458                RTC_WKUP_IRQHandler
                0x0000000008005458                SPI2_IRQHandler
                0x0000000008005458                OTG_HS_EP1_IN_IRQHandler
                0x0000000008005458                DMA1_Stream0_IRQHandler
                0x0000000008005458                CAN1_TX_IRQHandler
                0x0000000008005458                EXTI4_IRQHandler
                0x0000000008005458                FSMC_IRQHandler
                0x0000000008005458                OTG_HS_EP1_OUT_IRQHandler
                0x0000000008005458                WWDG_IRQHandler
                0x0000000008005458                TIM2_IRQHandler
                0x0000000008005458                OTG_FS_WKUP_IRQHandler
                0x0000000008005458                TIM1_TRG_COM_TIM11_IRQHandler
                0x0000000008005458                OTG_HS_IRQHandler
                0x0000000008005458                EXTI1_IRQHandler
                0x0000000008005458                USART2_IRQHandler
                0x0000000008005458                I2C2_ER_IRQHandler
                0x0000000008005458                DMA2_Stream1_IRQHandler
                0x0000000008005458                CAN1_SCE_IRQHandler
                0x0000000008005458                FLASH_IRQHandler
                0x0000000008005458                DMA2_Stream4_IRQHandler
                0x0000000008005458                USART1_IRQHandler
                0x0000000008005458                OTG_FS_IRQHandler
                0x0000000008005458                SPI3_IRQHandler
                0x0000000008005458                DMA1_Stream4_IRQHandler
                0x0000000008005458                I2C1_ER_IRQHandler
                0x0000000008005458                DMA2_Stream6_IRQHandler
                0x0000000008005458                DMA1_Stream3_IRQHandler
 .text.LL_ADC_REG_SetSequencerLength
                0x000000000800545a       0x26 Drivers/STM32F4xx_HAL_Driver/Src/stm32f4xx_ll_adc.o
 .text.LL_ADC_IsEnabled
                0x0000000008005480       0x26 Drivers/STM32F4xx_HAL_Driver/Src/stm32f4xx_ll_adc.o
 *fill*         0x00000000080054a6        0x2 
 .text.LL_ADC_CommonInit
                0x00000000080054a8       0x90 Drivers/STM32F4xx_HAL_Driver/Src/stm32f4xx_ll_adc.o
                0x00000000080054a8                LL_ADC_CommonInit
 .text.LL_ADC_Init
                0x0000000008005538       0x58 Drivers/STM32F4xx_HAL_Driver/Src/stm32f4xx_ll_adc.o
                0x0000000008005538                LL_ADC_Init
 .text.LL_ADC_REG_Init
                0x0000000008005590       0x84 Drivers/STM32F4xx_HAL_Driver/Src/stm32f4xx_ll_adc.o
                0x0000000008005590                LL_ADC_REG_Init
 .text.LL_GPIO_SetPinMode
                0x0000000008005614       0x5e Drivers/STM32F4xx_HAL_Driver/Src/stm32f4xx_ll_gpio.o
 .text.LL_GPIO_SetPinOutputType
                0x0000000008005672       0x30 Drivers/STM32F4xx_HAL_Driver/Src/stm32f4xx_ll_gpio.o
 .text.LL_GPIO_SetPinSpeed
                0x00000000080056a2       0x5e Drivers/STM32F4xx_HAL_Driver/Src/stm32f4xx_ll_gpio.o
 .text.LL_GPIO_SetPinPull
                0x0000000008005700       0x5e Drivers/STM32F4xx_HAL_Driver/Src/stm32f4xx_ll_gpio.o
 .text.LL_GPIO_SetAFPin_0_7
                0x000000000800575e       0x5e Drivers/STM32F4xx_HAL_Driver/Src/stm32f4xx_ll_gpio.o
 .text.LL_GPIO_SetAFPin_8_15
                0x00000000080057bc       0x62 Drivers/STM32F4xx_HAL_Driver/Src/stm32f4xx_ll_gpio.o
 .text.LL_GPIO_Init
                0x000000000800581e       0xe6 Drivers/STM32F4xx_HAL_Driver/Src/stm32f4xx_ll_gpio.o
                0x000000000800581e                LL_GPIO_Init
 .text.LL_RCC_GetSysClkSource
                0x0000000008005904       0x1c Drivers/STM32F4xx_HAL_Driver/Src/stm32f4xx_ll_rcc.o
 .text.LL_RCC_GetAHBPrescaler
                0x0000000008005920       0x1c Drivers/STM32F4xx_HAL_Driver/Src/stm32f4xx_ll_rcc.o
 .text.LL_RCC_GetAPB1Prescaler
                0x000000000800593c       0x1c Drivers/STM32F4xx_HAL_Driver/Src/stm32f4xx_ll_rcc.o
 .text.LL_RCC_GetAPB2Prescaler
                0x0000000008005958       0x1c Drivers/STM32F4xx_HAL_Driver/Src/stm32f4xx_ll_rcc.o
 .text.LL_RCC_PLL_GetMainSource
                0x0000000008005974       0x1c Drivers/STM32F4xx_HAL_Driver/Src/stm32f4xx_ll_rcc.o
 .text.LL_RCC_PLL_GetN
                0x0000000008005990       0x1c Drivers/STM32F4xx_HAL_Driver/Src/stm32f4xx_ll_rcc.o
 .text.LL_RCC_PLL_GetP
                0x00000000080059ac       0x1c Drivers/STM32F4xx_HAL_Driver/Src/stm32f4xx_ll_rcc.o
 .text.LL_RCC_PLL_GetDivider
                0x00000000080059c8       0x1c Drivers/STM32F4xx_HAL_Driver/Src/stm32f4xx_ll_rcc.o
 .text.LL_RCC_GetSystemClocksFreq
                0x00000000080059e4       0x4a Drivers/STM32F4xx_HAL_Driver/Src/stm32f4xx_ll_rcc.o
                0x00000000080059e4                LL_RCC_GetSystemClocksFreq
 *fill*         0x0000000008005a2e        0x2 
 .text.RCC_GetSystemClockFreq
                0x0000000008005a30       0x50 Drivers/STM32F4xx_HAL_Driver/Src/stm32f4xx_ll_rcc.o
                0x0000000008005a30                RCC_GetSystemClockFreq
 .text.RCC_GetHCLKClockFreq
                0x0000000008005a80       0x2c Drivers/STM32F4xx_HAL_Driver/Src/stm32f4xx_ll_rcc.o
                0x0000000008005a80                RCC_GetHCLKClockFreq
 .text.RCC_GetPCLK1ClockFreq
                0x0000000008005aac       0x28 Drivers/STM32F4xx_HAL_Driver/Src/stm32f4xx_ll_rcc.o
                0x0000000008005aac                RCC_GetPCLK1ClockFreq
 .text.RCC_GetPCLK2ClockFreq
                0x0000000008005ad4       0x28 Drivers/STM32F4xx_HAL_Driver/Src/stm32f4xx_ll_rcc.o
                0x0000000008005ad4                RCC_GetPCLK2ClockFreq
 .text.RCC_PLL_GetFreqDomain_SYS
                0x0000000008005afc       0x7c Drivers/STM32F4xx_HAL_Driver/Src/stm32f4xx_ll_rcc.o
                0x0000000008005afc                RCC_PLL_GetFreqDomain_SYS
 .text.LL_SPI_IsEnabled
                0x0000000008005b78       0x26 Drivers/STM32F4xx_HAL_Driver/Src/stm32f4xx_ll_spi.o
 .text.LL_SPI_SetCRCPolynomial
                0x0000000008005b9e       0x20 Drivers/STM32F4xx_HAL_Driver/Src/stm32f4xx_ll_spi.o
 .text.LL_SPI_Init
                0x0000000008005bbe       0xa4 Drivers/STM32F4xx_HAL_Driver/Src/stm32f4xx_ll_spi.o
                0x0000000008005bbe                LL_SPI_Init
 .text.LL_TIM_SetPrescaler
                0x0000000008005c62       0x1c Drivers/STM32F4xx_HAL_Driver/Src/stm32f4xx_ll_tim.o
 .text.LL_TIM_SetAutoReload
                0x0000000008005c7e       0x1c Drivers/STM32F4xx_HAL_Driver/Src/stm32f4xx_ll_tim.o
 .text.LL_TIM_SetRepetitionCounter
                0x0000000008005c9a       0x1c Drivers/STM32F4xx_HAL_Driver/Src/stm32f4xx_ll_tim.o
 .text.LL_TIM_OC_SetCompareCH1
                0x0000000008005cb6       0x1c Drivers/STM32F4xx_HAL_Driver/Src/stm32f4xx_ll_tim.o
 .text.LL_TIM_OC_SetCompareCH2
                0x0000000008005cd2       0x1c Drivers/STM32F4xx_HAL_Driver/Src/stm32f4xx_ll_tim.o
 .text.LL_TIM_OC_SetCompareCH3
                0x0000000008005cee       0x1c Drivers/STM32F4xx_HAL_Driver/Src/stm32f4xx_ll_tim.o
 .text.LL_TIM_OC_SetCompareCH4
                0x0000000008005d0a       0x1c Drivers/STM32F4xx_HAL_Driver/Src/stm32f4xx_ll_tim.o
 .text.LL_TIM_GenerateEvent_UPDATE
                0x0000000008005d26       0x20 Drivers/STM32F4xx_HAL_Driver/Src/stm32f4xx_ll_tim.o
 *fill*         0x0000000008005d46        0x2 
 .text.LL_TIM_Init
                0x0000000008005d48      0x134 Drivers/STM32F4xx_HAL_Driver/Src/stm32f4xx_ll_tim.o
                0x0000000008005d48                LL_TIM_Init
 .text.LL_TIM_OC_Init
                0x0000000008005e7c       0x82 Drivers/STM32F4xx_HAL_Driver/Src/stm32f4xx_ll_tim.o
                0x0000000008005e7c                LL_TIM_OC_Init
 .text.LL_TIM_BDTR_Init
                0x0000000008005efe       0x92 Drivers/STM32F4xx_HAL_Driver/Src/stm32f4xx_ll_tim.o
                0x0000000008005efe                LL_TIM_BDTR_Init
 .text.OC1Config
                0x0000000008005f90       0xd8 Drivers/STM32F4xx_HAL_Driver/Src/stm32f4xx_ll_tim.o
 .text.OC2Config
                0x0000000008006068       0xe0 Drivers/STM32F4xx_HAL_Driver/Src/stm32f4xx_ll_tim.o
 .text.OC3Config
                0x0000000008006148       0xe0 Drivers/STM32F4xx_HAL_Driver/Src/stm32f4xx_ll_tim.o
 .text.OC4Config
                0x0000000008006228       0xb0 Drivers/STM32F4xx_HAL_Driver/Src/stm32f4xx_ll_tim.o
 .text.LL_USART_IsEnabled
                0x00000000080062d8       0x28 Drivers/STM32F4xx_HAL_Driver/Src/stm32f4xx_ll_usart.o
 .text.LL_USART_SetStopBitsLength
                0x0000000008006300       0x26 Drivers/STM32F4xx_HAL_Driver/Src/stm32f4xx_ll_usart.o
 .text.LL_USART_SetHWFlowCtrl
                0x0000000008006326       0x26 Drivers/STM32F4xx_HAL_Driver/Src/stm32f4xx_ll_usart.o
 .text.LL_USART_SetBaudRate
                0x000000000800634c      0x320 Drivers/STM32F4xx_HAL_Driver/Src/stm32f4xx_ll_usart.o
 .text.LL_USART_Init
                0x000000000800666c      0x100 Drivers/STM32F4xx_HAL_Driver/Src/stm32f4xx_ll_usart.o
                0x000000000800666c                LL_USART_Init
 .text.LL_InitTick
                0x000000000800676c       0x34 Drivers/STM32F4xx_HAL_Driver/Src/stm32f4xx_ll_utils.o
 .text.LL_Init1msTick
                0x00000000080067a0       0x1a Drivers/STM32F4xx_HAL_Driver/Src/stm32f4xx_ll_utils.o
                0x00000000080067a0                LL_Init1msTick
 *fill*         0x00000000080067ba        0x2 
 .text.LL_mDelay
                0x00000000080067bc       0x4c Drivers/STM32F4xx_HAL_Driver/Src/stm32f4xx_ll_utils.o
                0x00000000080067bc                LL_mDelay
 .text.LL_SetSystemCoreClock
                0x0000000008006808       0x20 Drivers/STM32F4xx_HAL_Driver/Src/stm32f4xx_ll_utils.o
                0x0000000008006808                LL_SetSystemCoreClock
 .text.__errno  0x0000000008006828        0xc c:/st/stm32cubeide_1.0.2/stm32cubeide/plugins/com.st.stm32cube.ide.mcu.externaltools.gnu-tools-for-stm32.9-2020-q2-update.win32_1.5.0.202011040924/tools/bin/../lib/gcc/arm-none-eabi/9.3.1/../../../../arm-none-eabi/lib/thumb/v7e-m+fp/hard\libc_nano.a(lib_a-errno.o)
                0x0000000008006828                __errno
 .text.__libc_init_array
                0x0000000008006834       0x48 c:/st/stm32cubeide_1.0.2/stm32cubeide/plugins/com.st.stm32cube.ide.mcu.externaltools.gnu-tools-for-stm32.9-2020-q2-update.win32_1.5.0.202011040924/tools/bin/../lib/gcc/arm-none-eabi/9.3.1/../../../../arm-none-eabi/lib/thumb/v7e-m+fp/hard\libc_nano.a(lib_a-init.o)
                0x0000000008006834                __libc_init_array
 .text.memcpy   0x000000000800687c       0x1c c:/st/stm32cubeide_1.0.2/stm32cubeide/plugins/com.st.stm32cube.ide.mcu.externaltools.gnu-tools-for-stm32.9-2020-q2-update.win32_1.5.0.202011040924/tools/bin/../lib/gcc/arm-none-eabi/9.3.1/../../../../arm-none-eabi/lib/thumb/v7e-m+fp/hard\libc_nano.a(lib_a-memcpy-stub.o)
                0x000000000800687c                memcpy
 .text.memset   0x0000000008006898       0x10 c:/st/stm32cubeide_1.0.2/stm32cubeide/plugins/com.st.stm32cube.ide.mcu.externaltools.gnu-tools-for-stm32.9-2020-q2-update.win32_1.5.0.202011040924/tools/bin/../lib/gcc/arm-none-eabi/9.3.1/../../../../arm-none-eabi/lib/thumb/v7e-m+fp/hard\libc_nano.a(lib_a-memset.o)
                0x0000000008006898                memset
 .text.__cvt    0x00000000080068a8       0xc4 c:/st/stm32cubeide_1.0.2/stm32cubeide/plugins/com.st.stm32cube.ide.mcu.externaltools.gnu-tools-for-stm32.9-2020-q2-update.win32_1.5.0.202011040924/tools/bin/../lib/gcc/arm-none-eabi/9.3.1/../../../../arm-none-eabi/lib/thumb/v7e-m+fp/hard\libc_nano.a(lib_a-nano-vfprintf_float.o)
                0x00000000080068a8                __cvt
 .text.__exponent
                0x000000000800696c       0x7c c:/st/stm32cubeide_1.0.2/stm32cubeide/plugins/com.st.stm32cube.ide.mcu.externaltools.gnu-tools-for-stm32.9-2020-q2-update.win32_1.5.0.202011040924/tools/bin/../lib/gcc/arm-none-eabi/9.3.1/../../../../arm-none-eabi/lib/thumb/v7e-m+fp/hard\libc_nano.a(lib_a-nano-vfprintf_float.o)
                0x000000000800696c                __exponent
 .text._printf_float
                0x00000000080069e8      0x46c c:/st/stm32cubeide_1.0.2/stm32cubeide/plugins/com.st.stm32cube.ide.mcu.externaltools.gnu-tools-for-stm32.9-2020-q2-update.win32_1.5.0.202011040924/tools/bin/../lib/gcc/arm-none-eabi/9.3.1/../../../../arm-none-eabi/lib/thumb/v7e-m+fp/hard\libc_nano.a(lib_a-nano-vfprintf_float.o)
                0x00000000080069e8                _printf_float
 .text._printf_common
                0x0000000008006e54       0xda c:/st/stm32cubeide_1.0.2/stm32cubeide/plugins/com.st.stm32cube.ide.mcu.externaltools.gnu-tools-for-stm32.9-2020-q2-update.win32_1.5.0.202011040924/tools/bin/../lib/gcc/arm-none-eabi/9.3.1/../../../../arm-none-eabi/lib/thumb/v7e-m+fp/hard\libc_nano.a(lib_a-nano-vfprintf_i.o)
                0x0000000008006e54                _printf_common
 *fill*         0x0000000008006f2e        0x2 
 .text._printf_i
                0x0000000008006f30      0x24c c:/st/stm32cubeide_1.0.2/stm32cubeide/plugins/com.st.stm32cube.ide.mcu.externaltools.gnu-tools-for-stm32.9-2020-q2-update.win32_1.5.0.202011040924/tools/bin/../lib/gcc/arm-none-eabi/9.3.1/../../../../arm-none-eabi/lib/thumb/v7e-m+fp/hard\libc_nano.a(lib_a-nano-vfprintf_i.o)
                0x0000000008006f30                _printf_i
 .text.printf   0x000000000800717c       0x30 c:/st/stm32cubeide_1.0.2/stm32cubeide/plugins/com.st.stm32cube.ide.mcu.externaltools.gnu-tools-for-stm32.9-2020-q2-update.win32_1.5.0.202011040924/tools/bin/../lib/gcc/arm-none-eabi/9.3.1/../../../../arm-none-eabi/lib/thumb/v7e-m+fp/hard\libc_nano.a(lib_a-printf.o)
                0x000000000800717c                iprintf
                0x000000000800717c                printf
 .text._puts_r  0x00000000080071ac       0xdc c:/st/stm32cubeide_1.0.2/stm32cubeide/plugins/com.st.stm32cube.ide.mcu.externaltools.gnu-tools-for-stm32.9-2020-q2-update.win32_1.5.0.202011040924/tools/bin/../lib/gcc/arm-none-eabi/9.3.1/../../../../arm-none-eabi/lib/thumb/v7e-m+fp/hard\libc_nano.a(lib_a-puts.o)
                0x00000000080071ac                _puts_r
 .text.puts     0x0000000008007288       0x10 c:/st/stm32cubeide_1.0.2/stm32cubeide/plugins/com.st.stm32cube.ide.mcu.externaltools.gnu-tools-for-stm32.9-2020-q2-update.win32_1.5.0.202011040924/tools/bin/../lib/gcc/arm-none-eabi/9.3.1/../../../../arm-none-eabi/lib/thumb/v7e-m+fp/hard\libc_nano.a(lib_a-puts.o)
                0x0000000008007288                puts
 .text.setbuf   0x0000000008007298       0x10 c:/st/stm32cubeide_1.0.2/stm32cubeide/plugins/com.st.stm32cube.ide.mcu.externaltools.gnu-tools-for-stm32.9-2020-q2-update.win32_1.5.0.202011040924/tools/bin/../lib/gcc/arm-none-eabi/9.3.1/../../../../arm-none-eabi/lib/thumb/v7e-m+fp/hard\libc_nano.a(lib_a-setbuf.o)
                0x0000000008007298                setbuf
 .text.setvbuf  0x00000000080072a8      0x18c c:/st/stm32cubeide_1.0.2/stm32cubeide/plugins/com.st.stm32cube.ide.mcu.externaltools.gnu-tools-for-stm32.9-2020-q2-update.win32_1.5.0.202011040924/tools/bin/../lib/gcc/arm-none-eabi/9.3.1/../../../../arm-none-eabi/lib/thumb/v7e-m+fp/hard\libc_nano.a(lib_a-setvbuf.o)
                0x00000000080072a8                setvbuf
 .text.__swbuf_r
                0x0000000008007434       0xa4 c:/st/stm32cubeide_1.0.2/stm32cubeide/plugins/com.st.stm32cube.ide.mcu.externaltools.gnu-tools-for-stm32.9-2020-q2-update.win32_1.5.0.202011040924/tools/bin/../lib/gcc/arm-none-eabi/9.3.1/../../../../arm-none-eabi/lib/thumb/v7e-m+fp/hard\libc_nano.a(lib_a-wbuf.o)
                0x0000000008007434                __swbuf_r
 .text.__swsetup_r
                0x00000000080074d8       0xdc c:/st/stm32cubeide_1.0.2/stm32cubeide/plugins/com.st.stm32cube.ide.mcu.externaltools.gnu-tools-for-stm32.9-2020-q2-update.win32_1.5.0.202011040924/tools/bin/../lib/gcc/arm-none-eabi/9.3.1/../../../../arm-none-eabi/lib/thumb/v7e-m+fp/hard\libc_nano.a(lib_a-wsetup.o)
                0x00000000080074d8                __swsetup_r
 .text.quorem   0x00000000080075b4      0x116 c:/st/stm32cubeide_1.0.2/stm32cubeide/plugins/com.st.stm32cube.ide.mcu.externaltools.gnu-tools-for-stm32.9-2020-q2-update.win32_1.5.0.202011040924/tools/bin/../lib/gcc/arm-none-eabi/9.3.1/../../../../arm-none-eabi/lib/thumb/v7e-m+fp/hard\libc_nano.a(lib_a-dtoa.o)
 *fill*         0x00000000080076ca        0x6 
 .text._dtoa_r  0x00000000080076d0      0xbd8 c:/st/stm32cubeide_1.0.2/stm32cubeide/plugins/com.st.stm32cube.ide.mcu.externaltools.gnu-tools-for-stm32.9-2020-q2-update.win32_1.5.0.202011040924/tools/bin/../lib/gcc/arm-none-eabi/9.3.1/../../../../arm-none-eabi/lib/thumb/v7e-m+fp/hard\libc_nano.a(lib_a-dtoa.o)
                0x00000000080076d0                _dtoa_r
 .text.__sflush_r
                0x00000000080082a8      0x10c c:/st/stm32cubeide_1.0.2/stm32cubeide/plugins/com.st.stm32cube.ide.mcu.externaltools.gnu-tools-for-stm32.9-2020-q2-update.win32_1.5.0.202011040924/tools/bin/../lib/gcc/arm-none-eabi/9.3.1/../../../../arm-none-eabi/lib/thumb/v7e-m+fp/hard\libc_nano.a(lib_a-fflush.o)
                0x00000000080082a8                __sflush_r
 .text._fflush_r
                0x00000000080083b4       0x78 c:/st/stm32cubeide_1.0.2/stm32cubeide/plugins/com.st.stm32cube.ide.mcu.externaltools.gnu-tools-for-stm32.9-2020-q2-update.win32_1.5.0.202011040924/tools/bin/../lib/gcc/arm-none-eabi/9.3.1/../../../../arm-none-eabi/lib/thumb/v7e-m+fp/hard\libc_nano.a(lib_a-fflush.o)
                0x00000000080083b4                _fflush_r
 .text.std      0x000000000800842c       0x48 c:/st/stm32cubeide_1.0.2/stm32cubeide/plugins/com.st.stm32cube.ide.mcu.externaltools.gnu-tools-for-stm32.9-2020-q2-update.win32_1.5.0.202011040924/tools/bin/../lib/gcc/arm-none-eabi/9.3.1/../../../../arm-none-eabi/lib/thumb/v7e-m+fp/hard\libc_nano.a(lib_a-findfp.o)
 .text._cleanup_r
                0x0000000008008474        0xc c:/st/stm32cubeide_1.0.2/stm32cubeide/plugins/com.st.stm32cube.ide.mcu.externaltools.gnu-tools-for-stm32.9-2020-q2-update.win32_1.5.0.202011040924/tools/bin/../lib/gcc/arm-none-eabi/9.3.1/../../../../arm-none-eabi/lib/thumb/v7e-m+fp/hard\libc_nano.a(lib_a-findfp.o)
                0x0000000008008474                _cleanup_r
 .text.__sfmoreglue
                0x0000000008008480       0x2c c:/st/stm32cubeide_1.0.2/stm32cubeide/plugins/com.st.stm32cube.ide.mcu.externaltools.gnu-tools-for-stm32.9-2020-q2-update.win32_1.5.0.202011040924/tools/bin/../lib/gcc/arm-none-eabi/9.3.1/../../../../arm-none-eabi/lib/thumb/v7e-m+fp/hard\libc_nano.a(lib_a-findfp.o)
                0x0000000008008480                __sfmoreglue
 .text.__sfp_lock_acquire
                0x00000000080084ac        0xc c:/st/stm32cubeide_1.0.2/stm32cubeide/plugins/com.st.stm32cube.ide.mcu.externaltools.gnu-tools-for-stm32.9-2020-q2-update.win32_1.5.0.202011040924/tools/bin/../lib/gcc/arm-none-eabi/9.3.1/../../../../arm-none-eabi/lib/thumb/v7e-m+fp/hard\libc_nano.a(lib_a-findfp.o)
                0x00000000080084ac                __sfp_lock_acquire
 .text.__sfp_lock_release
                0x00000000080084b8        0xc c:/st/stm32cubeide_1.0.2/stm32cubeide/plugins/com.st.stm32cube.ide.mcu.externaltools.gnu-tools-for-stm32.9-2020-q2-update.win32_1.5.0.202011040924/tools/bin/../lib/gcc/arm-none-eabi/9.3.1/../../../../arm-none-eabi/lib/thumb/v7e-m+fp/hard\libc_nano.a(lib_a-findfp.o)
                0x00000000080084b8                __sfp_lock_release
 .text.__sinit_lock_acquire
                0x00000000080084c4        0xc c:/st/stm32cubeide_1.0.2/stm32cubeide/plugins/com.st.stm32cube.ide.mcu.externaltools.gnu-tools-for-stm32.9-2020-q2-update.win32_1.5.0.202011040924/tools/bin/../lib/gcc/arm-none-eabi/9.3.1/../../../../arm-none-eabi/lib/thumb/v7e-m+fp/hard\libc_nano.a(lib_a-findfp.o)
                0x00000000080084c4                __sinit_lock_acquire
 .text.__sinit_lock_release
                0x00000000080084d0        0xc c:/st/stm32cubeide_1.0.2/stm32cubeide/plugins/com.st.stm32cube.ide.mcu.externaltools.gnu-tools-for-stm32.9-2020-q2-update.win32_1.5.0.202011040924/tools/bin/../lib/gcc/arm-none-eabi/9.3.1/../../../../arm-none-eabi/lib/thumb/v7e-m+fp/hard\libc_nano.a(lib_a-findfp.o)
                0x00000000080084d0                __sinit_lock_release
 .text.__sinit  0x00000000080084dc       0x70 c:/st/stm32cubeide_1.0.2/stm32cubeide/plugins/com.st.stm32cube.ide.mcu.externaltools.gnu-tools-for-stm32.9-2020-q2-update.win32_1.5.0.202011040924/tools/bin/../lib/gcc/arm-none-eabi/9.3.1/../../../../arm-none-eabi/lib/thumb/v7e-m+fp/hard\libc_nano.a(lib_a-findfp.o)
                0x00000000080084dc                __sinit
 .text.__sfp    0x000000000800854c       0x8c c:/st/stm32cubeide_1.0.2/stm32cubeide/plugins/com.st.stm32cube.ide.mcu.externaltools.gnu-tools-for-stm32.9-2020-q2-update.win32_1.5.0.202011040924/tools/bin/../lib/gcc/arm-none-eabi/9.3.1/../../../../arm-none-eabi/lib/thumb/v7e-m+fp/hard\libc_nano.a(lib_a-findfp.o)
                0x000000000800854c                __sfp
 .text._fwalk_reent
                0x00000000080085d8       0x3e c:/st/stm32cubeide_1.0.2/stm32cubeide/plugins/com.st.stm32cube.ide.mcu.externaltools.gnu-tools-for-stm32.9-2020-q2-update.win32_1.5.0.202011040924/tools/bin/../lib/gcc/arm-none-eabi/9.3.1/../../../../arm-none-eabi/lib/thumb/v7e-m+fp/hard\libc_nano.a(lib_a-fwalk.o)
                0x00000000080085d8                _fwalk_reent
 *fill*         0x0000000008008616        0x2 
 .text._localeconv_r
                0x0000000008008618        0x8 c:/st/stm32cubeide_1.0.2/stm32cubeide/plugins/com.st.stm32cube.ide.mcu.externaltools.gnu-tools-for-stm32.9-2020-q2-update.win32_1.5.0.202011040924/tools/bin/../lib/gcc/arm-none-eabi/9.3.1/../../../../arm-none-eabi/lib/thumb/v7e-m+fp/hard\libc_nano.a(lib_a-localeconv.o)
                0x0000000008008618                _localeconv_r
 .text.__retarget_lock_init_recursive
                0x0000000008008620        0x2 c:/st/stm32cubeide_1.0.2/stm32cubeide/plugins/com.st.stm32cube.ide.mcu.externaltools.gnu-tools-for-stm32.9-2020-q2-update.win32_1.5.0.202011040924/tools/bin/../lib/gcc/arm-none-eabi/9.3.1/../../../../arm-none-eabi/lib/thumb/v7e-m+fp/hard\libc_nano.a(lib_a-lock.o)
                0x0000000008008620                __retarget_lock_init_recursive
 .text.__retarget_lock_acquire_recursive
                0x0000000008008622        0x2 c:/st/stm32cubeide_1.0.2/stm32cubeide/plugins/com.st.stm32cube.ide.mcu.externaltools.gnu-tools-for-stm32.9-2020-q2-update.win32_1.5.0.202011040924/tools/bin/../lib/gcc/arm-none-eabi/9.3.1/../../../../arm-none-eabi/lib/thumb/v7e-m+fp/hard\libc_nano.a(lib_a-lock.o)
                0x0000000008008622                __retarget_lock_acquire_recursive
 .text.__retarget_lock_release_recursive
                0x0000000008008624        0x2 c:/st/stm32cubeide_1.0.2/stm32cubeide/plugins/com.st.stm32cube.ide.mcu.externaltools.gnu-tools-for-stm32.9-2020-q2-update.win32_1.5.0.202011040924/tools/bin/../lib/gcc/arm-none-eabi/9.3.1/../../../../arm-none-eabi/lib/thumb/v7e-m+fp/hard\libc_nano.a(lib_a-lock.o)
                0x0000000008008624                __retarget_lock_release_recursive
 .text.__swhatbuf_r
                0x0000000008008626       0x48 c:/st/stm32cubeide_1.0.2/stm32cubeide/plugins/com.st.stm32cube.ide.mcu.externaltools.gnu-tools-for-stm32.9-2020-q2-update.win32_1.5.0.202011040924/tools/bin/../lib/gcc/arm-none-eabi/9.3.1/../../../../arm-none-eabi/lib/thumb/v7e-m+fp/hard\libc_nano.a(lib_a-makebuf.o)
                0x0000000008008626                __swhatbuf_r
 *fill*         0x000000000800866e        0x2 
 .text.__smakebuf_r
                0x0000000008008670       0x80 c:/st/stm32cubeide_1.0.2/stm32cubeide/plugins/com.st.stm32cube.ide.mcu.externaltools.gnu-tools-for-stm32.9-2020-q2-update.win32_1.5.0.202011040924/tools/bin/../lib/gcc/arm-none-eabi/9.3.1/../../../../arm-none-eabi/lib/thumb/v7e-m+fp/hard\libc_nano.a(lib_a-makebuf.o)
                0x0000000008008670                __smakebuf_r
 .text.malloc   0x00000000080086f0       0x10 c:/st/stm32cubeide_1.0.2/stm32cubeide/plugins/com.st.stm32cube.ide.mcu.externaltools.gnu-tools-for-stm32.9-2020-q2-update.win32_1.5.0.202011040924/tools/bin/../lib/gcc/arm-none-eabi/9.3.1/../../../../arm-none-eabi/lib/thumb/v7e-m+fp/hard\libc_nano.a(lib_a-malloc.o)
                0x00000000080086f0                malloc
 .text._Balloc  0x0000000008008700       0x80 c:/st/stm32cubeide_1.0.2/stm32cubeide/plugins/com.st.stm32cube.ide.mcu.externaltools.gnu-tools-for-stm32.9-2020-q2-update.win32_1.5.0.202011040924/tools/bin/../lib/gcc/arm-none-eabi/9.3.1/../../../../arm-none-eabi/lib/thumb/v7e-m+fp/hard\libc_nano.a(lib_a-mprec.o)
                0x0000000008008700                _Balloc
 .text._Bfree   0x0000000008008780       0x44 c:/st/stm32cubeide_1.0.2/stm32cubeide/plugins/com.st.stm32cube.ide.mcu.externaltools.gnu-tools-for-stm32.9-2020-q2-update.win32_1.5.0.202011040924/tools/bin/../lib/gcc/arm-none-eabi/9.3.1/../../../../arm-none-eabi/lib/thumb/v7e-m+fp/hard\libc_nano.a(lib_a-mprec.o)
                0x0000000008008780                _Bfree
 .text.__multadd
                0x00000000080087c4       0x94 c:/st/stm32cubeide_1.0.2/stm32cubeide/plugins/com.st.stm32cube.ide.mcu.externaltools.gnu-tools-for-stm32.9-2020-q2-update.win32_1.5.0.202011040924/tools/bin/../lib/gcc/arm-none-eabi/9.3.1/../../../../arm-none-eabi/lib/thumb/v7e-m+fp/hard\libc_nano.a(lib_a-mprec.o)
                0x00000000080087c4                __multadd
 .text.__hi0bits
                0x0000000008008858       0x40 c:/st/stm32cubeide_1.0.2/stm32cubeide/plugins/com.st.stm32cube.ide.mcu.externaltools.gnu-tools-for-stm32.9-2020-q2-update.win32_1.5.0.202011040924/tools/bin/../lib/gcc/arm-none-eabi/9.3.1/../../../../arm-none-eabi/lib/thumb/v7e-m+fp/hard\libc_nano.a(lib_a-mprec.o)
                0x0000000008008858                __hi0bits
 .text.__lo0bits
                0x0000000008008898       0x60 c:/st/stm32cubeide_1.0.2/stm32cubeide/plugins/com.st.stm32cube.ide.mcu.externaltools.gnu-tools-for-stm32.9-2020-q2-update.win32_1.5.0.202011040924/tools/bin/../lib/gcc/arm-none-eabi/9.3.1/../../../../arm-none-eabi/lib/thumb/v7e-m+fp/hard\libc_nano.a(lib_a-mprec.o)
                0x0000000008008898                __lo0bits
 .text.__i2b    0x00000000080088f8       0x2c c:/st/stm32cubeide_1.0.2/stm32cubeide/plugins/com.st.stm32cube.ide.mcu.externaltools.gnu-tools-for-stm32.9-2020-q2-update.win32_1.5.0.202011040924/tools/bin/../lib/gcc/arm-none-eabi/9.3.1/../../../../arm-none-eabi/lib/thumb/v7e-m+fp/hard\libc_nano.a(lib_a-mprec.o)
                0x00000000080088f8                __i2b
 .text.__multiply
                0x0000000008008924      0x14c c:/st/stm32cubeide_1.0.2/stm32cubeide/plugins/com.st.stm32cube.ide.mcu.externaltools.gnu-tools-for-stm32.9-2020-q2-update.win32_1.5.0.202011040924/tools/bin/../lib/gcc/arm-none-eabi/9.3.1/../../../../arm-none-eabi/lib/thumb/v7e-m+fp/hard\libc_nano.a(lib_a-mprec.o)
                0x0000000008008924                __multiply
 .text.__pow5mult
                0x0000000008008a70       0xb4 c:/st/stm32cubeide_1.0.2/stm32cubeide/plugins/com.st.stm32cube.ide.mcu.externaltools.gnu-tools-for-stm32.9-2020-q2-update.win32_1.5.0.202011040924/tools/bin/../lib/gcc/arm-none-eabi/9.3.1/../../../../arm-none-eabi/lib/thumb/v7e-m+fp/hard\libc_nano.a(lib_a-mprec.o)
                0x0000000008008a70                __pow5mult
 .text.__lshift
                0x0000000008008b24       0xd8 c:/st/stm32cubeide_1.0.2/stm32cubeide/plugins/com.st.stm32cube.ide.mcu.externaltools.gnu-tools-for-stm32.9-2020-q2-update.win32_1.5.0.202011040924/tools/bin/../lib/gcc/arm-none-eabi/9.3.1/../../../../arm-none-eabi/lib/thumb/v7e-m+fp/hard\libc_nano.a(lib_a-mprec.o)
                0x0000000008008b24                __lshift
 .text.__mcmp   0x0000000008008bfc       0x38 c:/st/stm32cubeide_1.0.2/stm32cubeide/plugins/com.st.stm32cube.ide.mcu.externaltools.gnu-tools-for-stm32.9-2020-q2-update.win32_1.5.0.202011040924/tools/bin/../lib/gcc/arm-none-eabi/9.3.1/../../../../arm-none-eabi/lib/thumb/v7e-m+fp/hard\libc_nano.a(lib_a-mprec.o)
                0x0000000008008bfc                __mcmp
 .text.__mdiff  0x0000000008008c34      0x110 c:/st/stm32cubeide_1.0.2/stm32cubeide/plugins/com.st.stm32cube.ide.mcu.externaltools.gnu-tools-for-stm32.9-2020-q2-update.win32_1.5.0.202011040924/tools/bin/../lib/gcc/arm-none-eabi/9.3.1/../../../../arm-none-eabi/lib/thumb/v7e-m+fp/hard\libc_nano.a(lib_a-mprec.o)
                0x0000000008008c34                __mdiff
 .text.__d2b    0x0000000008008d44       0xb8 c:/st/stm32cubeide_1.0.2/stm32cubeide/plugins/com.st.stm32cube.ide.mcu.externaltools.gnu-tools-for-stm32.9-2020-q2-update.win32_1.5.0.202011040924/tools/bin/../lib/gcc/arm-none-eabi/9.3.1/../../../../arm-none-eabi/lib/thumb/v7e-m+fp/hard\libc_nano.a(lib_a-mprec.o)
                0x0000000008008d44                __d2b
 .text._calloc_r
                0x0000000008008dfc       0x1e c:/st/stm32cubeide_1.0.2/stm32cubeide/plugins/com.st.stm32cube.ide.mcu.externaltools.gnu-tools-for-stm32.9-2020-q2-update.win32_1.5.0.202011040924/tools/bin/../lib/gcc/arm-none-eabi/9.3.1/../../../../arm-none-eabi/lib/thumb/v7e-m+fp/hard\libc_nano.a(lib_a-nano-callocr.o)
                0x0000000008008dfc                _calloc_r
 *fill*         0x0000000008008e1a        0x2 
 .text._free_r  0x0000000008008e1c       0xa0 c:/st/stm32cubeide_1.0.2/stm32cubeide/plugins/com.st.stm32cube.ide.mcu.externaltools.gnu-tools-for-stm32.9-2020-q2-update.win32_1.5.0.202011040924/tools/bin/../lib/gcc/arm-none-eabi/9.3.1/../../../../arm-none-eabi/lib/thumb/v7e-m+fp/hard\libc_nano.a(lib_a-nano-freer.o)
                0x0000000008008e1c                _free_r
 .text._malloc_r
                0x0000000008008ebc       0xb4 c:/st/stm32cubeide_1.0.2/stm32cubeide/plugins/com.st.stm32cube.ide.mcu.externaltools.gnu-tools-for-stm32.9-2020-q2-update.win32_1.5.0.202011040924/tools/bin/../lib/gcc/arm-none-eabi/9.3.1/../../../../arm-none-eabi/lib/thumb/v7e-m+fp/hard\libc_nano.a(lib_a-nano-mallocr.o)
                0x0000000008008ebc                _malloc_r
 .text.__sfputc_r
                0x0000000008008f70       0x2e c:/st/stm32cubeide_1.0.2/stm32cubeide/plugins/com.st.stm32cube.ide.mcu.externaltools.gnu-tools-for-stm32.9-2020-q2-update.win32_1.5.0.202011040924/tools/bin/../lib/gcc/arm-none-eabi/9.3.1/../../../../arm-none-eabi/lib/thumb/v7e-m+fp/hard\libc_nano.a(lib_a-nano-vfprintf.o)
 .text.__sfputs_r
                0x0000000008008f9e       0x24 c:/st/stm32cubeide_1.0.2/stm32cubeide/plugins/com.st.stm32cube.ide.mcu.externaltools.gnu-tools-for-stm32.9-2020-q2-update.win32_1.5.0.202011040924/tools/bin/../lib/gcc/arm-none-eabi/9.3.1/../../../../arm-none-eabi/lib/thumb/v7e-m+fp/hard\libc_nano.a(lib_a-nano-vfprintf.o)
                0x0000000008008f9e                __sfputs_r
 *fill*         0x0000000008008fc2        0x2 
 .text._vfprintf_r
                0x0000000008008fc4      0x260 c:/st/stm32cubeide_1.0.2/stm32cubeide/plugins/com.st.stm32cube.ide.mcu.externaltools.gnu-tools-for-stm32.9-2020-q2-update.win32_1.5.0.202011040924/tools/bin/../lib/gcc/arm-none-eabi/9.3.1/../../../../arm-none-eabi/lib/thumb/v7e-m+fp/hard\libc_nano.a(lib_a-nano-vfprintf.o)
                0x0000000008008fc4                _vfprintf_r
                0x0000000008008fc4                _vfiprintf_r
 .text._sbrk_r  0x0000000008009224       0x20 c:/st/stm32cubeide_1.0.2/stm32cubeide/plugins/com.st.stm32cube.ide.mcu.externaltools.gnu-tools-for-stm32.9-2020-q2-update.win32_1.5.0.202011040924/tools/bin/../lib/gcc/arm-none-eabi/9.3.1/../../../../arm-none-eabi/lib/thumb/v7e-m+fp/hard\libc_nano.a(lib_a-sbrkr.o)
                0x0000000008009224                _sbrk_r
 .text.__sread  0x0000000008009244       0x22 c:/st/stm32cubeide_1.0.2/stm32cubeide/plugins/com.st.stm32cube.ide.mcu.externaltools.gnu-tools-for-stm32.9-2020-q2-update.win32_1.5.0.202011040924/tools/bin/../lib/gcc/arm-none-eabi/9.3.1/../../../../arm-none-eabi/lib/thumb/v7e-m+fp/hard\libc_nano.a(lib_a-stdio.o)
                0x0000000008009244                __sread
 .text.__swrite
                0x0000000008009266       0x38 c:/st/stm32cubeide_1.0.2/stm32cubeide/plugins/com.st.stm32cube.ide.mcu.externaltools.gnu-tools-for-stm32.9-2020-q2-update.win32_1.5.0.202011040924/tools/bin/../lib/gcc/arm-none-eabi/9.3.1/../../../../arm-none-eabi/lib/thumb/v7e-m+fp/hard\libc_nano.a(lib_a-stdio.o)
                0x0000000008009266                __swrite
 .text.__sseek  0x000000000800929e       0x24 c:/st/stm32cubeide_1.0.2/stm32cubeide/plugins/com.st.stm32cube.ide.mcu.externaltools.gnu-tools-for-stm32.9-2020-q2-update.win32_1.5.0.202011040924/tools/bin/../lib/gcc/arm-none-eabi/9.3.1/../../../../arm-none-eabi/lib/thumb/v7e-m+fp/hard\libc_nano.a(lib_a-stdio.o)
                0x000000000800929e                __sseek
 .text.__sclose
                0x00000000080092c2        0x8 c:/st/stm32cubeide_1.0.2/stm32cubeide/plugins/com.st.stm32cube.ide.mcu.externaltools.gnu-tools-for-stm32.9-2020-q2-update.win32_1.5.0.202011040924/tools/bin/../lib/gcc/arm-none-eabi/9.3.1/../../../../arm-none-eabi/lib/thumb/v7e-m+fp/hard\libc_nano.a(lib_a-stdio.o)
                0x00000000080092c2                __sclose
 *fill*         0x00000000080092ca        0x2 
 .text._write_r
                0x00000000080092cc       0x24 c:/st/stm32cubeide_1.0.2/stm32cubeide/plugins/com.st.stm32cube.ide.mcu.externaltools.gnu-tools-for-stm32.9-2020-q2-update.win32_1.5.0.202011040924/tools/bin/../lib/gcc/arm-none-eabi/9.3.1/../../../../arm-none-eabi/lib/thumb/v7e-m+fp/hard\libc_nano.a(lib_a-writer.o)
                0x00000000080092cc                _write_r
 .text.__assert_func
                0x00000000080092f0       0x3c c:/st/stm32cubeide_1.0.2/stm32cubeide/plugins/com.st.stm32cube.ide.mcu.externaltools.gnu-tools-for-stm32.9-2020-q2-update.win32_1.5.0.202011040924/tools/bin/../lib/gcc/arm-none-eabi/9.3.1/../../../../arm-none-eabi/lib/thumb/v7e-m+fp/hard\libc_nano.a(lib_a-assert.o)
                0x00000000080092f0                __assert_func
 .text._close_r
                0x000000000800932c       0x20 c:/st/stm32cubeide_1.0.2/stm32cubeide/plugins/com.st.stm32cube.ide.mcu.externaltools.gnu-tools-for-stm32.9-2020-q2-update.win32_1.5.0.202011040924/tools/bin/../lib/gcc/arm-none-eabi/9.3.1/../../../../arm-none-eabi/lib/thumb/v7e-m+fp/hard\libc_nano.a(lib_a-closer.o)
                0x000000000800932c                _close_r
 .text.fprintf  0x000000000800934c       0x24 c:/st/stm32cubeide_1.0.2/stm32cubeide/plugins/com.st.stm32cube.ide.mcu.externaltools.gnu-tools-for-stm32.9-2020-q2-update.win32_1.5.0.202011040924/tools/bin/../lib/gcc/arm-none-eabi/9.3.1/../../../../arm-none-eabi/lib/thumb/v7e-m+fp/hard\libc_nano.a(lib_a-fprintf.o)
                0x000000000800934c                fiprintf
                0x000000000800934c                fprintf
 .text._fstat_r
                0x0000000008009370       0x24 c:/st/stm32cubeide_1.0.2/stm32cubeide/plugins/com.st.stm32cube.ide.mcu.externaltools.gnu-tools-for-stm32.9-2020-q2-update.win32_1.5.0.202011040924/tools/bin/../lib/gcc/arm-none-eabi/9.3.1/../../../../arm-none-eabi/lib/thumb/v7e-m+fp/hard\libc_nano.a(lib_a-fstatr.o)
                0x0000000008009370                _fstat_r
 .text._isatty_r
                0x0000000008009394       0x20 c:/st/stm32cubeide_1.0.2/stm32cubeide/plugins/com.st.stm32cube.ide.mcu.externaltools.gnu-tools-for-stm32.9-2020-q2-update.win32_1.5.0.202011040924/tools/bin/../lib/gcc/arm-none-eabi/9.3.1/../../../../arm-none-eabi/lib/thumb/v7e-m+fp/hard\libc_nano.a(lib_a-isattyr.o)
                0x0000000008009394                _isatty_r
 .text._lseek_r
                0x00000000080093b4       0x24 c:/st/stm32cubeide_1.0.2/stm32cubeide/plugins/com.st.stm32cube.ide.mcu.externaltools.gnu-tools-for-stm32.9-2020-q2-update.win32_1.5.0.202011040924/tools/bin/../lib/gcc/arm-none-eabi/9.3.1/../../../../arm-none-eabi/lib/thumb/v7e-m+fp/hard\libc_nano.a(lib_a-lseekr.o)
                0x00000000080093b4                _lseek_r
 .text.__ascii_mbtowc
                0x00000000080093d8       0x24 c:/st/stm32cubeide_1.0.2/stm32cubeide/plugins/com.st.stm32cube.ide.mcu.externaltools.gnu-tools-for-stm32.9-2020-q2-update.win32_1.5.0.202011040924/tools/bin/../lib/gcc/arm-none-eabi/9.3.1/../../../../arm-none-eabi/lib/thumb/v7e-m+fp/hard\libc_nano.a(lib_a-mbtowc_r.o)
                0x00000000080093d8                __ascii_mbtowc
 .text.__malloc_lock
                0x00000000080093fc        0xc c:/st/stm32cubeide_1.0.2/stm32cubeide/plugins/com.st.stm32cube.ide.mcu.externaltools.gnu-tools-for-stm32.9-2020-q2-update.win32_1.5.0.202011040924/tools/bin/../lib/gcc/arm-none-eabi/9.3.1/../../../../arm-none-eabi/lib/thumb/v7e-m+fp/hard\libc_nano.a(lib_a-mlock.o)
                0x00000000080093fc                __malloc_lock
 .text.__malloc_unlock
                0x0000000008009408        0xc c:/st/stm32cubeide_1.0.2/stm32cubeide/plugins/com.st.stm32cube.ide.mcu.externaltools.gnu-tools-for-stm32.9-2020-q2-update.win32_1.5.0.202011040924/tools/bin/../lib/gcc/arm-none-eabi/9.3.1/../../../../arm-none-eabi/lib/thumb/v7e-m+fp/hard\libc_nano.a(lib_a-mlock.o)
                0x0000000008009408                __malloc_unlock
 .text._read_r  0x0000000008009414       0x24 c:/st/stm32cubeide_1.0.2/stm32cubeide/plugins/com.st.stm32cube.ide.mcu.externaltools.gnu-tools-for-stm32.9-2020-q2-update.win32_1.5.0.202011040924/tools/bin/../lib/gcc/arm-none-eabi/9.3.1/../../../../arm-none-eabi/lib/thumb/v7e-m+fp/hard\libc_nano.a(lib_a-readr.o)
                0x0000000008009414                _read_r
 .text.__ascii_wctomb
                0x0000000008009438       0x1a c:/st/stm32cubeide_1.0.2/stm32cubeide/plugins/com.st.stm32cube.ide.mcu.externaltools.gnu-tools-for-stm32.9-2020-q2-update.win32_1.5.0.202011040924/tools/bin/../lib/gcc/arm-none-eabi/9.3.1/../../../../arm-none-eabi/lib/thumb/v7e-m+fp/hard\libc_nano.a(lib_a-wctomb_r.o)
                0x0000000008009438                __ascii_wctomb
 .text.abort    0x0000000008009452        0xe c:/st/stm32cubeide_1.0.2/stm32cubeide/plugins/com.st.stm32cube.ide.mcu.externaltools.gnu-tools-for-stm32.9-2020-q2-update.win32_1.5.0.202011040924/tools/bin/../lib/gcc/arm-none-eabi/9.3.1/../../../../arm-none-eabi/lib/thumb/v7e-m+fp/hard\libc_nano.a(lib_a-abort.o)
                0x0000000008009452                abort
 .text._raise_r
                0x0000000008009460       0x50 c:/st/stm32cubeide_1.0.2/stm32cubeide/plugins/com.st.stm32cube.ide.mcu.externaltools.gnu-tools-for-stm32.9-2020-q2-update.win32_1.5.0.202011040924/tools/bin/../lib/gcc/arm-none-eabi/9.3.1/../../../../arm-none-eabi/lib/thumb/v7e-m+fp/hard\libc_nano.a(lib_a-signal.o)
                0x0000000008009460                _raise_r
 .text.raise    0x00000000080094b0       0x10 c:/st/stm32cubeide_1.0.2/stm32cubeide/plugins/com.st.stm32cube.ide.mcu.externaltools.gnu-tools-for-stm32.9-2020-q2-update.win32_1.5.0.202011040924/tools/bin/../lib/gcc/arm-none-eabi/9.3.1/../../../../arm-none-eabi/lib/thumb/v7e-m+fp/hard\libc_nano.a(lib_a-signal.o)
                0x00000000080094b0                raise
 .text._kill_r  0x00000000080094c0       0x24 c:/st/stm32cubeide_1.0.2/stm32cubeide/plugins/com.st.stm32cube.ide.mcu.externaltools.gnu-tools-for-stm32.9-2020-q2-update.win32_1.5.0.202011040924/tools/bin/../lib/gcc/arm-none-eabi/9.3.1/../../../../arm-none-eabi/lib/thumb/v7e-m+fp/hard\libc_nano.a(lib_a-signalr.o)
                0x00000000080094c0                _kill_r
 .text._getpid_r
                0x00000000080094e4        0x4 c:/st/stm32cubeide_1.0.2/stm32cubeide/plugins/com.st.stm32cube.ide.mcu.externaltools.gnu-tools-for-stm32.9-2020-q2-update.win32_1.5.0.202011040924/tools/bin/../lib/gcc/arm-none-eabi/9.3.1/../../../../arm-none-eabi/lib/thumb/v7e-m+fp/hard\libc_nano.a(lib_a-signalr.o)
                0x00000000080094e4                _getpid_r
 *(.glue_7)
 .glue_7        0x00000000080094e8        0x0 linker stubs
 *(.glue_7t)
 .glue_7t       0x00000000080094e8        0x0 linker stubs
 *(.eh_frame)
 .eh_frame      0x00000000080094e8        0x0 c:/st/stm32cubeide_1.0.2/stm32cubeide/plugins/com.st.stm32cube.ide.mcu.externaltools.gnu-tools-for-stm32.9-2020-q2-update.win32_1.5.0.202011040924/tools/bin/../lib/gcc/arm-none-eabi/9.3.1/thumb/v7e-m+fp/hard/crtbegin.o
 *(.init)
 .init          0x00000000080094e8        0x4 c:/st/stm32cubeide_1.0.2/stm32cubeide/plugins/com.st.stm32cube.ide.mcu.externaltools.gnu-tools-for-stm32.9-2020-q2-update.win32_1.5.0.202011040924/tools/bin/../lib/gcc/arm-none-eabi/9.3.1/thumb/v7e-m+fp/hard/crti.o
                0x00000000080094e8                _init
 .init          0x00000000080094ec        0x8 c:/st/stm32cubeide_1.0.2/stm32cubeide/plugins/com.st.stm32cube.ide.mcu.externaltools.gnu-tools-for-stm32.9-2020-q2-update.win32_1.5.0.202011040924/tools/bin/../lib/gcc/arm-none-eabi/9.3.1/thumb/v7e-m+fp/hard/crtn.o
 *(.fini)
 .fini          0x00000000080094f4        0x4 c:/st/stm32cubeide_1.0.2/stm32cubeide/plugins/com.st.stm32cube.ide.mcu.externaltools.gnu-tools-for-stm32.9-2020-q2-update.win32_1.5.0.202011040924/tools/bin/../lib/gcc/arm-none-eabi/9.3.1/thumb/v7e-m+fp/hard/crti.o
                0x00000000080094f4                _fini
 .fini          0x00000000080094f8        0x8 c:/st/stm32cubeide_1.0.2/stm32cubeide/plugins/com.st.stm32cube.ide.mcu.externaltools.gnu-tools-for-stm32.9-2020-q2-update.win32_1.5.0.202011040924/tools/bin/../lib/gcc/arm-none-eabi/9.3.1/thumb/v7e-m+fp/hard/crtn.o
                0x0000000008009500                . = ALIGN (0x4)
                0x0000000008009500                _etext = .

.vfp11_veneer   0x0000000008009500        0x0
 .vfp11_veneer  0x0000000008009500        0x0 linker stubs

.v4_bx          0x0000000008009500        0x0
 .v4_bx         0x0000000008009500        0x0 linker stubs

.iplt           0x0000000008009500        0x0
 .iplt          0x0000000008009500        0x0 c:/st/stm32cubeide_1.0.2/stm32cubeide/plugins/com.st.stm32cube.ide.mcu.externaltools.gnu-tools-for-stm32.9-2020-q2-update.win32_1.5.0.202011040924/tools/bin/../lib/gcc/arm-none-eabi/9.3.1/thumb/v7e-m+fp/hard/crtbegin.o

.rodata         0x0000000008009500      0x50c
                0x0000000008009500                . = ALIGN (0x4)
 *(.rodata)
 .rodata        0x0000000008009500       0x55 Core/Src/Controller/mode.o
 *fill*         0x0000000008009555        0x3 
 .rodata        0x0000000008009558       0x28 Core/Src/Hardware/ICM20689.o
 .rodata        0x0000000008009580       0x61 Core/Src/main.o
 *(.rodata*)
 *fill*         0x00000000080095e1        0x3 
 .rodata.STREAM_OFFSET_TAB
                0x00000000080095e4        0x8 Core/Src/Hardware/wall_sensor.o
 .rodata.STREAM_OFFSET_TAB
                0x00000000080095ec        0x8 Core/Src/adc.o
 .rodata.AHBPrescTable
                0x00000000080095f4       0x10 Core/Src/system_stm32f4xx.o
                0x00000000080095f4                AHBPrescTable
 .rodata.APBPrescTable
                0x0000000008009604        0x8 Core/Src/system_stm32f4xx.o
                0x0000000008009604                APBPrescTable
 .rodata.OFFSET_TAB_CCMRx
                0x000000000800960c        0x7 Core/Src/tim.o
 *fill*         0x0000000008009613        0x1 
 .rodata.SHIFT_TAB_OCxx
                0x0000000008009614        0x7 Core/Src/tim.o
 *fill*         0x000000000800961b        0x1 
 .rodata.SHIFT_TAB_ICxx
                0x000000000800961c        0x7 Core/Src/tim.o
 *fill*         0x0000000008009623        0x1 
 .rodata.SHIFT_TAB_CCxP
                0x0000000008009624        0x7 Core/Src/tim.o
 *fill*         0x000000000800962b        0x1 
 .rodata._global_impure_ptr
                0x000000000800962c        0x4 c:/st/stm32cubeide_1.0.2/stm32cubeide/plugins/com.st.stm32cube.ide.mcu.externaltools.gnu-tools-for-stm32.9-2020-q2-update.win32_1.5.0.202011040924/tools/bin/../lib/gcc/arm-none-eabi/9.3.1/../../../../arm-none-eabi/lib/thumb/v7e-m+fp/hard\libc_nano.a(lib_a-impure.o)
                0x000000000800962c                _global_impure_ptr
 .rodata._printf_float.str1.1
                0x0000000008009630       0x12 c:/st/stm32cubeide_1.0.2/stm32cubeide/plugins/com.st.stm32cube.ide.mcu.externaltools.gnu-tools-for-stm32.9-2020-q2-update.win32_1.5.0.202011040924/tools/bin/../lib/gcc/arm-none-eabi/9.3.1/../../../../arm-none-eabi/lib/thumb/v7e-m+fp/hard\libc_nano.a(lib_a-nano-vfprintf_float.o)
 .rodata._printf_i.str1.1
                0x0000000008009642       0x22 c:/st/stm32cubeide_1.0.2/stm32cubeide/plugins/com.st.stm32cube.ide.mcu.externaltools.gnu-tools-for-stm32.9-2020-q2-update.win32_1.5.0.202011040924/tools/bin/../lib/gcc/arm-none-eabi/9.3.1/../../../../arm-none-eabi/lib/thumb/v7e-m+fp/hard\libc_nano.a(lib_a-nano-vfprintf_i.o)
 .rodata._dtoa_r.str1.1
                0x0000000008009664       0x94 c:/st/stm32cubeide_1.0.2/stm32cubeide/plugins/com.st.stm32cube.ide.mcu.externaltools.gnu-tools-for-stm32.9-2020-q2-update.win32_1.5.0.202011040924/tools/bin/../lib/gcc/arm-none-eabi/9.3.1/../../../../arm-none-eabi/lib/thumb/v7e-m+fp/hard\libc_nano.a(lib_a-dtoa.o)
                                         0x96 (size before relaxing)
 .rodata.__sf_fake_stderr
                0x00000000080096f8       0x20 c:/st/stm32cubeide_1.0.2/stm32cubeide/plugins/com.st.stm32cube.ide.mcu.externaltools.gnu-tools-for-stm32.9-2020-q2-update.win32_1.5.0.202011040924/tools/bin/../lib/gcc/arm-none-eabi/9.3.1/../../../../arm-none-eabi/lib/thumb/v7e-m+fp/hard\libc_nano.a(lib_a-findfp.o)
                0x00000000080096f8                __sf_fake_stderr
 .rodata.__sf_fake_stdin
                0x0000000008009718       0x20 c:/st/stm32cubeide_1.0.2/stm32cubeide/plugins/com.st.stm32cube.ide.mcu.externaltools.gnu-tools-for-stm32.9-2020-q2-update.win32_1.5.0.202011040924/tools/bin/../lib/gcc/arm-none-eabi/9.3.1/../../../../arm-none-eabi/lib/thumb/v7e-m+fp/hard\libc_nano.a(lib_a-findfp.o)
                0x0000000008009718                __sf_fake_stdin
 .rodata.__sf_fake_stdout
                0x0000000008009738       0x20 c:/st/stm32cubeide_1.0.2/stm32cubeide/plugins/com.st.stm32cube.ide.mcu.externaltools.gnu-tools-for-stm32.9-2020-q2-update.win32_1.5.0.202011040924/tools/bin/../lib/gcc/arm-none-eabi/9.3.1/../../../../arm-none-eabi/lib/thumb/v7e-m+fp/hard\libc_nano.a(lib_a-findfp.o)
                0x0000000008009738                __sf_fake_stdout
 .rodata._Balloc.str1.1
                0x0000000008009758       0x60 c:/st/stm32cubeide_1.0.2/stm32cubeide/plugins/com.st.stm32cube.ide.mcu.externaltools.gnu-tools-for-stm32.9-2020-q2-update.win32_1.5.0.202011040924/tools/bin/../lib/gcc/arm-none-eabi/9.3.1/../../../../arm-none-eabi/lib/thumb/v7e-m+fp/hard\libc_nano.a(lib_a-mprec.o)
                                         0x77 (size before relaxing)
 .rodata.__multadd.str1.1
                0x00000000080097b8       0x11 c:/st/stm32cubeide_1.0.2/stm32cubeide/plugins/com.st.stm32cube.ide.mcu.externaltools.gnu-tools-for-stm32.9-2020-q2-update.win32_1.5.0.202011040924/tools/bin/../lib/gcc/arm-none-eabi/9.3.1/../../../../arm-none-eabi/lib/thumb/v7e-m+fp/hard\libc_nano.a(lib_a-mprec.o)
 .rodata.__mprec_bigtens
                0x00000000080097b8       0x28 c:/st/stm32cubeide_1.0.2/stm32cubeide/plugins/com.st.stm32cube.ide.mcu.externaltools.gnu-tools-for-stm32.9-2020-q2-update.win32_1.5.0.202011040924/tools/bin/../lib/gcc/arm-none-eabi/9.3.1/../../../../arm-none-eabi/lib/thumb/v7e-m+fp/hard\libc_nano.a(lib_a-mprec.o)
                0x00000000080097b8                __mprec_bigtens
 .rodata.__mprec_tens
                0x00000000080097e0       0xc8 c:/st/stm32cubeide_1.0.2/stm32cubeide/plugins/com.st.stm32cube.ide.mcu.externaltools.gnu-tools-for-stm32.9-2020-q2-update.win32_1.5.0.202011040924/tools/bin/../lib/gcc/arm-none-eabi/9.3.1/../../../../arm-none-eabi/lib/thumb/v7e-m+fp/hard\libc_nano.a(lib_a-mprec.o)
                0x00000000080097e0                __mprec_tens
 .rodata.p05.7513
                0x00000000080098a8        0xc c:/st/stm32cubeide_1.0.2/stm32cubeide/plugins/com.st.stm32cube.ide.mcu.externaltools.gnu-tools-for-stm32.9-2020-q2-update.win32_1.5.0.202011040924/tools/bin/../lib/gcc/arm-none-eabi/9.3.1/../../../../arm-none-eabi/lib/thumb/v7e-m+fp/hard\libc_nano.a(lib_a-mprec.o)
 .rodata._vfprintf_r.str1.1
                0x00000000080098b4       0x11 c:/st/stm32cubeide_1.0.2/stm32cubeide/plugins/com.st.stm32cube.ide.mcu.externaltools.gnu-tools-for-stm32.9-2020-q2-update.win32_1.5.0.202011040924/tools/bin/../lib/gcc/arm-none-eabi/9.3.1/../../../../arm-none-eabi/lib/thumb/v7e-m+fp/hard\libc_nano.a(lib_a-nano-vfprintf.o)
 .rodata.__assert_func.str1.1
                0x00000000080098c5       0x3c c:/st/stm32cubeide_1.0.2/stm32cubeide/plugins/com.st.stm32cube.ide.mcu.externaltools.gnu-tools-for-stm32.9-2020-q2-update.win32_1.5.0.202011040924/tools/bin/../lib/gcc/arm-none-eabi/9.3.1/../../../../arm-none-eabi/lib/thumb/v7e-m+fp/hard\libc_nano.a(lib_a-assert.o)
                                         0x3d (size before relaxing)
 .rodata._setlocale_r.str1.1
                0x0000000008009901        0x8 c:/st/stm32cubeide_1.0.2/stm32cubeide/plugins/com.st.stm32cube.ide.mcu.externaltools.gnu-tools-for-stm32.9-2020-q2-update.win32_1.5.0.202011040924/tools/bin/../lib/gcc/arm-none-eabi/9.3.1/../../../../arm-none-eabi/lib/thumb/v7e-m+fp/hard\libc_nano.a(lib_a-locale.o)
                                          0x9 (size before relaxing)
 .rodata.str1.1
                0x0000000008009909        0x2 c:/st/stm32cubeide_1.0.2/stm32cubeide/plugins/com.st.stm32cube.ide.mcu.externaltools.gnu-tools-for-stm32.9-2020-q2-update.win32_1.5.0.202011040924/tools/bin/../lib/gcc/arm-none-eabi/9.3.1/../../../../arm-none-eabi/lib/thumb/v7e-m+fp/hard\libc_nano.a(lib_a-locale.o)
 .rodata._ctype_
                0x000000000800990b      0x101 c:/st/stm32cubeide_1.0.2/stm32cubeide/plugins/com.st.stm32cube.ide.mcu.externaltools.gnu-tools-for-stm32.9-2020-q2-update.win32_1.5.0.202011040924/tools/bin/../lib/gcc/arm-none-eabi/9.3.1/../../../../arm-none-eabi/lib/thumb/v7e-m+fp/hard\libc_nano.a(lib_a-ctype_.o)
                0x000000000800990b                _ctype_
                0x0000000008009a0c                . = ALIGN (0x4)

.ARM.extab      0x0000000008009a0c        0x0
                0x0000000008009a0c                . = ALIGN (0x4)
 *(.ARM.extab* .gnu.linkonce.armextab.*)
                0x0000000008009a0c                . = ALIGN (0x4)

.ARM            0x0000000008009a0c        0x8
                0x0000000008009a0c                . = ALIGN (0x4)
                0x0000000008009a0c                __exidx_start = .
 *(.ARM.exidx*)
 .ARM.exidx     0x0000000008009a0c        0x8 c:/st/stm32cubeide_1.0.2/stm32cubeide/plugins/com.st.stm32cube.ide.mcu.externaltools.gnu-tools-for-stm32.9-2020-q2-update.win32_1.5.0.202011040924/tools/bin/../lib/gcc/arm-none-eabi/9.3.1/thumb/v7e-m+fp/hard\libgcc.a(_udivmoddi4.o)
                0x0000000008009a14                __exidx_end = .
                0x0000000008009a14                . = ALIGN (0x4)

.rel.dyn        0x0000000008009a14        0x0
 .rel.iplt      0x0000000008009a14        0x0 c:/st/stm32cubeide_1.0.2/stm32cubeide/plugins/com.st.stm32cube.ide.mcu.externaltools.gnu-tools-for-stm32.9-2020-q2-update.win32_1.5.0.202011040924/tools/bin/../lib/gcc/arm-none-eabi/9.3.1/thumb/v7e-m+fp/hard/crtbegin.o

.preinit_array  0x0000000008009a14        0x0
                0x0000000008009a14                . = ALIGN (0x4)
                0x0000000008009a14                PROVIDE (__preinit_array_start = .)
 *(.preinit_array*)
                0x0000000008009a14                PROVIDE (__preinit_array_end = .)
                0x0000000008009a14                . = ALIGN (0x4)

.init_array     0x0000000008009a14        0x4
                0x0000000008009a14                . = ALIGN (0x4)
                0x0000000008009a14                PROVIDE (__init_array_start = .)
 *(SORT_BY_NAME(.init_array.*))
 *(.init_array*)