Archive member included to satisfy reference by file (symbol)

c:/st/stm32cubeide_1.0.2/stm32cubeide/plugins/com.st.stm32cube.ide.mcu.externaltools.gnu-tools-for-stm32.9-2020-q2-update.win32_1.5.0.202011040924/tools/bin/../lib/gcc/arm-none-eabi/9.3.1/../../../../arm-none-eabi/lib/thumb/v7e-m+fp/hard\libc_nano.a(lib_a-errno.o)
                              Core/Src/syscalls.o (__errno)
c:/st/stm32cubeide_1.0.2/stm32cubeide/plugins/com.st.stm32cube.ide.mcu.externaltools.gnu-tools-for-stm32.9-2020-q2-update.win32_1.5.0.202011040924/tools/bin/../lib/gcc/arm-none-eabi/9.3.1/../../../../arm-none-eabi/lib/thumb/v7e-m+fp/hard\libc_nano.a(lib_a-exit.o)
                              c:/st/stm32cubeide_1.0.2/stm32cubeide/plugins/com.st.stm32cube.ide.mcu.externaltools.gnu-tools-for-stm32.9-2020-q2-update.win32_1.5.0.202011040924/tools/bin/../lib/gcc/arm-none-eabi/9.3.1/../../../../arm-none-eabi/lib/thumb/v7e-m+fp/hard/crt0.o (exit)
c:/st/stm32cubeide_1.0.2/stm32cubeide/plugins/com.st.stm32cube.ide.mcu.externaltools.gnu-tools-for-stm32.9-2020-q2-update.win32_1.5.0.202011040924/tools/bin/../lib/gcc/arm-none-eabi/9.3.1/../../../../arm-none-eabi/lib/thumb/v7e-m+fp/hard\libc_nano.a(lib_a-impure.o)
                              c:/st/stm32cubeide_1.0.2/stm32cubeide/plugins/com.st.stm32cube.ide.mcu.externaltools.gnu-tools-for-stm32.9-2020-q2-update.win32_1.5.0.202011040924/tools/bin/../lib/gcc/arm-none-eabi/9.3.1/../../../../arm-none-eabi/lib/thumb/v7e-m+fp/hard\libc_nano.a(lib_a-exit.o) (_global_impure_ptr)
c:/st/stm32cubeide_1.0.2/stm32cubeide/plugins/com.st.stm32cube.ide.mcu.externaltools.gnu-tools-for-stm32.9-2020-q2-update.win32_1.5.0.202011040924/tools/bin/../lib/gcc/arm-none-eabi/9.3.1/../../../../arm-none-eabi/lib/thumb/v7e-m+fp/hard\libc_nano.a(lib_a-init.o)
                              c:/st/stm32cubeide_1.0.2/stm32cubeide/plugins/com.st.stm32cube.ide.mcu.externaltools.gnu-tools-for-stm32.9-2020-q2-update.win32_1.5.0.202011040924/tools/bin/../lib/gcc/arm-none-eabi/9.3.1/../../../../arm-none-eabi/lib/thumb/v7e-m+fp/hard/crt0.o (__libc_init_array)
c:/st/stm32cubeide_1.0.2/stm32cubeide/plugins/com.st.stm32cube.ide.mcu.externaltools.gnu-tools-for-stm32.9-2020-q2-update.win32_1.5.0.202011040924/tools/bin/../lib/gcc/arm-none-eabi/9.3.1/../../../../arm-none-eabi/lib/thumb/v7e-m+fp/hard\libc_nano.a(lib_a-memset.o)
                              c:/st/stm32cubeide_1.0.2/stm32cubeide/plugins/com.st.stm32cube.ide.mcu.externaltools.gnu-tools-for-stm32.9-2020-q2-update.win32_1.5.0.202011040924/tools/bin/../lib/gcc/arm-none-eabi/9.3.1/../../../../arm-none-eabi/lib/thumb/v7e-m+fp/hard/crt0.o (memset)
c:/st/stm32cubeide_1.0.2/stm32cubeide/plugins/com.st.stm32cube.ide.mcu.externaltools.gnu-tools-for-stm32.9-2020-q2-update.win32_1.5.0.202011040924/tools/bin/../lib/gcc/arm-none-eabi/9.3.1/../../../../arm-none-eabi/lib/thumb/v7e-m+fp/hard\libc_nano.a(lib_a-nano-vfprintf_float.o)
                              (_printf_float)
c:/st/stm32cubeide_1.0.2/stm32cubeide/plugins/com.st.stm32cube.ide.mcu.externaltools.gnu-tools-for-stm32.9-2020-q2-update.win32_1.5.0.202011040924/tools/bin/../lib/gcc/arm-none-eabi/9.3.1/../../../../arm-none-eabi/lib/thumb/v7e-m+fp/hard\libc_nano.a(lib_a-nano-vfprintf_i.o)
                              c:/st/stm32cubeide_1.0.2/stm32cubeide/plugins/com.st.stm32cube.ide.mcu.externaltools.gnu-tools-for-stm32.9-2020-q2-update.win32_1.5.0.202011040924/tools/bin/../lib/gcc/arm-none-eabi/9.3.1/../../../../arm-none-eabi/lib/thumb/v7e-m+fp/hard\libc_nano.a(lib_a-nano-vfprintf_float.o) (_printf_common)
c:/st/stm32cubeide_1.0.2/stm32cubeide/plugins/com.st.stm32cube.ide.mcu.externaltools.gnu-tools-for-stm32.9-2020-q2-update.win32_1.5.0.202011040924/tools/bin/../lib/gcc/arm-none-eabi/9.3.1/../../../../arm-none-eabi/lib/thumb/v7e-m+fp/hard\libc_nano.a(lib_a-printf.o)
                              Core/Src/Controller/mode.o (printf)
c:/st/stm32cubeide_1.0.2/stm32cubeide/plugins/com.st.stm32cube.ide.mcu.externaltools.gnu-tools-for-stm32.9-2020-q2-update.win32_1.5.0.202011040924/tools/bin/../lib/gcc/arm-none-eabi/9.3.1/../../../../arm-none-eabi/lib/thumb/v7e-m+fp/hard\libc_nano.a(lib_a-putchar.o)
                              Core/Src/Controller/mode.o (putchar)
c:/st/stm32cubeide_1.0.2/stm32cubeide/plugins/com.st.stm32cube.ide.mcu.externaltools.gnu-tools-for-stm32.9-2020-q2-update.win32_1.5.0.202011040924/tools/bin/../lib/gcc/arm-none-eabi/9.3.1/../../../../arm-none-eabi/lib/thumb/v7e-m+fp/hard\libc_nano.a(lib_a-puts.o)
                              Core/Src/Controller/mode.o (puts)
c:/st/stm32cubeide_1.0.2/stm32cubeide/plugins/com.st.stm32cube.ide.mcu.externaltools.gnu-tools-for-stm32.9-2020-q2-update.win32_1.5.0.202011040924/tools/bin/../lib/gcc/arm-none-eabi/9.3.1/../../../../arm-none-eabi/lib/thumb/v7e-m+fp/hard\libc_nano.a(lib_a-setbuf.o)
                              Core/Src/main.o (setbuf)
[...]
Memory Configuration

Name             Origin             Length             Attributes
CCMRAM           0x0000000010000000 0x0000000000010000 xrw
RAM              0x0000000020000000 0x0000000000020000 xrw
FLASH            0x0000000008000000 0x0000000000100000 xr
*default*        0x0000000000000000 0xffffffffffffffff

Linker script and memory map

LOAD c:/st/stm32cubeide_1.0.2/stm32cubeide/plugins/com.st.stm32cube.ide.mcu.externaltools.gnu-tools-for-stm32.9-2020-q2-update.win32_1.5.0.202011040924/tools/bin/../lib/gcc/arm-none-eabi/9.3.1/thumb/v7e-m+fp/hard/crti.o
LOAD c:/st/stm32cubeide_1.0.2/stm32cubeide/plugins/com.st.stm32cube.ide.mcu.externaltools.gnu-tools-for-stm32.9-2020-q2-update.win32_1.5.0.202011040924/tools/bin/../lib/gcc/arm-none-eabi/9.3.1/thumb/v7e-m+fp/hard/crtbegin.o
LOAD c:/st/stm32cubeide_1.0.2/stm32cubeide/plugins/com.st.stm32cube.ide.mcu.externaltools.gnu-tools-for-stm32.9-2020-q2-update.win32_1.5.0.202011040924/tools/bin/../lib/gcc/arm-none-eabi/9.3.1/../../../../arm-none-eabi/lib/thumb/v7e-m+fp/hard/crt0.o
LOAD Core/Src/Controller/callback.o
LOAD Core/Src/Controller/mode.o
LOAD Core/Src/Controller/search.o
LOAD Core/Src/Controller/state.o
LOAD Core/Src/Controller/test.o
LOAD Core/Src/Hardware/ICM20689.o
LOAD Core/Src/Hardware/basic_timer.o
LOAD Core/Src/Hardware/battery.o
LOAD Core/Src/Hardware/buzzer.o
LOAD Core/Src/Hardware/encoder.o
LOAD Core/Src/Hardware/flash.o
LOAD Core/Src/Hardware/interface_LED.o
LOAD Core/Src/Hardware/motor.o
LOAD Core/Src/Hardware/wall_sensor.o
LOAD Core/Src/System/flags.o
LOAD Core/Src/System/log.o
LOAD Core/Src/System/map.o
LOAD Core/Src/System/motion.o
LOAD Core/Src/System/music.o
LOAD Core/Src/System/route.o
LOAD Core/Src/System/sensing.o
LOAD Core/Src/adc.o
LOAD Core/Src/dma.o
LOAD Core/Src/gpio.o
LOAD Core/Src/main.o
LOAD Core/Src/spi.o
LOAD Core/Src/stm32f4xx_it.o
LOAD Core/Src/syscalls.o
LOAD Core/Src/sysmem.o
LOAD Core/Src/system_stm32f4xx.o
LOAD Core/Src/tim.o
LOAD Core/Src/usart.o
LOAD Core/Startup/startup_stm32f405rgtx.o
LOAD Drivers/STM32F4xx_HAL_Driver/Src/stm32f4xx_ll_adc.o
LOAD Drivers/STM32F4xx_HAL_Driver/Src/stm32f4xx_ll_dma.o
LOAD Drivers/STM32F4xx_HAL_Driver/Src/stm32f4xx_ll_exti.o
LOAD Drivers/STM32F4xx_HAL_Driver/Src/stm32f4xx_ll_gpio.o
LOAD Drivers/STM32F4xx_HAL_Driver/Src/stm32f4xx_ll_rcc.o
LOAD Drivers/STM32F4xx_HAL_Driver/Src/stm32f4xx_ll_spi.o
LOAD Drivers/STM32F4xx_HAL_Driver/Src/stm32f4xx_ll_tim.o
LOAD Drivers/STM32F4xx_HAL_Driver/Src/stm32f4xx_ll_usart.o
LOAD Drivers/STM32F4xx_HAL_Driver/Src/stm32f4xx_ll_utils.o
START GROUP
LOAD c:/st/stm32cubeide_1.0.2/stm32cubeide/plugins/com.st.stm32cube.ide.mcu.externaltools.gnu-tools-for-stm32.9-2020-q2-update.win32_1.5.0.202011040924/tools/bin/../lib/gcc/arm-none-eabi/9.3.1/../../../../arm-none-eabi/lib/thumb/v7e-m+fp/hard\libc_nano.a
LOAD c:/st/stm32cubeide_1.0.2/stm32cubeide/plugins/com.st.stm32cube.ide.mcu.externaltools.gnu-tools-for-stm32.9-2020-q2-update.win32_1.5.0.202011040924/tools/bin/../lib/gcc/arm-none-eabi/9.3.1/../../../../arm-none-eabi/lib/thumb/v7e-m+fp/hard\libm.a
END GROUP
START GROUP
LOAD c:/st/stm32cubeide_1.0.2/stm32cubeide/plugins/com.st.stm32cube.ide.mcu.externaltools.gnu-tools-for-stm32.9-2020-q2-update.win32_1.5.0.202011040924/tools/bin/../lib/gcc/arm-none-eabi/9.3.1/thumb/v7e-m+fp/hard\libgcc.a
LOAD c:/st/stm32cubeide_1.0.2/stm32cubeide/plugins/com.st.stm32cube.ide.mcu.externaltools.gnu-tools-for-stm32.9-2020-q2-update.win32_1.5.0.202011040924/tools/bin/../lib/gcc/arm-none-eabi/9.3.1/../../../../arm-none-eabi/lib/thumb/v7e-m+fp/hard\libc_nano.a
END GROUP
START GROUP
LOAD c:/st/stm32cubeide_1.0.2/stm32cubeide/plugins/com.st.stm32cube.ide.mcu.externaltools.gnu-tools-for-stm32.9-2020-q2-update.win32_1.5.0.202011040924/tools/bin/../lib/gcc/arm-none-eabi/9.3.1/thumb/v7e-m+fp/hard\libgcc.a
LOAD c:/st/stm32cubeide_1.0.2/stm32cubeide/plugins/com.st.stm32cube.ide.mcu.externaltools.gnu-tools-for-stm32.9-2020-q2-update.win32_1.5.0.202011040924/tools/bin/../lib/gcc/arm-none-eabi/9.3.1/../../../../arm-none-eabi/lib/thumb/v7e-m+fp/hard\libc_nano.a
LOAD c:/st/stm32cubeide_1.0.2/stm32cubeide/plugins/com.st.stm32cube.ide.mcu.externaltools.gnu-tools-for-stm32.9-2020-q2-update.win32_1.5.0.202011040924/tools/bin/../lib/gcc/arm-none-eabi/9.3.1/../../../../arm-none-eabi/lib/thumb/v7e-m+fp/hard\libnosys.a
END GROUP
START GROUP
LOAD c:/st/stm32cubeide_1.0.2/stm32cubeide/plugins/com.st.stm32cube.ide.mcu.externaltools.gnu-tools-for-stm32.9-2020-q2-update.win32_1.5.0.202011040924/tools/bin/../lib/gcc/arm-none-eabi/9.3.1/thumb/v7e-m+fp/hard\libgcc.a
LOAD c:/st/stm32cubeide_1.0.2/stm32cubeide/plugins/com.st.stm32cube.ide.mcu.externaltools.gnu-tools-for-stm32.9-2020-q2-update.win32_1.5.0.202011040924/tools/bin/../lib/gcc/arm-none-eabi/9.3.1/../../../../arm-none-eabi/lib/thumb/v7e-m+fp/hard\libc_nano.a
LOAD c:/st/stm32cubeide_1.0.2/stm32cubeide/plugins/com.st.stm32cube.ide.mcu.externaltools.gnu-tools-for-stm32.9-2020-q2-update.win32_1.5.0.202011040924/tools/bin/../lib/gcc/arm-none-eabi/9.3.1/../../../../arm-none-eabi/lib/thumb/v7e-m+fp/hard\libnosys.a
END GROUP
LOAD c:/st/stm32cubeide_1.0.2/stm32cubeide/plugins/com.st.stm32cube.ide.mcu.externaltools.gnu-tools-for-stm32.9-2020-q2-update.win32_1.5.0.202011040924/tools/bin/../lib/gcc/arm-none-eabi/9.3.1/thumb/v7e-m+fp/hard/crtend.o
LOAD c:/st/stm32cubeide_1.0.2/stm32cubeide/plugins/com.st.stm32cube.ide.mcu.externaltools.gnu-tools-for-stm32.9-2020-q2-update.win32_1.5.0.202011040924/tools/bin/../lib/gcc/arm-none-eabi/9.3.1/thumb/v7e-m+fp/hard/crtn.o
                0x0000000020020000                _estack = (ORIGIN (RAM) + LENGTH (RAM))
                0x0000000000000200                _Min_Heap_Size = 0x200
                0x0000000000000400                _Min_Stack_Size = 0x400

.isr_vector     0x0000000008000000      0x188
                0x0000000008000000                . = ALIGN (0x4)
 *(.isr_vector)
 .isr_vector    0x0000000008000000      0x188 Core/Startup/startup_stm32f405rgtx.o
                0x0000000008000000                g_pfnVectors
                0x0000000008000188                . = ALIGN (0x4)

.text           0x0000000008000190     0xd13c
                0x0000000008000190                . = ALIGN (0x4)
 *(.text)
 .text          0x0000000008000190       0x40 c:/st/stm32cubeide_1.0.2/stm32cubeide/plugins/com.st.stm32cube.ide.mcu.externaltools.gnu-tools-for-stm32.9-2020-q2-update.win32_1.5.0.202011040924/tools/bin/../lib/gcc/arm-none-eabi/9.3.1/thumb/v7e-m+fp/hard/crtbegin.o
 .text          0x00000000080001d0       0x10 c:/st/stm32cubeide_1.0.2/stm32cubeide/plugins/com.st.stm32cube.ide.mcu.externaltools.gnu-tools-for-stm32.9-2020-q2-update.win32_1.5.0.202011040924/tools/bin/../lib/gcc/arm-none-eabi/9.3.1/../../../../arm-none-eabi/lib/thumb/v7e-m+fp/hard\libc_nano.a(lib_a-strlen.o)
                0x00000000080001d0                strlen
 .text          0x00000000080001e0       0xa0 c:/st/stm32cubeide_1.0.2/stm32cubeide/plugins/com.st.stm32cube.ide.mcu.externaltools.gnu-tools-for-stm32.9-2020-q2-update.win32_1.5.0.202011040924/tools/bin/../lib/gcc/arm-none-eabi/9.3.1/../../../../arm-none-eabi/lib/thumb/v7e-m+fp/hard\libc_nano.a(lib_a-memchr.o)
                0x00000000080001e0                memchr
 .text          0x0000000008000280      0x378 c:/st/stm32cubeide_1.0.2/stm32cubeide/plugins/com.st.stm32cube.ide.mcu.externaltools.gnu-tools-for-stm32.9-2020-q2-update.win32_1.5.0.202011040924/tools/bin/../lib/gcc/arm-none-eabi/9.3.1/thumb/v7e-m+fp/hard\libgcc.a(_arm_addsubdf3.o)
                0x0000000008000280                __aeabi_drsub
                0x0000000008000288                __aeabi_dsub
                0x0000000008000288                __subdf3
                0x000000000800028c                __aeabi_dadd
                0x000000000800028c                __adddf3
                0x0000000008000504                __floatunsidf
                0x0000000008000504                __aeabi_ui2d
                0x0000000008000524                __floatsidf
                0x0000000008000524                __aeabi_i2d
                0x0000000008000548                __aeabi_f2d
                0x0000000008000548                __extendsfdf2
                0x000000000800058c                __floatundidf
                0x000000000800058c                __aeabi_ul2d
                0x000000000800059c                __floatdidf
                0x000000000800059c                __aeabi_l2d
 .text          0x00000000080005f8      0x424 c:/st/stm32cubeide_1.0.2/stm32cubeide/plugins/com.st.stm32cube.ide.mcu.externaltools.gnu-tools-for-stm32.9-2020-q2-update.win32_1.5.0.202011040924/tools/bin/../lib/gcc/arm-none-eabi/9.3.1/thumb/v7e-m+fp/hard\libgcc.a(_arm_muldivdf3.o)
                0x00000000080005f8                __aeabi_dmul
                0x00000000080005f8                __muldf3
                0x000000000800084c                __divdf3
                0x000000000800084c                __aeabi_ddiv
 .text          0x0000000008000a1c      0x110 c:/st/stm32cubeide_1.0.2/stm32cubeide/plugins/com.st.stm32cube.ide.mcu.externaltools.gnu-tools-for-stm32.9-2020-q2-update.win32_1.5.0.202011040924/tools/bin/../lib/gcc/arm-none-eabi/9.3.1/thumb/v7e-m+fp/hard\libgcc.a(_arm_cmpdf2.o)
                0x0000000008000a1c                __gtdf2
                0x0000000008000a1c                __gedf2
                0x0000000008000a24                __ltdf2
                0x0000000008000a24                __ledf2
                0x0000000008000a2c                __nedf2
                0x0000000008000a2c                __eqdf2
                0x0000000008000a2c                __cmpdf2
                0x0000000008000aa8                __aeabi_cdrcmple
                0x0000000008000ab8                __aeabi_cdcmpeq
                0x0000000008000ab8                __aeabi_cdcmple
                0x0000000008000ac8                __aeabi_dcmpeq
                0x0000000008000adc                __aeabi_dcmplt
                0x0000000008000af0                __aeabi_dcmple
                0x0000000008000b04                __aeabi_dcmpge
                0x0000000008000b18                __aeabi_dcmpgt
 .text          0x0000000008000b2c       0x2c c:/st/stm32cubeide_1.0.2/stm32cubeide/plugins/com.st.stm32cube.ide.mcu.externaltools.gnu-tools-for-stm32.9-2020-q2-update.win32_1.5.0.202011040924/tools/bin/../lib/gcc/arm-none-eabi/9.3.1/thumb/v7e-m+fp/hard\libgcc.a(_arm_unorddf2.o)
                0x0000000008000b2c                __unorddf2
                0x0000000008000b2c                __aeabi_dcmpun
 .text          0x0000000008000b58       0x50 c:/st/stm32cubeide_1.0.2/stm32cubeide/plugins/com.st.stm32cube.ide.mcu.externaltools.gnu-tools-for-stm32.9-2020-q2-update.win32_1.5.0.202011040924/tools/bin/../lib/gcc/arm-none-eabi/9.3.1/thumb/v7e-m+fp/hard\libgcc.a(_arm_fixdfsi.o)
                0x0000000008000b58                __aeabi_d2iz
                0x0000000008000b58                __fixdfsi
 .text          0x0000000008000ba8       0xa0 c:/st/stm32cubeide_1.0.2/stm32cubeide/plugins/com.st.stm32cube.ide.mcu.externaltools.gnu-tools-for-stm32.9-2020-q2-update.win32_1.5.0.202011040924/tools/bin/../lib/gcc/arm-none-eabi/9.3.1/thumb/v7e-m+fp/hard\libgcc.a(_arm_truncdfsf2.o)
                0x0000000008000ba8                __truncdfsf2
                0x0000000008000ba8                __aeabi_d2f
 .text          0x0000000008000c48       0x30 c:/st/stm32cubeide_1.0.2/stm32cubeide/plugins/com.st.stm32cube.ide.mcu.externaltools.gnu-tools-for-stm32.9-2020-q2-update.win32_1.5.0.202011040924/tools/bin/../lib/gcc/arm-none-eabi/9.3.1/thumb/v7e-m+fp/hard\libgcc.a(_aeabi_uldivmod.o)
                0x0000000008000c48                __aeabi_uldivmod
 .text          0x0000000008000c78      0x2c4 c:/st/stm32cubeide_1.0.2/stm32cubeide/plugins/com.st.stm32cube.ide.mcu.externaltools.gnu-tools-for-stm32.9-2020-q2-update.win32_1.5.0.202011040924/tools/bin/../lib/gcc/arm-none-eabi/9.3.1/thumb/v7e-m+fp/hard\libgcc.a(_udivmoddi4.o)
                0x0000000008000c78                __udivmoddi4
 .text          0x0000000008000f3c        0x4 c:/st/stm32cubeide_1.0.2/stm32cubeide/plugins/com.st.stm32cube.ide.mcu.externaltools.gnu-tools-for-stm32.9-2020-q2-update.win32_1.5.0.202011040924/tools/bin/../lib/gcc/arm-none-eabi/9.3.1/thumb/v7e-m+fp/hard\libgcc.a(_dvmd_tls.o)
                0x0000000008000f3c                __aeabi_idiv0
                0x0000000008000f3c                __aeabi_ldiv0
 *(.text*)
 .text.callbackTIM
                0x0000000008000f40       0x74 Core/Src/Controller/callback.o
                0x0000000008000f40                callbackTIM
 .text.printMode
                0x0000000008000fb4      0x140 Core/Src/Controller/mode.o
                0x0000000008000fb4                printMode
 .text.modeSelect
                0x00000000080010f4      0x128 Core/Src/Controller/mode.o
                0x00000000080010f4                modeSelect
 .text.waitStarting
                0x000000000800121c       0x78 Core/Src/Controller/mode.o
                0x000000000800121c                waitStarting
 .text.judgeFailSafe
                0x0000000008001294       0xb8 Core/Src/Controller/mode.o
                0x0000000008001294                judgeFailSafe
 .text.errorFunctions
                0x000000000800134c       0x8c Core/Src/Controller/mode.o
                0x000000000800134c                errorFunctions
 .text.rotateSafteyR180
                0x00000000080013d8       0x3c Core/Src/Controller/search.o
                0x00000000080013d8                rotateSafteyR180
 .text.prepareStateForSearching
                0x0000000008001414       0x60 Core/Src/Controller/search.o
                0x0000000008001414                prepareStateForSearching
 .text.searchMazeBySlalom
                0x0000000008001474      0x1fc Core/Src/Controller/search.o
                0x0000000008001474                searchMazeBySlalom
 .text.CheckGoal
                0x0000000008001670       0xcc Core/Src/Controller/search.o
                0x0000000008001670                CheckGoal
 .text.calculateSensorError
                0x000000000800173c      0x264 Core/Src/Controller/state.o
                0x000000000800173c                calculateSensorError
 .text.calculatePID
                0x00000000080019a0      0x118 Core/Src/Controller/state.o
                0x00000000080019a0                calculatePID
 .text.calculateTargetVelocity
                0x0000000008001ab8       0xbc Core/Src/Controller/state.o
                0x0000000008001ab8                calculateTargetVelocity
 .text.calculateTagetOmega
                0x0000000008001b74       0xbc Core/Src/Controller/state.o
                0x0000000008001b74                calculateTagetOmega
 .text.fixTargetOmegaFromWallSensor
                0x0000000008001c30      0x150 Core/Src/Controller/state.o
                0x0000000008001c30                fixTargetOmegaFromWallSensor
 .text.setStatus
                0x0000000008001d80       0x80 Core/Src/Controller/state.o
                0x0000000008001d80                setStatus
 .text.setTurnParams
                0x0000000008001e00       0x76 Core/Src/Controller/state.o
                0x0000000008001e00                setTurnParams
 .text.setParameters
                0x0000000008001e76       0x4e Core/Src/Controller/state.o
                0x0000000008001e76                setParameters
 .text.initMouseStatus
                0x0000000008001ec4      0x484 Core/Src/Controller/state.o
                0x0000000008001ec4                initMouseStatus
 .text.updateStatus
                0x0000000008002348      0x310 Core/Src/Controller/state.o
                0x0000000008002348                updateStatus
 .text.prepareForTest
                0x0000000008002658       0x60 Core/Src/Controller/test.o
                0x0000000008002658                prepareForTest
 .text.testKeepDistance
                0x00000000080026b8       0x38 Core/Src/Controller/test.o
                0x00000000080026b8                testKeepDistance
 .text.testWallSensors
                0x00000000080026f0       0x60 Core/Src/Controller/test.o
                0x00000000080026f0                testWallSensors
 .text.testEncoders
                0x0000000008002750       0x64 Core/Src/Controller/test.o
                0x0000000008002750                testEncoders
 .text.testIMU  0x00000000080027b4       0x34 Core/Src/Controller/test.o
                0x00000000080027b4                testIMU
 .text.testMotions
                0x00000000080027e8      0x3f8 Core/Src/Controller/test.o
                0x00000000080027e8                testMotions
 .text.LL_SPI_Enable
                0x0000000008002be0       0x20 Core/Src/Hardware/ICM20689.o
 .text.LL_SPI_IsEnabled
                0x0000000008002c00       0x26 Core/Src/Hardware/ICM20689.o
 .text.LL_SPI_IsActiveFlag_RXNE
                0x0000000008002c26       0x26 Core/Src/Hardware/ICM20689.o
 .text.LL_SPI_IsActiveFlag_TXE
                0x0000000008002c4c       0x26 Core/Src/Hardware/ICM20689.o
 .text.LL_SPI_ReceiveData8
                0x0000000008002c72       0x1a Core/Src/Hardware/ICM20689.o
 .text.LL_SPI_TransmitData8
                0x0000000008002c8c       0x24 Core/Src/Hardware/ICM20689.o
 .text.LL_GPIO_SetOutputPin
                0x0000000008002cb0       0x1c Core/Src/Hardware/ICM20689.o
 .text.LL_GPIO_ResetOutputPin
                0x0000000008002ccc       0x1e Core/Src/Hardware/ICM20689.o
 *fill*         0x0000000008002cea        0x2 
 .text.SPI_Control
                0x0000000008002cec       0x9c Core/Src/Hardware/ICM20689.o
                0x0000000008002cec                SPI_Control
 .text.readByte
                0x0000000008002d88       0x38 Core/Src/Hardware/ICM20689.o
                0x0000000008002d88                readByte
 .text.writeByte
                0x0000000008002dc0       0x3c Core/Src/Hardware/ICM20689.o
                0x0000000008002dc0                writeByte
 .text.initIMU  0x0000000008002dfc       0xb0 Core/Src/Hardware/ICM20689.o
                0x0000000008002dfc                initIMU
 .text.readGyroOmegaZ
                0x0000000008002eac       0x4c Core/Src/Hardware/ICM20689.o
                0x0000000008002eac                readGyroOmegaZ
 .text.readGyroAccelX
                0x0000000008002ef8       0x4c Core/Src/Hardware/ICM20689.o
                0x0000000008002ef8                readGyroAccelX
 .text.LL_TIM_EnableCounter
                0x0000000008002f44       0x20 Core/Src/Hardware/basic_timer.o
 .text.LL_TIM_DisableCounter
                0x0000000008002f64       0x20 Core/Src/Hardware/basic_timer.o
 .text.LL_TIM_EnableIT_UPDATE
                0x0000000008002f84       0x20 Core/Src/Hardware/basic_timer.o
 .text.LL_TIM_DisableIT_UPDATE
                0x0000000008002fa4       0x20 Core/Src/Hardware/basic_timer.o
 .text.basicTimerStart
                0x0000000008002fc4       0x18 Core/Src/Hardware/basic_timer.o
                0x0000000008002fc4                basicTimerStart
 .text.basicTimerPause
                0x0000000008002fdc       0x18 Core/Src/Hardware/basic_timer.o
                0x0000000008002fdc                basicTimerPause
 .text.waitMs   0x0000000008002ff4       0x1a Core/Src/Hardware/basic_timer.o
                0x0000000008002ff4                waitMs
 *fill*         0x000000000800300e        0x2 
 .text.waitUs   0x0000000008003010       0x54 Core/Src/Hardware/basic_timer.o
                0x0000000008003010                waitUs
 .text.readBatteryCheck
                0x0000000008003064       0x28 Core/Src/Hardware/battery.o
                0x0000000008003064                readBatteryCheck
 .text.LL_TIM_EnableCounter
                0x000000000800308c       0x20 Core/Src/Hardware/buzzer.o
 .text.LL_TIM_SetCounter
                0x00000000080030ac       0x1c Core/Src/Hardware/buzzer.o
 .text.LL_TIM_SetAutoReload
                0x00000000080030c8       0x1c Core/Src/Hardware/buzzer.o
 .text.LL_TIM_CC_EnableChannel
                0x00000000080030e4       0x22 Core/Src/Hardware/buzzer.o
 .text.LL_TIM_OC_SetCompareCH4
                0x0000000008003106       0x1c Core/Src/Hardware/buzzer.o
 .text.LL_TIM_EnableAllOutputs
                0x0000000008003122       0x20 Core/Src/Hardware/buzzer.o
 *fill*         0x0000000008003142        0x2 
 .text.enableMelody
                0x0000000008003144       0x24 Core/Src/Hardware/buzzer.o
                0x0000000008003144                enableMelody
 .text.stopMelody
                0x0000000008003168       0x14 Core/Src/Hardware/buzzer.o
                0x0000000008003168                stopMelody
 .text.Melody   0x000000000800317c       0x58 Core/Src/Hardware/buzzer.o
                0x000000000800317c                Melody
 .text.LL_TIM_EnableCounter
                0x00000000080031d4       0x20 Core/Src/Hardware/encoder.o
 .text.LL_TIM_DisableCounter
                0x00000000080031f4       0x20 Core/Src/Hardware/encoder.o
 .text.enableEncoder
                0x0000000008003214       0x28 Core/Src/Hardware/encoder.o
                0x0000000008003214                enableEncoder
 .text.disableEncoder
                0x000000000800323c       0x1c Core/Src/Hardware/encoder.o
                0x000000000800323c                disableEncoder
 .text.getEncoderData
                0x0000000008003258       0x64 Core/Src/Hardware/encoder.o
                0x0000000008003258                getEncoderData
 .text.FLASH_Lock
                0x00000000080032bc       0x20 Core/Src/Hardware/flash.o
 .text.FLASH_Unlock
                0x00000000080032dc       0x28 Core/Src/Hardware/flash.o
 .text.FLASH_WaitBusy
                0x0000000008003304       0x24 Core/Src/Hardware/flash.o
                0x0000000008003304                FLASH_WaitBusy
 .text.FLASH_WriteByte
                0x0000000008003328       0x50 Core/Src/Hardware/flash.o
                0x0000000008003328                FLASH_WriteByte
 .text.FLASH_WriteData
                0x0000000008003378       0x34 Core/Src/Hardware/flash.o
                0x0000000008003378                FLASH_WriteData
 .text.FLASH_ReadData
                0x00000000080033ac       0x24 Core/Src/Hardware/flash.o
                0x00000000080033ac                FLASH_ReadData
 .text.FLASH_Erase
                0x00000000080033d0       0x3c Core/Src/Hardware/flash.o
                0x00000000080033d0                FLASH_Erase
 .text.setLED1State
                0x000000000800340c       0x34 Core/Src/Hardware/interface_LED.o
                0x000000000800340c                setLED1State
 .text.setLED2State
                0x0000000008003440       0x34 Core/Src/Hardware/interface_LED.o
                0x0000000008003440                setLED2State
 .text.setLED3State
                0x0000000008003474       0x34 Core/Src/Hardware/interface_LED.o
                0x0000000008003474                setLED3State
 .text.setLED4State
                0x00000000080034a8       0x30 Core/Src/Hardware/interface_LED.o
                0x00000000080034a8                setLED4State
 .text.setLED5State
                0x00000000080034d8       0x30 Core/Src/Hardware/interface_LED.o
                0x00000000080034d8                setLED5State
 .text.displayBinaryValueWithLEDs
                0x0000000008003508       0x58 Core/Src/Hardware/interface_LED.o
                0x0000000008003508                displayBinaryValueWithLEDs
 .text.LL_TIM_EnableCounter
                0x0000000008003560       0x20 Core/Src/Hardware/motor.o
 .text.LL_TIM_DisableCounter
                0x0000000008003580       0x20 Core/Src/Hardware/motor.o
 .text.LL_TIM_SetCounter
                0x00000000080035a0       0x1c Core/Src/Hardware/motor.o
 .text.LL_TIM_CC_EnableChannel
                0x00000000080035bc       0x22 Core/Src/Hardware/motor.o
 .text.LL_TIM_CC_DisableChannel
                0x00000000080035de       0x24 Core/Src/Hardware/motor.o
 .text.LL_TIM_OC_SetCompareCH1
                0x0000000008003602       0x1c Core/Src/Hardware/motor.o
 .text.LL_TIM_OC_SetCompareCH2
                0x000000000800361e       0x1c Core/Src/Hardware/motor.o
 .text.LL_TIM_EnableAllOutputs
                0x000000000800363a       0x20 Core/Src/Hardware/motor.o
 .text.LL_GPIO_SetOutputPin
                0x000000000800365a       0x1c Core/Src/Hardware/motor.o
 .text.LL_GPIO_ResetOutputPin
                0x0000000008003676       0x1e Core/Src/Hardware/motor.o
 .text.setMotorDriverState
                0x0000000008003694       0x3c Core/Src/Hardware/motor.o
                0x0000000008003694                setMotorDriverState
 .text.enableMotors
                0x00000000080036d0       0x90 Core/Src/Hardware/motor.o
                0x00000000080036d0                enableMotors
 .text.setMotorDirection
                0x0000000008003760       0x80 Core/Src/Hardware/motor.o
                0x0000000008003760                setMotorDirection
 .text.dutyConverter
                0x00000000080037e0       0x6c Core/Src/Hardware/motor.o
                0x00000000080037e0                dutyConverter
 .text.driveMotors
                0x000000000800384c       0xa4 Core/Src/Hardware/motor.o
                0x000000000800384c                driveMotors
 .text.shutdownMotors
                0x00000000080038f0       0x44 Core/Src/Hardware/motor.o
                0x00000000080038f0                shutdownMotors
 .text.LL_ADC_DMA_GetRegAddr
                0x0000000008003934       0x34 Core/Src/Hardware/wall_sensor.o
 .text.LL_ADC_Enable
                0x0000000008003968       0x20 Core/Src/Hardware/wall_sensor.o
 .text.LL_ADC_REG_StartConversionSWStart
                0x0000000008003988       0x20 Core/Src/Hardware/wall_sensor.o
 .text.LL_ADC_ClearFlag_EOCS
                0x00000000080039a8       0x1c Core/Src/Hardware/wall_sensor.o
 .text.LL_DMA_EnableStream
                0x00000000080039c4       0x40 Core/Src/Hardware/wall_sensor.o
 .text.LL_DMA_DisableStream
                0x0000000008003a04       0x40 Core/Src/Hardware/wall_sensor.o
 .text.LL_DMA_SetDataLength
                0x0000000008003a44       0x48 Core/Src/Hardware/wall_sensor.o
 .text.LL_DMA_ConfigAddresses
                0x0000000008003a8c       0x78 Core/Src/Hardware/wall_sensor.o
 .text.LL_DMA_EnableIT_TC
                0x0000000008003b04       0x40 Core/Src/Hardware/wall_sensor.o
 .text.ADC1_Start_DMA2
                0x0000000008003b44       0x54 Core/Src/Hardware/wall_sensor.o
                0x0000000008003b44                ADC1_Start_DMA2
 .text.changeFrontCenterLED
                0x0000000008003b98       0x30 Core/Src/Hardware/wall_sensor.o
                0x0000000008003b98                changeFrontCenterLED
 .text.changeFrontRightLED
                0x0000000008003bc8       0x30 Core/Src/Hardware/wall_sensor.o
                0x0000000008003bc8                changeFrontRightLED
 .text.changeFrontLeftLED
                0x0000000008003bf8       0x30 Core/Src/Hardware/wall_sensor.o
                0x0000000008003bf8                changeFrontLeftLED
 .text.changeRightLED
                0x0000000008003c28       0x30 Core/Src/Hardware/wall_sensor.o
                0x0000000008003c28                changeRightLED
 .text.changeLeftLED
                0x0000000008003c58       0x30 Core/Src/Hardware/wall_sensor.o
                0x0000000008003c58                changeLeftLED
 .text.changeLEDs
                0x0000000008003c88       0x6c Core/Src/Hardware/wall_sensor.o
                0x0000000008003c88                changeLEDs
 .text.getWallADC
                0x0000000008003cf4       0x24 Core/Src/Hardware/wall_sensor.o
                0x0000000008003cf4                getWallADC
 .text.startADCwithDMA
                0x0000000008003d18       0x24 Core/Src/Hardware/wall_sensor.o
                0x0000000008003d18                startADCwithDMA
 .text.DMA_CallbackTask
                0x0000000008003d3c       0x18 Core/Src/Hardware/wall_sensor.o
                0x0000000008003d3c                DMA_CallbackTask
 .text.setControlFlags
                0x0000000008003d54       0x74 Core/Src/System/flags.o
                0x0000000008003d54                setControlFlags
 .text.setAccelFlags
                0x0000000008003dc8       0x74 Core/Src/System/flags.o
                0x0000000008003dc8                setAccelFlags
 .text.storeLog
                0x0000000008003e3c      0x15c Core/Src/System/log.o
                0x0000000008003e3c                storeLog
 .text.ConvertMapIntoWall
                0x0000000008003f98       0xbc Core/Src/System/map.o
                0x0000000008003f98                ConvertMapIntoWall
 .text.PrintWallData
                0x0000000008004054      0x138 Core/Src/System/map.o
                0x0000000008004054                PrintWallData
 .text.deleteWallMap
                0x000000000800418c       0xe4 Core/Src/System/map.o
                0x000000000800418c                deleteWallMap
 .text.updateWallMap
                0x0000000008004270      0x244 Core/Src/System/map.o
                0x0000000008004270                updateWallMap
 .text.makeStepMap
                0x00000000080044b4      0x264 Core/Src/System/map.o
                0x00000000080044b4                makeStepMap
 .text.makeRouteESNW
                0x0000000008004718      0x254 Core/Src/System/map.o
                0x0000000008004718                makeRouteESNW
 .text.makeRouteNESW
                0x000000000800496c      0x254 Core/Src/System/map.o
                0x000000000800496c                makeRouteNESW
 .text.confRoute
                0x0000000008004bc0       0x60 Core/Src/System/map.o
                0x0000000008004bc0                confRoute
 .text.advancePosition
                0x0000000008004c20       0x6c Core/Src/System/map.o
                0x0000000008004c20                advancePosition
 .text.changeDirection
                0x0000000008004c8c       0x38 Core/Src/System/map.o
                0x0000000008004c8c                changeDirection
 .text.setMapStruct
                0x0000000008004cc4       0x52 Core/Src/System/map.o
                0x0000000008004cc4                setMapStruct
 *fill*         0x0000000008004d16        0x2 
 .text.prepareMapForSearch
                0x0000000008004d18       0x74 Core/Src/System/map.o
                0x0000000008004d18                prepareMapForSearch
 .text.saveWallMap
                0x0000000008004d8c       0x60 Core/Src/System/map.o
                0x0000000008004d8c                saveWallMap
 .text.loadWallMap
                0x0000000008004dec       0x5c Core/Src/System/map.o
                0x0000000008004dec                loadWallMap
 .text.driveAccelMotion
                0x0000000008004e48      0x1bc Core/Src/System/motion.o
                0x0000000008004e48                driveAccelMotion
 .text.driveTrapezoidal
                0x0000000008005004      0x220 Core/Src/System/motion.o
                0x0000000008005004                driveTrapezoidal
 *fill*         0x0000000008005224        0x4 
 .text.driveSlalomFree
                0x0000000008005228      0x1ec Core/Src/System/motion.o
                0x0000000008005228                driveSlalomFree
 .text.spinMotion
                0x0000000008005414      0x1c4 Core/Src/System/motion.o
                0x0000000008005414                spinMotion
 .text.slalomMotion
                0x00000000080055d8      0x1fc Core/Src/System/motion.o
                0x00000000080055d8                slalomMotion
 .text.moveHalfSectionAccel
                0x00000000080057d4       0x50 Core/Src/System/motion.o
                0x00000000080057d4                moveHalfSectionAccel
 .text.moveHalfSectionDecel
                0x0000000008005824       0x2c Core/Src/System/motion.o
                0x0000000008005824                moveHalfSectionDecel
 .text.moveOneSectionAccel
                0x0000000008005850       0x3c Core/Src/System/motion.o
                0x0000000008005850                moveOneSectionAccel
 .text.keepDistanceFromWall
                0x000000000800588c       0x40 Core/Src/System/motion.o
                0x000000000800588c                keepDistanceFromWall
 .text.spinRight180
                0x00000000080058cc       0x1c Core/Src/System/motion.o
                0x00000000080058cc                spinRight180
 .text.moveSlalomR90
                0x00000000080058e8       0x9c Core/Src/System/motion.o
                0x00000000080058e8                moveSlalomR90
 .text.moveSlalomL90
                0x0000000008005984       0x9c Core/Src/System/motion.o
                0x0000000008005984                moveSlalomL90
 .text.backMotion
                0x0000000008005a20      0x10c Core/Src/System/motion.o
                0x0000000008005a20                backMotion
 .text.moveBigSlalomR90
                0x0000000008005b2c       0x94 Core/Src/System/motion.o
                0x0000000008005b2c                moveBigSlalomR90
 .text.moveBigSlalomL90
                0x0000000008005bc0       0x94 Core/Src/System/motion.o
                0x0000000008005bc0                moveBigSlalomL90
 .text.moveBigSlalomR180
                0x0000000008005c54       0x94 Core/Src/System/motion.o
                0x0000000008005c54                moveBigSlalomR180
 .text.moveBigSlalomL180
                0x0000000008005ce8       0x94 Core/Src/System/motion.o
                0x0000000008005ce8                moveBigSlalomL180
 .text.MelodySummer
                0x0000000008005d7c       0x5a Core/Src/System/music.o
                0x0000000008005d7c                MelodySummer
 .text.MelodyRayearth
                0x0000000008005dd6       0x46 Core/Src/System/music.o
                0x0000000008005dd6                MelodyRayearth
 .text.MelodyGoal
                0x0000000008005e1c       0x2c Core/Src/System/music.o
                0x0000000008005e1c                MelodyGoal
 .text.MelodyUrara
                0x0000000008005e48       0x94 Core/Src/System/music.o
                0x0000000008005e48                MelodyUrara
 .text.MelodyMrLawrence
                0x0000000008005edc       0xb0 Core/Src/System/music.o
                0x0000000008005edc                MelodyMrLawrence
 .text.MelodyNatsumatsuri
                0x0000000008005f8c       0x58 Core/Src/System/music.o
                0x0000000008005f8c                MelodyNatsumatsuri
 .text.MelodyYamato
                0x0000000008005fe4       0x64 Core/Src/System/music.o
                0x0000000008005fe4                MelodyYamato
 .text.ReadPass
                0x0000000008006048      0x198 Core/Src/System/route.o
                0x0000000008006048                ReadPass
 .text.MakePass
                0x00000000080061e0      0x440 Core/Src/System/route.o
                0x00000000080061e0                MakePass
 .text.ShowPass
                0x0000000008006620       0x90 Core/Src/System/route.o
                0x0000000008006620                ShowPass
 .text.getEncoderVelocity
                0x00000000080066b0       0x30 Core/Src/System/sensing.o
                0x00000000080066b0                getEncoderVelocity
 .text.getCenterMileage
                0x00000000080066e0       0xb4 Core/Src/System/sensing.o
                0x00000000080066e0                getCenterMileage
 .text.addAngle
                0x0000000008006794       0x38 Core/Src/System/sensing.o
                0x0000000008006794                addAngle
 .text.getCenterVelocity
                0x00000000080067cc       0x3c Core/Src/System/sensing.o
                0x00000000080067cc                getCenterVelocity
 .text.getOmega
                0x0000000008006808       0x1c Core/Src/System/sensing.o
                0x0000000008006808                getOmega
 .text.getAccel
                0x0000000008006824       0xcc Core/Src/System/sensing.o
                0x0000000008006824                getAccel
 .text.getWallSensorOffset
                0x00000000080068f0       0x7c Core/Src/System/sensing.o
                0x00000000080068f0                getWallSensorOffset
 .text.getWallSensor
                0x000000000800696c       0x94 Core/Src/System/sensing.o
                0x000000000800696c                getWallSensor
 .text.getOmegaOffset
                0x0000000008006a00       0x68 Core/Src/System/sensing.o
                0x0000000008006a00                getOmegaOffset
 .text.getAccelOffset
                0x0000000008006a68       0x68 Core/Src/System/sensing.o
                0x0000000008006a68                getAccelOffset
 .text.getWallInfo
                0x0000000008006ad0       0x54 Core/Src/System/sensing.o
                0x0000000008006ad0                getWallInfo
 .text.filterWallSensors
                0x0000000008006b24      0x108 Core/Src/System/sensing.o
                0x0000000008006b24                filterWallSensors
 .text.initSensors
                0x0000000008006c2c       0x24 Core/Src/System/sensing.o
                0x0000000008006c2c                initSensors
 .text.updateSensors
                0x0000000008006c50       0xc0 Core/Src/System/sensing.o
                0x0000000008006c50                updateSensors
 .text.getOffsets
                0x0000000008006d10       0x30 Core/Src/System/sensing.o
                0x0000000008006d10                getOffsets
 .text.checkFrontWall
                0x0000000008006d40       0x58 Core/Src/System/sensing.o
                0x0000000008006d40                checkFrontWall
 .text.LL_ADC_REG_SetSequencerRanks
                0x0000000008006d98       0x6c Core/Src/adc.o
 .text.LL_ADC_REG_SetFlagEndOfConversion
                0x0000000008006e04       0x26 Core/Src/adc.o
 .text.LL_ADC_SetChannelSamplingTime
                0x0000000008006e2a       0x98 Core/Src/adc.o
 *fill*         0x0000000008006ec2        0x2 
 .text.LL_DMA_SetDataTransferDirection
                0x0000000008006ec4       0x48 Core/Src/adc.o
 .text.LL_DMA_SetMode
                0x0000000008006f0c       0x48 Core/Src/adc.o
 .text.LL_DMA_SetPeriphIncMode
                0x0000000008006f54       0x48 Core/Src/adc.o
 .text.LL_DMA_SetMemoryIncMode
                0x0000000008006f9c       0x48 Core/Src/adc.o
 .text.LL_DMA_SetPeriphSize
                0x0000000008006fe4       0x48 Core/Src/adc.o
 .text.LL_DMA_SetMemorySize
                0x000000000800702c       0x48 Core/Src/adc.o
 .text.LL_DMA_SetStreamPriorityLevel
                0x0000000008007074       0x48 Core/Src/adc.o
 .text.LL_DMA_SetChannelSelection
                0x00000000080070bc       0x48 Core/Src/adc.o
 .text.LL_DMA_DisableFifoMode
                0x0000000008007104       0x40 Core/Src/adc.o
 .text.LL_AHB1_GRP1_EnableClock
                0x0000000008007144       0x30 Core/Src/adc.o
 .text.LL_APB2_GRP1_EnableClock
                0x0000000008007174       0x30 Core/Src/adc.o
 .text.MX_ADC1_Init
                0x00000000080071a4      0x1b8 Core/Src/adc.o
                0x00000000080071a4                MX_ADC1_Init
 .text.__NVIC_GetPriorityGrouping
                0x000000000800735c       0x1c Core/Src/dma.o
 .text.__NVIC_EnableIRQ
                0x0000000008007378       0x3c Core/Src/dma.o
 .text.__NVIC_SetPriority
                0x00000000080073b4       0x54 Core/Src/dma.o
 .text.NVIC_EncodePriority
                0x0000000008007408       0x66 Core/Src/dma.o
 *fill*         0x000000000800746e        0x2 
 .text.LL_AHB1_GRP1_EnableClock
                0x0000000008007470       0x30 Core/Src/dma.o
 .text.MX_DMA_Init
                0x00000000080074a0       0x30 Core/Src/dma.o
                0x00000000080074a0                MX_DMA_Init
 .text.LL_AHB1_GRP1_EnableClock
                0x00000000080074d0       0x30 Core/Src/gpio.o
 .text.LL_GPIO_ResetOutputPin
                0x0000000008007500       0x1e Core/Src/gpio.o
 *fill*         0x000000000800751e        0x2 
 .text.MX_GPIO_Init
                0x0000000008007520      0x11c Core/Src/gpio.o
                0x0000000008007520                MX_GPIO_Init
 .text.__NVIC_SetPriorityGrouping
                0x000000000800763c       0x48 Core/Src/main.o
 .text.LL_RCC_HSI_Enable
                0x0000000008007684       0x20 Core/Src/main.o
 .text.LL_RCC_HSI_IsReady
                0x00000000080076a4       0x24 Core/Src/main.o
 .text.LL_RCC_HSI_SetCalibTrimming
                0x00000000080076c8       0x2c Core/Src/main.o
 .text.LL_RCC_SetSysClkSource
                0x00000000080076f4       0x28 Core/Src/main.o
 .text.LL_RCC_GetSysClkSource
                0x000000000800771c       0x1c Core/Src/main.o
 .text.LL_RCC_SetAHBPrescaler
                0x0000000008007738       0x28 Core/Src/main.o
 .text.LL_RCC_SetAPB1Prescaler
                0x0000000008007760       0x28 Core/Src/main.o
 .text.LL_RCC_SetAPB2Prescaler
                0x0000000008007788       0x28 Core/Src/main.o
 .text.LL_RCC_PLL_Enable
                0x00000000080077b0       0x20 Core/Src/main.o
 .text.LL_RCC_PLL_IsReady
                0x00000000080077d0       0x28 Core/Src/main.o
 .text.LL_RCC_PLL_ConfigDomain_SYS
                0x00000000080077f8       0x4c Core/Src/main.o
 .text.LL_APB1_GRP1_EnableClock
                0x0000000008007844       0x30 Core/Src/main.o
 .text.LL_APB2_GRP1_EnableClock
                0x0000000008007874       0x30 Core/Src/main.o
 .text.LL_FLASH_SetLatency
                0x00000000080078a4       0x28 Core/Src/main.o
 .text.LL_FLASH_GetLatency
                0x00000000080078cc       0x1c Core/Src/main.o
 .text.LL_PWR_SetRegulVoltageScaling
                0x00000000080078e8       0x28 Core/Src/main.o
 .text.LL_USART_IsActiveFlag_TXE
                0x0000000008007910       0x26 Core/Src/main.o
 .text.LL_USART_TransmitData8
                0x0000000008007936       0x1e Core/Src/main.o
 .text.__io_putchar
                0x0000000008007954       0x54 Core/Src/main.o
                0x0000000008007954                __io_putchar
 .text.main     0x00000000080079a8      0x4d0 Core/Src/main.o
                0x00000000080079a8                main
 .text.SystemClock_Config
                0x0000000008007e78       0x8c Core/Src/main.o
                0x0000000008007e78                SystemClock_Config
 .text.LL_AHB1_GRP1_EnableClock
                0x0000000008007f04       0x30 Core/Src/spi.o
 .text.LL_APB1_GRP1_EnableClock
                0x0000000008007f34       0x30 Core/Src/spi.o
 .text.LL_SPI_SetStandard
                0x0000000008007f64       0x26 Core/Src/spi.o
 *fill*         0x0000000008007f8a        0x2 
 .text.MX_SPI3_Init
                0x0000000008007f8c       0xa8 Core/Src/spi.o
                0x0000000008007f8c                MX_SPI3_Init
 .text.LL_DMA_IsActiveFlag_TC0
                0x0000000008008034       0x26 Core/Src/stm32f4xx_it.o
 .text.LL_DMA_ClearFlag_TC0
                0x000000000800805a       0x1a Core/Src/stm32f4xx_it.o
 .text.LL_TIM_ClearFlag_UPDATE
                0x0000000008008074       0x1c Core/Src/stm32f4xx_it.o
 .text.LL_TIM_IsActiveFlag_UPDATE
                0x0000000008008090       0x26 Core/Src/stm32f4xx_it.o
 .text.NMI_Handler
                0x00000000080080b6        0x6 Core/Src/stm32f4xx_it.o
                0x00000000080080b6                NMI_Handler
 .text.HardFault_Handler
                0x00000000080080bc        0x6 Core/Src/stm32f4xx_it.o
                0x00000000080080bc                HardFault_Handler
 .text.MemManage_Handler
                0x00000000080080c2        0x6 Core/Src/stm32f4xx_it.o
                0x00000000080080c2                MemManage_Handler
 .text.BusFault_Handler
                0x00000000080080c8        0x6 Core/Src/stm32f4xx_it.o
                0x00000000080080c8                BusFault_Handler
 .text.UsageFault_Handler
                0x00000000080080ce        0x6 Core/Src/stm32f4xx_it.o
                0x00000000080080ce                UsageFault_Handler
 .text.SVC_Handler
                0x00000000080080d4        0xe Core/Src/stm32f4xx_it.o
                0x00000000080080d4                SVC_Handler
 .text.DebugMon_Handler
                0x00000000080080e2        0xe Core/Src/stm32f4xx_it.o
                0x00000000080080e2                DebugMon_Handler
 .text.PendSV_Handler
                0x00000000080080f0        0xe Core/Src/stm32f4xx_it.o
                0x00000000080080f0                PendSV_Handler
 .text.SysTick_Handler
                0x00000000080080fe        0xe Core/Src/stm32f4xx_it.o
                0x00000000080080fe                SysTick_Handler
 .text.TIM5_IRQHandler
                0x000000000800810c       0x24 Core/Src/stm32f4xx_it.o
                0x000000000800810c                TIM5_IRQHandler
 .text.DMA2_Stream0_IRQHandler
                0x0000000008008130       0x24 Core/Src/stm32f4xx_it.o
                0x0000000008008130                DMA2_Stream0_IRQHandler
 .text._getpid  0x0000000008008154       0x10 Core/Src/syscalls.o
                0x0000000008008154                _getpid
 .text._kill    0x0000000008008164       0x20 Core/Src/syscalls.o
                0x0000000008008164                _kill
 .text._exit    0x0000000008008184       0x14 Core/Src/syscalls.o
                0x0000000008008184                _exit
 .text._read    0x0000000008008198       0x3a Core/Src/syscalls.o
                0x0000000008008198                _read
 .text._write   0x00000000080081d2       0x38 Core/Src/syscalls.o
                0x00000000080081d2                _write
 .text._close   0x000000000800820a       0x18 Core/Src/syscalls.o
                0x000000000800820a                _close
 .text._fstat   0x0000000008008222       0x20 Core/Src/syscalls.o
                0x0000000008008222                _fstat
 .text._isatty  0x0000000008008242       0x16 Core/Src/syscalls.o
                0x0000000008008242                _isatty
 .text._lseek   0x0000000008008258       0x1a Core/Src/syscalls.o
                0x0000000008008258                _lseek
 *fill*         0x0000000008008272        0x2 
 .text._sbrk    0x0000000008008274       0x6c Core/Src/sysmem.o
                0x0000000008008274                _sbrk
 .text.SystemInit
                0x00000000080082e0       0x2c Core/Src/system_stm32f4xx.o
                0x00000000080082e0                SystemInit
 .text.__NVIC_GetPriorityGrouping
                0x000000000800830c       0x1c Core/Src/tim.o
 .text.__NVIC_EnableIRQ
                0x0000000008008328       0x3c Core/Src/tim.o
 .text.__NVIC_SetPriority
                0x0000000008008364       0x54 Core/Src/tim.o
 .text.NVIC_EncodePriority
                0x00000000080083b8       0x66 Core/Src/tim.o
 *fill*         0x000000000800841e        0x2 
 .text.LL_AHB1_GRP1_EnableClock
                0x0000000008008420       0x30 Core/Src/tim.o
 .text.LL_APB1_GRP1_EnableClock
                0x0000000008008450       0x30 Core/Src/tim.o
 .text.LL_APB2_GRP1_EnableClock
                0x0000000008008480       0x30 Core/Src/tim.o
 .text.LL_TIM_EnableARRPreload
                0x00000000080084b0       0x20 Core/Src/tim.o
 .text.LL_TIM_DisableARRPreload
                0x00000000080084d0       0x20 Core/Src/tim.o
 .text.LL_TIM_OC_DisableFast
                0x00000000080084f0       0x8c Core/Src/tim.o
 .text.LL_TIM_OC_EnablePreload
                0x000000000800857c       0x88 Core/Src/tim.o
 .text.LL_TIM_IC_SetActiveInput
                0x0000000008008604       0x9c Core/Src/tim.o
 .text.LL_TIM_IC_SetPrescaler
                0x00000000080086a0       0x9c Core/Src/tim.o
 .text.LL_TIM_IC_SetFilter
                0x000000000800873c       0x9c Core/Src/tim.o
 .text.LL_TIM_IC_SetPolarity
                0x00000000080087d8       0x88 Core/Src/tim.o
 .text.LL_TIM_SetClockSource
                0x0000000008008860       0x2a Core/Src/tim.o
 .text.LL_TIM_SetEncoderMode
                0x000000000800888a       0x26 Core/Src/tim.o
 .text.LL_TIM_SetTriggerOutput
                0x00000000080088b0       0x26 Core/Src/tim.o
 .text.LL_TIM_DisableMasterSlaveMode
                0x00000000080088d6       0x20 Core/Src/tim.o
 *fill*         0x00000000080088f6        0x2 
 .text.MX_TIM1_Init
                0x00000000080088f8      0x130 Core/Src/tim.o
                0x00000000080088f8                MX_TIM1_Init
 .text.MX_TIM2_Init
                0x0000000008008a28       0xe8 Core/Src/tim.o
                0x0000000008008a28                MX_TIM2_Init
 .text.MX_TIM3_Init
                0x0000000008008b10       0xf4 Core/Src/tim.o
                0x0000000008008b10                MX_TIM3_Init
 .text.MX_TIM4_Init
                0x0000000008008c04       0xf4 Core/Src/tim.o
                0x0000000008008c04                MX_TIM4_Init
 .text.MX_TIM5_Init
                0x0000000008008cf8       0x80 Core/Src/tim.o
                0x0000000008008cf8                MX_TIM5_Init
 .text.MX_TIM6_Init
                0x0000000008008d78       0x54 Core/Src/tim.o
                0x0000000008008d78                MX_TIM6_Init
 .text.MX_TIM8_Init
                0x0000000008008dcc      0x134 Core/Src/tim.o
                0x0000000008008dcc                MX_TIM8_Init
 .text.MX_TIM11_Init
                0x0000000008008f00       0xcc Core/Src/tim.o
                0x0000000008008f00                MX_TIM11_Init
 .text.LL_AHB1_GRP1_EnableClock
                0x0000000008008fcc       0x30 Core/Src/usart.o
 .text.LL_APB2_GRP1_EnableClock
                0x0000000008008ffc       0x30 Core/Src/usart.o
 .text.LL_USART_Enable
                0x000000000800902c       0x20 Core/Src/usart.o
 .text.LL_USART_ConfigAsyncMode
                0x000000000800904c       0x2c Core/Src/usart.o
 .text.MX_USART1_UART_Init
                0x0000000008009078       0xa0 Core/Src/usart.o
                0x0000000008009078                MX_USART1_UART_Init
 .text.Reset_Handler
                0x0000000008009118       0x50 Core/Startup/startup_stm32f405rgtx.o
                0x0000000008009118                Reset_Handler
 .text.Default_Handler
                0x0000000008009168        0x2 Core/Startup/startup_stm32f405rgtx.o
                0x0000000008009168                RTC_Alarm_IRQHandler
                0x0000000008009168                HASH_RNG_IRQHandler
                0x0000000008009168                EXTI2_IRQHandler
                0x0000000008009168                TIM8_CC_IRQHandler
                0x0000000008009168                TIM1_CC_IRQHandler
                0x0000000008009168                DMA2_Stream5_IRQHandler
                0x0000000008009168                DMA1_Stream5_IRQHandler
                0x0000000008009168                PVD_IRQHandler
                0x0000000008009168                SDIO_IRQHandler
                0x0000000008009168                TAMP_STAMP_IRQHandler
                0x0000000008009168                CAN2_RX1_IRQHandler
                0x0000000008009168                EXTI3_IRQHandler
                0x0000000008009168                TIM8_TRG_COM_TIM14_IRQHandler
                0x0000000008009168                TIM1_UP_TIM10_IRQHandler
                0x0000000008009168                TIM8_UP_TIM13_IRQHandler
                0x0000000008009168                I2C3_ER_IRQHandler
                0x0000000008009168                EXTI0_IRQHandler
                0x0000000008009168                I2C2_EV_IRQHandler
                0x0000000008009168                DMA1_Stream2_IRQHandler
                0x0000000008009168                CAN1_RX0_IRQHandler
                0x0000000008009168                FPU_IRQHandler
                0x0000000008009168                OTG_HS_WKUP_IRQHandler
                0x0000000008009168                CAN2_SCE_IRQHandler
                0x0000000008009168                DMA2_Stream2_IRQHandler
                0x0000000008009168                SPI1_IRQHandler
                0x0000000008009168                TIM6_DAC_IRQHandler
                0x0000000008009168                TIM1_BRK_TIM9_IRQHandler
                0x0000000008009168                CAN2_RX0_IRQHandler
                0x0000000008009168                DMA2_Stream3_IRQHandler
                0x0000000008009168                USART6_IRQHandler
                0x0000000008009168                USART3_IRQHandler
                0x0000000008009168                CAN1_RX1_IRQHandler
                0x0000000008009168                UART5_IRQHandler
                0x0000000008009168                TIM4_IRQHandler
                0x0000000008009168                I2C1_EV_IRQHandler
                0x0000000008009168                DMA1_Stream6_IRQHandler
                0x0000000008009168                DMA1_Stream1_IRQHandler
                0x0000000008009168                UART4_IRQHandler
                0x0000000008009168                TIM3_IRQHandler
                0x0000000008009168                RCC_IRQHandler
                0x0000000008009168                TIM8_BRK_TIM12_IRQHandler
                0x0000000008009168                Default_Handler
                0x0000000008009168                EXTI15_10_IRQHandler
                0x0000000008009168                ADC_IRQHandler
                0x0000000008009168                DMA1_Stream7_IRQHandler
                0x0000000008009168                TIM7_IRQHandler
                0x0000000008009168                CAN2_TX_IRQHandler
                0x0000000008009168                DMA2_Stream7_IRQHandler
                0x0000000008009168                I2C3_EV_IRQHandler
                0x0000000008009168                EXTI9_5_IRQHandler
                0x0000000008009168                RTC_WKUP_IRQHandler
                0x0000000008009168                SPI2_IRQHandler
                0x0000000008009168                OTG_HS_EP1_IN_IRQHandler
                0x0000000008009168                DMA1_Stream0_IRQHandler
                0x0000000008009168                CAN1_TX_IRQHandler
                0x0000000008009168                EXTI4_IRQHandler
                0x0000000008009168                FSMC_IRQHandler
                0x0000000008009168                OTG_HS_EP1_OUT_IRQHandler
                0x0000000008009168                WWDG_IRQHandler
                0x0000000008009168                TIM2_IRQHandler
                0x0000000008009168                OTG_FS_WKUP_IRQHandler
                0x0000000008009168                TIM1_TRG_COM_TIM11_IRQHandler
                0x0000000008009168                OTG_HS_IRQHandler
                0x0000000008009168                EXTI1_IRQHandler
                0x0000000008009168                USART2_IRQHandler
                0x0000000008009168                I2C2_ER_IRQHandler
                0x0000000008009168                DMA2_Stream1_IRQHandler
                0x0000000008009168                CAN1_SCE_IRQHandler
                0x0000000008009168                FLASH_IRQHandler
                0x0000000008009168                DMA2_Stream4_IRQHandler
                0x0000000008009168                USART1_IRQHandler
                0x0000000008009168                OTG_FS_IRQHandler
                0x0000000008009168                SPI3_IRQHandler
                0x0000000008009168                DMA1_Stream4_IRQHandler
                0x0000000008009168                I2C1_ER_IRQHandler
                0x0000000008009168                DMA2_Stream6_IRQHandler
                0x0000000008009168                DMA1_Stream3_IRQHandler
 .text.LL_ADC_REG_SetSequencerLength
                0x000000000800916a       0x26 Drivers/STM32F4xx_HAL_Driver/Src/stm32f4xx_ll_adc.o
 .text.LL_ADC_IsEnabled
                0x0000000008009190       0x26 Drivers/STM32F4xx_HAL_Driver/Src/stm32f4xx_ll_adc.o
 *fill*         0x00000000080091b6        0x2 
 .text.LL_ADC_CommonInit
                0x00000000080091b8       0x90 Drivers/STM32F4xx_HAL_Driver/Src/stm32f4xx_ll_adc.o
                0x00000000080091b8                LL_ADC_CommonInit
 .text.LL_ADC_Init
                0x0000000008009248       0x58 Drivers/STM32F4xx_HAL_Driver/Src/stm32f4xx_ll_adc.o
                0x0000000008009248                LL_ADC_Init
 .text.LL_ADC_REG_Init
                0x00000000080092a0       0x84 Drivers/STM32F4xx_HAL_Driver/Src/stm32f4xx_ll_adc.o
                0x00000000080092a0                LL_ADC_REG_Init
 .text.LL_GPIO_SetPinMode
                0x0000000008009324       0x5e Drivers/STM32F4xx_HAL_Driver/Src/stm32f4xx_ll_gpio.o
 .text.LL_GPIO_SetPinOutputType
                0x0000000008009382       0x30 Drivers/STM32F4xx_HAL_Driver/Src/stm32f4xx_ll_gpio.o
 .text.LL_GPIO_SetPinSpeed
                0x00000000080093b2       0x5e Drivers/STM32F4xx_HAL_Driver/Src/stm32f4xx_ll_gpio.o
 .text.LL_GPIO_SetPinPull
                0x0000000008009410       0x5e Drivers/STM32F4xx_HAL_Driver/Src/stm32f4xx_ll_gpio.o
 .text.LL_GPIO_SetAFPin_0_7
                0x000000000800946e       0x5e Drivers/STM32F4xx_HAL_Driver/Src/stm32f4xx_ll_gpio.o
 .text.LL_GPIO_SetAFPin_8_15
                0x00000000080094cc       0x62 Drivers/STM32F4xx_HAL_Driver/Src/stm32f4xx_ll_gpio.o
 .text.LL_GPIO_Init
                0x000000000800952e       0xe6 Drivers/STM32F4xx_HAL_Driver/Src/stm32f4xx_ll_gpio.o
                0x000000000800952e                LL_GPIO_Init
 .text.LL_RCC_GetSysClkSource
                0x0000000008009614       0x1c Drivers/STM32F4xx_HAL_Driver/Src/stm32f4xx_ll_rcc.o
 .text.LL_RCC_GetAHBPrescaler
                0x0000000008009630       0x1c Drivers/STM32F4xx_HAL_Driver/Src/stm32f4xx_ll_rcc.o
 .text.LL_RCC_GetAPB1Prescaler
                0x000000000800964c       0x1c Drivers/STM32F4xx_HAL_Driver/Src/stm32f4xx_ll_rcc.o
 .text.LL_RCC_GetAPB2Prescaler
                0x0000000008009668       0x1c Drivers/STM32F4xx_HAL_Driver/Src/stm32f4xx_ll_rcc.o
 .text.LL_RCC_PLL_GetMainSource
                0x0000000008009684       0x1c Drivers/STM32F4xx_HAL_Driver/Src/stm32f4xx_ll_rcc.o
 .text.LL_RCC_PLL_GetN
                0x00000000080096a0       0x1c Drivers/STM32F4xx_HAL_Driver/Src/stm32f4xx_ll_rcc.o
 .text.LL_RCC_PLL_GetP
                0x00000000080096bc       0x1c Drivers/STM32F4xx_HAL_Driver/Src/stm32f4xx_ll_rcc.o
 .text.LL_RCC_PLL_GetDivider
                0x00000000080096d8       0x1c Drivers/STM32F4xx_HAL_Driver/Src/stm32f4xx_ll_rcc.o
 .text.LL_RCC_GetSystemClocksFreq
                0x00000000080096f4       0x4a Drivers/STM32F4xx_HAL_Driver/Src/stm32f4xx_ll_rcc.o
                0x00000000080096f4                LL_RCC_GetSystemClocksFreq
 *fill*         0x000000000800973e        0x2 
 .text.RCC_GetSystemClockFreq
                0x0000000008009740       0x50 Drivers/STM32F4xx_HAL_Driver/Src/stm32f4xx_ll_rcc.o
                0x0000000008009740                RCC_GetSystemClockFreq
 .text.RCC_GetHCLKClockFreq
                0x0000000008009790       0x2c Drivers/STM32F4xx_HAL_Driver/Src/stm32f4xx_ll_rcc.o
                0x0000000008009790                RCC_GetHCLKClockFreq
 .text.RCC_GetPCLK1ClockFreq
                0x00000000080097bc       0x28 Drivers/STM32F4xx_HAL_Driver/Src/stm32f4xx_ll_rcc.o
                0x00000000080097bc                RCC_GetPCLK1ClockFreq
 .text.RCC_GetPCLK2ClockFreq
                0x00000000080097e4       0x28 Drivers/STM32F4xx_HAL_Driver/Src/stm32f4xx_ll_rcc.o
                0x00000000080097e4                RCC_GetPCLK2ClockFreq
 .text.RCC_PLL_GetFreqDomain_SYS
                0x000000000800980c       0x7c Drivers/STM32F4xx_HAL_Driver/Src/stm32f4xx_ll_rcc.o
                0x000000000800980c                RCC_PLL_GetFreqDomain_SYS
 .text.LL_SPI_IsEnabled
                0x0000000008009888       0x26 Drivers/STM32F4xx_HAL_Driver/Src/stm32f4xx_ll_spi.o
 .text.LL_SPI_SetCRCPolynomial
                0x00000000080098ae       0x20 Drivers/STM32F4xx_HAL_Driver/Src/stm32f4xx_ll_spi.o
 .text.LL_SPI_Init
                0x00000000080098ce       0xa4 Drivers/STM32F4xx_HAL_Driver/Src/stm32f4xx_ll_spi.o
                0x00000000080098ce                LL_SPI_Init
 .text.LL_TIM_SetPrescaler
                0x0000000008009972       0x1c Drivers/STM32F4xx_HAL_Driver/Src/stm32f4xx_ll_tim.o
 .text.LL_TIM_SetAutoReload
                0x000000000800998e       0x1c Drivers/STM32F4xx_HAL_Driver/Src/stm32f4xx_ll_tim.o
 .text.LL_TIM_SetRepetitionCounter
                0x00000000080099aa       0x1c Drivers/STM32F4xx_HAL_Driver/Src/stm32f4xx_ll_tim.o
 .text.LL_TIM_OC_SetCompareCH1
                0x00000000080099c6       0x1c Drivers/STM32F4xx_HAL_Driver/Src/stm32f4xx_ll_tim.o
 .text.LL_TIM_OC_SetCompareCH2
                0x00000000080099e2       0x1c Drivers/STM32F4xx_HAL_Driver/Src/stm32f4xx_ll_tim.o
 .text.LL_TIM_OC_SetCompareCH3
                0x00000000080099fe       0x1c Drivers/STM32F4xx_HAL_Driver/Src/stm32f4xx_ll_tim.o
 .text.LL_TIM_OC_SetCompareCH4
                0x0000000008009a1a       0x1c Drivers/STM32F4xx_HAL_Driver/Src/stm32f4xx_ll_tim.o
 .text.LL_TIM_GenerateEvent_UPDATE
                0x0000000008009a36       0x20 Drivers/STM32F4xx_HAL_Driver/Src/stm32f4xx_ll_tim.o
 *fill*         0x0000000008009a56        0x2 
 .text.LL_TIM_Init
                0x0000000008009a58      0x134 Drivers/STM32F4xx_HAL_Driver/Src/stm32f4xx_ll_tim.o
                0x0000000008009a58                LL_TIM_Init
 .text.LL_TIM_OC_Init
                0x0000000008009b8c       0x82 Drivers/STM32F4xx_HAL_Driver/Src/stm32f4xx_ll_tim.o
                0x0000000008009b8c                LL_TIM_OC_Init
 .text.LL_TIM_BDTR_Init
                0x0000000008009c0e       0x92 Drivers/STM32F4xx_HAL_Driver/Src/stm32f4xx_ll_tim.o
                0x0000000008009c0e                LL_TIM_BDTR_Init
 .text.OC1Config
                0x0000000008009ca0       0xd8 Drivers/STM32F4xx_HAL_Driver/Src/stm32f4xx_ll_tim.o
 .text.OC2Config
                0x0000000008009d78       0xe0 Drivers/STM32F4xx_HAL_Driver/Src/stm32f4xx_ll_tim.o
 .text.OC3Config
                0x0000000008009e58       0xe0 Drivers/STM32F4xx_HAL_Driver/Src/stm32f4xx_ll_tim.o
 .text.OC4Config
                0x0000000008009f38       0xb0 Drivers/STM32F4xx_HAL_Driver/Src/stm32f4xx_ll_tim.o
 .text.LL_USART_IsEnabled
                0x0000000008009fe8       0x28 Drivers/STM32F4xx_HAL_Driver/Src/stm32f4xx_ll_usart.o
 .text.LL_USART_SetStopBitsLength
                0x000000000800a010       0x26 Drivers/STM32F4xx_HAL_Driver/Src/stm32f4xx_ll_usart.o
 .text.LL_USART_SetHWFlowCtrl
                0x000000000800a036       0x26 Drivers/STM32F4xx_HAL_Driver/Src/stm32f4xx_ll_usart.o
 .text.LL_USART_SetBaudRate
                0x000000000800a05c      0x320 Drivers/STM32F4xx_HAL_Driver/Src/stm32f4xx_ll_usart.o
 .text.LL_USART_Init
                0x000000000800a37c      0x100 Drivers/STM32F4xx_HAL_Driver/Src/stm32f4xx_ll_usart.o
                0x000000000800a37c                LL_USART_Init
 .text.LL_InitTick
                0x000000000800a47c       0x34 Drivers/STM32F4xx_HAL_Driver/Src/stm32f4xx_ll_utils.o
 .text.LL_Init1msTick
                0x000000000800a4b0       0x1a Drivers/STM32F4xx_HAL_Driver/Src/stm32f4xx_ll_utils.o
                0x000000000800a4b0                LL_Init1msTick
 *fill*         0x000000000800a4ca        0x2 
 .text.LL_mDelay
                0x000000000800a4cc       0x4c Drivers/STM32F4xx_HAL_Driver/Src/stm32f4xx_ll_utils.o
                0x000000000800a4cc                LL_mDelay
 .text.LL_SetSystemCoreClock
                0x000000000800a518       0x20 Drivers/STM32F4xx_HAL_Driver/Src/stm32f4xx_ll_utils.o
                0x000000000800a518                LL_SetSystemCoreClock
 .text.__errno  0x000000000800a538        0xc c:/st/stm32cubeide_1.0.2/stm32cubeide/plugins/com.st.stm32cube.ide.mcu.externaltools.gnu-tools-for-stm32.9-2020-q2-update.win32_1.5.0.202011040924/tools/bin/../lib/gcc/arm-none-eabi/9.3.1/../../../../arm-none-eabi/lib/thumb/v7e-m+fp/hard\libc_nano.a(lib_a-errno.o)
                0x000000000800a538                __errno
 .text.__libc_init_array
                0x000000000800a544       0x48 c:/st/stm32cubeide_1.0.2/stm32cubeide/plugins/com.st.stm32cube.ide.mcu.externaltools.gnu-tools-for-stm32.9-2020-q2-update.win32_1.5.0.202011040924/tools/bin/../lib/gcc/arm-none-eabi/9.3.1/../../../../arm-none-eabi/lib/thumb/v7e-m+fp/hard\libc_nano.a(lib_a-init.o)
                0x000000000800a544                __libc_init_array
 .text.memset   0x000000000800a58c       0x10 c:/st/stm32cubeide_1.0.2/stm32cubeide/plugins/com.st.stm32cube.ide.mcu.externaltools.gnu-tools-for-stm32.9-2020-q2-update.win32_1.5.0.202011040924/tools/bin/../lib/gcc/arm-none-eabi/9.3.1/../../../../arm-none-eabi/lib/thumb/v7e-m+fp/hard\libc_nano.a(lib_a-memset.o)
                0x000000000800a58c                memset
 .text.__cvt    0x000000000800a59c       0xc4 c:/st/stm32cubeide_1.0.2/stm32cubeide/plugins/com.st.stm32cube.ide.mcu.externaltools.gnu-tools-for-stm32.9-2020-q2-update.win32_1.5.0.202011040924/tools/bin/../lib/gcc/arm-none-eabi/9.3.1/../../../../arm-none-eabi/lib/thumb/v7e-m+fp/hard\libc_nano.a(lib_a-nano-vfprintf_float.o)
                0x000000000800a59c                __cvt
 .text.__exponent
                0x000000000800a660       0x7c c:/st/stm32cubeide_1.0.2/stm32cubeide/plugins/com.st.stm32cube.ide.mcu.externaltools.gnu-tools-for-stm32.9-2020-q2-update.win32_1.5.0.202011040924/tools/bin/../lib/gcc/arm-none-eabi/9.3.1/../../../../arm-none-eabi/lib/thumb/v7e-m+fp/hard\libc_nano.a(lib_a-nano-vfprintf_float.o)
                0x000000000800a660                __exponent
 .text._printf_float
                0x000000000800a6dc      0x46c c:/st/stm32cubeide_1.0.2/stm32cubeide/plugins/com.st.stm32cube.ide.mcu.externaltools.gnu-tools-for-stm32.9-2020-q2-update.win32_1.5.0.202011040924/tools/bin/../lib/gcc/arm-none-eabi/9.3.1/../../../../arm-none-eabi/lib/thumb/v7e-m+fp/hard\libc_nano.a(lib_a-nano-vfprintf_float.o)
                0x000000000800a6dc                _printf_float
 .text._printf_common
                0x000000000800ab48       0xda c:/st/stm32cubeide_1.0.2/stm32cubeide/plugins/com.st.stm32cube.ide.mcu.externaltools.gnu-tools-for-stm32.9-2020-q2-update.win32_1.5.0.202011040924/tools/bin/../lib/gcc/arm-none-eabi/9.3.1/../../../../arm-none-eabi/lib/thumb/v7e-m+fp/hard\libc_nano.a(lib_a-nano-vfprintf_i.o)
                0x000000000800ab48                _printf_common
 *fill*         0x000000000800ac22        0x2 
 .text._printf_i
                0x000000000800ac24      0x24c c:/st/stm32cubeide_1.0.2/stm32cubeide/plugins/com.st.stm32cube.ide.mcu.externaltools.gnu-tools-for-stm32.9-2020-q2-update.win32_1.5.0.202011040924/tools/bin/../lib/gcc/arm-none-eabi/9.3.1/../../../../arm-none-eabi/lib/thumb/v7e-m+fp/hard\libc_nano.a(lib_a-nano-vfprintf_i.o)
                0x000000000800ac24                _printf_i
 .text.printf   0x000000000800ae70       0x30 c:/st/stm32cubeide_1.0.2/stm32cubeide/plugins/com.st.stm32cube.ide.mcu.externaltools.gnu-tools-for-stm32.9-2020-q2-update.win32_1.5.0.202011040924/tools/bin/../lib/gcc/arm-none-eabi/9.3.1/../../../../arm-none-eabi/lib/thumb/v7e-m+fp/hard\libc_nano.a(lib_a-printf.o)
                0x000000000800ae70                iprintf
                0x000000000800ae70                printf
 .text.putchar  0x000000000800aea0       0x2c c:/st/stm32cubeide_1.0.2/stm32cubeide/plugins/com.st.stm32cube.ide.mcu.externaltools.gnu-tools-for-stm32.9-2020-q2-update.win32_1.5.0.202011040924/tools/bin/../lib/gcc/arm-none-eabi/9.3.1/../../../../arm-none-eabi/lib/thumb/v7e-m+fp/hard\libc_nano.a(lib_a-putchar.o)
                0x000000000800aea0                putchar
 .text._puts_r  0x000000000800aecc       0xdc c:/st/stm32cubeide_1.0.2/stm32cubeide/plugins/com.st.stm32cube.ide.mcu.externaltools.gnu-tools-for-stm32.9-2020-q2-update.win32_1.5.0.202011040924/tools/bin/../lib/gcc/arm-none-eabi/9.3.1/../../../../arm-none-eabi/lib/thumb/v7e-m+fp/hard\libc_nano.a(lib_a-puts.o)
                0x000000000800aecc                _puts_r
 .text.puts     0x000000000800afa8       0x10 c:/st/stm32cubeide_1.0.2/stm32cubeide/plugins/com.st.stm32cube.ide.mcu.externaltools.gnu-tools-for-stm32.9-2020-q2-update.win32_1.5.0.202011040924/tools/bin/../lib/gcc/arm-none-eabi/9.3.1/../../../../arm-none-eabi/lib/thumb/v7e-m+fp/hard\libc_nano.a(lib_a-puts.o)
                0x000000000800afa8                puts
 .text.setbuf   0x000000000800afb8       0x10 c:/st/stm32cubeide_1.0.2/stm32cubeide/plugins/com.st.stm32cube.ide.mcu.externaltools.gnu-tools-for-stm32.9-2020-q2-update.win32_1.5.0.202011040924/tools/bin/../lib/gcc/arm-none-eabi/9.3.1/../../../../arm-none-eabi/lib/thumb/v7e-m+fp/hard\libc_nano.a(lib_a-setbuf.o)
                0x000000000800afb8                setbuf
 .text.setvbuf  0x000000000800afc8      0x18c c:/st/stm32cubeide_1.0.2/stm32cubeide/plugins/com.st.stm32cube.ide.mcu.externaltools.gnu-tools-for-stm32.9-2020-q2-update.win32_1.5.0.202011040924/tools/bin/../lib/gcc/arm-none-eabi/9.3.1/../../../../arm-none-eabi/lib/thumb/v7e-m+fp/hard\libc_nano.a(lib_a-setvbuf.o)
                0x000000000800afc8                setvbuf
 .text.__swbuf_r
                0x000000000800b154       0xa4 c:/st/stm32cubeide_1.0.2/stm32cubeide/plugins/com.st.stm32cube.ide.mcu.externaltools.gnu-tools-for-stm32.9-2020-q2-update.win32_1.5.0.202011040924/tools/bin/../lib/gcc/arm-none-eabi/9.3.1/../../../../arm-none-eabi/lib/thumb/v7e-m+fp/hard\libc_nano.a(lib_a-wbuf.o)
                0x000000000800b154                __swbuf_r
 .text.__swsetup_r
                0x000000000800b1f8       0xdc c:/st/stm32cubeide_1.0.2/stm32cubeide/plugins/com.st.stm32cube.ide.mcu.externaltools.gnu-tools-for-stm32.9-2020-q2-update.win32_1.5.0.202011040924/tools/bin/../lib/gcc/arm-none-eabi/9.3.1/../../../../arm-none-eabi/lib/thumb/v7e-m+fp/hard\libc_nano.a(lib_a-wsetup.o)
                0x000000000800b1f8                __swsetup_r
 .text.quorem   0x000000000800b2d4      0x116 c:/st/stm32cubeide_1.0.2/stm32cubeide/plugins/com.st.stm32cube.ide.mcu.externaltools.gnu-tools-for-stm32.9-2020-q2-update.win32_1.5.0.202011040924/tools/bin/../lib/gcc/arm-none-eabi/9.3.1/../../../../arm-none-eabi/lib/thumb/v7e-m+fp/hard\libc_nano.a(lib_a-dtoa.o)
 *fill*         0x000000000800b3ea        0x6 
 .text._dtoa_r  0x000000000800b3f0      0xbd8 c:/st/stm32cubeide_1.0.2/stm32cubeide/plugins/com.st.stm32cube.ide.mcu.externaltools.gnu-tools-for-stm32.9-2020-q2-update.win32_1.5.0.202011040924/tools/bin/../lib/gcc/arm-none-eabi/9.3.1/../../../../arm-none-eabi/lib/thumb/v7e-m+fp/hard\libc_nano.a(lib_a-dtoa.o)
                0x000000000800b3f0                _dtoa_r
 .text.__sflush_r
                0x000000000800bfc8      0x10c c:/st/stm32cubeide_1.0.2/stm32cubeide/plugins/com.st.stm32cube.ide.mcu.externaltools.gnu-tools-for-stm32.9-2020-q2-update.win32_1.5.0.202011040924/tools/bin/../lib/gcc/arm-none-eabi/9.3.1/../../../../arm-none-eabi/lib/thumb/v7e-m+fp/hard\libc_nano.a(lib_a-fflush.o)
                0x000000000800bfc8                __sflush_r
 .text._fflush_r
                0x000000000800c0d4       0x78 c:/st/stm32cubeide_1.0.2/stm32cubeide/plugins/com.st.stm32cube.ide.mcu.externaltools.gnu-tools-for-stm32.9-2020-q2-update.win32_1.5.0.202011040924/tools/bin/../lib/gcc/arm-none-eabi/9.3.1/../../../../arm-none-eabi/lib/thumb/v7e-m+fp/hard\libc_nano.a(lib_a-fflush.o)
                0x000000000800c0d4                _fflush_r
 .text.std      0x000000000800c14c       0x48 c:/st/stm32cubeide_1.0.2/stm32cubeide/plugins/com.st.stm32cube.ide.mcu.externaltools.gnu-tools-for-stm32.9-2020-q2-update.win32_1.5.0.202011040924/tools/bin/../lib/gcc/arm-none-eabi/9.3.1/../../../../arm-none-eabi/lib/thumb/v7e-m+fp/hard\libc_nano.a(lib_a-findfp.o)
 .text._cleanup_r
                0x000000000800c194        0xc c:/st/stm32cubeide_1.0.2/stm32cubeide/plugins/com.st.stm32cube.ide.mcu.externaltools.gnu-tools-for-stm32.9-2020-q2-update.win32_1.5.0.202011040924/tools/bin/../lib/gcc/arm-none-eabi/9.3.1/../../../../arm-none-eabi/lib/thumb/v7e-m+fp/hard\libc_nano.a(lib_a-findfp.o)
                0x000000000800c194                _cleanup_r
 .text.__sfmoreglue
                0x000000000800c1a0       0x2c c:/st/stm32cubeide_1.0.2/stm32cubeide/plugins/com.st.stm32cube.ide.mcu.externaltools.gnu-tools-for-stm32.9-2020-q2-update.win32_1.5.0.202011040924/tools/bin/../lib/gcc/arm-none-eabi/9.3.1/../../../../arm-none-eabi/lib/thumb/v7e-m+fp/hard\libc_nano.a(lib_a-findfp.o)
                0x000000000800c1a0                __sfmoreglue
 .text.__sfp_lock_acquire
                0x000000000800c1cc        0xc c:/st/stm32cubeide_1.0.2/stm32cubeide/plugins/com.st.stm32cube.ide.mcu.externaltools.gnu-tools-for-stm32.9-2020-q2-update.win32_1.5.0.202011040924/tools/bin/../lib/gcc/arm-none-eabi/9.3.1/../../../../arm-none-eabi/lib/thumb/v7e-m+fp/hard\libc_nano.a(lib_a-findfp.o)
                0x000000000800c1cc                __sfp_lock_acquire
 .text.__sfp_lock_release
                0x000000000800c1d8        0xc c:/st/stm32cubeide_1.0.2/stm32cubeide/plugins/com.st.stm32cube.ide.mcu.externaltools.gnu-tools-for-stm32.9-2020-q2-update.win32_1.5.0.202011040924/tools/bin/../lib/gcc/arm-none-eabi/9.3.1/../../../../arm-none-eabi/lib/thumb/v7e-m+fp/hard\libc_nano.a(lib_a-findfp.o)
                0x000000000800c1d8                __sfp_lock_release
 .text.__sinit_lock_acquire
                0x000000000800c1e4        0xc c:/st/stm32cubeide_1.0.2/stm32cubeide/plugins/com.st.stm32cube.ide.mcu.externaltools.gnu-tools-for-stm32.9-2020-q2-update.win32_1.5.0.202011040924/tools/bin/../lib/gcc/arm-none-eabi/9.3.1/../../../../arm-none-eabi/lib/thumb/v7e-m+fp/hard\libc_nano.a(lib_a-findfp.o)
                0x000000000800c1e4                __sinit_lock_acquire
 .text.__sinit_lock_release
                0x000000000800c1f0        0xc c:/st/stm32cubeide_1.0.2/stm32cubeide/plugins/com.st.stm32cube.ide.mcu.externaltools.gnu-tools-for-stm32.9-2020-q2-update.win32_1.5.0.202011040924/tools/bin/../lib/gcc/arm-none-eabi/9.3.1/../../../../arm-none-eabi/lib/thumb/v7e-m+fp/hard\libc_nano.a(lib_a-findfp.o)
                0x000000000800c1f0                __sinit_lock_release
 .text.__sinit  0x000000000800c1fc       0x70 c:/st/stm32cubeide_1.0.2/stm32cubeide/plugins/com.st.stm32cube.ide.mcu.externaltools.gnu-tools-for-stm32.9-2020-q2-update.win32_1.5.0.202011040924/tools/bin/../lib/gcc/arm-none-eabi/9.3.1/../../../../arm-none-eabi/lib/thumb/v7e-m+fp/hard\libc_nano.a(lib_a-findfp.o)
                0x000000000800c1fc                __sinit
 .text.__sfp    0x000000000800c26c       0x8c c:/st/stm32cubeide_1.0.2/stm32cubeide/plugins/com.st.stm32cube.ide.mcu.externaltools.gnu-tools-for-stm32.9-2020-q2-update.win32_1.5.0.202011040924/tools/bin/../lib/gcc/arm-none-eabi/9.3.1/../../../../arm-none-eabi/lib/thumb/v7e-m+fp/hard\libc_nano.a(lib_a-findfp.o)
                0x000000000800c26c                __sfp
 .text._fwalk_reent
                0x000000000800c2f8       0x3e c:/st/stm32cubeide_1.0.2/stm32cubeide/plugins/com.st.stm32cube.ide.mcu.externaltools.gnu-tools-for-stm32.9-2020-q2-update.win32_1.5.0.202011040924/tools/bin/../lib/gcc/arm-none-eabi/9.3.1/../../../../arm-none-eabi/lib/thumb/v7e-m+fp/hard\libc_nano.a(lib_a-fwalk.o)
                0x000000000800c2f8                _fwalk_reent
 *fill*         0x000000000800c336        0x2 
 .text._localeconv_r
                0x000000000800c338        0x8 c:/st/stm32cubeide_1.0.2/stm32cubeide/plugins/com.st.stm32cube.ide.mcu.externaltools.gnu-tools-for-stm32.9-2020-q2-update.win32_1.5.0.202011040924/tools/bin/../lib/gcc/arm-none-eabi/9.3.1/../../../../arm-none-eabi/lib/thumb/v7e-m+fp/hard\libc_nano.a(lib_a-localeconv.o)
                0x000000000800c338                _localeconv_r
 .text.__retarget_lock_init_recursive
                0x000000000800c340        0x2 c:/st/stm32cubeide_1.0.2/stm32cubeide/plugins/com.st.stm32cube.ide.mcu.externaltools.gnu-tools-for-stm32.9-2020-q2-update.win32_1.5.0.202011040924/tools/bin/../lib/gcc/arm-none-eabi/9.3.1/../../../../arm-none-eabi/lib/thumb/v7e-m+fp/hard\libc_nano.a(lib_a-lock.o)
                0x000000000800c340                __retarget_lock_init_recursive
 .text.__retarget_lock_acquire_recursive
                0x000000000800c342        0x2 c:/st/stm32cubeide_1.0.2/stm32cubeide/plugins/com.st.stm32cube.ide.mcu.externaltools.gnu-tools-for-stm32.9-2020-q2-update.win32_1.5.0.202011040924/tools/bin/../lib/gcc/arm-none-eabi/9.3.1/../../../../arm-none-eabi/lib/thumb/v7e-m+fp/hard\libc_nano.a(lib_a-lock.o)
                0x000000000800c342                __retarget_lock_acquire_recursive
 .text.__retarget_lock_release_recursive
                0x000000000800c344        0x2 c:/st/stm32cubeide_1.0.2/stm32cubeide/plugins/com.st.stm32cube.ide.mcu.externaltools.gnu-tools-for-stm32.9-2020-q2-update.win32_1.5.0.202011040924/tools/bin/../lib/gcc/arm-none-eabi/9.3.1/../../../../arm-none-eabi/lib/thumb/v7e-m+fp/hard\libc_nano.a(lib_a-lock.o)
                0x000000000800c344                __retarget_lock_release_recursive
 .text.__swhatbuf_r
                0x000000000800c346       0x48 c:/st/stm32cubeide_1.0.2/stm32cubeide/plugins/com.st.stm32cube.ide.mcu.externaltools.gnu-tools-for-stm32.9-2020-q2-update.win32_1.5.0.202011040924/tools/bin/../lib/gcc/arm-none-eabi/9.3.1/../../../../arm-none-eabi/lib/thumb/v7e-m+fp/hard\libc_nano.a(lib_a-makebuf.o)
                0x000000000800c346                __swhatbuf_r
 *fill*         0x000000000800c38e        0x2 
 .text.__smakebuf_r
                0x000000000800c390       0x80 c:/st/stm32cubeide_1.0.2/stm32cubeide/plugins/com.st.stm32cube.ide.mcu.externaltools.gnu-tools-for-stm32.9-2020-q2-update.win32_1.5.0.202011040924/tools/bin/../lib/gcc/arm-none-eabi/9.3.1/../../../../arm-none-eabi/lib/thumb/v7e-m+fp/hard\libc_nano.a(lib_a-makebuf.o)
                0x000000000800c390                __smakebuf_r
 .text.malloc   0x000000000800c410       0x10 c:/st/stm32cubeide_1.0.2/stm32cubeide/plugins/com.st.stm32cube.ide.mcu.externaltools.gnu-tools-for-stm32.9-2020-q2-update.win32_1.5.0.202011040924/tools/bin/../lib/gcc/arm-none-eabi/9.3.1/../../../../arm-none-eabi/lib/thumb/v7e-m+fp/hard\libc_nano.a(lib_a-malloc.o)
                0x000000000800c410                malloc
 .text.memcpy   0x000000000800c420       0x1c c:/st/stm32cubeide_1.0.2/stm32cubeide/plugins/com.st.stm32cube.ide.mcu.externaltools.gnu-tools-for-stm32.9-2020-q2-update.win32_1.5.0.202011040924/tools/bin/../lib/gcc/arm-none-eabi/9.3.1/../../../../arm-none-eabi/lib/thumb/v7e-m+fp/hard\libc_nano.a(lib_a-memcpy-stub.o)
                0x000000000800c420                memcpy
 .text._Balloc  0x000000000800c43c       0x80 c:/st/stm32cubeide_1.0.2/stm32cubeide/plugins/com.st.stm32cube.ide.mcu.externaltools.gnu-tools-for-stm32.9-2020-q2-update.win32_1.5.0.202011040924/tools/bin/../lib/gcc/arm-none-eabi/9.3.1/../../../../arm-none-eabi/lib/thumb/v7e-m+fp/hard\libc_nano.a(lib_a-mprec.o)
                0x000000000800c43c                _Balloc
 .text._Bfree   0x000000000800c4bc       0x44 c:/st/stm32cubeide_1.0.2/stm32cubeide/plugins/com.st.stm32cube.ide.mcu.externaltools.gnu-tools-for-stm32.9-2020-q2-update.win32_1.5.0.202011040924/tools/bin/../lib/gcc/arm-none-eabi/9.3.1/../../../../arm-none-eabi/lib/thumb/v7e-m+fp/hard\libc_nano.a(lib_a-mprec.o)
                0x000000000800c4bc                _Bfree
 .text.__multadd
                0x000000000800c500       0x94 c:/st/stm32cubeide_1.0.2/stm32cubeide/plugins/com.st.stm32cube.ide.mcu.externaltools.gnu-tools-for-stm32.9-2020-q2-update.win32_1.5.0.202011040924/tools/bin/../lib/gcc/arm-none-eabi/9.3.1/../../../../arm-none-eabi/lib/thumb/v7e-m+fp/hard\libc_nano.a(lib_a-mprec.o)
                0x000000000800c500                __multadd
 .text.__hi0bits
                0x000000000800c594       0x40 c:/st/stm32cubeide_1.0.2/stm32cubeide/plugins/com.st.stm32cube.ide.mcu.externaltools.gnu-tools-for-stm32.9-2020-q2-update.win32_1.5.0.202011040924/tools/bin/../lib/gcc/arm-none-eabi/9.3.1/../../../../arm-none-eabi/lib/thumb/v7e-m+fp/hard\libc_nano.a(lib_a-mprec.o)
                0x000000000800c594                __hi0bits
 .text.__lo0bits
                0x000000000800c5d4       0x60 c:/st/stm32cubeide_1.0.2/stm32cubeide/plugins/com.st.stm32cube.ide.mcu.externaltools.gnu-tools-for-stm32.9-2020-q2-update.win32_1.5.0.202011040924/tools/bin/../lib/gcc/arm-none-eabi/9.3.1/../../../../arm-none-eabi/lib/thumb/v7e-m+fp/hard\libc_nano.a(lib_a-mprec.o)
                0x000000000800c5d4                __lo0bits
 .text.__i2b    0x000000000800c634       0x2c c:/st/stm32cubeide_1.0.2/stm32cubeide/plugins/com.st.stm32cube.ide.mcu.externaltools.gnu-tools-for-stm32.9-2020-q2-update.win32_1.5.0.202011040924/tools/bin/../lib/gcc/arm-none-eabi/9.3.1/../../../../arm-none-eabi/lib/thumb/v7e-m+fp/hard\libc_nano.a(lib_a-mprec.o)
                0x000000000800c634                __i2b
 .text.__multiply
                0x000000000800c660      0x14c c:/st/stm32cubeide_1.0.2/stm32cubeide/plugins/com.st.stm32cube.ide.mcu.externaltools.gnu-tools-for-stm32.9-2020-q2-update.win32_1.5.0.202011040924/tools/bin/../lib/gcc/arm-none-eabi/9.3.1/../../../../arm-none-eabi/lib/thumb/v7e-m+fp/hard\libc_nano.a(lib_a-mprec.o)
                0x000000000800c660                __multiply
 .text.__pow5mult
                0x000000000800c7ac       0xb4 c:/st/stm32cubeide_1.0.2/stm32cubeide/plugins/com.st.stm32cube.ide.mcu.externaltools.gnu-tools-for-stm32.9-2020-q2-update.win32_1.5.0.202011040924/tools/bin/../lib/gcc/arm-none-eabi/9.3.1/../../../../arm-none-eabi/lib/thumb/v7e-m+fp/hard\libc_nano.a(lib_a-mprec.o)
                0x000000000800c7ac                __pow5mult
 .text.__lshift
                0x000000000800c860       0xd8 c:/st/stm32cubeide_1.0.2/stm32cubeide/plugins/com.st.stm32cube.ide.mcu.externaltools.gnu-tools-for-stm32.9-2020-q2-update.win32_1.5.0.202011040924/tools/bin/../lib/gcc/arm-none-eabi/9.3.1/../../../../arm-none-eabi/lib/thumb/v7e-m+fp/hard\libc_nano.a(lib_a-mprec.o)
                0x000000000800c860                __lshift
 .text.__mcmp   0x000000000800c938       0x38 c:/st/stm32cubeide_1.0.2/stm32cubeide/plugins/com.st.stm32cube.ide.mcu.externaltools.gnu-tools-for-stm32.9-2020-q2-update.win32_1.5.0.202011040924/tools/bin/../lib/gcc/arm-none-eabi/9.3.1/../../../../arm-none-eabi/lib/thumb/v7e-m+fp/hard\libc_nano.a(lib_a-mprec.o)
                0x000000000800c938                __mcmp
 .text.__mdiff  0x000000000800c970      0x110 c:/st/stm32cubeide_1.0.2/stm32cubeide/plugins/com.st.stm32cube.ide.mcu.externaltools.gnu-tools-for-stm32.9-2020-q2-update.win32_1.5.0.202011040924/tools/bin/../lib/gcc/arm-none-eabi/9.3.1/../../../../arm-none-eabi/lib/thumb/v7e-m+fp/hard\libc_nano.a(lib_a-mprec.o)
                0x000000000800c970                __mdiff
 .text.__d2b    0x000000000800ca80       0xb8 c:/st/stm32cubeide_1.0.2/stm32cubeide/plugins/com.st.stm32cube.ide.mcu.externaltools.gnu-tools-for-stm32.9-2020-q2-update.win32_1.5.0.202011040924/tools/bin/../lib/gcc/arm-none-eabi/9.3.1/../../../../arm-none-eabi/lib/thumb/v7e-m+fp/hard\libc_nano.a(lib_a-mprec.o)
                0x000000000800ca80                __d2b
 .text._calloc_r
                0x000000000800cb38       0x1e c:/st/stm32cubeide_1.0.2/stm32cubeide/plugins/com.st.stm32cube.ide.mcu.externaltools.gnu-tools-for-stm32.9-2020-q2-update.win32_1.5.0.202011040924/tools/bin/../lib/gcc/arm-none-eabi/9.3.1/../../../../arm-none-eabi/lib/thumb/v7e-m+fp/hard\libc_nano.a(lib_a-nano-callocr.o)
                0x000000000800cb38                _calloc_r
 *fill*         0x000000000800cb56        0x2 
 .text._free_r  0x000000000800cb58       0xa0 c:/st/stm32cubeide_1.0.2/stm32cubeide/plugins/com.st.stm32cube.ide.mcu.externaltools.gnu-tools-for-stm32.9-2020-q2-update.win32_1.5.0.202011040924/tools/bin/../lib/gcc/arm-none-eabi/9.3.1/../../../../arm-none-eabi/lib/thumb/v7e-m+fp/hard\libc_nano.a(lib_a-nano-freer.o)
                0x000000000800cb58                _free_r
 .text._malloc_r
                0x000000000800cbf8       0xb4 c:/st/stm32cubeide_1.0.2/stm32cubeide/plugins/com.st.stm32cube.ide.mcu.externaltools.gnu-tools-for-stm32.9-2020-q2-update.win32_1.5.0.202011040924/tools/bin/../lib/gcc/arm-none-eabi/9.3.1/../../../../arm-none-eabi/lib/thumb/v7e-m+fp/hard\libc_nano.a(lib_a-nano-mallocr.o)
                0x000000000800cbf8                _malloc_r
 .text.__sfputc_r
                0x000000000800ccac       0x2e c:/st/stm32cubeide_1.0.2/stm32cubeide/plugins/com.st.stm32cube.ide.mcu.externaltools.gnu-tools-for-stm32.9-2020-q2-update.win32_1.5.0.202011040924/tools/bin/../lib/gcc/arm-none-eabi/9.3.1/../../../../arm-none-eabi/lib/thumb/v7e-m+fp/hard\libc_nano.a(lib_a-nano-vfprintf.o)
 .text.__sfputs_r
                0x000000000800ccda       0x24 c:/st/stm32cubeide_1.0.2/stm32cubeide/plugins/com.st.stm32cube.ide.mcu.externaltools.gnu-tools-for-stm32.9-2020-q2-update.win32_1.5.0.202011040924/tools/bin/../lib/gcc/arm-none-eabi/9.3.1/../../../../arm-none-eabi/lib/thumb/v7e-m+fp/hard\libc_nano.a(lib_a-nano-vfprintf.o)
                0x000000000800ccda                __sfputs_r
 *fill*         0x000000000800ccfe        0x2 
 .text._vfprintf_r
                0x000000000800cd00      0x260 c:/st/stm32cubeide_1.0.2/stm32cubeide/plugins/com.st.stm32cube.ide.mcu.externaltools.gnu-tools-for-stm32.9-2020-q2-update.win32_1.5.0.202011040924/tools/bin/../lib/gcc/arm-none-eabi/9.3.1/../../../../arm-none-eabi/lib/thumb/v7e-m+fp/hard\libc_nano.a(lib_a-nano-vfprintf.o)
                0x000000000800cd00                _vfprintf_r
                0x000000000800cd00                _vfiprintf_r
 .text._putc_r  0x000000000800cf60       0x90 c:/st/stm32cubeide_1.0.2/stm32cubeide/plugins/com.st.stm32cube.ide.mcu.externaltools.gnu-tools-for-stm32.9-2020-q2-update.win32_1.5.0.202011040924/tools/bin/../lib/gcc/arm-none-eabi/9.3.1/../../../../arm-none-eabi/lib/thumb/v7e-m+fp/hard\libc_nano.a(lib_a-putc.o)
                0x000000000800cf60                _putc_r
 .text._sbrk_r  0x000000000800cff0       0x20 c:/st/stm32cubeide_1.0.2/stm32cubeide/plugins/com.st.stm32cube.ide.mcu.externaltools.gnu-tools-for-stm32.9-2020-q2-update.win32_1.5.0.202011040924/tools/bin/../lib/gcc/arm-none-eabi/9.3.1/../../../../arm-none-eabi/lib/thumb/v7e-m+fp/hard\libc_nano.a(lib_a-sbrkr.o)
                0x000000000800cff0                _sbrk_r
 .text.__sread  0x000000000800d010       0x22 c:/st/stm32cubeide_1.0.2/stm32cubeide/plugins/com.st.stm32cube.ide.mcu.externaltools.gnu-tools-for-stm32.9-2020-q2-update.win32_1.5.0.202011040924/tools/bin/../lib/gcc/arm-none-eabi/9.3.1/../../../../arm-none-eabi/lib/thumb/v7e-m+fp/hard\libc_nano.a(lib_a-stdio.o)
                0x000000000800d010                __sread
 .text.__swrite
                0x000000000800d032       0x38 c:/st/stm32cubeide_1.0.2/stm32cubeide/plugins/com.st.stm32cube.ide.mcu.externaltools.gnu-tools-for-stm32.9-2020-q2-update.win32_1.5.0.202011040924/tools/bin/../lib/gcc/arm-none-eabi/9.3.1/../../../../arm-none-eabi/lib/thumb/v7e-m+fp/hard\libc_nano.a(lib_a-stdio.o)
                0x000000000800d032                __swrite
 .text.__sseek  0x000000000800d06a       0x24 c:/st/stm32cubeide_1.0.2/stm32cubeide/plugins/com.st.stm32cube.ide.mcu.externaltools.gnu-tools-for-stm32.9-2020-q2-update.win32_1.5.0.202011040924/tools/bin/../lib/gcc/arm-none-eabi/9.3.1/../../../../arm-none-eabi/lib/thumb/v7e-m+fp/hard\libc_nano.a(lib_a-stdio.o)
                0x000000000800d06a                __sseek
 .text.__sclose
                0x000000000800d08e        0x8 c:/st/stm32cubeide_1.0.2/stm32cubeide/plugins/com.st.stm32cube.ide.mcu.externaltools.gnu-tools-for-stm32.9-2020-q2-update.win32_1.5.0.202011040924/tools/bin/../lib/gcc/arm-none-eabi/9.3.1/../../../../arm-none-eabi/lib/thumb/v7e-m+fp/hard\libc_nano.a(lib_a-stdio.o)
                0x000000000800d08e                __sclose
 *fill*         0x000000000800d096        0x2 
 .text._write_r
                0x000000000800d098       0x24 c:/st/stm32cubeide_1.0.2/stm32cubeide/plugins/com.st.stm32cube.ide.mcu.externaltools.gnu-tools-for-stm32.9-2020-q2-update.win32_1.5.0.202011040924/tools/bin/../lib/gcc/arm-none-eabi/9.3.1/../../../../arm-none-eabi/lib/thumb/v7e-m+fp/hard\libc_nano.a(lib_a-writer.o)
                0x000000000800d098                _write_r
 .text.__assert_func
                0x000000000800d0bc       0x3c c:/st/stm32cubeide_1.0.2/stm32cubeide/plugins/com.st.stm32cube.ide.mcu.externaltools.gnu-tools-for-stm32.9-2020-q2-update.win32_1.5.0.202011040924/tools/bin/../lib/gcc/arm-none-eabi/9.3.1/../../../../arm-none-eabi/lib/thumb/v7e-m+fp/hard\libc_nano.a(lib_a-assert.o)
                0x000000000800d0bc                __assert_func
 .text._close_r
                0x000000000800d0f8       0x20 c:/st/stm32cubeide_1.0.2/stm32cubeide/plugins/com.st.stm32cube.ide.mcu.externaltools.gnu-tools-for-stm32.9-2020-q2-update.win32_1.5.0.202011040924/tools/bin/../lib/gcc/arm-none-eabi/9.3.1/../../../../arm-none-eabi/lib/thumb/v7e-m+fp/hard\libc_nano.a(lib_a-closer.o)
                0x000000000800d0f8                _close_r
 .text.fprintf  0x000000000800d118       0x24 c:/st/stm32cubeide_1.0.2/stm32cubeide/plugins/com.st.stm32cube.ide.mcu.externaltools.gnu-tools-for-stm32.9-2020-q2-update.win32_1.5.0.202011040924/tools/bin/../lib/gcc/arm-none-eabi/9.3.1/../../../../arm-none-eabi/lib/thumb/v7e-m+fp/hard\libc_nano.a(lib_a-fprintf.o)
                0x000000000800d118                fiprintf
                0x000000000800d118                fprintf
 .text._fstat_r
                0x000000000800d13c       0x24 c:/st/stm32cubeide_1.0.2/stm32cubeide/plugins/com.st.stm32cube.ide.mcu.externaltools.gnu-tools-for-stm32.9-2020-q2-update.win32_1.5.0.202011040924/tools/bin/../lib/gcc/arm-none-eabi/9.3.1/../../../../arm-none-eabi/lib/thumb/v7e-m+fp/hard\libc_nano.a(lib_a-fstatr.o)
                0x000000000800d13c                _fstat_r
 .text._isatty_r
                0x000000000800d160       0x20 c:/st/stm32cubeide_1.0.2/stm32cubeide/plugins/com.st.stm32cube.ide.mcu.externaltools.gnu-tools-for-stm32.9-2020-q2-update.win32_1.5.0.202011040924/tools/bin/../lib/gcc/arm-none-eabi/9.3.1/../../../../arm-none-eabi/lib/thumb/v7e-m+fp/hard\libc_nano.a(lib_a-isattyr.o)
                0x000000000800d160                _isatty_r
 .text._lseek_r
                0x000000000800d180       0x24 c:/st/stm32cubeide_1.0.2/stm32cubeide/plugins/com.st.stm32cube.ide.mcu.externaltools.gnu-tools-for-stm32.9-2020-q2-update.win32_1.5.0.202011040924/tools/bin/../lib/gcc/arm-none-eabi/9.3.1/../../../../arm-none-eabi/lib/thumb/v7e-m+fp/hard\libc_nano.a(lib_a-lseekr.o)
                0x000000000800d180                _lseek_r
 .text.__ascii_mbtowc
                0x000000000800d1a4       0x24 c:/st/stm32cubeide_1.0.2/stm32cubeide/plugins/com.st.stm32cube.ide.mcu.externaltools.gnu-tools-for-stm32.9-2020-q2-update.win32_1.5.0.202011040924/tools/bin/../lib/gcc/arm-none-eabi/9.3.1/../../../../arm-none-eabi/lib/thumb/v7e-m+fp/hard\libc_nano.a(lib_a-mbtowc_r.o)
                0x000000000800d1a4                __ascii_mbtowc
 .text.__malloc_lock
                0x000000000800d1c8        0xc c:/st/stm32cubeide_1.0.2/stm32cubeide/plugins/com.st.stm32cube.ide.mcu.externaltools.gnu-tools-for-stm32.9-2020-q2-update.win32_1.5.0.202011040924/tools/bin/../lib/gcc/arm-none-eabi/9.3.1/../../../../arm-none-eabi/lib/thumb/v7e-m+fp/hard\libc_nano.a(lib_a-mlock.o)
                0x000000000800d1c8                __malloc_lock
 .text.__malloc_unlock
                0x000000000800d1d4        0xc c:/st/stm32cubeide_1.0.2/stm32cubeide/plugins/com.st.stm32cube.ide.mcu.externaltools.gnu-tools-for-stm32.9-2020-q2-update.win32_1.5.0.202011040924/tools/bin/../lib/gcc/arm-none-eabi/9.3.1/../../../../arm-none-eabi/lib/thumb/v7e-m+fp/hard\libc_nano.a(lib_a-mlock.o)
                0x000000000800d1d4                __malloc_unlock
 .text._read_r  0x000000000800d1e0       0x24 c:/st/stm32cubeide_1.0.2/stm32cubeide/plugins/com.st.stm32cube.ide.mcu.externaltools.gnu-tools-for-stm32.9-2020-q2-update.win32_1.5.0.202011040924/tools/bin/../lib/gcc/arm-none-eabi/9.3.1/../../../../arm-none-eabi/lib/thumb/v7e-m+fp/hard\libc_nano.a(lib_a-readr.o)
                0x000000000800d1e0                _read_r
 .text.__ascii_wctomb
                0x000000000800d204       0x1a c:/st/stm32cubeide_1.0.2/stm32cubeide/plugins/com.st.stm32cube.ide.mcu.externaltools.gnu-tools-for-stm32.9-2020-q2-update.win32_1.5.0.202011040924/tools/bin/../lib/gcc/arm-none-eabi/9.3.1/../../../../arm-none-eabi/lib/thumb/v7e-m+fp/hard\libc_nano.a(lib_a-wctomb_r.o)
                0x000000000800d204                __ascii_wctomb
 .text.abort    0x000000000800d21e        0xe c:/st/stm32cubeide_1.0.2/stm32cubeide/plugins/com.st.stm32cube.ide.mcu.externaltools.gnu-tools-for-stm32.9-2020-q2-update.win32_1.5.0.202011040924/tools/bin/../lib/gcc/arm-none-eabi/9.3.1/../../../../arm-none-eabi/lib/thumb/v7e-m+fp/hard\libc_nano.a(lib_a-abort.o)
                0x000000000800d21e                abort
 .text._raise_r
                0x000000000800d22c       0x50 c:/st/stm32cubeide_1.0.2/stm32cubeide/plugins/com.st.stm32cube.ide.mcu.externaltools.gnu-tools-for-stm32.9-2020-q2-update.win32_1.5.0.202011040924/tools/bin/../lib/gcc/arm-none-eabi/9.3.1/../../../../arm-none-eabi/lib/thumb/v7e-m+fp/hard\libc_nano.a(lib_a-signal.o)
                0x000000000800d22c                _raise_r
 .text.raise    0x000000000800d27c       0x10 c:/st/stm32cubeide_1.0.2/stm32cubeide/plugins/com.st.stm32cube.ide.mcu.externaltools.gnu-tools-for-stm32.9-2020-q2-update.win32_1.5.0.202011040924/tools/bin/../lib/gcc/arm-none-eabi/9.3.1/../../../../arm-none-eabi/lib/thumb/v7e-m+fp/hard\libc_nano.a(lib_a-signal.o)
                0x000000000800d27c                raise
 .text._kill_r  0x000000000800d28c       0x24 c:/st/stm32cubeide_1.0.2/stm32cubeide/plugins/com.st.stm32cube.ide.mcu.externaltools.gnu-tools-for-stm32.9-2020-q2-update.win32_1.5.0.202011040924/tools/bin/../lib/gcc/arm-none-eabi/9.3.1/../../../../arm-none-eabi/lib/thumb/v7e-m+fp/hard\libc_nano.a(lib_a-signalr.o)
                0x000000000800d28c                _kill_r
 .text._getpid_r
                0x000000000800d2b0        0x4 c:/st/stm32cubeide_1.0.2/stm32cubeide/plugins/com.st.stm32cube.ide.mcu.externaltools.gnu-tools-for-stm32.9-2020-q2-update.win32_1.5.0.202011040924/tools/bin/../lib/gcc/arm-none-eabi/9.3.1/../../../../arm-none-eabi/lib/thumb/v7e-m+fp/hard\libc_nano.a(lib_a-signalr.o)
                0x000000000800d2b0                _getpid_r
 *(.glue_7)
 .glue_7        0x000000000800d2b4        0x0 linker stubs
 *(.glue_7t)
 .glue_7t       0x000000000800d2b4        0x0 linker stubs
 *(.eh_frame)
 .eh_frame      0x000000000800d2b4        0x0 c:/st/stm32cubeide_1.0.2/stm32cubeide/plugins/com.st.stm32cube.ide.mcu.externaltools.gnu-tools-for-stm32.9-2020-q2-update.win32_1.5.0.202011040924/tools/bin/../lib/gcc/arm-none-eabi/9.3.1/thumb/v7e-m+fp/hard/crtbegin.o
 *(.init)