Archive member included to satisfy reference by file (symbol)

c:/st/stm32cubeide_1.0.2/stm32cubeide/plugins/com.st.stm32cube.ide.mcu.externaltools.gnu-tools-for-stm32.9-2020-q2-update.win32_1.5.0.202011040924/tools/bin/../lib/gcc/arm-none-eabi/9.3.1/../../../../arm-none-eabi/lib/thumb/v7e-m+fp/hard\libc_nano.a(lib_a-errno.o)
                              Core/Src/syscalls.o (__errno)
c:/st/stm32cubeide_1.0.2/stm32cubeide/plugins/com.st.stm32cube.ide.mcu.externaltools.gnu-tools-for-stm32.9-2020-q2-update.win32_1.5.0.202011040924/tools/bin/../lib/gcc/arm-none-eabi/9.3.1/../../../../arm-none-eabi/lib/thumb/v7e-m+fp/hard\libc_nano.a(lib_a-exit.o)
                              c:/st/stm32cubeide_1.0.2/stm32cubeide/plugins/com.st.stm32cube.ide.mcu.externaltools.gnu-tools-for-stm32.9-2020-q2-update.win32_1.5.0.202011040924/tools/bin/../lib/gcc/arm-none-eabi/9.3.1/../../../../arm-none-eabi/lib/thumb/v7e-m+fp/hard/crt0.o (exit)
c:/st/stm32cubeide_1.0.2/stm32cubeide/plugins/com.st.stm32cube.ide.mcu.externaltools.gnu-tools-for-stm32.9-2020-q2-update.win32_1.5.0.202011040924/tools/bin/../lib/gcc/arm-none-eabi/9.3.1/../../../../arm-none-eabi/lib/thumb/v7e-m+fp/hard\libc_nano.a(lib_a-impure.o)
                              c:/st/stm32cubeide_1.0.2/stm32cubeide/plugins/com.st.stm32cube.ide.mcu.externaltools.gnu-tools-for-stm32.9-2020-q2-update.win32_1.5.0.202011040924/tools/bin/../lib/gcc/arm-none-eabi/9.3.1/../../../../arm-none-eabi/lib/thumb/v7e-m+fp/hard\libc_nano.a(lib_a-exit.o) (_global_impure_ptr)
c:/st/stm32cubeide_1.0.2/stm32cubeide/plugins/com.st.stm32cube.ide.mcu.externaltools.gnu-tools-for-stm32.9-2020-q2-update.win32_1.5.0.202011040924/tools/bin/../lib/gcc/arm-none-eabi/9.3.1/../../../../arm-none-eabi/lib/thumb/v7e-m+fp/hard\libc_nano.a(lib_a-init.o)
                              c:/st/stm32cubeide_1.0.2/stm32cubeide/plugins/com.st.stm32cube.ide.mcu.externaltools.gnu-tools-for-stm32.9-2020-q2-update.win32_1.5.0.202011040924/tools/bin/../lib/gcc/arm-none-eabi/9.3.1/../../../../arm-none-eabi/lib/thumb/v7e-m+fp/hard/crt0.o (__libc_init_array)
c:/st/stm32cubeide_1.0.2/stm32cubeide/plugins/com.st.stm32cube.ide.mcu.externaltools.gnu-tools-for-stm32.9-2020-q2-update.win32_1.5.0.202011040924/tools/bin/../lib/gcc/arm-none-eabi/9.3.1/../../../../arm-none-eabi/lib/thumb/v7e-m+fp/hard\libc_nano.a(lib_a-memset.o)
                              c:/st/stm32cubeide_1.0.2/stm32cubeide/plugins/com.st.stm32cube.ide.mcu.externaltools.gnu-tools-for-stm32.9-2020-q2-update.win32_1.5.0.202011040924/tools/bin/../lib/gcc/arm-none-eabi/9.3.1/../../../../arm-none-eabi/lib/thumb/v7e-m+fp/hard/crt0.o (memset)
c:/st/stm32cubeide_1.0.2/stm32cubeide/plugins/com.st.stm32cube.ide.mcu.externaltools.gnu-tools-for-stm32.9-2020-q2-update.win32_1.5.0.202011040924/tools/bin/../lib/gcc/arm-none-eabi/9.3.1/../../../../arm-none-eabi/lib/thumb/v7e-m+fp/hard\libc_nano.a(lib_a-nano-vfprintf_float.o)
                              (_printf_float)
c:/st/stm32cubeide_1.0.2/stm32cubeide/plugins/com.st.stm32cube.ide.mcu.externaltools.gnu-tools-for-stm32.9-2020-q2-update.win32_1.5.0.202011040924/tools/bin/../lib/gcc/arm-none-eabi/9.3.1/../../../../arm-none-eabi/lib/thumb/v7e-m+fp/hard\libc_nano.a(lib_a-nano-vfprintf_i.o)
                              c:/st/stm32cubeide_1.0.2/stm32cubeide/plugins/com.st.stm32cube.ide.mcu.externaltools.gnu-tools-for-stm32.9-2020-q2-update.win32_1.5.0.202011040924/tools/bin/../lib/gcc/arm-none-eabi/9.3.1/../../../../arm-none-eabi/lib/thumb/v7e-m+fp/hard\libc_nano.a(lib_a-nano-vfprintf_float.o) (_printf_common)
c:/st/stm32cubeide_1.0.2/stm32cubeide/plugins/com.st.stm32cube.ide.mcu.externaltools.gnu-tools-for-stm32.9-2020-q2-update.win32_1.5.0.202011040924/tools/bin/../lib/gcc/arm-none-eabi/9.3.1/../../../../arm-none-eabi/lib/thumb/v7e-m+fp/hard\libc_nano.a(lib_a-printf.o)
                              Core/Src/Controller/mode.o (printf)
c:/st/stm32cubeide_1.0.2/stm32cubeide/plugins/com.st.stm32cube.ide.mcu.externaltools.gnu-tools-for-stm32.9-2020-q2-update.win32_1.5.0.202011040924/tools/bin/../lib/gcc/arm-none-eabi/9.3.1/../../../../arm-none-eabi/lib/thumb/v7e-m+fp/hard\libc_nano.a(lib_a-putchar.o)
                              Core/Src/System/map.o (putchar)
c:/st/stm32cubeide_1.0.2/stm32cubeide/plugins/com.st.stm32cube.ide.mcu.externaltools.gnu-tools-for-stm32.9-2020-q2-update.win32_1.5.0.202011040924/tools/bin/../lib/gcc/arm-none-eabi/9.3.1/../../../../arm-none-eabi/lib/thumb/v7e-m+fp/hard\libc_nano.a(lib_a-puts.o)
                              Core/Src/Controller/mode.o (puts)
c:/st/stm32cubeide_1.0.2/stm32cubeide/plugins/com.st.stm32cube.ide.mcu.externaltools.gnu-tools-for-stm32.9-2020-q2-update.win32_1.5.0.202011040924/tools/bin/../lib/gcc/arm-none-eabi/9.3.1/../../../../arm-none-eabi/lib/thumb/v7e-m+fp/hard\libc_nano.a(lib_a-setbuf.o)
                              Core/Src/main.o (setbuf)
[...]
Memory Configuration

Name             Origin             Length             Attributes
CCMRAM           0x0000000010000000 0x0000000000010000 xrw
RAM              0x0000000020000000 0x0000000000020000 xrw
FLASH            0x0000000008000000 0x0000000000100000 xr
*default*        0x0000000000000000 0xffffffffffffffff

Linker script and memory map

LOAD c:/st/stm32cubeide_1.0.2/stm32cubeide/plugins/com.st.stm32cube.ide.mcu.externaltools.gnu-tools-for-stm32.9-2020-q2-update.win32_1.5.0.202011040924/tools/bin/../lib/gcc/arm-none-eabi/9.3.1/thumb/v7e-m+fp/hard/crti.o
LOAD c:/st/stm32cubeide_1.0.2/stm32cubeide/plugins/com.st.stm32cube.ide.mcu.externaltools.gnu-tools-for-stm32.9-2020-q2-update.win32_1.5.0.202011040924/tools/bin/../lib/gcc/arm-none-eabi/9.3.1/thumb/v7e-m+fp/hard/crtbegin.o
LOAD c:/st/stm32cubeide_1.0.2/stm32cubeide/plugins/com.st.stm32cube.ide.mcu.externaltools.gnu-tools-for-stm32.9-2020-q2-update.win32_1.5.0.202011040924/tools/bin/../lib/gcc/arm-none-eabi/9.3.1/../../../../arm-none-eabi/lib/thumb/v7e-m+fp/hard/crt0.o
LOAD Core/Src/Controller/callback.o
LOAD Core/Src/Controller/mode.o
LOAD Core/Src/Controller/search.o
LOAD Core/Src/Controller/state.o
LOAD Core/Src/Hardware/ICM20689.o
LOAD Core/Src/Hardware/basic_timer.o
LOAD Core/Src/Hardware/battery.o
LOAD Core/Src/Hardware/buzzer.o
LOAD Core/Src/Hardware/encoder.o
LOAD Core/Src/Hardware/flash.o
LOAD Core/Src/Hardware/interface_LED.o
LOAD Core/Src/Hardware/motor.o
LOAD Core/Src/Hardware/wall_sensor.o
LOAD Core/Src/System/flags.o
LOAD Core/Src/System/log.o
LOAD Core/Src/System/map.o
LOAD Core/Src/System/motion.o
LOAD Core/Src/System/music.o
LOAD Core/Src/System/route.o
LOAD Core/Src/System/sensing.o
LOAD Core/Src/adc.o
LOAD Core/Src/dma.o
LOAD Core/Src/gpio.o
LOAD Core/Src/main.o
LOAD Core/Src/spi.o
LOAD Core/Src/stm32f4xx_it.o
LOAD Core/Src/syscalls.o
LOAD Core/Src/sysmem.o
LOAD Core/Src/system_stm32f4xx.o
LOAD Core/Src/tim.o
LOAD Core/Src/usart.o
LOAD Core/Startup/startup_stm32f405rgtx.o
LOAD Drivers/STM32F4xx_HAL_Driver/Src/stm32f4xx_ll_adc.o
LOAD Drivers/STM32F4xx_HAL_Driver/Src/stm32f4xx_ll_dma.o
LOAD Drivers/STM32F4xx_HAL_Driver/Src/stm32f4xx_ll_exti.o
LOAD Drivers/STM32F4xx_HAL_Driver/Src/stm32f4xx_ll_gpio.o
LOAD Drivers/STM32F4xx_HAL_Driver/Src/stm32f4xx_ll_rcc.o
LOAD Drivers/STM32F4xx_HAL_Driver/Src/stm32f4xx_ll_spi.o
LOAD Drivers/STM32F4xx_HAL_Driver/Src/stm32f4xx_ll_tim.o
LOAD Drivers/STM32F4xx_HAL_Driver/Src/stm32f4xx_ll_usart.o
LOAD Drivers/STM32F4xx_HAL_Driver/Src/stm32f4xx_ll_utils.o
START GROUP
LOAD c:/st/stm32cubeide_1.0.2/stm32cubeide/plugins/com.st.stm32cube.ide.mcu.externaltools.gnu-tools-for-stm32.9-2020-q2-update.win32_1.5.0.202011040924/tools/bin/../lib/gcc/arm-none-eabi/9.3.1/../../../../arm-none-eabi/lib/thumb/v7e-m+fp/hard\libc_nano.a
LOAD c:/st/stm32cubeide_1.0.2/stm32cubeide/plugins/com.st.stm32cube.ide.mcu.externaltools.gnu-tools-for-stm32.9-2020-q2-update.win32_1.5.0.202011040924/tools/bin/../lib/gcc/arm-none-eabi/9.3.1/../../../../arm-none-eabi/lib/thumb/v7e-m+fp/hard\libm.a
END GROUP
START GROUP
LOAD c:/st/stm32cubeide_1.0.2/stm32cubeide/plugins/com.st.stm32cube.ide.mcu.externaltools.gnu-tools-for-stm32.9-2020-q2-update.win32_1.5.0.202011040924/tools/bin/../lib/gcc/arm-none-eabi/9.3.1/thumb/v7e-m+fp/hard\libgcc.a
LOAD c:/st/stm32cubeide_1.0.2/stm32cubeide/plugins/com.st.stm32cube.ide.mcu.externaltools.gnu-tools-for-stm32.9-2020-q2-update.win32_1.5.0.202011040924/tools/bin/../lib/gcc/arm-none-eabi/9.3.1/../../../../arm-none-eabi/lib/thumb/v7e-m+fp/hard\libc_nano.a
END GROUP
START GROUP
LOAD c:/st/stm32cubeide_1.0.2/stm32cubeide/plugins/com.st.stm32cube.ide.mcu.externaltools.gnu-tools-for-stm32.9-2020-q2-update.win32_1.5.0.202011040924/tools/bin/../lib/gcc/arm-none-eabi/9.3.1/thumb/v7e-m+fp/hard\libgcc.a
LOAD c:/st/stm32cubeide_1.0.2/stm32cubeide/plugins/com.st.stm32cube.ide.mcu.externaltools.gnu-tools-for-stm32.9-2020-q2-update.win32_1.5.0.202011040924/tools/bin/../lib/gcc/arm-none-eabi/9.3.1/../../../../arm-none-eabi/lib/thumb/v7e-m+fp/hard\libc_nano.a
LOAD c:/st/stm32cubeide_1.0.2/stm32cubeide/plugins/com.st.stm32cube.ide.mcu.externaltools.gnu-tools-for-stm32.9-2020-q2-update.win32_1.5.0.202011040924/tools/bin/../lib/gcc/arm-none-eabi/9.3.1/../../../../arm-none-eabi/lib/thumb/v7e-m+fp/hard\libnosys.a
END GROUP
START GROUP
LOAD c:/st/stm32cubeide_1.0.2/stm32cubeide/plugins/com.st.stm32cube.ide.mcu.externaltools.gnu-tools-for-stm32.9-2020-q2-update.win32_1.5.0.202011040924/tools/bin/../lib/gcc/arm-none-eabi/9.3.1/thumb/v7e-m+fp/hard\libgcc.a
LOAD c:/st/stm32cubeide_1.0.2/stm32cubeide/plugins/com.st.stm32cube.ide.mcu.externaltools.gnu-tools-for-stm32.9-2020-q2-update.win32_1.5.0.202011040924/tools/bin/../lib/gcc/arm-none-eabi/9.3.1/../../../../arm-none-eabi/lib/thumb/v7e-m+fp/hard\libc_nano.a
LOAD c:/st/stm32cubeide_1.0.2/stm32cubeide/plugins/com.st.stm32cube.ide.mcu.externaltools.gnu-tools-for-stm32.9-2020-q2-update.win32_1.5.0.202011040924/tools/bin/../lib/gcc/arm-none-eabi/9.3.1/../../../../arm-none-eabi/lib/thumb/v7e-m+fp/hard\libnosys.a
END GROUP
LOAD c:/st/stm32cubeide_1.0.2/stm32cubeide/plugins/com.st.stm32cube.ide.mcu.externaltools.gnu-tools-for-stm32.9-2020-q2-update.win32_1.5.0.202011040924/tools/bin/../lib/gcc/arm-none-eabi/9.3.1/thumb/v7e-m+fp/hard/crtend.o
LOAD c:/st/stm32cubeide_1.0.2/stm32cubeide/plugins/com.st.stm32cube.ide.mcu.externaltools.gnu-tools-for-stm32.9-2020-q2-update.win32_1.5.0.202011040924/tools/bin/../lib/gcc/arm-none-eabi/9.3.1/thumb/v7e-m+fp/hard/crtn.o
                0x0000000020020000                _estack = (ORIGIN (RAM) + LENGTH (RAM))
                0x0000000000000200                _Min_Heap_Size = 0x200
                0x0000000000000400                _Min_Stack_Size = 0x400

.isr_vector     0x0000000008000000      0x188
                0x0000000008000000                . = ALIGN (0x4)
 *(.isr_vector)
 .isr_vector    0x0000000008000000      0x188 Core/Startup/startup_stm32f405rgtx.o
                0x0000000008000000                g_pfnVectors
                0x0000000008000188                . = ALIGN (0x4)

.text           0x0000000008000190     0xa59c
                0x0000000008000190                . = ALIGN (0x4)
 *(.text)
 .text          0x0000000008000190       0x40 c:/st/stm32cubeide_1.0.2/stm32cubeide/plugins/com.st.stm32cube.ide.mcu.externaltools.gnu-tools-for-stm32.9-2020-q2-update.win32_1.5.0.202011040924/tools/bin/../lib/gcc/arm-none-eabi/9.3.1/thumb/v7e-m+fp/hard/crtbegin.o
 .text          0x00000000080001d0       0x10 c:/st/stm32cubeide_1.0.2/stm32cubeide/plugins/com.st.stm32cube.ide.mcu.externaltools.gnu-tools-for-stm32.9-2020-q2-update.win32_1.5.0.202011040924/tools/bin/../lib/gcc/arm-none-eabi/9.3.1/../../../../arm-none-eabi/lib/thumb/v7e-m+fp/hard\libc_nano.a(lib_a-strlen.o)
                0x00000000080001d0                strlen
 .text          0x00000000080001e0       0xa0 c:/st/stm32cubeide_1.0.2/stm32cubeide/plugins/com.st.stm32cube.ide.mcu.externaltools.gnu-tools-for-stm32.9-2020-q2-update.win32_1.5.0.202011040924/tools/bin/../lib/gcc/arm-none-eabi/9.3.1/../../../../arm-none-eabi/lib/thumb/v7e-m+fp/hard\libc_nano.a(lib_a-memchr.o)
                0x00000000080001e0                memchr
 .text          0x0000000008000280      0x378 c:/st/stm32cubeide_1.0.2/stm32cubeide/plugins/com.st.stm32cube.ide.mcu.externaltools.gnu-tools-for-stm32.9-2020-q2-update.win32_1.5.0.202011040924/tools/bin/../lib/gcc/arm-none-eabi/9.3.1/thumb/v7e-m+fp/hard\libgcc.a(_arm_addsubdf3.o)
                0x0000000008000280                __aeabi_drsub
                0x0000000008000288                __aeabi_dsub
                0x0000000008000288                __subdf3
                0x000000000800028c                __aeabi_dadd
                0x000000000800028c                __adddf3
                0x0000000008000504                __floatunsidf
                0x0000000008000504                __aeabi_ui2d
                0x0000000008000524                __floatsidf
                0x0000000008000524                __aeabi_i2d
                0x0000000008000548                __aeabi_f2d
                0x0000000008000548                __extendsfdf2
                0x000000000800058c                __floatundidf
                0x000000000800058c                __aeabi_ul2d
                0x000000000800059c                __floatdidf
                0x000000000800059c                __aeabi_l2d
 .text          0x00000000080005f8      0x424 c:/st/stm32cubeide_1.0.2/stm32cubeide/plugins/com.st.stm32cube.ide.mcu.externaltools.gnu-tools-for-stm32.9-2020-q2-update.win32_1.5.0.202011040924/tools/bin/../lib/gcc/arm-none-eabi/9.3.1/thumb/v7e-m+fp/hard\libgcc.a(_arm_muldivdf3.o)
                0x00000000080005f8                __aeabi_dmul
                0x00000000080005f8                __muldf3
                0x000000000800084c                __divdf3
                0x000000000800084c                __aeabi_ddiv
 .text          0x0000000008000a1c      0x110 c:/st/stm32cubeide_1.0.2/stm32cubeide/plugins/com.st.stm32cube.ide.mcu.externaltools.gnu-tools-for-stm32.9-2020-q2-update.win32_1.5.0.202011040924/tools/bin/../lib/gcc/arm-none-eabi/9.3.1/thumb/v7e-m+fp/hard\libgcc.a(_arm_cmpdf2.o)
                0x0000000008000a1c                __gtdf2
                0x0000000008000a1c                __gedf2
                0x0000000008000a24                __ltdf2
                0x0000000008000a24                __ledf2
                0x0000000008000a2c                __nedf2
                0x0000000008000a2c                __eqdf2
                0x0000000008000a2c                __cmpdf2
                0x0000000008000aa8                __aeabi_cdrcmple
                0x0000000008000ab8                __aeabi_cdcmpeq
                0x0000000008000ab8                __aeabi_cdcmple
                0x0000000008000ac8                __aeabi_dcmpeq
                0x0000000008000adc                __aeabi_dcmplt
                0x0000000008000af0                __aeabi_dcmple
                0x0000000008000b04                __aeabi_dcmpge
                0x0000000008000b18                __aeabi_dcmpgt
 .text          0x0000000008000b2c       0x2c c:/st/stm32cubeide_1.0.2/stm32cubeide/plugins/com.st.stm32cube.ide.mcu.externaltools.gnu-tools-for-stm32.9-2020-q2-update.win32_1.5.0.202011040924/tools/bin/../lib/gcc/arm-none-eabi/9.3.1/thumb/v7e-m+fp/hard\libgcc.a(_arm_unorddf2.o)
                0x0000000008000b2c                __unorddf2
                0x0000000008000b2c                __aeabi_dcmpun
 .text          0x0000000008000b58       0x50 c:/st/stm32cubeide_1.0.2/stm32cubeide/plugins/com.st.stm32cube.ide.mcu.externaltools.gnu-tools-for-stm32.9-2020-q2-update.win32_1.5.0.202011040924/tools/bin/../lib/gcc/arm-none-eabi/9.3.1/thumb/v7e-m+fp/hard\libgcc.a(_arm_fixdfsi.o)
                0x0000000008000b58                __aeabi_d2iz
                0x0000000008000b58                __fixdfsi
 .text          0x0000000008000ba8       0x30 c:/st/stm32cubeide_1.0.2/stm32cubeide/plugins/com.st.stm32cube.ide.mcu.externaltools.gnu-tools-for-stm32.9-2020-q2-update.win32_1.5.0.202011040924/tools/bin/../lib/gcc/arm-none-eabi/9.3.1/thumb/v7e-m+fp/hard\libgcc.a(_aeabi_uldivmod.o)
                0x0000000008000ba8                __aeabi_uldivmod
 .text          0x0000000008000bd8      0x2c4 c:/st/stm32cubeide_1.0.2/stm32cubeide/plugins/com.st.stm32cube.ide.mcu.externaltools.gnu-tools-for-stm32.9-2020-q2-update.win32_1.5.0.202011040924/tools/bin/../lib/gcc/arm-none-eabi/9.3.1/thumb/v7e-m+fp/hard\libgcc.a(_udivmoddi4.o)
                0x0000000008000bd8                __udivmoddi4
 .text          0x0000000008000e9c        0x4 c:/st/stm32cubeide_1.0.2/stm32cubeide/plugins/com.st.stm32cube.ide.mcu.externaltools.gnu-tools-for-stm32.9-2020-q2-update.win32_1.5.0.202011040924/tools/bin/../lib/gcc/arm-none-eabi/9.3.1/thumb/v7e-m+fp/hard\libgcc.a(_dvmd_tls.o)
                0x0000000008000e9c                __aeabi_idiv0
                0x0000000008000e9c                __aeabi_ldiv0
 *(.text*)
 .text.callbackTIM
                0x0000000008000ea0       0x40 Core/Src/Controller/callback.o
                0x0000000008000ea0                callbackTIM
 .text.modeSelect
                0x0000000008000ee0      0x14c Core/Src/Controller/mode.o
                0x0000000008000ee0                modeSelect
 .text.waitStarting
                0x000000000800102c       0x64 Core/Src/Controller/mode.o
                0x000000000800102c                waitStarting
 .text.judgeFailSafe
                0x0000000008001090      0x110 Core/Src/Controller/mode.o
                0x0000000008001090                judgeFailSafe
 .text.searchMazeBySlalom
                0x00000000080011a0      0x1ac Core/Src/Controller/search.o
                0x00000000080011a0                searchMazeBySlalom
 .text.CheckGoal
                0x000000000800134c       0xcc Core/Src/Controller/search.o
                0x000000000800134c                CheckGoal
 .text.calculatePID
                0x0000000008001418      0x118 Core/Src/Controller/state.o
                0x0000000008001418                calculatePID
 .text.calculateTargetVelocity
                0x0000000008001530       0xc4 Core/Src/Controller/state.o
                0x0000000008001530                calculateTargetVelocity
 .text.calculateTagetOmega
                0x00000000080015f4       0xc4 Core/Src/Controller/state.o
                0x00000000080015f4                calculateTagetOmega
 .text.setStatus
                0x00000000080016b8       0x6e Core/Src/Controller/state.o
                0x00000000080016b8                setStatus
 .text.setParameters
                0x0000000008001726       0x4e Core/Src/Controller/state.o
                0x0000000008001726                setParameters
 .text.initMouseStatus
                0x0000000008001774      0x248 Core/Src/Controller/state.o
                0x0000000008001774                initMouseStatus
 .text.updateStatus
                0x00000000080019bc      0x2c4 Core/Src/Controller/state.o
                0x00000000080019bc                updateStatus
 .text.LL_SPI_Enable
                0x0000000008001c80       0x20 Core/Src/Hardware/ICM20689.o
 .text.LL_SPI_IsEnabled
                0x0000000008001ca0       0x26 Core/Src/Hardware/ICM20689.o
 .text.LL_SPI_IsActiveFlag_RXNE
                0x0000000008001cc6       0x26 Core/Src/Hardware/ICM20689.o
 .text.LL_SPI_IsActiveFlag_TXE
                0x0000000008001cec       0x26 Core/Src/Hardware/ICM20689.o
 .text.LL_SPI_ReceiveData8
                0x0000000008001d12       0x1a Core/Src/Hardware/ICM20689.o
 .text.LL_SPI_TransmitData8
                0x0000000008001d2c       0x24 Core/Src/Hardware/ICM20689.o
 .text.LL_GPIO_SetOutputPin
                0x0000000008001d50       0x1c Core/Src/Hardware/ICM20689.o
 .text.LL_GPIO_ResetOutputPin
                0x0000000008001d6c       0x1e Core/Src/Hardware/ICM20689.o
 *fill*         0x0000000008001d8a        0x2 
 .text.SPI_Control
                0x0000000008001d8c       0x9c Core/Src/Hardware/ICM20689.o
                0x0000000008001d8c                SPI_Control
 .text.readByte
                0x0000000008001e28       0x38 Core/Src/Hardware/ICM20689.o
                0x0000000008001e28                readByte
 .text.writeByte
                0x0000000008001e60       0x3c Core/Src/Hardware/ICM20689.o
                0x0000000008001e60                writeByte
 .text.initIMU  0x0000000008001e9c       0xb0 Core/Src/Hardware/ICM20689.o
                0x0000000008001e9c                initIMU
 .text.readGyroOmegaZ
                0x0000000008001f4c       0x4c Core/Src/Hardware/ICM20689.o
                0x0000000008001f4c                readGyroOmegaZ
 .text.readGyroAccelX
                0x0000000008001f98       0x4c Core/Src/Hardware/ICM20689.o
                0x0000000008001f98                readGyroAccelX
 .text.LL_TIM_EnableCounter
                0x0000000008001fe4       0x20 Core/Src/Hardware/basic_timer.o
 .text.LL_TIM_DisableCounter
                0x0000000008002004       0x20 Core/Src/Hardware/basic_timer.o
 .text.LL_TIM_EnableIT_UPDATE
                0x0000000008002024       0x20 Core/Src/Hardware/basic_timer.o
 .text.LL_TIM_DisableIT_UPDATE
                0x0000000008002044       0x20 Core/Src/Hardware/basic_timer.o
 .text.basicTimerStart
                0x0000000008002064       0x18 Core/Src/Hardware/basic_timer.o
                0x0000000008002064                basicTimerStart
 .text.basicTimerPause
                0x000000000800207c       0x18 Core/Src/Hardware/basic_timer.o
                0x000000000800207c                basicTimerPause
 .text.waitMs   0x0000000008002094       0x1a Core/Src/Hardware/basic_timer.o
                0x0000000008002094                waitMs
 *fill*         0x00000000080020ae        0x2 
 .text.waitUs   0x00000000080020b0       0x54 Core/Src/Hardware/basic_timer.o
                0x00000000080020b0                waitUs
 .text.readBatteryCheck
                0x0000000008002104       0x28 Core/Src/Hardware/battery.o
                0x0000000008002104                readBatteryCheck
 .text.LL_TIM_EnableCounter
                0x000000000800212c       0x20 Core/Src/Hardware/buzzer.o
 .text.LL_TIM_SetCounter
                0x000000000800214c       0x1c Core/Src/Hardware/buzzer.o
 .text.LL_TIM_SetAutoReload
                0x0000000008002168       0x1c Core/Src/Hardware/buzzer.o
 .text.LL_TIM_CC_EnableChannel
                0x0000000008002184       0x22 Core/Src/Hardware/buzzer.o
 .text.LL_TIM_OC_SetCompareCH4
                0x00000000080021a6       0x1c Core/Src/Hardware/buzzer.o
 .text.LL_TIM_EnableAllOutputs
                0x00000000080021c2       0x20 Core/Src/Hardware/buzzer.o
 *fill*         0x00000000080021e2        0x2 
 .text.enableMelody
                0x00000000080021e4       0x24 Core/Src/Hardware/buzzer.o
                0x00000000080021e4                enableMelody
 .text.stopMelody
                0x0000000008002208       0x14 Core/Src/Hardware/buzzer.o
                0x0000000008002208                stopMelody
 .text.Melody   0x000000000800221c       0x58 Core/Src/Hardware/buzzer.o
                0x000000000800221c                Melody
 .text.LL_TIM_EnableCounter
                0x0000000008002274       0x20 Core/Src/Hardware/encoder.o
 .text.LL_TIM_DisableCounter
                0x0000000008002294       0x20 Core/Src/Hardware/encoder.o
 .text.enableEncoder
                0x00000000080022b4       0x28 Core/Src/Hardware/encoder.o
                0x00000000080022b4                enableEncoder
 .text.disableEncoder
                0x00000000080022dc       0x1c Core/Src/Hardware/encoder.o
                0x00000000080022dc                disableEncoder
 .text.getEncoderData
                0x00000000080022f8       0x64 Core/Src/Hardware/encoder.o
                0x00000000080022f8                getEncoderData
 .text.FLASH_Lock
                0x000000000800235c       0x20 Core/Src/Hardware/flash.o
 .text.FLASH_Unlock
                0x000000000800237c       0x28 Core/Src/Hardware/flash.o
 .text.FLASH_WaitBusy
                0x00000000080023a4       0x24 Core/Src/Hardware/flash.o
                0x00000000080023a4                FLASH_WaitBusy
 .text.FLASH_WriteByte
                0x00000000080023c8       0x50 Core/Src/Hardware/flash.o
                0x00000000080023c8                FLASH_WriteByte
 .text.FLASH_WriteData
                0x0000000008002418       0x34 Core/Src/Hardware/flash.o
                0x0000000008002418                FLASH_WriteData
 .text.FLASH_Erase
                0x000000000800244c       0x3c Core/Src/Hardware/flash.o
                0x000000000800244c                FLASH_Erase
 .text.setLED1State
                0x0000000008002488       0x34 Core/Src/Hardware/interface_LED.o
                0x0000000008002488                setLED1State
 .text.setLED2State
                0x00000000080024bc       0x34 Core/Src/Hardware/interface_LED.o
                0x00000000080024bc                setLED2State
 .text.setLED3State
                0x00000000080024f0       0x34 Core/Src/Hardware/interface_LED.o
                0x00000000080024f0                setLED3State
 .text.setLED4State
                0x0000000008002524       0x30 Core/Src/Hardware/interface_LED.o
                0x0000000008002524                setLED4State
 .text.setLED5State
                0x0000000008002554       0x30 Core/Src/Hardware/interface_LED.o
                0x0000000008002554                setLED5State
 .text.displayBinaryValueWithLEDs
                0x0000000008002584       0x58 Core/Src/Hardware/interface_LED.o
                0x0000000008002584                displayBinaryValueWithLEDs
 .text.LL_TIM_EnableCounter
                0x00000000080025dc       0x20 Core/Src/Hardware/motor.o
 .text.LL_TIM_DisableCounter
                0x00000000080025fc       0x20 Core/Src/Hardware/motor.o
 .text.LL_TIM_SetCounter
                0x000000000800261c       0x1c Core/Src/Hardware/motor.o
 .text.LL_TIM_CC_EnableChannel
                0x0000000008002638       0x22 Core/Src/Hardware/motor.o
 .text.LL_TIM_CC_DisableChannel
                0x000000000800265a       0x24 Core/Src/Hardware/motor.o
 .text.LL_TIM_OC_SetCompareCH1
                0x000000000800267e       0x1c Core/Src/Hardware/motor.o
 .text.LL_TIM_OC_SetCompareCH2
                0x000000000800269a       0x1c Core/Src/Hardware/motor.o
 .text.LL_TIM_EnableAllOutputs
                0x00000000080026b6       0x20 Core/Src/Hardware/motor.o
 .text.LL_GPIO_SetOutputPin
                0x00000000080026d6       0x1c Core/Src/Hardware/motor.o
 .text.LL_GPIO_ResetOutputPin
                0x00000000080026f2       0x1e Core/Src/Hardware/motor.o
 .text.setMotorDriverState
                0x0000000008002710       0x3c Core/Src/Hardware/motor.o
                0x0000000008002710                setMotorDriverState
 .text.enableMotors
                0x000000000800274c       0x90 Core/Src/Hardware/motor.o
                0x000000000800274c                enableMotors
 .text.setMotorDirection
                0x00000000080027dc       0x80 Core/Src/Hardware/motor.o
                0x00000000080027dc                setMotorDirection
 .text.dutyConverter
                0x000000000800285c       0x6c Core/Src/Hardware/motor.o
                0x000000000800285c                dutyConverter
 .text.driveMotors
                0x00000000080028c8       0xa4 Core/Src/Hardware/motor.o
                0x00000000080028c8                driveMotors
 .text.shutdownMotors
                0x000000000800296c       0x44 Core/Src/Hardware/motor.o
                0x000000000800296c                shutdownMotors
 .text.LL_ADC_DMA_GetRegAddr
                0x00000000080029b0       0x34 Core/Src/Hardware/wall_sensor.o
 .text.LL_ADC_Enable
                0x00000000080029e4       0x20 Core/Src/Hardware/wall_sensor.o
 .text.LL_ADC_REG_StartConversionSWStart
                0x0000000008002a04       0x20 Core/Src/Hardware/wall_sensor.o
 .text.LL_ADC_ClearFlag_EOCS
                0x0000000008002a24       0x1c Core/Src/Hardware/wall_sensor.o
 .text.LL_DMA_EnableStream
                0x0000000008002a40       0x40 Core/Src/Hardware/wall_sensor.o
 .text.LL_DMA_DisableStream
                0x0000000008002a80       0x40 Core/Src/Hardware/wall_sensor.o
 .text.LL_DMA_SetDataLength
                0x0000000008002ac0       0x48 Core/Src/Hardware/wall_sensor.o
 .text.LL_DMA_ConfigAddresses
                0x0000000008002b08       0x78 Core/Src/Hardware/wall_sensor.o
 .text.LL_DMA_EnableIT_TC
                0x0000000008002b80       0x40 Core/Src/Hardware/wall_sensor.o
 .text.ADC1_Start_DMA2
                0x0000000008002bc0       0x54 Core/Src/Hardware/wall_sensor.o
                0x0000000008002bc0                ADC1_Start_DMA2
 .text.changeFrontCenterLED
                0x0000000008002c14       0x30 Core/Src/Hardware/wall_sensor.o
                0x0000000008002c14                changeFrontCenterLED
 .text.changeFrontRightLED
                0x0000000008002c44       0x30 Core/Src/Hardware/wall_sensor.o
                0x0000000008002c44                changeFrontRightLED
 .text.changeFrontLeftLED
                0x0000000008002c74       0x30 Core/Src/Hardware/wall_sensor.o
                0x0000000008002c74                changeFrontLeftLED
 .text.changeRightLED
                0x0000000008002ca4       0x30 Core/Src/Hardware/wall_sensor.o
                0x0000000008002ca4                changeRightLED
 .text.changeLeftLED
                0x0000000008002cd4       0x30 Core/Src/Hardware/wall_sensor.o
                0x0000000008002cd4                changeLeftLED
 .text.changeLEDs
                0x0000000008002d04       0x6c Core/Src/Hardware/wall_sensor.o
                0x0000000008002d04                changeLEDs
 .text.getWallADC
                0x0000000008002d70       0x24 Core/Src/Hardware/wall_sensor.o
                0x0000000008002d70                getWallADC
 .text.startADCwithDMA
                0x0000000008002d94       0x24 Core/Src/Hardware/wall_sensor.o
                0x0000000008002d94                startADCwithDMA
 .text.DMA_CallbackTask
                0x0000000008002db8       0x18 Core/Src/Hardware/wall_sensor.o
                0x0000000008002db8                DMA_CallbackTask
 .text.setControlFlags
                0x0000000008002dd0       0x74 Core/Src/System/flags.o
                0x0000000008002dd0                setControlFlags
 .text.setAccelFlags
                0x0000000008002e44       0x74 Core/Src/System/flags.o
                0x0000000008002e44                setAccelFlags
 .text.storeLog
                0x0000000008002eb8       0xb8 Core/Src/System/log.o
                0x0000000008002eb8                storeLog
 .text.deleteWallMap
                0x0000000008002f70       0xec Core/Src/System/map.o
                0x0000000008002f70                deleteWallMap
 .text.updateWallMap
                0x000000000800305c      0x244 Core/Src/System/map.o
                0x000000000800305c                updateWallMap
 .text.makeStepMap
                0x00000000080032a0      0x264 Core/Src/System/map.o
                0x00000000080032a0                makeStepMap
 .text.MakeRoute_NESW
                0x0000000008003504       0x28 Core/Src/System/map.o
                0x0000000008003504                MakeRoute_NESW
 .text.ConfRoute_NESW
                0x000000000800352c       0x50 Core/Src/System/map.o
                0x000000000800352c                ConfRoute_NESW
 .text.advancePosition
                0x000000000800357c       0x6c Core/Src/System/map.o
                0x000000000800357c                advancePosition
 .text.changeDirection
                0x00000000080035e8       0x38 Core/Src/System/map.o
                0x00000000080035e8                changeDirection
 .text.setMapStruct
                0x0000000008003620       0x52 Core/Src/System/map.o
                0x0000000008003620                setMapStruct
 *fill*         0x0000000008003672        0x2 
 .text.prepareMapForSearch
                0x0000000008003674       0x40 Core/Src/System/map.o
                0x0000000008003674                prepareMapForSearch
 .text.saveWallMap
                0x00000000080036b4       0x5c Core/Src/System/map.o
                0x00000000080036b4                saveWallMap
 .text.driveAccelMotion
                0x0000000008003710      0x154 Core/Src/System/motion.o
                0x0000000008003710                driveAccelMotion
 .text.spinMotion
                0x0000000008003864      0x1c4 Core/Src/System/motion.o
                0x0000000008003864                spinMotion
 .text.slalomMotion
                0x0000000008003a28      0x1bc Core/Src/System/motion.o
                0x0000000008003a28                slalomMotion
 .text.moveHalfSectionAccel
                0x0000000008003be4       0x4c Core/Src/System/motion.o
                0x0000000008003be4                moveHalfSectionAccel
 .text.moveHalfSectionDecel
                0x0000000008003c30       0x2c Core/Src/System/motion.o
                0x0000000008003c30                moveHalfSectionDecel
 .text.moveOneSectionAccel
                0x0000000008003c5c       0x3c Core/Src/System/motion.o
                0x0000000008003c5c                moveOneSectionAccel
 .text.fixPostureByWallSensor
                0x0000000008003c98       0x20 Core/Src/System/motion.o
                0x0000000008003c98                fixPostureByWallSensor
 .text.spinRight180
                0x0000000008003cb8       0x14 Core/Src/System/motion.o
                0x0000000008003cb8                spinRight180
 .text.moveSlalomR90
                0x0000000008003ccc       0x40 Core/Src/System/motion.o
                0x0000000008003ccc                moveSlalomR90
 .text.moveSlalomL90
                0x0000000008003d0c       0x40 Core/Src/System/motion.o
                0x0000000008003d0c                moveSlalomL90
 .text.MelodySummer
                0x0000000008003d4c       0x5a Core/Src/System/music.o
                0x0000000008003d4c                MelodySummer
 .text.MelodyGoal
                0x0000000008003da6       0x2c Core/Src/System/music.o
                0x0000000008003da6                MelodyGoal
 .text.MelodyMrLawrence
                0x0000000008003dd2       0xb0 Core/Src/System/music.o
                0x0000000008003dd2                MelodyMrLawrence
 .text.MelodyNatsumatsuri
                0x0000000008003e82       0x58 Core/Src/System/music.o
                0x0000000008003e82                MelodyNatsumatsuri
 *fill*         0x0000000008003eda        0x2 
 .text.getEncoderVelocity
                0x0000000008003edc       0x30 Core/Src/System/sensing.o
                0x0000000008003edc                getEncoderVelocity
 .text.getCenterMileage
                0x0000000008003f0c       0xb4 Core/Src/System/sensing.o
                0x0000000008003f0c                getCenterMileage
 .text.addAngle
                0x0000000008003fc0       0x38 Core/Src/System/sensing.o
                0x0000000008003fc0                addAngle
 .text.getCenterVelocity
                0x0000000008003ff8       0x3c Core/Src/System/sensing.o
                0x0000000008003ff8                getCenterVelocity
 .text.getOmega
                0x0000000008004034       0x1c Core/Src/System/sensing.o
                0x0000000008004034                getOmega
 .text.getWallSensorOffset
                0x0000000008004050       0x6c Core/Src/System/sensing.o
                0x0000000008004050                getWallSensorOffset
 .text.getWallSensor
                0x00000000080040bc       0x94 Core/Src/System/sensing.o
                0x00000000080040bc                getWallSensor
 .text.getOmegaOffset
                0x0000000008004150       0x68 Core/Src/System/sensing.o
                0x0000000008004150                getOmegaOffset
 .text.getAccelOffset
                0x00000000080041b8       0x68 Core/Src/System/sensing.o
                0x00000000080041b8                getAccelOffset
 .text.getWallInfo
                0x0000000008004220       0x4c Core/Src/System/sensing.o
                0x0000000008004220                getWallInfo
 .text.initSensors
                0x000000000800426c       0x24 Core/Src/System/sensing.o
                0x000000000800426c                initSensors
 .text.updateSensors
                0x0000000008004290       0xb0 Core/Src/System/sensing.o
                0x0000000008004290                updateSensors
 .text.getOffsets
                0x0000000008004340       0x30 Core/Src/System/sensing.o
                0x0000000008004340                getOffsets
 .text.LL_ADC_REG_SetSequencerRanks
                0x0000000008004370       0x6c Core/Src/adc.o
 .text.LL_ADC_REG_SetFlagEndOfConversion
                0x00000000080043dc       0x26 Core/Src/adc.o
 .text.LL_ADC_SetChannelSamplingTime
                0x0000000008004402       0x98 Core/Src/adc.o
 *fill*         0x000000000800449a        0x2 
 .text.LL_DMA_SetDataTransferDirection
                0x000000000800449c       0x48 Core/Src/adc.o
 .text.LL_DMA_SetMode
                0x00000000080044e4       0x48 Core/Src/adc.o
 .text.LL_DMA_SetPeriphIncMode
                0x000000000800452c       0x48 Core/Src/adc.o
 .text.LL_DMA_SetMemoryIncMode
                0x0000000008004574       0x48 Core/Src/adc.o
 .text.LL_DMA_SetPeriphSize
                0x00000000080045bc       0x48 Core/Src/adc.o
 .text.LL_DMA_SetMemorySize
                0x0000000008004604       0x48 Core/Src/adc.o
 .text.LL_DMA_SetStreamPriorityLevel
                0x000000000800464c       0x48 Core/Src/adc.o
 .text.LL_DMA_SetChannelSelection
                0x0000000008004694       0x48 Core/Src/adc.o
 .text.LL_DMA_DisableFifoMode
                0x00000000080046dc       0x40 Core/Src/adc.o
 .text.LL_AHB1_GRP1_EnableClock
                0x000000000800471c       0x30 Core/Src/adc.o
 .text.LL_APB2_GRP1_EnableClock
                0x000000000800474c       0x30 Core/Src/adc.o
 .text.MX_ADC1_Init
                0x000000000800477c      0x1b8 Core/Src/adc.o
                0x000000000800477c                MX_ADC1_Init
 .text.__NVIC_GetPriorityGrouping
                0x0000000008004934       0x1c Core/Src/dma.o
 .text.__NVIC_EnableIRQ
                0x0000000008004950       0x3c Core/Src/dma.o
 .text.__NVIC_SetPriority
                0x000000000800498c       0x54 Core/Src/dma.o
 .text.NVIC_EncodePriority
                0x00000000080049e0       0x66 Core/Src/dma.o
 *fill*         0x0000000008004a46        0x2 
 .text.LL_AHB1_GRP1_EnableClock
                0x0000000008004a48       0x30 Core/Src/dma.o
 .text.MX_DMA_Init
                0x0000000008004a78       0x30 Core/Src/dma.o
                0x0000000008004a78                MX_DMA_Init
 .text.LL_AHB1_GRP1_EnableClock
                0x0000000008004aa8       0x30 Core/Src/gpio.o
 .text.LL_GPIO_ResetOutputPin
                0x0000000008004ad8       0x1e Core/Src/gpio.o
 *fill*         0x0000000008004af6        0x2 
 .text.MX_GPIO_Init
                0x0000000008004af8      0x104 Core/Src/gpio.o
                0x0000000008004af8                MX_GPIO_Init
 .text.__NVIC_SetPriorityGrouping
                0x0000000008004bfc       0x48 Core/Src/main.o
 .text.LL_RCC_HSI_Enable
                0x0000000008004c44       0x20 Core/Src/main.o
 .text.LL_RCC_HSI_IsReady
                0x0000000008004c64       0x24 Core/Src/main.o
 .text.LL_RCC_HSI_SetCalibTrimming
                0x0000000008004c88       0x2c Core/Src/main.o
 .text.LL_RCC_SetSysClkSource
                0x0000000008004cb4       0x28 Core/Src/main.o
 .text.LL_RCC_GetSysClkSource
                0x0000000008004cdc       0x1c Core/Src/main.o
 .text.LL_RCC_SetAHBPrescaler
                0x0000000008004cf8       0x28 Core/Src/main.o
 .text.LL_RCC_SetAPB1Prescaler
                0x0000000008004d20       0x28 Core/Src/main.o
 .text.LL_RCC_SetAPB2Prescaler
                0x0000000008004d48       0x28 Core/Src/main.o
 .text.LL_RCC_PLL_Enable
                0x0000000008004d70       0x20 Core/Src/main.o
 .text.LL_RCC_PLL_IsReady
                0x0000000008004d90       0x28 Core/Src/main.o
 .text.LL_RCC_PLL_ConfigDomain_SYS
                0x0000000008004db8       0x4c Core/Src/main.o
 .text.LL_APB1_GRP1_EnableClock
                0x0000000008004e04       0x30 Core/Src/main.o
 .text.LL_APB2_GRP1_EnableClock
                0x0000000008004e34       0x30 Core/Src/main.o
 .text.LL_FLASH_SetLatency
                0x0000000008004e64       0x28 Core/Src/main.o
 .text.LL_FLASH_GetLatency
                0x0000000008004e8c       0x1c Core/Src/main.o
 .text.LL_PWR_SetRegulVoltageScaling
                0x0000000008004ea8       0x28 Core/Src/main.o
 .text.LL_USART_IsActiveFlag_TXE
                0x0000000008004ed0       0x26 Core/Src/main.o
 .text.LL_USART_TransmitData8
                0x0000000008004ef6       0x1e Core/Src/main.o
 .text.__io_putchar
                0x0000000008004f14       0x54 Core/Src/main.o
                0x0000000008004f14                __io_putchar
 .text.main     0x0000000008004f68      0x42c Core/Src/main.o
                0x0000000008004f68                main
 .text.SystemClock_Config
                0x0000000008005394       0x8c Core/Src/main.o
                0x0000000008005394                SystemClock_Config
 .text.LL_AHB1_GRP1_EnableClock
                0x0000000008005420       0x30 Core/Src/spi.o
 .text.LL_APB1_GRP1_EnableClock
                0x0000000008005450       0x30 Core/Src/spi.o
 .text.LL_SPI_SetStandard
                0x0000000008005480       0x26 Core/Src/spi.o
 *fill*         0x00000000080054a6        0x2 
 .text.MX_SPI3_Init
                0x00000000080054a8       0xa8 Core/Src/spi.o
                0x00000000080054a8                MX_SPI3_Init
 .text.LL_DMA_IsActiveFlag_TC0
                0x0000000008005550       0x26 Core/Src/stm32f4xx_it.o
 .text.LL_DMA_ClearFlag_TC0
                0x0000000008005576       0x1a Core/Src/stm32f4xx_it.o
 .text.LL_TIM_ClearFlag_UPDATE
                0x0000000008005590       0x1c Core/Src/stm32f4xx_it.o
 .text.LL_TIM_IsActiveFlag_UPDATE
                0x00000000080055ac       0x26 Core/Src/stm32f4xx_it.o
 .text.NMI_Handler
                0x00000000080055d2        0x6 Core/Src/stm32f4xx_it.o
                0x00000000080055d2                NMI_Handler
 .text.HardFault_Handler
                0x00000000080055d8        0x6 Core/Src/stm32f4xx_it.o
                0x00000000080055d8                HardFault_Handler
 .text.MemManage_Handler
                0x00000000080055de        0x6 Core/Src/stm32f4xx_it.o
                0x00000000080055de                MemManage_Handler
 .text.BusFault_Handler
                0x00000000080055e4        0x6 Core/Src/stm32f4xx_it.o
                0x00000000080055e4                BusFault_Handler
 .text.UsageFault_Handler
                0x00000000080055ea        0x6 Core/Src/stm32f4xx_it.o
                0x00000000080055ea                UsageFault_Handler
 .text.SVC_Handler
                0x00000000080055f0        0xe Core/Src/stm32f4xx_it.o
                0x00000000080055f0                SVC_Handler
 .text.DebugMon_Handler
                0x00000000080055fe        0xe Core/Src/stm32f4xx_it.o
                0x00000000080055fe                DebugMon_Handler
 .text.PendSV_Handler
                0x000000000800560c        0xe Core/Src/stm32f4xx_it.o
                0x000000000800560c                PendSV_Handler
 .text.SysTick_Handler
                0x000000000800561a        0xe Core/Src/stm32f4xx_it.o
                0x000000000800561a                SysTick_Handler
 .text.TIM5_IRQHandler
                0x0000000008005628       0x24 Core/Src/stm32f4xx_it.o
                0x0000000008005628                TIM5_IRQHandler
 .text.DMA2_Stream0_IRQHandler
                0x000000000800564c       0x24 Core/Src/stm32f4xx_it.o
                0x000000000800564c                DMA2_Stream0_IRQHandler
 .text._getpid  0x0000000008005670       0x10 Core/Src/syscalls.o
                0x0000000008005670                _getpid
 .text._kill    0x0000000008005680       0x20 Core/Src/syscalls.o
                0x0000000008005680                _kill
 .text._exit    0x00000000080056a0       0x14 Core/Src/syscalls.o
                0x00000000080056a0                _exit
 .text._read    0x00000000080056b4       0x3a Core/Src/syscalls.o
                0x00000000080056b4                _read
 .text._write   0x00000000080056ee       0x38 Core/Src/syscalls.o
                0x00000000080056ee                _write
 .text._close   0x0000000008005726       0x18 Core/Src/syscalls.o
                0x0000000008005726                _close
 .text._fstat   0x000000000800573e       0x20 Core/Src/syscalls.o
                0x000000000800573e                _fstat
 .text._isatty  0x000000000800575e       0x16 Core/Src/syscalls.o
                0x000000000800575e                _isatty
 .text._lseek   0x0000000008005774       0x1a Core/Src/syscalls.o
                0x0000000008005774                _lseek
 *fill*         0x000000000800578e        0x2 
 .text._sbrk    0x0000000008005790       0x6c Core/Src/sysmem.o
                0x0000000008005790                _sbrk
 .text.SystemInit
                0x00000000080057fc       0x2c Core/Src/system_stm32f4xx.o
                0x00000000080057fc                SystemInit
 .text.__NVIC_GetPriorityGrouping
                0x0000000008005828       0x1c Core/Src/tim.o
 .text.__NVIC_EnableIRQ
                0x0000000008005844       0x3c Core/Src/tim.o
 .text.__NVIC_SetPriority
                0x0000000008005880       0x54 Core/Src/tim.o
 .text.NVIC_EncodePriority
                0x00000000080058d4       0x66 Core/Src/tim.o
 *fill*         0x000000000800593a        0x2 
 .text.LL_AHB1_GRP1_EnableClock
                0x000000000800593c       0x30 Core/Src/tim.o
 .text.LL_APB1_GRP1_EnableClock
                0x000000000800596c       0x30 Core/Src/tim.o
 .text.LL_APB2_GRP1_EnableClock
                0x000000000800599c       0x30 Core/Src/tim.o
 .text.LL_TIM_EnableARRPreload
                0x00000000080059cc       0x20 Core/Src/tim.o
 .text.LL_TIM_DisableARRPreload
                0x00000000080059ec       0x20 Core/Src/tim.o
 .text.LL_TIM_OC_DisableFast
                0x0000000008005a0c       0x8c Core/Src/tim.o
 .text.LL_TIM_OC_EnablePreload
                0x0000000008005a98       0x88 Core/Src/tim.o
 .text.LL_TIM_IC_SetActiveInput
                0x0000000008005b20       0x9c Core/Src/tim.o
 .text.LL_TIM_IC_SetPrescaler
                0x0000000008005bbc       0x9c Core/Src/tim.o
 .text.LL_TIM_IC_SetFilter
                0x0000000008005c58       0x9c Core/Src/tim.o
 .text.LL_TIM_IC_SetPolarity
                0x0000000008005cf4       0x88 Core/Src/tim.o
 .text.LL_TIM_SetClockSource
                0x0000000008005d7c       0x2a Core/Src/tim.o
 .text.LL_TIM_SetEncoderMode
                0x0000000008005da6       0x26 Core/Src/tim.o
 .text.LL_TIM_SetTriggerOutput
                0x0000000008005dcc       0x26 Core/Src/tim.o
 .text.LL_TIM_DisableMasterSlaveMode
                0x0000000008005df2       0x20 Core/Src/tim.o
 *fill*         0x0000000008005e12        0x2 
 .text.MX_TIM1_Init
                0x0000000008005e14      0x130 Core/Src/tim.o
                0x0000000008005e14                MX_TIM1_Init
 .text.MX_TIM2_Init
                0x0000000008005f44       0xe8 Core/Src/tim.o
                0x0000000008005f44                MX_TIM2_Init
 .text.MX_TIM3_Init
                0x000000000800602c       0xf4 Core/Src/tim.o
                0x000000000800602c                MX_TIM3_Init
 .text.MX_TIM4_Init
                0x0000000008006120       0xf4 Core/Src/tim.o
                0x0000000008006120                MX_TIM4_Init
 .text.MX_TIM5_Init
                0x0000000008006214       0x80 Core/Src/tim.o
                0x0000000008006214                MX_TIM5_Init
 .text.MX_TIM6_Init
                0x0000000008006294       0x54 Core/Src/tim.o
                0x0000000008006294                MX_TIM6_Init
 .text.MX_TIM8_Init
                0x00000000080062e8      0x134 Core/Src/tim.o
                0x00000000080062e8                MX_TIM8_Init
 .text.MX_TIM11_Init
                0x000000000800641c       0xcc Core/Src/tim.o
                0x000000000800641c                MX_TIM11_Init
 .text.LL_AHB1_GRP1_EnableClock
                0x00000000080064e8       0x30 Core/Src/usart.o
 .text.LL_APB2_GRP1_EnableClock
                0x0000000008006518       0x30 Core/Src/usart.o
 .text.LL_USART_Enable
                0x0000000008006548       0x20 Core/Src/usart.o
 .text.LL_USART_ConfigAsyncMode
                0x0000000008006568       0x2c Core/Src/usart.o
 .text.MX_USART1_UART_Init
                0x0000000008006594       0xa0 Core/Src/usart.o
                0x0000000008006594                MX_USART1_UART_Init
 .text.Reset_Handler
                0x0000000008006634       0x50 Core/Startup/startup_stm32f405rgtx.o
                0x0000000008006634                Reset_Handler
 .text.Default_Handler
                0x0000000008006684        0x2 Core/Startup/startup_stm32f405rgtx.o
                0x0000000008006684                RTC_Alarm_IRQHandler
                0x0000000008006684                HASH_RNG_IRQHandler
                0x0000000008006684                EXTI2_IRQHandler
                0x0000000008006684                TIM8_CC_IRQHandler
                0x0000000008006684                TIM1_CC_IRQHandler
                0x0000000008006684                DMA2_Stream5_IRQHandler
                0x0000000008006684                DMA1_Stream5_IRQHandler
                0x0000000008006684                PVD_IRQHandler
                0x0000000008006684                SDIO_IRQHandler
                0x0000000008006684                TAMP_STAMP_IRQHandler
                0x0000000008006684                CAN2_RX1_IRQHandler
                0x0000000008006684                EXTI3_IRQHandler
                0x0000000008006684                TIM8_TRG_COM_TIM14_IRQHandler
                0x0000000008006684                TIM1_UP_TIM10_IRQHandler
                0x0000000008006684                TIM8_UP_TIM13_IRQHandler
                0x0000000008006684                I2C3_ER_IRQHandler
                0x0000000008006684                EXTI0_IRQHandler
                0x0000000008006684                I2C2_EV_IRQHandler
                0x0000000008006684                DMA1_Stream2_IRQHandler
                0x0000000008006684                CAN1_RX0_IRQHandler
                0x0000000008006684                FPU_IRQHandler
                0x0000000008006684                OTG_HS_WKUP_IRQHandler
                0x0000000008006684                CAN2_SCE_IRQHandler
                0x0000000008006684                DMA2_Stream2_IRQHandler
                0x0000000008006684                SPI1_IRQHandler
                0x0000000008006684                TIM6_DAC_IRQHandler
                0x0000000008006684                TIM1_BRK_TIM9_IRQHandler
                0x0000000008006684                CAN2_RX0_IRQHandler
                0x0000000008006684                DMA2_Stream3_IRQHandler
                0x0000000008006684                USART6_IRQHandler
                0x0000000008006684                USART3_IRQHandler
                0x0000000008006684                CAN1_RX1_IRQHandler
                0x0000000008006684                UART5_IRQHandler
                0x0000000008006684                TIM4_IRQHandler
                0x0000000008006684                I2C1_EV_IRQHandler
                0x0000000008006684                DMA1_Stream6_IRQHandler
                0x0000000008006684                DMA1_Stream1_IRQHandler
                0x0000000008006684                UART4_IRQHandler
                0x0000000008006684                TIM3_IRQHandler
                0x0000000008006684                RCC_IRQHandler
                0x0000000008006684                TIM8_BRK_TIM12_IRQHandler
                0x0000000008006684                Default_Handler
                0x0000000008006684                EXTI15_10_IRQHandler
                0x0000000008006684                ADC_IRQHandler
                0x0000000008006684                DMA1_Stream7_IRQHandler
                0x0000000008006684                TIM7_IRQHandler
                0x0000000008006684                CAN2_TX_IRQHandler
                0x0000000008006684                DMA2_Stream7_IRQHandler
                0x0000000008006684                I2C3_EV_IRQHandler
                0x0000000008006684                EXTI9_5_IRQHandler
                0x0000000008006684                RTC_WKUP_IRQHandler
                0x0000000008006684                SPI2_IRQHandler
                0x0000000008006684                OTG_HS_EP1_IN_IRQHandler
                0x0000000008006684                DMA1_Stream0_IRQHandler
                0x0000000008006684                CAN1_TX_IRQHandler
                0x0000000008006684                EXTI4_IRQHandler
                0x0000000008006684                FSMC_IRQHandler
                0x0000000008006684                OTG_HS_EP1_OUT_IRQHandler
                0x0000000008006684                WWDG_IRQHandler
                0x0000000008006684                TIM2_IRQHandler
                0x0000000008006684                OTG_FS_WKUP_IRQHandler
                0x0000000008006684                TIM1_TRG_COM_TIM11_IRQHandler
                0x0000000008006684                OTG_HS_IRQHandler
                0x0000000008006684                EXTI1_IRQHandler
                0x0000000008006684                USART2_IRQHandler
                0x0000000008006684                I2C2_ER_IRQHandler
                0x0000000008006684                DMA2_Stream1_IRQHandler
                0x0000000008006684                CAN1_SCE_IRQHandler
                0x0000000008006684                FLASH_IRQHandler
                0x0000000008006684                DMA2_Stream4_IRQHandler
                0x0000000008006684                USART1_IRQHandler
                0x0000000008006684                OTG_FS_IRQHandler
                0x0000000008006684                SPI3_IRQHandler
                0x0000000008006684                DMA1_Stream4_IRQHandler
                0x0000000008006684                I2C1_ER_IRQHandler
                0x0000000008006684                DMA2_Stream6_IRQHandler
                0x0000000008006684                DMA1_Stream3_IRQHandler
 .text.LL_ADC_REG_SetSequencerLength
                0x0000000008006686       0x26 Drivers/STM32F4xx_HAL_Driver/Src/stm32f4xx_ll_adc.o
 .text.LL_ADC_IsEnabled
                0x00000000080066ac       0x26 Drivers/STM32F4xx_HAL_Driver/Src/stm32f4xx_ll_adc.o
 *fill*         0x00000000080066d2        0x2 
 .text.LL_ADC_CommonInit
                0x00000000080066d4       0x90 Drivers/STM32F4xx_HAL_Driver/Src/stm32f4xx_ll_adc.o
                0x00000000080066d4                LL_ADC_CommonInit
 .text.LL_ADC_Init
                0x0000000008006764       0x58 Drivers/STM32F4xx_HAL_Driver/Src/stm32f4xx_ll_adc.o
                0x0000000008006764                LL_ADC_Init
 .text.LL_ADC_REG_Init
                0x00000000080067bc       0x84 Drivers/STM32F4xx_HAL_Driver/Src/stm32f4xx_ll_adc.o
                0x00000000080067bc                LL_ADC_REG_Init
 .text.LL_GPIO_SetPinMode
                0x0000000008006840       0x5e Drivers/STM32F4xx_HAL_Driver/Src/stm32f4xx_ll_gpio.o
 .text.LL_GPIO_SetPinOutputType
                0x000000000800689e       0x30 Drivers/STM32F4xx_HAL_Driver/Src/stm32f4xx_ll_gpio.o
 .text.LL_GPIO_SetPinSpeed
                0x00000000080068ce       0x5e Drivers/STM32F4xx_HAL_Driver/Src/stm32f4xx_ll_gpio.o
 .text.LL_GPIO_SetPinPull
                0x000000000800692c       0x5e Drivers/STM32F4xx_HAL_Driver/Src/stm32f4xx_ll_gpio.o
 .text.LL_GPIO_SetAFPin_0_7
                0x000000000800698a       0x5e Drivers/STM32F4xx_HAL_Driver/Src/stm32f4xx_ll_gpio.o
 .text.LL_GPIO_SetAFPin_8_15
                0x00000000080069e8       0x62 Drivers/STM32F4xx_HAL_Driver/Src/stm32f4xx_ll_gpio.o
 .text.LL_GPIO_Init
                0x0000000008006a4a       0xe6 Drivers/STM32F4xx_HAL_Driver/Src/stm32f4xx_ll_gpio.o
                0x0000000008006a4a                LL_GPIO_Init
 .text.LL_RCC_GetSysClkSource
                0x0000000008006b30       0x1c Drivers/STM32F4xx_HAL_Driver/Src/stm32f4xx_ll_rcc.o
 .text.LL_RCC_GetAHBPrescaler
                0x0000000008006b4c       0x1c Drivers/STM32F4xx_HAL_Driver/Src/stm32f4xx_ll_rcc.o
 .text.LL_RCC_GetAPB1Prescaler
                0x0000000008006b68       0x1c Drivers/STM32F4xx_HAL_Driver/Src/stm32f4xx_ll_rcc.o
 .text.LL_RCC_GetAPB2Prescaler
                0x0000000008006b84       0x1c Drivers/STM32F4xx_HAL_Driver/Src/stm32f4xx_ll_rcc.o
 .text.LL_RCC_PLL_GetMainSource
                0x0000000008006ba0       0x1c Drivers/STM32F4xx_HAL_Driver/Src/stm32f4xx_ll_rcc.o
 .text.LL_RCC_PLL_GetN
                0x0000000008006bbc       0x1c Drivers/STM32F4xx_HAL_Driver/Src/stm32f4xx_ll_rcc.o
 .text.LL_RCC_PLL_GetP
                0x0000000008006bd8       0x1c Drivers/STM32F4xx_HAL_Driver/Src/stm32f4xx_ll_rcc.o
 .text.LL_RCC_PLL_GetDivider
                0x0000000008006bf4       0x1c Drivers/STM32F4xx_HAL_Driver/Src/stm32f4xx_ll_rcc.o
 .text.LL_RCC_GetSystemClocksFreq
                0x0000000008006c10       0x4a Drivers/STM32F4xx_HAL_Driver/Src/stm32f4xx_ll_rcc.o
                0x0000000008006c10                LL_RCC_GetSystemClocksFreq
 *fill*         0x0000000008006c5a        0x2 
 .text.RCC_GetSystemClockFreq
                0x0000000008006c5c       0x50 Drivers/STM32F4xx_HAL_Driver/Src/stm32f4xx_ll_rcc.o
                0x0000000008006c5c                RCC_GetSystemClockFreq
 .text.RCC_GetHCLKClockFreq
                0x0000000008006cac       0x2c Drivers/STM32F4xx_HAL_Driver/Src/stm32f4xx_ll_rcc.o
                0x0000000008006cac                RCC_GetHCLKClockFreq
 .text.RCC_GetPCLK1ClockFreq
                0x0000000008006cd8       0x28 Drivers/STM32F4xx_HAL_Driver/Src/stm32f4xx_ll_rcc.o
                0x0000000008006cd8                RCC_GetPCLK1ClockFreq
 .text.RCC_GetPCLK2ClockFreq
                0x0000000008006d00       0x28 Drivers/STM32F4xx_HAL_Driver/Src/stm32f4xx_ll_rcc.o
                0x0000000008006d00                RCC_GetPCLK2ClockFreq
 .text.RCC_PLL_GetFreqDomain_SYS
                0x0000000008006d28       0x7c Drivers/STM32F4xx_HAL_Driver/Src/stm32f4xx_ll_rcc.o
                0x0000000008006d28                RCC_PLL_GetFreqDomain_SYS
 .text.LL_SPI_IsEnabled
                0x0000000008006da4       0x26 Drivers/STM32F4xx_HAL_Driver/Src/stm32f4xx_ll_spi.o
 .text.LL_SPI_SetCRCPolynomial
                0x0000000008006dca       0x20 Drivers/STM32F4xx_HAL_Driver/Src/stm32f4xx_ll_spi.o
 .text.LL_SPI_Init
                0x0000000008006dea       0xa4 Drivers/STM32F4xx_HAL_Driver/Src/stm32f4xx_ll_spi.o
                0x0000000008006dea                LL_SPI_Init
 .text.LL_TIM_SetPrescaler
                0x0000000008006e8e       0x1c Drivers/STM32F4xx_HAL_Driver/Src/stm32f4xx_ll_tim.o
 .text.LL_TIM_SetAutoReload
                0x0000000008006eaa       0x1c Drivers/STM32F4xx_HAL_Driver/Src/stm32f4xx_ll_tim.o
 .text.LL_TIM_SetRepetitionCounter
                0x0000000008006ec6       0x1c Drivers/STM32F4xx_HAL_Driver/Src/stm32f4xx_ll_tim.o
 .text.LL_TIM_OC_SetCompareCH1
                0x0000000008006ee2       0x1c Drivers/STM32F4xx_HAL_Driver/Src/stm32f4xx_ll_tim.o
 .text.LL_TIM_OC_SetCompareCH2
                0x0000000008006efe       0x1c Drivers/STM32F4xx_HAL_Driver/Src/stm32f4xx_ll_tim.o
 .text.LL_TIM_OC_SetCompareCH3
                0x0000000008006f1a       0x1c Drivers/STM32F4xx_HAL_Driver/Src/stm32f4xx_ll_tim.o
 .text.LL_TIM_OC_SetCompareCH4
                0x0000000008006f36       0x1c Drivers/STM32F4xx_HAL_Driver/Src/stm32f4xx_ll_tim.o
 .text.LL_TIM_GenerateEvent_UPDATE
                0x0000000008006f52       0x20 Drivers/STM32F4xx_HAL_Driver/Src/stm32f4xx_ll_tim.o
 *fill*         0x0000000008006f72        0x2 
 .text.LL_TIM_Init
                0x0000000008006f74      0x134 Drivers/STM32F4xx_HAL_Driver/Src/stm32f4xx_ll_tim.o
                0x0000000008006f74                LL_TIM_Init
 .text.LL_TIM_OC_Init
                0x00000000080070a8       0x82 Drivers/STM32F4xx_HAL_Driver/Src/stm32f4xx_ll_tim.o
                0x00000000080070a8                LL_TIM_OC_Init
 .text.LL_TIM_BDTR_Init
                0x000000000800712a       0x92 Drivers/STM32F4xx_HAL_Driver/Src/stm32f4xx_ll_tim.o
                0x000000000800712a                LL_TIM_BDTR_Init
 .text.OC1Config
                0x00000000080071bc       0xd8 Drivers/STM32F4xx_HAL_Driver/Src/stm32f4xx_ll_tim.o
 .text.OC2Config
                0x0000000008007294       0xe0 Drivers/STM32F4xx_HAL_Driver/Src/stm32f4xx_ll_tim.o
 .text.OC3Config
                0x0000000008007374       0xe0 Drivers/STM32F4xx_HAL_Driver/Src/stm32f4xx_ll_tim.o
 .text.OC4Config
                0x0000000008007454       0xb0 Drivers/STM32F4xx_HAL_Driver/Src/stm32f4xx_ll_tim.o
 .text.LL_USART_IsEnabled
                0x0000000008007504       0x28 Drivers/STM32F4xx_HAL_Driver/Src/stm32f4xx_ll_usart.o
 .text.LL_USART_SetStopBitsLength
                0x000000000800752c       0x26 Drivers/STM32F4xx_HAL_Driver/Src/stm32f4xx_ll_usart.o
 .text.LL_USART_SetHWFlowCtrl
                0x0000000008007552       0x26 Drivers/STM32F4xx_HAL_Driver/Src/stm32f4xx_ll_usart.o
 .text.LL_USART_SetBaudRate
                0x0000000008007578      0x320 Drivers/STM32F4xx_HAL_Driver/Src/stm32f4xx_ll_usart.o
 .text.LL_USART_Init
                0x0000000008007898      0x100 Drivers/STM32F4xx_HAL_Driver/Src/stm32f4xx_ll_usart.o
                0x0000000008007898                LL_USART_Init
 .text.LL_InitTick
                0x0000000008007998       0x34 Drivers/STM32F4xx_HAL_Driver/Src/stm32f4xx_ll_utils.o
 .text.LL_Init1msTick
                0x00000000080079cc       0x1a Drivers/STM32F4xx_HAL_Driver/Src/stm32f4xx_ll_utils.o
                0x00000000080079cc                LL_Init1msTick
 *fill*         0x00000000080079e6        0x2 
 .text.LL_mDelay
                0x00000000080079e8       0x4c Drivers/STM32F4xx_HAL_Driver/Src/stm32f4xx_ll_utils.o
                0x00000000080079e8                LL_mDelay
 .text.LL_SetSystemCoreClock
                0x0000000008007a34       0x20 Drivers/STM32F4xx_HAL_Driver/Src/stm32f4xx_ll_utils.o
                0x0000000008007a34                LL_SetSystemCoreClock
 .text.__errno  0x0000000008007a54        0xc c:/st/stm32cubeide_1.0.2/stm32cubeide/plugins/com.st.stm32cube.ide.mcu.externaltools.gnu-tools-for-stm32.9-2020-q2-update.win32_1.5.0.202011040924/tools/bin/../lib/gcc/arm-none-eabi/9.3.1/../../../../arm-none-eabi/lib/thumb/v7e-m+fp/hard\libc_nano.a(lib_a-errno.o)
                0x0000000008007a54                __errno
 .text.__libc_init_array
                0x0000000008007a60       0x48 c:/st/stm32cubeide_1.0.2/stm32cubeide/plugins/com.st.stm32cube.ide.mcu.externaltools.gnu-tools-for-stm32.9-2020-q2-update.win32_1.5.0.202011040924/tools/bin/../lib/gcc/arm-none-eabi/9.3.1/../../../../arm-none-eabi/lib/thumb/v7e-m+fp/hard\libc_nano.a(lib_a-init.o)
                0x0000000008007a60                __libc_init_array
 .text.memset   0x0000000008007aa8       0x10 c:/st/stm32cubeide_1.0.2/stm32cubeide/plugins/com.st.stm32cube.ide.mcu.externaltools.gnu-tools-for-stm32.9-2020-q2-update.win32_1.5.0.202011040924/tools/bin/../lib/gcc/arm-none-eabi/9.3.1/../../../../arm-none-eabi/lib/thumb/v7e-m+fp/hard\libc_nano.a(lib_a-memset.o)
                0x0000000008007aa8                memset
 .text.__cvt    0x0000000008007ab8       0xc4 c:/st/stm32cubeide_1.0.2/stm32cubeide/plugins/com.st.stm32cube.ide.mcu.externaltools.gnu-tools-for-stm32.9-2020-q2-update.win32_1.5.0.202011040924/tools/bin/../lib/gcc/arm-none-eabi/9.3.1/../../../../arm-none-eabi/lib/thumb/v7e-m+fp/hard\libc_nano.a(lib_a-nano-vfprintf_float.o)
                0x0000000008007ab8                __cvt
 .text.__exponent
                0x0000000008007b7c       0x7c c:/st/stm32cubeide_1.0.2/stm32cubeide/plugins/com.st.stm32cube.ide.mcu.externaltools.gnu-tools-for-stm32.9-2020-q2-update.win32_1.5.0.202011040924/tools/bin/../lib/gcc/arm-none-eabi/9.3.1/../../../../arm-none-eabi/lib/thumb/v7e-m+fp/hard\libc_nano.a(lib_a-nano-vfprintf_float.o)
                0x0000000008007b7c                __exponent
 .text._printf_float
                0x0000000008007bf8      0x46c c:/st/stm32cubeide_1.0.2/stm32cubeide/plugins/com.st.stm32cube.ide.mcu.externaltools.gnu-tools-for-stm32.9-2020-q2-update.win32_1.5.0.202011040924/tools/bin/../lib/gcc/arm-none-eabi/9.3.1/../../../../arm-none-eabi/lib/thumb/v7e-m+fp/hard\libc_nano.a(lib_a-nano-vfprintf_float.o)
                0x0000000008007bf8                _printf_float
 .text._printf_common
                0x0000000008008064       0xda c:/st/stm32cubeide_1.0.2/stm32cubeide/plugins/com.st.stm32cube.ide.mcu.externaltools.gnu-tools-for-stm32.9-2020-q2-update.win32_1.5.0.202011040924/tools/bin/../lib/gcc/arm-none-eabi/9.3.1/../../../../arm-none-eabi/lib/thumb/v7e-m+fp/hard\libc_nano.a(lib_a-nano-vfprintf_i.o)
                0x0000000008008064                _printf_common
 *fill*         0x000000000800813e        0x2 
 .text._printf_i
                0x0000000008008140      0x24c c:/st/stm32cubeide_1.0.2/stm32cubeide/plugins/com.st.stm32cube.ide.mcu.externaltools.gnu-tools-for-stm32.9-2020-q2-update.win32_1.5.0.202011040924/tools/bin/../lib/gcc/arm-none-eabi/9.3.1/../../../../arm-none-eabi/lib/thumb/v7e-m+fp/hard\libc_nano.a(lib_a-nano-vfprintf_i.o)
                0x0000000008008140                _printf_i
 .text.printf   0x000000000800838c       0x30 c:/st/stm32cubeide_1.0.2/stm32cubeide/plugins/com.st.stm32cube.ide.mcu.externaltools.gnu-tools-for-stm32.9-2020-q2-update.win32_1.5.0.202011040924/tools/bin/../lib/gcc/arm-none-eabi/9.3.1/../../../../arm-none-eabi/lib/thumb/v7e-m+fp/hard\libc_nano.a(lib_a-printf.o)
                0x000000000800838c                iprintf
                0x000000000800838c                printf
 .text._puts_r  0x00000000080083bc       0xdc c:/st/stm32cubeide_1.0.2/stm32cubeide/plugins/com.st.stm32cube.ide.mcu.externaltools.gnu-tools-for-stm32.9-2020-q2-update.win32_1.5.0.202011040924/tools/bin/../lib/gcc/arm-none-eabi/9.3.1/../../../../arm-none-eabi/lib/thumb/v7e-m+fp/hard\libc_nano.a(lib_a-puts.o)
                0x00000000080083bc                _puts_r
 .text.puts     0x0000000008008498       0x10 c:/st/stm32cubeide_1.0.2/stm32cubeide/plugins/com.st.stm32cube.ide.mcu.externaltools.gnu-tools-for-stm32.9-2020-q2-update.win32_1.5.0.202011040924/tools/bin/../lib/gcc/arm-none-eabi/9.3.1/../../../../arm-none-eabi/lib/thumb/v7e-m+fp/hard\libc_nano.a(lib_a-puts.o)
                0x0000000008008498                puts
 .text.setbuf   0x00000000080084a8       0x10 c:/st/stm32cubeide_1.0.2/stm32cubeide/plugins/com.st.stm32cube.ide.mcu.externaltools.gnu-tools-for-stm32.9-2020-q2-update.win32_1.5.0.202011040924/tools/bin/../lib/gcc/arm-none-eabi/9.3.1/../../../../arm-none-eabi/lib/thumb/v7e-m+fp/hard\libc_nano.a(lib_a-setbuf.o)
                0x00000000080084a8                setbuf
 .text.setvbuf  0x00000000080084b8      0x18c c:/st/stm32cubeide_1.0.2/stm32cubeide/plugins/com.st.stm32cube.ide.mcu.externaltools.gnu-tools-for-stm32.9-2020-q2-update.win32_1.5.0.202011040924/tools/bin/../lib/gcc/arm-none-eabi/9.3.1/../../../../arm-none-eabi/lib/thumb/v7e-m+fp/hard\libc_nano.a(lib_a-setvbuf.o)
                0x00000000080084b8                setvbuf
 .text.__swbuf_r
                0x0000000008008644       0xa4 c:/st/stm32cubeide_1.0.2/stm32cubeide/plugins/com.st.stm32cube.ide.mcu.externaltools.gnu-tools-for-stm32.9-2020-q2-update.win32_1.5.0.202011040924/tools/bin/../lib/gcc/arm-none-eabi/9.3.1/../../../../arm-none-eabi/lib/thumb/v7e-m+fp/hard\libc_nano.a(lib_a-wbuf.o)
                0x0000000008008644                __swbuf_r
 .text.__swsetup_r
                0x00000000080086e8       0xdc c:/st/stm32cubeide_1.0.2/stm32cubeide/plugins/com.st.stm32cube.ide.mcu.externaltools.gnu-tools-for-stm32.9-2020-q2-update.win32_1.5.0.202011040924/tools/bin/../lib/gcc/arm-none-eabi/9.3.1/../../../../arm-none-eabi/lib/thumb/v7e-m+fp/hard\libc_nano.a(lib_a-wsetup.o)
                0x00000000080086e8                __swsetup_r
 .text.quorem   0x00000000080087c4      0x116 c:/st/stm32cubeide_1.0.2/stm32cubeide/plugins/com.st.stm32cube.ide.mcu.externaltools.gnu-tools-for-stm32.9-2020-q2-update.win32_1.5.0.202011040924/tools/bin/../lib/gcc/arm-none-eabi/9.3.1/../../../../arm-none-eabi/lib/thumb/v7e-m+fp/hard\libc_nano.a(lib_a-dtoa.o)
 *fill*         0x00000000080088da        0x6 
 .text._dtoa_r  0x00000000080088e0      0xbd8 c:/st/stm32cubeide_1.0.2/stm32cubeide/plugins/com.st.stm32cube.ide.mcu.externaltools.gnu-tools-for-stm32.9-2020-q2-update.win32_1.5.0.202011040924/tools/bin/../lib/gcc/arm-none-eabi/9.3.1/../../../../arm-none-eabi/lib/thumb/v7e-m+fp/hard\libc_nano.a(lib_a-dtoa.o)
                0x00000000080088e0                _dtoa_r
 .text.__sflush_r
                0x00000000080094b8      0x10c c:/st/stm32cubeide_1.0.2/stm32cubeide/plugins/com.st.stm32cube.ide.mcu.externaltools.gnu-tools-for-stm32.9-2020-q2-update.win32_1.5.0.202011040924/tools/bin/../lib/gcc/arm-none-eabi/9.3.1/../../../../arm-none-eabi/lib/thumb/v7e-m+fp/hard\libc_nano.a(lib_a-fflush.o)
                0x00000000080094b8                __sflush_r
 .text._fflush_r
                0x00000000080095c4       0x78 c:/st/stm32cubeide_1.0.2/stm32cubeide/plugins/com.st.stm32cube.ide.mcu.externaltools.gnu-tools-for-stm32.9-2020-q2-update.win32_1.5.0.202011040924/tools/bin/../lib/gcc/arm-none-eabi/9.3.1/../../../../arm-none-eabi/lib/thumb/v7e-m+fp/hard\libc_nano.a(lib_a-fflush.o)
                0x00000000080095c4                _fflush_r
 .text.std      0x000000000800963c       0x48 c:/st/stm32cubeide_1.0.2/stm32cubeide/plugins/com.st.stm32cube.ide.mcu.externaltools.gnu-tools-for-stm32.9-2020-q2-update.win32_1.5.0.202011040924/tools/bin/../lib/gcc/arm-none-eabi/9.3.1/../../../../arm-none-eabi/lib/thumb/v7e-m+fp/hard\libc_nano.a(lib_a-findfp.o)
 .text._cleanup_r
                0x0000000008009684        0xc c:/st/stm32cubeide_1.0.2/stm32cubeide/plugins/com.st.stm32cube.ide.mcu.externaltools.gnu-tools-for-stm32.9-2020-q2-update.win32_1.5.0.202011040924/tools/bin/../lib/gcc/arm-none-eabi/9.3.1/../../../../arm-none-eabi/lib/thumb/v7e-m+fp/hard\libc_nano.a(lib_a-findfp.o)
                0x0000000008009684                _cleanup_r
 .text.__sfmoreglue
                0x0000000008009690       0x2c c:/st/stm32cubeide_1.0.2/stm32cubeide/plugins/com.st.stm32cube.ide.mcu.externaltools.gnu-tools-for-stm32.9-2020-q2-update.win32_1.5.0.202011040924/tools/bin/../lib/gcc/arm-none-eabi/9.3.1/../../../../arm-none-eabi/lib/thumb/v7e-m+fp/hard\libc_nano.a(lib_a-findfp.o)
                0x0000000008009690                __sfmoreglue
 .text.__sfp_lock_acquire
                0x00000000080096bc        0xc c:/st/stm32cubeide_1.0.2/stm32cubeide/plugins/com.st.stm32cube.ide.mcu.externaltools.gnu-tools-for-stm32.9-2020-q2-update.win32_1.5.0.202011040924/tools/bin/../lib/gcc/arm-none-eabi/9.3.1/../../../../arm-none-eabi/lib/thumb/v7e-m+fp/hard\libc_nano.a(lib_a-findfp.o)
                0x00000000080096bc                __sfp_lock_acquire
 .text.__sfp_lock_release
                0x00000000080096c8        0xc c:/st/stm32cubeide_1.0.2/stm32cubeide/plugins/com.st.stm32cube.ide.mcu.externaltools.gnu-tools-for-stm32.9-2020-q2-update.win32_1.5.0.202011040924/tools/bin/../lib/gcc/arm-none-eabi/9.3.1/../../../../arm-none-eabi/lib/thumb/v7e-m+fp/hard\libc_nano.a(lib_a-findfp.o)
                0x00000000080096c8                __sfp_lock_release
 .text.__sinit_lock_acquire
                0x00000000080096d4        0xc c:/st/stm32cubeide_1.0.2/stm32cubeide/plugins/com.st.stm32cube.ide.mcu.externaltools.gnu-tools-for-stm32.9-2020-q2-update.win32_1.5.0.202011040924/tools/bin/../lib/gcc/arm-none-eabi/9.3.1/../../../../arm-none-eabi/lib/thumb/v7e-m+fp/hard\libc_nano.a(lib_a-findfp.o)
                0x00000000080096d4                __sinit_lock_acquire
 .text.__sinit_lock_release
                0x00000000080096e0        0xc c:/st/stm32cubeide_1.0.2/stm32cubeide/plugins/com.st.stm32cube.ide.mcu.externaltools.gnu-tools-for-stm32.9-2020-q2-update.win32_1.5.0.202011040924/tools/bin/../lib/gcc/arm-none-eabi/9.3.1/../../../../arm-none-eabi/lib/thumb/v7e-m+fp/hard\libc_nano.a(lib_a-findfp.o)
                0x00000000080096e0                __sinit_lock_release
 .text.__sinit  0x00000000080096ec       0x70 c:/st/stm32cubeide_1.0.2/stm32cubeide/plugins/com.st.stm32cube.ide.mcu.externaltools.gnu-tools-for-stm32.9-2020-q2-update.win32_1.5.0.202011040924/tools/bin/../lib/gcc/arm-none-eabi/9.3.1/../../../../arm-none-eabi/lib/thumb/v7e-m+fp/hard\libc_nano.a(lib_a-findfp.o)
                0x00000000080096ec                __sinit
 .text.__sfp    0x000000000800975c       0x8c c:/st/stm32cubeide_1.0.2/stm32cubeide/plugins/com.st.stm32cube.ide.mcu.externaltools.gnu-tools-for-stm32.9-2020-q2-update.win32_1.5.0.202011040924/tools/bin/../lib/gcc/arm-none-eabi/9.3.1/../../../../arm-none-eabi/lib/thumb/v7e-m+fp/hard\libc_nano.a(lib_a-findfp.o)
                0x000000000800975c                __sfp
 .text._fwalk_reent
                0x00000000080097e8       0x3e c:/st/stm32cubeide_1.0.2/stm32cubeide/plugins/com.st.stm32cube.ide.mcu.externaltools.gnu-tools-for-stm32.9-2020-q2-update.win32_1.5.0.202011040924/tools/bin/../lib/gcc/arm-none-eabi/9.3.1/../../../../arm-none-eabi/lib/thumb/v7e-m+fp/hard\libc_nano.a(lib_a-fwalk.o)
                0x00000000080097e8                _fwalk_reent
 *fill*         0x0000000008009826        0x2 
 .text._localeconv_r
                0x0000000008009828        0x8 c:/st/stm32cubeide_1.0.2/stm32cubeide/plugins/com.st.stm32cube.ide.mcu.externaltools.gnu-tools-for-stm32.9-2020-q2-update.win32_1.5.0.202011040924/tools/bin/../lib/gcc/arm-none-eabi/9.3.1/../../../../arm-none-eabi/lib/thumb/v7e-m+fp/hard\libc_nano.a(lib_a-localeconv.o)
                0x0000000008009828                _localeconv_r
 .text.__retarget_lock_init_recursive
                0x0000000008009830        0x2 c:/st/stm32cubeide_1.0.2/stm32cubeide/plugins/com.st.stm32cube.ide.mcu.externaltools.gnu-tools-for-stm32.9-2020-q2-update.win32_1.5.0.202011040924/tools/bin/../lib/gcc/arm-none-eabi/9.3.1/../../../../arm-none-eabi/lib/thumb/v7e-m+fp/hard\libc_nano.a(lib_a-lock.o)
                0x0000000008009830                __retarget_lock_init_recursive
 .text.__retarget_lock_acquire_recursive
                0x0000000008009832        0x2 c:/st/stm32cubeide_1.0.2/stm32cubeide/plugins/com.st.stm32cube.ide.mcu.externaltools.gnu-tools-for-stm32.9-2020-q2-update.win32_1.5.0.202011040924/tools/bin/../lib/gcc/arm-none-eabi/9.3.1/../../../../arm-none-eabi/lib/thumb/v7e-m+fp/hard\libc_nano.a(lib_a-lock.o)
                0x0000000008009832                __retarget_lock_acquire_recursive
 .text.__retarget_lock_release_recursive
                0x0000000008009834        0x2 c:/st/stm32cubeide_1.0.2/stm32cubeide/plugins/com.st.stm32cube.ide.mcu.externaltools.gnu-tools-for-stm32.9-2020-q2-update.win32_1.5.0.202011040924/tools/bin/../lib/gcc/arm-none-eabi/9.3.1/../../../../arm-none-eabi/lib/thumb/v7e-m+fp/hard\libc_nano.a(lib_a-lock.o)
                0x0000000008009834                __retarget_lock_release_recursive
 .text.__swhatbuf_r
                0x0000000008009836       0x48 c:/st/stm32cubeide_1.0.2/stm32cubeide/plugins/com.st.stm32cube.ide.mcu.externaltools.gnu-tools-for-stm32.9-2020-q2-update.win32_1.5.0.202011040924/tools/bin/../lib/gcc/arm-none-eabi/9.3.1/../../../../arm-none-eabi/lib/thumb/v7e-m+fp/hard\libc_nano.a(lib_a-makebuf.o)
                0x0000000008009836                __swhatbuf_r
 *fill*         0x000000000800987e        0x2 
 .text.__smakebuf_r
                0x0000000008009880       0x80 c:/st/stm32cubeide_1.0.2/stm32cubeide/plugins/com.st.stm32cube.ide.mcu.externaltools.gnu-tools-for-stm32.9-2020-q2-update.win32_1.5.0.202011040924/tools/bin/../lib/gcc/arm-none-eabi/9.3.1/../../../../arm-none-eabi/lib/thumb/v7e-m+fp/hard\libc_nano.a(lib_a-makebuf.o)
                0x0000000008009880                __smakebuf_r
 .text.malloc   0x0000000008009900       0x10 c:/st/stm32cubeide_1.0.2/stm32cubeide/plugins/com.st.stm32cube.ide.mcu.externaltools.gnu-tools-for-stm32.9-2020-q2-update.win32_1.5.0.202011040924/tools/bin/../lib/gcc/arm-none-eabi/9.3.1/../../../../arm-none-eabi/lib/thumb/v7e-m+fp/hard\libc_nano.a(lib_a-malloc.o)
                0x0000000008009900                malloc
 .text.memcpy   0x0000000008009910       0x1c c:/st/stm32cubeide_1.0.2/stm32cubeide/plugins/com.st.stm32cube.ide.mcu.externaltools.gnu-tools-for-stm32.9-2020-q2-update.win32_1.5.0.202011040924/tools/bin/../lib/gcc/arm-none-eabi/9.3.1/../../../../arm-none-eabi/lib/thumb/v7e-m+fp/hard\libc_nano.a(lib_a-memcpy-stub.o)
                0x0000000008009910                memcpy
 .text._Balloc  0x000000000800992c       0x80 c:/st/stm32cubeide_1.0.2/stm32cubeide/plugins/com.st.stm32cube.ide.mcu.externaltools.gnu-tools-for-stm32.9-2020-q2-update.win32_1.5.0.202011040924/tools/bin/../lib/gcc/arm-none-eabi/9.3.1/../../../../arm-none-eabi/lib/thumb/v7e-m+fp/hard\libc_nano.a(lib_a-mprec.o)
                0x000000000800992c                _Balloc
 .text._Bfree   0x00000000080099ac       0x44 c:/st/stm32cubeide_1.0.2/stm32cubeide/plugins/com.st.stm32cube.ide.mcu.externaltools.gnu-tools-for-stm32.9-2020-q2-update.win32_1.5.0.202011040924/tools/bin/../lib/gcc/arm-none-eabi/9.3.1/../../../../arm-none-eabi/lib/thumb/v7e-m+fp/hard\libc_nano.a(lib_a-mprec.o)
                0x00000000080099ac                _Bfree
 .text.__multadd
                0x00000000080099f0       0x94 c:/st/stm32cubeide_1.0.2/stm32cubeide/plugins/com.st.stm32cube.ide.mcu.externaltools.gnu-tools-for-stm32.9-2020-q2-update.win32_1.5.0.202011040924/tools/bin/../lib/gcc/arm-none-eabi/9.3.1/../../../../arm-none-eabi/lib/thumb/v7e-m+fp/hard\libc_nano.a(lib_a-mprec.o)
                0x00000000080099f0                __multadd
 .text.__hi0bits
                0x0000000008009a84       0x40 c:/st/stm32cubeide_1.0.2/stm32cubeide/plugins/com.st.stm32cube.ide.mcu.externaltools.gnu-tools-for-stm32.9-2020-q2-update.win32_1.5.0.202011040924/tools/bin/../lib/gcc/arm-none-eabi/9.3.1/../../../../arm-none-eabi/lib/thumb/v7e-m+fp/hard\libc_nano.a(lib_a-mprec.o)
                0x0000000008009a84                __hi0bits
 .text.__lo0bits
                0x0000000008009ac4       0x60 c:/st/stm32cubeide_1.0.2/stm32cubeide/plugins/com.st.stm32cube.ide.mcu.externaltools.gnu-tools-for-stm32.9-2020-q2-update.win32_1.5.0.202011040924/tools/bin/../lib/gcc/arm-none-eabi/9.3.1/../../../../arm-none-eabi/lib/thumb/v7e-m+fp/hard\libc_nano.a(lib_a-mprec.o)
                0x0000000008009ac4                __lo0bits
 .text.__i2b    0x0000000008009b24       0x2c c:/st/stm32cubeide_1.0.2/stm32cubeide/plugins/com.st.stm32cube.ide.mcu.externaltools.gnu-tools-for-stm32.9-2020-q2-update.win32_1.5.0.202011040924/tools/bin/../lib/gcc/arm-none-eabi/9.3.1/../../../../arm-none-eabi/lib/thumb/v7e-m+fp/hard\libc_nano.a(lib_a-mprec.o)
                0x0000000008009b24                __i2b
 .text.__multiply
                0x0000000008009b50      0x14c c:/st/stm32cubeide_1.0.2/stm32cubeide/plugins/com.st.stm32cube.ide.mcu.externaltools.gnu-tools-for-stm32.9-2020-q2-update.win32_1.5.0.202011040924/tools/bin/../lib/gcc/arm-none-eabi/9.3.1/../../../../arm-none-eabi/lib/thumb/v7e-m+fp/hard\libc_nano.a(lib_a-mprec.o)
                0x0000000008009b50                __multiply
 .text.__pow5mult
                0x0000000008009c9c       0xb4 c:/st/stm32cubeide_1.0.2/stm32cubeide/plugins/com.st.stm32cube.ide.mcu.externaltools.gnu-tools-for-stm32.9-2020-q2-update.win32_1.5.0.202011040924/tools/bin/../lib/gcc/arm-none-eabi/9.3.1/../../../../arm-none-eabi/lib/thumb/v7e-m+fp/hard\libc_nano.a(lib_a-mprec.o)
                0x0000000008009c9c                __pow5mult
 .text.__lshift
                0x0000000008009d50       0xd8 c:/st/stm32cubeide_1.0.2/stm32cubeide/plugins/com.st.stm32cube.ide.mcu.externaltools.gnu-tools-for-stm32.9-2020-q2-update.win32_1.5.0.202011040924/tools/bin/../lib/gcc/arm-none-eabi/9.3.1/../../../../arm-none-eabi/lib/thumb/v7e-m+fp/hard\libc_nano.a(lib_a-mprec.o)
                0x0000000008009d50                __lshift
 .text.__mcmp   0x0000000008009e28       0x38 c:/st/stm32cubeide_1.0.2/stm32cubeide/plugins/com.st.stm32cube.ide.mcu.externaltools.gnu-tools-for-stm32.9-2020-q2-update.win32_1.5.0.202011040924/tools/bin/../lib/gcc/arm-none-eabi/9.3.1/../../../../arm-none-eabi/lib/thumb/v7e-m+fp/hard\libc_nano.a(lib_a-mprec.o)
                0x0000000008009e28                __mcmp
 .text.__mdiff  0x0000000008009e60      0x110 c:/st/stm32cubeide_1.0.2/stm32cubeide/plugins/com.st.stm32cube.ide.mcu.externaltools.gnu-tools-for-stm32.9-2020-q2-update.win32_1.5.0.202011040924/tools/bin/../lib/gcc/arm-none-eabi/9.3.1/../../../../arm-none-eabi/lib/thumb/v7e-m+fp/hard\libc_nano.a(lib_a-mprec.o)
                0x0000000008009e60                __mdiff
 .text.__d2b    0x0000000008009f70       0xb8 c:/st/stm32cubeide_1.0.2/stm32cubeide/plugins/com.st.stm32cube.ide.mcu.externaltools.gnu-tools-for-stm32.9-2020-q2-update.win32_1.5.0.202011040924/tools/bin/../lib/gcc/arm-none-eabi/9.3.1/../../../../arm-none-eabi/lib/thumb/v7e-m+fp/hard\libc_nano.a(lib_a-mprec.o)
                0x0000000008009f70                __d2b
 .text._calloc_r
                0x000000000800a028       0x1e c:/st/stm32cubeide_1.0.2/stm32cubeide/plugins/com.st.stm32cube.ide.mcu.externaltools.gnu-tools-for-stm32.9-2020-q2-update.win32_1.5.0.202011040924/tools/bin/../lib/gcc/arm-none-eabi/9.3.1/../../../../arm-none-eabi/lib/thumb/v7e-m+fp/hard\libc_nano.a(lib_a-nano-callocr.o)
                0x000000000800a028                _calloc_r
 *fill*         0x000000000800a046        0x2 
 .text._free_r  0x000000000800a048       0xa0 c:/st/stm32cubeide_1.0.2/stm32cubeide/plugins/com.st.stm32cube.ide.mcu.externaltools.gnu-tools-for-stm32.9-2020-q2-update.win32_1.5.0.202011040924/tools/bin/../lib/gcc/arm-none-eabi/9.3.1/../../../../arm-none-eabi/lib/thumb/v7e-m+fp/hard\libc_nano.a(lib_a-nano-freer.o)
                0x000000000800a048                _free_r
 .text._malloc_r
                0x000000000800a0e8       0xb4 c:/st/stm32cubeide_1.0.2/stm32cubeide/plugins/com.st.stm32cube.ide.mcu.externaltools.gnu-tools-for-stm32.9-2020-q2-update.win32_1.5.0.202011040924/tools/bin/../lib/gcc/arm-none-eabi/9.3.1/../../../../arm-none-eabi/lib/thumb/v7e-m+fp/hard\libc_nano.a(lib_a-nano-mallocr.o)
                0x000000000800a0e8                _malloc_r
 .text.__sfputc_r
                0x000000000800a19c       0x2e c:/st/stm32cubeide_1.0.2/stm32cubeide/plugins/com.st.stm32cube.ide.mcu.externaltools.gnu-tools-for-stm32.9-2020-q2-update.win32_1.5.0.202011040924/tools/bin/../lib/gcc/arm-none-eabi/9.3.1/../../../../arm-none-eabi/lib/thumb/v7e-m+fp/hard\libc_nano.a(lib_a-nano-vfprintf.o)
 .text.__sfputs_r
                0x000000000800a1ca       0x24 c:/st/stm32cubeide_1.0.2/stm32cubeide/plugins/com.st.stm32cube.ide.mcu.externaltools.gnu-tools-for-stm32.9-2020-q2-update.win32_1.5.0.202011040924/tools/bin/../lib/gcc/arm-none-eabi/9.3.1/../../../../arm-none-eabi/lib/thumb/v7e-m+fp/hard\libc_nano.a(lib_a-nano-vfprintf.o)
                0x000000000800a1ca                __sfputs_r
 *fill*         0x000000000800a1ee        0x2 
 .text._vfprintf_r
                0x000000000800a1f0      0x260 c:/st/stm32cubeide_1.0.2/stm32cubeide/plugins/com.st.stm32cube.ide.mcu.externaltools.gnu-tools-for-stm32.9-2020-q2-update.win32_1.5.0.202011040924/tools/bin/../lib/gcc/arm-none-eabi/9.3.1/../../../../arm-none-eabi/lib/thumb/v7e-m+fp/hard\libc_nano.a(lib_a-nano-vfprintf.o)
                0x000000000800a1f0                _vfprintf_r
                0x000000000800a1f0                _vfiprintf_r
 .text._sbrk_r  0x000000000800a450       0x20 c:/st/stm32cubeide_1.0.2/stm32cubeide/plugins/com.st.stm32cube.ide.mcu.externaltools.gnu-tools-for-stm32.9-2020-q2-update.win32_1.5.0.202011040924/tools/bin/../lib/gcc/arm-none-eabi/9.3.1/../../../../arm-none-eabi/lib/thumb/v7e-m+fp/hard\libc_nano.a(lib_a-sbrkr.o)
                0x000000000800a450                _sbrk_r
 .text.__sread  0x000000000800a470       0x22 c:/st/stm32cubeide_1.0.2/stm32cubeide/plugins/com.st.stm32cube.ide.mcu.externaltools.gnu-tools-for-stm32.9-2020-q2-update.win32_1.5.0.202011040924/tools/bin/../lib/gcc/arm-none-eabi/9.3.1/../../../../arm-none-eabi/lib/thumb/v7e-m+fp/hard\libc_nano.a(lib_a-stdio.o)
                0x000000000800a470                __sread
 .text.__swrite
                0x000000000800a492       0x38 c:/st/stm32cubeide_1.0.2/stm32cubeide/plugins/com.st.stm32cube.ide.mcu.externaltools.gnu-tools-for-stm32.9-2020-q2-update.win32_1.5.0.202011040924/tools/bin/../lib/gcc/arm-none-eabi/9.3.1/../../../../arm-none-eabi/lib/thumb/v7e-m+fp/hard\libc_nano.a(lib_a-stdio.o)
                0x000000000800a492                __swrite
 .text.__sseek  0x000000000800a4ca       0x24 c:/st/stm32cubeide_1.0.2/stm32cubeide/plugins/com.st.stm32cube.ide.mcu.externaltools.gnu-tools-for-stm32.9-2020-q2-update.win32_1.5.0.202011040924/tools/bin/../lib/gcc/arm-none-eabi/9.3.1/../../../../arm-none-eabi/lib/thumb/v7e-m+fp/hard\libc_nano.a(lib_a-stdio.o)
                0x000000000800a4ca                __sseek
 .text.__sclose
                0x000000000800a4ee        0x8 c:/st/stm32cubeide_1.0.2/stm32cubeide/plugins/com.st.stm32cube.ide.mcu.externaltools.gnu-tools-for-stm32.9-2020-q2-update.win32_1.5.0.202011040924/tools/bin/../lib/gcc/arm-none-eabi/9.3.1/../../../../arm-none-eabi/lib/thumb/v7e-m+fp/hard\libc_nano.a(lib_a-stdio.o)
                0x000000000800a4ee                __sclose
 *fill*         0x000000000800a4f6        0x2 
 .text._write_r
                0x000000000800a4f8       0x24 c:/st/stm32cubeide_1.0.2/stm32cubeide/plugins/com.st.stm32cube.ide.mcu.externaltools.gnu-tools-for-stm32.9-2020-q2-update.win32_1.5.0.202011040924/tools/bin/../lib/gcc/arm-none-eabi/9.3.1/../../../../arm-none-eabi/lib/thumb/v7e-m+fp/hard\libc_nano.a(lib_a-writer.o)
                0x000000000800a4f8                _write_r
 .text.__assert_func
                0x000000000800a51c       0x3c c:/st/stm32cubeide_1.0.2/stm32cubeide/plugins/com.st.stm32cube.ide.mcu.externaltools.gnu-tools-for-stm32.9-2020-q2-update.win32_1.5.0.202011040924/tools/bin/../lib/gcc/arm-none-eabi/9.3.1/../../../../arm-none-eabi/lib/thumb/v7e-m+fp/hard\libc_nano.a(lib_a-assert.o)
                0x000000000800a51c                __assert_func
 .text._close_r
                0x000000000800a558       0x20 c:/st/stm32cubeide_1.0.2/stm32cubeide/plugins/com.st.stm32cube.ide.mcu.externaltools.gnu-tools-for-stm32.9-2020-q2-update.win32_1.5.0.202011040924/tools/bin/../lib/gcc/arm-none-eabi/9.3.1/../../../../arm-none-eabi/lib/thumb/v7e-m+fp/hard\libc_nano.a(lib_a-closer.o)
                0x000000000800a558                _close_r
 .text.fprintf  0x000000000800a578       0x24 c:/st/stm32cubeide_1.0.2/stm32cubeide/plugins/com.st.stm32cube.ide.mcu.externaltools.gnu-tools-for-stm32.9-2020-q2-update.win32_1.5.0.202011040924/tools/bin/../lib/gcc/arm-none-eabi/9.3.1/../../../../arm-none-eabi/lib/thumb/v7e-m+fp/hard\libc_nano.a(lib_a-fprintf.o)
                0x000000000800a578                fiprintf
                0x000000000800a578                fprintf
 .text._fstat_r
                0x000000000800a59c       0x24 c:/st/stm32cubeide_1.0.2/stm32cubeide/plugins/com.st.stm32cube.ide.mcu.externaltools.gnu-tools-for-stm32.9-2020-q2-update.win32_1.5.0.202011040924/tools/bin/../lib/gcc/arm-none-eabi/9.3.1/../../../../arm-none-eabi/lib/thumb/v7e-m+fp/hard\libc_nano.a(lib_a-fstatr.o)
                0x000000000800a59c                _fstat_r
 .text._isatty_r
                0x000000000800a5c0       0x20 c:/st/stm32cubeide_1.0.2/stm32cubeide/plugins/com.st.stm32cube.ide.mcu.externaltools.gnu-tools-for-stm32.9-2020-q2-update.win32_1.5.0.202011040924/tools/bin/../lib/gcc/arm-none-eabi/9.3.1/../../../../arm-none-eabi/lib/thumb/v7e-m+fp/hard\libc_nano.a(lib_a-isattyr.o)
                0x000000000800a5c0                _isatty_r
 .text._lseek_r
                0x000000000800a5e0       0x24 c:/st/stm32cubeide_1.0.2/stm32cubeide/plugins/com.st.stm32cube.ide.mcu.externaltools.gnu-tools-for-stm32.9-2020-q2-update.win32_1.5.0.202011040924/tools/bin/../lib/gcc/arm-none-eabi/9.3.1/../../../../arm-none-eabi/lib/thumb/v7e-m+fp/hard\libc_nano.a(lib_a-lseekr.o)
                0x000000000800a5e0                _lseek_r
 .text.__ascii_mbtowc
                0x000000000800a604       0x24 c:/st/stm32cubeide_1.0.2/stm32cubeide/plugins/com.st.stm32cube.ide.mcu.externaltools.gnu-tools-for-stm32.9-2020-q2-update.win32_1.5.0.202011040924/tools/bin/../lib/gcc/arm-none-eabi/9.3.1/../../../../arm-none-eabi/lib/thumb/v7e-m+fp/hard\libc_nano.a(lib_a-mbtowc_r.o)
                0x000000000800a604                __ascii_mbtowc
 .text.__malloc_lock
                0x000000000800a628        0xc c:/st/stm32cubeide_1.0.2/stm32cubeide/plugins/com.st.stm32cube.ide.mcu.externaltools.gnu-tools-for-stm32.9-2020-q2-update.win32_1.5.0.202011040924/tools/bin/../lib/gcc/arm-none-eabi/9.3.1/../../../../arm-none-eabi/lib/thumb/v7e-m+fp/hard\libc_nano.a(lib_a-mlock.o)
                0x000000000800a628                __malloc_lock
 .text.__malloc_unlock
                0x000000000800a634        0xc c:/st/stm32cubeide_1.0.2/stm32cubeide/plugins/com.st.stm32cube.ide.mcu.externaltools.gnu-tools-for-stm32.9-2020-q2-update.win32_1.5.0.202011040924/tools/bin/../lib/gcc/arm-none-eabi/9.3.1/../../../../arm-none-eabi/lib/thumb/v7e-m+fp/hard\libc_nano.a(lib_a-mlock.o)
                0x000000000800a634                __malloc_unlock
 .text._read_r  0x000000000800a640       0x24 c:/st/stm32cubeide_1.0.2/stm32cubeide/plugins/com.st.stm32cube.ide.mcu.externaltools.gnu-tools-for-stm32.9-2020-q2-update.win32_1.5.0.202011040924/tools/bin/../lib/gcc/arm-none-eabi/9.3.1/../../../../arm-none-eabi/lib/thumb/v7e-m+fp/hard\libc_nano.a(lib_a-readr.o)
                0x000000000800a640                _read_r
 .text.__ascii_wctomb
                0x000000000800a664       0x1a c:/st/stm32cubeide_1.0.2/stm32cubeide/plugins/com.st.stm32cube.ide.mcu.externaltools.gnu-tools-for-stm32.9-2020-q2-update.win32_1.5.0.202011040924/tools/bin/../lib/gcc/arm-none-eabi/9.3.1/../../../../arm-none-eabi/lib/thumb/v7e-m+fp/hard\libc_nano.a(lib_a-wctomb_r.o)
                0x000000000800a664                __ascii_wctomb
 .text.abort    0x000000000800a67e        0xe c:/st/stm32cubeide_1.0.2/stm32cubeide/plugins/com.st.stm32cube.ide.mcu.externaltools.gnu-tools-for-stm32.9-2020-q2-update.win32_1.5.0.202011040924/tools/bin/../lib/gcc/arm-none-eabi/9.3.1/../../../../arm-none-eabi/lib/thumb/v7e-m+fp/hard\libc_nano.a(lib_a-abort.o)
                0x000000000800a67e                abort
 .text._raise_r
                0x000000000800a68c       0x50 c:/st/stm32cubeide_1.0.2/stm32cubeide/plugins/com.st.stm32cube.ide.mcu.externaltools.gnu-tools-for-stm32.9-2020-q2-update.win32_1.5.0.202011040924/tools/bin/../lib/gcc/arm-none-eabi/9.3.1/../../../../arm-none-eabi/lib/thumb/v7e-m+fp/hard\libc_nano.a(lib_a-signal.o)
                0x000000000800a68c                _raise_r
 .text.raise    0x000000000800a6dc       0x10 c:/st/stm32cubeide_1.0.2/stm32cubeide/plugins/com.st.stm32cube.ide.mcu.externaltools.gnu-tools-for-stm32.9-2020-q2-update.win32_1.5.0.202011040924/tools/bin/../lib/gcc/arm-none-eabi/9.3.1/../../../../arm-none-eabi/lib/thumb/v7e-m+fp/hard\libc_nano.a(lib_a-signal.o)
                0x000000000800a6dc                raise
 .text._kill_r  0x000000000800a6ec       0x24 c:/st/stm32cubeide_1.0.2/stm32cubeide/plugins/com.st.stm32cube.ide.mcu.externaltools.gnu-tools-for-stm32.9-2020-q2-update.win32_1.5.0.202011040924/tools/bin/../lib/gcc/arm-none-eabi/9.3.1/../../../../arm-none-eabi/lib/thumb/v7e-m+fp/hard\libc_nano.a(lib_a-signalr.o)
                0x000000000800a6ec                _kill_r
 .text._getpid_r
                0x000000000800a710        0x4 c:/st/stm32cubeide_1.0.2/stm32cubeide/plugins/com.st.stm32cube.ide.mcu.externaltools.gnu-tools-for-stm32.9-2020-q2-update.win32_1.5.0.202011040924/tools/bin/../lib/gcc/arm-none-eabi/9.3.1/../../../../arm-none-eabi/lib/thumb/v7e-m+fp/hard\libc_nano.a(lib_a-signalr.o)
                0x000000000800a710                _getpid_r
 *(.glue_7)
 .glue_7        0x000000000800a714        0x0 linker stubs
 *(.glue_7t)
 .glue_7t       0x000000000800a714        0x0 linker stubs
 *(.eh_frame)
 .eh_frame      0x000000000800a714        0x0 c:/st/stm32cubeide_1.0.2/stm32cubeide/plugins/com.st.stm32cube.ide.mcu.externaltools.gnu-tools-for-stm32.9-2020-q2-update.win32_1.5.0.202011040924/tools/bin/../lib/gcc/arm-none-eabi/9.3.1/thumb/v7e-m+fp/hard/crtbegin.o
 *(.init)
 .init          0x000000000800a714        0x4 c:/st/stm32cubeide_1.0.2/stm32cubeide/plugins/com.st.stm32cube.ide.mcu.externaltools.gnu-tools-for-stm32.9-2020-q2-update.win32_1.5.0.202011040924/tools/bin/../lib/gcc/arm-none-eabi/9.3.1/thumb/v7e-m+fp/hard/crti.o
                0x000000000800a714                _init
 .init          0x000000000800a718        0x8 c:/st/stm32cubeide_1.0.2/stm32cubeide/plugins/com.st.stm32cube.ide.mcu.externaltools.gnu-tools-for-stm32.9-2020-q2-update.win32_1.5.0.202011040924/tools/bin/../lib/gcc/arm-none-eabi/9.3.1/thumb/v7e-m+fp/hard/crtn.o
 *(.fini)
 .fini          0x000000000800a720        0x4 c:/st/stm32cubeide_1.0.2/stm32cubeide/plugins/com.st.stm32cube.ide.mcu.externaltools.gnu-tools-for-stm32.9-2020-q2-update.win32_1.5.0.202011040924/tools/bin/../lib/gcc/arm-none-eabi/9.3.1/thumb/v7e-m+fp/hard/crti.o
                0x000000000800a720                _fini
 .fini          0x000000000800a724        0x8 c:/st/stm32cubeide_1.0.2/stm32cubeide/plugins/com.st.stm32cube.ide.mcu.externaltools.gnu-tools-for-stm32.9-2020-q2-update.win32_1.5.0.202011040924/tools/bin/../lib/gcc/arm-none-eabi/9.3.1/thumb/v7e-m+fp/hard/crtn.o
                0x000000000800a72c                . = ALIGN (0x4)
                0x000000000800a72c                _etext = .

.vfp11_veneer   0x000000000800a72c        0x0
 .vfp11_veneer  0x000000000800a72c        0x0 linker stubs

.v4_bx          0x000000000800a72c        0x0
 .v4_bx         0x000000000800a72c        0x0 linker stubs

.iplt           0x000000000800a72c        0x0
 .iplt          0x000000000800a72c        0x0 c:/st/stm32cubeide_1.0.2/stm32cubeide/plugins/com.st.stm32cube.ide.mcu.externaltools.gnu-tools-for-stm32.9-2020-q2-update.win32_1.5.0.202011040924/tools/bin/../lib/gcc/arm-none-eabi/9.3.1/thumb/v7e-m+fp/hard/crtbegin.o

.rodata         0x000000000800a730      0x55c
                0x000000000800a730                . = ALIGN (0x4)
 *(.rodata)
 .rodata        0x000000000800a730       0x55 Core/Src/Controller/mode.o
 *fill*         0x000000000800a785        0x3 
 .rodata        0x000000000800a788       0x28 Core/Src/Hardware/ICM20689.o
 .rodata        0x000000000800a7b0       0xaf Core/Src/main.o
 *(.rodata*)
 *fill*         0x000000000800a85f        0x1 
 .rodata.STREAM_OFFSET_TAB
                0x000000000800a860        0x8 Core/Src/Hardware/wall_sensor.o
 .rodata.STREAM_OFFSET_TAB
                0x000000000800a868        0x8 Core/Src/adc.o
 .rodata.AHBPrescTable
                0x000000000800a870       0x10 Core/Src/system_stm32f4xx.o
                0x000000000800a870                AHBPrescTable
 .rodata.APBPrescTable
                0x000000000800a880        0x8 Core/Src/system_stm32f4xx.o
                0x000000000800a880                APBPrescTable
 .rodata.OFFSET_TAB_CCMRx
                0x000000000800a888        0x7 Core/Src/tim.o
 *fill*         0x000000000800a88f        0x1 
 .rodata.SHIFT_TAB_OCxx
                0x000000000800a890        0x7 Core/Src/tim.o
 *fill*         0x000000000800a897        0x1 
 .rodata.SHIFT_TAB_ICxx
                0x000000000800a898        0x7 Core/Src/tim.o
 *fill*         0x000000000800a89f        0x1 
 .rodata.SHIFT_TAB_CCxP
                0x000000000800a8a0        0x7 Core/Src/tim.o
 *fill*         0x000000000800a8a7        0x1 
 .rodata._global_impure_ptr
                0x000000000800a8a8        0x4 c:/st/stm32cubeide_1.0.2/stm32cubeide/plugins/com.st.stm32cube.ide.mcu.externaltools.gnu-tools-for-stm32.9-2020-q2-update.win32_1.5.0.202011040924/tools/bin/../lib/gcc/arm-none-eabi/9.3.1/../../../../arm-none-eabi/lib/thumb/v7e-m+fp/hard\libc_nano.a(lib_a-impure.o)
                0x000000000800a8a8                _global_impure_ptr
 .rodata._printf_float.str1.1
                0x000000000800a8ac       0x12 c:/st/stm32cubeide_1.0.2/stm32cubeide/plugins/com.st.stm32cube.ide.mcu.externaltools.gnu-tools-for-stm32.9-2020-q2-update.win32_1.5.0.202011040924/tools/bin/../lib/gcc/arm-none-eabi/9.3.1/../../../../arm-none-eabi/lib/thumb/v7e-m+fp/hard\libc_nano.a(lib_a-nano-vfprintf_float.o)
 .rodata._printf_i.str1.1
                0x000000000800a8be       0x22 c:/st/stm32cubeide_1.0.2/stm32cubeide/plugins/com.st.stm32cube.ide.mcu.externaltools.gnu-tools-for-stm32.9-2020-q2-update.win32_1.5.0.202011040924/tools/bin/../lib/gcc/arm-none-eabi/9.3.1/../../../../arm-none-eabi/lib/thumb/v7e-m+fp/hard\libc_nano.a(lib_a-nano-vfprintf_i.o)
 .rodata._dtoa_r.str1.1
                0x000000000800a8e0       0x94 c:/st/stm32cubeide_1.0.2/stm32cubeide/plugins/com.st.stm32cube.ide.mcu.externaltools.gnu-tools-for-stm32.9-2020-q2-update.win32_1.5.0.202011040924/tools/bin/../lib/gcc/arm-none-eabi/9.3.1/../../../../arm-none-eabi/lib/thumb/v7e-m+fp/hard\libc_nano.a(lib_a-dtoa.o)
                                         0x96 (size before relaxing)
 .rodata.__sf_fake_stderr
                0x000000000800a974       0x20 c:/st/stm32cubeide_1.0.2/stm32cubeide/plugins/com.st.stm32cube.ide.mcu.externaltools.gnu-tools-for-stm32.9-2020-q2-update.win32_1.5.0.202011040924/tools/bin/../lib/gcc/arm-none-eabi/9.3.1/../../../../arm-none-eabi/lib/thumb/v7e-m+fp/hard\libc_nano.a(lib_a-findfp.o)
                0x000000000800a974                __sf_fake_stderr
 .rodata.__sf_fake_stdin
                0x000000000800a994       0x20 c:/st/stm32cubeide_1.0.2/stm32cubeide/plugins/com.st.stm32cube.ide.mcu.externaltools.gnu-tools-for-stm32.9-2020-q2-update.win32_1.5.0.202011040924/tools/bin/../lib/gcc/arm-none-eabi/9.3.1/../../../../arm-none-eabi/lib/thumb/v7e-m+fp/hard\libc_nano.a(lib_a-findfp.o)
                0x000000000800a994                __sf_fake_stdin
 .rodata.__sf_fake_stdout
                0x000000000800a9b4       0x20 c:/st/stm32cubeide_1.0.2/stm32cubeide/plugins/com.st.stm32cube.ide.mcu.externaltools.gnu-tools-for-stm32.9-2020-q2-update.win32_1.5.0.202011040924/tools/bin/../lib/gcc/arm-none-eabi/9.3.1/../../../../arm-none-eabi/lib/thumb/v7e-m+fp/hard\libc_nano.a(lib_a-findfp.o)
                0x000000000800a9b4                __sf_fake_stdout
 .rodata._Balloc.str1.1
                0x000000000800a9d4       0x60 c:/st/stm32cubeide_1.0.2/stm32cubeide/plugins/com.st.stm32cube.ide.mcu.externaltools.gnu-tools-for-stm32.9-2020-q2-update.win32_1.5.0.202011040924/tools/bin/../lib/gcc/arm-none-eabi/9.3.1/../../../../arm-none-eabi/lib/thumb/v7e-m+fp/hard\libc_nano.a(lib_a-mprec.o)
                                         0x77 (size before relaxing)
 .rodata.__multadd.str1.1