Archive member included to satisfy reference by file (symbol)

c:/st/stm32cubeide_1.0.2/stm32cubeide/plugins/com.st.stm32cube.ide.mcu.externaltools.gnu-tools-for-stm32.9-2020-q2-update.win32_1.5.0.202011040924/tools/bin/../lib/gcc/arm-none-eabi/9.3.1/../../../../arm-none-eabi/lib/thumb/v7e-m+fp/hard\libc_nano.a(lib_a-errno.o)
                              Core/Src/syscalls.o (__errno)
c:/st/stm32cubeide_1.0.2/stm32cubeide/plugins/com.st.stm32cube.ide.mcu.externaltools.gnu-tools-for-stm32.9-2020-q2-update.win32_1.5.0.202011040924/tools/bin/../lib/gcc/arm-none-eabi/9.3.1/../../../../arm-none-eabi/lib/thumb/v7e-m+fp/hard\libc_nano.a(lib_a-exit.o)
                              c:/st/stm32cubeide_1.0.2/stm32cubeide/plugins/com.st.stm32cube.ide.mcu.externaltools.gnu-tools-for-stm32.9-2020-q2-update.win32_1.5.0.202011040924/tools/bin/../lib/gcc/arm-none-eabi/9.3.1/../../../../arm-none-eabi/lib/thumb/v7e-m+fp/hard/crt0.o (exit)
c:/st/stm32cubeide_1.0.2/stm32cubeide/plugins/com.st.stm32cube.ide.mcu.externaltools.gnu-tools-for-stm32.9-2020-q2-update.win32_1.5.0.202011040924/tools/bin/../lib/gcc/arm-none-eabi/9.3.1/../../../../arm-none-eabi/lib/thumb/v7e-m+fp/hard\libc_nano.a(lib_a-impure.o)
                              c:/st/stm32cubeide_1.0.2/stm32cubeide/plugins/com.st.stm32cube.ide.mcu.externaltools.gnu-tools-for-stm32.9-2020-q2-update.win32_1.5.0.202011040924/tools/bin/../lib/gcc/arm-none-eabi/9.3.1/../../../../arm-none-eabi/lib/thumb/v7e-m+fp/hard\libc_nano.a(lib_a-exit.o) (_global_impure_ptr)
c:/st/stm32cubeide_1.0.2/stm32cubeide/plugins/com.st.stm32cube.ide.mcu.externaltools.gnu-tools-for-stm32.9-2020-q2-update.win32_1.5.0.202011040924/tools/bin/../lib/gcc/arm-none-eabi/9.3.1/../../../../arm-none-eabi/lib/thumb/v7e-m+fp/hard\libc_nano.a(lib_a-init.o)
                              c:/st/stm32cubeide_1.0.2/stm32cubeide/plugins/com.st.stm32cube.ide.mcu.externaltools.gnu-tools-for-stm32.9-2020-q2-update.win32_1.5.0.202011040924/tools/bin/../lib/gcc/arm-none-eabi/9.3.1/../../../../arm-none-eabi/lib/thumb/v7e-m+fp/hard/crt0.o (__libc_init_array)
c:/st/stm32cubeide_1.0.2/stm32cubeide/plugins/com.st.stm32cube.ide.mcu.externaltools.gnu-tools-for-stm32.9-2020-q2-update.win32_1.5.0.202011040924/tools/bin/../lib/gcc/arm-none-eabi/9.3.1/../../../../arm-none-eabi/lib/thumb/v7e-m+fp/hard\libc_nano.a(lib_a-memset.o)
                              c:/st/stm32cubeide_1.0.2/stm32cubeide/plugins/com.st.stm32cube.ide.mcu.externaltools.gnu-tools-for-stm32.9-2020-q2-update.win32_1.5.0.202011040924/tools/bin/../lib/gcc/arm-none-eabi/9.3.1/../../../../arm-none-eabi/lib/thumb/v7e-m+fp/hard/crt0.o (memset)
c:/st/stm32cubeide_1.0.2/stm32cubeide/plugins/com.st.stm32cube.ide.mcu.externaltools.gnu-tools-for-stm32.9-2020-q2-update.win32_1.5.0.202011040924/tools/bin/../lib/gcc/arm-none-eabi/9.3.1/../../../../arm-none-eabi/lib/thumb/v7e-m+fp/hard\libc_nano.a(lib_a-nano-vfprintf_float.o)
                              (_printf_float)
c:/st/stm32cubeide_1.0.2/stm32cubeide/plugins/com.st.stm32cube.ide.mcu.externaltools.gnu-tools-for-stm32.9-2020-q2-update.win32_1.5.0.202011040924/tools/bin/../lib/gcc/arm-none-eabi/9.3.1/../../../../arm-none-eabi/lib/thumb/v7e-m+fp/hard\libc_nano.a(lib_a-nano-vfprintf_i.o)
                              c:/st/stm32cubeide_1.0.2/stm32cubeide/plugins/com.st.stm32cube.ide.mcu.externaltools.gnu-tools-for-stm32.9-2020-q2-update.win32_1.5.0.202011040924/tools/bin/../lib/gcc/arm-none-eabi/9.3.1/../../../../arm-none-eabi/lib/thumb/v7e-m+fp/hard\libc_nano.a(lib_a-nano-vfprintf_float.o) (_printf_common)
c:/st/stm32cubeide_1.0.2/stm32cubeide/plugins/com.st.stm32cube.ide.mcu.externaltools.gnu-tools-for-stm32.9-2020-q2-update.win32_1.5.0.202011040924/tools/bin/../lib/gcc/arm-none-eabi/9.3.1/../../../../arm-none-eabi/lib/thumb/v7e-m+fp/hard\libc_nano.a(lib_a-printf.o)
                              Core/Src/Controller/mode.o (printf)
c:/st/stm32cubeide_1.0.2/stm32cubeide/plugins/com.st.stm32cube.ide.mcu.externaltools.gnu-tools-for-stm32.9-2020-q2-update.win32_1.5.0.202011040924/tools/bin/../lib/gcc/arm-none-eabi/9.3.1/../../../../arm-none-eabi/lib/thumb/v7e-m+fp/hard\libc_nano.a(lib_a-putchar.o)
                              Core/Src/System/map.o (putchar)
c:/st/stm32cubeide_1.0.2/stm32cubeide/plugins/com.st.stm32cube.ide.mcu.externaltools.gnu-tools-for-stm32.9-2020-q2-update.win32_1.5.0.202011040924/tools/bin/../lib/gcc/arm-none-eabi/9.3.1/../../../../arm-none-eabi/lib/thumb/v7e-m+fp/hard\libc_nano.a(lib_a-puts.o)
                              Core/Src/Controller/mode.o (puts)
c:/st/stm32cubeide_1.0.2/stm32cubeide/plugins/com.st.stm32cube.ide.mcu.externaltools.gnu-tools-for-stm32.9-2020-q2-update.win32_1.5.0.202011040924/tools/bin/../lib/gcc/arm-none-eabi/9.3.1/../../../../arm-none-eabi/lib/thumb/v7e-m+fp/hard\libc_nano.a(lib_a-setbuf.o)
                              Core/Src/main.o (setbuf)
[...]
Memory Configuration

Name             Origin             Length             Attributes
CCMRAM           0x0000000010000000 0x0000000000010000 xrw
RAM              0x0000000020000000 0x0000000000020000 xrw
FLASH            0x0000000008000000 0x0000000000100000 xr
*default*        0x0000000000000000 0xffffffffffffffff

Linker script and memory map

LOAD c:/st/stm32cubeide_1.0.2/stm32cubeide/plugins/com.st.stm32cube.ide.mcu.externaltools.gnu-tools-for-stm32.9-2020-q2-update.win32_1.5.0.202011040924/tools/bin/../lib/gcc/arm-none-eabi/9.3.1/thumb/v7e-m+fp/hard/crti.o
LOAD c:/st/stm32cubeide_1.0.2/stm32cubeide/plugins/com.st.stm32cube.ide.mcu.externaltools.gnu-tools-for-stm32.9-2020-q2-update.win32_1.5.0.202011040924/tools/bin/../lib/gcc/arm-none-eabi/9.3.1/thumb/v7e-m+fp/hard/crtbegin.o
LOAD c:/st/stm32cubeide_1.0.2/stm32cubeide/plugins/com.st.stm32cube.ide.mcu.externaltools.gnu-tools-for-stm32.9-2020-q2-update.win32_1.5.0.202011040924/tools/bin/../lib/gcc/arm-none-eabi/9.3.1/../../../../arm-none-eabi/lib/thumb/v7e-m+fp/hard/crt0.o
LOAD Core/Src/Controller/callback.o
LOAD Core/Src/Controller/mode.o
LOAD Core/Src/Controller/search.o
LOAD Core/Src/Controller/state.o
LOAD Core/Src/Controller/test.o
LOAD Core/Src/Hardware/ICM20689.o
LOAD Core/Src/Hardware/basic_timer.o
LOAD Core/Src/Hardware/battery.o
LOAD Core/Src/Hardware/buzzer.o
LOAD Core/Src/Hardware/encoder.o
LOAD Core/Src/Hardware/flash.o
LOAD Core/Src/Hardware/interface_LED.o
LOAD Core/Src/Hardware/motor.o
LOAD Core/Src/Hardware/wall_sensor.o
LOAD Core/Src/System/flags.o
LOAD Core/Src/System/log.o
LOAD Core/Src/System/map.o
LOAD Core/Src/System/motion.o
LOAD Core/Src/System/music.o
LOAD Core/Src/System/route.o
LOAD Core/Src/System/sensing.o
LOAD Core/Src/adc.o
LOAD Core/Src/dma.o
LOAD Core/Src/gpio.o
LOAD Core/Src/main.o
LOAD Core/Src/spi.o
LOAD Core/Src/stm32f4xx_it.o
LOAD Core/Src/syscalls.o
LOAD Core/Src/sysmem.o
LOAD Core/Src/system_stm32f4xx.o
LOAD Core/Src/tim.o
LOAD Core/Src/usart.o
LOAD Core/Startup/startup_stm32f405rgtx.o
LOAD Drivers/STM32F4xx_HAL_Driver/Src/stm32f4xx_ll_adc.o
LOAD Drivers/STM32F4xx_HAL_Driver/Src/stm32f4xx_ll_dma.o
LOAD Drivers/STM32F4xx_HAL_Driver/Src/stm32f4xx_ll_exti.o
LOAD Drivers/STM32F4xx_HAL_Driver/Src/stm32f4xx_ll_gpio.o
LOAD Drivers/STM32F4xx_HAL_Driver/Src/stm32f4xx_ll_rcc.o
LOAD Drivers/STM32F4xx_HAL_Driver/Src/stm32f4xx_ll_spi.o
LOAD Drivers/STM32F4xx_HAL_Driver/Src/stm32f4xx_ll_tim.o
LOAD Drivers/STM32F4xx_HAL_Driver/Src/stm32f4xx_ll_usart.o
LOAD Drivers/STM32F4xx_HAL_Driver/Src/stm32f4xx_ll_utils.o
START GROUP
LOAD c:/st/stm32cubeide_1.0.2/stm32cubeide/plugins/com.st.stm32cube.ide.mcu.externaltools.gnu-tools-for-stm32.9-2020-q2-update.win32_1.5.0.202011040924/tools/bin/../lib/gcc/arm-none-eabi/9.3.1/../../../../arm-none-eabi/lib/thumb/v7e-m+fp/hard\libc_nano.a
LOAD c:/st/stm32cubeide_1.0.2/stm32cubeide/plugins/com.st.stm32cube.ide.mcu.externaltools.gnu-tools-for-stm32.9-2020-q2-update.win32_1.5.0.202011040924/tools/bin/../lib/gcc/arm-none-eabi/9.3.1/../../../../arm-none-eabi/lib/thumb/v7e-m+fp/hard\libm.a
END GROUP
START GROUP
LOAD c:/st/stm32cubeide_1.0.2/stm32cubeide/plugins/com.st.stm32cube.ide.mcu.externaltools.gnu-tools-for-stm32.9-2020-q2-update.win32_1.5.0.202011040924/tools/bin/../lib/gcc/arm-none-eabi/9.3.1/thumb/v7e-m+fp/hard\libgcc.a
LOAD c:/st/stm32cubeide_1.0.2/stm32cubeide/plugins/com.st.stm32cube.ide.mcu.externaltools.gnu-tools-for-stm32.9-2020-q2-update.win32_1.5.0.202011040924/tools/bin/../lib/gcc/arm-none-eabi/9.3.1/../../../../arm-none-eabi/lib/thumb/v7e-m+fp/hard\libc_nano.a
END GROUP
START GROUP
LOAD c:/st/stm32cubeide_1.0.2/stm32cubeide/plugins/com.st.stm32cube.ide.mcu.externaltools.gnu-tools-for-stm32.9-2020-q2-update.win32_1.5.0.202011040924/tools/bin/../lib/gcc/arm-none-eabi/9.3.1/thumb/v7e-m+fp/hard\libgcc.a
LOAD c:/st/stm32cubeide_1.0.2/stm32cubeide/plugins/com.st.stm32cube.ide.mcu.externaltools.gnu-tools-for-stm32.9-2020-q2-update.win32_1.5.0.202011040924/tools/bin/../lib/gcc/arm-none-eabi/9.3.1/../../../../arm-none-eabi/lib/thumb/v7e-m+fp/hard\libc_nano.a
LOAD c:/st/stm32cubeide_1.0.2/stm32cubeide/plugins/com.st.stm32cube.ide.mcu.externaltools.gnu-tools-for-stm32.9-2020-q2-update.win32_1.5.0.202011040924/tools/bin/../lib/gcc/arm-none-eabi/9.3.1/../../../../arm-none-eabi/lib/thumb/v7e-m+fp/hard\libnosys.a
END GROUP
START GROUP
LOAD c:/st/stm32cubeide_1.0.2/stm32cubeide/plugins/com.st.stm32cube.ide.mcu.externaltools.gnu-tools-for-stm32.9-2020-q2-update.win32_1.5.0.202011040924/tools/bin/../lib/gcc/arm-none-eabi/9.3.1/thumb/v7e-m+fp/hard\libgcc.a
LOAD c:/st/stm32cubeide_1.0.2/stm32cubeide/plugins/com.st.stm32cube.ide.mcu.externaltools.gnu-tools-for-stm32.9-2020-q2-update.win32_1.5.0.202011040924/tools/bin/../lib/gcc/arm-none-eabi/9.3.1/../../../../arm-none-eabi/lib/thumb/v7e-m+fp/hard\libc_nano.a
LOAD c:/st/stm32cubeide_1.0.2/stm32cubeide/plugins/com.st.stm32cube.ide.mcu.externaltools.gnu-tools-for-stm32.9-2020-q2-update.win32_1.5.0.202011040924/tools/bin/../lib/gcc/arm-none-eabi/9.3.1/../../../../arm-none-eabi/lib/thumb/v7e-m+fp/hard\libnosys.a
END GROUP
LOAD c:/st/stm32cubeide_1.0.2/stm32cubeide/plugins/com.st.stm32cube.ide.mcu.externaltools.gnu-tools-for-stm32.9-2020-q2-update.win32_1.5.0.202011040924/tools/bin/../lib/gcc/arm-none-eabi/9.3.1/thumb/v7e-m+fp/hard/crtend.o
LOAD c:/st/stm32cubeide_1.0.2/stm32cubeide/plugins/com.st.stm32cube.ide.mcu.externaltools.gnu-tools-for-stm32.9-2020-q2-update.win32_1.5.0.202011040924/tools/bin/../lib/gcc/arm-none-eabi/9.3.1/thumb/v7e-m+fp/hard/crtn.o
                0x0000000020020000                _estack = (ORIGIN (RAM) + LENGTH (RAM))
                0x0000000000000200                _Min_Heap_Size = 0x200
                0x0000000000000400                _Min_Stack_Size = 0x400

.isr_vector     0x0000000008000000      0x188
                0x0000000008000000                . = ALIGN (0x4)
 *(.isr_vector)
 .isr_vector    0x0000000008000000      0x188 Core/Startup/startup_stm32f405rgtx.o
                0x0000000008000000                g_pfnVectors
                0x0000000008000188                . = ALIGN (0x4)

.text           0x0000000008000190     0xae54
                0x0000000008000190                . = ALIGN (0x4)
 *(.text)
 .text          0x0000000008000190       0x40 c:/st/stm32cubeide_1.0.2/stm32cubeide/plugins/com.st.stm32cube.ide.mcu.externaltools.gnu-tools-for-stm32.9-2020-q2-update.win32_1.5.0.202011040924/tools/bin/../lib/gcc/arm-none-eabi/9.3.1/thumb/v7e-m+fp/hard/crtbegin.o
 .text          0x00000000080001d0       0x10 c:/st/stm32cubeide_1.0.2/stm32cubeide/plugins/com.st.stm32cube.ide.mcu.externaltools.gnu-tools-for-stm32.9-2020-q2-update.win32_1.5.0.202011040924/tools/bin/../lib/gcc/arm-none-eabi/9.3.1/../../../../arm-none-eabi/lib/thumb/v7e-m+fp/hard\libc_nano.a(lib_a-strlen.o)
                0x00000000080001d0                strlen
 .text          0x00000000080001e0       0xa0 c:/st/stm32cubeide_1.0.2/stm32cubeide/plugins/com.st.stm32cube.ide.mcu.externaltools.gnu-tools-for-stm32.9-2020-q2-update.win32_1.5.0.202011040924/tools/bin/../lib/gcc/arm-none-eabi/9.3.1/../../../../arm-none-eabi/lib/thumb/v7e-m+fp/hard\libc_nano.a(lib_a-memchr.o)
                0x00000000080001e0                memchr
 .text          0x0000000008000280      0x378 c:/st/stm32cubeide_1.0.2/stm32cubeide/plugins/com.st.stm32cube.ide.mcu.externaltools.gnu-tools-for-stm32.9-2020-q2-update.win32_1.5.0.202011040924/tools/bin/../lib/gcc/arm-none-eabi/9.3.1/thumb/v7e-m+fp/hard\libgcc.a(_arm_addsubdf3.o)
                0x0000000008000280                __aeabi_drsub
                0x0000000008000288                __aeabi_dsub
                0x0000000008000288                __subdf3
                0x000000000800028c                __aeabi_dadd
                0x000000000800028c                __adddf3
                0x0000000008000504                __floatunsidf
                0x0000000008000504                __aeabi_ui2d
                0x0000000008000524                __floatsidf
                0x0000000008000524                __aeabi_i2d
                0x0000000008000548                __aeabi_f2d
                0x0000000008000548                __extendsfdf2
                0x000000000800058c                __floatundidf
                0x000000000800058c                __aeabi_ul2d
                0x000000000800059c                __floatdidf
                0x000000000800059c                __aeabi_l2d
 .text          0x00000000080005f8      0x424 c:/st/stm32cubeide_1.0.2/stm32cubeide/plugins/com.st.stm32cube.ide.mcu.externaltools.gnu-tools-for-stm32.9-2020-q2-update.win32_1.5.0.202011040924/tools/bin/../lib/gcc/arm-none-eabi/9.3.1/thumb/v7e-m+fp/hard\libgcc.a(_arm_muldivdf3.o)
                0x00000000080005f8                __aeabi_dmul
                0x00000000080005f8                __muldf3
                0x000000000800084c                __divdf3
                0x000000000800084c                __aeabi_ddiv
 .text          0x0000000008000a1c      0x110 c:/st/stm32cubeide_1.0.2/stm32cubeide/plugins/com.st.stm32cube.ide.mcu.externaltools.gnu-tools-for-stm32.9-2020-q2-update.win32_1.5.0.202011040924/tools/bin/../lib/gcc/arm-none-eabi/9.3.1/thumb/v7e-m+fp/hard\libgcc.a(_arm_cmpdf2.o)
                0x0000000008000a1c                __gtdf2
                0x0000000008000a1c                __gedf2
                0x0000000008000a24                __ltdf2
                0x0000000008000a24                __ledf2
                0x0000000008000a2c                __nedf2
                0x0000000008000a2c                __eqdf2
                0x0000000008000a2c                __cmpdf2
                0x0000000008000aa8                __aeabi_cdrcmple
                0x0000000008000ab8                __aeabi_cdcmpeq
                0x0000000008000ab8                __aeabi_cdcmple
                0x0000000008000ac8                __aeabi_dcmpeq
                0x0000000008000adc                __aeabi_dcmplt
                0x0000000008000af0                __aeabi_dcmple
                0x0000000008000b04                __aeabi_dcmpge
                0x0000000008000b18                __aeabi_dcmpgt
 .text          0x0000000008000b2c       0x2c c:/st/stm32cubeide_1.0.2/stm32cubeide/plugins/com.st.stm32cube.ide.mcu.externaltools.gnu-tools-for-stm32.9-2020-q2-update.win32_1.5.0.202011040924/tools/bin/../lib/gcc/arm-none-eabi/9.3.1/thumb/v7e-m+fp/hard\libgcc.a(_arm_unorddf2.o)
                0x0000000008000b2c                __unorddf2
                0x0000000008000b2c                __aeabi_dcmpun
 .text          0x0000000008000b58       0x50 c:/st/stm32cubeide_1.0.2/stm32cubeide/plugins/com.st.stm32cube.ide.mcu.externaltools.gnu-tools-for-stm32.9-2020-q2-update.win32_1.5.0.202011040924/tools/bin/../lib/gcc/arm-none-eabi/9.3.1/thumb/v7e-m+fp/hard\libgcc.a(_arm_fixdfsi.o)
                0x0000000008000b58                __aeabi_d2iz
                0x0000000008000b58                __fixdfsi
 .text          0x0000000008000ba8       0x30 c:/st/stm32cubeide_1.0.2/stm32cubeide/plugins/com.st.stm32cube.ide.mcu.externaltools.gnu-tools-for-stm32.9-2020-q2-update.win32_1.5.0.202011040924/tools/bin/../lib/gcc/arm-none-eabi/9.3.1/thumb/v7e-m+fp/hard\libgcc.a(_aeabi_uldivmod.o)
                0x0000000008000ba8                __aeabi_uldivmod
 .text          0x0000000008000bd8      0x2c4 c:/st/stm32cubeide_1.0.2/stm32cubeide/plugins/com.st.stm32cube.ide.mcu.externaltools.gnu-tools-for-stm32.9-2020-q2-update.win32_1.5.0.202011040924/tools/bin/../lib/gcc/arm-none-eabi/9.3.1/thumb/v7e-m+fp/hard\libgcc.a(_udivmoddi4.o)
                0x0000000008000bd8                __udivmoddi4
 .text          0x0000000008000e9c        0x4 c:/st/stm32cubeide_1.0.2/stm32cubeide/plugins/com.st.stm32cube.ide.mcu.externaltools.gnu-tools-for-stm32.9-2020-q2-update.win32_1.5.0.202011040924/tools/bin/../lib/gcc/arm-none-eabi/9.3.1/thumb/v7e-m+fp/hard\libgcc.a(_dvmd_tls.o)
                0x0000000008000e9c                __aeabi_idiv0
                0x0000000008000e9c                __aeabi_ldiv0
 *(.text*)
 .text.callbackTIM
                0x0000000008000ea0       0x4c Core/Src/Controller/callback.o
                0x0000000008000ea0                callbackTIM
 .text.modeSelect
                0x0000000008000eec      0x158 Core/Src/Controller/mode.o
                0x0000000008000eec                modeSelect
 .text.waitStarting
                0x0000000008001044       0x68 Core/Src/Controller/mode.o
                0x0000000008001044                waitStarting
 .text.judgeFailSafe
                0x00000000080010ac       0xc4 Core/Src/Controller/mode.o
                0x00000000080010ac                judgeFailSafe
 .text.errorFunctions
                0x0000000008001170       0x78 Core/Src/Controller/mode.o
                0x0000000008001170                errorFunctions
 .text.rotateSafteyR180
                0x00000000080011e8       0x3c Core/Src/Controller/search.o
                0x00000000080011e8                rotateSafteyR180
 .text.prepareStateForSearching
                0x0000000008001224       0x60 Core/Src/Controller/search.o
                0x0000000008001224                prepareStateForSearching
 .text.searchMazeBySlalom
                0x0000000008001284      0x1e0 Core/Src/Controller/search.o
                0x0000000008001284                searchMazeBySlalom
 .text.CheckGoal
                0x0000000008001464       0xcc Core/Src/Controller/search.o
                0x0000000008001464                CheckGoal
 .text.calculatePID
                0x0000000008001530      0x118 Core/Src/Controller/state.o
                0x0000000008001530                calculatePID
 .text.calculateTargetVelocity
                0x0000000008001648       0xc4 Core/Src/Controller/state.o
                0x0000000008001648                calculateTargetVelocity
 .text.calculateTagetOmega
                0x000000000800170c       0xc4 Core/Src/Controller/state.o
                0x000000000800170c                calculateTagetOmega
 .text.setStatus
                0x00000000080017d0       0x6e Core/Src/Controller/state.o
                0x00000000080017d0                setStatus
 .text.setParameters
                0x000000000800183e       0x4e Core/Src/Controller/state.o
                0x000000000800183e                setParameters
 .text.initMouseStatus
                0x000000000800188c      0x244 Core/Src/Controller/state.o
                0x000000000800188c                initMouseStatus
 .text.updateStatus
                0x0000000008001ad0      0x318 Core/Src/Controller/state.o
                0x0000000008001ad0                updateStatus
 .text.prepareForTest
                0x0000000008001de8       0x60 Core/Src/Controller/test.o
                0x0000000008001de8                prepareForTest
 .text.testWallSensors
                0x0000000008001e48       0x60 Core/Src/Controller/test.o
                0x0000000008001e48                testWallSensors
 .text.testEncoders
                0x0000000008001ea8       0x64 Core/Src/Controller/test.o
                0x0000000008001ea8                testEncoders
 .text.testIMU  0x0000000008001f0c       0x34 Core/Src/Controller/test.o
                0x0000000008001f0c                testIMU
 .text.testMotions
                0x0000000008001f40      0x1c4 Core/Src/Controller/test.o
                0x0000000008001f40                testMotions
 .text.LL_SPI_Enable
                0x0000000008002104       0x20 Core/Src/Hardware/ICM20689.o
 .text.LL_SPI_IsEnabled
                0x0000000008002124       0x26 Core/Src/Hardware/ICM20689.o
 .text.LL_SPI_IsActiveFlag_RXNE
                0x000000000800214a       0x26 Core/Src/Hardware/ICM20689.o
 .text.LL_SPI_IsActiveFlag_TXE
                0x0000000008002170       0x26 Core/Src/Hardware/ICM20689.o
 .text.LL_SPI_ReceiveData8
                0x0000000008002196       0x1a Core/Src/Hardware/ICM20689.o
 .text.LL_SPI_TransmitData8
                0x00000000080021b0       0x24 Core/Src/Hardware/ICM20689.o
 .text.LL_GPIO_SetOutputPin
                0x00000000080021d4       0x1c Core/Src/Hardware/ICM20689.o
 .text.LL_GPIO_ResetOutputPin
                0x00000000080021f0       0x1e Core/Src/Hardware/ICM20689.o
 *fill*         0x000000000800220e        0x2 
 .text.SPI_Control
                0x0000000008002210       0x9c Core/Src/Hardware/ICM20689.o
                0x0000000008002210                SPI_Control
 .text.readByte
                0x00000000080022ac       0x38 Core/Src/Hardware/ICM20689.o
                0x00000000080022ac                readByte
 .text.writeByte
                0x00000000080022e4       0x3c Core/Src/Hardware/ICM20689.o
                0x00000000080022e4                writeByte
 .text.initIMU  0x0000000008002320       0xb0 Core/Src/Hardware/ICM20689.o
                0x0000000008002320                initIMU
 .text.readGyroOmegaZ
                0x00000000080023d0       0x4c Core/Src/Hardware/ICM20689.o
                0x00000000080023d0                readGyroOmegaZ
 .text.readGyroAccelX
                0x000000000800241c       0x4c Core/Src/Hardware/ICM20689.o
                0x000000000800241c                readGyroAccelX
 .text.LL_TIM_EnableCounter
                0x0000000008002468       0x20 Core/Src/Hardware/basic_timer.o
 .text.LL_TIM_DisableCounter
                0x0000000008002488       0x20 Core/Src/Hardware/basic_timer.o
 .text.LL_TIM_EnableIT_UPDATE
                0x00000000080024a8       0x20 Core/Src/Hardware/basic_timer.o
 .text.LL_TIM_DisableIT_UPDATE
                0x00000000080024c8       0x20 Core/Src/Hardware/basic_timer.o
 .text.basicTimerStart
                0x00000000080024e8       0x18 Core/Src/Hardware/basic_timer.o
                0x00000000080024e8                basicTimerStart
 .text.basicTimerPause
                0x0000000008002500       0x18 Core/Src/Hardware/basic_timer.o
                0x0000000008002500                basicTimerPause
 .text.waitMs   0x0000000008002518       0x1a Core/Src/Hardware/basic_timer.o
                0x0000000008002518                waitMs
 *fill*         0x0000000008002532        0x2 
 .text.waitUs   0x0000000008002534       0x54 Core/Src/Hardware/basic_timer.o
                0x0000000008002534                waitUs
 .text.readBatteryCheck
                0x0000000008002588       0x28 Core/Src/Hardware/battery.o
                0x0000000008002588                readBatteryCheck
 .text.LL_TIM_EnableCounter
                0x00000000080025b0       0x20 Core/Src/Hardware/buzzer.o
 .text.LL_TIM_SetCounter
                0x00000000080025d0       0x1c Core/Src/Hardware/buzzer.o
 .text.LL_TIM_SetAutoReload
                0x00000000080025ec       0x1c Core/Src/Hardware/buzzer.o
 .text.LL_TIM_CC_EnableChannel
                0x0000000008002608       0x22 Core/Src/Hardware/buzzer.o
 .text.LL_TIM_OC_SetCompareCH4
                0x000000000800262a       0x1c Core/Src/Hardware/buzzer.o
 .text.LL_TIM_EnableAllOutputs
                0x0000000008002646       0x20 Core/Src/Hardware/buzzer.o
 *fill*         0x0000000008002666        0x2 
 .text.enableMelody
                0x0000000008002668       0x24 Core/Src/Hardware/buzzer.o
                0x0000000008002668                enableMelody
 .text.stopMelody
                0x000000000800268c       0x14 Core/Src/Hardware/buzzer.o
                0x000000000800268c                stopMelody
 .text.Melody   0x00000000080026a0       0x58 Core/Src/Hardware/buzzer.o
                0x00000000080026a0                Melody
 .text.LL_TIM_EnableCounter
                0x00000000080026f8       0x20 Core/Src/Hardware/encoder.o
 .text.LL_TIM_DisableCounter
                0x0000000008002718       0x20 Core/Src/Hardware/encoder.o
 .text.enableEncoder
                0x0000000008002738       0x28 Core/Src/Hardware/encoder.o
                0x0000000008002738                enableEncoder
 .text.disableEncoder
                0x0000000008002760       0x1c Core/Src/Hardware/encoder.o
                0x0000000008002760                disableEncoder
 .text.getEncoderData
                0x000000000800277c       0x64 Core/Src/Hardware/encoder.o
                0x000000000800277c                getEncoderData
 .text.FLASH_Lock
                0x00000000080027e0       0x20 Core/Src/Hardware/flash.o
 .text.FLASH_Unlock
                0x0000000008002800       0x28 Core/Src/Hardware/flash.o
 .text.FLASH_WaitBusy
                0x0000000008002828       0x24 Core/Src/Hardware/flash.o
                0x0000000008002828                FLASH_WaitBusy
 .text.FLASH_WriteByte
                0x000000000800284c       0x50 Core/Src/Hardware/flash.o
                0x000000000800284c                FLASH_WriteByte
 .text.FLASH_WriteData
                0x000000000800289c       0x34 Core/Src/Hardware/flash.o
                0x000000000800289c                FLASH_WriteData
 .text.FLASH_ReadData
                0x00000000080028d0       0x24 Core/Src/Hardware/flash.o
                0x00000000080028d0                FLASH_ReadData
 .text.FLASH_Erase
                0x00000000080028f4       0x3c Core/Src/Hardware/flash.o
                0x00000000080028f4                FLASH_Erase
 .text.setLED1State
                0x0000000008002930       0x34 Core/Src/Hardware/interface_LED.o
                0x0000000008002930                setLED1State
 .text.setLED2State
                0x0000000008002964       0x34 Core/Src/Hardware/interface_LED.o
                0x0000000008002964                setLED2State
 .text.setLED3State
                0x0000000008002998       0x34 Core/Src/Hardware/interface_LED.o
                0x0000000008002998                setLED3State
 .text.setLED4State
                0x00000000080029cc       0x30 Core/Src/Hardware/interface_LED.o
                0x00000000080029cc                setLED4State
 .text.setLED5State
                0x00000000080029fc       0x30 Core/Src/Hardware/interface_LED.o
                0x00000000080029fc                setLED5State
 .text.displayBinaryValueWithLEDs
                0x0000000008002a2c       0x58 Core/Src/Hardware/interface_LED.o
                0x0000000008002a2c                displayBinaryValueWithLEDs
 .text.LL_TIM_EnableCounter
                0x0000000008002a84       0x20 Core/Src/Hardware/motor.o
 .text.LL_TIM_DisableCounter
                0x0000000008002aa4       0x20 Core/Src/Hardware/motor.o
 .text.LL_TIM_SetCounter
                0x0000000008002ac4       0x1c Core/Src/Hardware/motor.o
 .text.LL_TIM_CC_EnableChannel
                0x0000000008002ae0       0x22 Core/Src/Hardware/motor.o
 .text.LL_TIM_CC_DisableChannel
                0x0000000008002b02       0x24 Core/Src/Hardware/motor.o
 .text.LL_TIM_OC_SetCompareCH1
                0x0000000008002b26       0x1c Core/Src/Hardware/motor.o
 .text.LL_TIM_OC_SetCompareCH2
                0x0000000008002b42       0x1c Core/Src/Hardware/motor.o
 .text.LL_TIM_EnableAllOutputs
                0x0000000008002b5e       0x20 Core/Src/Hardware/motor.o
 .text.LL_GPIO_SetOutputPin
                0x0000000008002b7e       0x1c Core/Src/Hardware/motor.o
 .text.LL_GPIO_ResetOutputPin
                0x0000000008002b9a       0x1e Core/Src/Hardware/motor.o
 .text.setMotorDriverState
                0x0000000008002bb8       0x3c Core/Src/Hardware/motor.o
                0x0000000008002bb8                setMotorDriverState
 .text.enableMotors
                0x0000000008002bf4       0x90 Core/Src/Hardware/motor.o
                0x0000000008002bf4                enableMotors
 .text.setMotorDirection
                0x0000000008002c84       0x80 Core/Src/Hardware/motor.o
                0x0000000008002c84                setMotorDirection
 .text.dutyConverter
                0x0000000008002d04       0x6c Core/Src/Hardware/motor.o
                0x0000000008002d04                dutyConverter
 .text.driveMotors
                0x0000000008002d70       0xa4 Core/Src/Hardware/motor.o
                0x0000000008002d70                driveMotors
 .text.shutdownMotors
                0x0000000008002e14       0x44 Core/Src/Hardware/motor.o
                0x0000000008002e14                shutdownMotors
 .text.LL_ADC_DMA_GetRegAddr
                0x0000000008002e58       0x34 Core/Src/Hardware/wall_sensor.o
 .text.LL_ADC_Enable
                0x0000000008002e8c       0x20 Core/Src/Hardware/wall_sensor.o
 .text.LL_ADC_REG_StartConversionSWStart
                0x0000000008002eac       0x20 Core/Src/Hardware/wall_sensor.o
 .text.LL_ADC_ClearFlag_EOCS
                0x0000000008002ecc       0x1c Core/Src/Hardware/wall_sensor.o
 .text.LL_DMA_EnableStream
                0x0000000008002ee8       0x40 Core/Src/Hardware/wall_sensor.o
 .text.LL_DMA_DisableStream
                0x0000000008002f28       0x40 Core/Src/Hardware/wall_sensor.o
 .text.LL_DMA_SetDataLength
                0x0000000008002f68       0x48 Core/Src/Hardware/wall_sensor.o
 .text.LL_DMA_ConfigAddresses
                0x0000000008002fb0       0x78 Core/Src/Hardware/wall_sensor.o
 .text.LL_DMA_EnableIT_TC
                0x0000000008003028       0x40 Core/Src/Hardware/wall_sensor.o
 .text.ADC1_Start_DMA2
                0x0000000008003068       0x54 Core/Src/Hardware/wall_sensor.o
                0x0000000008003068                ADC1_Start_DMA2
 .text.changeFrontCenterLED
                0x00000000080030bc       0x30 Core/Src/Hardware/wall_sensor.o
                0x00000000080030bc                changeFrontCenterLED
 .text.changeFrontRightLED
                0x00000000080030ec       0x30 Core/Src/Hardware/wall_sensor.o
                0x00000000080030ec                changeFrontRightLED
 .text.changeFrontLeftLED
                0x000000000800311c       0x30 Core/Src/Hardware/wall_sensor.o
                0x000000000800311c                changeFrontLeftLED
 .text.changeRightLED
                0x000000000800314c       0x30 Core/Src/Hardware/wall_sensor.o
                0x000000000800314c                changeRightLED
 .text.changeLeftLED
                0x000000000800317c       0x30 Core/Src/Hardware/wall_sensor.o
                0x000000000800317c                changeLeftLED
 .text.changeLEDs
                0x00000000080031ac       0x6c Core/Src/Hardware/wall_sensor.o
                0x00000000080031ac                changeLEDs
 .text.getWallADC
                0x0000000008003218       0x24 Core/Src/Hardware/wall_sensor.o
                0x0000000008003218                getWallADC
 .text.startADCwithDMA
                0x000000000800323c       0x24 Core/Src/Hardware/wall_sensor.o
                0x000000000800323c                startADCwithDMA
 .text.DMA_CallbackTask
                0x0000000008003260       0x18 Core/Src/Hardware/wall_sensor.o
                0x0000000008003260                DMA_CallbackTask
 .text.setControlFlags
                0x0000000008003278       0x74 Core/Src/System/flags.o
                0x0000000008003278                setControlFlags
 .text.setAccelFlags
                0x00000000080032ec       0x74 Core/Src/System/flags.o
                0x00000000080032ec                setAccelFlags
 .text.storeLog
                0x0000000008003360       0xbc Core/Src/System/log.o
                0x0000000008003360                storeLog
 .text.deleteWallMap
                0x000000000800341c       0xe4 Core/Src/System/map.o
                0x000000000800341c                deleteWallMap
 .text.updateWallMap
                0x0000000008003500      0x244 Core/Src/System/map.o
                0x0000000008003500                updateWallMap
 .text.makeStepMap
                0x0000000008003744      0x264 Core/Src/System/map.o
                0x0000000008003744                makeStepMap
 .text.MakeRoute_NESW
                0x00000000080039a8      0x254 Core/Src/System/map.o
                0x00000000080039a8                MakeRoute_NESW
 .text.ConfRoute_NESW
                0x0000000008003bfc       0x50 Core/Src/System/map.o
                0x0000000008003bfc                ConfRoute_NESW
 .text.advancePosition
                0x0000000008003c4c       0x6c Core/Src/System/map.o
                0x0000000008003c4c                advancePosition
 .text.changeDirection
                0x0000000008003cb8       0x38 Core/Src/System/map.o
                0x0000000008003cb8                changeDirection
 .text.setMapStruct
                0x0000000008003cf0       0x52 Core/Src/System/map.o
                0x0000000008003cf0                setMapStruct
 *fill*         0x0000000008003d42        0x2 
 .text.prepareMapForSearch
                0x0000000008003d44       0x64 Core/Src/System/map.o
                0x0000000008003d44                prepareMapForSearch
 .text.saveWallMap
                0x0000000008003da8       0x5c Core/Src/System/map.o
                0x0000000008003da8                saveWallMap
 .text.loadWallMap
                0x0000000008003e04       0x5c Core/Src/System/map.o
                0x0000000008003e04                loadWallMap
 .text.driveAccelMotion
                0x0000000008003e60      0x1a4 Core/Src/System/motion.o
                0x0000000008003e60                driveAccelMotion
 .text.spinMotion
                0x0000000008004004      0x1c4 Core/Src/System/motion.o
                0x0000000008004004                spinMotion
 .text.slalomMotion
                0x00000000080041c8      0x1bc Core/Src/System/motion.o
                0x00000000080041c8                slalomMotion
 .text.moveHalfSectionAccel
                0x0000000008004384       0x4c Core/Src/System/motion.o
                0x0000000008004384                moveHalfSectionAccel
 .text.moveHalfSectionDecel
                0x00000000080043d0       0x2c Core/Src/System/motion.o
                0x00000000080043d0                moveHalfSectionDecel
 .text.moveOneSectionAccel
                0x00000000080043fc       0x3c Core/Src/System/motion.o
                0x00000000080043fc                moveOneSectionAccel
 .text.fixPostureByWallSensor
                0x0000000008004438       0x54 Core/Src/System/motion.o
                0x0000000008004438                fixPostureByWallSensor
 .text.spinRight180
                0x000000000800448c       0x1c Core/Src/System/motion.o
                0x000000000800448c                spinRight180
 .text.moveSlalomR90
                0x00000000080044a8       0x58 Core/Src/System/motion.o
                0x00000000080044a8                moveSlalomR90
 .text.moveSlalomL90
                0x0000000008004500       0x58 Core/Src/System/motion.o
                0x0000000008004500                moveSlalomL90
 .text.backMotion
                0x0000000008004558      0x118 Core/Src/System/motion.o
                0x0000000008004558                backMotion
 .text.MelodySummer
                0x0000000008004670       0x5a Core/Src/System/music.o
                0x0000000008004670                MelodySummer
 .text.MelodyGoal
                0x00000000080046ca       0x2c Core/Src/System/music.o
                0x00000000080046ca                MelodyGoal
 .text.MelodyUrara
                0x00000000080046f6       0x94 Core/Src/System/music.o
                0x00000000080046f6                MelodyUrara
 .text.MelodyMrLawrence
                0x000000000800478a       0xb0 Core/Src/System/music.o
                0x000000000800478a                MelodyMrLawrence
 .text.MelodyNatsumatsuri
                0x000000000800483a       0x58 Core/Src/System/music.o
                0x000000000800483a                MelodyNatsumatsuri
 *fill*         0x0000000008004892        0x2 
 .text.getEncoderVelocity
                0x0000000008004894       0x30 Core/Src/System/sensing.o
                0x0000000008004894                getEncoderVelocity
 .text.getCenterMileage
                0x00000000080048c4       0xb4 Core/Src/System/sensing.o
                0x00000000080048c4                getCenterMileage
 .text.addAngle
                0x0000000008004978       0x38 Core/Src/System/sensing.o
                0x0000000008004978                addAngle
 .text.getCenterVelocity
                0x00000000080049b0       0x3c Core/Src/System/sensing.o
                0x00000000080049b0                getCenterVelocity
 .text.getOmega
                0x00000000080049ec       0x1c Core/Src/System/sensing.o
                0x00000000080049ec                getOmega
 .text.getWallSensorOffset
                0x0000000008004a08       0x7c Core/Src/System/sensing.o
                0x0000000008004a08                getWallSensorOffset
 .text.getWallSensor
                0x0000000008004a84       0x94 Core/Src/System/sensing.o
                0x0000000008004a84                getWallSensor
 .text.getOmegaOffset
                0x0000000008004b18       0x68 Core/Src/System/sensing.o
                0x0000000008004b18                getOmegaOffset
 .text.getAccelOffset
                0x0000000008004b80       0x68 Core/Src/System/sensing.o
                0x0000000008004b80                getAccelOffset
 .text.getWallInfo
                0x0000000008004be8       0x54 Core/Src/System/sensing.o
                0x0000000008004be8                getWallInfo
 .text.initSensors
                0x0000000008004c3c       0x24 Core/Src/System/sensing.o
                0x0000000008004c3c                initSensors
 .text.updateSensors
                0x0000000008004c60       0xb0 Core/Src/System/sensing.o
                0x0000000008004c60                updateSensors
 .text.getOffsets
                0x0000000008004d10       0x30 Core/Src/System/sensing.o
                0x0000000008004d10                getOffsets
 .text.LL_ADC_REG_SetSequencerRanks
                0x0000000008004d40       0x6c Core/Src/adc.o
 .text.LL_ADC_REG_SetFlagEndOfConversion
                0x0000000008004dac       0x26 Core/Src/adc.o
 .text.LL_ADC_SetChannelSamplingTime
                0x0000000008004dd2       0x98 Core/Src/adc.o
 *fill*         0x0000000008004e6a        0x2 
 .text.LL_DMA_SetDataTransferDirection
                0x0000000008004e6c       0x48 Core/Src/adc.o
 .text.LL_DMA_SetMode
                0x0000000008004eb4       0x48 Core/Src/adc.o
 .text.LL_DMA_SetPeriphIncMode
                0x0000000008004efc       0x48 Core/Src/adc.o
 .text.LL_DMA_SetMemoryIncMode
                0x0000000008004f44       0x48 Core/Src/adc.o
 .text.LL_DMA_SetPeriphSize
                0x0000000008004f8c       0x48 Core/Src/adc.o
 .text.LL_DMA_SetMemorySize
                0x0000000008004fd4       0x48 Core/Src/adc.o
 .text.LL_DMA_SetStreamPriorityLevel
                0x000000000800501c       0x48 Core/Src/adc.o
 .text.LL_DMA_SetChannelSelection
                0x0000000008005064       0x48 Core/Src/adc.o
 .text.LL_DMA_DisableFifoMode
                0x00000000080050ac       0x40 Core/Src/adc.o
 .text.LL_AHB1_GRP1_EnableClock
                0x00000000080050ec       0x30 Core/Src/adc.o
 .text.LL_APB2_GRP1_EnableClock
                0x000000000800511c       0x30 Core/Src/adc.o
 .text.MX_ADC1_Init
                0x000000000800514c      0x1b8 Core/Src/adc.o
                0x000000000800514c                MX_ADC1_Init
 .text.__NVIC_GetPriorityGrouping
                0x0000000008005304       0x1c Core/Src/dma.o
 .text.__NVIC_EnableIRQ
                0x0000000008005320       0x3c Core/Src/dma.o
 .text.__NVIC_SetPriority
                0x000000000800535c       0x54 Core/Src/dma.o
 .text.NVIC_EncodePriority
                0x00000000080053b0       0x66 Core/Src/dma.o
 *fill*         0x0000000008005416        0x2 
 .text.LL_AHB1_GRP1_EnableClock
                0x0000000008005418       0x30 Core/Src/dma.o
 .text.MX_DMA_Init
                0x0000000008005448       0x30 Core/Src/dma.o
                0x0000000008005448                MX_DMA_Init
 .text.LL_AHB1_GRP1_EnableClock
                0x0000000008005478       0x30 Core/Src/gpio.o
 .text.LL_GPIO_ResetOutputPin
                0x00000000080054a8       0x1e Core/Src/gpio.o
 *fill*         0x00000000080054c6        0x2 
 .text.MX_GPIO_Init
                0x00000000080054c8      0x104 Core/Src/gpio.o
                0x00000000080054c8                MX_GPIO_Init
 .text.__NVIC_SetPriorityGrouping
                0x00000000080055cc       0x48 Core/Src/main.o
 .text.LL_RCC_HSI_Enable
                0x0000000008005614       0x20 Core/Src/main.o
 .text.LL_RCC_HSI_IsReady
                0x0000000008005634       0x24 Core/Src/main.o
 .text.LL_RCC_HSI_SetCalibTrimming
                0x0000000008005658       0x2c Core/Src/main.o
 .text.LL_RCC_SetSysClkSource
                0x0000000008005684       0x28 Core/Src/main.o
 .text.LL_RCC_GetSysClkSource
                0x00000000080056ac       0x1c Core/Src/main.o
 .text.LL_RCC_SetAHBPrescaler
                0x00000000080056c8       0x28 Core/Src/main.o
 .text.LL_RCC_SetAPB1Prescaler
                0x00000000080056f0       0x28 Core/Src/main.o
 .text.LL_RCC_SetAPB2Prescaler
                0x0000000008005718       0x28 Core/Src/main.o
 .text.LL_RCC_PLL_Enable
                0x0000000008005740       0x20 Core/Src/main.o
 .text.LL_RCC_PLL_IsReady
                0x0000000008005760       0x28 Core/Src/main.o
 .text.LL_RCC_PLL_ConfigDomain_SYS
                0x0000000008005788       0x4c Core/Src/main.o
 .text.LL_APB1_GRP1_EnableClock
                0x00000000080057d4       0x30 Core/Src/main.o
 .text.LL_APB2_GRP1_EnableClock
                0x0000000008005804       0x30 Core/Src/main.o
 .text.LL_FLASH_SetLatency
                0x0000000008005834       0x28 Core/Src/main.o
 .text.LL_FLASH_GetLatency
                0x000000000800585c       0x1c Core/Src/main.o
 .text.LL_PWR_SetRegulVoltageScaling
                0x0000000008005878       0x28 Core/Src/main.o
 .text.LL_USART_IsActiveFlag_TXE
                0x00000000080058a0       0x26 Core/Src/main.o
 .text.LL_USART_TransmitData8
                0x00000000080058c6       0x1e Core/Src/main.o
 .text.__io_putchar
                0x00000000080058e4       0x54 Core/Src/main.o
                0x00000000080058e4                __io_putchar
 .text.main     0x0000000008005938      0x318 Core/Src/main.o
                0x0000000008005938                main
 .text.SystemClock_Config
                0x0000000008005c50       0x8c Core/Src/main.o
                0x0000000008005c50                SystemClock_Config
 .text.LL_AHB1_GRP1_EnableClock
                0x0000000008005cdc       0x30 Core/Src/spi.o
 .text.LL_APB1_GRP1_EnableClock
                0x0000000008005d0c       0x30 Core/Src/spi.o
 .text.LL_SPI_SetStandard
                0x0000000008005d3c       0x26 Core/Src/spi.o
 *fill*         0x0000000008005d62        0x2 
 .text.MX_SPI3_Init
                0x0000000008005d64       0xa8 Core/Src/spi.o
                0x0000000008005d64                MX_SPI3_Init
 .text.LL_DMA_IsActiveFlag_TC0
                0x0000000008005e0c       0x26 Core/Src/stm32f4xx_it.o
 .text.LL_DMA_ClearFlag_TC0
                0x0000000008005e32       0x1a Core/Src/stm32f4xx_it.o
 .text.LL_TIM_ClearFlag_UPDATE
                0x0000000008005e4c       0x1c Core/Src/stm32f4xx_it.o
 .text.LL_TIM_IsActiveFlag_UPDATE
                0x0000000008005e68       0x26 Core/Src/stm32f4xx_it.o
 .text.NMI_Handler
                0x0000000008005e8e        0x6 Core/Src/stm32f4xx_it.o
                0x0000000008005e8e                NMI_Handler
 .text.HardFault_Handler
                0x0000000008005e94        0x6 Core/Src/stm32f4xx_it.o
                0x0000000008005e94                HardFault_Handler
 .text.MemManage_Handler
                0x0000000008005e9a        0x6 Core/Src/stm32f4xx_it.o
                0x0000000008005e9a                MemManage_Handler
 .text.BusFault_Handler
                0x0000000008005ea0        0x6 Core/Src/stm32f4xx_it.o
                0x0000000008005ea0                BusFault_Handler
 .text.UsageFault_Handler
                0x0000000008005ea6        0x6 Core/Src/stm32f4xx_it.o
                0x0000000008005ea6                UsageFault_Handler
 .text.SVC_Handler
                0x0000000008005eac        0xe Core/Src/stm32f4xx_it.o
                0x0000000008005eac                SVC_Handler
 .text.DebugMon_Handler
                0x0000000008005eba        0xe Core/Src/stm32f4xx_it.o
                0x0000000008005eba                DebugMon_Handler
 .text.PendSV_Handler
                0x0000000008005ec8        0xe Core/Src/stm32f4xx_it.o
                0x0000000008005ec8                PendSV_Handler
 .text.SysTick_Handler
                0x0000000008005ed6        0xe Core/Src/stm32f4xx_it.o
                0x0000000008005ed6                SysTick_Handler
 .text.TIM5_IRQHandler
                0x0000000008005ee4       0x24 Core/Src/stm32f4xx_it.o
                0x0000000008005ee4                TIM5_IRQHandler
 .text.DMA2_Stream0_IRQHandler
                0x0000000008005f08       0x24 Core/Src/stm32f4xx_it.o
                0x0000000008005f08                DMA2_Stream0_IRQHandler
 .text._getpid  0x0000000008005f2c       0x10 Core/Src/syscalls.o
                0x0000000008005f2c                _getpid
 .text._kill    0x0000000008005f3c       0x20 Core/Src/syscalls.o
                0x0000000008005f3c                _kill
 .text._exit    0x0000000008005f5c       0x14 Core/Src/syscalls.o
                0x0000000008005f5c                _exit
 .text._read    0x0000000008005f70       0x3a Core/Src/syscalls.o
                0x0000000008005f70                _read
 .text._write   0x0000000008005faa       0x38 Core/Src/syscalls.o
                0x0000000008005faa                _write
 .text._close   0x0000000008005fe2       0x18 Core/Src/syscalls.o
                0x0000000008005fe2                _close
 .text._fstat   0x0000000008005ffa       0x20 Core/Src/syscalls.o
                0x0000000008005ffa                _fstat
 .text._isatty  0x000000000800601a       0x16 Core/Src/syscalls.o
                0x000000000800601a                _isatty
 .text._lseek   0x0000000008006030       0x1a Core/Src/syscalls.o
                0x0000000008006030                _lseek
 *fill*         0x000000000800604a        0x2 
 .text._sbrk    0x000000000800604c       0x6c Core/Src/sysmem.o
                0x000000000800604c                _sbrk
 .text.SystemInit
                0x00000000080060b8       0x2c Core/Src/system_stm32f4xx.o
                0x00000000080060b8                SystemInit
 .text.__NVIC_GetPriorityGrouping
                0x00000000080060e4       0x1c Core/Src/tim.o
 .text.__NVIC_EnableIRQ
                0x0000000008006100       0x3c Core/Src/tim.o
 .text.__NVIC_SetPriority
                0x000000000800613c       0x54 Core/Src/tim.o
 .text.NVIC_EncodePriority
                0x0000000008006190       0x66 Core/Src/tim.o
 *fill*         0x00000000080061f6        0x2 
 .text.LL_AHB1_GRP1_EnableClock
                0x00000000080061f8       0x30 Core/Src/tim.o
 .text.LL_APB1_GRP1_EnableClock
                0x0000000008006228       0x30 Core/Src/tim.o
 .text.LL_APB2_GRP1_EnableClock
                0x0000000008006258       0x30 Core/Src/tim.o
 .text.LL_TIM_EnableARRPreload
                0x0000000008006288       0x20 Core/Src/tim.o
 .text.LL_TIM_DisableARRPreload
                0x00000000080062a8       0x20 Core/Src/tim.o
 .text.LL_TIM_OC_DisableFast
                0x00000000080062c8       0x8c Core/Src/tim.o
 .text.LL_TIM_OC_EnablePreload
                0x0000000008006354       0x88 Core/Src/tim.o
 .text.LL_TIM_IC_SetActiveInput
                0x00000000080063dc       0x9c Core/Src/tim.o
 .text.LL_TIM_IC_SetPrescaler
                0x0000000008006478       0x9c Core/Src/tim.o
 .text.LL_TIM_IC_SetFilter
                0x0000000008006514       0x9c Core/Src/tim.o
 .text.LL_TIM_IC_SetPolarity
                0x00000000080065b0       0x88 Core/Src/tim.o
 .text.LL_TIM_SetClockSource
                0x0000000008006638       0x2a Core/Src/tim.o
 .text.LL_TIM_SetEncoderMode
                0x0000000008006662       0x26 Core/Src/tim.o
 .text.LL_TIM_SetTriggerOutput
                0x0000000008006688       0x26 Core/Src/tim.o
 .text.LL_TIM_DisableMasterSlaveMode
                0x00000000080066ae       0x20 Core/Src/tim.o
 *fill*         0x00000000080066ce        0x2 
 .text.MX_TIM1_Init
                0x00000000080066d0      0x130 Core/Src/tim.o
                0x00000000080066d0                MX_TIM1_Init
 .text.MX_TIM2_Init
                0x0000000008006800       0xe8 Core/Src/tim.o
                0x0000000008006800                MX_TIM2_Init
 .text.MX_TIM3_Init
                0x00000000080068e8       0xf4 Core/Src/tim.o
                0x00000000080068e8                MX_TIM3_Init
 .text.MX_TIM4_Init
                0x00000000080069dc       0xf4 Core/Src/tim.o
                0x00000000080069dc                MX_TIM4_Init
 .text.MX_TIM5_Init
                0x0000000008006ad0       0x80 Core/Src/tim.o
                0x0000000008006ad0                MX_TIM5_Init
 .text.MX_TIM6_Init
                0x0000000008006b50       0x54 Core/Src/tim.o
                0x0000000008006b50                MX_TIM6_Init
 .text.MX_TIM8_Init
                0x0000000008006ba4      0x134 Core/Src/tim.o
                0x0000000008006ba4                MX_TIM8_Init
 .text.MX_TIM11_Init
                0x0000000008006cd8       0xcc Core/Src/tim.o
                0x0000000008006cd8                MX_TIM11_Init
 .text.LL_AHB1_GRP1_EnableClock
                0x0000000008006da4       0x30 Core/Src/usart.o
 .text.LL_APB2_GRP1_EnableClock
                0x0000000008006dd4       0x30 Core/Src/usart.o
 .text.LL_USART_Enable
                0x0000000008006e04       0x20 Core/Src/usart.o
 .text.LL_USART_ConfigAsyncMode
                0x0000000008006e24       0x2c Core/Src/usart.o
 .text.MX_USART1_UART_Init
                0x0000000008006e50       0xa0 Core/Src/usart.o
                0x0000000008006e50                MX_USART1_UART_Init
 .text.Reset_Handler
                0x0000000008006ef0       0x50 Core/Startup/startup_stm32f405rgtx.o
                0x0000000008006ef0                Reset_Handler
 .text.Default_Handler
                0x0000000008006f40        0x2 Core/Startup/startup_stm32f405rgtx.o
                0x0000000008006f40                RTC_Alarm_IRQHandler
                0x0000000008006f40                HASH_RNG_IRQHandler
                0x0000000008006f40                EXTI2_IRQHandler
                0x0000000008006f40                TIM8_CC_IRQHandler
                0x0000000008006f40                TIM1_CC_IRQHandler
                0x0000000008006f40                DMA2_Stream5_IRQHandler
                0x0000000008006f40                DMA1_Stream5_IRQHandler
                0x0000000008006f40                PVD_IRQHandler
                0x0000000008006f40                SDIO_IRQHandler
                0x0000000008006f40                TAMP_STAMP_IRQHandler
                0x0000000008006f40                CAN2_RX1_IRQHandler
                0x0000000008006f40                EXTI3_IRQHandler
                0x0000000008006f40                TIM8_TRG_COM_TIM14_IRQHandler
                0x0000000008006f40                TIM1_UP_TIM10_IRQHandler
                0x0000000008006f40                TIM8_UP_TIM13_IRQHandler
                0x0000000008006f40                I2C3_ER_IRQHandler
                0x0000000008006f40                EXTI0_IRQHandler
                0x0000000008006f40                I2C2_EV_IRQHandler
                0x0000000008006f40                DMA1_Stream2_IRQHandler
                0x0000000008006f40                CAN1_RX0_IRQHandler
                0x0000000008006f40                FPU_IRQHandler
                0x0000000008006f40                OTG_HS_WKUP_IRQHandler
                0x0000000008006f40                CAN2_SCE_IRQHandler
                0x0000000008006f40                DMA2_Stream2_IRQHandler
                0x0000000008006f40                SPI1_IRQHandler
                0x0000000008006f40                TIM6_DAC_IRQHandler
                0x0000000008006f40                TIM1_BRK_TIM9_IRQHandler
                0x0000000008006f40                CAN2_RX0_IRQHandler
                0x0000000008006f40                DMA2_Stream3_IRQHandler
                0x0000000008006f40                USART6_IRQHandler
                0x0000000008006f40                USART3_IRQHandler
                0x0000000008006f40                CAN1_RX1_IRQHandler
                0x0000000008006f40                UART5_IRQHandler
                0x0000000008006f40                TIM4_IRQHandler
                0x0000000008006f40                I2C1_EV_IRQHandler
                0x0000000008006f40                DMA1_Stream6_IRQHandler
                0x0000000008006f40                DMA1_Stream1_IRQHandler
                0x0000000008006f40                UART4_IRQHandler
                0x0000000008006f40                TIM3_IRQHandler
                0x0000000008006f40                RCC_IRQHandler
                0x0000000008006f40                TIM8_BRK_TIM12_IRQHandler
                0x0000000008006f40                Default_Handler
                0x0000000008006f40                EXTI15_10_IRQHandler
                0x0000000008006f40                ADC_IRQHandler
                0x0000000008006f40                DMA1_Stream7_IRQHandler
                0x0000000008006f40                TIM7_IRQHandler
                0x0000000008006f40                CAN2_TX_IRQHandler
                0x0000000008006f40                DMA2_Stream7_IRQHandler
                0x0000000008006f40                I2C3_EV_IRQHandler
                0x0000000008006f40                EXTI9_5_IRQHandler
                0x0000000008006f40                RTC_WKUP_IRQHandler
                0x0000000008006f40                SPI2_IRQHandler
                0x0000000008006f40                OTG_HS_EP1_IN_IRQHandler
                0x0000000008006f40                DMA1_Stream0_IRQHandler
                0x0000000008006f40                CAN1_TX_IRQHandler
                0x0000000008006f40                EXTI4_IRQHandler
                0x0000000008006f40                FSMC_IRQHandler
                0x0000000008006f40                OTG_HS_EP1_OUT_IRQHandler
                0x0000000008006f40                WWDG_IRQHandler
                0x0000000008006f40                TIM2_IRQHandler
                0x0000000008006f40                OTG_FS_WKUP_IRQHandler
                0x0000000008006f40                TIM1_TRG_COM_TIM11_IRQHandler
                0x0000000008006f40                OTG_HS_IRQHandler
                0x0000000008006f40                EXTI1_IRQHandler
                0x0000000008006f40                USART2_IRQHandler
                0x0000000008006f40                I2C2_ER_IRQHandler
                0x0000000008006f40                DMA2_Stream1_IRQHandler
                0x0000000008006f40                CAN1_SCE_IRQHandler
                0x0000000008006f40                FLASH_IRQHandler
                0x0000000008006f40                DMA2_Stream4_IRQHandler
                0x0000000008006f40                USART1_IRQHandler
                0x0000000008006f40                OTG_FS_IRQHandler
                0x0000000008006f40                SPI3_IRQHandler
                0x0000000008006f40                DMA1_Stream4_IRQHandler
                0x0000000008006f40                I2C1_ER_IRQHandler
                0x0000000008006f40                DMA2_Stream6_IRQHandler
                0x0000000008006f40                DMA1_Stream3_IRQHandler
 .text.LL_ADC_REG_SetSequencerLength
                0x0000000008006f42       0x26 Drivers/STM32F4xx_HAL_Driver/Src/stm32f4xx_ll_adc.o
 .text.LL_ADC_IsEnabled
                0x0000000008006f68       0x26 Drivers/STM32F4xx_HAL_Driver/Src/stm32f4xx_ll_adc.o
 *fill*         0x0000000008006f8e        0x2 
 .text.LL_ADC_CommonInit
                0x0000000008006f90       0x90 Drivers/STM32F4xx_HAL_Driver/Src/stm32f4xx_ll_adc.o
                0x0000000008006f90                LL_ADC_CommonInit
 .text.LL_ADC_Init
                0x0000000008007020       0x58 Drivers/STM32F4xx_HAL_Driver/Src/stm32f4xx_ll_adc.o
                0x0000000008007020                LL_ADC_Init
 .text.LL_ADC_REG_Init
                0x0000000008007078       0x84 Drivers/STM32F4xx_HAL_Driver/Src/stm32f4xx_ll_adc.o
                0x0000000008007078                LL_ADC_REG_Init
 .text.LL_GPIO_SetPinMode
                0x00000000080070fc       0x5e Drivers/STM32F4xx_HAL_Driver/Src/stm32f4xx_ll_gpio.o
 .text.LL_GPIO_SetPinOutputType
                0x000000000800715a       0x30 Drivers/STM32F4xx_HAL_Driver/Src/stm32f4xx_ll_gpio.o
 .text.LL_GPIO_SetPinSpeed
                0x000000000800718a       0x5e Drivers/STM32F4xx_HAL_Driver/Src/stm32f4xx_ll_gpio.o
 .text.LL_GPIO_SetPinPull
                0x00000000080071e8       0x5e Drivers/STM32F4xx_HAL_Driver/Src/stm32f4xx_ll_gpio.o
 .text.LL_GPIO_SetAFPin_0_7
                0x0000000008007246       0x5e Drivers/STM32F4xx_HAL_Driver/Src/stm32f4xx_ll_gpio.o
 .text.LL_GPIO_SetAFPin_8_15
                0x00000000080072a4       0x62 Drivers/STM32F4xx_HAL_Driver/Src/stm32f4xx_ll_gpio.o
 .text.LL_GPIO_Init
                0x0000000008007306       0xe6 Drivers/STM32F4xx_HAL_Driver/Src/stm32f4xx_ll_gpio.o
                0x0000000008007306                LL_GPIO_Init
 .text.LL_RCC_GetSysClkSource
                0x00000000080073ec       0x1c Drivers/STM32F4xx_HAL_Driver/Src/stm32f4xx_ll_rcc.o
 .text.LL_RCC_GetAHBPrescaler
                0x0000000008007408       0x1c Drivers/STM32F4xx_HAL_Driver/Src/stm32f4xx_ll_rcc.o
 .text.LL_RCC_GetAPB1Prescaler
                0x0000000008007424       0x1c Drivers/STM32F4xx_HAL_Driver/Src/stm32f4xx_ll_rcc.o
 .text.LL_RCC_GetAPB2Prescaler
                0x0000000008007440       0x1c Drivers/STM32F4xx_HAL_Driver/Src/stm32f4xx_ll_rcc.o
 .text.LL_RCC_PLL_GetMainSource
                0x000000000800745c       0x1c Drivers/STM32F4xx_HAL_Driver/Src/stm32f4xx_ll_rcc.o
 .text.LL_RCC_PLL_GetN
                0x0000000008007478       0x1c Drivers/STM32F4xx_HAL_Driver/Src/stm32f4xx_ll_rcc.o
 .text.LL_RCC_PLL_GetP
                0x0000000008007494       0x1c Drivers/STM32F4xx_HAL_Driver/Src/stm32f4xx_ll_rcc.o
 .text.LL_RCC_PLL_GetDivider
                0x00000000080074b0       0x1c Drivers/STM32F4xx_HAL_Driver/Src/stm32f4xx_ll_rcc.o
 .text.LL_RCC_GetSystemClocksFreq
                0x00000000080074cc       0x4a Drivers/STM32F4xx_HAL_Driver/Src/stm32f4xx_ll_rcc.o
                0x00000000080074cc                LL_RCC_GetSystemClocksFreq
 *fill*         0x0000000008007516        0x2 
 .text.RCC_GetSystemClockFreq
                0x0000000008007518       0x50 Drivers/STM32F4xx_HAL_Driver/Src/stm32f4xx_ll_rcc.o
                0x0000000008007518                RCC_GetSystemClockFreq
 .text.RCC_GetHCLKClockFreq
                0x0000000008007568       0x2c Drivers/STM32F4xx_HAL_Driver/Src/stm32f4xx_ll_rcc.o
                0x0000000008007568                RCC_GetHCLKClockFreq
 .text.RCC_GetPCLK1ClockFreq
                0x0000000008007594       0x28 Drivers/STM32F4xx_HAL_Driver/Src/stm32f4xx_ll_rcc.o
                0x0000000008007594                RCC_GetPCLK1ClockFreq
 .text.RCC_GetPCLK2ClockFreq
                0x00000000080075bc       0x28 Drivers/STM32F4xx_HAL_Driver/Src/stm32f4xx_ll_rcc.o
                0x00000000080075bc                RCC_GetPCLK2ClockFreq
 .text.RCC_PLL_GetFreqDomain_SYS
                0x00000000080075e4       0x7c Drivers/STM32F4xx_HAL_Driver/Src/stm32f4xx_ll_rcc.o
                0x00000000080075e4                RCC_PLL_GetFreqDomain_SYS
 .text.LL_SPI_IsEnabled
                0x0000000008007660       0x26 Drivers/STM32F4xx_HAL_Driver/Src/stm32f4xx_ll_spi.o
 .text.LL_SPI_SetCRCPolynomial
                0x0000000008007686       0x20 Drivers/STM32F4xx_HAL_Driver/Src/stm32f4xx_ll_spi.o
 .text.LL_SPI_Init
                0x00000000080076a6       0xa4 Drivers/STM32F4xx_HAL_Driver/Src/stm32f4xx_ll_spi.o
                0x00000000080076a6                LL_SPI_Init
 .text.LL_TIM_SetPrescaler
                0x000000000800774a       0x1c Drivers/STM32F4xx_HAL_Driver/Src/stm32f4xx_ll_tim.o
 .text.LL_TIM_SetAutoReload
                0x0000000008007766       0x1c Drivers/STM32F4xx_HAL_Driver/Src/stm32f4xx_ll_tim.o
 .text.LL_TIM_SetRepetitionCounter
                0x0000000008007782       0x1c Drivers/STM32F4xx_HAL_Driver/Src/stm32f4xx_ll_tim.o
 .text.LL_TIM_OC_SetCompareCH1
                0x000000000800779e       0x1c Drivers/STM32F4xx_HAL_Driver/Src/stm32f4xx_ll_tim.o
 .text.LL_TIM_OC_SetCompareCH2
                0x00000000080077ba       0x1c Drivers/STM32F4xx_HAL_Driver/Src/stm32f4xx_ll_tim.o
 .text.LL_TIM_OC_SetCompareCH3
                0x00000000080077d6       0x1c Drivers/STM32F4xx_HAL_Driver/Src/stm32f4xx_ll_tim.o
 .text.LL_TIM_OC_SetCompareCH4
                0x00000000080077f2       0x1c Drivers/STM32F4xx_HAL_Driver/Src/stm32f4xx_ll_tim.o
 .text.LL_TIM_GenerateEvent_UPDATE
                0x000000000800780e       0x20 Drivers/STM32F4xx_HAL_Driver/Src/stm32f4xx_ll_tim.o
 *fill*         0x000000000800782e        0x2 
 .text.LL_TIM_Init
                0x0000000008007830      0x134 Drivers/STM32F4xx_HAL_Driver/Src/stm32f4xx_ll_tim.o
                0x0000000008007830                LL_TIM_Init
 .text.LL_TIM_OC_Init
                0x0000000008007964       0x82 Drivers/STM32F4xx_HAL_Driver/Src/stm32f4xx_ll_tim.o
                0x0000000008007964                LL_TIM_OC_Init
 .text.LL_TIM_BDTR_Init
                0x00000000080079e6       0x92 Drivers/STM32F4xx_HAL_Driver/Src/stm32f4xx_ll_tim.o
                0x00000000080079e6                LL_TIM_BDTR_Init
 .text.OC1Config
                0x0000000008007a78       0xd8 Drivers/STM32F4xx_HAL_Driver/Src/stm32f4xx_ll_tim.o
 .text.OC2Config
                0x0000000008007b50       0xe0 Drivers/STM32F4xx_HAL_Driver/Src/stm32f4xx_ll_tim.o
 .text.OC3Config
                0x0000000008007c30       0xe0 Drivers/STM32F4xx_HAL_Driver/Src/stm32f4xx_ll_tim.o
 .text.OC4Config
                0x0000000008007d10       0xb0 Drivers/STM32F4xx_HAL_Driver/Src/stm32f4xx_ll_tim.o
 .text.LL_USART_IsEnabled
                0x0000000008007dc0       0x28 Drivers/STM32F4xx_HAL_Driver/Src/stm32f4xx_ll_usart.o
 .text.LL_USART_SetStopBitsLength
                0x0000000008007de8       0x26 Drivers/STM32F4xx_HAL_Driver/Src/stm32f4xx_ll_usart.o
 .text.LL_USART_SetHWFlowCtrl
                0x0000000008007e0e       0x26 Drivers/STM32F4xx_HAL_Driver/Src/stm32f4xx_ll_usart.o
 .text.LL_USART_SetBaudRate
                0x0000000008007e34      0x320 Drivers/STM32F4xx_HAL_Driver/Src/stm32f4xx_ll_usart.o
 .text.LL_USART_Init
                0x0000000008008154      0x100 Drivers/STM32F4xx_HAL_Driver/Src/stm32f4xx_ll_usart.o
                0x0000000008008154                LL_USART_Init
 .text.LL_InitTick
                0x0000000008008254       0x34 Drivers/STM32F4xx_HAL_Driver/Src/stm32f4xx_ll_utils.o
 .text.LL_Init1msTick
                0x0000000008008288       0x1a Drivers/STM32F4xx_HAL_Driver/Src/stm32f4xx_ll_utils.o
                0x0000000008008288                LL_Init1msTick
 *fill*         0x00000000080082a2        0x2 
 .text.LL_mDelay
                0x00000000080082a4       0x4c Drivers/STM32F4xx_HAL_Driver/Src/stm32f4xx_ll_utils.o
                0x00000000080082a4                LL_mDelay
 .text.LL_SetSystemCoreClock
                0x00000000080082f0       0x20 Drivers/STM32F4xx_HAL_Driver/Src/stm32f4xx_ll_utils.o
                0x00000000080082f0                LL_SetSystemCoreClock
 .text.__errno  0x0000000008008310        0xc c:/st/stm32cubeide_1.0.2/stm32cubeide/plugins/com.st.stm32cube.ide.mcu.externaltools.gnu-tools-for-stm32.9-2020-q2-update.win32_1.5.0.202011040924/tools/bin/../lib/gcc/arm-none-eabi/9.3.1/../../../../arm-none-eabi/lib/thumb/v7e-m+fp/hard\libc_nano.a(lib_a-errno.o)
                0x0000000008008310                __errno
 .text.__libc_init_array
                0x000000000800831c       0x48 c:/st/stm32cubeide_1.0.2/stm32cubeide/plugins/com.st.stm32cube.ide.mcu.externaltools.gnu-tools-for-stm32.9-2020-q2-update.win32_1.5.0.202011040924/tools/bin/../lib/gcc/arm-none-eabi/9.3.1/../../../../arm-none-eabi/lib/thumb/v7e-m+fp/hard\libc_nano.a(lib_a-init.o)
                0x000000000800831c                __libc_init_array
 .text.memset   0x0000000008008364       0x10 c:/st/stm32cubeide_1.0.2/stm32cubeide/plugins/com.st.stm32cube.ide.mcu.externaltools.gnu-tools-for-stm32.9-2020-q2-update.win32_1.5.0.202011040924/tools/bin/../lib/gcc/arm-none-eabi/9.3.1/../../../../arm-none-eabi/lib/thumb/v7e-m+fp/hard\libc_nano.a(lib_a-memset.o)
                0x0000000008008364                memset
 .text.__cvt    0x0000000008008374       0xc4 c:/st/stm32cubeide_1.0.2/stm32cubeide/plugins/com.st.stm32cube.ide.mcu.externaltools.gnu-tools-for-stm32.9-2020-q2-update.win32_1.5.0.202011040924/tools/bin/../lib/gcc/arm-none-eabi/9.3.1/../../../../arm-none-eabi/lib/thumb/v7e-m+fp/hard\libc_nano.a(lib_a-nano-vfprintf_float.o)
                0x0000000008008374                __cvt
 .text.__exponent
                0x0000000008008438       0x7c c:/st/stm32cubeide_1.0.2/stm32cubeide/plugins/com.st.stm32cube.ide.mcu.externaltools.gnu-tools-for-stm32.9-2020-q2-update.win32_1.5.0.202011040924/tools/bin/../lib/gcc/arm-none-eabi/9.3.1/../../../../arm-none-eabi/lib/thumb/v7e-m+fp/hard\libc_nano.a(lib_a-nano-vfprintf_float.o)
                0x0000000008008438                __exponent
 .text._printf_float
                0x00000000080084b4      0x46c c:/st/stm32cubeide_1.0.2/stm32cubeide/plugins/com.st.stm32cube.ide.mcu.externaltools.gnu-tools-for-stm32.9-2020-q2-update.win32_1.5.0.202011040924/tools/bin/../lib/gcc/arm-none-eabi/9.3.1/../../../../arm-none-eabi/lib/thumb/v7e-m+fp/hard\libc_nano.a(lib_a-nano-vfprintf_float.o)
                0x00000000080084b4                _printf_float
 .text._printf_common
                0x0000000008008920       0xda c:/st/stm32cubeide_1.0.2/stm32cubeide/plugins/com.st.stm32cube.ide.mcu.externaltools.gnu-tools-for-stm32.9-2020-q2-update.win32_1.5.0.202011040924/tools/bin/../lib/gcc/arm-none-eabi/9.3.1/../../../../arm-none-eabi/lib/thumb/v7e-m+fp/hard\libc_nano.a(lib_a-nano-vfprintf_i.o)
                0x0000000008008920                _printf_common
 *fill*         0x00000000080089fa        0x2 
 .text._printf_i
                0x00000000080089fc      0x24c c:/st/stm32cubeide_1.0.2/stm32cubeide/plugins/com.st.stm32cube.ide.mcu.externaltools.gnu-tools-for-stm32.9-2020-q2-update.win32_1.5.0.202011040924/tools/bin/../lib/gcc/arm-none-eabi/9.3.1/../../../../arm-none-eabi/lib/thumb/v7e-m+fp/hard\libc_nano.a(lib_a-nano-vfprintf_i.o)
                0x00000000080089fc                _printf_i
 .text.printf   0x0000000008008c48       0x30 c:/st/stm32cubeide_1.0.2/stm32cubeide/plugins/com.st.stm32cube.ide.mcu.externaltools.gnu-tools-for-stm32.9-2020-q2-update.win32_1.5.0.202011040924/tools/bin/../lib/gcc/arm-none-eabi/9.3.1/../../../../arm-none-eabi/lib/thumb/v7e-m+fp/hard\libc_nano.a(lib_a-printf.o)
                0x0000000008008c48                iprintf
                0x0000000008008c48                printf
 .text._puts_r  0x0000000008008c78       0xdc c:/st/stm32cubeide_1.0.2/stm32cubeide/plugins/com.st.stm32cube.ide.mcu.externaltools.gnu-tools-for-stm32.9-2020-q2-update.win32_1.5.0.202011040924/tools/bin/../lib/gcc/arm-none-eabi/9.3.1/../../../../arm-none-eabi/lib/thumb/v7e-m+fp/hard\libc_nano.a(lib_a-puts.o)
                0x0000000008008c78                _puts_r
 .text.puts     0x0000000008008d54       0x10 c:/st/stm32cubeide_1.0.2/stm32cubeide/plugins/com.st.stm32cube.ide.mcu.externaltools.gnu-tools-for-stm32.9-2020-q2-update.win32_1.5.0.202011040924/tools/bin/../lib/gcc/arm-none-eabi/9.3.1/../../../../arm-none-eabi/lib/thumb/v7e-m+fp/hard\libc_nano.a(lib_a-puts.o)
                0x0000000008008d54                puts
 .text.setbuf   0x0000000008008d64       0x10 c:/st/stm32cubeide_1.0.2/stm32cubeide/plugins/com.st.stm32cube.ide.mcu.externaltools.gnu-tools-for-stm32.9-2020-q2-update.win32_1.5.0.202011040924/tools/bin/../lib/gcc/arm-none-eabi/9.3.1/../../../../arm-none-eabi/lib/thumb/v7e-m+fp/hard\libc_nano.a(lib_a-setbuf.o)
                0x0000000008008d64                setbuf
 .text.setvbuf  0x0000000008008d74      0x18c c:/st/stm32cubeide_1.0.2/stm32cubeide/plugins/com.st.stm32cube.ide.mcu.externaltools.gnu-tools-for-stm32.9-2020-q2-update.win32_1.5.0.202011040924/tools/bin/../lib/gcc/arm-none-eabi/9.3.1/../../../../arm-none-eabi/lib/thumb/v7e-m+fp/hard\libc_nano.a(lib_a-setvbuf.o)
                0x0000000008008d74                setvbuf
 .text.__swbuf_r
                0x0000000008008f00       0xa4 c:/st/stm32cubeide_1.0.2/stm32cubeide/plugins/com.st.stm32cube.ide.mcu.externaltools.gnu-tools-for-stm32.9-2020-q2-update.win32_1.5.0.202011040924/tools/bin/../lib/gcc/arm-none-eabi/9.3.1/../../../../arm-none-eabi/lib/thumb/v7e-m+fp/hard\libc_nano.a(lib_a-wbuf.o)
                0x0000000008008f00                __swbuf_r
 .text.__swsetup_r
                0x0000000008008fa4       0xdc c:/st/stm32cubeide_1.0.2/stm32cubeide/plugins/com.st.stm32cube.ide.mcu.externaltools.gnu-tools-for-stm32.9-2020-q2-update.win32_1.5.0.202011040924/tools/bin/../lib/gcc/arm-none-eabi/9.3.1/../../../../arm-none-eabi/lib/thumb/v7e-m+fp/hard\libc_nano.a(lib_a-wsetup.o)
                0x0000000008008fa4                __swsetup_r
 .text.quorem   0x0000000008009080      0x116 c:/st/stm32cubeide_1.0.2/stm32cubeide/plugins/com.st.stm32cube.ide.mcu.externaltools.gnu-tools-for-stm32.9-2020-q2-update.win32_1.5.0.202011040924/tools/bin/../lib/gcc/arm-none-eabi/9.3.1/../../../../arm-none-eabi/lib/thumb/v7e-m+fp/hard\libc_nano.a(lib_a-dtoa.o)
 *fill*         0x0000000008009196        0x2 
 .text._dtoa_r  0x0000000008009198      0xbd8 c:/st/stm32cubeide_1.0.2/stm32cubeide/plugins/com.st.stm32cube.ide.mcu.externaltools.gnu-tools-for-stm32.9-2020-q2-update.win32_1.5.0.202011040924/tools/bin/../lib/gcc/arm-none-eabi/9.3.1/../../../../arm-none-eabi/lib/thumb/v7e-m+fp/hard\libc_nano.a(lib_a-dtoa.o)
                0x0000000008009198                _dtoa_r
 .text.__sflush_r
                0x0000000008009d70      0x10c c:/st/stm32cubeide_1.0.2/stm32cubeide/plugins/com.st.stm32cube.ide.mcu.externaltools.gnu-tools-for-stm32.9-2020-q2-update.win32_1.5.0.202011040924/tools/bin/../lib/gcc/arm-none-eabi/9.3.1/../../../../arm-none-eabi/lib/thumb/v7e-m+fp/hard\libc_nano.a(lib_a-fflush.o)
                0x0000000008009d70                __sflush_r
 .text._fflush_r
                0x0000000008009e7c       0x78 c:/st/stm32cubeide_1.0.2/stm32cubeide/plugins/com.st.stm32cube.ide.mcu.externaltools.gnu-tools-for-stm32.9-2020-q2-update.win32_1.5.0.202011040924/tools/bin/../lib/gcc/arm-none-eabi/9.3.1/../../../../arm-none-eabi/lib/thumb/v7e-m+fp/hard\libc_nano.a(lib_a-fflush.o)
                0x0000000008009e7c                _fflush_r
 .text.std      0x0000000008009ef4       0x48 c:/st/stm32cubeide_1.0.2/stm32cubeide/plugins/com.st.stm32cube.ide.mcu.externaltools.gnu-tools-for-stm32.9-2020-q2-update.win32_1.5.0.202011040924/tools/bin/../lib/gcc/arm-none-eabi/9.3.1/../../../../arm-none-eabi/lib/thumb/v7e-m+fp/hard\libc_nano.a(lib_a-findfp.o)
 .text._cleanup_r
                0x0000000008009f3c        0xc c:/st/stm32cubeide_1.0.2/stm32cubeide/plugins/com.st.stm32cube.ide.mcu.externaltools.gnu-tools-for-stm32.9-2020-q2-update.win32_1.5.0.202011040924/tools/bin/../lib/gcc/arm-none-eabi/9.3.1/../../../../arm-none-eabi/lib/thumb/v7e-m+fp/hard\libc_nano.a(lib_a-findfp.o)
                0x0000000008009f3c                _cleanup_r
 .text.__sfmoreglue
                0x0000000008009f48       0x2c c:/st/stm32cubeide_1.0.2/stm32cubeide/plugins/com.st.stm32cube.ide.mcu.externaltools.gnu-tools-for-stm32.9-2020-q2-update.win32_1.5.0.202011040924/tools/bin/../lib/gcc/arm-none-eabi/9.3.1/../../../../arm-none-eabi/lib/thumb/v7e-m+fp/hard\libc_nano.a(lib_a-findfp.o)
                0x0000000008009f48                __sfmoreglue
 .text.__sfp_lock_acquire
                0x0000000008009f74        0xc c:/st/stm32cubeide_1.0.2/stm32cubeide/plugins/com.st.stm32cube.ide.mcu.externaltools.gnu-tools-for-stm32.9-2020-q2-update.win32_1.5.0.202011040924/tools/bin/../lib/gcc/arm-none-eabi/9.3.1/../../../../arm-none-eabi/lib/thumb/v7e-m+fp/hard\libc_nano.a(lib_a-findfp.o)
                0x0000000008009f74                __sfp_lock_acquire
 .text.__sfp_lock_release
                0x0000000008009f80        0xc c:/st/stm32cubeide_1.0.2/stm32cubeide/plugins/com.st.stm32cube.ide.mcu.externaltools.gnu-tools-for-stm32.9-2020-q2-update.win32_1.5.0.202011040924/tools/bin/../lib/gcc/arm-none-eabi/9.3.1/../../../../arm-none-eabi/lib/thumb/v7e-m+fp/hard\libc_nano.a(lib_a-findfp.o)
                0x0000000008009f80                __sfp_lock_release
 .text.__sinit_lock_acquire
                0x0000000008009f8c        0xc c:/st/stm32cubeide_1.0.2/stm32cubeide/plugins/com.st.stm32cube.ide.mcu.externaltools.gnu-tools-for-stm32.9-2020-q2-update.win32_1.5.0.202011040924/tools/bin/../lib/gcc/arm-none-eabi/9.3.1/../../../../arm-none-eabi/lib/thumb/v7e-m+fp/hard\libc_nano.a(lib_a-findfp.o)
                0x0000000008009f8c                __sinit_lock_acquire
 .text.__sinit_lock_release
                0x0000000008009f98        0xc c:/st/stm32cubeide_1.0.2/stm32cubeide/plugins/com.st.stm32cube.ide.mcu.externaltools.gnu-tools-for-stm32.9-2020-q2-update.win32_1.5.0.202011040924/tools/bin/../lib/gcc/arm-none-eabi/9.3.1/../../../../arm-none-eabi/lib/thumb/v7e-m+fp/hard\libc_nano.a(lib_a-findfp.o)
                0x0000000008009f98                __sinit_lock_release
 .text.__sinit  0x0000000008009fa4       0x70 c:/st/stm32cubeide_1.0.2/stm32cubeide/plugins/com.st.stm32cube.ide.mcu.externaltools.gnu-tools-for-stm32.9-2020-q2-update.win32_1.5.0.202011040924/tools/bin/../lib/gcc/arm-none-eabi/9.3.1/../../../../arm-none-eabi/lib/thumb/v7e-m+fp/hard\libc_nano.a(lib_a-findfp.o)
                0x0000000008009fa4                __sinit
 .text.__sfp    0x000000000800a014       0x8c c:/st/stm32cubeide_1.0.2/stm32cubeide/plugins/com.st.stm32cube.ide.mcu.externaltools.gnu-tools-for-stm32.9-2020-q2-update.win32_1.5.0.202011040924/tools/bin/../lib/gcc/arm-none-eabi/9.3.1/../../../../arm-none-eabi/lib/thumb/v7e-m+fp/hard\libc_nano.a(lib_a-findfp.o)
                0x000000000800a014                __sfp
 .text._fwalk_reent
                0x000000000800a0a0       0x3e c:/st/stm32cubeide_1.0.2/stm32cubeide/plugins/com.st.stm32cube.ide.mcu.externaltools.gnu-tools-for-stm32.9-2020-q2-update.win32_1.5.0.202011040924/tools/bin/../lib/gcc/arm-none-eabi/9.3.1/../../../../arm-none-eabi/lib/thumb/v7e-m+fp/hard\libc_nano.a(lib_a-fwalk.o)
                0x000000000800a0a0                _fwalk_reent
 *fill*         0x000000000800a0de        0x2 
 .text._localeconv_r
                0x000000000800a0e0        0x8 c:/st/stm32cubeide_1.0.2/stm32cubeide/plugins/com.st.stm32cube.ide.mcu.externaltools.gnu-tools-for-stm32.9-2020-q2-update.win32_1.5.0.202011040924/tools/bin/../lib/gcc/arm-none-eabi/9.3.1/../../../../arm-none-eabi/lib/thumb/v7e-m+fp/hard\libc_nano.a(lib_a-localeconv.o)
                0x000000000800a0e0                _localeconv_r
 .text.__retarget_lock_init_recursive
                0x000000000800a0e8        0x2 c:/st/stm32cubeide_1.0.2/stm32cubeide/plugins/com.st.stm32cube.ide.mcu.externaltools.gnu-tools-for-stm32.9-2020-q2-update.win32_1.5.0.202011040924/tools/bin/../lib/gcc/arm-none-eabi/9.3.1/../../../../arm-none-eabi/lib/thumb/v7e-m+fp/hard\libc_nano.a(lib_a-lock.o)
                0x000000000800a0e8                __retarget_lock_init_recursive
 .text.__retarget_lock_acquire_recursive
                0x000000000800a0ea        0x2 c:/st/stm32cubeide_1.0.2/stm32cubeide/plugins/com.st.stm32cube.ide.mcu.externaltools.gnu-tools-for-stm32.9-2020-q2-update.win32_1.5.0.202011040924/tools/bin/../lib/gcc/arm-none-eabi/9.3.1/../../../../arm-none-eabi/lib/thumb/v7e-m+fp/hard\libc_nano.a(lib_a-lock.o)
                0x000000000800a0ea                __retarget_lock_acquire_recursive
 .text.__retarget_lock_release_recursive
                0x000000000800a0ec        0x2 c:/st/stm32cubeide_1.0.2/stm32cubeide/plugins/com.st.stm32cube.ide.mcu.externaltools.gnu-tools-for-stm32.9-2020-q2-update.win32_1.5.0.202011040924/tools/bin/../lib/gcc/arm-none-eabi/9.3.1/../../../../arm-none-eabi/lib/thumb/v7e-m+fp/hard\libc_nano.a(lib_a-lock.o)
                0x000000000800a0ec                __retarget_lock_release_recursive
 .text.__swhatbuf_r
                0x000000000800a0ee       0x48 c:/st/stm32cubeide_1.0.2/stm32cubeide/plugins/com.st.stm32cube.ide.mcu.externaltools.gnu-tools-for-stm32.9-2020-q2-update.win32_1.5.0.202011040924/tools/bin/../lib/gcc/arm-none-eabi/9.3.1/../../../../arm-none-eabi/lib/thumb/v7e-m+fp/hard\libc_nano.a(lib_a-makebuf.o)
                0x000000000800a0ee                __swhatbuf_r
 *fill*         0x000000000800a136        0x2 
 .text.__smakebuf_r
                0x000000000800a138       0x80 c:/st/stm32cubeide_1.0.2/stm32cubeide/plugins/com.st.stm32cube.ide.mcu.externaltools.gnu-tools-for-stm32.9-2020-q2-update.win32_1.5.0.202011040924/tools/bin/../lib/gcc/arm-none-eabi/9.3.1/../../../../arm-none-eabi/lib/thumb/v7e-m+fp/hard\libc_nano.a(lib_a-makebuf.o)
                0x000000000800a138                __smakebuf_r
 .text.malloc   0x000000000800a1b8       0x10 c:/st/stm32cubeide_1.0.2/stm32cubeide/plugins/com.st.stm32cube.ide.mcu.externaltools.gnu-tools-for-stm32.9-2020-q2-update.win32_1.5.0.202011040924/tools/bin/../lib/gcc/arm-none-eabi/9.3.1/../../../../arm-none-eabi/lib/thumb/v7e-m+fp/hard\libc_nano.a(lib_a-malloc.o)
                0x000000000800a1b8                malloc
 .text.memcpy   0x000000000800a1c8       0x1c c:/st/stm32cubeide_1.0.2/stm32cubeide/plugins/com.st.stm32cube.ide.mcu.externaltools.gnu-tools-for-stm32.9-2020-q2-update.win32_1.5.0.202011040924/tools/bin/../lib/gcc/arm-none-eabi/9.3.1/../../../../arm-none-eabi/lib/thumb/v7e-m+fp/hard\libc_nano.a(lib_a-memcpy-stub.o)
                0x000000000800a1c8                memcpy
 .text._Balloc  0x000000000800a1e4       0x80 c:/st/stm32cubeide_1.0.2/stm32cubeide/plugins/com.st.stm32cube.ide.mcu.externaltools.gnu-tools-for-stm32.9-2020-q2-update.win32_1.5.0.202011040924/tools/bin/../lib/gcc/arm-none-eabi/9.3.1/../../../../arm-none-eabi/lib/thumb/v7e-m+fp/hard\libc_nano.a(lib_a-mprec.o)
                0x000000000800a1e4                _Balloc
 .text._Bfree   0x000000000800a264       0x44 c:/st/stm32cubeide_1.0.2/stm32cubeide/plugins/com.st.stm32cube.ide.mcu.externaltools.gnu-tools-for-stm32.9-2020-q2-update.win32_1.5.0.202011040924/tools/bin/../lib/gcc/arm-none-eabi/9.3.1/../../../../arm-none-eabi/lib/thumb/v7e-m+fp/hard\libc_nano.a(lib_a-mprec.o)
                0x000000000800a264                _Bfree
 .text.__multadd
                0x000000000800a2a8       0x94 c:/st/stm32cubeide_1.0.2/stm32cubeide/plugins/com.st.stm32cube.ide.mcu.externaltools.gnu-tools-for-stm32.9-2020-q2-update.win32_1.5.0.202011040924/tools/bin/../lib/gcc/arm-none-eabi/9.3.1/../../../../arm-none-eabi/lib/thumb/v7e-m+fp/hard\libc_nano.a(lib_a-mprec.o)
                0x000000000800a2a8                __multadd
 .text.__hi0bits
                0x000000000800a33c       0x40 c:/st/stm32cubeide_1.0.2/stm32cubeide/plugins/com.st.stm32cube.ide.mcu.externaltools.gnu-tools-for-stm32.9-2020-q2-update.win32_1.5.0.202011040924/tools/bin/../lib/gcc/arm-none-eabi/9.3.1/../../../../arm-none-eabi/lib/thumb/v7e-m+fp/hard\libc_nano.a(lib_a-mprec.o)
                0x000000000800a33c                __hi0bits
 .text.__lo0bits
                0x000000000800a37c       0x60 c:/st/stm32cubeide_1.0.2/stm32cubeide/plugins/com.st.stm32cube.ide.mcu.externaltools.gnu-tools-for-stm32.9-2020-q2-update.win32_1.5.0.202011040924/tools/bin/../lib/gcc/arm-none-eabi/9.3.1/../../../../arm-none-eabi/lib/thumb/v7e-m+fp/hard\libc_nano.a(lib_a-mprec.o)
                0x000000000800a37c                __lo0bits
 .text.__i2b    0x000000000800a3dc       0x2c c:/st/stm32cubeide_1.0.2/stm32cubeide/plugins/com.st.stm32cube.ide.mcu.externaltools.gnu-tools-for-stm32.9-2020-q2-update.win32_1.5.0.202011040924/tools/bin/../lib/gcc/arm-none-eabi/9.3.1/../../../../arm-none-eabi/lib/thumb/v7e-m+fp/hard\libc_nano.a(lib_a-mprec.o)
                0x000000000800a3dc                __i2b
 .text.__multiply
                0x000000000800a408      0x14c c:/st/stm32cubeide_1.0.2/stm32cubeide/plugins/com.st.stm32cube.ide.mcu.externaltools.gnu-tools-for-stm32.9-2020-q2-update.win32_1.5.0.202011040924/tools/bin/../lib/gcc/arm-none-eabi/9.3.1/../../../../arm-none-eabi/lib/thumb/v7e-m+fp/hard\libc_nano.a(lib_a-mprec.o)
                0x000000000800a408                __multiply
 .text.__pow5mult
                0x000000000800a554       0xb4 c:/st/stm32cubeide_1.0.2/stm32cubeide/plugins/com.st.stm32cube.ide.mcu.externaltools.gnu-tools-for-stm32.9-2020-q2-update.win32_1.5.0.202011040924/tools/bin/../lib/gcc/arm-none-eabi/9.3.1/../../../../arm-none-eabi/lib/thumb/v7e-m+fp/hard\libc_nano.a(lib_a-mprec.o)
                0x000000000800a554                __pow5mult
 .text.__lshift
                0x000000000800a608       0xd8 c:/st/stm32cubeide_1.0.2/stm32cubeide/plugins/com.st.stm32cube.ide.mcu.externaltools.gnu-tools-for-stm32.9-2020-q2-update.win32_1.5.0.202011040924/tools/bin/../lib/gcc/arm-none-eabi/9.3.1/../../../../arm-none-eabi/lib/thumb/v7e-m+fp/hard\libc_nano.a(lib_a-mprec.o)
                0x000000000800a608                __lshift
 .text.__mcmp   0x000000000800a6e0       0x38 c:/st/stm32cubeide_1.0.2/stm32cubeide/plugins/com.st.stm32cube.ide.mcu.externaltools.gnu-tools-for-stm32.9-2020-q2-update.win32_1.5.0.202011040924/tools/bin/../lib/gcc/arm-none-eabi/9.3.1/../../../../arm-none-eabi/lib/thumb/v7e-m+fp/hard\libc_nano.a(lib_a-mprec.o)
                0x000000000800a6e0                __mcmp
 .text.__mdiff  0x000000000800a718      0x110 c:/st/stm32cubeide_1.0.2/stm32cubeide/plugins/com.st.stm32cube.ide.mcu.externaltools.gnu-tools-for-stm32.9-2020-q2-update.win32_1.5.0.202011040924/tools/bin/../lib/gcc/arm-none-eabi/9.3.1/../../../../arm-none-eabi/lib/thumb/v7e-m+fp/hard\libc_nano.a(lib_a-mprec.o)
                0x000000000800a718                __mdiff
 .text.__d2b    0x000000000800a828       0xb8 c:/st/stm32cubeide_1.0.2/stm32cubeide/plugins/com.st.stm32cube.ide.mcu.externaltools.gnu-tools-for-stm32.9-2020-q2-update.win32_1.5.0.202011040924/tools/bin/../lib/gcc/arm-none-eabi/9.3.1/../../../../arm-none-eabi/lib/thumb/v7e-m+fp/hard\libc_nano.a(lib_a-mprec.o)
                0x000000000800a828                __d2b
 .text._calloc_r
                0x000000000800a8e0       0x1e c:/st/stm32cubeide_1.0.2/stm32cubeide/plugins/com.st.stm32cube.ide.mcu.externaltools.gnu-tools-for-stm32.9-2020-q2-update.win32_1.5.0.202011040924/tools/bin/../lib/gcc/arm-none-eabi/9.3.1/../../../../arm-none-eabi/lib/thumb/v7e-m+fp/hard\libc_nano.a(lib_a-nano-callocr.o)
                0x000000000800a8e0                _calloc_r
 *fill*         0x000000000800a8fe        0x2 
 .text._free_r  0x000000000800a900       0xa0 c:/st/stm32cubeide_1.0.2/stm32cubeide/plugins/com.st.stm32cube.ide.mcu.externaltools.gnu-tools-for-stm32.9-2020-q2-update.win32_1.5.0.202011040924/tools/bin/../lib/gcc/arm-none-eabi/9.3.1/../../../../arm-none-eabi/lib/thumb/v7e-m+fp/hard\libc_nano.a(lib_a-nano-freer.o)
                0x000000000800a900                _free_r
 .text._malloc_r
                0x000000000800a9a0       0xb4 c:/st/stm32cubeide_1.0.2/stm32cubeide/plugins/com.st.stm32cube.ide.mcu.externaltools.gnu-tools-for-stm32.9-2020-q2-update.win32_1.5.0.202011040924/tools/bin/../lib/gcc/arm-none-eabi/9.3.1/../../../../arm-none-eabi/lib/thumb/v7e-m+fp/hard\libc_nano.a(lib_a-nano-mallocr.o)
                0x000000000800a9a0                _malloc_r
 .text.__sfputc_r
                0x000000000800aa54       0x2e c:/st/stm32cubeide_1.0.2/stm32cubeide/plugins/com.st.stm32cube.ide.mcu.externaltools.gnu-tools-for-stm32.9-2020-q2-update.win32_1.5.0.202011040924/tools/bin/../lib/gcc/arm-none-eabi/9.3.1/../../../../arm-none-eabi/lib/thumb/v7e-m+fp/hard\libc_nano.a(lib_a-nano-vfprintf.o)
 .text.__sfputs_r
                0x000000000800aa82       0x24 c:/st/stm32cubeide_1.0.2/stm32cubeide/plugins/com.st.stm32cube.ide.mcu.externaltools.gnu-tools-for-stm32.9-2020-q2-update.win32_1.5.0.202011040924/tools/bin/../lib/gcc/arm-none-eabi/9.3.1/../../../../arm-none-eabi/lib/thumb/v7e-m+fp/hard\libc_nano.a(lib_a-nano-vfprintf.o)
                0x000000000800aa82                __sfputs_r
 *fill*         0x000000000800aaa6        0x2 
 .text._vfprintf_r
                0x000000000800aaa8      0x260 c:/st/stm32cubeide_1.0.2/stm32cubeide/plugins/com.st.stm32cube.ide.mcu.externaltools.gnu-tools-for-stm32.9-2020-q2-update.win32_1.5.0.202011040924/tools/bin/../lib/gcc/arm-none-eabi/9.3.1/../../../../arm-none-eabi/lib/thumb/v7e-m+fp/hard\libc_nano.a(lib_a-nano-vfprintf.o)
                0x000000000800aaa8                _vfprintf_r
                0x000000000800aaa8                _vfiprintf_r
 .text._sbrk_r  0x000000000800ad08       0x20 c:/st/stm32cubeide_1.0.2/stm32cubeide/plugins/com.st.stm32cube.ide.mcu.externaltools.gnu-tools-for-stm32.9-2020-q2-update.win32_1.5.0.202011040924/tools/bin/../lib/gcc/arm-none-eabi/9.3.1/../../../../arm-none-eabi/lib/thumb/v7e-m+fp/hard\libc_nano.a(lib_a-sbrkr.o)
                0x000000000800ad08                _sbrk_r
 .text.__sread  0x000000000800ad28       0x22 c:/st/stm32cubeide_1.0.2/stm32cubeide/plugins/com.st.stm32cube.ide.mcu.externaltools.gnu-tools-for-stm32.9-2020-q2-update.win32_1.5.0.202011040924/tools/bin/../lib/gcc/arm-none-eabi/9.3.1/../../../../arm-none-eabi/lib/thumb/v7e-m+fp/hard\libc_nano.a(lib_a-stdio.o)
                0x000000000800ad28                __sread
 .text.__swrite
                0x000000000800ad4a       0x38 c:/st/stm32cubeide_1.0.2/stm32cubeide/plugins/com.st.stm32cube.ide.mcu.externaltools.gnu-tools-for-stm32.9-2020-q2-update.win32_1.5.0.202011040924/tools/bin/../lib/gcc/arm-none-eabi/9.3.1/../../../../arm-none-eabi/lib/thumb/v7e-m+fp/hard\libc_nano.a(lib_a-stdio.o)
                0x000000000800ad4a                __swrite
 .text.__sseek  0x000000000800ad82       0x24 c:/st/stm32cubeide_1.0.2/stm32cubeide/plugins/com.st.stm32cube.ide.mcu.externaltools.gnu-tools-for-stm32.9-2020-q2-update.win32_1.5.0.202011040924/tools/bin/../lib/gcc/arm-none-eabi/9.3.1/../../../../arm-none-eabi/lib/thumb/v7e-m+fp/hard\libc_nano.a(lib_a-stdio.o)
                0x000000000800ad82                __sseek
 .text.__sclose
                0x000000000800ada6        0x8 c:/st/stm32cubeide_1.0.2/stm32cubeide/plugins/com.st.stm32cube.ide.mcu.externaltools.gnu-tools-for-stm32.9-2020-q2-update.win32_1.5.0.202011040924/tools/bin/../lib/gcc/arm-none-eabi/9.3.1/../../../../arm-none-eabi/lib/thumb/v7e-m+fp/hard\libc_nano.a(lib_a-stdio.o)
                0x000000000800ada6                __sclose
 *fill*         0x000000000800adae        0x2 
 .text._write_r
                0x000000000800adb0       0x24 c:/st/stm32cubeide_1.0.2/stm32cubeide/plugins/com.st.stm32cube.ide.mcu.externaltools.gnu-tools-for-stm32.9-2020-q2-update.win32_1.5.0.202011040924/tools/bin/../lib/gcc/arm-none-eabi/9.3.1/../../../../arm-none-eabi/lib/thumb/v7e-m+fp/hard\libc_nano.a(lib_a-writer.o)
                0x000000000800adb0                _write_r
 .text.__assert_func
                0x000000000800add4       0x3c c:/st/stm32cubeide_1.0.2/stm32cubeide/plugins/com.st.stm32cube.ide.mcu.externaltools.gnu-tools-for-stm32.9-2020-q2-update.win32_1.5.0.202011040924/tools/bin/../lib/gcc/arm-none-eabi/9.3.1/../../../../arm-none-eabi/lib/thumb/v7e-m+fp/hard\libc_nano.a(lib_a-assert.o)
                0x000000000800add4                __assert_func
 .text._close_r
                0x000000000800ae10       0x20 c:/st/stm32cubeide_1.0.2/stm32cubeide/plugins/com.st.stm32cube.ide.mcu.externaltools.gnu-tools-for-stm32.9-2020-q2-update.win32_1.5.0.202011040924/tools/bin/../lib/gcc/arm-none-eabi/9.3.1/../../../../arm-none-eabi/lib/thumb/v7e-m+fp/hard\libc_nano.a(lib_a-closer.o)
                0x000000000800ae10                _close_r
 .text.fprintf  0x000000000800ae30       0x24 c:/st/stm32cubeide_1.0.2/stm32cubeide/plugins/com.st.stm32cube.ide.mcu.externaltools.gnu-tools-for-stm32.9-2020-q2-update.win32_1.5.0.202011040924/tools/bin/../lib/gcc/arm-none-eabi/9.3.1/../../../../arm-none-eabi/lib/thumb/v7e-m+fp/hard\libc_nano.a(lib_a-fprintf.o)
                0x000000000800ae30                fiprintf
                0x000000000800ae30                fprintf
 .text._fstat_r
                0x000000000800ae54       0x24 c:/st/stm32cubeide_1.0.2/stm32cubeide/plugins/com.st.stm32cube.ide.mcu.externaltools.gnu-tools-for-stm32.9-2020-q2-update.win32_1.5.0.202011040924/tools/bin/../lib/gcc/arm-none-eabi/9.3.1/../../../../arm-none-eabi/lib/thumb/v7e-m+fp/hard\libc_nano.a(lib_a-fstatr.o)
                0x000000000800ae54                _fstat_r
 .text._isatty_r
                0x000000000800ae78       0x20 c:/st/stm32cubeide_1.0.2/stm32cubeide/plugins/com.st.stm32cube.ide.mcu.externaltools.gnu-tools-for-stm32.9-2020-q2-update.win32_1.5.0.202011040924/tools/bin/../lib/gcc/arm-none-eabi/9.3.1/../../../../arm-none-eabi/lib/thumb/v7e-m+fp/hard\libc_nano.a(lib_a-isattyr.o)
                0x000000000800ae78                _isatty_r
 .text._lseek_r
                0x000000000800ae98       0x24 c:/st/stm32cubeide_1.0.2/stm32cubeide/plugins/com.st.stm32cube.ide.mcu.externaltools.gnu-tools-for-stm32.9-2020-q2-update.win32_1.5.0.202011040924/tools/bin/../lib/gcc/arm-none-eabi/9.3.1/../../../../arm-none-eabi/lib/thumb/v7e-m+fp/hard\libc_nano.a(lib_a-lseekr.o)
                0x000000000800ae98                _lseek_r
 .text.__ascii_mbtowc
                0x000000000800aebc       0x24 c:/st/stm32cubeide_1.0.2/stm32cubeide/plugins/com.st.stm32cube.ide.mcu.externaltools.gnu-tools-for-stm32.9-2020-q2-update.win32_1.5.0.202011040924/tools/bin/../lib/gcc/arm-none-eabi/9.3.1/../../../../arm-none-eabi/lib/thumb/v7e-m+fp/hard\libc_nano.a(lib_a-mbtowc_r.o)
                0x000000000800aebc                __ascii_mbtowc
 .text.__malloc_lock
                0x000000000800aee0        0xc c:/st/stm32cubeide_1.0.2/stm32cubeide/plugins/com.st.stm32cube.ide.mcu.externaltools.gnu-tools-for-stm32.9-2020-q2-update.win32_1.5.0.202011040924/tools/bin/../lib/gcc/arm-none-eabi/9.3.1/../../../../arm-none-eabi/lib/thumb/v7e-m+fp/hard\libc_nano.a(lib_a-mlock.o)
                0x000000000800aee0                __malloc_lock
 .text.__malloc_unlock
                0x000000000800aeec        0xc c:/st/stm32cubeide_1.0.2/stm32cubeide/plugins/com.st.stm32cube.ide.mcu.externaltools.gnu-tools-for-stm32.9-2020-q2-update.win32_1.5.0.202011040924/tools/bin/../lib/gcc/arm-none-eabi/9.3.1/../../../../arm-none-eabi/lib/thumb/v7e-m+fp/hard\libc_nano.a(lib_a-mlock.o)
                0x000000000800aeec                __malloc_unlock
 .text._read_r  0x000000000800aef8       0x24 c:/st/stm32cubeide_1.0.2/stm32cubeide/plugins/com.st.stm32cube.ide.mcu.externaltools.gnu-tools-for-stm32.9-2020-q2-update.win32_1.5.0.202011040924/tools/bin/../lib/gcc/arm-none-eabi/9.3.1/../../../../arm-none-eabi/lib/thumb/v7e-m+fp/hard\libc_nano.a(lib_a-readr.o)
                0x000000000800aef8                _read_r
 .text.__ascii_wctomb
                0x000000000800af1c       0x1a c:/st/stm32cubeide_1.0.2/stm32cubeide/plugins/com.st.stm32cube.ide.mcu.externaltools.gnu-tools-for-stm32.9-2020-q2-update.win32_1.5.0.202011040924/tools/bin/../lib/gcc/arm-none-eabi/9.3.1/../../../../arm-none-eabi/lib/thumb/v7e-m+fp/hard\libc_nano.a(lib_a-wctomb_r.o)
                0x000000000800af1c                __ascii_wctomb
 .text.abort    0x000000000800af36        0xe c:/st/stm32cubeide_1.0.2/stm32cubeide/plugins/com.st.stm32cube.ide.mcu.externaltools.gnu-tools-for-stm32.9-2020-q2-update.win32_1.5.0.202011040924/tools/bin/../lib/gcc/arm-none-eabi/9.3.1/../../../../arm-none-eabi/lib/thumb/v7e-m+fp/hard\libc_nano.a(lib_a-abort.o)
                0x000000000800af36                abort
 .text._raise_r
                0x000000000800af44       0x50 c:/st/stm32cubeide_1.0.2/stm32cubeide/plugins/com.st.stm32cube.ide.mcu.externaltools.gnu-tools-for-stm32.9-2020-q2-update.win32_1.5.0.202011040924/tools/bin/../lib/gcc/arm-none-eabi/9.3.1/../../../../arm-none-eabi/lib/thumb/v7e-m+fp/hard\libc_nano.a(lib_a-signal.o)
                0x000000000800af44                _raise_r
 .text.raise    0x000000000800af94       0x10 c:/st/stm32cubeide_1.0.2/stm32cubeide/plugins/com.st.stm32cube.ide.mcu.externaltools.gnu-tools-for-stm32.9-2020-q2-update.win32_1.5.0.202011040924/tools/bin/../lib/gcc/arm-none-eabi/9.3.1/../../../../arm-none-eabi/lib/thumb/v7e-m+fp/hard\libc_nano.a(lib_a-signal.o)
                0x000000000800af94                raise
 .text._kill_r  0x000000000800afa4       0x24 c:/st/stm32cubeide_1.0.2/stm32cubeide/plugins/com.st.stm32cube.ide.mcu.externaltools.gnu-tools-for-stm32.9-2020-q2-update.win32_1.5.0.202011040924/tools/bin/../lib/gcc/arm-none-eabi/9.3.1/../../../../arm-none-eabi/lib/thumb/v7e-m+fp/hard\libc_nano.a(lib_a-signalr.o)
                0x000000000800afa4                _kill_r
 .text._getpid_r
                0x000000000800afc8        0x4 c:/st/stm32cubeide_1.0.2/stm32cubeide/plugins/com.st.stm32cube.ide.mcu.externaltools.gnu-tools-for-stm32.9-2020-q2-update.win32_1.5.0.202011040924/tools/bin/../lib/gcc/arm-none-eabi/9.3.1/../../../../arm-none-eabi/lib/thumb/v7e-m+fp/hard\libc_nano.a(lib_a-signalr.o)
                0x000000000800afc8                _getpid_r
 *(.glue_7)
 .glue_7        0x000000000800afcc        0x0 linker stubs
 *(.glue_7t)
 .glue_7t       0x000000000800afcc        0x0 linker stubs
 *(.eh_frame)
 .eh_frame      0x000000000800afcc        0x0 c:/st/stm32cubeide_1.0.2/stm32cubeide/plugins/com.st.stm32cube.ide.mcu.externaltools.gnu-tools-for-stm32.9-2020-q2-update.win32_1.5.0.202011040924/tools/bin/../lib/gcc/arm-none-eabi/9.3.1/thumb/v7e-m+fp/hard/crtbegin.o
 *(.init)
 .init          0x000000000800afcc        0x4 c:/st/stm32cubeide_1.0.2/stm32cubeide/plugins/com.st.stm32cube.ide.mcu.externaltools.gnu-tools-for-stm32.9-2020-q2-update.win32_1.5.0.202011040924/tools/bin/../lib/gcc/arm-none-eabi/9.3.1/thumb/v7e-m+fp/hard/crti.o
                0x000000000800afcc                _init
 .init          0x000000000800afd0        0x8 c:/st/stm32cubeide_1.0.2/stm32cubeide/plugins/com.st.stm32cube.ide.mcu.externaltools.gnu-tools-for-stm32.9-2020-q2-update.win32_1.5.0.202011040924/tools/bin/../lib/gcc/arm-none-eabi/9.3.1/thumb/v7e-m+fp/hard/crtn.o
 *(.fini)
 .fini          0x000000000800afd8        0x4 c:/st/stm32cubeide_1.0.2/stm32cubeide/plugins/com.st.stm32cube.ide.mcu.externaltools.gnu-tools-for-stm32.9-2020-q2-update.win32_1.5.0.202011040924/tools/bin/../lib/gcc/arm-none-eabi/9.3.1/thumb/v7e-m+fp/hard/crti.o
                0x000000000800afd8                _fini
 .fini          0x000000000800afdc        0x8 c:/st/stm32cubeide_1.0.2/stm32cubeide/plugins/com.st.stm32cube.ide.mcu.externaltools.gnu-tools-for-stm32.9-2020-q2-update.win32_1.5.0.202011040924/tools/bin/../lib/gcc/arm-none-eabi/9.3.1/thumb/v7e-m+fp/hard/crtn.o
                0x000000000800afe4                . = ALIGN (0x4)
                0x000000000800afe4                _etext = .

.vfp11_veneer   0x000000000800afe4        0x0
 .vfp11_veneer  0x000000000800afe4        0x0 linker stubs

.v4_bx          0x000000000800afe4        0x0
 .v4_bx         0x000000000800afe4        0x0 linker stubs

.iplt           0x000000000800afe4        0x0
 .iplt          0x000000000800afe4        0x0 c:/st/stm32cubeide_1.0.2/stm32cubeide/plugins/com.st.stm32cube.ide.mcu.externaltools.gnu-tools-for-stm32.9-2020-q2-update.win32_1.5.0.202011040924/tools/bin/../lib/gcc/arm-none-eabi/9.3.1/thumb/v7e-m+fp/hard/crtbegin.o

.rodata         0x000000000800afe8      0x5e4
                0x000000000800afe8                . = ALIGN (0x4)
 *(.rodata)
 .rodata        0x000000000800afe8       0x6c Core/Src/Controller/mode.o
 .rodata        0x000000000800b054       0x7a Core/Src/Controller/test.o
 *fill*         0x000000000800b0ce        0x2 
 .rodata        0x000000000800b0d0       0x28 Core/Src/Hardware/ICM20689.o
 .rodata        0x000000000800b0f8       0xaa Core/Src/main.o
 *(.rodata*)
 *fill*         0x000000000800b1a2        0x2 
 .rodata.STREAM_OFFSET_TAB
                0x000000000800b1a4        0x8 Core/Src/Hardware/wall_sensor.o
 .rodata.STREAM_OFFSET_TAB
                0x000000000800b1ac        0x8 Core/Src/adc.o
 .rodata.AHBPrescTable
                0x000000000800b1b4       0x10 Core/Src/system_stm32f4xx.o
                0x000000000800b1b4                AHBPrescTable
 .rodata.APBPrescTable
                0x000000000800b1c4        0x8 Core/Src/system_stm32f4xx.o
                0x000000000800b1c4                APBPrescTable
 .rodata.OFFSET_TAB_CCMRx
                0x000000000800b1cc        0x7 Core/Src/tim.o
 *fill*         0x000000000800b1d3        0x1 
 .rodata.SHIFT_TAB_OCxx
                0x000000000800b1d4        0x7 Core/Src/tim.o
 *fill*         0x000000000800b1db        0x1 
 .rodata.SHIFT_TAB_ICxx
                0x000000000800b1dc        0x7 Core/Src/tim.o
 *fill*         0x000000000800b1e3        0x1 
 .rodata.SHIFT_TAB_CCxP
                0x000000000800b1e4        0x7 Core/Src/tim.o
 *fill*         0x000000000800b1eb        0x1 
 .rodata._global_impure_ptr
                0x000000000800b1ec        0x4 c:/st/stm32cubeide_1.0.2/stm32cubeide/plugins/com.st.stm32cube.ide.mcu.externaltools.gnu-tools-for-stm32.9-2020-q2-update.win32_1.5.0.202011040924/tools/bin/../lib/gcc/arm-none-eabi/9.3.1/../../../../arm-none-eabi/lib/thumb/v7e-m+fp/hard\libc_nano.a(lib_a-impure.o)
                0x000000000800b1ec                _global_impure_ptr
 .rodata._printf_float.str1.1
                0x000000000800b1f0       0x12 c:/st/stm32cubeide_1.0.2/stm32cubeide/plugins/com.st.stm32cube.ide.mcu.externaltools.gnu-tools-for-stm32.9-2020-q2-update.win32_1.5.0.202011040924/tools/bin/../lib/gcc/arm-none-eabi/9.3.1/../../../../arm-none-eabi/lib/thumb/v7e-m+fp/hard\libc_nano.a(lib_a-nano-vfprintf_float.o)
 .rodata._printf_i.str1.1
                0x000000000800b202       0x22 c:/st/stm32cubeide_1.0.2/stm32cubeide/plugins/com.st.stm32cube.ide.mcu.externaltools.gnu-tools-for-stm32.9-2020-q2-update.win32_1.5.0.202011040924/tools/bin/../lib/gcc/arm-none-eabi/9.3.1/../../../../arm-none-eabi/lib/thumb/v7e-m+fp/hard\libc_nano.a(lib_a-nano-vfprintf_i.o)
 .rodata._dtoa_r.str1.1
                0x000000000800b224       0x94 c:/st/stm32cubeide_1.0.2/stm32cubeide/plugins/com.st.stm32cube.ide.mcu.externaltools.gnu-tools-for-stm32.9-2020-q2-update.win32_1.5.0.202011040924/tools/bin/../lib/gcc/arm-none-eabi/9.3.1/../../../../arm-none-eabi/lib/thumb/v7e-m+fp/hard\libc_nano.a(lib_a-dtoa.o)