Archive member included to satisfy reference by file (symbol)

c:/st/stm32cubeide_1.0.2/stm32cubeide/plugins/com.st.stm32cube.ide.mcu.externaltools.gnu-tools-for-stm32.9-2020-q2-update.win32_1.5.0.202011040924/tools/bin/../lib/gcc/arm-none-eabi/9.3.1/../../../../arm-none-eabi/lib/thumb/v7e-m+fp/hard\libc_nano.a(lib_a-errno.o)
                              Core/Src/syscalls.o (__errno)
c:/st/stm32cubeide_1.0.2/stm32cubeide/plugins/com.st.stm32cube.ide.mcu.externaltools.gnu-tools-for-stm32.9-2020-q2-update.win32_1.5.0.202011040924/tools/bin/../lib/gcc/arm-none-eabi/9.3.1/../../../../arm-none-eabi/lib/thumb/v7e-m+fp/hard\libc_nano.a(lib_a-exit.o)
                              c:/st/stm32cubeide_1.0.2/stm32cubeide/plugins/com.st.stm32cube.ide.mcu.externaltools.gnu-tools-for-stm32.9-2020-q2-update.win32_1.5.0.202011040924/tools/bin/../lib/gcc/arm-none-eabi/9.3.1/../../../../arm-none-eabi/lib/thumb/v7e-m+fp/hard/crt0.o (exit)
c:/st/stm32cubeide_1.0.2/stm32cubeide/plugins/com.st.stm32cube.ide.mcu.externaltools.gnu-tools-for-stm32.9-2020-q2-update.win32_1.5.0.202011040924/tools/bin/../lib/gcc/arm-none-eabi/9.3.1/../../../../arm-none-eabi/lib/thumb/v7e-m+fp/hard\libc_nano.a(lib_a-impure.o)
                              c:/st/stm32cubeide_1.0.2/stm32cubeide/plugins/com.st.stm32cube.ide.mcu.externaltools.gnu-tools-for-stm32.9-2020-q2-update.win32_1.5.0.202011040924/tools/bin/../lib/gcc/arm-none-eabi/9.3.1/../../../../arm-none-eabi/lib/thumb/v7e-m+fp/hard\libc_nano.a(lib_a-exit.o) (_global_impure_ptr)
c:/st/stm32cubeide_1.0.2/stm32cubeide/plugins/com.st.stm32cube.ide.mcu.externaltools.gnu-tools-for-stm32.9-2020-q2-update.win32_1.5.0.202011040924/tools/bin/../lib/gcc/arm-none-eabi/9.3.1/../../../../arm-none-eabi/lib/thumb/v7e-m+fp/hard\libc_nano.a(lib_a-init.o)
                              c:/st/stm32cubeide_1.0.2/stm32cubeide/plugins/com.st.stm32cube.ide.mcu.externaltools.gnu-tools-for-stm32.9-2020-q2-update.win32_1.5.0.202011040924/tools/bin/../lib/gcc/arm-none-eabi/9.3.1/../../../../arm-none-eabi/lib/thumb/v7e-m+fp/hard/crt0.o (__libc_init_array)
c:/st/stm32cubeide_1.0.2/stm32cubeide/plugins/com.st.stm32cube.ide.mcu.externaltools.gnu-tools-for-stm32.9-2020-q2-update.win32_1.5.0.202011040924/tools/bin/../lib/gcc/arm-none-eabi/9.3.1/../../../../arm-none-eabi/lib/thumb/v7e-m+fp/hard\libc_nano.a(lib_a-memset.o)
                              c:/st/stm32cubeide_1.0.2/stm32cubeide/plugins/com.st.stm32cube.ide.mcu.externaltools.gnu-tools-for-stm32.9-2020-q2-update.win32_1.5.0.202011040924/tools/bin/../lib/gcc/arm-none-eabi/9.3.1/../../../../arm-none-eabi/lib/thumb/v7e-m+fp/hard/crt0.o (memset)
c:/st/stm32cubeide_1.0.2/stm32cubeide/plugins/com.st.stm32cube.ide.mcu.externaltools.gnu-tools-for-stm32.9-2020-q2-update.win32_1.5.0.202011040924/tools/bin/../lib/gcc/arm-none-eabi/9.3.1/../../../../arm-none-eabi/lib/thumb/v7e-m+fp/hard\libc_nano.a(lib_a-nano-vfprintf_float.o)
                              (_printf_float)
c:/st/stm32cubeide_1.0.2/stm32cubeide/plugins/com.st.stm32cube.ide.mcu.externaltools.gnu-tools-for-stm32.9-2020-q2-update.win32_1.5.0.202011040924/tools/bin/../lib/gcc/arm-none-eabi/9.3.1/../../../../arm-none-eabi/lib/thumb/v7e-m+fp/hard\libc_nano.a(lib_a-nano-vfprintf_i.o)
                              c:/st/stm32cubeide_1.0.2/stm32cubeide/plugins/com.st.stm32cube.ide.mcu.externaltools.gnu-tools-for-stm32.9-2020-q2-update.win32_1.5.0.202011040924/tools/bin/../lib/gcc/arm-none-eabi/9.3.1/../../../../arm-none-eabi/lib/thumb/v7e-m+fp/hard\libc_nano.a(lib_a-nano-vfprintf_float.o) (_printf_common)
c:/st/stm32cubeide_1.0.2/stm32cubeide/plugins/com.st.stm32cube.ide.mcu.externaltools.gnu-tools-for-stm32.9-2020-q2-update.win32_1.5.0.202011040924/tools/bin/../lib/gcc/arm-none-eabi/9.3.1/../../../../arm-none-eabi/lib/thumb/v7e-m+fp/hard\libc_nano.a(lib_a-printf.o)
                              Core/Src/Hardware/ICM20689.o (printf)
c:/st/stm32cubeide_1.0.2/stm32cubeide/plugins/com.st.stm32cube.ide.mcu.externaltools.gnu-tools-for-stm32.9-2020-q2-update.win32_1.5.0.202011040924/tools/bin/../lib/gcc/arm-none-eabi/9.3.1/../../../../arm-none-eabi/lib/thumb/v7e-m+fp/hard\libc_nano.a(lib_a-puts.o)
                              Core/Src/Hardware/ICM20689.o (puts)
c:/st/stm32cubeide_1.0.2/stm32cubeide/plugins/com.st.stm32cube.ide.mcu.externaltools.gnu-tools-for-stm32.9-2020-q2-update.win32_1.5.0.202011040924/tools/bin/../lib/gcc/arm-none-eabi/9.3.1/../../../../arm-none-eabi/lib/thumb/v7e-m+fp/hard\libc_nano.a(lib_a-setbuf.o)
                              Core/Src/main.o (setbuf)
c:/st/stm32cubeide_1.0.2/stm32cubeide/plugins/com.st.stm32cube.ide.mcu.externaltools.gnu-tools-for-stm32.9-2020-q2-update.win32_1.5.0.202011040924/tools/bin/../lib/gcc/arm-none-eabi/9.3.1/../../../../arm-none-eabi/lib/thumb/v7e-m+fp/hard\libc_nano.a(lib_a-setvbuf.o)
[...]
Memory Configuration

Name             Origin             Length             Attributes
CCMRAM           0x0000000010000000 0x0000000000010000 xrw
RAM              0x0000000020000000 0x0000000000020000 xrw
FLASH            0x0000000008000000 0x0000000000100000 xr
*default*        0x0000000000000000 0xffffffffffffffff

Linker script and memory map

LOAD c:/st/stm32cubeide_1.0.2/stm32cubeide/plugins/com.st.stm32cube.ide.mcu.externaltools.gnu-tools-for-stm32.9-2020-q2-update.win32_1.5.0.202011040924/tools/bin/../lib/gcc/arm-none-eabi/9.3.1/thumb/v7e-m+fp/hard/crti.o
LOAD c:/st/stm32cubeide_1.0.2/stm32cubeide/plugins/com.st.stm32cube.ide.mcu.externaltools.gnu-tools-for-stm32.9-2020-q2-update.win32_1.5.0.202011040924/tools/bin/../lib/gcc/arm-none-eabi/9.3.1/thumb/v7e-m+fp/hard/crtbegin.o
LOAD c:/st/stm32cubeide_1.0.2/stm32cubeide/plugins/com.st.stm32cube.ide.mcu.externaltools.gnu-tools-for-stm32.9-2020-q2-update.win32_1.5.0.202011040924/tools/bin/../lib/gcc/arm-none-eabi/9.3.1/../../../../arm-none-eabi/lib/thumb/v7e-m+fp/hard/crt0.o
LOAD Core/Src/Hardware/ICM20689.o
LOAD Core/Src/Hardware/basic_timer.o
LOAD Core/Src/Hardware/buzzer.o
LOAD Core/Src/Hardware/encoder.o
LOAD Core/Src/Hardware/interface_LED.o
LOAD Core/Src/Hardware/motor.o
LOAD Core/Src/Hardware/wall_sensor.o
LOAD Core/Src/System/callback.o
LOAD Core/Src/System/map.o
LOAD Core/Src/System/motion.o
LOAD Core/Src/System/music.o
LOAD Core/Src/System/search.o
LOAD Core/Src/System/sensing.o
LOAD Core/Src/System/state.o
LOAD Core/Src/adc.o
LOAD Core/Src/dma.o
LOAD Core/Src/gpio.o
LOAD Core/Src/main.o
LOAD Core/Src/spi.o
LOAD Core/Src/stm32f4xx_it.o
LOAD Core/Src/syscalls.o
LOAD Core/Src/sysmem.o
LOAD Core/Src/system_stm32f4xx.o
LOAD Core/Src/tim.o
LOAD Core/Src/usart.o
LOAD Core/Startup/startup_stm32f405rgtx.o
LOAD Drivers/STM32F4xx_HAL_Driver/Src/stm32f4xx_ll_adc.o
LOAD Drivers/STM32F4xx_HAL_Driver/Src/stm32f4xx_ll_dma.o
LOAD Drivers/STM32F4xx_HAL_Driver/Src/stm32f4xx_ll_exti.o
LOAD Drivers/STM32F4xx_HAL_Driver/Src/stm32f4xx_ll_gpio.o
LOAD Drivers/STM32F4xx_HAL_Driver/Src/stm32f4xx_ll_rcc.o
LOAD Drivers/STM32F4xx_HAL_Driver/Src/stm32f4xx_ll_spi.o
LOAD Drivers/STM32F4xx_HAL_Driver/Src/stm32f4xx_ll_tim.o
LOAD Drivers/STM32F4xx_HAL_Driver/Src/stm32f4xx_ll_usart.o
LOAD Drivers/STM32F4xx_HAL_Driver/Src/stm32f4xx_ll_utils.o
START GROUP
LOAD c:/st/stm32cubeide_1.0.2/stm32cubeide/plugins/com.st.stm32cube.ide.mcu.externaltools.gnu-tools-for-stm32.9-2020-q2-update.win32_1.5.0.202011040924/tools/bin/../lib/gcc/arm-none-eabi/9.3.1/../../../../arm-none-eabi/lib/thumb/v7e-m+fp/hard\libc_nano.a
LOAD c:/st/stm32cubeide_1.0.2/stm32cubeide/plugins/com.st.stm32cube.ide.mcu.externaltools.gnu-tools-for-stm32.9-2020-q2-update.win32_1.5.0.202011040924/tools/bin/../lib/gcc/arm-none-eabi/9.3.1/../../../../arm-none-eabi/lib/thumb/v7e-m+fp/hard\libm.a
END GROUP
START GROUP
LOAD c:/st/stm32cubeide_1.0.2/stm32cubeide/plugins/com.st.stm32cube.ide.mcu.externaltools.gnu-tools-for-stm32.9-2020-q2-update.win32_1.5.0.202011040924/tools/bin/../lib/gcc/arm-none-eabi/9.3.1/thumb/v7e-m+fp/hard\libgcc.a
LOAD c:/st/stm32cubeide_1.0.2/stm32cubeide/plugins/com.st.stm32cube.ide.mcu.externaltools.gnu-tools-for-stm32.9-2020-q2-update.win32_1.5.0.202011040924/tools/bin/../lib/gcc/arm-none-eabi/9.3.1/../../../../arm-none-eabi/lib/thumb/v7e-m+fp/hard\libc_nano.a
END GROUP
START GROUP
LOAD c:/st/stm32cubeide_1.0.2/stm32cubeide/plugins/com.st.stm32cube.ide.mcu.externaltools.gnu-tools-for-stm32.9-2020-q2-update.win32_1.5.0.202011040924/tools/bin/../lib/gcc/arm-none-eabi/9.3.1/thumb/v7e-m+fp/hard\libgcc.a
LOAD c:/st/stm32cubeide_1.0.2/stm32cubeide/plugins/com.st.stm32cube.ide.mcu.externaltools.gnu-tools-for-stm32.9-2020-q2-update.win32_1.5.0.202011040924/tools/bin/../lib/gcc/arm-none-eabi/9.3.1/../../../../arm-none-eabi/lib/thumb/v7e-m+fp/hard\libc_nano.a
LOAD c:/st/stm32cubeide_1.0.2/stm32cubeide/plugins/com.st.stm32cube.ide.mcu.externaltools.gnu-tools-for-stm32.9-2020-q2-update.win32_1.5.0.202011040924/tools/bin/../lib/gcc/arm-none-eabi/9.3.1/../../../../arm-none-eabi/lib/thumb/v7e-m+fp/hard\libnosys.a
END GROUP
START GROUP
LOAD c:/st/stm32cubeide_1.0.2/stm32cubeide/plugins/com.st.stm32cube.ide.mcu.externaltools.gnu-tools-for-stm32.9-2020-q2-update.win32_1.5.0.202011040924/tools/bin/../lib/gcc/arm-none-eabi/9.3.1/thumb/v7e-m+fp/hard\libgcc.a
LOAD c:/st/stm32cubeide_1.0.2/stm32cubeide/plugins/com.st.stm32cube.ide.mcu.externaltools.gnu-tools-for-stm32.9-2020-q2-update.win32_1.5.0.202011040924/tools/bin/../lib/gcc/arm-none-eabi/9.3.1/../../../../arm-none-eabi/lib/thumb/v7e-m+fp/hard\libc_nano.a
LOAD c:/st/stm32cubeide_1.0.2/stm32cubeide/plugins/com.st.stm32cube.ide.mcu.externaltools.gnu-tools-for-stm32.9-2020-q2-update.win32_1.5.0.202011040924/tools/bin/../lib/gcc/arm-none-eabi/9.3.1/../../../../arm-none-eabi/lib/thumb/v7e-m+fp/hard\libnosys.a
END GROUP
LOAD c:/st/stm32cubeide_1.0.2/stm32cubeide/plugins/com.st.stm32cube.ide.mcu.externaltools.gnu-tools-for-stm32.9-2020-q2-update.win32_1.5.0.202011040924/tools/bin/../lib/gcc/arm-none-eabi/9.3.1/thumb/v7e-m+fp/hard/crtend.o
LOAD c:/st/stm32cubeide_1.0.2/stm32cubeide/plugins/com.st.stm32cube.ide.mcu.externaltools.gnu-tools-for-stm32.9-2020-q2-update.win32_1.5.0.202011040924/tools/bin/../lib/gcc/arm-none-eabi/9.3.1/thumb/v7e-m+fp/hard/crtn.o
                0x0000000020020000                _estack = (ORIGIN (RAM) + LENGTH (RAM))
                0x0000000000000200                _Min_Heap_Size = 0x200
                0x0000000000000400                _Min_Stack_Size = 0x400

.isr_vector     0x0000000008000000      0x188
                0x0000000008000000                . = ALIGN (0x4)
 *(.isr_vector)
 .isr_vector    0x0000000008000000      0x188 Core/Startup/startup_stm32f405rgtx.o
                0x0000000008000000                g_pfnVectors
                0x0000000008000188                . = ALIGN (0x4)

.text           0x0000000008000190     0x8734
                0x0000000008000190                . = ALIGN (0x4)
 *(.text)
 .text          0x0000000008000190       0x40 c:/st/stm32cubeide_1.0.2/stm32cubeide/plugins/com.st.stm32cube.ide.mcu.externaltools.gnu-tools-for-stm32.9-2020-q2-update.win32_1.5.0.202011040924/tools/bin/../lib/gcc/arm-none-eabi/9.3.1/thumb/v7e-m+fp/hard/crtbegin.o
 .text          0x00000000080001d0       0x10 c:/st/stm32cubeide_1.0.2/stm32cubeide/plugins/com.st.stm32cube.ide.mcu.externaltools.gnu-tools-for-stm32.9-2020-q2-update.win32_1.5.0.202011040924/tools/bin/../lib/gcc/arm-none-eabi/9.3.1/../../../../arm-none-eabi/lib/thumb/v7e-m+fp/hard\libc_nano.a(lib_a-strlen.o)
                0x00000000080001d0                strlen
 .text          0x00000000080001e0       0xa0 c:/st/stm32cubeide_1.0.2/stm32cubeide/plugins/com.st.stm32cube.ide.mcu.externaltools.gnu-tools-for-stm32.9-2020-q2-update.win32_1.5.0.202011040924/tools/bin/../lib/gcc/arm-none-eabi/9.3.1/../../../../arm-none-eabi/lib/thumb/v7e-m+fp/hard\libc_nano.a(lib_a-memchr.o)
                0x00000000080001e0                memchr
 .text          0x0000000008000280      0x378 c:/st/stm32cubeide_1.0.2/stm32cubeide/plugins/com.st.stm32cube.ide.mcu.externaltools.gnu-tools-for-stm32.9-2020-q2-update.win32_1.5.0.202011040924/tools/bin/../lib/gcc/arm-none-eabi/9.3.1/thumb/v7e-m+fp/hard\libgcc.a(_arm_addsubdf3.o)
                0x0000000008000280                __aeabi_drsub
                0x0000000008000288                __aeabi_dsub
                0x0000000008000288                __subdf3
                0x000000000800028c                __aeabi_dadd
                0x000000000800028c                __adddf3
                0x0000000008000504                __floatunsidf
                0x0000000008000504                __aeabi_ui2d
                0x0000000008000524                __floatsidf
                0x0000000008000524                __aeabi_i2d
                0x0000000008000548                __aeabi_f2d
                0x0000000008000548                __extendsfdf2
                0x000000000800058c                __floatundidf
                0x000000000800058c                __aeabi_ul2d
                0x000000000800059c                __floatdidf
                0x000000000800059c                __aeabi_l2d
 .text          0x00000000080005f8      0x424 c:/st/stm32cubeide_1.0.2/stm32cubeide/plugins/com.st.stm32cube.ide.mcu.externaltools.gnu-tools-for-stm32.9-2020-q2-update.win32_1.5.0.202011040924/tools/bin/../lib/gcc/arm-none-eabi/9.3.1/thumb/v7e-m+fp/hard\libgcc.a(_arm_muldivdf3.o)
                0x00000000080005f8                __aeabi_dmul
                0x00000000080005f8                __muldf3
                0x000000000800084c                __divdf3
                0x000000000800084c                __aeabi_ddiv
 .text          0x0000000008000a1c      0x110 c:/st/stm32cubeide_1.0.2/stm32cubeide/plugins/com.st.stm32cube.ide.mcu.externaltools.gnu-tools-for-stm32.9-2020-q2-update.win32_1.5.0.202011040924/tools/bin/../lib/gcc/arm-none-eabi/9.3.1/thumb/v7e-m+fp/hard\libgcc.a(_arm_cmpdf2.o)
                0x0000000008000a1c                __gtdf2
                0x0000000008000a1c                __gedf2
                0x0000000008000a24                __ltdf2
                0x0000000008000a24                __ledf2
                0x0000000008000a2c                __nedf2
                0x0000000008000a2c                __eqdf2
                0x0000000008000a2c                __cmpdf2
                0x0000000008000aa8                __aeabi_cdrcmple
                0x0000000008000ab8                __aeabi_cdcmpeq
                0x0000000008000ab8                __aeabi_cdcmple
                0x0000000008000ac8                __aeabi_dcmpeq
                0x0000000008000adc                __aeabi_dcmplt
                0x0000000008000af0                __aeabi_dcmple
                0x0000000008000b04                __aeabi_dcmpge
                0x0000000008000b18                __aeabi_dcmpgt
 .text          0x0000000008000b2c       0x2c c:/st/stm32cubeide_1.0.2/stm32cubeide/plugins/com.st.stm32cube.ide.mcu.externaltools.gnu-tools-for-stm32.9-2020-q2-update.win32_1.5.0.202011040924/tools/bin/../lib/gcc/arm-none-eabi/9.3.1/thumb/v7e-m+fp/hard\libgcc.a(_arm_unorddf2.o)
                0x0000000008000b2c                __unorddf2
                0x0000000008000b2c                __aeabi_dcmpun
 .text          0x0000000008000b58       0x50 c:/st/stm32cubeide_1.0.2/stm32cubeide/plugins/com.st.stm32cube.ide.mcu.externaltools.gnu-tools-for-stm32.9-2020-q2-update.win32_1.5.0.202011040924/tools/bin/../lib/gcc/arm-none-eabi/9.3.1/thumb/v7e-m+fp/hard\libgcc.a(_arm_fixdfsi.o)
                0x0000000008000b58                __aeabi_d2iz
                0x0000000008000b58                __fixdfsi
 .text          0x0000000008000ba8       0x30 c:/st/stm32cubeide_1.0.2/stm32cubeide/plugins/com.st.stm32cube.ide.mcu.externaltools.gnu-tools-for-stm32.9-2020-q2-update.win32_1.5.0.202011040924/tools/bin/../lib/gcc/arm-none-eabi/9.3.1/thumb/v7e-m+fp/hard\libgcc.a(_aeabi_uldivmod.o)
                0x0000000008000ba8                __aeabi_uldivmod
 .text          0x0000000008000bd8      0x2c4 c:/st/stm32cubeide_1.0.2/stm32cubeide/plugins/com.st.stm32cube.ide.mcu.externaltools.gnu-tools-for-stm32.9-2020-q2-update.win32_1.5.0.202011040924/tools/bin/../lib/gcc/arm-none-eabi/9.3.1/thumb/v7e-m+fp/hard\libgcc.a(_udivmoddi4.o)
                0x0000000008000bd8                __udivmoddi4
 .text          0x0000000008000e9c        0x4 c:/st/stm32cubeide_1.0.2/stm32cubeide/plugins/com.st.stm32cube.ide.mcu.externaltools.gnu-tools-for-stm32.9-2020-q2-update.win32_1.5.0.202011040924/tools/bin/../lib/gcc/arm-none-eabi/9.3.1/thumb/v7e-m+fp/hard\libgcc.a(_dvmd_tls.o)
                0x0000000008000e9c                __aeabi_idiv0
                0x0000000008000e9c                __aeabi_ldiv0
 *(.text*)
 .text.LL_SPI_Enable
                0x0000000008000ea0       0x20 Core/Src/Hardware/ICM20689.o
 .text.LL_SPI_IsEnabled
                0x0000000008000ec0       0x26 Core/Src/Hardware/ICM20689.o
 .text.LL_SPI_IsActiveFlag_RXNE
                0x0000000008000ee6       0x26 Core/Src/Hardware/ICM20689.o
 .text.LL_SPI_IsActiveFlag_TXE
                0x0000000008000f0c       0x26 Core/Src/Hardware/ICM20689.o
 .text.LL_SPI_ReceiveData8
                0x0000000008000f32       0x1a Core/Src/Hardware/ICM20689.o
 .text.LL_SPI_TransmitData8
                0x0000000008000f4c       0x24 Core/Src/Hardware/ICM20689.o
 .text.LL_GPIO_SetOutputPin
                0x0000000008000f70       0x1c Core/Src/Hardware/ICM20689.o
 .text.LL_GPIO_ResetOutputPin
                0x0000000008000f8c       0x1e Core/Src/Hardware/ICM20689.o
 *fill*         0x0000000008000faa        0x2 
 .text.SPI_Control
                0x0000000008000fac       0x9c Core/Src/Hardware/ICM20689.o
                0x0000000008000fac                SPI_Control
 .text.readByte
                0x0000000008001048       0x38 Core/Src/Hardware/ICM20689.o
                0x0000000008001048                readByte
 .text.writeByte
                0x0000000008001080       0x3c Core/Src/Hardware/ICM20689.o
                0x0000000008001080                writeByte
 .text.initIMU  0x00000000080010bc       0xb0 Core/Src/Hardware/ICM20689.o
                0x00000000080010bc                initIMU
 .text.readGyroOmegaZ
                0x000000000800116c       0x4c Core/Src/Hardware/ICM20689.o
                0x000000000800116c                readGyroOmegaZ
 .text.readGyroAccelX
                0x00000000080011b8       0x4c Core/Src/Hardware/ICM20689.o
                0x00000000080011b8                readGyroAccelX
 .text.LL_TIM_EnableCounter
                0x0000000008001204       0x20 Core/Src/Hardware/basic_timer.o
 .text.LL_TIM_DisableCounter
                0x0000000008001224       0x20 Core/Src/Hardware/basic_timer.o
 .text.LL_TIM_EnableIT_UPDATE
                0x0000000008001244       0x20 Core/Src/Hardware/basic_timer.o
 .text.basicTimerStart
                0x0000000008001264       0x18 Core/Src/Hardware/basic_timer.o
                0x0000000008001264                basicTimerStart
 .text.waitMs   0x000000000800127c       0x1a Core/Src/Hardware/basic_timer.o
                0x000000000800127c                waitMs
 *fill*         0x0000000008001296        0x2 
 .text.waitUs   0x0000000008001298       0x54 Core/Src/Hardware/basic_timer.o
                0x0000000008001298                waitUs
 .text.LL_TIM_EnableCounter
                0x00000000080012ec       0x20 Core/Src/Hardware/buzzer.o
 .text.LL_TIM_SetCounter
                0x000000000800130c       0x1c Core/Src/Hardware/buzzer.o
 .text.LL_TIM_SetAutoReload
                0x0000000008001328       0x1c Core/Src/Hardware/buzzer.o
 .text.LL_TIM_CC_EnableChannel
                0x0000000008001344       0x22 Core/Src/Hardware/buzzer.o
 .text.LL_TIM_OC_SetCompareCH4
                0x0000000008001366       0x1c Core/Src/Hardware/buzzer.o
 .text.LL_TIM_EnableAllOutputs
                0x0000000008001382       0x20 Core/Src/Hardware/buzzer.o
 *fill*         0x00000000080013a2        0x2 
 .text.enableMelody
                0x00000000080013a4       0x24 Core/Src/Hardware/buzzer.o
                0x00000000080013a4                enableMelody
 .text.stopMelody
                0x00000000080013c8       0x14 Core/Src/Hardware/buzzer.o
                0x00000000080013c8                stopMelody
 .text.Melody   0x00000000080013dc       0x58 Core/Src/Hardware/buzzer.o
                0x00000000080013dc                Melody
 .text.LL_TIM_EnableCounter
                0x0000000008001434       0x20 Core/Src/Hardware/encoder.o
 .text.enableEncoder
                0x0000000008001454       0x1c Core/Src/Hardware/encoder.o
                0x0000000008001454                enableEncoder
 .text.getEncoderData
                0x0000000008001470       0x3a Core/Src/Hardware/encoder.o
                0x0000000008001470                getEncoderData
 *fill*         0x00000000080014aa        0x2 
 .text.setLED5State
                0x00000000080014ac       0x30 Core/Src/Hardware/interface_LED.o
                0x00000000080014ac                setLED5State
 .text.LL_TIM_EnableCounter
                0x00000000080014dc       0x20 Core/Src/Hardware/motor.o
 .text.LL_TIM_SetCounter
                0x00000000080014fc       0x1c Core/Src/Hardware/motor.o
 .text.LL_TIM_CC_EnableChannel
                0x0000000008001518       0x22 Core/Src/Hardware/motor.o
 .text.LL_TIM_OC_SetCompareCH1
                0x000000000800153a       0x1c Core/Src/Hardware/motor.o
 .text.LL_TIM_OC_SetCompareCH2
                0x0000000008001556       0x1c Core/Src/Hardware/motor.o
 .text.LL_TIM_EnableAllOutputs
                0x0000000008001572       0x20 Core/Src/Hardware/motor.o
 .text.LL_GPIO_SetOutputPin
                0x0000000008001592       0x1c Core/Src/Hardware/motor.o
 .text.LL_GPIO_ResetOutputPin
                0x00000000080015ae       0x1e Core/Src/Hardware/motor.o
 .text.setMotorDriverState
                0x00000000080015cc       0x3c Core/Src/Hardware/motor.o
                0x00000000080015cc                setMotorDriverState
 .text.enableMotors
                0x0000000008001608       0x90 Core/Src/Hardware/motor.o
                0x0000000008001608                enableMotors
 .text.setMotorDirection
                0x0000000008001698       0x80 Core/Src/Hardware/motor.o
                0x0000000008001698                setMotorDirection
 .text.dutyConverter
                0x0000000008001718       0x6c Core/Src/Hardware/motor.o
                0x0000000008001718                dutyConverter
 .text.driveMotors
                0x0000000008001784       0xa4 Core/Src/Hardware/motor.o
                0x0000000008001784                driveMotors
 .text.LL_ADC_DMA_GetRegAddr
                0x0000000008001828       0x34 Core/Src/Hardware/wall_sensor.o
 .text.LL_ADC_Enable
                0x000000000800185c       0x20 Core/Src/Hardware/wall_sensor.o
 .text.LL_ADC_REG_StartConversionSWStart
                0x000000000800187c       0x20 Core/Src/Hardware/wall_sensor.o
 .text.LL_ADC_ClearFlag_EOCS
                0x000000000800189c       0x1c Core/Src/Hardware/wall_sensor.o
 .text.LL_DMA_EnableStream
                0x00000000080018b8       0x40 Core/Src/Hardware/wall_sensor.o
 .text.LL_DMA_DisableStream
                0x00000000080018f8       0x40 Core/Src/Hardware/wall_sensor.o
 .text.LL_DMA_SetDataLength
                0x0000000008001938       0x48 Core/Src/Hardware/wall_sensor.o
 .text.LL_DMA_ConfigAddresses
                0x0000000008001980       0x78 Core/Src/Hardware/wall_sensor.o
 .text.LL_DMA_EnableIT_TC
                0x00000000080019f8       0x40 Core/Src/Hardware/wall_sensor.o
 .text.ADC1_Start_DMA2
                0x0000000008001a38       0x54 Core/Src/Hardware/wall_sensor.o
                0x0000000008001a38                ADC1_Start_DMA2
 .text.startADCwithDMA
                0x0000000008001a8c       0x24 Core/Src/Hardware/wall_sensor.o
                0x0000000008001a8c                startADCwithDMA
 .text.DMA_CallbackTask
                0x0000000008001ab0       0x18 Core/Src/Hardware/wall_sensor.o
                0x0000000008001ab0                DMA_CallbackTask
 .text.getWallADC
                0x0000000008001ac8       0x24 Core/Src/Hardware/wall_sensor.o
                0x0000000008001ac8                getWallADC
 .text.changeFrontCenterLED
                0x0000000008001aec       0x30 Core/Src/Hardware/wall_sensor.o
                0x0000000008001aec                changeFrontCenterLED
 .text.changeFrontRightLED
                0x0000000008001b1c       0x30 Core/Src/Hardware/wall_sensor.o
                0x0000000008001b1c                changeFrontRightLED
 .text.changeFrontLeftLED
                0x0000000008001b4c       0x30 Core/Src/Hardware/wall_sensor.o
                0x0000000008001b4c                changeFrontLeftLED
 .text.changeRightLED
                0x0000000008001b7c       0x30 Core/Src/Hardware/wall_sensor.o
                0x0000000008001b7c                changeRightLED
 .text.changeLeftLED
                0x0000000008001bac       0x30 Core/Src/Hardware/wall_sensor.o
                0x0000000008001bac                changeLeftLED
 .text.callbackTIM
                0x0000000008001bdc       0x4c Core/Src/System/callback.o
                0x0000000008001bdc                callbackTIM
 .text.MelodySummer
                0x0000000008001c28       0x5a Core/Src/System/music.o
                0x0000000008001c28                MelodySummer
 *fill*         0x0000000008001c82        0x2 
 .text.getEncoderVelocity
                0x0000000008001c84       0x30 Core/Src/System/sensing.o
                0x0000000008001c84                getEncoderVelocity
 .text.getCenterMileage
                0x0000000008001cb4       0xb4 Core/Src/System/sensing.o
                0x0000000008001cb4                getCenterMileage
 .text.addAngle
                0x0000000008001d68       0x38 Core/Src/System/sensing.o
                0x0000000008001d68                addAngle
 .text.getCenterVelocity
                0x0000000008001da0       0x3c Core/Src/System/sensing.o
                0x0000000008001da0                getCenterVelocity
 .text.getOmega
                0x0000000008001ddc       0x1c Core/Src/System/sensing.o
                0x0000000008001ddc                getOmega
 .text.getWallSensorOffset
                0x0000000008001df8       0x78 Core/Src/System/sensing.o
                0x0000000008001df8                getWallSensorOffset
 .text.getWallSensor
                0x0000000008001e70       0x9c Core/Src/System/sensing.o
                0x0000000008001e70                getWallSensor
 .text.getOmegaOffset
                0x0000000008001f0c       0x68 Core/Src/System/sensing.o
                0x0000000008001f0c                getOmegaOffset
 .text.getAccelOffset
                0x0000000008001f74       0x68 Core/Src/System/sensing.o
                0x0000000008001f74                getAccelOffset
 .text.initSensors
                0x0000000008001fdc       0x14 Core/Src/System/sensing.o
                0x0000000008001fdc                initSensors
 .text.updateSensors
                0x0000000008001ff0       0xac Core/Src/System/sensing.o
                0x0000000008001ff0                updateSensors
 .text.getOffsets
                0x000000000800209c       0x30 Core/Src/System/sensing.o
                0x000000000800209c                getOffsets
 .text.calculatePID
                0x00000000080020cc      0x118 Core/Src/System/state.o
                0x00000000080020cc                calculatePID
 .text.calculateTargetVelocity
                0x00000000080021e4       0xb0 Core/Src/System/state.o
                0x00000000080021e4                calculateTargetVelocity
 .text.calculateTagetOmega
                0x0000000008002294       0xb0 Core/Src/System/state.o
                0x0000000008002294                calculateTagetOmega
 .text.setStatus
                0x0000000008002344       0x7a Core/Src/System/state.o
                0x0000000008002344                setStatus
 .text.setPrameters
                0x00000000080023be       0x4e Core/Src/System/state.o
                0x00000000080023be                setPrameters
 .text.initMouseStatus
                0x000000000800240c      0x1f4 Core/Src/System/state.o
                0x000000000800240c                initMouseStatus
 .text.updateStatus
                0x0000000008002600      0x224 Core/Src/System/state.o
                0x0000000008002600                updateStatus
 .text.LL_ADC_REG_SetSequencerRanks
                0x0000000008002824       0x6c Core/Src/adc.o
 .text.LL_ADC_REG_SetFlagEndOfConversion
                0x0000000008002890       0x26 Core/Src/adc.o
 .text.LL_ADC_SetChannelSamplingTime
                0x00000000080028b6       0x98 Core/Src/adc.o
 *fill*         0x000000000800294e        0x2 
 .text.LL_DMA_SetDataTransferDirection
                0x0000000008002950       0x48 Core/Src/adc.o
 .text.LL_DMA_SetMode
                0x0000000008002998       0x48 Core/Src/adc.o
 .text.LL_DMA_SetPeriphIncMode
                0x00000000080029e0       0x48 Core/Src/adc.o
 .text.LL_DMA_SetMemoryIncMode
                0x0000000008002a28       0x48 Core/Src/adc.o
 .text.LL_DMA_SetPeriphSize
                0x0000000008002a70       0x48 Core/Src/adc.o
 .text.LL_DMA_SetMemorySize
                0x0000000008002ab8       0x48 Core/Src/adc.o
 .text.LL_DMA_SetStreamPriorityLevel
                0x0000000008002b00       0x48 Core/Src/adc.o
 .text.LL_DMA_SetChannelSelection
                0x0000000008002b48       0x48 Core/Src/adc.o
 .text.LL_DMA_DisableFifoMode
                0x0000000008002b90       0x40 Core/Src/adc.o
 .text.LL_AHB1_GRP1_EnableClock
                0x0000000008002bd0       0x30 Core/Src/adc.o
 .text.LL_APB2_GRP1_EnableClock
                0x0000000008002c00       0x30 Core/Src/adc.o
 .text.MX_ADC1_Init
                0x0000000008002c30      0x1b8 Core/Src/adc.o
                0x0000000008002c30                MX_ADC1_Init
 .text.__NVIC_GetPriorityGrouping
                0x0000000008002de8       0x1c Core/Src/dma.o
 .text.__NVIC_EnableIRQ
                0x0000000008002e04       0x3c Core/Src/dma.o
 .text.__NVIC_SetPriority
                0x0000000008002e40       0x54 Core/Src/dma.o
 .text.NVIC_EncodePriority
                0x0000000008002e94       0x66 Core/Src/dma.o
 *fill*         0x0000000008002efa        0x2 
 .text.LL_AHB1_GRP1_EnableClock
                0x0000000008002efc       0x30 Core/Src/dma.o
 .text.MX_DMA_Init
                0x0000000008002f2c       0x30 Core/Src/dma.o
                0x0000000008002f2c                MX_DMA_Init
 .text.LL_AHB1_GRP1_EnableClock
                0x0000000008002f5c       0x30 Core/Src/gpio.o
 .text.LL_GPIO_ResetOutputPin
                0x0000000008002f8c       0x1e Core/Src/gpio.o
 *fill*         0x0000000008002faa        0x2 
 .text.MX_GPIO_Init
                0x0000000008002fac      0x104 Core/Src/gpio.o
                0x0000000008002fac                MX_GPIO_Init
 .text.__NVIC_SetPriorityGrouping
                0x00000000080030b0       0x48 Core/Src/main.o
 .text.LL_RCC_HSI_Enable
                0x00000000080030f8       0x20 Core/Src/main.o
 .text.LL_RCC_HSI_IsReady
                0x0000000008003118       0x24 Core/Src/main.o
 .text.LL_RCC_HSI_SetCalibTrimming
                0x000000000800313c       0x2c Core/Src/main.o
 .text.LL_RCC_SetSysClkSource
                0x0000000008003168       0x28 Core/Src/main.o
 .text.LL_RCC_GetSysClkSource
                0x0000000008003190       0x1c Core/Src/main.o
 .text.LL_RCC_SetAHBPrescaler
                0x00000000080031ac       0x28 Core/Src/main.o
 .text.LL_RCC_SetAPB1Prescaler
                0x00000000080031d4       0x28 Core/Src/main.o
 .text.LL_RCC_SetAPB2Prescaler
                0x00000000080031fc       0x28 Core/Src/main.o
 .text.LL_RCC_PLL_Enable
                0x0000000008003224       0x20 Core/Src/main.o
 .text.LL_RCC_PLL_IsReady
                0x0000000008003244       0x28 Core/Src/main.o
 .text.LL_RCC_PLL_ConfigDomain_SYS
                0x000000000800326c       0x4c Core/Src/main.o
 .text.LL_APB1_GRP1_EnableClock
                0x00000000080032b8       0x30 Core/Src/main.o
 .text.LL_APB2_GRP1_EnableClock
                0x00000000080032e8       0x30 Core/Src/main.o
 .text.LL_FLASH_SetLatency
                0x0000000008003318       0x28 Core/Src/main.o
 .text.LL_FLASH_GetLatency
                0x0000000008003340       0x1c Core/Src/main.o
 .text.LL_PWR_SetRegulVoltageScaling
                0x000000000800335c       0x28 Core/Src/main.o
 .text.LL_USART_IsActiveFlag_TXE
                0x0000000008003384       0x26 Core/Src/main.o
 .text.LL_USART_TransmitData8
                0x00000000080033aa       0x1e Core/Src/main.o
 .text.__io_putchar
                0x00000000080033c8       0x54 Core/Src/main.o
                0x00000000080033c8                __io_putchar
 .text.main     0x000000000800341c      0x114 Core/Src/main.o
                0x000000000800341c                main
 .text.SystemClock_Config
                0x0000000008003530       0x8c Core/Src/main.o
                0x0000000008003530                SystemClock_Config
 .text.LL_AHB1_GRP1_EnableClock
                0x00000000080035bc       0x30 Core/Src/spi.o
 .text.LL_APB1_GRP1_EnableClock
                0x00000000080035ec       0x30 Core/Src/spi.o
 .text.LL_SPI_SetStandard
                0x000000000800361c       0x26 Core/Src/spi.o
 *fill*         0x0000000008003642        0x2 
 .text.MX_SPI3_Init
                0x0000000008003644       0xa8 Core/Src/spi.o
                0x0000000008003644                MX_SPI3_Init
 .text.LL_DMA_IsActiveFlag_TC0
                0x00000000080036ec       0x26 Core/Src/stm32f4xx_it.o
 .text.LL_DMA_ClearFlag_TC0
                0x0000000008003712       0x1a Core/Src/stm32f4xx_it.o
 .text.LL_TIM_ClearFlag_UPDATE
                0x000000000800372c       0x1c Core/Src/stm32f4xx_it.o
 .text.LL_TIM_IsActiveFlag_UPDATE
                0x0000000008003748       0x26 Core/Src/stm32f4xx_it.o
 .text.NMI_Handler
                0x000000000800376e        0x6 Core/Src/stm32f4xx_it.o
                0x000000000800376e                NMI_Handler
 .text.HardFault_Handler
                0x0000000008003774        0x6 Core/Src/stm32f4xx_it.o
                0x0000000008003774                HardFault_Handler
 .text.MemManage_Handler
                0x000000000800377a        0x6 Core/Src/stm32f4xx_it.o
                0x000000000800377a                MemManage_Handler
 .text.BusFault_Handler
                0x0000000008003780        0x6 Core/Src/stm32f4xx_it.o
                0x0000000008003780                BusFault_Handler
 .text.UsageFault_Handler
                0x0000000008003786        0x6 Core/Src/stm32f4xx_it.o
                0x0000000008003786                UsageFault_Handler
 .text.SVC_Handler
                0x000000000800378c        0xe Core/Src/stm32f4xx_it.o
                0x000000000800378c                SVC_Handler
 .text.DebugMon_Handler
                0x000000000800379a        0xe Core/Src/stm32f4xx_it.o
                0x000000000800379a                DebugMon_Handler
 .text.PendSV_Handler
                0x00000000080037a8        0xe Core/Src/stm32f4xx_it.o
                0x00000000080037a8                PendSV_Handler
 .text.SysTick_Handler
                0x00000000080037b6        0xe Core/Src/stm32f4xx_it.o
                0x00000000080037b6                SysTick_Handler
 .text.TIM5_IRQHandler
                0x00000000080037c4       0x24 Core/Src/stm32f4xx_it.o
                0x00000000080037c4                TIM5_IRQHandler
 .text.DMA2_Stream0_IRQHandler
                0x00000000080037e8       0x24 Core/Src/stm32f4xx_it.o
                0x00000000080037e8                DMA2_Stream0_IRQHandler
 .text._getpid  0x000000000800380c       0x10 Core/Src/syscalls.o
                0x000000000800380c                _getpid
 .text._kill    0x000000000800381c       0x20 Core/Src/syscalls.o
                0x000000000800381c                _kill
 .text._exit    0x000000000800383c       0x14 Core/Src/syscalls.o
                0x000000000800383c                _exit
 .text._read    0x0000000008003850       0x3a Core/Src/syscalls.o
                0x0000000008003850                _read
 .text._write   0x000000000800388a       0x38 Core/Src/syscalls.o
                0x000000000800388a                _write
 .text._close   0x00000000080038c2       0x18 Core/Src/syscalls.o
                0x00000000080038c2                _close
 .text._fstat   0x00000000080038da       0x20 Core/Src/syscalls.o
                0x00000000080038da                _fstat
 .text._isatty  0x00000000080038fa       0x16 Core/Src/syscalls.o
                0x00000000080038fa                _isatty
 .text._lseek   0x0000000008003910       0x1a Core/Src/syscalls.o
                0x0000000008003910                _lseek
 *fill*         0x000000000800392a        0x2 
 .text._sbrk    0x000000000800392c       0x6c Core/Src/sysmem.o
                0x000000000800392c                _sbrk
 .text.SystemInit
                0x0000000008003998       0x2c Core/Src/system_stm32f4xx.o
                0x0000000008003998                SystemInit
 .text.__NVIC_GetPriorityGrouping
                0x00000000080039c4       0x1c Core/Src/tim.o
 .text.__NVIC_EnableIRQ
                0x00000000080039e0       0x3c Core/Src/tim.o
 .text.__NVIC_SetPriority
                0x0000000008003a1c       0x54 Core/Src/tim.o
 .text.NVIC_EncodePriority
                0x0000000008003a70       0x66 Core/Src/tim.o
 *fill*         0x0000000008003ad6        0x2 
 .text.LL_AHB1_GRP1_EnableClock
                0x0000000008003ad8       0x30 Core/Src/tim.o
 .text.LL_APB1_GRP1_EnableClock
                0x0000000008003b08       0x30 Core/Src/tim.o
 .text.LL_APB2_GRP1_EnableClock
                0x0000000008003b38       0x30 Core/Src/tim.o
 .text.LL_TIM_EnableARRPreload
                0x0000000008003b68       0x20 Core/Src/tim.o
 .text.LL_TIM_DisableARRPreload
                0x0000000008003b88       0x20 Core/Src/tim.o
 .text.LL_TIM_OC_DisableFast
                0x0000000008003ba8       0x8c Core/Src/tim.o
 .text.LL_TIM_OC_EnablePreload
                0x0000000008003c34       0x88 Core/Src/tim.o
 .text.LL_TIM_IC_SetActiveInput
                0x0000000008003cbc       0x9c Core/Src/tim.o
 .text.LL_TIM_IC_SetPrescaler
                0x0000000008003d58       0x9c Core/Src/tim.o
 .text.LL_TIM_IC_SetFilter
                0x0000000008003df4       0x9c Core/Src/tim.o
 .text.LL_TIM_IC_SetPolarity
                0x0000000008003e90       0x88 Core/Src/tim.o
 .text.LL_TIM_SetClockSource
                0x0000000008003f18       0x2a Core/Src/tim.o
 .text.LL_TIM_SetEncoderMode
                0x0000000008003f42       0x26 Core/Src/tim.o
 .text.LL_TIM_SetTriggerOutput
                0x0000000008003f68       0x26 Core/Src/tim.o
 .text.LL_TIM_DisableMasterSlaveMode
                0x0000000008003f8e       0x20 Core/Src/tim.o
 *fill*         0x0000000008003fae        0x2 
 .text.MX_TIM1_Init
                0x0000000008003fb0      0x130 Core/Src/tim.o
                0x0000000008003fb0                MX_TIM1_Init
 .text.MX_TIM2_Init
                0x00000000080040e0       0xe8 Core/Src/tim.o
                0x00000000080040e0                MX_TIM2_Init
 .text.MX_TIM3_Init
                0x00000000080041c8       0xf4 Core/Src/tim.o
                0x00000000080041c8                MX_TIM3_Init
 .text.MX_TIM4_Init
                0x00000000080042bc       0xf4 Core/Src/tim.o
                0x00000000080042bc                MX_TIM4_Init
 .text.MX_TIM5_Init
                0x00000000080043b0       0x80 Core/Src/tim.o
                0x00000000080043b0                MX_TIM5_Init
 .text.MX_TIM6_Init
                0x0000000008004430       0x54 Core/Src/tim.o
                0x0000000008004430                MX_TIM6_Init
 .text.MX_TIM8_Init
                0x0000000008004484      0x134 Core/Src/tim.o
                0x0000000008004484                MX_TIM8_Init
 .text.MX_TIM11_Init
                0x00000000080045b8       0xcc Core/Src/tim.o
                0x00000000080045b8                MX_TIM11_Init
 .text.LL_AHB1_GRP1_EnableClock
                0x0000000008004684       0x30 Core/Src/usart.o
 .text.LL_APB2_GRP1_EnableClock
                0x00000000080046b4       0x30 Core/Src/usart.o
 .text.LL_USART_Enable
                0x00000000080046e4       0x20 Core/Src/usart.o
 .text.LL_USART_ConfigAsyncMode
                0x0000000008004704       0x2c Core/Src/usart.o
 .text.MX_USART1_UART_Init
                0x0000000008004730       0xa0 Core/Src/usart.o
                0x0000000008004730                MX_USART1_UART_Init
 .text.Reset_Handler
                0x00000000080047d0       0x50 Core/Startup/startup_stm32f405rgtx.o
                0x00000000080047d0                Reset_Handler
 .text.Default_Handler
                0x0000000008004820        0x2 Core/Startup/startup_stm32f405rgtx.o
                0x0000000008004820                RTC_Alarm_IRQHandler
                0x0000000008004820                HASH_RNG_IRQHandler
                0x0000000008004820                EXTI2_IRQHandler
                0x0000000008004820                TIM8_CC_IRQHandler
                0x0000000008004820                TIM1_CC_IRQHandler
                0x0000000008004820                DMA2_Stream5_IRQHandler
                0x0000000008004820                DMA1_Stream5_IRQHandler
                0x0000000008004820                PVD_IRQHandler
                0x0000000008004820                SDIO_IRQHandler
                0x0000000008004820                TAMP_STAMP_IRQHandler
                0x0000000008004820                CAN2_RX1_IRQHandler
                0x0000000008004820                EXTI3_IRQHandler
                0x0000000008004820                TIM8_TRG_COM_TIM14_IRQHandler
                0x0000000008004820                TIM1_UP_TIM10_IRQHandler
                0x0000000008004820                TIM8_UP_TIM13_IRQHandler
                0x0000000008004820                I2C3_ER_IRQHandler
                0x0000000008004820                EXTI0_IRQHandler
                0x0000000008004820                I2C2_EV_IRQHandler
                0x0000000008004820                DMA1_Stream2_IRQHandler
                0x0000000008004820                CAN1_RX0_IRQHandler
                0x0000000008004820                FPU_IRQHandler
                0x0000000008004820                OTG_HS_WKUP_IRQHandler
                0x0000000008004820                CAN2_SCE_IRQHandler
                0x0000000008004820                DMA2_Stream2_IRQHandler
                0x0000000008004820                SPI1_IRQHandler
                0x0000000008004820                TIM6_DAC_IRQHandler
                0x0000000008004820                TIM1_BRK_TIM9_IRQHandler
                0x0000000008004820                CAN2_RX0_IRQHandler
                0x0000000008004820                DMA2_Stream3_IRQHandler
                0x0000000008004820                USART6_IRQHandler
                0x0000000008004820                USART3_IRQHandler
                0x0000000008004820                CAN1_RX1_IRQHandler
                0x0000000008004820                UART5_IRQHandler
                0x0000000008004820                TIM4_IRQHandler
                0x0000000008004820                I2C1_EV_IRQHandler
                0x0000000008004820                DMA1_Stream6_IRQHandler
                0x0000000008004820                DMA1_Stream1_IRQHandler
                0x0000000008004820                UART4_IRQHandler
                0x0000000008004820                TIM3_IRQHandler
                0x0000000008004820                RCC_IRQHandler
                0x0000000008004820                TIM8_BRK_TIM12_IRQHandler
                0x0000000008004820                Default_Handler
                0x0000000008004820                EXTI15_10_IRQHandler
                0x0000000008004820                ADC_IRQHandler
                0x0000000008004820                DMA1_Stream7_IRQHandler
                0x0000000008004820                TIM7_IRQHandler
                0x0000000008004820                CAN2_TX_IRQHandler
                0x0000000008004820                DMA2_Stream7_IRQHandler
                0x0000000008004820                I2C3_EV_IRQHandler
                0x0000000008004820                EXTI9_5_IRQHandler
                0x0000000008004820                RTC_WKUP_IRQHandler
                0x0000000008004820                SPI2_IRQHandler
                0x0000000008004820                OTG_HS_EP1_IN_IRQHandler
                0x0000000008004820                DMA1_Stream0_IRQHandler
                0x0000000008004820                CAN1_TX_IRQHandler
                0x0000000008004820                EXTI4_IRQHandler
                0x0000000008004820                FSMC_IRQHandler
                0x0000000008004820                OTG_HS_EP1_OUT_IRQHandler
                0x0000000008004820                WWDG_IRQHandler
                0x0000000008004820                TIM2_IRQHandler
                0x0000000008004820                OTG_FS_WKUP_IRQHandler
                0x0000000008004820                TIM1_TRG_COM_TIM11_IRQHandler
                0x0000000008004820                OTG_HS_IRQHandler
                0x0000000008004820                EXTI1_IRQHandler
                0x0000000008004820                USART2_IRQHandler
                0x0000000008004820                I2C2_ER_IRQHandler
                0x0000000008004820                DMA2_Stream1_IRQHandler
                0x0000000008004820                CAN1_SCE_IRQHandler
                0x0000000008004820                FLASH_IRQHandler
                0x0000000008004820                DMA2_Stream4_IRQHandler
                0x0000000008004820                USART1_IRQHandler
                0x0000000008004820                OTG_FS_IRQHandler
                0x0000000008004820                SPI3_IRQHandler
                0x0000000008004820                DMA1_Stream4_IRQHandler
                0x0000000008004820                I2C1_ER_IRQHandler
                0x0000000008004820                DMA2_Stream6_IRQHandler
                0x0000000008004820                DMA1_Stream3_IRQHandler
 .text.LL_ADC_REG_SetSequencerLength
                0x0000000008004822       0x26 Drivers/STM32F4xx_HAL_Driver/Src/stm32f4xx_ll_adc.o
 .text.LL_ADC_IsEnabled
                0x0000000008004848       0x26 Drivers/STM32F4xx_HAL_Driver/Src/stm32f4xx_ll_adc.o
 *fill*         0x000000000800486e        0x2 
 .text.LL_ADC_CommonInit
                0x0000000008004870       0x90 Drivers/STM32F4xx_HAL_Driver/Src/stm32f4xx_ll_adc.o
                0x0000000008004870                LL_ADC_CommonInit
 .text.LL_ADC_Init
                0x0000000008004900       0x58 Drivers/STM32F4xx_HAL_Driver/Src/stm32f4xx_ll_adc.o
                0x0000000008004900                LL_ADC_Init
 .text.LL_ADC_REG_Init
                0x0000000008004958       0x84 Drivers/STM32F4xx_HAL_Driver/Src/stm32f4xx_ll_adc.o
                0x0000000008004958                LL_ADC_REG_Init
 .text.LL_GPIO_SetPinMode
                0x00000000080049dc       0x5e Drivers/STM32F4xx_HAL_Driver/Src/stm32f4xx_ll_gpio.o
 .text.LL_GPIO_SetPinOutputType
                0x0000000008004a3a       0x30 Drivers/STM32F4xx_HAL_Driver/Src/stm32f4xx_ll_gpio.o
 .text.LL_GPIO_SetPinSpeed
                0x0000000008004a6a       0x5e Drivers/STM32F4xx_HAL_Driver/Src/stm32f4xx_ll_gpio.o
 .text.LL_GPIO_SetPinPull
                0x0000000008004ac8       0x5e Drivers/STM32F4xx_HAL_Driver/Src/stm32f4xx_ll_gpio.o
 .text.LL_GPIO_SetAFPin_0_7
                0x0000000008004b26       0x5e Drivers/STM32F4xx_HAL_Driver/Src/stm32f4xx_ll_gpio.o
 .text.LL_GPIO_SetAFPin_8_15
                0x0000000008004b84       0x62 Drivers/STM32F4xx_HAL_Driver/Src/stm32f4xx_ll_gpio.o
 .text.LL_GPIO_Init
                0x0000000008004be6       0xe6 Drivers/STM32F4xx_HAL_Driver/Src/stm32f4xx_ll_gpio.o
                0x0000000008004be6                LL_GPIO_Init
 .text.LL_RCC_GetSysClkSource
                0x0000000008004ccc       0x1c Drivers/STM32F4xx_HAL_Driver/Src/stm32f4xx_ll_rcc.o
 .text.LL_RCC_GetAHBPrescaler
                0x0000000008004ce8       0x1c Drivers/STM32F4xx_HAL_Driver/Src/stm32f4xx_ll_rcc.o
 .text.LL_RCC_GetAPB1Prescaler
                0x0000000008004d04       0x1c Drivers/STM32F4xx_HAL_Driver/Src/stm32f4xx_ll_rcc.o
 .text.LL_RCC_GetAPB2Prescaler
                0x0000000008004d20       0x1c Drivers/STM32F4xx_HAL_Driver/Src/stm32f4xx_ll_rcc.o
 .text.LL_RCC_PLL_GetMainSource
                0x0000000008004d3c       0x1c Drivers/STM32F4xx_HAL_Driver/Src/stm32f4xx_ll_rcc.o
 .text.LL_RCC_PLL_GetN
                0x0000000008004d58       0x1c Drivers/STM32F4xx_HAL_Driver/Src/stm32f4xx_ll_rcc.o
 .text.LL_RCC_PLL_GetP
                0x0000000008004d74       0x1c Drivers/STM32F4xx_HAL_Driver/Src/stm32f4xx_ll_rcc.o
 .text.LL_RCC_PLL_GetDivider
                0x0000000008004d90       0x1c Drivers/STM32F4xx_HAL_Driver/Src/stm32f4xx_ll_rcc.o
 .text.LL_RCC_GetSystemClocksFreq
                0x0000000008004dac       0x4a Drivers/STM32F4xx_HAL_Driver/Src/stm32f4xx_ll_rcc.o
                0x0000000008004dac                LL_RCC_GetSystemClocksFreq
 *fill*         0x0000000008004df6        0x2 
 .text.RCC_GetSystemClockFreq
                0x0000000008004df8       0x50 Drivers/STM32F4xx_HAL_Driver/Src/stm32f4xx_ll_rcc.o
                0x0000000008004df8                RCC_GetSystemClockFreq
 .text.RCC_GetHCLKClockFreq
                0x0000000008004e48       0x2c Drivers/STM32F4xx_HAL_Driver/Src/stm32f4xx_ll_rcc.o
                0x0000000008004e48                RCC_GetHCLKClockFreq
 .text.RCC_GetPCLK1ClockFreq
                0x0000000008004e74       0x28 Drivers/STM32F4xx_HAL_Driver/Src/stm32f4xx_ll_rcc.o
                0x0000000008004e74                RCC_GetPCLK1ClockFreq
 .text.RCC_GetPCLK2ClockFreq
                0x0000000008004e9c       0x28 Drivers/STM32F4xx_HAL_Driver/Src/stm32f4xx_ll_rcc.o
                0x0000000008004e9c                RCC_GetPCLK2ClockFreq
 .text.RCC_PLL_GetFreqDomain_SYS
                0x0000000008004ec4       0x7c Drivers/STM32F4xx_HAL_Driver/Src/stm32f4xx_ll_rcc.o
                0x0000000008004ec4                RCC_PLL_GetFreqDomain_SYS
 .text.LL_SPI_IsEnabled
                0x0000000008004f40       0x26 Drivers/STM32F4xx_HAL_Driver/Src/stm32f4xx_ll_spi.o
 .text.LL_SPI_SetCRCPolynomial
                0x0000000008004f66       0x20 Drivers/STM32F4xx_HAL_Driver/Src/stm32f4xx_ll_spi.o
 .text.LL_SPI_Init
                0x0000000008004f86       0xa4 Drivers/STM32F4xx_HAL_Driver/Src/stm32f4xx_ll_spi.o
                0x0000000008004f86                LL_SPI_Init
 .text.LL_TIM_SetPrescaler
                0x000000000800502a       0x1c Drivers/STM32F4xx_HAL_Driver/Src/stm32f4xx_ll_tim.o
 .text.LL_TIM_SetAutoReload
                0x0000000008005046       0x1c Drivers/STM32F4xx_HAL_Driver/Src/stm32f4xx_ll_tim.o
 .text.LL_TIM_SetRepetitionCounter
                0x0000000008005062       0x1c Drivers/STM32F4xx_HAL_Driver/Src/stm32f4xx_ll_tim.o
 .text.LL_TIM_OC_SetCompareCH1
                0x000000000800507e       0x1c Drivers/STM32F4xx_HAL_Driver/Src/stm32f4xx_ll_tim.o
 .text.LL_TIM_OC_SetCompareCH2
                0x000000000800509a       0x1c Drivers/STM32F4xx_HAL_Driver/Src/stm32f4xx_ll_tim.o
 .text.LL_TIM_OC_SetCompareCH3
                0x00000000080050b6       0x1c Drivers/STM32F4xx_HAL_Driver/Src/stm32f4xx_ll_tim.o
 .text.LL_TIM_OC_SetCompareCH4
                0x00000000080050d2       0x1c Drivers/STM32F4xx_HAL_Driver/Src/stm32f4xx_ll_tim.o
 .text.LL_TIM_GenerateEvent_UPDATE
                0x00000000080050ee       0x20 Drivers/STM32F4xx_HAL_Driver/Src/stm32f4xx_ll_tim.o
 *fill*         0x000000000800510e        0x2 
 .text.LL_TIM_Init
                0x0000000008005110      0x134 Drivers/STM32F4xx_HAL_Driver/Src/stm32f4xx_ll_tim.o
                0x0000000008005110                LL_TIM_Init
 .text.LL_TIM_OC_Init
                0x0000000008005244       0x82 Drivers/STM32F4xx_HAL_Driver/Src/stm32f4xx_ll_tim.o
                0x0000000008005244                LL_TIM_OC_Init
 .text.LL_TIM_BDTR_Init
                0x00000000080052c6       0x92 Drivers/STM32F4xx_HAL_Driver/Src/stm32f4xx_ll_tim.o
                0x00000000080052c6                LL_TIM_BDTR_Init
 .text.OC1Config
                0x0000000008005358       0xd8 Drivers/STM32F4xx_HAL_Driver/Src/stm32f4xx_ll_tim.o
 .text.OC2Config
                0x0000000008005430       0xe0 Drivers/STM32F4xx_HAL_Driver/Src/stm32f4xx_ll_tim.o
 .text.OC3Config
                0x0000000008005510       0xe0 Drivers/STM32F4xx_HAL_Driver/Src/stm32f4xx_ll_tim.o
 .text.OC4Config
                0x00000000080055f0       0xb0 Drivers/STM32F4xx_HAL_Driver/Src/stm32f4xx_ll_tim.o
 .text.LL_USART_IsEnabled
                0x00000000080056a0       0x28 Drivers/STM32F4xx_HAL_Driver/Src/stm32f4xx_ll_usart.o
 .text.LL_USART_SetStopBitsLength
                0x00000000080056c8       0x26 Drivers/STM32F4xx_HAL_Driver/Src/stm32f4xx_ll_usart.o
 .text.LL_USART_SetHWFlowCtrl
                0x00000000080056ee       0x26 Drivers/STM32F4xx_HAL_Driver/Src/stm32f4xx_ll_usart.o
 .text.LL_USART_SetBaudRate
                0x0000000008005714      0x320 Drivers/STM32F4xx_HAL_Driver/Src/stm32f4xx_ll_usart.o
 .text.LL_USART_Init
                0x0000000008005a34      0x100 Drivers/STM32F4xx_HAL_Driver/Src/stm32f4xx_ll_usart.o
                0x0000000008005a34                LL_USART_Init
 .text.LL_InitTick
                0x0000000008005b34       0x34 Drivers/STM32F4xx_HAL_Driver/Src/stm32f4xx_ll_utils.o
 .text.LL_Init1msTick
                0x0000000008005b68       0x1a Drivers/STM32F4xx_HAL_Driver/Src/stm32f4xx_ll_utils.o
                0x0000000008005b68                LL_Init1msTick
 *fill*         0x0000000008005b82        0x2 
 .text.LL_mDelay
                0x0000000008005b84       0x4c Drivers/STM32F4xx_HAL_Driver/Src/stm32f4xx_ll_utils.o
                0x0000000008005b84                LL_mDelay
 .text.LL_SetSystemCoreClock
                0x0000000008005bd0       0x20 Drivers/STM32F4xx_HAL_Driver/Src/stm32f4xx_ll_utils.o
                0x0000000008005bd0                LL_SetSystemCoreClock
 .text.__errno  0x0000000008005bf0        0xc c:/st/stm32cubeide_1.0.2/stm32cubeide/plugins/com.st.stm32cube.ide.mcu.externaltools.gnu-tools-for-stm32.9-2020-q2-update.win32_1.5.0.202011040924/tools/bin/../lib/gcc/arm-none-eabi/9.3.1/../../../../arm-none-eabi/lib/thumb/v7e-m+fp/hard\libc_nano.a(lib_a-errno.o)
                0x0000000008005bf0                __errno
 .text.__libc_init_array
                0x0000000008005bfc       0x48 c:/st/stm32cubeide_1.0.2/stm32cubeide/plugins/com.st.stm32cube.ide.mcu.externaltools.gnu-tools-for-stm32.9-2020-q2-update.win32_1.5.0.202011040924/tools/bin/../lib/gcc/arm-none-eabi/9.3.1/../../../../arm-none-eabi/lib/thumb/v7e-m+fp/hard\libc_nano.a(lib_a-init.o)
                0x0000000008005bfc                __libc_init_array
 .text.memset   0x0000000008005c44       0x10 c:/st/stm32cubeide_1.0.2/stm32cubeide/plugins/com.st.stm32cube.ide.mcu.externaltools.gnu-tools-for-stm32.9-2020-q2-update.win32_1.5.0.202011040924/tools/bin/../lib/gcc/arm-none-eabi/9.3.1/../../../../arm-none-eabi/lib/thumb/v7e-m+fp/hard\libc_nano.a(lib_a-memset.o)
                0x0000000008005c44                memset
 .text.__cvt    0x0000000008005c54       0xc4 c:/st/stm32cubeide_1.0.2/stm32cubeide/plugins/com.st.stm32cube.ide.mcu.externaltools.gnu-tools-for-stm32.9-2020-q2-update.win32_1.5.0.202011040924/tools/bin/../lib/gcc/arm-none-eabi/9.3.1/../../../../arm-none-eabi/lib/thumb/v7e-m+fp/hard\libc_nano.a(lib_a-nano-vfprintf_float.o)
                0x0000000008005c54                __cvt
 .text.__exponent
                0x0000000008005d18       0x7c c:/st/stm32cubeide_1.0.2/stm32cubeide/plugins/com.st.stm32cube.ide.mcu.externaltools.gnu-tools-for-stm32.9-2020-q2-update.win32_1.5.0.202011040924/tools/bin/../lib/gcc/arm-none-eabi/9.3.1/../../../../arm-none-eabi/lib/thumb/v7e-m+fp/hard\libc_nano.a(lib_a-nano-vfprintf_float.o)
                0x0000000008005d18                __exponent
 .text._printf_float
                0x0000000008005d94      0x46c c:/st/stm32cubeide_1.0.2/stm32cubeide/plugins/com.st.stm32cube.ide.mcu.externaltools.gnu-tools-for-stm32.9-2020-q2-update.win32_1.5.0.202011040924/tools/bin/../lib/gcc/arm-none-eabi/9.3.1/../../../../arm-none-eabi/lib/thumb/v7e-m+fp/hard\libc_nano.a(lib_a-nano-vfprintf_float.o)
                0x0000000008005d94                _printf_float
 .text._printf_common
                0x0000000008006200       0xda c:/st/stm32cubeide_1.0.2/stm32cubeide/plugins/com.st.stm32cube.ide.mcu.externaltools.gnu-tools-for-stm32.9-2020-q2-update.win32_1.5.0.202011040924/tools/bin/../lib/gcc/arm-none-eabi/9.3.1/../../../../arm-none-eabi/lib/thumb/v7e-m+fp/hard\libc_nano.a(lib_a-nano-vfprintf_i.o)
                0x0000000008006200                _printf_common
 *fill*         0x00000000080062da        0x2 
 .text._printf_i
                0x00000000080062dc      0x24c c:/st/stm32cubeide_1.0.2/stm32cubeide/plugins/com.st.stm32cube.ide.mcu.externaltools.gnu-tools-for-stm32.9-2020-q2-update.win32_1.5.0.202011040924/tools/bin/../lib/gcc/arm-none-eabi/9.3.1/../../../../arm-none-eabi/lib/thumb/v7e-m+fp/hard\libc_nano.a(lib_a-nano-vfprintf_i.o)
                0x00000000080062dc                _printf_i
 .text.printf   0x0000000008006528       0x30 c:/st/stm32cubeide_1.0.2/stm32cubeide/plugins/com.st.stm32cube.ide.mcu.externaltools.gnu-tools-for-stm32.9-2020-q2-update.win32_1.5.0.202011040924/tools/bin/../lib/gcc/arm-none-eabi/9.3.1/../../../../arm-none-eabi/lib/thumb/v7e-m+fp/hard\libc_nano.a(lib_a-printf.o)
                0x0000000008006528                iprintf
                0x0000000008006528                printf
 .text._puts_r  0x0000000008006558       0xdc c:/st/stm32cubeide_1.0.2/stm32cubeide/plugins/com.st.stm32cube.ide.mcu.externaltools.gnu-tools-for-stm32.9-2020-q2-update.win32_1.5.0.202011040924/tools/bin/../lib/gcc/arm-none-eabi/9.3.1/../../../../arm-none-eabi/lib/thumb/v7e-m+fp/hard\libc_nano.a(lib_a-puts.o)
                0x0000000008006558                _puts_r
 .text.puts     0x0000000008006634       0x10 c:/st/stm32cubeide_1.0.2/stm32cubeide/plugins/com.st.stm32cube.ide.mcu.externaltools.gnu-tools-for-stm32.9-2020-q2-update.win32_1.5.0.202011040924/tools/bin/../lib/gcc/arm-none-eabi/9.3.1/../../../../arm-none-eabi/lib/thumb/v7e-m+fp/hard\libc_nano.a(lib_a-puts.o)
                0x0000000008006634                puts
 .text.setbuf   0x0000000008006644       0x10 c:/st/stm32cubeide_1.0.2/stm32cubeide/plugins/com.st.stm32cube.ide.mcu.externaltools.gnu-tools-for-stm32.9-2020-q2-update.win32_1.5.0.202011040924/tools/bin/../lib/gcc/arm-none-eabi/9.3.1/../../../../arm-none-eabi/lib/thumb/v7e-m+fp/hard\libc_nano.a(lib_a-setbuf.o)
                0x0000000008006644                setbuf
 .text.setvbuf  0x0000000008006654      0x18c c:/st/stm32cubeide_1.0.2/stm32cubeide/plugins/com.st.stm32cube.ide.mcu.externaltools.gnu-tools-for-stm32.9-2020-q2-update.win32_1.5.0.202011040924/tools/bin/../lib/gcc/arm-none-eabi/9.3.1/../../../../arm-none-eabi/lib/thumb/v7e-m+fp/hard\libc_nano.a(lib_a-setvbuf.o)
                0x0000000008006654                setvbuf
 .text.__swbuf_r
                0x00000000080067e0       0xa4 c:/st/stm32cubeide_1.0.2/stm32cubeide/plugins/com.st.stm32cube.ide.mcu.externaltools.gnu-tools-for-stm32.9-2020-q2-update.win32_1.5.0.202011040924/tools/bin/../lib/gcc/arm-none-eabi/9.3.1/../../../../arm-none-eabi/lib/thumb/v7e-m+fp/hard\libc_nano.a(lib_a-wbuf.o)
                0x00000000080067e0                __swbuf_r
 .text.__swsetup_r
                0x0000000008006884       0xdc c:/st/stm32cubeide_1.0.2/stm32cubeide/plugins/com.st.stm32cube.ide.mcu.externaltools.gnu-tools-for-stm32.9-2020-q2-update.win32_1.5.0.202011040924/tools/bin/../lib/gcc/arm-none-eabi/9.3.1/../../../../arm-none-eabi/lib/thumb/v7e-m+fp/hard\libc_nano.a(lib_a-wsetup.o)
                0x0000000008006884                __swsetup_r
 .text.quorem   0x0000000008006960      0x116 c:/st/stm32cubeide_1.0.2/stm32cubeide/plugins/com.st.stm32cube.ide.mcu.externaltools.gnu-tools-for-stm32.9-2020-q2-update.win32_1.5.0.202011040924/tools/bin/../lib/gcc/arm-none-eabi/9.3.1/../../../../arm-none-eabi/lib/thumb/v7e-m+fp/hard\libc_nano.a(lib_a-dtoa.o)
 *fill*         0x0000000008006a76        0x2 
 .text._dtoa_r  0x0000000008006a78      0xbd8 c:/st/stm32cubeide_1.0.2/stm32cubeide/plugins/com.st.stm32cube.ide.mcu.externaltools.gnu-tools-for-stm32.9-2020-q2-update.win32_1.5.0.202011040924/tools/bin/../lib/gcc/arm-none-eabi/9.3.1/../../../../arm-none-eabi/lib/thumb/v7e-m+fp/hard\libc_nano.a(lib_a-dtoa.o)
                0x0000000008006a78                _dtoa_r
 .text.__sflush_r
                0x0000000008007650      0x10c c:/st/stm32cubeide_1.0.2/stm32cubeide/plugins/com.st.stm32cube.ide.mcu.externaltools.gnu-tools-for-stm32.9-2020-q2-update.win32_1.5.0.202011040924/tools/bin/../lib/gcc/arm-none-eabi/9.3.1/../../../../arm-none-eabi/lib/thumb/v7e-m+fp/hard\libc_nano.a(lib_a-fflush.o)
                0x0000000008007650                __sflush_r
 .text._fflush_r
                0x000000000800775c       0x78 c:/st/stm32cubeide_1.0.2/stm32cubeide/plugins/com.st.stm32cube.ide.mcu.externaltools.gnu-tools-for-stm32.9-2020-q2-update.win32_1.5.0.202011040924/tools/bin/../lib/gcc/arm-none-eabi/9.3.1/../../../../arm-none-eabi/lib/thumb/v7e-m+fp/hard\libc_nano.a(lib_a-fflush.o)
                0x000000000800775c                _fflush_r
 .text.std      0x00000000080077d4       0x48 c:/st/stm32cubeide_1.0.2/stm32cubeide/plugins/com.st.stm32cube.ide.mcu.externaltools.gnu-tools-for-stm32.9-2020-q2-update.win32_1.5.0.202011040924/tools/bin/../lib/gcc/arm-none-eabi/9.3.1/../../../../arm-none-eabi/lib/thumb/v7e-m+fp/hard\libc_nano.a(lib_a-findfp.o)
 .text._cleanup_r
                0x000000000800781c        0xc c:/st/stm32cubeide_1.0.2/stm32cubeide/plugins/com.st.stm32cube.ide.mcu.externaltools.gnu-tools-for-stm32.9-2020-q2-update.win32_1.5.0.202011040924/tools/bin/../lib/gcc/arm-none-eabi/9.3.1/../../../../arm-none-eabi/lib/thumb/v7e-m+fp/hard\libc_nano.a(lib_a-findfp.o)
                0x000000000800781c                _cleanup_r
 .text.__sfmoreglue
                0x0000000008007828       0x2c c:/st/stm32cubeide_1.0.2/stm32cubeide/plugins/com.st.stm32cube.ide.mcu.externaltools.gnu-tools-for-stm32.9-2020-q2-update.win32_1.5.0.202011040924/tools/bin/../lib/gcc/arm-none-eabi/9.3.1/../../../../arm-none-eabi/lib/thumb/v7e-m+fp/hard\libc_nano.a(lib_a-findfp.o)
                0x0000000008007828                __sfmoreglue
 .text.__sfp_lock_acquire
                0x0000000008007854        0xc c:/st/stm32cubeide_1.0.2/stm32cubeide/plugins/com.st.stm32cube.ide.mcu.externaltools.gnu-tools-for-stm32.9-2020-q2-update.win32_1.5.0.202011040924/tools/bin/../lib/gcc/arm-none-eabi/9.3.1/../../../../arm-none-eabi/lib/thumb/v7e-m+fp/hard\libc_nano.a(lib_a-findfp.o)
                0x0000000008007854                __sfp_lock_acquire
 .text.__sfp_lock_release
                0x0000000008007860        0xc c:/st/stm32cubeide_1.0.2/stm32cubeide/plugins/com.st.stm32cube.ide.mcu.externaltools.gnu-tools-for-stm32.9-2020-q2-update.win32_1.5.0.202011040924/tools/bin/../lib/gcc/arm-none-eabi/9.3.1/../../../../arm-none-eabi/lib/thumb/v7e-m+fp/hard\libc_nano.a(lib_a-findfp.o)
                0x0000000008007860                __sfp_lock_release
 .text.__sinit_lock_acquire
                0x000000000800786c        0xc c:/st/stm32cubeide_1.0.2/stm32cubeide/plugins/com.st.stm32cube.ide.mcu.externaltools.gnu-tools-for-stm32.9-2020-q2-update.win32_1.5.0.202011040924/tools/bin/../lib/gcc/arm-none-eabi/9.3.1/../../../../arm-none-eabi/lib/thumb/v7e-m+fp/hard\libc_nano.a(lib_a-findfp.o)
                0x000000000800786c                __sinit_lock_acquire
 .text.__sinit_lock_release
                0x0000000008007878        0xc c:/st/stm32cubeide_1.0.2/stm32cubeide/plugins/com.st.stm32cube.ide.mcu.externaltools.gnu-tools-for-stm32.9-2020-q2-update.win32_1.5.0.202011040924/tools/bin/../lib/gcc/arm-none-eabi/9.3.1/../../../../arm-none-eabi/lib/thumb/v7e-m+fp/hard\libc_nano.a(lib_a-findfp.o)
                0x0000000008007878                __sinit_lock_release
 .text.__sinit  0x0000000008007884       0x70 c:/st/stm32cubeide_1.0.2/stm32cubeide/plugins/com.st.stm32cube.ide.mcu.externaltools.gnu-tools-for-stm32.9-2020-q2-update.win32_1.5.0.202011040924/tools/bin/../lib/gcc/arm-none-eabi/9.3.1/../../../../arm-none-eabi/lib/thumb/v7e-m+fp/hard\libc_nano.a(lib_a-findfp.o)
                0x0000000008007884                __sinit
 .text.__sfp    0x00000000080078f4       0x8c c:/st/stm32cubeide_1.0.2/stm32cubeide/plugins/com.st.stm32cube.ide.mcu.externaltools.gnu-tools-for-stm32.9-2020-q2-update.win32_1.5.0.202011040924/tools/bin/../lib/gcc/arm-none-eabi/9.3.1/../../../../arm-none-eabi/lib/thumb/v7e-m+fp/hard\libc_nano.a(lib_a-findfp.o)
                0x00000000080078f4                __sfp
 .text._fwalk_reent
                0x0000000008007980       0x3e c:/st/stm32cubeide_1.0.2/stm32cubeide/plugins/com.st.stm32cube.ide.mcu.externaltools.gnu-tools-for-stm32.9-2020-q2-update.win32_1.5.0.202011040924/tools/bin/../lib/gcc/arm-none-eabi/9.3.1/../../../../arm-none-eabi/lib/thumb/v7e-m+fp/hard\libc_nano.a(lib_a-fwalk.o)
                0x0000000008007980                _fwalk_reent
 *fill*         0x00000000080079be        0x2 
 .text._localeconv_r
                0x00000000080079c0        0x8 c:/st/stm32cubeide_1.0.2/stm32cubeide/plugins/com.st.stm32cube.ide.mcu.externaltools.gnu-tools-for-stm32.9-2020-q2-update.win32_1.5.0.202011040924/tools/bin/../lib/gcc/arm-none-eabi/9.3.1/../../../../arm-none-eabi/lib/thumb/v7e-m+fp/hard\libc_nano.a(lib_a-localeconv.o)
                0x00000000080079c0                _localeconv_r
 .text.__retarget_lock_init_recursive
                0x00000000080079c8        0x2 c:/st/stm32cubeide_1.0.2/stm32cubeide/plugins/com.st.stm32cube.ide.mcu.externaltools.gnu-tools-for-stm32.9-2020-q2-update.win32_1.5.0.202011040924/tools/bin/../lib/gcc/arm-none-eabi/9.3.1/../../../../arm-none-eabi/lib/thumb/v7e-m+fp/hard\libc_nano.a(lib_a-lock.o)
                0x00000000080079c8                __retarget_lock_init_recursive
 .text.__retarget_lock_acquire_recursive
                0x00000000080079ca        0x2 c:/st/stm32cubeide_1.0.2/stm32cubeide/plugins/com.st.stm32cube.ide.mcu.externaltools.gnu-tools-for-stm32.9-2020-q2-update.win32_1.5.0.202011040924/tools/bin/../lib/gcc/arm-none-eabi/9.3.1/../../../../arm-none-eabi/lib/thumb/v7e-m+fp/hard\libc_nano.a(lib_a-lock.o)
                0x00000000080079ca                __retarget_lock_acquire_recursive
 .text.__retarget_lock_release_recursive
                0x00000000080079cc        0x2 c:/st/stm32cubeide_1.0.2/stm32cubeide/plugins/com.st.stm32cube.ide.mcu.externaltools.gnu-tools-for-stm32.9-2020-q2-update.win32_1.5.0.202011040924/tools/bin/../lib/gcc/arm-none-eabi/9.3.1/../../../../arm-none-eabi/lib/thumb/v7e-m+fp/hard\libc_nano.a(lib_a-lock.o)
                0x00000000080079cc                __retarget_lock_release_recursive
 .text.__swhatbuf_r
                0x00000000080079ce       0x48 c:/st/stm32cubeide_1.0.2/stm32cubeide/plugins/com.st.stm32cube.ide.mcu.externaltools.gnu-tools-for-stm32.9-2020-q2-update.win32_1.5.0.202011040924/tools/bin/../lib/gcc/arm-none-eabi/9.3.1/../../../../arm-none-eabi/lib/thumb/v7e-m+fp/hard\libc_nano.a(lib_a-makebuf.o)
                0x00000000080079ce                __swhatbuf_r
 *fill*         0x0000000008007a16        0x2 
 .text.__smakebuf_r
                0x0000000008007a18       0x80 c:/st/stm32cubeide_1.0.2/stm32cubeide/plugins/com.st.stm32cube.ide.mcu.externaltools.gnu-tools-for-stm32.9-2020-q2-update.win32_1.5.0.202011040924/tools/bin/../lib/gcc/arm-none-eabi/9.3.1/../../../../arm-none-eabi/lib/thumb/v7e-m+fp/hard\libc_nano.a(lib_a-makebuf.o)
                0x0000000008007a18                __smakebuf_r
 .text.malloc   0x0000000008007a98       0x10 c:/st/stm32cubeide_1.0.2/stm32cubeide/plugins/com.st.stm32cube.ide.mcu.externaltools.gnu-tools-for-stm32.9-2020-q2-update.win32_1.5.0.202011040924/tools/bin/../lib/gcc/arm-none-eabi/9.3.1/../../../../arm-none-eabi/lib/thumb/v7e-m+fp/hard\libc_nano.a(lib_a-malloc.o)
                0x0000000008007a98                malloc
 .text.memcpy   0x0000000008007aa8       0x1c c:/st/stm32cubeide_1.0.2/stm32cubeide/plugins/com.st.stm32cube.ide.mcu.externaltools.gnu-tools-for-stm32.9-2020-q2-update.win32_1.5.0.202011040924/tools/bin/../lib/gcc/arm-none-eabi/9.3.1/../../../../arm-none-eabi/lib/thumb/v7e-m+fp/hard\libc_nano.a(lib_a-memcpy-stub.o)
                0x0000000008007aa8                memcpy
 .text._Balloc  0x0000000008007ac4       0x80 c:/st/stm32cubeide_1.0.2/stm32cubeide/plugins/com.st.stm32cube.ide.mcu.externaltools.gnu-tools-for-stm32.9-2020-q2-update.win32_1.5.0.202011040924/tools/bin/../lib/gcc/arm-none-eabi/9.3.1/../../../../arm-none-eabi/lib/thumb/v7e-m+fp/hard\libc_nano.a(lib_a-mprec.o)
                0x0000000008007ac4                _Balloc
 .text._Bfree   0x0000000008007b44       0x44 c:/st/stm32cubeide_1.0.2/stm32cubeide/plugins/com.st.stm32cube.ide.mcu.externaltools.gnu-tools-for-stm32.9-2020-q2-update.win32_1.5.0.202011040924/tools/bin/../lib/gcc/arm-none-eabi/9.3.1/../../../../arm-none-eabi/lib/thumb/v7e-m+fp/hard\libc_nano.a(lib_a-mprec.o)
                0x0000000008007b44                _Bfree
 .text.__multadd
                0x0000000008007b88       0x94 c:/st/stm32cubeide_1.0.2/stm32cubeide/plugins/com.st.stm32cube.ide.mcu.externaltools.gnu-tools-for-stm32.9-2020-q2-update.win32_1.5.0.202011040924/tools/bin/../lib/gcc/arm-none-eabi/9.3.1/../../../../arm-none-eabi/lib/thumb/v7e-m+fp/hard\libc_nano.a(lib_a-mprec.o)
                0x0000000008007b88                __multadd
 .text.__hi0bits
                0x0000000008007c1c       0x40 c:/st/stm32cubeide_1.0.2/stm32cubeide/plugins/com.st.stm32cube.ide.mcu.externaltools.gnu-tools-for-stm32.9-2020-q2-update.win32_1.5.0.202011040924/tools/bin/../lib/gcc/arm-none-eabi/9.3.1/../../../../arm-none-eabi/lib/thumb/v7e-m+fp/hard\libc_nano.a(lib_a-mprec.o)
                0x0000000008007c1c                __hi0bits
 .text.__lo0bits
                0x0000000008007c5c       0x60 c:/st/stm32cubeide_1.0.2/stm32cubeide/plugins/com.st.stm32cube.ide.mcu.externaltools.gnu-tools-for-stm32.9-2020-q2-update.win32_1.5.0.202011040924/tools/bin/../lib/gcc/arm-none-eabi/9.3.1/../../../../arm-none-eabi/lib/thumb/v7e-m+fp/hard\libc_nano.a(lib_a-mprec.o)
                0x0000000008007c5c                __lo0bits
 .text.__i2b    0x0000000008007cbc       0x2c c:/st/stm32cubeide_1.0.2/stm32cubeide/plugins/com.st.stm32cube.ide.mcu.externaltools.gnu-tools-for-stm32.9-2020-q2-update.win32_1.5.0.202011040924/tools/bin/../lib/gcc/arm-none-eabi/9.3.1/../../../../arm-none-eabi/lib/thumb/v7e-m+fp/hard\libc_nano.a(lib_a-mprec.o)
                0x0000000008007cbc                __i2b
 .text.__multiply
                0x0000000008007ce8      0x14c c:/st/stm32cubeide_1.0.2/stm32cubeide/plugins/com.st.stm32cube.ide.mcu.externaltools.gnu-tools-for-stm32.9-2020-q2-update.win32_1.5.0.202011040924/tools/bin/../lib/gcc/arm-none-eabi/9.3.1/../../../../arm-none-eabi/lib/thumb/v7e-m+fp/hard\libc_nano.a(lib_a-mprec.o)
                0x0000000008007ce8                __multiply
 .text.__pow5mult
                0x0000000008007e34       0xb4 c:/st/stm32cubeide_1.0.2/stm32cubeide/plugins/com.st.stm32cube.ide.mcu.externaltools.gnu-tools-for-stm32.9-2020-q2-update.win32_1.5.0.202011040924/tools/bin/../lib/gcc/arm-none-eabi/9.3.1/../../../../arm-none-eabi/lib/thumb/v7e-m+fp/hard\libc_nano.a(lib_a-mprec.o)
                0x0000000008007e34                __pow5mult
 .text.__lshift
                0x0000000008007ee8       0xd8 c:/st/stm32cubeide_1.0.2/stm32cubeide/plugins/com.st.stm32cube.ide.mcu.externaltools.gnu-tools-for-stm32.9-2020-q2-update.win32_1.5.0.202011040924/tools/bin/../lib/gcc/arm-none-eabi/9.3.1/../../../../arm-none-eabi/lib/thumb/v7e-m+fp/hard\libc_nano.a(lib_a-mprec.o)
                0x0000000008007ee8                __lshift
 .text.__mcmp   0x0000000008007fc0       0x38 c:/st/stm32cubeide_1.0.2/stm32cubeide/plugins/com.st.stm32cube.ide.mcu.externaltools.gnu-tools-for-stm32.9-2020-q2-update.win32_1.5.0.202011040924/tools/bin/../lib/gcc/arm-none-eabi/9.3.1/../../../../arm-none-eabi/lib/thumb/v7e-m+fp/hard\libc_nano.a(lib_a-mprec.o)
                0x0000000008007fc0                __mcmp
 .text.__mdiff  0x0000000008007ff8      0x110 c:/st/stm32cubeide_1.0.2/stm32cubeide/plugins/com.st.stm32cube.ide.mcu.externaltools.gnu-tools-for-stm32.9-2020-q2-update.win32_1.5.0.202011040924/tools/bin/../lib/gcc/arm-none-eabi/9.3.1/../../../../arm-none-eabi/lib/thumb/v7e-m+fp/hard\libc_nano.a(lib_a-mprec.o)
                0x0000000008007ff8                __mdiff
 .text.__d2b    0x0000000008008108       0xb8 c:/st/stm32cubeide_1.0.2/stm32cubeide/plugins/com.st.stm32cube.ide.mcu.externaltools.gnu-tools-for-stm32.9-2020-q2-update.win32_1.5.0.202011040924/tools/bin/../lib/gcc/arm-none-eabi/9.3.1/../../../../arm-none-eabi/lib/thumb/v7e-m+fp/hard\libc_nano.a(lib_a-mprec.o)
                0x0000000008008108                __d2b
 .text._calloc_r
                0x00000000080081c0       0x1e c:/st/stm32cubeide_1.0.2/stm32cubeide/plugins/com.st.stm32cube.ide.mcu.externaltools.gnu-tools-for-stm32.9-2020-q2-update.win32_1.5.0.202011040924/tools/bin/../lib/gcc/arm-none-eabi/9.3.1/../../../../arm-none-eabi/lib/thumb/v7e-m+fp/hard\libc_nano.a(lib_a-nano-callocr.o)
                0x00000000080081c0                _calloc_r
 *fill*         0x00000000080081de        0x2 
 .text._free_r  0x00000000080081e0       0xa0 c:/st/stm32cubeide_1.0.2/stm32cubeide/plugins/com.st.stm32cube.ide.mcu.externaltools.gnu-tools-for-stm32.9-2020-q2-update.win32_1.5.0.202011040924/tools/bin/../lib/gcc/arm-none-eabi/9.3.1/../../../../arm-none-eabi/lib/thumb/v7e-m+fp/hard\libc_nano.a(lib_a-nano-freer.o)
                0x00000000080081e0                _free_r
 .text._malloc_r
                0x0000000008008280       0xb4 c:/st/stm32cubeide_1.0.2/stm32cubeide/plugins/com.st.stm32cube.ide.mcu.externaltools.gnu-tools-for-stm32.9-2020-q2-update.win32_1.5.0.202011040924/tools/bin/../lib/gcc/arm-none-eabi/9.3.1/../../../../arm-none-eabi/lib/thumb/v7e-m+fp/hard\libc_nano.a(lib_a-nano-mallocr.o)
                0x0000000008008280                _malloc_r
 .text.__sfputc_r
                0x0000000008008334       0x2e c:/st/stm32cubeide_1.0.2/stm32cubeide/plugins/com.st.stm32cube.ide.mcu.externaltools.gnu-tools-for-stm32.9-2020-q2-update.win32_1.5.0.202011040924/tools/bin/../lib/gcc/arm-none-eabi/9.3.1/../../../../arm-none-eabi/lib/thumb/v7e-m+fp/hard\libc_nano.a(lib_a-nano-vfprintf.o)
 .text.__sfputs_r
                0x0000000008008362       0x24 c:/st/stm32cubeide_1.0.2/stm32cubeide/plugins/com.st.stm32cube.ide.mcu.externaltools.gnu-tools-for-stm32.9-2020-q2-update.win32_1.5.0.202011040924/tools/bin/../lib/gcc/arm-none-eabi/9.3.1/../../../../arm-none-eabi/lib/thumb/v7e-m+fp/hard\libc_nano.a(lib_a-nano-vfprintf.o)
                0x0000000008008362                __sfputs_r
 *fill*         0x0000000008008386        0x2 
 .text._vfprintf_r
                0x0000000008008388      0x260 c:/st/stm32cubeide_1.0.2/stm32cubeide/plugins/com.st.stm32cube.ide.mcu.externaltools.gnu-tools-for-stm32.9-2020-q2-update.win32_1.5.0.202011040924/tools/bin/../lib/gcc/arm-none-eabi/9.3.1/../../../../arm-none-eabi/lib/thumb/v7e-m+fp/hard\libc_nano.a(lib_a-nano-vfprintf.o)
                0x0000000008008388                _vfprintf_r
                0x0000000008008388                _vfiprintf_r
 .text._sbrk_r  0x00000000080085e8       0x20 c:/st/stm32cubeide_1.0.2/stm32cubeide/plugins/com.st.stm32cube.ide.mcu.externaltools.gnu-tools-for-stm32.9-2020-q2-update.win32_1.5.0.202011040924/tools/bin/../lib/gcc/arm-none-eabi/9.3.1/../../../../arm-none-eabi/lib/thumb/v7e-m+fp/hard\libc_nano.a(lib_a-sbrkr.o)
                0x00000000080085e8                _sbrk_r
 .text.__sread  0x0000000008008608       0x22 c:/st/stm32cubeide_1.0.2/stm32cubeide/plugins/com.st.stm32cube.ide.mcu.externaltools.gnu-tools-for-stm32.9-2020-q2-update.win32_1.5.0.202011040924/tools/bin/../lib/gcc/arm-none-eabi/9.3.1/../../../../arm-none-eabi/lib/thumb/v7e-m+fp/hard\libc_nano.a(lib_a-stdio.o)
                0x0000000008008608                __sread
 .text.__swrite
                0x000000000800862a       0x38 c:/st/stm32cubeide_1.0.2/stm32cubeide/plugins/com.st.stm32cube.ide.mcu.externaltools.gnu-tools-for-stm32.9-2020-q2-update.win32_1.5.0.202011040924/tools/bin/../lib/gcc/arm-none-eabi/9.3.1/../../../../arm-none-eabi/lib/thumb/v7e-m+fp/hard\libc_nano.a(lib_a-stdio.o)
                0x000000000800862a                __swrite
 .text.__sseek  0x0000000008008662       0x24 c:/st/stm32cubeide_1.0.2/stm32cubeide/plugins/com.st.stm32cube.ide.mcu.externaltools.gnu-tools-for-stm32.9-2020-q2-update.win32_1.5.0.202011040924/tools/bin/../lib/gcc/arm-none-eabi/9.3.1/../../../../arm-none-eabi/lib/thumb/v7e-m+fp/hard\libc_nano.a(lib_a-stdio.o)
                0x0000000008008662                __sseek
 .text.__sclose
                0x0000000008008686        0x8 c:/st/stm32cubeide_1.0.2/stm32cubeide/plugins/com.st.stm32cube.ide.mcu.externaltools.gnu-tools-for-stm32.9-2020-q2-update.win32_1.5.0.202011040924/tools/bin/../lib/gcc/arm-none-eabi/9.3.1/../../../../arm-none-eabi/lib/thumb/v7e-m+fp/hard\libc_nano.a(lib_a-stdio.o)
                0x0000000008008686                __sclose
 *fill*         0x000000000800868e        0x2 
 .text._write_r
                0x0000000008008690       0x24 c:/st/stm32cubeide_1.0.2/stm32cubeide/plugins/com.st.stm32cube.ide.mcu.externaltools.gnu-tools-for-stm32.9-2020-q2-update.win32_1.5.0.202011040924/tools/bin/../lib/gcc/arm-none-eabi/9.3.1/../../../../arm-none-eabi/lib/thumb/v7e-m+fp/hard\libc_nano.a(lib_a-writer.o)
                0x0000000008008690                _write_r
 .text.__assert_func
                0x00000000080086b4       0x3c c:/st/stm32cubeide_1.0.2/stm32cubeide/plugins/com.st.stm32cube.ide.mcu.externaltools.gnu-tools-for-stm32.9-2020-q2-update.win32_1.5.0.202011040924/tools/bin/../lib/gcc/arm-none-eabi/9.3.1/../../../../arm-none-eabi/lib/thumb/v7e-m+fp/hard\libc_nano.a(lib_a-assert.o)
                0x00000000080086b4                __assert_func
 .text._close_r
                0x00000000080086f0       0x20 c:/st/stm32cubeide_1.0.2/stm32cubeide/plugins/com.st.stm32cube.ide.mcu.externaltools.gnu-tools-for-stm32.9-2020-q2-update.win32_1.5.0.202011040924/tools/bin/../lib/gcc/arm-none-eabi/9.3.1/../../../../arm-none-eabi/lib/thumb/v7e-m+fp/hard\libc_nano.a(lib_a-closer.o)
                0x00000000080086f0                _close_r
 .text.fprintf  0x0000000008008710       0x24 c:/st/stm32cubeide_1.0.2/stm32cubeide/plugins/com.st.stm32cube.ide.mcu.externaltools.gnu-tools-for-stm32.9-2020-q2-update.win32_1.5.0.202011040924/tools/bin/../lib/gcc/arm-none-eabi/9.3.1/../../../../arm-none-eabi/lib/thumb/v7e-m+fp/hard\libc_nano.a(lib_a-fprintf.o)
                0x0000000008008710                fiprintf
                0x0000000008008710                fprintf
 .text._fstat_r
                0x0000000008008734       0x24 c:/st/stm32cubeide_1.0.2/stm32cubeide/plugins/com.st.stm32cube.ide.mcu.externaltools.gnu-tools-for-stm32.9-2020-q2-update.win32_1.5.0.202011040924/tools/bin/../lib/gcc/arm-none-eabi/9.3.1/../../../../arm-none-eabi/lib/thumb/v7e-m+fp/hard\libc_nano.a(lib_a-fstatr.o)
                0x0000000008008734                _fstat_r
 .text._isatty_r
                0x0000000008008758       0x20 c:/st/stm32cubeide_1.0.2/stm32cubeide/plugins/com.st.stm32cube.ide.mcu.externaltools.gnu-tools-for-stm32.9-2020-q2-update.win32_1.5.0.202011040924/tools/bin/../lib/gcc/arm-none-eabi/9.3.1/../../../../arm-none-eabi/lib/thumb/v7e-m+fp/hard\libc_nano.a(lib_a-isattyr.o)
                0x0000000008008758                _isatty_r
 .text._lseek_r
                0x0000000008008778       0x24 c:/st/stm32cubeide_1.0.2/stm32cubeide/plugins/com.st.stm32cube.ide.mcu.externaltools.gnu-tools-for-stm32.9-2020-q2-update.win32_1.5.0.202011040924/tools/bin/../lib/gcc/arm-none-eabi/9.3.1/../../../../arm-none-eabi/lib/thumb/v7e-m+fp/hard\libc_nano.a(lib_a-lseekr.o)
                0x0000000008008778                _lseek_r
 .text.__ascii_mbtowc
                0x000000000800879c       0x24 c:/st/stm32cubeide_1.0.2/stm32cubeide/plugins/com.st.stm32cube.ide.mcu.externaltools.gnu-tools-for-stm32.9-2020-q2-update.win32_1.5.0.202011040924/tools/bin/../lib/gcc/arm-none-eabi/9.3.1/../../../../arm-none-eabi/lib/thumb/v7e-m+fp/hard\libc_nano.a(lib_a-mbtowc_r.o)
                0x000000000800879c                __ascii_mbtowc
 .text.__malloc_lock
                0x00000000080087c0        0xc c:/st/stm32cubeide_1.0.2/stm32cubeide/plugins/com.st.stm32cube.ide.mcu.externaltools.gnu-tools-for-stm32.9-2020-q2-update.win32_1.5.0.202011040924/tools/bin/../lib/gcc/arm-none-eabi/9.3.1/../../../../arm-none-eabi/lib/thumb/v7e-m+fp/hard\libc_nano.a(lib_a-mlock.o)
                0x00000000080087c0                __malloc_lock
 .text.__malloc_unlock
                0x00000000080087cc        0xc c:/st/stm32cubeide_1.0.2/stm32cubeide/plugins/com.st.stm32cube.ide.mcu.externaltools.gnu-tools-for-stm32.9-2020-q2-update.win32_1.5.0.202011040924/tools/bin/../lib/gcc/arm-none-eabi/9.3.1/../../../../arm-none-eabi/lib/thumb/v7e-m+fp/hard\libc_nano.a(lib_a-mlock.o)
                0x00000000080087cc                __malloc_unlock
 .text._read_r  0x00000000080087d8       0x24 c:/st/stm32cubeide_1.0.2/stm32cubeide/plugins/com.st.stm32cube.ide.mcu.externaltools.gnu-tools-for-stm32.9-2020-q2-update.win32_1.5.0.202011040924/tools/bin/../lib/gcc/arm-none-eabi/9.3.1/../../../../arm-none-eabi/lib/thumb/v7e-m+fp/hard\libc_nano.a(lib_a-readr.o)
                0x00000000080087d8                _read_r
 .text.__ascii_wctomb
                0x00000000080087fc       0x1a c:/st/stm32cubeide_1.0.2/stm32cubeide/plugins/com.st.stm32cube.ide.mcu.externaltools.gnu-tools-for-stm32.9-2020-q2-update.win32_1.5.0.202011040924/tools/bin/../lib/gcc/arm-none-eabi/9.3.1/../../../../arm-none-eabi/lib/thumb/v7e-m+fp/hard\libc_nano.a(lib_a-wctomb_r.o)
                0x00000000080087fc                __ascii_wctomb
 .text.abort    0x0000000008008816        0xe c:/st/stm32cubeide_1.0.2/stm32cubeide/plugins/com.st.stm32cube.ide.mcu.externaltools.gnu-tools-for-stm32.9-2020-q2-update.win32_1.5.0.202011040924/tools/bin/../lib/gcc/arm-none-eabi/9.3.1/../../../../arm-none-eabi/lib/thumb/v7e-m+fp/hard\libc_nano.a(lib_a-abort.o)
                0x0000000008008816                abort
 .text._raise_r
                0x0000000008008824       0x50 c:/st/stm32cubeide_1.0.2/stm32cubeide/plugins/com.st.stm32cube.ide.mcu.externaltools.gnu-tools-for-stm32.9-2020-q2-update.win32_1.5.0.202011040924/tools/bin/../lib/gcc/arm-none-eabi/9.3.1/../../../../arm-none-eabi/lib/thumb/v7e-m+fp/hard\libc_nano.a(lib_a-signal.o)
                0x0000000008008824                _raise_r
 .text.raise    0x0000000008008874       0x10 c:/st/stm32cubeide_1.0.2/stm32cubeide/plugins/com.st.stm32cube.ide.mcu.externaltools.gnu-tools-for-stm32.9-2020-q2-update.win32_1.5.0.202011040924/tools/bin/../lib/gcc/arm-none-eabi/9.3.1/../../../../arm-none-eabi/lib/thumb/v7e-m+fp/hard\libc_nano.a(lib_a-signal.o)
                0x0000000008008874                raise
 .text._kill_r  0x0000000008008884       0x24 c:/st/stm32cubeide_1.0.2/stm32cubeide/plugins/com.st.stm32cube.ide.mcu.externaltools.gnu-tools-for-stm32.9-2020-q2-update.win32_1.5.0.202011040924/tools/bin/../lib/gcc/arm-none-eabi/9.3.1/../../../../arm-none-eabi/lib/thumb/v7e-m+fp/hard\libc_nano.a(lib_a-signalr.o)
                0x0000000008008884                _kill_r
 .text._getpid_r
                0x00000000080088a8        0x4 c:/st/stm32cubeide_1.0.2/stm32cubeide/plugins/com.st.stm32cube.ide.mcu.externaltools.gnu-tools-for-stm32.9-2020-q2-update.win32_1.5.0.202011040924/tools/bin/../lib/gcc/arm-none-eabi/9.3.1/../../../../arm-none-eabi/lib/thumb/v7e-m+fp/hard\libc_nano.a(lib_a-signalr.o)
                0x00000000080088a8                _getpid_r
 *(.glue_7)
 .glue_7        0x00000000080088ac        0x0 linker stubs
 *(.glue_7t)
 .glue_7t       0x00000000080088ac        0x0 linker stubs
 *(.eh_frame)
 .eh_frame      0x00000000080088ac        0x0 c:/st/stm32cubeide_1.0.2/stm32cubeide/plugins/com.st.stm32cube.ide.mcu.externaltools.gnu-tools-for-stm32.9-2020-q2-update.win32_1.5.0.202011040924/tools/bin/../lib/gcc/arm-none-eabi/9.3.1/thumb/v7e-m+fp/hard/crtbegin.o
 *(.init)
 .init          0x00000000080088ac        0x4 c:/st/stm32cubeide_1.0.2/stm32cubeide/plugins/com.st.stm32cube.ide.mcu.externaltools.gnu-tools-for-stm32.9-2020-q2-update.win32_1.5.0.202011040924/tools/bin/../lib/gcc/arm-none-eabi/9.3.1/thumb/v7e-m+fp/hard/crti.o
                0x00000000080088ac                _init
 .init          0x00000000080088b0        0x8 c:/st/stm32cubeide_1.0.2/stm32cubeide/plugins/com.st.stm32cube.ide.mcu.externaltools.gnu-tools-for-stm32.9-2020-q2-update.win32_1.5.0.202011040924/tools/bin/../lib/gcc/arm-none-eabi/9.3.1/thumb/v7e-m+fp/hard/crtn.o
 *(.fini)
 .fini          0x00000000080088b8        0x4 c:/st/stm32cubeide_1.0.2/stm32cubeide/plugins/com.st.stm32cube.ide.mcu.externaltools.gnu-tools-for-stm32.9-2020-q2-update.win32_1.5.0.202011040924/tools/bin/../lib/gcc/arm-none-eabi/9.3.1/thumb/v7e-m+fp/hard/crti.o
                0x00000000080088b8                _fini
 .fini          0x00000000080088bc        0x8 c:/st/stm32cubeide_1.0.2/stm32cubeide/plugins/com.st.stm32cube.ide.mcu.externaltools.gnu-tools-for-stm32.9-2020-q2-update.win32_1.5.0.202011040924/tools/bin/../lib/gcc/arm-none-eabi/9.3.1/thumb/v7e-m+fp/hard/crtn.o
                0x00000000080088c4                . = ALIGN (0x4)
                0x00000000080088c4                _etext = .

.vfp11_veneer   0x00000000080088c4        0x0
 .vfp11_veneer  0x00000000080088c4        0x0 linker stubs

.v4_bx          0x00000000080088c4        0x0
 .v4_bx         0x00000000080088c4        0x0 linker stubs

.iplt           0x00000000080088c4        0x0
 .iplt          0x00000000080088c4        0x0 c:/st/stm32cubeide_1.0.2/stm32cubeide/plugins/com.st.stm32cube.ide.mcu.externaltools.gnu-tools-for-stm32.9-2020-q2-update.win32_1.5.0.202011040924/tools/bin/../lib/gcc/arm-none-eabi/9.3.1/thumb/v7e-m+fp/hard/crtbegin.o

.rodata         0x00000000080088c8      0x46c
                0x00000000080088c8                . = ALIGN (0x4)
 *(.rodata)
 .rodata        0x00000000080088c8       0x28 Core/Src/Hardware/ICM20689.o
 .rodata        0x00000000080088f0       0x16 Core/Src/main.o
 *(.rodata*)
 *fill*         0x0000000008008906        0x2 
 .rodata.STREAM_OFFSET_TAB
                0x0000000008008908        0x8 Core/Src/Hardware/wall_sensor.o
 .rodata.STREAM_OFFSET_TAB
                0x0000000008008910        0x8 Core/Src/adc.o
 .rodata.AHBPrescTable
                0x0000000008008918       0x10 Core/Src/system_stm32f4xx.o
                0x0000000008008918                AHBPrescTable
 .rodata.APBPrescTable
                0x0000000008008928        0x8 Core/Src/system_stm32f4xx.o
                0x0000000008008928                APBPrescTable
 .rodata.OFFSET_TAB_CCMRx
                0x0000000008008930        0x7 Core/Src/tim.o
 *fill*         0x0000000008008937        0x1 
 .rodata.SHIFT_TAB_OCxx
                0x0000000008008938        0x7 Core/Src/tim.o
 *fill*         0x000000000800893f        0x1 
 .rodata.SHIFT_TAB_ICxx
                0x0000000008008940        0x7 Core/Src/tim.o
 *fill*         0x0000000008008947        0x1 
 .rodata.SHIFT_TAB_CCxP
                0x0000000008008948        0x7 Core/Src/tim.o
 *fill*         0x000000000800894f        0x1 
 .rodata._global_impure_ptr
                0x0000000008008950        0x4 c:/st/stm32cubeide_1.0.2/stm32cubeide/plugins/com.st.stm32cube.ide.mcu.externaltools.gnu-tools-for-stm32.9-2020-q2-update.win32_1.5.0.202011040924/tools/bin/../lib/gcc/arm-none-eabi/9.3.1/../../../../arm-none-eabi/lib/thumb/v7e-m+fp/hard\libc_nano.a(lib_a-impure.o)
                0x0000000008008950                _global_impure_ptr
 .rodata._printf_float.str1.1
                0x0000000008008954       0x12 c:/st/stm32cubeide_1.0.2/stm32cubeide/plugins/com.st.stm32cube.ide.mcu.externaltools.gnu-tools-for-stm32.9-2020-q2-update.win32_1.5.0.202011040924/tools/bin/../lib/gcc/arm-none-eabi/9.3.1/../../../../arm-none-eabi/lib/thumb/v7e-m+fp/hard\libc_nano.a(lib_a-nano-vfprintf_float.o)
 .rodata._printf_i.str1.1
                0x0000000008008966       0x22 c:/st/stm32cubeide_1.0.2/stm32cubeide/plugins/com.st.stm32cube.ide.mcu.externaltools.gnu-tools-for-stm32.9-2020-q2-update.win32_1.5.0.202011040924/tools/bin/../lib/gcc/arm-none-eabi/9.3.1/../../../../arm-none-eabi/lib/thumb/v7e-m+fp/hard\libc_nano.a(lib_a-nano-vfprintf_i.o)
 .rodata._dtoa_r.str1.1
                0x0000000008008988       0x94 c:/st/stm32cubeide_1.0.2/stm32cubeide/plugins/com.st.stm32cube.ide.mcu.externaltools.gnu-tools-for-stm32.9-2020-q2-update.win32_1.5.0.202011040924/tools/bin/../lib/gcc/arm-none-eabi/9.3.1/../../../../arm-none-eabi/lib/thumb/v7e-m+fp/hard\libc_nano.a(lib_a-dtoa.o)
                                         0x96 (size before relaxing)
 .rodata.__sf_fake_stderr
                0x0000000008008a1c       0x20 c:/st/stm32cubeide_1.0.2/stm32cubeide/plugins/com.st.stm32cube.ide.mcu.externaltools.gnu-tools-for-stm32.9-2020-q2-update.win32_1.5.0.202011040924/tools/bin/../lib/gcc/arm-none-eabi/9.3.1/../../../../arm-none-eabi/lib/thumb/v7e-m+fp/hard\libc_nano.a(lib_a-findfp.o)
                0x0000000008008a1c                __sf_fake_stderr
 .rodata.__sf_fake_stdin
                0x0000000008008a3c       0x20 c:/st/stm32cubeide_1.0.2/stm32cubeide/plugins/com.st.stm32cube.ide.mcu.externaltools.gnu-tools-for-stm32.9-2020-q2-update.win32_1.5.0.202011040924/tools/bin/../lib/gcc/arm-none-eabi/9.3.1/../../../../arm-none-eabi/lib/thumb/v7e-m+fp/hard\libc_nano.a(lib_a-findfp.o)
                0x0000000008008a3c                __sf_fake_stdin
 .rodata.__sf_fake_stdout
                0x0000000008008a5c       0x20 c:/st/stm32cubeide_1.0.2/stm32cubeide/plugins/com.st.stm32cube.ide.mcu.externaltools.gnu-tools-for-stm32.9-2020-q2-update.win32_1.5.0.202011040924/tools/bin/../lib/gcc/arm-none-eabi/9.3.1/../../../../arm-none-eabi/lib/thumb/v7e-m+fp/hard\libc_nano.a(lib_a-findfp.o)
                0x0000000008008a5c                __sf_fake_stdout
 .rodata._Balloc.str1.1
                0x0000000008008a7c       0x60 c:/st/stm32cubeide_1.0.2/stm32cubeide/plugins/com.st.stm32cube.ide.mcu.externaltools.gnu-tools-for-stm32.9-2020-q2-update.win32_1.5.0.202011040924/tools/bin/../lib/gcc/arm-none-eabi/9.3.1/../../../../arm-none-eabi/lib/thumb/v7e-m+fp/hard\libc_nano.a(lib_a-mprec.o)
                                         0x77 (size before relaxing)
 .rodata.__multadd.str1.1
                0x0000000008008adc       0x11 c:/st/stm32cubeide_1.0.2/stm32cubeide/plugins/com.st.stm32cube.ide.mcu.externaltools.gnu-tools-for-stm32.9-2020-q2-update.win32_1.5.0.202011040924/tools/bin/../lib/gcc/arm-none-eabi/9.3.1/../../../../arm-none-eabi/lib/thumb/v7e-m+fp/hard\libc_nano.a(lib_a-mprec.o)
 *fill*         0x0000000008008adc        0x4 
 .rodata.__mprec_bigtens
                0x0000000008008ae0       0x28 c:/st/stm32cubeide_1.0.2/stm32cubeide/plugins/com.st.stm32cube.ide.mcu.externaltools.gnu-tools-for-stm32.9-2020-q2-update.win32_1.5.0.202011040924/tools/bin/../lib/gcc/arm-none-eabi/9.3.1/../../../../arm-none-eabi/lib/thumb/v7e-m+fp/hard\libc_nano.a(lib_a-mprec.o)
                0x0000000008008ae0                __mprec_bigtens
 .rodata.__mprec_tens
                0x0000000008008b08       0xc8 c:/st/stm32cubeide_1.0.2/stm32cubeide/plugins/com.st.stm32cube.ide.mcu.externaltools.gnu-tools-for-stm32.9-2020-q2-update.win32_1.5.0.202011040924/tools/bin/../lib/gcc/arm-none-eabi/9.3.1/../../../../arm-none-eabi/lib/thumb/v7e-m+fp/hard\libc_nano.a(lib_a-mprec.o)
                0x0000000008008b08                __mprec_tens
 .rodata.p05.7513
                0x0000000008008bd0        0xc c:/st/stm32cubeide_1.0.2/stm32cubeide/plugins/com.st.stm32cube.ide.mcu.externaltools.gnu-tools-for-stm32.9-2020-q2-update.win32_1.5.0.202011040924/tools/bin/../lib/gcc/arm-none-eabi/9.3.1/../../../../arm-none-eabi/lib/thumb/v7e-m+fp/hard\libc_nano.a(lib_a-mprec.o)
 .rodata._vfprintf_r.str1.1
                0x0000000008008bdc       0x11 c:/st/stm32cubeide_1.0.2/stm32cubeide/plugins/com.st.stm32cube.ide.mcu.externaltools.gnu-tools-for-stm32.9-2020-q2-update.win32_1.5.0.202011040924/tools/bin/../lib/gcc/arm-none-eabi/9.3.1/../../../../arm-none-eabi/lib/thumb/v7e-m+fp/hard\libc_nano.a(lib_a-nano-vfprintf.o)
 .rodata.__assert_func.str1.1
                0x0000000008008bed       0x3c c:/st/stm32cubeide_1.0.2/stm32cubeide/plugins/com.st.stm32cube.ide.mcu.externaltools.gnu-tools-for-stm32.9-2020-q2-update.win32_1.5.0.202011040924/tools/bin/../lib/gcc/arm-none-eabi/9.3.1/../../../../arm-none-eabi/lib/thumb/v7e-m+fp/hard\libc_nano.a(lib_a-assert.o)
                                         0x3d (size before relaxing)
 .rodata._setlocale_r.str1.1
                0x0000000008008c29        0x8 c:/st/stm32cubeide_1.0.2/stm32cubeide/plugins/com.st.stm32cube.ide.mcu.externaltools.gnu-tools-for-stm32.9-2020-q2-update.win32_1.5.0.202011040924/tools/bin/../lib/gcc/arm-none-eabi/9.3.1/../../../../arm-none-eabi/lib/thumb/v7e-m+fp/hard\libc_nano.a(lib_a-locale.o)
                                          0x9 (size before relaxing)
 .rodata.str1.1
                0x0000000008008c31        0x2 c:/st/stm32cubeide_1.0.2/stm32cubeide/plugins/com.st.stm32cube.ide.mcu.externaltools.gnu-tools-for-stm32.9-2020-q2-update.win32_1.5.0.202011040924/tools/bin/../lib/gcc/arm-none-eabi/9.3.1/../../../../arm-none-eabi/lib/thumb/v7e-m+fp/hard\libc_nano.a(lib_a-locale.o)
 .rodata._ctype_
                0x0000000008008c33      0x101 c:/st/stm32cubeide_1.0.2/stm32cubeide/plugins/com.st.stm32cube.ide.mcu.externaltools.gnu-tools-for-stm32.9-2020-q2-update.win32_1.5.0.202011040924/tools/bin/../lib/gcc/arm-none-eabi/9.3.1/../../../../arm-none-eabi/lib/thumb/v7e-m+fp/hard\libc_nano.a(lib_a-ctype_.o)
                0x0000000008008c33                _ctype_
                0x0000000008008d34                . = ALIGN (0x4)

.ARM.extab      0x0000000008008d34        0x0
                0x0000000008008d34                . = ALIGN (0x4)
 *(.ARM.extab* .gnu.linkonce.armextab.*)
                0x0000000008008d34                . = ALIGN (0x4)

.ARM            0x0000000008008d34        0x8
                0x0000000008008d34                . = ALIGN (0x4)
                0x0000000008008d34                __exidx_start = .
 *(.ARM.exidx*)
 .ARM.exidx     0x0000000008008d34        0x8 c:/st/stm32cubeide_1.0.2/stm32cubeide/plugins/com.st.stm32cube.ide.mcu.externaltools.gnu-tools-for-stm32.9-2020-q2-update.win32_1.5.0.202011040924/tools/bin/../lib/gcc/arm-none-eabi/9.3.1/thumb/v7e-m+fp/hard\libgcc.a(_udivmoddi4.o)
                0x0000000008008d3c                __exidx_end = .
                0x0000000008008d3c                . = ALIGN (0x4)

.rel.dyn        0x0000000008008d3c        0x0
 .rel.iplt      0x0000000008008d3c        0x0 c:/st/stm32cubeide_1.0.2/stm32cubeide/plugins/com.st.stm32cube.ide.mcu.externaltools.gnu-tools-for-stm32.9-2020-q2-update.win32_1.5.0.202011040924/tools/bin/../lib/gcc/arm-none-eabi/9.3.1/thumb/v7e-m+fp/hard/crtbegin.o

.preinit_array  0x0000000008008d3c        0x0
                0x0000000008008d3c                . = ALIGN (0x4)
                0x0000000008008d3c                PROVIDE (__preinit_array_start = .)
 *(.preinit_array*)
                0x0000000008008d3c                PROVIDE (__preinit_array_end = .)
                0x0000000008008d3c                . = ALIGN (0x4)

.init_array     0x0000000008008d3c        0x4
                0x0000000008008d3c                . = ALIGN (0x4)
                0x0000000008008d3c                PROVIDE (__init_array_start = .)
 *(SORT_BY_NAME(.init_array.*))
 *(.init_array*)
 .init_array    0x0000000008008d3c        0x4 c:/st/stm32cubeide_1.0.2/stm32cubeide/plugins/com.st.stm32cube.ide.mcu.externaltools.gnu-tools-for-stm32.9-2020-q2-update.win32_1.5.0.202011040924/tools/bin/../lib/gcc/arm-none-eabi/9.3.1/thumb/v7e-m+fp/hard/crtbegin.o
                0x0000000008008d40                PROVIDE (__init_array_end = .)
                0x0000000008008d40                . = ALIGN (0x4)

.fini_array     0x0000000008008d40        0x4
                0x0000000008008d40                . = ALIGN (0x4)
                [!provide]                        PROVIDE (__fini_array_start = .)
 *(SORT_BY_NAME(.fini_array.*))
 *(.fini_array*)
 .fini_array    0x0000000008008d40        0x4 c:/st/stm32cubeide_1.0.2/stm32cubeide/plugins/com.st.stm32cube.ide.mcu.externaltools.gnu-tools-for-stm32.9-2020-q2-update.win32_1.5.0.202011040924/tools/bin/../lib/gcc/arm-none-eabi/9.3.1/thumb/v7e-m+fp/hard/crtbegin.o
                [!provide]                        PROVIDE (__fini_array_end = .)
                0x0000000008008d44                . = ALIGN (0x4)
                0x0000000008008d44                _sidata = LOADADDR (.data)

.data           0x0000000020000000      0x1d4 load address 0x0000000008008d44
                0x0000000020000000                . = ALIGN (0x4)
                0x0000000020000000                _sdata = .
 *(.data)
 *(.data*)
 .data.SystemCoreClock
                0x0000000020000000        0x4 Core/Src/system_stm32f4xx.o
                0x0000000020000000                SystemCoreClock
 .data._impure_ptr
                0x0000000020000004        0x4 c:/st/stm32cubeide_1.0.2/stm32cubeide/plugins/com.st.stm32cube.ide.mcu.externaltools.gnu-tools-for-stm32.9-2020-q2-update.win32_1.5.0.202011040924/tools/bin/../lib/gcc/arm-none-eabi/9.3.1/../../../../arm-none-eabi/lib/thumb/v7e-m+fp/hard\libc_nano.a(lib_a-impure.o)
                0x0000000020000004                _impure_ptr
 .data.impure_data
                0x0000000020000008       0x60 c:/st/stm32cubeide_1.0.2/stm32cubeide/plugins/com.st.stm32cube.ide.mcu.externaltools.gnu-tools-for-stm32.9-2020-q2-update.win32_1.5.0.202011040924/tools/bin/../lib/gcc/arm-none-eabi/9.3.1/../../../../arm-none-eabi/lib/thumb/v7e-m+fp/hard\libc_nano.a(lib_a-impure.o)
 .data.__global_locale
                0x0000000020000068      0x16c c:/st/stm32cubeide_1.0.2/stm32cubeide/plugins/com.st.stm32cube.ide.mcu.externaltools.gnu-tools-for-stm32.9-2020-q2-update.win32_1.5.0.202011040924/tools/bin/../lib/gcc/arm-none-eabi/9.3.1/../../../../arm-none-eabi/lib/thumb/v7e-m+fp/hard\libc_nano.a(lib_a-locale.o)
                0x0000000020000068                __global_locale
 *(.RamFunc)
 *(.RamFunc*)
                0x00000000200001d4                . = ALIGN (0x4)
                0x00000000200001d4                _edata = .

.igot.plt       0x00000000200001d4        0x0 load address 0x0000000008008f18
 .igot.plt      0x00000000200001d4        0x0 c:/st/stm32cubeide_1.0.2/stm32cubeide/plugins/com.st.stm32cube.ide.mcu.externaltools.gnu-tools-for-stm32.9-2020-q2-update.win32_1.5.0.202011040924/tools/bin/../lib/gcc/arm-none-eabi/9.3.1/thumb/v7e-m+fp/hard/crtbegin.o
                0x00000000200001d4                . = ALIGN (0x4)

.bss            0x00000000200001d4      0x198 load address 0x0000000008008f18