Archive member included to satisfy reference by file (symbol)

c:/st/stm32cubeide_1.0.2/stm32cubeide/plugins/com.st.stm32cube.ide.mcu.externaltools.gnu-tools-for-stm32.9-2020-q2-update.win32_1.5.0.202011040924/tools/bin/../lib/gcc/arm-none-eabi/9.3.1/../../../../arm-none-eabi/lib/thumb/v7e-m+fp/hard\libc_nano.a(lib_a-errno.o)
                              Core/Src/syscalls.o (__errno)
c:/st/stm32cubeide_1.0.2/stm32cubeide/plugins/com.st.stm32cube.ide.mcu.externaltools.gnu-tools-for-stm32.9-2020-q2-update.win32_1.5.0.202011040924/tools/bin/../lib/gcc/arm-none-eabi/9.3.1/../../../../arm-none-eabi/lib/thumb/v7e-m+fp/hard\libc_nano.a(lib_a-exit.o)
                              c:/st/stm32cubeide_1.0.2/stm32cubeide/plugins/com.st.stm32cube.ide.mcu.externaltools.gnu-tools-for-stm32.9-2020-q2-update.win32_1.5.0.202011040924/tools/bin/../lib/gcc/arm-none-eabi/9.3.1/../../../../arm-none-eabi/lib/thumb/v7e-m+fp/hard/crt0.o (exit)
c:/st/stm32cubeide_1.0.2/stm32cubeide/plugins/com.st.stm32cube.ide.mcu.externaltools.gnu-tools-for-stm32.9-2020-q2-update.win32_1.5.0.202011040924/tools/bin/../lib/gcc/arm-none-eabi/9.3.1/../../../../arm-none-eabi/lib/thumb/v7e-m+fp/hard\libc_nano.a(lib_a-impure.o)
                              c:/st/stm32cubeide_1.0.2/stm32cubeide/plugins/com.st.stm32cube.ide.mcu.externaltools.gnu-tools-for-stm32.9-2020-q2-update.win32_1.5.0.202011040924/tools/bin/../lib/gcc/arm-none-eabi/9.3.1/../../../../arm-none-eabi/lib/thumb/v7e-m+fp/hard\libc_nano.a(lib_a-exit.o) (_global_impure_ptr)
c:/st/stm32cubeide_1.0.2/stm32cubeide/plugins/com.st.stm32cube.ide.mcu.externaltools.gnu-tools-for-stm32.9-2020-q2-update.win32_1.5.0.202011040924/tools/bin/../lib/gcc/arm-none-eabi/9.3.1/../../../../arm-none-eabi/lib/thumb/v7e-m+fp/hard\libc_nano.a(lib_a-init.o)
                              c:/st/stm32cubeide_1.0.2/stm32cubeide/plugins/com.st.stm32cube.ide.mcu.externaltools.gnu-tools-for-stm32.9-2020-q2-update.win32_1.5.0.202011040924/tools/bin/../lib/gcc/arm-none-eabi/9.3.1/../../../../arm-none-eabi/lib/thumb/v7e-m+fp/hard/crt0.o (__libc_init_array)
c:/st/stm32cubeide_1.0.2/stm32cubeide/plugins/com.st.stm32cube.ide.mcu.externaltools.gnu-tools-for-stm32.9-2020-q2-update.win32_1.5.0.202011040924/tools/bin/../lib/gcc/arm-none-eabi/9.3.1/../../../../arm-none-eabi/lib/thumb/v7e-m+fp/hard\libc_nano.a(lib_a-memset.o)
                              c:/st/stm32cubeide_1.0.2/stm32cubeide/plugins/com.st.stm32cube.ide.mcu.externaltools.gnu-tools-for-stm32.9-2020-q2-update.win32_1.5.0.202011040924/tools/bin/../lib/gcc/arm-none-eabi/9.3.1/../../../../arm-none-eabi/lib/thumb/v7e-m+fp/hard/crt0.o (memset)
c:/st/stm32cubeide_1.0.2/stm32cubeide/plugins/com.st.stm32cube.ide.mcu.externaltools.gnu-tools-for-stm32.9-2020-q2-update.win32_1.5.0.202011040924/tools/bin/../lib/gcc/arm-none-eabi/9.3.1/../../../../arm-none-eabi/lib/thumb/v7e-m+fp/hard\libc_nano.a(lib_a-nano-vfprintf_float.o)
                              (_printf_float)
c:/st/stm32cubeide_1.0.2/stm32cubeide/plugins/com.st.stm32cube.ide.mcu.externaltools.gnu-tools-for-stm32.9-2020-q2-update.win32_1.5.0.202011040924/tools/bin/../lib/gcc/arm-none-eabi/9.3.1/../../../../arm-none-eabi/lib/thumb/v7e-m+fp/hard\libc_nano.a(lib_a-nano-vfprintf_i.o)
                              c:/st/stm32cubeide_1.0.2/stm32cubeide/plugins/com.st.stm32cube.ide.mcu.externaltools.gnu-tools-for-stm32.9-2020-q2-update.win32_1.5.0.202011040924/tools/bin/../lib/gcc/arm-none-eabi/9.3.1/../../../../arm-none-eabi/lib/thumb/v7e-m+fp/hard\libc_nano.a(lib_a-nano-vfprintf_float.o) (_printf_common)
c:/st/stm32cubeide_1.0.2/stm32cubeide/plugins/com.st.stm32cube.ide.mcu.externaltools.gnu-tools-for-stm32.9-2020-q2-update.win32_1.5.0.202011040924/tools/bin/../lib/gcc/arm-none-eabi/9.3.1/../../../../arm-none-eabi/lib/thumb/v7e-m+fp/hard\libc_nano.a(lib_a-printf.o)
                              Core/Src/Controller/mode.o (printf)
c:/st/stm32cubeide_1.0.2/stm32cubeide/plugins/com.st.stm32cube.ide.mcu.externaltools.gnu-tools-for-stm32.9-2020-q2-update.win32_1.5.0.202011040924/tools/bin/../lib/gcc/arm-none-eabi/9.3.1/../../../../arm-none-eabi/lib/thumb/v7e-m+fp/hard\libc_nano.a(lib_a-putchar.o)
                              Core/Src/System/map.o (putchar)
c:/st/stm32cubeide_1.0.2/stm32cubeide/plugins/com.st.stm32cube.ide.mcu.externaltools.gnu-tools-for-stm32.9-2020-q2-update.win32_1.5.0.202011040924/tools/bin/../lib/gcc/arm-none-eabi/9.3.1/../../../../arm-none-eabi/lib/thumb/v7e-m+fp/hard\libc_nano.a(lib_a-puts.o)
                              Core/Src/Controller/mode.o (puts)
c:/st/stm32cubeide_1.0.2/stm32cubeide/plugins/com.st.stm32cube.ide.mcu.externaltools.gnu-tools-for-stm32.9-2020-q2-update.win32_1.5.0.202011040924/tools/bin/../lib/gcc/arm-none-eabi/9.3.1/../../../../arm-none-eabi/lib/thumb/v7e-m+fp/hard\libc_nano.a(lib_a-setbuf.o)
                              Core/Src/main.o (setbuf)
[...]
Memory Configuration

Name             Origin             Length             Attributes
CCMRAM           0x0000000010000000 0x0000000000010000 xrw
RAM              0x0000000020000000 0x0000000000020000 xrw
FLASH            0x0000000008000000 0x0000000000100000 xr
*default*        0x0000000000000000 0xffffffffffffffff

Linker script and memory map

LOAD c:/st/stm32cubeide_1.0.2/stm32cubeide/plugins/com.st.stm32cube.ide.mcu.externaltools.gnu-tools-for-stm32.9-2020-q2-update.win32_1.5.0.202011040924/tools/bin/../lib/gcc/arm-none-eabi/9.3.1/thumb/v7e-m+fp/hard/crti.o
LOAD c:/st/stm32cubeide_1.0.2/stm32cubeide/plugins/com.st.stm32cube.ide.mcu.externaltools.gnu-tools-for-stm32.9-2020-q2-update.win32_1.5.0.202011040924/tools/bin/../lib/gcc/arm-none-eabi/9.3.1/thumb/v7e-m+fp/hard/crtbegin.o
LOAD c:/st/stm32cubeide_1.0.2/stm32cubeide/plugins/com.st.stm32cube.ide.mcu.externaltools.gnu-tools-for-stm32.9-2020-q2-update.win32_1.5.0.202011040924/tools/bin/../lib/gcc/arm-none-eabi/9.3.1/../../../../arm-none-eabi/lib/thumb/v7e-m+fp/hard/crt0.o
LOAD Core/Src/Controller/callback.o
LOAD Core/Src/Controller/mode.o
LOAD Core/Src/Controller/search.o
LOAD Core/Src/Controller/state.o
LOAD Core/Src/Controller/test.o
LOAD Core/Src/Hardware/ICM20689.o
LOAD Core/Src/Hardware/basic_timer.o
LOAD Core/Src/Hardware/battery.o
LOAD Core/Src/Hardware/buzzer.o
LOAD Core/Src/Hardware/encoder.o
LOAD Core/Src/Hardware/flash.o
LOAD Core/Src/Hardware/interface_LED.o
LOAD Core/Src/Hardware/motor.o
LOAD Core/Src/Hardware/wall_sensor.o
LOAD Core/Src/System/flags.o
LOAD Core/Src/System/log.o
LOAD Core/Src/System/map.o
LOAD Core/Src/System/motion.o
LOAD Core/Src/System/music.o
LOAD Core/Src/System/route.o
LOAD Core/Src/System/sensing.o
LOAD Core/Src/adc.o
LOAD Core/Src/dma.o
LOAD Core/Src/gpio.o
LOAD Core/Src/main.o
LOAD Core/Src/spi.o
LOAD Core/Src/stm32f4xx_it.o
LOAD Core/Src/syscalls.o
LOAD Core/Src/sysmem.o
LOAD Core/Src/system_stm32f4xx.o
LOAD Core/Src/tim.o
LOAD Core/Src/usart.o
LOAD Core/Startup/startup_stm32f405rgtx.o
LOAD Drivers/STM32F4xx_HAL_Driver/Src/stm32f4xx_ll_adc.o
LOAD Drivers/STM32F4xx_HAL_Driver/Src/stm32f4xx_ll_dma.o
LOAD Drivers/STM32F4xx_HAL_Driver/Src/stm32f4xx_ll_exti.o
LOAD Drivers/STM32F4xx_HAL_Driver/Src/stm32f4xx_ll_gpio.o
LOAD Drivers/STM32F4xx_HAL_Driver/Src/stm32f4xx_ll_rcc.o
LOAD Drivers/STM32F4xx_HAL_Driver/Src/stm32f4xx_ll_spi.o
LOAD Drivers/STM32F4xx_HAL_Driver/Src/stm32f4xx_ll_tim.o
LOAD Drivers/STM32F4xx_HAL_Driver/Src/stm32f4xx_ll_usart.o
LOAD Drivers/STM32F4xx_HAL_Driver/Src/stm32f4xx_ll_utils.o
START GROUP
LOAD c:/st/stm32cubeide_1.0.2/stm32cubeide/plugins/com.st.stm32cube.ide.mcu.externaltools.gnu-tools-for-stm32.9-2020-q2-update.win32_1.5.0.202011040924/tools/bin/../lib/gcc/arm-none-eabi/9.3.1/../../../../arm-none-eabi/lib/thumb/v7e-m+fp/hard\libc_nano.a
LOAD c:/st/stm32cubeide_1.0.2/stm32cubeide/plugins/com.st.stm32cube.ide.mcu.externaltools.gnu-tools-for-stm32.9-2020-q2-update.win32_1.5.0.202011040924/tools/bin/../lib/gcc/arm-none-eabi/9.3.1/../../../../arm-none-eabi/lib/thumb/v7e-m+fp/hard\libm.a
END GROUP
START GROUP
LOAD c:/st/stm32cubeide_1.0.2/stm32cubeide/plugins/com.st.stm32cube.ide.mcu.externaltools.gnu-tools-for-stm32.9-2020-q2-update.win32_1.5.0.202011040924/tools/bin/../lib/gcc/arm-none-eabi/9.3.1/thumb/v7e-m+fp/hard\libgcc.a
LOAD c:/st/stm32cubeide_1.0.2/stm32cubeide/plugins/com.st.stm32cube.ide.mcu.externaltools.gnu-tools-for-stm32.9-2020-q2-update.win32_1.5.0.202011040924/tools/bin/../lib/gcc/arm-none-eabi/9.3.1/../../../../arm-none-eabi/lib/thumb/v7e-m+fp/hard\libc_nano.a
END GROUP
START GROUP
LOAD c:/st/stm32cubeide_1.0.2/stm32cubeide/plugins/com.st.stm32cube.ide.mcu.externaltools.gnu-tools-for-stm32.9-2020-q2-update.win32_1.5.0.202011040924/tools/bin/../lib/gcc/arm-none-eabi/9.3.1/thumb/v7e-m+fp/hard\libgcc.a
LOAD c:/st/stm32cubeide_1.0.2/stm32cubeide/plugins/com.st.stm32cube.ide.mcu.externaltools.gnu-tools-for-stm32.9-2020-q2-update.win32_1.5.0.202011040924/tools/bin/../lib/gcc/arm-none-eabi/9.3.1/../../../../arm-none-eabi/lib/thumb/v7e-m+fp/hard\libc_nano.a
LOAD c:/st/stm32cubeide_1.0.2/stm32cubeide/plugins/com.st.stm32cube.ide.mcu.externaltools.gnu-tools-for-stm32.9-2020-q2-update.win32_1.5.0.202011040924/tools/bin/../lib/gcc/arm-none-eabi/9.3.1/../../../../arm-none-eabi/lib/thumb/v7e-m+fp/hard\libnosys.a
END GROUP
START GROUP
LOAD c:/st/stm32cubeide_1.0.2/stm32cubeide/plugins/com.st.stm32cube.ide.mcu.externaltools.gnu-tools-for-stm32.9-2020-q2-update.win32_1.5.0.202011040924/tools/bin/../lib/gcc/arm-none-eabi/9.3.1/thumb/v7e-m+fp/hard\libgcc.a
LOAD c:/st/stm32cubeide_1.0.2/stm32cubeide/plugins/com.st.stm32cube.ide.mcu.externaltools.gnu-tools-for-stm32.9-2020-q2-update.win32_1.5.0.202011040924/tools/bin/../lib/gcc/arm-none-eabi/9.3.1/../../../../arm-none-eabi/lib/thumb/v7e-m+fp/hard\libc_nano.a
LOAD c:/st/stm32cubeide_1.0.2/stm32cubeide/plugins/com.st.stm32cube.ide.mcu.externaltools.gnu-tools-for-stm32.9-2020-q2-update.win32_1.5.0.202011040924/tools/bin/../lib/gcc/arm-none-eabi/9.3.1/../../../../arm-none-eabi/lib/thumb/v7e-m+fp/hard\libnosys.a
END GROUP
LOAD c:/st/stm32cubeide_1.0.2/stm32cubeide/plugins/com.st.stm32cube.ide.mcu.externaltools.gnu-tools-for-stm32.9-2020-q2-update.win32_1.5.0.202011040924/tools/bin/../lib/gcc/arm-none-eabi/9.3.1/thumb/v7e-m+fp/hard/crtend.o
LOAD c:/st/stm32cubeide_1.0.2/stm32cubeide/plugins/com.st.stm32cube.ide.mcu.externaltools.gnu-tools-for-stm32.9-2020-q2-update.win32_1.5.0.202011040924/tools/bin/../lib/gcc/arm-none-eabi/9.3.1/thumb/v7e-m+fp/hard/crtn.o
                0x0000000020020000                _estack = (ORIGIN (RAM) + LENGTH (RAM))
                0x0000000000000200                _Min_Heap_Size = 0x200
                0x0000000000000400                _Min_Stack_Size = 0x400

.isr_vector     0x0000000008000000      0x188
                0x0000000008000000                . = ALIGN (0x4)
 *(.isr_vector)
 .isr_vector    0x0000000008000000      0x188 Core/Startup/startup_stm32f405rgtx.o
                0x0000000008000000                g_pfnVectors
                0x0000000008000188                . = ALIGN (0x4)

.text           0x0000000008000190     0xb55c
                0x0000000008000190                . = ALIGN (0x4)
 *(.text)
 .text          0x0000000008000190       0x40 c:/st/stm32cubeide_1.0.2/stm32cubeide/plugins/com.st.stm32cube.ide.mcu.externaltools.gnu-tools-for-stm32.9-2020-q2-update.win32_1.5.0.202011040924/tools/bin/../lib/gcc/arm-none-eabi/9.3.1/thumb/v7e-m+fp/hard/crtbegin.o
 .text          0x00000000080001d0       0x10 c:/st/stm32cubeide_1.0.2/stm32cubeide/plugins/com.st.stm32cube.ide.mcu.externaltools.gnu-tools-for-stm32.9-2020-q2-update.win32_1.5.0.202011040924/tools/bin/../lib/gcc/arm-none-eabi/9.3.1/../../../../arm-none-eabi/lib/thumb/v7e-m+fp/hard\libc_nano.a(lib_a-strlen.o)
                0x00000000080001d0                strlen
 .text          0x00000000080001e0       0xa0 c:/st/stm32cubeide_1.0.2/stm32cubeide/plugins/com.st.stm32cube.ide.mcu.externaltools.gnu-tools-for-stm32.9-2020-q2-update.win32_1.5.0.202011040924/tools/bin/../lib/gcc/arm-none-eabi/9.3.1/../../../../arm-none-eabi/lib/thumb/v7e-m+fp/hard\libc_nano.a(lib_a-memchr.o)
                0x00000000080001e0                memchr
 .text          0x0000000008000280      0x378 c:/st/stm32cubeide_1.0.2/stm32cubeide/plugins/com.st.stm32cube.ide.mcu.externaltools.gnu-tools-for-stm32.9-2020-q2-update.win32_1.5.0.202011040924/tools/bin/../lib/gcc/arm-none-eabi/9.3.1/thumb/v7e-m+fp/hard\libgcc.a(_arm_addsubdf3.o)
                0x0000000008000280                __aeabi_drsub
                0x0000000008000288                __aeabi_dsub
                0x0000000008000288                __subdf3
                0x000000000800028c                __aeabi_dadd
                0x000000000800028c                __adddf3
                0x0000000008000504                __floatunsidf
                0x0000000008000504                __aeabi_ui2d
                0x0000000008000524                __floatsidf
                0x0000000008000524                __aeabi_i2d
                0x0000000008000548                __aeabi_f2d
                0x0000000008000548                __extendsfdf2
                0x000000000800058c                __floatundidf
                0x000000000800058c                __aeabi_ul2d
                0x000000000800059c                __floatdidf
                0x000000000800059c                __aeabi_l2d
 .text          0x00000000080005f8      0x424 c:/st/stm32cubeide_1.0.2/stm32cubeide/plugins/com.st.stm32cube.ide.mcu.externaltools.gnu-tools-for-stm32.9-2020-q2-update.win32_1.5.0.202011040924/tools/bin/../lib/gcc/arm-none-eabi/9.3.1/thumb/v7e-m+fp/hard\libgcc.a(_arm_muldivdf3.o)
                0x00000000080005f8                __aeabi_dmul
                0x00000000080005f8                __muldf3
                0x000000000800084c                __divdf3
                0x000000000800084c                __aeabi_ddiv
 .text          0x0000000008000a1c      0x110 c:/st/stm32cubeide_1.0.2/stm32cubeide/plugins/com.st.stm32cube.ide.mcu.externaltools.gnu-tools-for-stm32.9-2020-q2-update.win32_1.5.0.202011040924/tools/bin/../lib/gcc/arm-none-eabi/9.3.1/thumb/v7e-m+fp/hard\libgcc.a(_arm_cmpdf2.o)
                0x0000000008000a1c                __gtdf2
                0x0000000008000a1c                __gedf2
                0x0000000008000a24                __ltdf2
                0x0000000008000a24                __ledf2
                0x0000000008000a2c                __nedf2
                0x0000000008000a2c                __eqdf2
                0x0000000008000a2c                __cmpdf2
                0x0000000008000aa8                __aeabi_cdrcmple
                0x0000000008000ab8                __aeabi_cdcmpeq
                0x0000000008000ab8                __aeabi_cdcmple
                0x0000000008000ac8                __aeabi_dcmpeq
                0x0000000008000adc                __aeabi_dcmplt
                0x0000000008000af0                __aeabi_dcmple
                0x0000000008000b04                __aeabi_dcmpge
                0x0000000008000b18                __aeabi_dcmpgt
 .text          0x0000000008000b2c       0x2c c:/st/stm32cubeide_1.0.2/stm32cubeide/plugins/com.st.stm32cube.ide.mcu.externaltools.gnu-tools-for-stm32.9-2020-q2-update.win32_1.5.0.202011040924/tools/bin/../lib/gcc/arm-none-eabi/9.3.1/thumb/v7e-m+fp/hard\libgcc.a(_arm_unorddf2.o)
                0x0000000008000b2c                __unorddf2
                0x0000000008000b2c                __aeabi_dcmpun
 .text          0x0000000008000b58       0x50 c:/st/stm32cubeide_1.0.2/stm32cubeide/plugins/com.st.stm32cube.ide.mcu.externaltools.gnu-tools-for-stm32.9-2020-q2-update.win32_1.5.0.202011040924/tools/bin/../lib/gcc/arm-none-eabi/9.3.1/thumb/v7e-m+fp/hard\libgcc.a(_arm_fixdfsi.o)
                0x0000000008000b58                __aeabi_d2iz
                0x0000000008000b58                __fixdfsi
 .text          0x0000000008000ba8       0xa0 c:/st/stm32cubeide_1.0.2/stm32cubeide/plugins/com.st.stm32cube.ide.mcu.externaltools.gnu-tools-for-stm32.9-2020-q2-update.win32_1.5.0.202011040924/tools/bin/../lib/gcc/arm-none-eabi/9.3.1/thumb/v7e-m+fp/hard\libgcc.a(_arm_truncdfsf2.o)
                0x0000000008000ba8                __truncdfsf2
                0x0000000008000ba8                __aeabi_d2f
 .text          0x0000000008000c48       0x30 c:/st/stm32cubeide_1.0.2/stm32cubeide/plugins/com.st.stm32cube.ide.mcu.externaltools.gnu-tools-for-stm32.9-2020-q2-update.win32_1.5.0.202011040924/tools/bin/../lib/gcc/arm-none-eabi/9.3.1/thumb/v7e-m+fp/hard\libgcc.a(_aeabi_uldivmod.o)
                0x0000000008000c48                __aeabi_uldivmod
 .text          0x0000000008000c78      0x2c4 c:/st/stm32cubeide_1.0.2/stm32cubeide/plugins/com.st.stm32cube.ide.mcu.externaltools.gnu-tools-for-stm32.9-2020-q2-update.win32_1.5.0.202011040924/tools/bin/../lib/gcc/arm-none-eabi/9.3.1/thumb/v7e-m+fp/hard\libgcc.a(_udivmoddi4.o)
                0x0000000008000c78                __udivmoddi4
 .text          0x0000000008000f3c        0x4 c:/st/stm32cubeide_1.0.2/stm32cubeide/plugins/com.st.stm32cube.ide.mcu.externaltools.gnu-tools-for-stm32.9-2020-q2-update.win32_1.5.0.202011040924/tools/bin/../lib/gcc/arm-none-eabi/9.3.1/thumb/v7e-m+fp/hard\libgcc.a(_dvmd_tls.o)
                0x0000000008000f3c                __aeabi_idiv0
                0x0000000008000f3c                __aeabi_ldiv0
 *(.text*)
 .text.callbackTIM
                0x0000000008000f40       0x74 Core/Src/Controller/callback.o
                0x0000000008000f40                callbackTIM
 .text.modeSelect
                0x0000000008000fb4      0x158 Core/Src/Controller/mode.o
                0x0000000008000fb4                modeSelect
 .text.waitStarting
                0x000000000800110c       0x74 Core/Src/Controller/mode.o
                0x000000000800110c                waitStarting
 .text.judgeFailSafe
                0x0000000008001180       0xb8 Core/Src/Controller/mode.o
                0x0000000008001180                judgeFailSafe
 .text.errorFunctions
                0x0000000008001238       0x78 Core/Src/Controller/mode.o
                0x0000000008001238                errorFunctions
 .text.rotateSafteyR180
                0x00000000080012b0       0x3c Core/Src/Controller/search.o
                0x00000000080012b0                rotateSafteyR180
 .text.prepareStateForSearching
                0x00000000080012ec       0x60 Core/Src/Controller/search.o
                0x00000000080012ec                prepareStateForSearching
 .text.searchMazeBySlalom
                0x000000000800134c      0x1f4 Core/Src/Controller/search.o
                0x000000000800134c                searchMazeBySlalom
 .text.CheckGoal
                0x0000000008001540       0xcc Core/Src/Controller/search.o
                0x0000000008001540                CheckGoal
 .text.calculateSensorError
                0x000000000800160c      0x10c Core/Src/Controller/state.o
                0x000000000800160c                calculateSensorError
 .text.calculatePID
                0x0000000008001718      0x118 Core/Src/Controller/state.o
                0x0000000008001718                calculatePID
 .text.calculateTargetVelocity
                0x0000000008001830       0xbc Core/Src/Controller/state.o
                0x0000000008001830                calculateTargetVelocity
 .text.calculateTagetOmega
                0x00000000080018ec       0xbc Core/Src/Controller/state.o
                0x00000000080018ec                calculateTagetOmega
 .text.fixTargetOmegaFromWallSensor
                0x00000000080019a8       0xdc Core/Src/Controller/state.o
                0x00000000080019a8                fixTargetOmegaFromWallSensor
 .text.setStatus
                0x0000000008001a84       0x80 Core/Src/Controller/state.o
                0x0000000008001a84                setStatus
 .text.setParameters
                0x0000000008001b04       0x4e Core/Src/Controller/state.o
                0x0000000008001b04                setParameters
 *fill*         0x0000000008001b52        0x2 
 .text.initMouseStatus
                0x0000000008001b54      0x314 Core/Src/Controller/state.o
                0x0000000008001b54                initMouseStatus
 .text.updateStatus
                0x0000000008001e68      0x2a4 Core/Src/Controller/state.o
                0x0000000008001e68                updateStatus
 .text.prepareForTest
                0x000000000800210c       0x60 Core/Src/Controller/test.o
                0x000000000800210c                prepareForTest
 .text.testWallSensors
                0x000000000800216c       0x60 Core/Src/Controller/test.o
                0x000000000800216c                testWallSensors
 .text.testEncoders
                0x00000000080021cc       0x64 Core/Src/Controller/test.o
                0x00000000080021cc                testEncoders
 .text.testIMU  0x0000000008002230       0x34 Core/Src/Controller/test.o
                0x0000000008002230                testIMU
 .text.testMotions
                0x0000000008002264      0x1c4 Core/Src/Controller/test.o
                0x0000000008002264                testMotions
 .text.LL_SPI_Enable
                0x0000000008002428       0x20 Core/Src/Hardware/ICM20689.o
 .text.LL_SPI_IsEnabled
                0x0000000008002448       0x26 Core/Src/Hardware/ICM20689.o
 .text.LL_SPI_IsActiveFlag_RXNE
                0x000000000800246e       0x26 Core/Src/Hardware/ICM20689.o
 .text.LL_SPI_IsActiveFlag_TXE
                0x0000000008002494       0x26 Core/Src/Hardware/ICM20689.o
 .text.LL_SPI_ReceiveData8
                0x00000000080024ba       0x1a Core/Src/Hardware/ICM20689.o
 .text.LL_SPI_TransmitData8
                0x00000000080024d4       0x24 Core/Src/Hardware/ICM20689.o
 .text.LL_GPIO_SetOutputPin
                0x00000000080024f8       0x1c Core/Src/Hardware/ICM20689.o
 .text.LL_GPIO_ResetOutputPin
                0x0000000008002514       0x1e Core/Src/Hardware/ICM20689.o
 *fill*         0x0000000008002532        0x2 
 .text.SPI_Control
                0x0000000008002534       0x9c Core/Src/Hardware/ICM20689.o
                0x0000000008002534                SPI_Control
 .text.readByte
                0x00000000080025d0       0x38 Core/Src/Hardware/ICM20689.o
                0x00000000080025d0                readByte
 .text.writeByte
                0x0000000008002608       0x3c Core/Src/Hardware/ICM20689.o
                0x0000000008002608                writeByte
 .text.initIMU  0x0000000008002644       0xb0 Core/Src/Hardware/ICM20689.o
                0x0000000008002644                initIMU
 .text.readGyroOmegaZ
                0x00000000080026f4       0x4c Core/Src/Hardware/ICM20689.o
                0x00000000080026f4                readGyroOmegaZ
 .text.readGyroAccelX
                0x0000000008002740       0x4c Core/Src/Hardware/ICM20689.o
                0x0000000008002740                readGyroAccelX
 .text.LL_TIM_EnableCounter
                0x000000000800278c       0x20 Core/Src/Hardware/basic_timer.o
 .text.LL_TIM_DisableCounter
                0x00000000080027ac       0x20 Core/Src/Hardware/basic_timer.o
 .text.LL_TIM_EnableIT_UPDATE
                0x00000000080027cc       0x20 Core/Src/Hardware/basic_timer.o
 .text.LL_TIM_DisableIT_UPDATE
                0x00000000080027ec       0x20 Core/Src/Hardware/basic_timer.o
 .text.basicTimerStart
                0x000000000800280c       0x18 Core/Src/Hardware/basic_timer.o
                0x000000000800280c                basicTimerStart
 .text.basicTimerPause
                0x0000000008002824       0x18 Core/Src/Hardware/basic_timer.o
                0x0000000008002824                basicTimerPause
 .text.waitMs   0x000000000800283c       0x1a Core/Src/Hardware/basic_timer.o
                0x000000000800283c                waitMs
 *fill*         0x0000000008002856        0x2 
 .text.waitUs   0x0000000008002858       0x54 Core/Src/Hardware/basic_timer.o
                0x0000000008002858                waitUs
 .text.readBatteryCheck
                0x00000000080028ac       0x28 Core/Src/Hardware/battery.o
                0x00000000080028ac                readBatteryCheck
 .text.LL_TIM_EnableCounter
                0x00000000080028d4       0x20 Core/Src/Hardware/buzzer.o
 .text.LL_TIM_SetCounter
                0x00000000080028f4       0x1c Core/Src/Hardware/buzzer.o
 .text.LL_TIM_SetAutoReload
                0x0000000008002910       0x1c Core/Src/Hardware/buzzer.o
 .text.LL_TIM_CC_EnableChannel
                0x000000000800292c       0x22 Core/Src/Hardware/buzzer.o
 .text.LL_TIM_OC_SetCompareCH4
                0x000000000800294e       0x1c Core/Src/Hardware/buzzer.o
 .text.LL_TIM_EnableAllOutputs
                0x000000000800296a       0x20 Core/Src/Hardware/buzzer.o
 *fill*         0x000000000800298a        0x2 
 .text.enableMelody
                0x000000000800298c       0x24 Core/Src/Hardware/buzzer.o
                0x000000000800298c                enableMelody
 .text.stopMelody
                0x00000000080029b0       0x14 Core/Src/Hardware/buzzer.o
                0x00000000080029b0                stopMelody
 .text.Melody   0x00000000080029c4       0x58 Core/Src/Hardware/buzzer.o
                0x00000000080029c4                Melody
 .text.LL_TIM_EnableCounter
                0x0000000008002a1c       0x20 Core/Src/Hardware/encoder.o
 .text.LL_TIM_DisableCounter
                0x0000000008002a3c       0x20 Core/Src/Hardware/encoder.o
 .text.enableEncoder
                0x0000000008002a5c       0x28 Core/Src/Hardware/encoder.o
                0x0000000008002a5c                enableEncoder
 .text.disableEncoder
                0x0000000008002a84       0x1c Core/Src/Hardware/encoder.o
                0x0000000008002a84                disableEncoder
 .text.getEncoderData
                0x0000000008002aa0       0x64 Core/Src/Hardware/encoder.o
                0x0000000008002aa0                getEncoderData
 .text.FLASH_Lock
                0x0000000008002b04       0x20 Core/Src/Hardware/flash.o
 .text.FLASH_Unlock
                0x0000000008002b24       0x28 Core/Src/Hardware/flash.o
 .text.FLASH_WaitBusy
                0x0000000008002b4c       0x24 Core/Src/Hardware/flash.o
                0x0000000008002b4c                FLASH_WaitBusy
 .text.FLASH_WriteByte
                0x0000000008002b70       0x50 Core/Src/Hardware/flash.o
                0x0000000008002b70                FLASH_WriteByte
 .text.FLASH_WriteData
                0x0000000008002bc0       0x34 Core/Src/Hardware/flash.o
                0x0000000008002bc0                FLASH_WriteData
 .text.FLASH_ReadData
                0x0000000008002bf4       0x24 Core/Src/Hardware/flash.o
                0x0000000008002bf4                FLASH_ReadData
 .text.FLASH_Erase
                0x0000000008002c18       0x3c Core/Src/Hardware/flash.o
                0x0000000008002c18                FLASH_Erase
 .text.setLED1State
                0x0000000008002c54       0x34 Core/Src/Hardware/interface_LED.o
                0x0000000008002c54                setLED1State
 .text.setLED2State
                0x0000000008002c88       0x34 Core/Src/Hardware/interface_LED.o
                0x0000000008002c88                setLED2State
 .text.setLED3State
                0x0000000008002cbc       0x34 Core/Src/Hardware/interface_LED.o
                0x0000000008002cbc                setLED3State
 .text.setLED4State
                0x0000000008002cf0       0x30 Core/Src/Hardware/interface_LED.o
                0x0000000008002cf0                setLED4State
 .text.setLED5State
                0x0000000008002d20       0x30 Core/Src/Hardware/interface_LED.o
                0x0000000008002d20                setLED5State
 .text.displayBinaryValueWithLEDs
                0x0000000008002d50       0x58 Core/Src/Hardware/interface_LED.o
                0x0000000008002d50                displayBinaryValueWithLEDs
 .text.LL_TIM_EnableCounter
                0x0000000008002da8       0x20 Core/Src/Hardware/motor.o
 .text.LL_TIM_DisableCounter
                0x0000000008002dc8       0x20 Core/Src/Hardware/motor.o
 .text.LL_TIM_SetCounter
                0x0000000008002de8       0x1c Core/Src/Hardware/motor.o
 .text.LL_TIM_CC_EnableChannel
                0x0000000008002e04       0x22 Core/Src/Hardware/motor.o
 .text.LL_TIM_CC_DisableChannel
                0x0000000008002e26       0x24 Core/Src/Hardware/motor.o
 .text.LL_TIM_OC_SetCompareCH1
                0x0000000008002e4a       0x1c Core/Src/Hardware/motor.o
 .text.LL_TIM_OC_SetCompareCH2
                0x0000000008002e66       0x1c Core/Src/Hardware/motor.o
 .text.LL_TIM_EnableAllOutputs
                0x0000000008002e82       0x20 Core/Src/Hardware/motor.o
 .text.LL_GPIO_SetOutputPin
                0x0000000008002ea2       0x1c Core/Src/Hardware/motor.o
 .text.LL_GPIO_ResetOutputPin
                0x0000000008002ebe       0x1e Core/Src/Hardware/motor.o
 .text.setMotorDriverState
                0x0000000008002edc       0x3c Core/Src/Hardware/motor.o
                0x0000000008002edc                setMotorDriverState
 .text.enableMotors
                0x0000000008002f18       0x90 Core/Src/Hardware/motor.o
                0x0000000008002f18                enableMotors
 .text.setMotorDirection
                0x0000000008002fa8       0x80 Core/Src/Hardware/motor.o
                0x0000000008002fa8                setMotorDirection
 .text.dutyConverter
                0x0000000008003028       0x6c Core/Src/Hardware/motor.o
                0x0000000008003028                dutyConverter
 .text.driveMotors
                0x0000000008003094       0xa4 Core/Src/Hardware/motor.o
                0x0000000008003094                driveMotors
 .text.shutdownMotors
                0x0000000008003138       0x44 Core/Src/Hardware/motor.o
                0x0000000008003138                shutdownMotors
 .text.LL_ADC_DMA_GetRegAddr
                0x000000000800317c       0x34 Core/Src/Hardware/wall_sensor.o
 .text.LL_ADC_Enable
                0x00000000080031b0       0x20 Core/Src/Hardware/wall_sensor.o
 .text.LL_ADC_REG_StartConversionSWStart
                0x00000000080031d0       0x20 Core/Src/Hardware/wall_sensor.o
 .text.LL_ADC_ClearFlag_EOCS
                0x00000000080031f0       0x1c Core/Src/Hardware/wall_sensor.o
 .text.LL_DMA_EnableStream
                0x000000000800320c       0x40 Core/Src/Hardware/wall_sensor.o
 .text.LL_DMA_DisableStream
                0x000000000800324c       0x40 Core/Src/Hardware/wall_sensor.o
 .text.LL_DMA_SetDataLength
                0x000000000800328c       0x48 Core/Src/Hardware/wall_sensor.o
 .text.LL_DMA_ConfigAddresses
                0x00000000080032d4       0x78 Core/Src/Hardware/wall_sensor.o
 .text.LL_DMA_EnableIT_TC
                0x000000000800334c       0x40 Core/Src/Hardware/wall_sensor.o
 .text.ADC1_Start_DMA2
                0x000000000800338c       0x54 Core/Src/Hardware/wall_sensor.o
                0x000000000800338c                ADC1_Start_DMA2
 .text.changeFrontCenterLED
                0x00000000080033e0       0x30 Core/Src/Hardware/wall_sensor.o
                0x00000000080033e0                changeFrontCenterLED
 .text.changeFrontRightLED
                0x0000000008003410       0x30 Core/Src/Hardware/wall_sensor.o
                0x0000000008003410                changeFrontRightLED
 .text.changeFrontLeftLED
                0x0000000008003440       0x30 Core/Src/Hardware/wall_sensor.o
                0x0000000008003440                changeFrontLeftLED
 .text.changeRightLED
                0x0000000008003470       0x30 Core/Src/Hardware/wall_sensor.o
                0x0000000008003470                changeRightLED
 .text.changeLeftLED
                0x00000000080034a0       0x30 Core/Src/Hardware/wall_sensor.o
                0x00000000080034a0                changeLeftLED
 .text.changeLEDs
                0x00000000080034d0       0x6c Core/Src/Hardware/wall_sensor.o
                0x00000000080034d0                changeLEDs
 .text.getWallADC
                0x000000000800353c       0x24 Core/Src/Hardware/wall_sensor.o
                0x000000000800353c                getWallADC
 .text.startADCwithDMA
                0x0000000008003560       0x24 Core/Src/Hardware/wall_sensor.o
                0x0000000008003560                startADCwithDMA
 .text.DMA_CallbackTask
                0x0000000008003584       0x18 Core/Src/Hardware/wall_sensor.o
                0x0000000008003584                DMA_CallbackTask
 .text.setControlFlags
                0x000000000800359c       0x74 Core/Src/System/flags.o
                0x000000000800359c                setControlFlags
 .text.setAccelFlags
                0x0000000008003610       0x74 Core/Src/System/flags.o
                0x0000000008003610                setAccelFlags
 .text.storeLog
                0x0000000008003684      0x15c Core/Src/System/log.o
                0x0000000008003684                storeLog
 .text.deleteWallMap
                0x00000000080037e0       0xe4 Core/Src/System/map.o
                0x00000000080037e0                deleteWallMap
 .text.updateWallMap
                0x00000000080038c4      0x244 Core/Src/System/map.o
                0x00000000080038c4                updateWallMap
 .text.makeStepMap
                0x0000000008003b08      0x264 Core/Src/System/map.o
                0x0000000008003b08                makeStepMap
 .text.MakeRoute_NESW
                0x0000000008003d6c      0x254 Core/Src/System/map.o
                0x0000000008003d6c                MakeRoute_NESW
 .text.ConfRoute_NESW
                0x0000000008003fc0       0x50 Core/Src/System/map.o
                0x0000000008003fc0                ConfRoute_NESW
 .text.advancePosition
                0x0000000008004010       0x6c Core/Src/System/map.o
                0x0000000008004010                advancePosition
 .text.changeDirection
                0x000000000800407c       0x38 Core/Src/System/map.o
                0x000000000800407c                changeDirection
 .text.setMapStruct
                0x00000000080040b4       0x52 Core/Src/System/map.o
                0x00000000080040b4                setMapStruct
 *fill*         0x0000000008004106        0x2 
 .text.prepareMapForSearch
                0x0000000008004108       0x64 Core/Src/System/map.o
                0x0000000008004108                prepareMapForSearch
 .text.saveWallMap
                0x000000000800416c       0x5c Core/Src/System/map.o
                0x000000000800416c                saveWallMap
 .text.loadWallMap
                0x00000000080041c8       0x5c Core/Src/System/map.o
                0x00000000080041c8                loadWallMap
 .text.driveAccelMotion
                0x0000000008004224      0x1ac Core/Src/System/motion.o
                0x0000000008004224                driveAccelMotion
 .text.spinMotion
                0x00000000080043d0      0x1c4 Core/Src/System/motion.o
                0x00000000080043d0                spinMotion
 .text.slalomMotion
                0x0000000008004594      0x1bc Core/Src/System/motion.o
                0x0000000008004594                slalomMotion
 .text.moveHalfSectionAccel
                0x0000000008004750       0x4c Core/Src/System/motion.o
                0x0000000008004750                moveHalfSectionAccel
 .text.moveHalfSectionDecel
                0x000000000800479c       0x2c Core/Src/System/motion.o
                0x000000000800479c                moveHalfSectionDecel
 .text.moveOneSectionAccel
                0x00000000080047c8       0x3c Core/Src/System/motion.o
                0x00000000080047c8                moveOneSectionAccel
 .text.fixPostureByWallSensor
                0x0000000008004804       0x54 Core/Src/System/motion.o
                0x0000000008004804                fixPostureByWallSensor
 .text.spinRight180
                0x0000000008004858       0x1c Core/Src/System/motion.o
                0x0000000008004858                spinRight180
 .text.moveSlalomR90
                0x0000000008004874       0x58 Core/Src/System/motion.o
                0x0000000008004874                moveSlalomR90
 .text.moveSlalomL90
                0x00000000080048cc       0x58 Core/Src/System/motion.o
                0x00000000080048cc                moveSlalomL90
 .text.backMotion
                0x0000000008004924      0x118 Core/Src/System/motion.o
                0x0000000008004924                backMotion
 .text.MelodySummer
                0x0000000008004a3c       0x5a Core/Src/System/music.o
                0x0000000008004a3c                MelodySummer
 .text.MelodyRayearth
                0x0000000008004a96       0x46 Core/Src/System/music.o
                0x0000000008004a96                MelodyRayearth
 .text.MelodyGoal
                0x0000000008004adc       0x2c Core/Src/System/music.o
                0x0000000008004adc                MelodyGoal
 .text.MelodyUrara
                0x0000000008004b08       0x94 Core/Src/System/music.o
                0x0000000008004b08                MelodyUrara
 .text.MelodyMrLawrence
                0x0000000008004b9c       0xb0 Core/Src/System/music.o
                0x0000000008004b9c                MelodyMrLawrence
 .text.MelodyNatsumatsuri
                0x0000000008004c4c       0x58 Core/Src/System/music.o
                0x0000000008004c4c                MelodyNatsumatsuri
 .text.getEncoderVelocity
                0x0000000008004ca4       0x30 Core/Src/System/sensing.o
                0x0000000008004ca4                getEncoderVelocity
 .text.getCenterMileage
                0x0000000008004cd4       0xb4 Core/Src/System/sensing.o
                0x0000000008004cd4                getCenterMileage
 .text.addAngle
                0x0000000008004d88       0x38 Core/Src/System/sensing.o
                0x0000000008004d88                addAngle
 .text.getCenterVelocity
                0x0000000008004dc0       0x3c Core/Src/System/sensing.o
                0x0000000008004dc0                getCenterVelocity
 .text.getOmega
                0x0000000008004dfc       0x1c Core/Src/System/sensing.o
                0x0000000008004dfc                getOmega
 .text.getAccel
                0x0000000008004e18       0xcc Core/Src/System/sensing.o
                0x0000000008004e18                getAccel
 .text.getWallSensorOffset
                0x0000000008004ee4       0x7c Core/Src/System/sensing.o
                0x0000000008004ee4                getWallSensorOffset
 .text.getWallSensor
                0x0000000008004f60       0x94 Core/Src/System/sensing.o
                0x0000000008004f60                getWallSensor
 .text.getOmegaOffset
                0x0000000008004ff4       0x68 Core/Src/System/sensing.o
                0x0000000008004ff4                getOmegaOffset
 .text.getAccelOffset
                0x000000000800505c       0x68 Core/Src/System/sensing.o
                0x000000000800505c                getAccelOffset
 .text.getWallInfo
                0x00000000080050c4       0x54 Core/Src/System/sensing.o
                0x00000000080050c4                getWallInfo
 .text.filterWallSensors
                0x0000000008005118      0x108 Core/Src/System/sensing.o
                0x0000000008005118                filterWallSensors
 .text.initSensors
                0x0000000008005220       0x24 Core/Src/System/sensing.o
                0x0000000008005220                initSensors
 .text.updateSensors
                0x0000000008005244       0xc0 Core/Src/System/sensing.o
                0x0000000008005244                updateSensors
 .text.getOffsets
                0x0000000008005304       0x30 Core/Src/System/sensing.o
                0x0000000008005304                getOffsets
 .text.LL_ADC_REG_SetSequencerRanks
                0x0000000008005334       0x6c Core/Src/adc.o
 .text.LL_ADC_REG_SetFlagEndOfConversion
                0x00000000080053a0       0x26 Core/Src/adc.o
 .text.LL_ADC_SetChannelSamplingTime
                0x00000000080053c6       0x98 Core/Src/adc.o
 *fill*         0x000000000800545e        0x2 
 .text.LL_DMA_SetDataTransferDirection
                0x0000000008005460       0x48 Core/Src/adc.o
 .text.LL_DMA_SetMode
                0x00000000080054a8       0x48 Core/Src/adc.o
 .text.LL_DMA_SetPeriphIncMode
                0x00000000080054f0       0x48 Core/Src/adc.o
 .text.LL_DMA_SetMemoryIncMode
                0x0000000008005538       0x48 Core/Src/adc.o
 .text.LL_DMA_SetPeriphSize
                0x0000000008005580       0x48 Core/Src/adc.o
 .text.LL_DMA_SetMemorySize
                0x00000000080055c8       0x48 Core/Src/adc.o
 .text.LL_DMA_SetStreamPriorityLevel
                0x0000000008005610       0x48 Core/Src/adc.o
 .text.LL_DMA_SetChannelSelection
                0x0000000008005658       0x48 Core/Src/adc.o
 .text.LL_DMA_DisableFifoMode
                0x00000000080056a0       0x40 Core/Src/adc.o
 .text.LL_AHB1_GRP1_EnableClock
                0x00000000080056e0       0x30 Core/Src/adc.o
 .text.LL_APB2_GRP1_EnableClock
                0x0000000008005710       0x30 Core/Src/adc.o
 .text.MX_ADC1_Init
                0x0000000008005740      0x1b8 Core/Src/adc.o
                0x0000000008005740                MX_ADC1_Init
 .text.__NVIC_GetPriorityGrouping
                0x00000000080058f8       0x1c Core/Src/dma.o
 .text.__NVIC_EnableIRQ
                0x0000000008005914       0x3c Core/Src/dma.o
 .text.__NVIC_SetPriority
                0x0000000008005950       0x54 Core/Src/dma.o
 .text.NVIC_EncodePriority
                0x00000000080059a4       0x66 Core/Src/dma.o
 *fill*         0x0000000008005a0a        0x2 
 .text.LL_AHB1_GRP1_EnableClock
                0x0000000008005a0c       0x30 Core/Src/dma.o
 .text.MX_DMA_Init
                0x0000000008005a3c       0x30 Core/Src/dma.o
                0x0000000008005a3c                MX_DMA_Init
 .text.LL_AHB1_GRP1_EnableClock
                0x0000000008005a6c       0x30 Core/Src/gpio.o
 .text.LL_GPIO_ResetOutputPin
                0x0000000008005a9c       0x1e Core/Src/gpio.o
 *fill*         0x0000000008005aba        0x2 
 .text.MX_GPIO_Init
                0x0000000008005abc      0x11c Core/Src/gpio.o
                0x0000000008005abc                MX_GPIO_Init
 .text.__NVIC_SetPriorityGrouping
                0x0000000008005bd8       0x48 Core/Src/main.o
 .text.LL_RCC_HSI_Enable
                0x0000000008005c20       0x20 Core/Src/main.o
 .text.LL_RCC_HSI_IsReady
                0x0000000008005c40       0x24 Core/Src/main.o
 .text.LL_RCC_HSI_SetCalibTrimming
                0x0000000008005c64       0x2c Core/Src/main.o
 .text.LL_RCC_SetSysClkSource
                0x0000000008005c90       0x28 Core/Src/main.o
 .text.LL_RCC_GetSysClkSource
                0x0000000008005cb8       0x1c Core/Src/main.o
 .text.LL_RCC_SetAHBPrescaler
                0x0000000008005cd4       0x28 Core/Src/main.o
 .text.LL_RCC_SetAPB1Prescaler
                0x0000000008005cfc       0x28 Core/Src/main.o
 .text.LL_RCC_SetAPB2Prescaler
                0x0000000008005d24       0x28 Core/Src/main.o
 .text.LL_RCC_PLL_Enable
                0x0000000008005d4c       0x20 Core/Src/main.o
 .text.LL_RCC_PLL_IsReady
                0x0000000008005d6c       0x28 Core/Src/main.o
 .text.LL_RCC_PLL_ConfigDomain_SYS
                0x0000000008005d94       0x4c Core/Src/main.o
 .text.LL_APB1_GRP1_EnableClock
                0x0000000008005de0       0x30 Core/Src/main.o
 .text.LL_APB2_GRP1_EnableClock
                0x0000000008005e10       0x30 Core/Src/main.o
 .text.LL_FLASH_SetLatency
                0x0000000008005e40       0x28 Core/Src/main.o
 .text.LL_FLASH_GetLatency
                0x0000000008005e68       0x1c Core/Src/main.o
 .text.LL_PWR_SetRegulVoltageScaling
                0x0000000008005e84       0x28 Core/Src/main.o
 .text.LL_USART_IsActiveFlag_TXE
                0x0000000008005eac       0x26 Core/Src/main.o
 .text.LL_USART_TransmitData8
                0x0000000008005ed2       0x1e Core/Src/main.o
 .text.__io_putchar
                0x0000000008005ef0       0x54 Core/Src/main.o
                0x0000000008005ef0                __io_putchar
 .text.main     0x0000000008005f44      0x410 Core/Src/main.o
                0x0000000008005f44                main
 .text.SystemClock_Config
                0x0000000008006354       0x8c Core/Src/main.o
                0x0000000008006354                SystemClock_Config
 .text.LL_AHB1_GRP1_EnableClock
                0x00000000080063e0       0x30 Core/Src/spi.o
 .text.LL_APB1_GRP1_EnableClock
                0x0000000008006410       0x30 Core/Src/spi.o
 .text.LL_SPI_SetStandard
                0x0000000008006440       0x26 Core/Src/spi.o
 *fill*         0x0000000008006466        0x2 
 .text.MX_SPI3_Init
                0x0000000008006468       0xa8 Core/Src/spi.o
                0x0000000008006468                MX_SPI3_Init
 .text.LL_DMA_IsActiveFlag_TC0
                0x0000000008006510       0x26 Core/Src/stm32f4xx_it.o
 .text.LL_DMA_ClearFlag_TC0
                0x0000000008006536       0x1a Core/Src/stm32f4xx_it.o
 .text.LL_TIM_ClearFlag_UPDATE
                0x0000000008006550       0x1c Core/Src/stm32f4xx_it.o
 .text.LL_TIM_IsActiveFlag_UPDATE
                0x000000000800656c       0x26 Core/Src/stm32f4xx_it.o
 .text.NMI_Handler
                0x0000000008006592        0x6 Core/Src/stm32f4xx_it.o
                0x0000000008006592                NMI_Handler
 .text.HardFault_Handler
                0x0000000008006598        0x6 Core/Src/stm32f4xx_it.o
                0x0000000008006598                HardFault_Handler
 .text.MemManage_Handler
                0x000000000800659e        0x6 Core/Src/stm32f4xx_it.o
                0x000000000800659e                MemManage_Handler
 .text.BusFault_Handler
                0x00000000080065a4        0x6 Core/Src/stm32f4xx_it.o
                0x00000000080065a4                BusFault_Handler
 .text.UsageFault_Handler
                0x00000000080065aa        0x6 Core/Src/stm32f4xx_it.o
                0x00000000080065aa                UsageFault_Handler
 .text.SVC_Handler
                0x00000000080065b0        0xe Core/Src/stm32f4xx_it.o
                0x00000000080065b0                SVC_Handler
 .text.DebugMon_Handler
                0x00000000080065be        0xe Core/Src/stm32f4xx_it.o
                0x00000000080065be                DebugMon_Handler
 .text.PendSV_Handler
                0x00000000080065cc        0xe Core/Src/stm32f4xx_it.o
                0x00000000080065cc                PendSV_Handler
 .text.SysTick_Handler
                0x00000000080065da        0xe Core/Src/stm32f4xx_it.o
                0x00000000080065da                SysTick_Handler
 .text.TIM5_IRQHandler
                0x00000000080065e8       0x24 Core/Src/stm32f4xx_it.o
                0x00000000080065e8                TIM5_IRQHandler
 .text.DMA2_Stream0_IRQHandler
                0x000000000800660c       0x24 Core/Src/stm32f4xx_it.o
                0x000000000800660c                DMA2_Stream0_IRQHandler
 .text._getpid  0x0000000008006630       0x10 Core/Src/syscalls.o
                0x0000000008006630                _getpid
 .text._kill    0x0000000008006640       0x20 Core/Src/syscalls.o
                0x0000000008006640                _kill
 .text._exit    0x0000000008006660       0x14 Core/Src/syscalls.o
                0x0000000008006660                _exit
 .text._read    0x0000000008006674       0x3a Core/Src/syscalls.o
                0x0000000008006674                _read
 .text._write   0x00000000080066ae       0x38 Core/Src/syscalls.o
                0x00000000080066ae                _write
 .text._close   0x00000000080066e6       0x18 Core/Src/syscalls.o
                0x00000000080066e6                _close
 .text._fstat   0x00000000080066fe       0x20 Core/Src/syscalls.o
                0x00000000080066fe                _fstat
 .text._isatty  0x000000000800671e       0x16 Core/Src/syscalls.o
                0x000000000800671e                _isatty
 .text._lseek   0x0000000008006734       0x1a Core/Src/syscalls.o
                0x0000000008006734                _lseek
 *fill*         0x000000000800674e        0x2 
 .text._sbrk    0x0000000008006750       0x6c Core/Src/sysmem.o
                0x0000000008006750                _sbrk
 .text.SystemInit
                0x00000000080067bc       0x2c Core/Src/system_stm32f4xx.o
                0x00000000080067bc                SystemInit
 .text.__NVIC_GetPriorityGrouping
                0x00000000080067e8       0x1c Core/Src/tim.o
 .text.__NVIC_EnableIRQ
                0x0000000008006804       0x3c Core/Src/tim.o
 .text.__NVIC_SetPriority
                0x0000000008006840       0x54 Core/Src/tim.o
 .text.NVIC_EncodePriority
                0x0000000008006894       0x66 Core/Src/tim.o
 *fill*         0x00000000080068fa        0x2 
 .text.LL_AHB1_GRP1_EnableClock
                0x00000000080068fc       0x30 Core/Src/tim.o
 .text.LL_APB1_GRP1_EnableClock
                0x000000000800692c       0x30 Core/Src/tim.o
 .text.LL_APB2_GRP1_EnableClock
                0x000000000800695c       0x30 Core/Src/tim.o
 .text.LL_TIM_EnableARRPreload
                0x000000000800698c       0x20 Core/Src/tim.o
 .text.LL_TIM_DisableARRPreload
                0x00000000080069ac       0x20 Core/Src/tim.o
 .text.LL_TIM_OC_DisableFast
                0x00000000080069cc       0x8c Core/Src/tim.o
 .text.LL_TIM_OC_EnablePreload
                0x0000000008006a58       0x88 Core/Src/tim.o
 .text.LL_TIM_IC_SetActiveInput
                0x0000000008006ae0       0x9c Core/Src/tim.o
 .text.LL_TIM_IC_SetPrescaler
                0x0000000008006b7c       0x9c Core/Src/tim.o
 .text.LL_TIM_IC_SetFilter
                0x0000000008006c18       0x9c Core/Src/tim.o
 .text.LL_TIM_IC_SetPolarity
                0x0000000008006cb4       0x88 Core/Src/tim.o
 .text.LL_TIM_SetClockSource
                0x0000000008006d3c       0x2a Core/Src/tim.o
 .text.LL_TIM_SetEncoderMode
                0x0000000008006d66       0x26 Core/Src/tim.o
 .text.LL_TIM_SetTriggerOutput
                0x0000000008006d8c       0x26 Core/Src/tim.o
 .text.LL_TIM_DisableMasterSlaveMode
                0x0000000008006db2       0x20 Core/Src/tim.o
 *fill*         0x0000000008006dd2        0x2 
 .text.MX_TIM1_Init
                0x0000000008006dd4      0x130 Core/Src/tim.o
                0x0000000008006dd4                MX_TIM1_Init
 .text.MX_TIM2_Init
                0x0000000008006f04       0xe8 Core/Src/tim.o
                0x0000000008006f04                MX_TIM2_Init
 .text.MX_TIM3_Init
                0x0000000008006fec       0xf4 Core/Src/tim.o
                0x0000000008006fec                MX_TIM3_Init
 .text.MX_TIM4_Init
                0x00000000080070e0       0xf4 Core/Src/tim.o
                0x00000000080070e0                MX_TIM4_Init
 .text.MX_TIM5_Init
                0x00000000080071d4       0x80 Core/Src/tim.o
                0x00000000080071d4                MX_TIM5_Init
 .text.MX_TIM6_Init
                0x0000000008007254       0x54 Core/Src/tim.o
                0x0000000008007254                MX_TIM6_Init
 .text.MX_TIM8_Init
                0x00000000080072a8      0x134 Core/Src/tim.o
                0x00000000080072a8                MX_TIM8_Init
 .text.MX_TIM11_Init
                0x00000000080073dc       0xcc Core/Src/tim.o
                0x00000000080073dc                MX_TIM11_Init
 .text.LL_AHB1_GRP1_EnableClock
                0x00000000080074a8       0x30 Core/Src/usart.o
 .text.LL_APB2_GRP1_EnableClock
                0x00000000080074d8       0x30 Core/Src/usart.o
 .text.LL_USART_Enable
                0x0000000008007508       0x20 Core/Src/usart.o
 .text.LL_USART_ConfigAsyncMode
                0x0000000008007528       0x2c Core/Src/usart.o
 .text.MX_USART1_UART_Init
                0x0000000008007554       0xa0 Core/Src/usart.o
                0x0000000008007554                MX_USART1_UART_Init
 .text.Reset_Handler
                0x00000000080075f4       0x50 Core/Startup/startup_stm32f405rgtx.o
                0x00000000080075f4                Reset_Handler
 .text.Default_Handler
                0x0000000008007644        0x2 Core/Startup/startup_stm32f405rgtx.o
                0x0000000008007644                RTC_Alarm_IRQHandler
                0x0000000008007644                HASH_RNG_IRQHandler
                0x0000000008007644                EXTI2_IRQHandler
                0x0000000008007644                TIM8_CC_IRQHandler
                0x0000000008007644                TIM1_CC_IRQHandler
                0x0000000008007644                DMA2_Stream5_IRQHandler
                0x0000000008007644                DMA1_Stream5_IRQHandler
                0x0000000008007644                PVD_IRQHandler
                0x0000000008007644                SDIO_IRQHandler
                0x0000000008007644                TAMP_STAMP_IRQHandler
                0x0000000008007644                CAN2_RX1_IRQHandler
                0x0000000008007644                EXTI3_IRQHandler
                0x0000000008007644                TIM8_TRG_COM_TIM14_IRQHandler
                0x0000000008007644                TIM1_UP_TIM10_IRQHandler
                0x0000000008007644                TIM8_UP_TIM13_IRQHandler
                0x0000000008007644                I2C3_ER_IRQHandler
                0x0000000008007644                EXTI0_IRQHandler
                0x0000000008007644                I2C2_EV_IRQHandler
                0x0000000008007644                DMA1_Stream2_IRQHandler
                0x0000000008007644                CAN1_RX0_IRQHandler
                0x0000000008007644                FPU_IRQHandler
                0x0000000008007644                OTG_HS_WKUP_IRQHandler
                0x0000000008007644                CAN2_SCE_IRQHandler
                0x0000000008007644                DMA2_Stream2_IRQHandler
                0x0000000008007644                SPI1_IRQHandler
                0x0000000008007644                TIM6_DAC_IRQHandler
                0x0000000008007644                TIM1_BRK_TIM9_IRQHandler
                0x0000000008007644                CAN2_RX0_IRQHandler
                0x0000000008007644                DMA2_Stream3_IRQHandler
                0x0000000008007644                USART6_IRQHandler
                0x0000000008007644                USART3_IRQHandler
                0x0000000008007644                CAN1_RX1_IRQHandler
                0x0000000008007644                UART5_IRQHandler
                0x0000000008007644                TIM4_IRQHandler
                0x0000000008007644                I2C1_EV_IRQHandler
                0x0000000008007644                DMA1_Stream6_IRQHandler
                0x0000000008007644                DMA1_Stream1_IRQHandler
                0x0000000008007644                UART4_IRQHandler
                0x0000000008007644                TIM3_IRQHandler
                0x0000000008007644                RCC_IRQHandler
                0x0000000008007644                TIM8_BRK_TIM12_IRQHandler
                0x0000000008007644                Default_Handler
                0x0000000008007644                EXTI15_10_IRQHandler
                0x0000000008007644                ADC_IRQHandler
                0x0000000008007644                DMA1_Stream7_IRQHandler
                0x0000000008007644                TIM7_IRQHandler
                0x0000000008007644                CAN2_TX_IRQHandler
                0x0000000008007644                DMA2_Stream7_IRQHandler
                0x0000000008007644                I2C3_EV_IRQHandler
                0x0000000008007644                EXTI9_5_IRQHandler
                0x0000000008007644                RTC_WKUP_IRQHandler
                0x0000000008007644                SPI2_IRQHandler
                0x0000000008007644                OTG_HS_EP1_IN_IRQHandler
                0x0000000008007644                DMA1_Stream0_IRQHandler
                0x0000000008007644                CAN1_TX_IRQHandler
                0x0000000008007644                EXTI4_IRQHandler
                0x0000000008007644                FSMC_IRQHandler
                0x0000000008007644                OTG_HS_EP1_OUT_IRQHandler
                0x0000000008007644                WWDG_IRQHandler
                0x0000000008007644                TIM2_IRQHandler
                0x0000000008007644                OTG_FS_WKUP_IRQHandler
                0x0000000008007644                TIM1_TRG_COM_TIM11_IRQHandler
                0x0000000008007644                OTG_HS_IRQHandler
                0x0000000008007644                EXTI1_IRQHandler
                0x0000000008007644                USART2_IRQHandler
                0x0000000008007644                I2C2_ER_IRQHandler
                0x0000000008007644                DMA2_Stream1_IRQHandler
                0x0000000008007644                CAN1_SCE_IRQHandler
                0x0000000008007644                FLASH_IRQHandler
                0x0000000008007644                DMA2_Stream4_IRQHandler
                0x0000000008007644                USART1_IRQHandler
                0x0000000008007644                OTG_FS_IRQHandler
                0x0000000008007644                SPI3_IRQHandler
                0x0000000008007644                DMA1_Stream4_IRQHandler
                0x0000000008007644                I2C1_ER_IRQHandler
                0x0000000008007644                DMA2_Stream6_IRQHandler
                0x0000000008007644                DMA1_Stream3_IRQHandler
 .text.LL_ADC_REG_SetSequencerLength
                0x0000000008007646       0x26 Drivers/STM32F4xx_HAL_Driver/Src/stm32f4xx_ll_adc.o
 .text.LL_ADC_IsEnabled
                0x000000000800766c       0x26 Drivers/STM32F4xx_HAL_Driver/Src/stm32f4xx_ll_adc.o
 *fill*         0x0000000008007692        0x2 
 .text.LL_ADC_CommonInit
                0x0000000008007694       0x90 Drivers/STM32F4xx_HAL_Driver/Src/stm32f4xx_ll_adc.o
                0x0000000008007694                LL_ADC_CommonInit
 .text.LL_ADC_Init
                0x0000000008007724       0x58 Drivers/STM32F4xx_HAL_Driver/Src/stm32f4xx_ll_adc.o
                0x0000000008007724                LL_ADC_Init
 .text.LL_ADC_REG_Init
                0x000000000800777c       0x84 Drivers/STM32F4xx_HAL_Driver/Src/stm32f4xx_ll_adc.o
                0x000000000800777c                LL_ADC_REG_Init
 .text.LL_GPIO_SetPinMode
                0x0000000008007800       0x5e Drivers/STM32F4xx_HAL_Driver/Src/stm32f4xx_ll_gpio.o
 .text.LL_GPIO_SetPinOutputType
                0x000000000800785e       0x30 Drivers/STM32F4xx_HAL_Driver/Src/stm32f4xx_ll_gpio.o
 .text.LL_GPIO_SetPinSpeed
                0x000000000800788e       0x5e Drivers/STM32F4xx_HAL_Driver/Src/stm32f4xx_ll_gpio.o
 .text.LL_GPIO_SetPinPull
                0x00000000080078ec       0x5e Drivers/STM32F4xx_HAL_Driver/Src/stm32f4xx_ll_gpio.o
 .text.LL_GPIO_SetAFPin_0_7
                0x000000000800794a       0x5e Drivers/STM32F4xx_HAL_Driver/Src/stm32f4xx_ll_gpio.o
 .text.LL_GPIO_SetAFPin_8_15
                0x00000000080079a8       0x62 Drivers/STM32F4xx_HAL_Driver/Src/stm32f4xx_ll_gpio.o
 .text.LL_GPIO_Init
                0x0000000008007a0a       0xe6 Drivers/STM32F4xx_HAL_Driver/Src/stm32f4xx_ll_gpio.o
                0x0000000008007a0a                LL_GPIO_Init
 .text.LL_RCC_GetSysClkSource
                0x0000000008007af0       0x1c Drivers/STM32F4xx_HAL_Driver/Src/stm32f4xx_ll_rcc.o
 .text.LL_RCC_GetAHBPrescaler
                0x0000000008007b0c       0x1c Drivers/STM32F4xx_HAL_Driver/Src/stm32f4xx_ll_rcc.o
 .text.LL_RCC_GetAPB1Prescaler
                0x0000000008007b28       0x1c Drivers/STM32F4xx_HAL_Driver/Src/stm32f4xx_ll_rcc.o
 .text.LL_RCC_GetAPB2Prescaler
                0x0000000008007b44       0x1c Drivers/STM32F4xx_HAL_Driver/Src/stm32f4xx_ll_rcc.o
 .text.LL_RCC_PLL_GetMainSource
                0x0000000008007b60       0x1c Drivers/STM32F4xx_HAL_Driver/Src/stm32f4xx_ll_rcc.o
 .text.LL_RCC_PLL_GetN
                0x0000000008007b7c       0x1c Drivers/STM32F4xx_HAL_Driver/Src/stm32f4xx_ll_rcc.o
 .text.LL_RCC_PLL_GetP
                0x0000000008007b98       0x1c Drivers/STM32F4xx_HAL_Driver/Src/stm32f4xx_ll_rcc.o
 .text.LL_RCC_PLL_GetDivider
                0x0000000008007bb4       0x1c Drivers/STM32F4xx_HAL_Driver/Src/stm32f4xx_ll_rcc.o
 .text.LL_RCC_GetSystemClocksFreq
                0x0000000008007bd0       0x4a Drivers/STM32F4xx_HAL_Driver/Src/stm32f4xx_ll_rcc.o
                0x0000000008007bd0                LL_RCC_GetSystemClocksFreq
 *fill*         0x0000000008007c1a        0x2 
 .text.RCC_GetSystemClockFreq
                0x0000000008007c1c       0x50 Drivers/STM32F4xx_HAL_Driver/Src/stm32f4xx_ll_rcc.o
                0x0000000008007c1c                RCC_GetSystemClockFreq
 .text.RCC_GetHCLKClockFreq
                0x0000000008007c6c       0x2c Drivers/STM32F4xx_HAL_Driver/Src/stm32f4xx_ll_rcc.o
                0x0000000008007c6c                RCC_GetHCLKClockFreq
 .text.RCC_GetPCLK1ClockFreq
                0x0000000008007c98       0x28 Drivers/STM32F4xx_HAL_Driver/Src/stm32f4xx_ll_rcc.o
                0x0000000008007c98                RCC_GetPCLK1ClockFreq
 .text.RCC_GetPCLK2ClockFreq
                0x0000000008007cc0       0x28 Drivers/STM32F4xx_HAL_Driver/Src/stm32f4xx_ll_rcc.o
                0x0000000008007cc0                RCC_GetPCLK2ClockFreq
 .text.RCC_PLL_GetFreqDomain_SYS
                0x0000000008007ce8       0x7c Drivers/STM32F4xx_HAL_Driver/Src/stm32f4xx_ll_rcc.o
                0x0000000008007ce8                RCC_PLL_GetFreqDomain_SYS
 .text.LL_SPI_IsEnabled
                0x0000000008007d64       0x26 Drivers/STM32F4xx_HAL_Driver/Src/stm32f4xx_ll_spi.o
 .text.LL_SPI_SetCRCPolynomial
                0x0000000008007d8a       0x20 Drivers/STM32F4xx_HAL_Driver/Src/stm32f4xx_ll_spi.o
 .text.LL_SPI_Init
                0x0000000008007daa       0xa4 Drivers/STM32F4xx_HAL_Driver/Src/stm32f4xx_ll_spi.o
                0x0000000008007daa                LL_SPI_Init
 .text.LL_TIM_SetPrescaler
                0x0000000008007e4e       0x1c Drivers/STM32F4xx_HAL_Driver/Src/stm32f4xx_ll_tim.o
 .text.LL_TIM_SetAutoReload
                0x0000000008007e6a       0x1c Drivers/STM32F4xx_HAL_Driver/Src/stm32f4xx_ll_tim.o
 .text.LL_TIM_SetRepetitionCounter
                0x0000000008007e86       0x1c Drivers/STM32F4xx_HAL_Driver/Src/stm32f4xx_ll_tim.o
 .text.LL_TIM_OC_SetCompareCH1
                0x0000000008007ea2       0x1c Drivers/STM32F4xx_HAL_Driver/Src/stm32f4xx_ll_tim.o
 .text.LL_TIM_OC_SetCompareCH2
                0x0000000008007ebe       0x1c Drivers/STM32F4xx_HAL_Driver/Src/stm32f4xx_ll_tim.o
 .text.LL_TIM_OC_SetCompareCH3
                0x0000000008007eda       0x1c Drivers/STM32F4xx_HAL_Driver/Src/stm32f4xx_ll_tim.o
 .text.LL_TIM_OC_SetCompareCH4
                0x0000000008007ef6       0x1c Drivers/STM32F4xx_HAL_Driver/Src/stm32f4xx_ll_tim.o
 .text.LL_TIM_GenerateEvent_UPDATE
                0x0000000008007f12       0x20 Drivers/STM32F4xx_HAL_Driver/Src/stm32f4xx_ll_tim.o
 *fill*         0x0000000008007f32        0x2 
 .text.LL_TIM_Init
                0x0000000008007f34      0x134 Drivers/STM32F4xx_HAL_Driver/Src/stm32f4xx_ll_tim.o
                0x0000000008007f34                LL_TIM_Init
 .text.LL_TIM_OC_Init
                0x0000000008008068       0x82 Drivers/STM32F4xx_HAL_Driver/Src/stm32f4xx_ll_tim.o
                0x0000000008008068                LL_TIM_OC_Init
 .text.LL_TIM_BDTR_Init
                0x00000000080080ea       0x92 Drivers/STM32F4xx_HAL_Driver/Src/stm32f4xx_ll_tim.o
                0x00000000080080ea                LL_TIM_BDTR_Init
 .text.OC1Config
                0x000000000800817c       0xd8 Drivers/STM32F4xx_HAL_Driver/Src/stm32f4xx_ll_tim.o
 .text.OC2Config
                0x0000000008008254       0xe0 Drivers/STM32F4xx_HAL_Driver/Src/stm32f4xx_ll_tim.o
 .text.OC3Config
                0x0000000008008334       0xe0 Drivers/STM32F4xx_HAL_Driver/Src/stm32f4xx_ll_tim.o
 .text.OC4Config
                0x0000000008008414       0xb0 Drivers/STM32F4xx_HAL_Driver/Src/stm32f4xx_ll_tim.o
 .text.LL_USART_IsEnabled
                0x00000000080084c4       0x28 Drivers/STM32F4xx_HAL_Driver/Src/stm32f4xx_ll_usart.o
 .text.LL_USART_SetStopBitsLength
                0x00000000080084ec       0x26 Drivers/STM32F4xx_HAL_Driver/Src/stm32f4xx_ll_usart.o
 .text.LL_USART_SetHWFlowCtrl
                0x0000000008008512       0x26 Drivers/STM32F4xx_HAL_Driver/Src/stm32f4xx_ll_usart.o
 .text.LL_USART_SetBaudRate
                0x0000000008008538      0x320 Drivers/STM32F4xx_HAL_Driver/Src/stm32f4xx_ll_usart.o
 .text.LL_USART_Init
                0x0000000008008858      0x100 Drivers/STM32F4xx_HAL_Driver/Src/stm32f4xx_ll_usart.o
                0x0000000008008858                LL_USART_Init
 .text.LL_InitTick
                0x0000000008008958       0x34 Drivers/STM32F4xx_HAL_Driver/Src/stm32f4xx_ll_utils.o
 .text.LL_Init1msTick
                0x000000000800898c       0x1a Drivers/STM32F4xx_HAL_Driver/Src/stm32f4xx_ll_utils.o
                0x000000000800898c                LL_Init1msTick
 *fill*         0x00000000080089a6        0x2 
 .text.LL_mDelay
                0x00000000080089a8       0x4c Drivers/STM32F4xx_HAL_Driver/Src/stm32f4xx_ll_utils.o
                0x00000000080089a8                LL_mDelay
 .text.LL_SetSystemCoreClock
                0x00000000080089f4       0x20 Drivers/STM32F4xx_HAL_Driver/Src/stm32f4xx_ll_utils.o
                0x00000000080089f4                LL_SetSystemCoreClock
 .text.__errno  0x0000000008008a14        0xc c:/st/stm32cubeide_1.0.2/stm32cubeide/plugins/com.st.stm32cube.ide.mcu.externaltools.gnu-tools-for-stm32.9-2020-q2-update.win32_1.5.0.202011040924/tools/bin/../lib/gcc/arm-none-eabi/9.3.1/../../../../arm-none-eabi/lib/thumb/v7e-m+fp/hard\libc_nano.a(lib_a-errno.o)
                0x0000000008008a14                __errno
 .text.__libc_init_array
                0x0000000008008a20       0x48 c:/st/stm32cubeide_1.0.2/stm32cubeide/plugins/com.st.stm32cube.ide.mcu.externaltools.gnu-tools-for-stm32.9-2020-q2-update.win32_1.5.0.202011040924/tools/bin/../lib/gcc/arm-none-eabi/9.3.1/../../../../arm-none-eabi/lib/thumb/v7e-m+fp/hard\libc_nano.a(lib_a-init.o)
                0x0000000008008a20                __libc_init_array
 .text.memset   0x0000000008008a68       0x10 c:/st/stm32cubeide_1.0.2/stm32cubeide/plugins/com.st.stm32cube.ide.mcu.externaltools.gnu-tools-for-stm32.9-2020-q2-update.win32_1.5.0.202011040924/tools/bin/../lib/gcc/arm-none-eabi/9.3.1/../../../../arm-none-eabi/lib/thumb/v7e-m+fp/hard\libc_nano.a(lib_a-memset.o)
                0x0000000008008a68                memset
 .text.__cvt    0x0000000008008a78       0xc4 c:/st/stm32cubeide_1.0.2/stm32cubeide/plugins/com.st.stm32cube.ide.mcu.externaltools.gnu-tools-for-stm32.9-2020-q2-update.win32_1.5.0.202011040924/tools/bin/../lib/gcc/arm-none-eabi/9.3.1/../../../../arm-none-eabi/lib/thumb/v7e-m+fp/hard\libc_nano.a(lib_a-nano-vfprintf_float.o)
                0x0000000008008a78                __cvt
 .text.__exponent
                0x0000000008008b3c       0x7c c:/st/stm32cubeide_1.0.2/stm32cubeide/plugins/com.st.stm32cube.ide.mcu.externaltools.gnu-tools-for-stm32.9-2020-q2-update.win32_1.5.0.202011040924/tools/bin/../lib/gcc/arm-none-eabi/9.3.1/../../../../arm-none-eabi/lib/thumb/v7e-m+fp/hard\libc_nano.a(lib_a-nano-vfprintf_float.o)
                0x0000000008008b3c                __exponent
 .text._printf_float
                0x0000000008008bb8      0x46c c:/st/stm32cubeide_1.0.2/stm32cubeide/plugins/com.st.stm32cube.ide.mcu.externaltools.gnu-tools-for-stm32.9-2020-q2-update.win32_1.5.0.202011040924/tools/bin/../lib/gcc/arm-none-eabi/9.3.1/../../../../arm-none-eabi/lib/thumb/v7e-m+fp/hard\libc_nano.a(lib_a-nano-vfprintf_float.o)
                0x0000000008008bb8                _printf_float
 .text._printf_common
                0x0000000008009024       0xda c:/st/stm32cubeide_1.0.2/stm32cubeide/plugins/com.st.stm32cube.ide.mcu.externaltools.gnu-tools-for-stm32.9-2020-q2-update.win32_1.5.0.202011040924/tools/bin/../lib/gcc/arm-none-eabi/9.3.1/../../../../arm-none-eabi/lib/thumb/v7e-m+fp/hard\libc_nano.a(lib_a-nano-vfprintf_i.o)
                0x0000000008009024                _printf_common
 *fill*         0x00000000080090fe        0x2 
 .text._printf_i
                0x0000000008009100      0x24c c:/st/stm32cubeide_1.0.2/stm32cubeide/plugins/com.st.stm32cube.ide.mcu.externaltools.gnu-tools-for-stm32.9-2020-q2-update.win32_1.5.0.202011040924/tools/bin/../lib/gcc/arm-none-eabi/9.3.1/../../../../arm-none-eabi/lib/thumb/v7e-m+fp/hard\libc_nano.a(lib_a-nano-vfprintf_i.o)
                0x0000000008009100                _printf_i
 .text.printf   0x000000000800934c       0x30 c:/st/stm32cubeide_1.0.2/stm32cubeide/plugins/com.st.stm32cube.ide.mcu.externaltools.gnu-tools-for-stm32.9-2020-q2-update.win32_1.5.0.202011040924/tools/bin/../lib/gcc/arm-none-eabi/9.3.1/../../../../arm-none-eabi/lib/thumb/v7e-m+fp/hard\libc_nano.a(lib_a-printf.o)
                0x000000000800934c                iprintf
                0x000000000800934c                printf
 .text._puts_r  0x000000000800937c       0xdc c:/st/stm32cubeide_1.0.2/stm32cubeide/plugins/com.st.stm32cube.ide.mcu.externaltools.gnu-tools-for-stm32.9-2020-q2-update.win32_1.5.0.202011040924/tools/bin/../lib/gcc/arm-none-eabi/9.3.1/../../../../arm-none-eabi/lib/thumb/v7e-m+fp/hard\libc_nano.a(lib_a-puts.o)
                0x000000000800937c                _puts_r
 .text.puts     0x0000000008009458       0x10 c:/st/stm32cubeide_1.0.2/stm32cubeide/plugins/com.st.stm32cube.ide.mcu.externaltools.gnu-tools-for-stm32.9-2020-q2-update.win32_1.5.0.202011040924/tools/bin/../lib/gcc/arm-none-eabi/9.3.1/../../../../arm-none-eabi/lib/thumb/v7e-m+fp/hard\libc_nano.a(lib_a-puts.o)
                0x0000000008009458                puts
 .text.setbuf   0x0000000008009468       0x10 c:/st/stm32cubeide_1.0.2/stm32cubeide/plugins/com.st.stm32cube.ide.mcu.externaltools.gnu-tools-for-stm32.9-2020-q2-update.win32_1.5.0.202011040924/tools/bin/../lib/gcc/arm-none-eabi/9.3.1/../../../../arm-none-eabi/lib/thumb/v7e-m+fp/hard\libc_nano.a(lib_a-setbuf.o)
                0x0000000008009468                setbuf
 .text.setvbuf  0x0000000008009478      0x18c c:/st/stm32cubeide_1.0.2/stm32cubeide/plugins/com.st.stm32cube.ide.mcu.externaltools.gnu-tools-for-stm32.9-2020-q2-update.win32_1.5.0.202011040924/tools/bin/../lib/gcc/arm-none-eabi/9.3.1/../../../../arm-none-eabi/lib/thumb/v7e-m+fp/hard\libc_nano.a(lib_a-setvbuf.o)
                0x0000000008009478                setvbuf
 .text.__swbuf_r
                0x0000000008009604       0xa4 c:/st/stm32cubeide_1.0.2/stm32cubeide/plugins/com.st.stm32cube.ide.mcu.externaltools.gnu-tools-for-stm32.9-2020-q2-update.win32_1.5.0.202011040924/tools/bin/../lib/gcc/arm-none-eabi/9.3.1/../../../../arm-none-eabi/lib/thumb/v7e-m+fp/hard\libc_nano.a(lib_a-wbuf.o)
                0x0000000008009604                __swbuf_r
 .text.__swsetup_r
                0x00000000080096a8       0xdc c:/st/stm32cubeide_1.0.2/stm32cubeide/plugins/com.st.stm32cube.ide.mcu.externaltools.gnu-tools-for-stm32.9-2020-q2-update.win32_1.5.0.202011040924/tools/bin/../lib/gcc/arm-none-eabi/9.3.1/../../../../arm-none-eabi/lib/thumb/v7e-m+fp/hard\libc_nano.a(lib_a-wsetup.o)
                0x00000000080096a8                __swsetup_r
 .text.quorem   0x0000000008009784      0x116 c:/st/stm32cubeide_1.0.2/stm32cubeide/plugins/com.st.stm32cube.ide.mcu.externaltools.gnu-tools-for-stm32.9-2020-q2-update.win32_1.5.0.202011040924/tools/bin/../lib/gcc/arm-none-eabi/9.3.1/../../../../arm-none-eabi/lib/thumb/v7e-m+fp/hard\libc_nano.a(lib_a-dtoa.o)
 *fill*         0x000000000800989a        0x6 
 .text._dtoa_r  0x00000000080098a0      0xbd8 c:/st/stm32cubeide_1.0.2/stm32cubeide/plugins/com.st.stm32cube.ide.mcu.externaltools.gnu-tools-for-stm32.9-2020-q2-update.win32_1.5.0.202011040924/tools/bin/../lib/gcc/arm-none-eabi/9.3.1/../../../../arm-none-eabi/lib/thumb/v7e-m+fp/hard\libc_nano.a(lib_a-dtoa.o)
                0x00000000080098a0                _dtoa_r
 .text.__sflush_r
                0x000000000800a478      0x10c c:/st/stm32cubeide_1.0.2/stm32cubeide/plugins/com.st.stm32cube.ide.mcu.externaltools.gnu-tools-for-stm32.9-2020-q2-update.win32_1.5.0.202011040924/tools/bin/../lib/gcc/arm-none-eabi/9.3.1/../../../../arm-none-eabi/lib/thumb/v7e-m+fp/hard\libc_nano.a(lib_a-fflush.o)
                0x000000000800a478                __sflush_r
 .text._fflush_r
                0x000000000800a584       0x78 c:/st/stm32cubeide_1.0.2/stm32cubeide/plugins/com.st.stm32cube.ide.mcu.externaltools.gnu-tools-for-stm32.9-2020-q2-update.win32_1.5.0.202011040924/tools/bin/../lib/gcc/arm-none-eabi/9.3.1/../../../../arm-none-eabi/lib/thumb/v7e-m+fp/hard\libc_nano.a(lib_a-fflush.o)
                0x000000000800a584                _fflush_r
 .text.std      0x000000000800a5fc       0x48 c:/st/stm32cubeide_1.0.2/stm32cubeide/plugins/com.st.stm32cube.ide.mcu.externaltools.gnu-tools-for-stm32.9-2020-q2-update.win32_1.5.0.202011040924/tools/bin/../lib/gcc/arm-none-eabi/9.3.1/../../../../arm-none-eabi/lib/thumb/v7e-m+fp/hard\libc_nano.a(lib_a-findfp.o)
 .text._cleanup_r
                0x000000000800a644        0xc c:/st/stm32cubeide_1.0.2/stm32cubeide/plugins/com.st.stm32cube.ide.mcu.externaltools.gnu-tools-for-stm32.9-2020-q2-update.win32_1.5.0.202011040924/tools/bin/../lib/gcc/arm-none-eabi/9.3.1/../../../../arm-none-eabi/lib/thumb/v7e-m+fp/hard\libc_nano.a(lib_a-findfp.o)
                0x000000000800a644                _cleanup_r
 .text.__sfmoreglue
                0x000000000800a650       0x2c c:/st/stm32cubeide_1.0.2/stm32cubeide/plugins/com.st.stm32cube.ide.mcu.externaltools.gnu-tools-for-stm32.9-2020-q2-update.win32_1.5.0.202011040924/tools/bin/../lib/gcc/arm-none-eabi/9.3.1/../../../../arm-none-eabi/lib/thumb/v7e-m+fp/hard\libc_nano.a(lib_a-findfp.o)
                0x000000000800a650                __sfmoreglue
 .text.__sfp_lock_acquire
                0x000000000800a67c        0xc c:/st/stm32cubeide_1.0.2/stm32cubeide/plugins/com.st.stm32cube.ide.mcu.externaltools.gnu-tools-for-stm32.9-2020-q2-update.win32_1.5.0.202011040924/tools/bin/../lib/gcc/arm-none-eabi/9.3.1/../../../../arm-none-eabi/lib/thumb/v7e-m+fp/hard\libc_nano.a(lib_a-findfp.o)
                0x000000000800a67c                __sfp_lock_acquire
 .text.__sfp_lock_release
                0x000000000800a688        0xc c:/st/stm32cubeide_1.0.2/stm32cubeide/plugins/com.st.stm32cube.ide.mcu.externaltools.gnu-tools-for-stm32.9-2020-q2-update.win32_1.5.0.202011040924/tools/bin/../lib/gcc/arm-none-eabi/9.3.1/../../../../arm-none-eabi/lib/thumb/v7e-m+fp/hard\libc_nano.a(lib_a-findfp.o)
                0x000000000800a688                __sfp_lock_release
 .text.__sinit_lock_acquire
                0x000000000800a694        0xc c:/st/stm32cubeide_1.0.2/stm32cubeide/plugins/com.st.stm32cube.ide.mcu.externaltools.gnu-tools-for-stm32.9-2020-q2-update.win32_1.5.0.202011040924/tools/bin/../lib/gcc/arm-none-eabi/9.3.1/../../../../arm-none-eabi/lib/thumb/v7e-m+fp/hard\libc_nano.a(lib_a-findfp.o)
                0x000000000800a694                __sinit_lock_acquire
 .text.__sinit_lock_release
                0x000000000800a6a0        0xc c:/st/stm32cubeide_1.0.2/stm32cubeide/plugins/com.st.stm32cube.ide.mcu.externaltools.gnu-tools-for-stm32.9-2020-q2-update.win32_1.5.0.202011040924/tools/bin/../lib/gcc/arm-none-eabi/9.3.1/../../../../arm-none-eabi/lib/thumb/v7e-m+fp/hard\libc_nano.a(lib_a-findfp.o)
                0x000000000800a6a0                __sinit_lock_release
 .text.__sinit  0x000000000800a6ac       0x70 c:/st/stm32cubeide_1.0.2/stm32cubeide/plugins/com.st.stm32cube.ide.mcu.externaltools.gnu-tools-for-stm32.9-2020-q2-update.win32_1.5.0.202011040924/tools/bin/../lib/gcc/arm-none-eabi/9.3.1/../../../../arm-none-eabi/lib/thumb/v7e-m+fp/hard\libc_nano.a(lib_a-findfp.o)
                0x000000000800a6ac                __sinit
 .text.__sfp    0x000000000800a71c       0x8c c:/st/stm32cubeide_1.0.2/stm32cubeide/plugins/com.st.stm32cube.ide.mcu.externaltools.gnu-tools-for-stm32.9-2020-q2-update.win32_1.5.0.202011040924/tools/bin/../lib/gcc/arm-none-eabi/9.3.1/../../../../arm-none-eabi/lib/thumb/v7e-m+fp/hard\libc_nano.a(lib_a-findfp.o)
                0x000000000800a71c                __sfp
 .text._fwalk_reent
                0x000000000800a7a8       0x3e c:/st/stm32cubeide_1.0.2/stm32cubeide/plugins/com.st.stm32cube.ide.mcu.externaltools.gnu-tools-for-stm32.9-2020-q2-update.win32_1.5.0.202011040924/tools/bin/../lib/gcc/arm-none-eabi/9.3.1/../../../../arm-none-eabi/lib/thumb/v7e-m+fp/hard\libc_nano.a(lib_a-fwalk.o)
                0x000000000800a7a8                _fwalk_reent
 *fill*         0x000000000800a7e6        0x2 
 .text._localeconv_r
                0x000000000800a7e8        0x8 c:/st/stm32cubeide_1.0.2/stm32cubeide/plugins/com.st.stm32cube.ide.mcu.externaltools.gnu-tools-for-stm32.9-2020-q2-update.win32_1.5.0.202011040924/tools/bin/../lib/gcc/arm-none-eabi/9.3.1/../../../../arm-none-eabi/lib/thumb/v7e-m+fp/hard\libc_nano.a(lib_a-localeconv.o)
                0x000000000800a7e8                _localeconv_r
 .text.__retarget_lock_init_recursive
                0x000000000800a7f0        0x2 c:/st/stm32cubeide_1.0.2/stm32cubeide/plugins/com.st.stm32cube.ide.mcu.externaltools.gnu-tools-for-stm32.9-2020-q2-update.win32_1.5.0.202011040924/tools/bin/../lib/gcc/arm-none-eabi/9.3.1/../../../../arm-none-eabi/lib/thumb/v7e-m+fp/hard\libc_nano.a(lib_a-lock.o)
                0x000000000800a7f0                __retarget_lock_init_recursive
 .text.__retarget_lock_acquire_recursive
                0x000000000800a7f2        0x2 c:/st/stm32cubeide_1.0.2/stm32cubeide/plugins/com.st.stm32cube.ide.mcu.externaltools.gnu-tools-for-stm32.9-2020-q2-update.win32_1.5.0.202011040924/tools/bin/../lib/gcc/arm-none-eabi/9.3.1/../../../../arm-none-eabi/lib/thumb/v7e-m+fp/hard\libc_nano.a(lib_a-lock.o)
                0x000000000800a7f2                __retarget_lock_acquire_recursive
 .text.__retarget_lock_release_recursive
                0x000000000800a7f4        0x2 c:/st/stm32cubeide_1.0.2/stm32cubeide/plugins/com.st.stm32cube.ide.mcu.externaltools.gnu-tools-for-stm32.9-2020-q2-update.win32_1.5.0.202011040924/tools/bin/../lib/gcc/arm-none-eabi/9.3.1/../../../../arm-none-eabi/lib/thumb/v7e-m+fp/hard\libc_nano.a(lib_a-lock.o)
                0x000000000800a7f4                __retarget_lock_release_recursive
 .text.__swhatbuf_r
                0x000000000800a7f6       0x48 c:/st/stm32cubeide_1.0.2/stm32cubeide/plugins/com.st.stm32cube.ide.mcu.externaltools.gnu-tools-for-stm32.9-2020-q2-update.win32_1.5.0.202011040924/tools/bin/../lib/gcc/arm-none-eabi/9.3.1/../../../../arm-none-eabi/lib/thumb/v7e-m+fp/hard\libc_nano.a(lib_a-makebuf.o)
                0x000000000800a7f6                __swhatbuf_r
 *fill*         0x000000000800a83e        0x2 
 .text.__smakebuf_r
                0x000000000800a840       0x80 c:/st/stm32cubeide_1.0.2/stm32cubeide/plugins/com.st.stm32cube.ide.mcu.externaltools.gnu-tools-for-stm32.9-2020-q2-update.win32_1.5.0.202011040924/tools/bin/../lib/gcc/arm-none-eabi/9.3.1/../../../../arm-none-eabi/lib/thumb/v7e-m+fp/hard\libc_nano.a(lib_a-makebuf.o)
                0x000000000800a840                __smakebuf_r
 .text.malloc   0x000000000800a8c0       0x10 c:/st/stm32cubeide_1.0.2/stm32cubeide/plugins/com.st.stm32cube.ide.mcu.externaltools.gnu-tools-for-stm32.9-2020-q2-update.win32_1.5.0.202011040924/tools/bin/../lib/gcc/arm-none-eabi/9.3.1/../../../../arm-none-eabi/lib/thumb/v7e-m+fp/hard\libc_nano.a(lib_a-malloc.o)
                0x000000000800a8c0                malloc
 .text.memcpy   0x000000000800a8d0       0x1c c:/st/stm32cubeide_1.0.2/stm32cubeide/plugins/com.st.stm32cube.ide.mcu.externaltools.gnu-tools-for-stm32.9-2020-q2-update.win32_1.5.0.202011040924/tools/bin/../lib/gcc/arm-none-eabi/9.3.1/../../../../arm-none-eabi/lib/thumb/v7e-m+fp/hard\libc_nano.a(lib_a-memcpy-stub.o)
                0x000000000800a8d0                memcpy
 .text._Balloc  0x000000000800a8ec       0x80 c:/st/stm32cubeide_1.0.2/stm32cubeide/plugins/com.st.stm32cube.ide.mcu.externaltools.gnu-tools-for-stm32.9-2020-q2-update.win32_1.5.0.202011040924/tools/bin/../lib/gcc/arm-none-eabi/9.3.1/../../../../arm-none-eabi/lib/thumb/v7e-m+fp/hard\libc_nano.a(lib_a-mprec.o)
                0x000000000800a8ec                _Balloc
 .text._Bfree   0x000000000800a96c       0x44 c:/st/stm32cubeide_1.0.2/stm32cubeide/plugins/com.st.stm32cube.ide.mcu.externaltools.gnu-tools-for-stm32.9-2020-q2-update.win32_1.5.0.202011040924/tools/bin/../lib/gcc/arm-none-eabi/9.3.1/../../../../arm-none-eabi/lib/thumb/v7e-m+fp/hard\libc_nano.a(lib_a-mprec.o)
                0x000000000800a96c                _Bfree
 .text.__multadd
                0x000000000800a9b0       0x94 c:/st/stm32cubeide_1.0.2/stm32cubeide/plugins/com.st.stm32cube.ide.mcu.externaltools.gnu-tools-for-stm32.9-2020-q2-update.win32_1.5.0.202011040924/tools/bin/../lib/gcc/arm-none-eabi/9.3.1/../../../../arm-none-eabi/lib/thumb/v7e-m+fp/hard\libc_nano.a(lib_a-mprec.o)
                0x000000000800a9b0                __multadd
 .text.__hi0bits
                0x000000000800aa44       0x40 c:/st/stm32cubeide_1.0.2/stm32cubeide/plugins/com.st.stm32cube.ide.mcu.externaltools.gnu-tools-for-stm32.9-2020-q2-update.win32_1.5.0.202011040924/tools/bin/../lib/gcc/arm-none-eabi/9.3.1/../../../../arm-none-eabi/lib/thumb/v7e-m+fp/hard\libc_nano.a(lib_a-mprec.o)
                0x000000000800aa44                __hi0bits
 .text.__lo0bits
                0x000000000800aa84       0x60 c:/st/stm32cubeide_1.0.2/stm32cubeide/plugins/com.st.stm32cube.ide.mcu.externaltools.gnu-tools-for-stm32.9-2020-q2-update.win32_1.5.0.202011040924/tools/bin/../lib/gcc/arm-none-eabi/9.3.1/../../../../arm-none-eabi/lib/thumb/v7e-m+fp/hard\libc_nano.a(lib_a-mprec.o)
                0x000000000800aa84                __lo0bits
 .text.__i2b    0x000000000800aae4       0x2c c:/st/stm32cubeide_1.0.2/stm32cubeide/plugins/com.st.stm32cube.ide.mcu.externaltools.gnu-tools-for-stm32.9-2020-q2-update.win32_1.5.0.202011040924/tools/bin/../lib/gcc/arm-none-eabi/9.3.1/../../../../arm-none-eabi/lib/thumb/v7e-m+fp/hard\libc_nano.a(lib_a-mprec.o)
                0x000000000800aae4                __i2b
 .text.__multiply
                0x000000000800ab10      0x14c c:/st/stm32cubeide_1.0.2/stm32cubeide/plugins/com.st.stm32cube.ide.mcu.externaltools.gnu-tools-for-stm32.9-2020-q2-update.win32_1.5.0.202011040924/tools/bin/../lib/gcc/arm-none-eabi/9.3.1/../../../../arm-none-eabi/lib/thumb/v7e-m+fp/hard\libc_nano.a(lib_a-mprec.o)
                0x000000000800ab10                __multiply
 .text.__pow5mult
                0x000000000800ac5c       0xb4 c:/st/stm32cubeide_1.0.2/stm32cubeide/plugins/com.st.stm32cube.ide.mcu.externaltools.gnu-tools-for-stm32.9-2020-q2-update.win32_1.5.0.202011040924/tools/bin/../lib/gcc/arm-none-eabi/9.3.1/../../../../arm-none-eabi/lib/thumb/v7e-m+fp/hard\libc_nano.a(lib_a-mprec.o)
                0x000000000800ac5c                __pow5mult
 .text.__lshift
                0x000000000800ad10       0xd8 c:/st/stm32cubeide_1.0.2/stm32cubeide/plugins/com.st.stm32cube.ide.mcu.externaltools.gnu-tools-for-stm32.9-2020-q2-update.win32_1.5.0.202011040924/tools/bin/../lib/gcc/arm-none-eabi/9.3.1/../../../../arm-none-eabi/lib/thumb/v7e-m+fp/hard\libc_nano.a(lib_a-mprec.o)
                0x000000000800ad10                __lshift
 .text.__mcmp   0x000000000800ade8       0x38 c:/st/stm32cubeide_1.0.2/stm32cubeide/plugins/com.st.stm32cube.ide.mcu.externaltools.gnu-tools-for-stm32.9-2020-q2-update.win32_1.5.0.202011040924/tools/bin/../lib/gcc/arm-none-eabi/9.3.1/../../../../arm-none-eabi/lib/thumb/v7e-m+fp/hard\libc_nano.a(lib_a-mprec.o)
                0x000000000800ade8                __mcmp
 .text.__mdiff  0x000000000800ae20      0x110 c:/st/stm32cubeide_1.0.2/stm32cubeide/plugins/com.st.stm32cube.ide.mcu.externaltools.gnu-tools-for-stm32.9-2020-q2-update.win32_1.5.0.202011040924/tools/bin/../lib/gcc/arm-none-eabi/9.3.1/../../../../arm-none-eabi/lib/thumb/v7e-m+fp/hard\libc_nano.a(lib_a-mprec.o)
                0x000000000800ae20                __mdiff
 .text.__d2b    0x000000000800af30       0xb8 c:/st/stm32cubeide_1.0.2/stm32cubeide/plugins/com.st.stm32cube.ide.mcu.externaltools.gnu-tools-for-stm32.9-2020-q2-update.win32_1.5.0.202011040924/tools/bin/../lib/gcc/arm-none-eabi/9.3.1/../../../../arm-none-eabi/lib/thumb/v7e-m+fp/hard\libc_nano.a(lib_a-mprec.o)
                0x000000000800af30                __d2b
 .text._calloc_r
                0x000000000800afe8       0x1e c:/st/stm32cubeide_1.0.2/stm32cubeide/plugins/com.st.stm32cube.ide.mcu.externaltools.gnu-tools-for-stm32.9-2020-q2-update.win32_1.5.0.202011040924/tools/bin/../lib/gcc/arm-none-eabi/9.3.1/../../../../arm-none-eabi/lib/thumb/v7e-m+fp/hard\libc_nano.a(lib_a-nano-callocr.o)
                0x000000000800afe8                _calloc_r
 *fill*         0x000000000800b006        0x2 
 .text._free_r  0x000000000800b008       0xa0 c:/st/stm32cubeide_1.0.2/stm32cubeide/plugins/com.st.stm32cube.ide.mcu.externaltools.gnu-tools-for-stm32.9-2020-q2-update.win32_1.5.0.202011040924/tools/bin/../lib/gcc/arm-none-eabi/9.3.1/../../../../arm-none-eabi/lib/thumb/v7e-m+fp/hard\libc_nano.a(lib_a-nano-freer.o)
                0x000000000800b008                _free_r
 .text._malloc_r
                0x000000000800b0a8       0xb4 c:/st/stm32cubeide_1.0.2/stm32cubeide/plugins/com.st.stm32cube.ide.mcu.externaltools.gnu-tools-for-stm32.9-2020-q2-update.win32_1.5.0.202011040924/tools/bin/../lib/gcc/arm-none-eabi/9.3.1/../../../../arm-none-eabi/lib/thumb/v7e-m+fp/hard\libc_nano.a(lib_a-nano-mallocr.o)
                0x000000000800b0a8                _malloc_r
 .text.__sfputc_r
                0x000000000800b15c       0x2e c:/st/stm32cubeide_1.0.2/stm32cubeide/plugins/com.st.stm32cube.ide.mcu.externaltools.gnu-tools-for-stm32.9-2020-q2-update.win32_1.5.0.202011040924/tools/bin/../lib/gcc/arm-none-eabi/9.3.1/../../../../arm-none-eabi/lib/thumb/v7e-m+fp/hard\libc_nano.a(lib_a-nano-vfprintf.o)
 .text.__sfputs_r
                0x000000000800b18a       0x24 c:/st/stm32cubeide_1.0.2/stm32cubeide/plugins/com.st.stm32cube.ide.mcu.externaltools.gnu-tools-for-stm32.9-2020-q2-update.win32_1.5.0.202011040924/tools/bin/../lib/gcc/arm-none-eabi/9.3.1/../../../../arm-none-eabi/lib/thumb/v7e-m+fp/hard\libc_nano.a(lib_a-nano-vfprintf.o)
                0x000000000800b18a                __sfputs_r
 *fill*         0x000000000800b1ae        0x2 
 .text._vfprintf_r
                0x000000000800b1b0      0x260 c:/st/stm32cubeide_1.0.2/stm32cubeide/plugins/com.st.stm32cube.ide.mcu.externaltools.gnu-tools-for-stm32.9-2020-q2-update.win32_1.5.0.202011040924/tools/bin/../lib/gcc/arm-none-eabi/9.3.1/../../../../arm-none-eabi/lib/thumb/v7e-m+fp/hard\libc_nano.a(lib_a-nano-vfprintf.o)
                0x000000000800b1b0                _vfprintf_r
                0x000000000800b1b0                _vfiprintf_r
 .text._sbrk_r  0x000000000800b410       0x20 c:/st/stm32cubeide_1.0.2/stm32cubeide/plugins/com.st.stm32cube.ide.mcu.externaltools.gnu-tools-for-stm32.9-2020-q2-update.win32_1.5.0.202011040924/tools/bin/../lib/gcc/arm-none-eabi/9.3.1/../../../../arm-none-eabi/lib/thumb/v7e-m+fp/hard\libc_nano.a(lib_a-sbrkr.o)
                0x000000000800b410                _sbrk_r
 .text.__sread  0x000000000800b430       0x22 c:/st/stm32cubeide_1.0.2/stm32cubeide/plugins/com.st.stm32cube.ide.mcu.externaltools.gnu-tools-for-stm32.9-2020-q2-update.win32_1.5.0.202011040924/tools/bin/../lib/gcc/arm-none-eabi/9.3.1/../../../../arm-none-eabi/lib/thumb/v7e-m+fp/hard\libc_nano.a(lib_a-stdio.o)
                0x000000000800b430                __sread
 .text.__swrite
                0x000000000800b452       0x38 c:/st/stm32cubeide_1.0.2/stm32cubeide/plugins/com.st.stm32cube.ide.mcu.externaltools.gnu-tools-for-stm32.9-2020-q2-update.win32_1.5.0.202011040924/tools/bin/../lib/gcc/arm-none-eabi/9.3.1/../../../../arm-none-eabi/lib/thumb/v7e-m+fp/hard\libc_nano.a(lib_a-stdio.o)
                0x000000000800b452                __swrite
 .text.__sseek  0x000000000800b48a       0x24 c:/st/stm32cubeide_1.0.2/stm32cubeide/plugins/com.st.stm32cube.ide.mcu.externaltools.gnu-tools-for-stm32.9-2020-q2-update.win32_1.5.0.202011040924/tools/bin/../lib/gcc/arm-none-eabi/9.3.1/../../../../arm-none-eabi/lib/thumb/v7e-m+fp/hard\libc_nano.a(lib_a-stdio.o)
                0x000000000800b48a                __sseek
 .text.__sclose
                0x000000000800b4ae        0x8 c:/st/stm32cubeide_1.0.2/stm32cubeide/plugins/com.st.stm32cube.ide.mcu.externaltools.gnu-tools-for-stm32.9-2020-q2-update.win32_1.5.0.202011040924/tools/bin/../lib/gcc/arm-none-eabi/9.3.1/../../../../arm-none-eabi/lib/thumb/v7e-m+fp/hard\libc_nano.a(lib_a-stdio.o)
                0x000000000800b4ae                __sclose
 *fill*         0x000000000800b4b6        0x2 
 .text._write_r
                0x000000000800b4b8       0x24 c:/st/stm32cubeide_1.0.2/stm32cubeide/plugins/com.st.stm32cube.ide.mcu.externaltools.gnu-tools-for-stm32.9-2020-q2-update.win32_1.5.0.202011040924/tools/bin/../lib/gcc/arm-none-eabi/9.3.1/../../../../arm-none-eabi/lib/thumb/v7e-m+fp/hard\libc_nano.a(lib_a-writer.o)
                0x000000000800b4b8                _write_r
 .text.__assert_func
                0x000000000800b4dc       0x3c c:/st/stm32cubeide_1.0.2/stm32cubeide/plugins/com.st.stm32cube.ide.mcu.externaltools.gnu-tools-for-stm32.9-2020-q2-update.win32_1.5.0.202011040924/tools/bin/../lib/gcc/arm-none-eabi/9.3.1/../../../../arm-none-eabi/lib/thumb/v7e-m+fp/hard\libc_nano.a(lib_a-assert.o)
                0x000000000800b4dc                __assert_func
 .text._close_r
                0x000000000800b518       0x20 c:/st/stm32cubeide_1.0.2/stm32cubeide/plugins/com.st.stm32cube.ide.mcu.externaltools.gnu-tools-for-stm32.9-2020-q2-update.win32_1.5.0.202011040924/tools/bin/../lib/gcc/arm-none-eabi/9.3.1/../../../../arm-none-eabi/lib/thumb/v7e-m+fp/hard\libc_nano.a(lib_a-closer.o)
                0x000000000800b518                _close_r
 .text.fprintf  0x000000000800b538       0x24 c:/st/stm32cubeide_1.0.2/stm32cubeide/plugins/com.st.stm32cube.ide.mcu.externaltools.gnu-tools-for-stm32.9-2020-q2-update.win32_1.5.0.202011040924/tools/bin/../lib/gcc/arm-none-eabi/9.3.1/../../../../arm-none-eabi/lib/thumb/v7e-m+fp/hard\libc_nano.a(lib_a-fprintf.o)
                0x000000000800b538                fiprintf
                0x000000000800b538                fprintf
 .text._fstat_r
                0x000000000800b55c       0x24 c:/st/stm32cubeide_1.0.2/stm32cubeide/plugins/com.st.stm32cube.ide.mcu.externaltools.gnu-tools-for-stm32.9-2020-q2-update.win32_1.5.0.202011040924/tools/bin/../lib/gcc/arm-none-eabi/9.3.1/../../../../arm-none-eabi/lib/thumb/v7e-m+fp/hard\libc_nano.a(lib_a-fstatr.o)
                0x000000000800b55c                _fstat_r
 .text._isatty_r
                0x000000000800b580       0x20 c:/st/stm32cubeide_1.0.2/stm32cubeide/plugins/com.st.stm32cube.ide.mcu.externaltools.gnu-tools-for-stm32.9-2020-q2-update.win32_1.5.0.202011040924/tools/bin/../lib/gcc/arm-none-eabi/9.3.1/../../../../arm-none-eabi/lib/thumb/v7e-m+fp/hard\libc_nano.a(lib_a-isattyr.o)
                0x000000000800b580                _isatty_r
 .text._lseek_r
                0x000000000800b5a0       0x24 c:/st/stm32cubeide_1.0.2/stm32cubeide/plugins/com.st.stm32cube.ide.mcu.externaltools.gnu-tools-for-stm32.9-2020-q2-update.win32_1.5.0.202011040924/tools/bin/../lib/gcc/arm-none-eabi/9.3.1/../../../../arm-none-eabi/lib/thumb/v7e-m+fp/hard\libc_nano.a(lib_a-lseekr.o)
                0x000000000800b5a0                _lseek_r
 .text.__ascii_mbtowc
                0x000000000800b5c4       0x24 c:/st/stm32cubeide_1.0.2/stm32cubeide/plugins/com.st.stm32cube.ide.mcu.externaltools.gnu-tools-for-stm32.9-2020-q2-update.win32_1.5.0.202011040924/tools/bin/../lib/gcc/arm-none-eabi/9.3.1/../../../../arm-none-eabi/lib/thumb/v7e-m+fp/hard\libc_nano.a(lib_a-mbtowc_r.o)
                0x000000000800b5c4                __ascii_mbtowc
 .text.__malloc_lock
                0x000000000800b5e8        0xc c:/st/stm32cubeide_1.0.2/stm32cubeide/plugins/com.st.stm32cube.ide.mcu.externaltools.gnu-tools-for-stm32.9-2020-q2-update.win32_1.5.0.202011040924/tools/bin/../lib/gcc/arm-none-eabi/9.3.1/../../../../arm-none-eabi/lib/thumb/v7e-m+fp/hard\libc_nano.a(lib_a-mlock.o)
                0x000000000800b5e8                __malloc_lock
 .text.__malloc_unlock
                0x000000000800b5f4        0xc c:/st/stm32cubeide_1.0.2/stm32cubeide/plugins/com.st.stm32cube.ide.mcu.externaltools.gnu-tools-for-stm32.9-2020-q2-update.win32_1.5.0.202011040924/tools/bin/../lib/gcc/arm-none-eabi/9.3.1/../../../../arm-none-eabi/lib/thumb/v7e-m+fp/hard\libc_nano.a(lib_a-mlock.o)
                0x000000000800b5f4                __malloc_unlock
 .text._read_r  0x000000000800b600       0x24 c:/st/stm32cubeide_1.0.2/stm32cubeide/plugins/com.st.stm32cube.ide.mcu.externaltools.gnu-tools-for-stm32.9-2020-q2-update.win32_1.5.0.202011040924/tools/bin/../lib/gcc/arm-none-eabi/9.3.1/../../../../arm-none-eabi/lib/thumb/v7e-m+fp/hard\libc_nano.a(lib_a-readr.o)
                0x000000000800b600                _read_r
 .text.__ascii_wctomb
                0x000000000800b624       0x1a c:/st/stm32cubeide_1.0.2/stm32cubeide/plugins/com.st.stm32cube.ide.mcu.externaltools.gnu-tools-for-stm32.9-2020-q2-update.win32_1.5.0.202011040924/tools/bin/../lib/gcc/arm-none-eabi/9.3.1/../../../../arm-none-eabi/lib/thumb/v7e-m+fp/hard\libc_nano.a(lib_a-wctomb_r.o)
                0x000000000800b624                __ascii_wctomb
 .text.abort    0x000000000800b63e        0xe c:/st/stm32cubeide_1.0.2/stm32cubeide/plugins/com.st.stm32cube.ide.mcu.externaltools.gnu-tools-for-stm32.9-2020-q2-update.win32_1.5.0.202011040924/tools/bin/../lib/gcc/arm-none-eabi/9.3.1/../../../../arm-none-eabi/lib/thumb/v7e-m+fp/hard\libc_nano.a(lib_a-abort.o)
                0x000000000800b63e                abort
 .text._raise_r
                0x000000000800b64c       0x50 c:/st/stm32cubeide_1.0.2/stm32cubeide/plugins/com.st.stm32cube.ide.mcu.externaltools.gnu-tools-for-stm32.9-2020-q2-update.win32_1.5.0.202011040924/tools/bin/../lib/gcc/arm-none-eabi/9.3.1/../../../../arm-none-eabi/lib/thumb/v7e-m+fp/hard\libc_nano.a(lib_a-signal.o)
                0x000000000800b64c                _raise_r
 .text.raise    0x000000000800b69c       0x10 c:/st/stm32cubeide_1.0.2/stm32cubeide/plugins/com.st.stm32cube.ide.mcu.externaltools.gnu-tools-for-stm32.9-2020-q2-update.win32_1.5.0.202011040924/tools/bin/../lib/gcc/arm-none-eabi/9.3.1/../../../../arm-none-eabi/lib/thumb/v7e-m+fp/hard\libc_nano.a(lib_a-signal.o)
                0x000000000800b69c                raise
 .text._kill_r  0x000000000800b6ac       0x24 c:/st/stm32cubeide_1.0.2/stm32cubeide/plugins/com.st.stm32cube.ide.mcu.externaltools.gnu-tools-for-stm32.9-2020-q2-update.win32_1.5.0.202011040924/tools/bin/../lib/gcc/arm-none-eabi/9.3.1/../../../../arm-none-eabi/lib/thumb/v7e-m+fp/hard\libc_nano.a(lib_a-signalr.o)
                0x000000000800b6ac                _kill_r
 .text._getpid_r
                0x000000000800b6d0        0x4 c:/st/stm32cubeide_1.0.2/stm32cubeide/plugins/com.st.stm32cube.ide.mcu.externaltools.gnu-tools-for-stm32.9-2020-q2-update.win32_1.5.0.202011040924/tools/bin/../lib/gcc/arm-none-eabi/9.3.1/../../../../arm-none-eabi/lib/thumb/v7e-m+fp/hard\libc_nano.a(lib_a-signalr.o)
                0x000000000800b6d0                _getpid_r
 *(.glue_7)
 .glue_7        0x000000000800b6d4        0x0 linker stubs
 *(.glue_7t)
 .glue_7t       0x000000000800b6d4        0x0 linker stubs
 *(.eh_frame)
 .eh_frame      0x000000000800b6d4        0x0 c:/st/stm32cubeide_1.0.2/stm32cubeide/plugins/com.st.stm32cube.ide.mcu.externaltools.gnu-tools-for-stm32.9-2020-q2-update.win32_1.5.0.202011040924/tools/bin/../lib/gcc/arm-none-eabi/9.3.1/thumb/v7e-m+fp/hard/crtbegin.o
 *(.init)
 .init          0x000000000800b6d4        0x4 c:/st/stm32cubeide_1.0.2/stm32cubeide/plugins/com.st.stm32cube.ide.mcu.externaltools.gnu-tools-for-stm32.9-2020-q2-update.win32_1.5.0.202011040924/tools/bin/../lib/gcc/arm-none-eabi/9.3.1/thumb/v7e-m+fp/hard/crti.o
                0x000000000800b6d4                _init
 .init          0x000000000800b6d8        0x8 c:/st/stm32cubeide_1.0.2/stm32cubeide/plugins/com.st.stm32cube.ide.mcu.externaltools.gnu-tools-for-stm32.9-2020-q2-update.win32_1.5.0.202011040924/tools/bin/../lib/gcc/arm-none-eabi/9.3.1/thumb/v7e-m+fp/hard/crtn.o
 *(.fini)
 .fini          0x000000000800b6e0        0x4 c:/st/stm32cubeide_1.0.2/stm32cubeide/plugins/com.st.stm32cube.ide.mcu.externaltools.gnu-tools-for-stm32.9-2020-q2-update.win32_1.5.0.202011040924/tools/bin/../lib/gcc/arm-none-eabi/9.3.1/thumb/v7e-m+fp/hard/crti.o
                0x000000000800b6e0                _fini
 .fini          0x000000000800b6e4        0x8 c:/st/stm32cubeide_1.0.2/stm32cubeide/plugins/com.st.stm32cube.ide.mcu.externaltools.gnu-tools-for-stm32.9-2020-q2-update.win32_1.5.0.202011040924/tools/bin/../lib/gcc/arm-none-eabi/9.3.1/thumb/v7e-m+fp/hard/crtn.o
                0x000000000800b6ec                . = ALIGN (0x4)
                0x000000000800b6ec                _etext = .

.vfp11_veneer   0x000000000800b6ec        0x0
 .vfp11_veneer  0x000000000800b6ec        0x0 linker stubs

.v4_bx          0x000000000800b6ec        0x0
 .v4_bx         0x000000000800b6ec        0x0 linker stubs

.iplt           0x000000000800b6ec        0x0
 .iplt          0x000000000800b6ec        0x0 c:/st/stm32cubeide_1.0.2/stm32cubeide/plugins/com.st.stm32cube.ide.mcu.externaltools.gnu-tools-for-stm32.9-2020-q2-update.win32_1.5.0.202011040924/tools/bin/../lib/gcc/arm-none-eabi/9.3.1/thumb/v7e-m+fp/hard/crtbegin.o

.rodata         0x000000000800b6f0      0x5f4
                0x000000000800b6f0                . = ALIGN (0x4)
 *(.rodata)
 .rodata        0x000000000800b6f0       0x6c Core/Src/Controller/mode.o
 .rodata        0x000000000800b75c       0x7a Core/Src/Controller/test.o
 *fill*         0x000000000800b7d6        0x2 
 .rodata        0x000000000800b7d8       0x28 Core/Src/Hardware/ICM20689.o
 .rodata        0x000000000800b800       0xba Core/Src/main.o
 *(.rodata*)
 *fill*         0x000000000800b8ba        0x2 
 .rodata.STREAM_OFFSET_TAB
                0x000000000800b8bc        0x8 Core/Src/Hardware/wall_sensor.o
 .rodata.STREAM_OFFSET_TAB
                0x000000000800b8c4        0x8 Core/Src/adc.o
 .rodata.AHBPrescTable
                0x000000000800b8cc       0x10 Core/Src/system_stm32f4xx.o
                0x000000000800b8cc                AHBPrescTable
 .rodata.APBPrescTable
                0x000000000800b8dc        0x8 Core/Src/system_stm32f4xx.o
                0x000000000800b8dc                APBPrescTable
 .rodata.OFFSET_TAB_CCMRx
                0x000000000800b8e4        0x7 Core/Src/tim.o
 *fill*         0x000000000800b8eb        0x1 
 .rodata.SHIFT_TAB_OCxx
                0x000000000800b8ec        0x7 Core/Src/tim.o
 *fill*         0x000000000800b8f3        0x1 
 .rodata.SHIFT_TAB_ICxx
                0x000000000800b8f4        0x7 Core/Src/tim.o
 *fill*         0x000000000800b8fb        0x1 
 .rodata.SHIFT_TAB_CCxP
                0x000000000800b8fc        0x7 Core/Src/tim.o
 *fill*         0x000000000800b903        0x1 
 .rodata._global_impure_ptr