Archive member included to satisfy reference by file (symbol)

c:/st/stm32cubeide_1.0.2/stm32cubeide/plugins/com.st.stm32cube.ide.mcu.externaltools.gnu-tools-for-stm32.9-2020-q2-update.win32_1.5.0.202011040924/tools/bin/../lib/gcc/arm-none-eabi/9.3.1/../../../../arm-none-eabi/lib/thumb/v7e-m+fp/hard\libc_nano.a(lib_a-errno.o)
                              Core/Src/syscalls.o (__errno)
c:/st/stm32cubeide_1.0.2/stm32cubeide/plugins/com.st.stm32cube.ide.mcu.externaltools.gnu-tools-for-stm32.9-2020-q2-update.win32_1.5.0.202011040924/tools/bin/../lib/gcc/arm-none-eabi/9.3.1/../../../../arm-none-eabi/lib/thumb/v7e-m+fp/hard\libc_nano.a(lib_a-exit.o)
                              c:/st/stm32cubeide_1.0.2/stm32cubeide/plugins/com.st.stm32cube.ide.mcu.externaltools.gnu-tools-for-stm32.9-2020-q2-update.win32_1.5.0.202011040924/tools/bin/../lib/gcc/arm-none-eabi/9.3.1/../../../../arm-none-eabi/lib/thumb/v7e-m+fp/hard/crt0.o (exit)
c:/st/stm32cubeide_1.0.2/stm32cubeide/plugins/com.st.stm32cube.ide.mcu.externaltools.gnu-tools-for-stm32.9-2020-q2-update.win32_1.5.0.202011040924/tools/bin/../lib/gcc/arm-none-eabi/9.3.1/../../../../arm-none-eabi/lib/thumb/v7e-m+fp/hard\libc_nano.a(lib_a-impure.o)
                              c:/st/stm32cubeide_1.0.2/stm32cubeide/plugins/com.st.stm32cube.ide.mcu.externaltools.gnu-tools-for-stm32.9-2020-q2-update.win32_1.5.0.202011040924/tools/bin/../lib/gcc/arm-none-eabi/9.3.1/../../../../arm-none-eabi/lib/thumb/v7e-m+fp/hard\libc_nano.a(lib_a-exit.o) (_global_impure_ptr)
c:/st/stm32cubeide_1.0.2/stm32cubeide/plugins/com.st.stm32cube.ide.mcu.externaltools.gnu-tools-for-stm32.9-2020-q2-update.win32_1.5.0.202011040924/tools/bin/../lib/gcc/arm-none-eabi/9.3.1/../../../../arm-none-eabi/lib/thumb/v7e-m+fp/hard\libc_nano.a(lib_a-init.o)
                              c:/st/stm32cubeide_1.0.2/stm32cubeide/plugins/com.st.stm32cube.ide.mcu.externaltools.gnu-tools-for-stm32.9-2020-q2-update.win32_1.5.0.202011040924/tools/bin/../lib/gcc/arm-none-eabi/9.3.1/../../../../arm-none-eabi/lib/thumb/v7e-m+fp/hard/crt0.o (__libc_init_array)
c:/st/stm32cubeide_1.0.2/stm32cubeide/plugins/com.st.stm32cube.ide.mcu.externaltools.gnu-tools-for-stm32.9-2020-q2-update.win32_1.5.0.202011040924/tools/bin/../lib/gcc/arm-none-eabi/9.3.1/../../../../arm-none-eabi/lib/thumb/v7e-m+fp/hard\libc_nano.a(lib_a-memset.o)
                              c:/st/stm32cubeide_1.0.2/stm32cubeide/plugins/com.st.stm32cube.ide.mcu.externaltools.gnu-tools-for-stm32.9-2020-q2-update.win32_1.5.0.202011040924/tools/bin/../lib/gcc/arm-none-eabi/9.3.1/../../../../arm-none-eabi/lib/thumb/v7e-m+fp/hard/crt0.o (memset)
c:/st/stm32cubeide_1.0.2/stm32cubeide/plugins/com.st.stm32cube.ide.mcu.externaltools.gnu-tools-for-stm32.9-2020-q2-update.win32_1.5.0.202011040924/tools/bin/../lib/gcc/arm-none-eabi/9.3.1/../../../../arm-none-eabi/lib/thumb/v7e-m+fp/hard\libc_nano.a(lib_a-nano-vfprintf_float.o)
                              (_printf_float)
c:/st/stm32cubeide_1.0.2/stm32cubeide/plugins/com.st.stm32cube.ide.mcu.externaltools.gnu-tools-for-stm32.9-2020-q2-update.win32_1.5.0.202011040924/tools/bin/../lib/gcc/arm-none-eabi/9.3.1/../../../../arm-none-eabi/lib/thumb/v7e-m+fp/hard\libc_nano.a(lib_a-nano-vfprintf_i.o)
                              c:/st/stm32cubeide_1.0.2/stm32cubeide/plugins/com.st.stm32cube.ide.mcu.externaltools.gnu-tools-for-stm32.9-2020-q2-update.win32_1.5.0.202011040924/tools/bin/../lib/gcc/arm-none-eabi/9.3.1/../../../../arm-none-eabi/lib/thumb/v7e-m+fp/hard\libc_nano.a(lib_a-nano-vfprintf_float.o) (_printf_common)
c:/st/stm32cubeide_1.0.2/stm32cubeide/plugins/com.st.stm32cube.ide.mcu.externaltools.gnu-tools-for-stm32.9-2020-q2-update.win32_1.5.0.202011040924/tools/bin/../lib/gcc/arm-none-eabi/9.3.1/../../../../arm-none-eabi/lib/thumb/v7e-m+fp/hard\libc_nano.a(lib_a-printf.o)
                              Core/Src/Controller/mode.o (printf)
c:/st/stm32cubeide_1.0.2/stm32cubeide/plugins/com.st.stm32cube.ide.mcu.externaltools.gnu-tools-for-stm32.9-2020-q2-update.win32_1.5.0.202011040924/tools/bin/../lib/gcc/arm-none-eabi/9.3.1/../../../../arm-none-eabi/lib/thumb/v7e-m+fp/hard\libc_nano.a(lib_a-putchar.o)
                              Core/Src/System/map.o (putchar)
c:/st/stm32cubeide_1.0.2/stm32cubeide/plugins/com.st.stm32cube.ide.mcu.externaltools.gnu-tools-for-stm32.9-2020-q2-update.win32_1.5.0.202011040924/tools/bin/../lib/gcc/arm-none-eabi/9.3.1/../../../../arm-none-eabi/lib/thumb/v7e-m+fp/hard\libc_nano.a(lib_a-puts.o)
                              Core/Src/Controller/mode.o (puts)
c:/st/stm32cubeide_1.0.2/stm32cubeide/plugins/com.st.stm32cube.ide.mcu.externaltools.gnu-tools-for-stm32.9-2020-q2-update.win32_1.5.0.202011040924/tools/bin/../lib/gcc/arm-none-eabi/9.3.1/../../../../arm-none-eabi/lib/thumb/v7e-m+fp/hard\libc_nano.a(lib_a-setbuf.o)
                              Core/Src/main.o (setbuf)
[...]
Memory Configuration

Name             Origin             Length             Attributes
CCMRAM           0x0000000010000000 0x0000000000010000 xrw
RAM              0x0000000020000000 0x0000000000020000 xrw
FLASH            0x0000000008000000 0x0000000000100000 xr
*default*        0x0000000000000000 0xffffffffffffffff

Linker script and memory map

LOAD c:/st/stm32cubeide_1.0.2/stm32cubeide/plugins/com.st.stm32cube.ide.mcu.externaltools.gnu-tools-for-stm32.9-2020-q2-update.win32_1.5.0.202011040924/tools/bin/../lib/gcc/arm-none-eabi/9.3.1/thumb/v7e-m+fp/hard/crti.o
LOAD c:/st/stm32cubeide_1.0.2/stm32cubeide/plugins/com.st.stm32cube.ide.mcu.externaltools.gnu-tools-for-stm32.9-2020-q2-update.win32_1.5.0.202011040924/tools/bin/../lib/gcc/arm-none-eabi/9.3.1/thumb/v7e-m+fp/hard/crtbegin.o
LOAD c:/st/stm32cubeide_1.0.2/stm32cubeide/plugins/com.st.stm32cube.ide.mcu.externaltools.gnu-tools-for-stm32.9-2020-q2-update.win32_1.5.0.202011040924/tools/bin/../lib/gcc/arm-none-eabi/9.3.1/../../../../arm-none-eabi/lib/thumb/v7e-m+fp/hard/crt0.o
LOAD Core/Src/Controller/callback.o
LOAD Core/Src/Controller/mode.o
LOAD Core/Src/Controller/search.o
LOAD Core/Src/Controller/state.o
LOAD Core/Src/Hardware/ICM20689.o
LOAD Core/Src/Hardware/basic_timer.o
LOAD Core/Src/Hardware/battery.o
LOAD Core/Src/Hardware/buzzer.o
LOAD Core/Src/Hardware/encoder.o
LOAD Core/Src/Hardware/flash.o
LOAD Core/Src/Hardware/interface_LED.o
LOAD Core/Src/Hardware/motor.o
LOAD Core/Src/Hardware/wall_sensor.o
LOAD Core/Src/System/flags.o
LOAD Core/Src/System/log.o
LOAD Core/Src/System/map.o
LOAD Core/Src/System/motion.o
LOAD Core/Src/System/music.o
LOAD Core/Src/System/route.o
LOAD Core/Src/System/sensing.o
LOAD Core/Src/adc.o
LOAD Core/Src/dma.o
LOAD Core/Src/gpio.o
LOAD Core/Src/main.o
LOAD Core/Src/spi.o
LOAD Core/Src/stm32f4xx_it.o
LOAD Core/Src/syscalls.o
LOAD Core/Src/sysmem.o
LOAD Core/Src/system_stm32f4xx.o
LOAD Core/Src/tim.o
LOAD Core/Src/usart.o
LOAD Core/Startup/startup_stm32f405rgtx.o
LOAD Drivers/STM32F4xx_HAL_Driver/Src/stm32f4xx_ll_adc.o
LOAD Drivers/STM32F4xx_HAL_Driver/Src/stm32f4xx_ll_dma.o
LOAD Drivers/STM32F4xx_HAL_Driver/Src/stm32f4xx_ll_exti.o
LOAD Drivers/STM32F4xx_HAL_Driver/Src/stm32f4xx_ll_gpio.o
LOAD Drivers/STM32F4xx_HAL_Driver/Src/stm32f4xx_ll_rcc.o
LOAD Drivers/STM32F4xx_HAL_Driver/Src/stm32f4xx_ll_spi.o
LOAD Drivers/STM32F4xx_HAL_Driver/Src/stm32f4xx_ll_tim.o
LOAD Drivers/STM32F4xx_HAL_Driver/Src/stm32f4xx_ll_usart.o
LOAD Drivers/STM32F4xx_HAL_Driver/Src/stm32f4xx_ll_utils.o
START GROUP
LOAD c:/st/stm32cubeide_1.0.2/stm32cubeide/plugins/com.st.stm32cube.ide.mcu.externaltools.gnu-tools-for-stm32.9-2020-q2-update.win32_1.5.0.202011040924/tools/bin/../lib/gcc/arm-none-eabi/9.3.1/../../../../arm-none-eabi/lib/thumb/v7e-m+fp/hard\libc_nano.a
LOAD c:/st/stm32cubeide_1.0.2/stm32cubeide/plugins/com.st.stm32cube.ide.mcu.externaltools.gnu-tools-for-stm32.9-2020-q2-update.win32_1.5.0.202011040924/tools/bin/../lib/gcc/arm-none-eabi/9.3.1/../../../../arm-none-eabi/lib/thumb/v7e-m+fp/hard\libm.a
END GROUP
START GROUP
LOAD c:/st/stm32cubeide_1.0.2/stm32cubeide/plugins/com.st.stm32cube.ide.mcu.externaltools.gnu-tools-for-stm32.9-2020-q2-update.win32_1.5.0.202011040924/tools/bin/../lib/gcc/arm-none-eabi/9.3.1/thumb/v7e-m+fp/hard\libgcc.a
LOAD c:/st/stm32cubeide_1.0.2/stm32cubeide/plugins/com.st.stm32cube.ide.mcu.externaltools.gnu-tools-for-stm32.9-2020-q2-update.win32_1.5.0.202011040924/tools/bin/../lib/gcc/arm-none-eabi/9.3.1/../../../../arm-none-eabi/lib/thumb/v7e-m+fp/hard\libc_nano.a
END GROUP
START GROUP
LOAD c:/st/stm32cubeide_1.0.2/stm32cubeide/plugins/com.st.stm32cube.ide.mcu.externaltools.gnu-tools-for-stm32.9-2020-q2-update.win32_1.5.0.202011040924/tools/bin/../lib/gcc/arm-none-eabi/9.3.1/thumb/v7e-m+fp/hard\libgcc.a
LOAD c:/st/stm32cubeide_1.0.2/stm32cubeide/plugins/com.st.stm32cube.ide.mcu.externaltools.gnu-tools-for-stm32.9-2020-q2-update.win32_1.5.0.202011040924/tools/bin/../lib/gcc/arm-none-eabi/9.3.1/../../../../arm-none-eabi/lib/thumb/v7e-m+fp/hard\libc_nano.a
LOAD c:/st/stm32cubeide_1.0.2/stm32cubeide/plugins/com.st.stm32cube.ide.mcu.externaltools.gnu-tools-for-stm32.9-2020-q2-update.win32_1.5.0.202011040924/tools/bin/../lib/gcc/arm-none-eabi/9.3.1/../../../../arm-none-eabi/lib/thumb/v7e-m+fp/hard\libnosys.a
END GROUP
START GROUP
LOAD c:/st/stm32cubeide_1.0.2/stm32cubeide/plugins/com.st.stm32cube.ide.mcu.externaltools.gnu-tools-for-stm32.9-2020-q2-update.win32_1.5.0.202011040924/tools/bin/../lib/gcc/arm-none-eabi/9.3.1/thumb/v7e-m+fp/hard\libgcc.a
LOAD c:/st/stm32cubeide_1.0.2/stm32cubeide/plugins/com.st.stm32cube.ide.mcu.externaltools.gnu-tools-for-stm32.9-2020-q2-update.win32_1.5.0.202011040924/tools/bin/../lib/gcc/arm-none-eabi/9.3.1/../../../../arm-none-eabi/lib/thumb/v7e-m+fp/hard\libc_nano.a
LOAD c:/st/stm32cubeide_1.0.2/stm32cubeide/plugins/com.st.stm32cube.ide.mcu.externaltools.gnu-tools-for-stm32.9-2020-q2-update.win32_1.5.0.202011040924/tools/bin/../lib/gcc/arm-none-eabi/9.3.1/../../../../arm-none-eabi/lib/thumb/v7e-m+fp/hard\libnosys.a
END GROUP
LOAD c:/st/stm32cubeide_1.0.2/stm32cubeide/plugins/com.st.stm32cube.ide.mcu.externaltools.gnu-tools-for-stm32.9-2020-q2-update.win32_1.5.0.202011040924/tools/bin/../lib/gcc/arm-none-eabi/9.3.1/thumb/v7e-m+fp/hard/crtend.o
LOAD c:/st/stm32cubeide_1.0.2/stm32cubeide/plugins/com.st.stm32cube.ide.mcu.externaltools.gnu-tools-for-stm32.9-2020-q2-update.win32_1.5.0.202011040924/tools/bin/../lib/gcc/arm-none-eabi/9.3.1/thumb/v7e-m+fp/hard/crtn.o
                0x0000000020020000                _estack = (ORIGIN (RAM) + LENGTH (RAM))
                0x0000000000000200                _Min_Heap_Size = 0x200
                0x0000000000000400                _Min_Stack_Size = 0x400

.isr_vector     0x0000000008000000      0x188
                0x0000000008000000                . = ALIGN (0x4)
 *(.isr_vector)
 .isr_vector    0x0000000008000000      0x188 Core/Startup/startup_stm32f405rgtx.o
                0x0000000008000000                g_pfnVectors
                0x0000000008000188                . = ALIGN (0x4)

.text           0x0000000008000190     0x994c
                0x0000000008000190                . = ALIGN (0x4)
 *(.text)
 .text          0x0000000008000190       0x40 c:/st/stm32cubeide_1.0.2/stm32cubeide/plugins/com.st.stm32cube.ide.mcu.externaltools.gnu-tools-for-stm32.9-2020-q2-update.win32_1.5.0.202011040924/tools/bin/../lib/gcc/arm-none-eabi/9.3.1/thumb/v7e-m+fp/hard/crtbegin.o
 .text          0x00000000080001d0       0x10 c:/st/stm32cubeide_1.0.2/stm32cubeide/plugins/com.st.stm32cube.ide.mcu.externaltools.gnu-tools-for-stm32.9-2020-q2-update.win32_1.5.0.202011040924/tools/bin/../lib/gcc/arm-none-eabi/9.3.1/../../../../arm-none-eabi/lib/thumb/v7e-m+fp/hard\libc_nano.a(lib_a-strlen.o)
                0x00000000080001d0                strlen
 .text          0x00000000080001e0       0xa0 c:/st/stm32cubeide_1.0.2/stm32cubeide/plugins/com.st.stm32cube.ide.mcu.externaltools.gnu-tools-for-stm32.9-2020-q2-update.win32_1.5.0.202011040924/tools/bin/../lib/gcc/arm-none-eabi/9.3.1/../../../../arm-none-eabi/lib/thumb/v7e-m+fp/hard\libc_nano.a(lib_a-memchr.o)
                0x00000000080001e0                memchr
 .text          0x0000000008000280      0x378 c:/st/stm32cubeide_1.0.2/stm32cubeide/plugins/com.st.stm32cube.ide.mcu.externaltools.gnu-tools-for-stm32.9-2020-q2-update.win32_1.5.0.202011040924/tools/bin/../lib/gcc/arm-none-eabi/9.3.1/thumb/v7e-m+fp/hard\libgcc.a(_arm_addsubdf3.o)
                0x0000000008000280                __aeabi_drsub
                0x0000000008000288                __aeabi_dsub
                0x0000000008000288                __subdf3
                0x000000000800028c                __aeabi_dadd
                0x000000000800028c                __adddf3
                0x0000000008000504                __floatunsidf
                0x0000000008000504                __aeabi_ui2d
                0x0000000008000524                __floatsidf
                0x0000000008000524                __aeabi_i2d
                0x0000000008000548                __aeabi_f2d
                0x0000000008000548                __extendsfdf2
                0x000000000800058c                __floatundidf
                0x000000000800058c                __aeabi_ul2d
                0x000000000800059c                __floatdidf
                0x000000000800059c                __aeabi_l2d
 .text          0x00000000080005f8      0x424 c:/st/stm32cubeide_1.0.2/stm32cubeide/plugins/com.st.stm32cube.ide.mcu.externaltools.gnu-tools-for-stm32.9-2020-q2-update.win32_1.5.0.202011040924/tools/bin/../lib/gcc/arm-none-eabi/9.3.1/thumb/v7e-m+fp/hard\libgcc.a(_arm_muldivdf3.o)
                0x00000000080005f8                __aeabi_dmul
                0x00000000080005f8                __muldf3
                0x000000000800084c                __divdf3
                0x000000000800084c                __aeabi_ddiv
 .text          0x0000000008000a1c      0x110 c:/st/stm32cubeide_1.0.2/stm32cubeide/plugins/com.st.stm32cube.ide.mcu.externaltools.gnu-tools-for-stm32.9-2020-q2-update.win32_1.5.0.202011040924/tools/bin/../lib/gcc/arm-none-eabi/9.3.1/thumb/v7e-m+fp/hard\libgcc.a(_arm_cmpdf2.o)
                0x0000000008000a1c                __gtdf2
                0x0000000008000a1c                __gedf2
                0x0000000008000a24                __ltdf2
                0x0000000008000a24                __ledf2
                0x0000000008000a2c                __nedf2
                0x0000000008000a2c                __eqdf2
                0x0000000008000a2c                __cmpdf2
                0x0000000008000aa8                __aeabi_cdrcmple
                0x0000000008000ab8                __aeabi_cdcmpeq
                0x0000000008000ab8                __aeabi_cdcmple
                0x0000000008000ac8                __aeabi_dcmpeq
                0x0000000008000adc                __aeabi_dcmplt
                0x0000000008000af0                __aeabi_dcmple
                0x0000000008000b04                __aeabi_dcmpge
                0x0000000008000b18                __aeabi_dcmpgt
 .text          0x0000000008000b2c       0x2c c:/st/stm32cubeide_1.0.2/stm32cubeide/plugins/com.st.stm32cube.ide.mcu.externaltools.gnu-tools-for-stm32.9-2020-q2-update.win32_1.5.0.202011040924/tools/bin/../lib/gcc/arm-none-eabi/9.3.1/thumb/v7e-m+fp/hard\libgcc.a(_arm_unorddf2.o)
                0x0000000008000b2c                __unorddf2
                0x0000000008000b2c                __aeabi_dcmpun
 .text          0x0000000008000b58       0x50 c:/st/stm32cubeide_1.0.2/stm32cubeide/plugins/com.st.stm32cube.ide.mcu.externaltools.gnu-tools-for-stm32.9-2020-q2-update.win32_1.5.0.202011040924/tools/bin/../lib/gcc/arm-none-eabi/9.3.1/thumb/v7e-m+fp/hard\libgcc.a(_arm_fixdfsi.o)
                0x0000000008000b58                __aeabi_d2iz
                0x0000000008000b58                __fixdfsi
 .text          0x0000000008000ba8       0x30 c:/st/stm32cubeide_1.0.2/stm32cubeide/plugins/com.st.stm32cube.ide.mcu.externaltools.gnu-tools-for-stm32.9-2020-q2-update.win32_1.5.0.202011040924/tools/bin/../lib/gcc/arm-none-eabi/9.3.1/thumb/v7e-m+fp/hard\libgcc.a(_aeabi_uldivmod.o)
                0x0000000008000ba8                __aeabi_uldivmod
 .text          0x0000000008000bd8      0x2c4 c:/st/stm32cubeide_1.0.2/stm32cubeide/plugins/com.st.stm32cube.ide.mcu.externaltools.gnu-tools-for-stm32.9-2020-q2-update.win32_1.5.0.202011040924/tools/bin/../lib/gcc/arm-none-eabi/9.3.1/thumb/v7e-m+fp/hard\libgcc.a(_udivmoddi4.o)
                0x0000000008000bd8                __udivmoddi4
 .text          0x0000000008000e9c        0x4 c:/st/stm32cubeide_1.0.2/stm32cubeide/plugins/com.st.stm32cube.ide.mcu.externaltools.gnu-tools-for-stm32.9-2020-q2-update.win32_1.5.0.202011040924/tools/bin/../lib/gcc/arm-none-eabi/9.3.1/thumb/v7e-m+fp/hard\libgcc.a(_dvmd_tls.o)
                0x0000000008000e9c                __aeabi_idiv0
                0x0000000008000e9c                __aeabi_ldiv0
 *(.text*)
 .text.callbackTIM
                0x0000000008000ea0       0x40 Core/Src/Controller/callback.o
                0x0000000008000ea0                callbackTIM
 .text.modeSelect
                0x0000000008000ee0      0x14c Core/Src/Controller/mode.o
                0x0000000008000ee0                modeSelect
 .text.waitStarting
                0x000000000800102c       0x64 Core/Src/Controller/mode.o
                0x000000000800102c                waitStarting
 .text.judgeFailSafe
                0x0000000008001090      0x110 Core/Src/Controller/mode.o
                0x0000000008001090                judgeFailSafe
 .text.calculatePID
                0x00000000080011a0      0x118 Core/Src/Controller/state.o
                0x00000000080011a0                calculatePID
 .text.calculateTargetVelocity
                0x00000000080012b8       0xc4 Core/Src/Controller/state.o
                0x00000000080012b8                calculateTargetVelocity
 .text.calculateTagetOmega
                0x000000000800137c       0xc4 Core/Src/Controller/state.o
                0x000000000800137c                calculateTagetOmega
 .text.setStatus
                0x0000000008001440       0x6e Core/Src/Controller/state.o
                0x0000000008001440                setStatus
 .text.setParameters
                0x00000000080014ae       0x4e Core/Src/Controller/state.o
                0x00000000080014ae                setParameters
 .text.initMouseStatus
                0x00000000080014fc      0x218 Core/Src/Controller/state.o
                0x00000000080014fc                initMouseStatus
 .text.updateStatus
                0x0000000008001714      0x278 Core/Src/Controller/state.o
                0x0000000008001714                updateStatus
 .text.LL_SPI_Enable
                0x000000000800198c       0x20 Core/Src/Hardware/ICM20689.o
 .text.LL_SPI_IsEnabled
                0x00000000080019ac       0x26 Core/Src/Hardware/ICM20689.o
 .text.LL_SPI_IsActiveFlag_RXNE
                0x00000000080019d2       0x26 Core/Src/Hardware/ICM20689.o
 .text.LL_SPI_IsActiveFlag_TXE
                0x00000000080019f8       0x26 Core/Src/Hardware/ICM20689.o
 .text.LL_SPI_ReceiveData8
                0x0000000008001a1e       0x1a Core/Src/Hardware/ICM20689.o
 .text.LL_SPI_TransmitData8
                0x0000000008001a38       0x24 Core/Src/Hardware/ICM20689.o
 .text.LL_GPIO_SetOutputPin
                0x0000000008001a5c       0x1c Core/Src/Hardware/ICM20689.o
 .text.LL_GPIO_ResetOutputPin
                0x0000000008001a78       0x1e Core/Src/Hardware/ICM20689.o
 *fill*         0x0000000008001a96        0x2 
 .text.SPI_Control
                0x0000000008001a98       0x9c Core/Src/Hardware/ICM20689.o
                0x0000000008001a98                SPI_Control
 .text.readByte
                0x0000000008001b34       0x38 Core/Src/Hardware/ICM20689.o
                0x0000000008001b34                readByte
 .text.writeByte
                0x0000000008001b6c       0x3c Core/Src/Hardware/ICM20689.o
                0x0000000008001b6c                writeByte
 .text.initIMU  0x0000000008001ba8       0xb0 Core/Src/Hardware/ICM20689.o
                0x0000000008001ba8                initIMU
 .text.readGyroOmegaZ
                0x0000000008001c58       0x4c Core/Src/Hardware/ICM20689.o
                0x0000000008001c58                readGyroOmegaZ
 .text.readGyroAccelX
                0x0000000008001ca4       0x4c Core/Src/Hardware/ICM20689.o
                0x0000000008001ca4                readGyroAccelX
 .text.LL_TIM_EnableCounter
                0x0000000008001cf0       0x20 Core/Src/Hardware/basic_timer.o
 .text.LL_TIM_DisableCounter
                0x0000000008001d10       0x20 Core/Src/Hardware/basic_timer.o
 .text.LL_TIM_EnableIT_UPDATE
                0x0000000008001d30       0x20 Core/Src/Hardware/basic_timer.o
 .text.LL_TIM_DisableIT_UPDATE
                0x0000000008001d50       0x20 Core/Src/Hardware/basic_timer.o
 .text.basicTimerStart
                0x0000000008001d70       0x18 Core/Src/Hardware/basic_timer.o
                0x0000000008001d70                basicTimerStart
 .text.basicTimerPause
                0x0000000008001d88       0x18 Core/Src/Hardware/basic_timer.o
                0x0000000008001d88                basicTimerPause
 .text.waitMs   0x0000000008001da0       0x1a Core/Src/Hardware/basic_timer.o
                0x0000000008001da0                waitMs
 *fill*         0x0000000008001dba        0x2 
 .text.waitUs   0x0000000008001dbc       0x54 Core/Src/Hardware/basic_timer.o
                0x0000000008001dbc                waitUs
 .text.readBatteryCheck
                0x0000000008001e10       0x28 Core/Src/Hardware/battery.o
                0x0000000008001e10                readBatteryCheck
 .text.LL_TIM_EnableCounter
                0x0000000008001e38       0x20 Core/Src/Hardware/buzzer.o
 .text.LL_TIM_SetCounter
                0x0000000008001e58       0x1c Core/Src/Hardware/buzzer.o
 .text.LL_TIM_SetAutoReload
                0x0000000008001e74       0x1c Core/Src/Hardware/buzzer.o
 .text.LL_TIM_CC_EnableChannel
                0x0000000008001e90       0x22 Core/Src/Hardware/buzzer.o
 .text.LL_TIM_OC_SetCompareCH4
                0x0000000008001eb2       0x1c Core/Src/Hardware/buzzer.o
 .text.LL_TIM_EnableAllOutputs
                0x0000000008001ece       0x20 Core/Src/Hardware/buzzer.o
 *fill*         0x0000000008001eee        0x2 
 .text.enableMelody
                0x0000000008001ef0       0x24 Core/Src/Hardware/buzzer.o
                0x0000000008001ef0                enableMelody
 .text.stopMelody
                0x0000000008001f14       0x14 Core/Src/Hardware/buzzer.o
                0x0000000008001f14                stopMelody
 .text.Melody   0x0000000008001f28       0x58 Core/Src/Hardware/buzzer.o
                0x0000000008001f28                Melody
 .text.LL_TIM_EnableCounter
                0x0000000008001f80       0x20 Core/Src/Hardware/encoder.o
 .text.LL_TIM_DisableCounter
                0x0000000008001fa0       0x20 Core/Src/Hardware/encoder.o
 .text.enableEncoder
                0x0000000008001fc0       0x28 Core/Src/Hardware/encoder.o
                0x0000000008001fc0                enableEncoder
 .text.disableEncoder
                0x0000000008001fe8       0x1c Core/Src/Hardware/encoder.o
                0x0000000008001fe8                disableEncoder
 .text.getEncoderData
                0x0000000008002004       0x64 Core/Src/Hardware/encoder.o
                0x0000000008002004                getEncoderData
 .text.setLED1State
                0x0000000008002068       0x34 Core/Src/Hardware/interface_LED.o
                0x0000000008002068                setLED1State
 .text.setLED2State
                0x000000000800209c       0x34 Core/Src/Hardware/interface_LED.o
                0x000000000800209c                setLED2State
 .text.setLED3State
                0x00000000080020d0       0x34 Core/Src/Hardware/interface_LED.o
                0x00000000080020d0                setLED3State
 .text.setLED4State
                0x0000000008002104       0x30 Core/Src/Hardware/interface_LED.o
                0x0000000008002104                setLED4State
 .text.setLED5State
                0x0000000008002134       0x30 Core/Src/Hardware/interface_LED.o
                0x0000000008002134                setLED5State
 .text.displayBinaryValueWithLEDs
                0x0000000008002164       0x58 Core/Src/Hardware/interface_LED.o
                0x0000000008002164                displayBinaryValueWithLEDs
 .text.LL_TIM_EnableCounter
                0x00000000080021bc       0x20 Core/Src/Hardware/motor.o
 .text.LL_TIM_DisableCounter
                0x00000000080021dc       0x20 Core/Src/Hardware/motor.o
 .text.LL_TIM_SetCounter
                0x00000000080021fc       0x1c Core/Src/Hardware/motor.o
 .text.LL_TIM_CC_EnableChannel
                0x0000000008002218       0x22 Core/Src/Hardware/motor.o
 .text.LL_TIM_CC_DisableChannel
                0x000000000800223a       0x24 Core/Src/Hardware/motor.o
 .text.LL_TIM_OC_SetCompareCH1
                0x000000000800225e       0x1c Core/Src/Hardware/motor.o
 .text.LL_TIM_OC_SetCompareCH2
                0x000000000800227a       0x1c Core/Src/Hardware/motor.o
 .text.LL_TIM_EnableAllOutputs
                0x0000000008002296       0x20 Core/Src/Hardware/motor.o
 .text.LL_GPIO_SetOutputPin
                0x00000000080022b6       0x1c Core/Src/Hardware/motor.o
 .text.LL_GPIO_ResetOutputPin
                0x00000000080022d2       0x1e Core/Src/Hardware/motor.o
 .text.setMotorDriverState
                0x00000000080022f0       0x3c Core/Src/Hardware/motor.o
                0x00000000080022f0                setMotorDriverState
 .text.enableMotors
                0x000000000800232c       0x90 Core/Src/Hardware/motor.o
                0x000000000800232c                enableMotors
 .text.setMotorDirection
                0x00000000080023bc       0x80 Core/Src/Hardware/motor.o
                0x00000000080023bc                setMotorDirection
 .text.dutyConverter
                0x000000000800243c       0x6c Core/Src/Hardware/motor.o
                0x000000000800243c                dutyConverter
 .text.driveMotors
                0x00000000080024a8       0xa4 Core/Src/Hardware/motor.o
                0x00000000080024a8                driveMotors
 .text.shutdownMotors
                0x000000000800254c       0x44 Core/Src/Hardware/motor.o
                0x000000000800254c                shutdownMotors
 .text.LL_ADC_DMA_GetRegAddr
                0x0000000008002590       0x34 Core/Src/Hardware/wall_sensor.o
 .text.LL_ADC_Enable
                0x00000000080025c4       0x20 Core/Src/Hardware/wall_sensor.o
 .text.LL_ADC_REG_StartConversionSWStart
                0x00000000080025e4       0x20 Core/Src/Hardware/wall_sensor.o
 .text.LL_ADC_ClearFlag_EOCS
                0x0000000008002604       0x1c Core/Src/Hardware/wall_sensor.o
 .text.LL_DMA_EnableStream
                0x0000000008002620       0x40 Core/Src/Hardware/wall_sensor.o
 .text.LL_DMA_DisableStream
                0x0000000008002660       0x40 Core/Src/Hardware/wall_sensor.o
 .text.LL_DMA_SetDataLength
                0x00000000080026a0       0x48 Core/Src/Hardware/wall_sensor.o
 .text.LL_DMA_ConfigAddresses
                0x00000000080026e8       0x78 Core/Src/Hardware/wall_sensor.o
 .text.LL_DMA_EnableIT_TC
                0x0000000008002760       0x40 Core/Src/Hardware/wall_sensor.o
 .text.ADC1_Start_DMA2
                0x00000000080027a0       0x54 Core/Src/Hardware/wall_sensor.o
                0x00000000080027a0                ADC1_Start_DMA2
 .text.changeFrontCenterLED
                0x00000000080027f4       0x30 Core/Src/Hardware/wall_sensor.o
                0x00000000080027f4                changeFrontCenterLED
 .text.changeFrontRightLED
                0x0000000008002824       0x30 Core/Src/Hardware/wall_sensor.o
                0x0000000008002824                changeFrontRightLED
 .text.changeFrontLeftLED
                0x0000000008002854       0x30 Core/Src/Hardware/wall_sensor.o
                0x0000000008002854                changeFrontLeftLED
 .text.changeRightLED
                0x0000000008002884       0x30 Core/Src/Hardware/wall_sensor.o
                0x0000000008002884                changeRightLED
 .text.changeLeftLED
                0x00000000080028b4       0x30 Core/Src/Hardware/wall_sensor.o
                0x00000000080028b4                changeLeftLED
 .text.changeLEDs
                0x00000000080028e4       0x6c Core/Src/Hardware/wall_sensor.o
                0x00000000080028e4                changeLEDs
 .text.getWallADC
                0x0000000008002950       0x24 Core/Src/Hardware/wall_sensor.o
                0x0000000008002950                getWallADC
 .text.startADCwithDMA
                0x0000000008002974       0x24 Core/Src/Hardware/wall_sensor.o
                0x0000000008002974                startADCwithDMA
 .text.DMA_CallbackTask
                0x0000000008002998       0x18 Core/Src/Hardware/wall_sensor.o
                0x0000000008002998                DMA_CallbackTask
 .text.setControlFlags
                0x00000000080029b0       0x74 Core/Src/System/flags.o
                0x00000000080029b0                setControlFlags
 .text.setAccelFlags
                0x0000000008002a24       0x74 Core/Src/System/flags.o
                0x0000000008002a24                setAccelFlags
 .text.storeLog
                0x0000000008002a98       0xb8 Core/Src/System/log.o
                0x0000000008002a98                storeLog
 .text.driveAccelMotion
                0x0000000008002b50      0x154 Core/Src/System/motion.o
                0x0000000008002b50                driveAccelMotion
 .text.spinMotion
                0x0000000008002ca4      0x1c4 Core/Src/System/motion.o
                0x0000000008002ca4                spinMotion
 .text.slalomMotion
                0x0000000008002e68      0x1bc Core/Src/System/motion.o
                0x0000000008002e68                slalomMotion
 .text.moveHalfSectionAccel
                0x0000000008003024       0x4c Core/Src/System/motion.o
                0x0000000008003024                moveHalfSectionAccel
 .text.moveHalfSectionDecel
                0x0000000008003070       0x2c Core/Src/System/motion.o
                0x0000000008003070                moveHalfSectionDecel
 .text.moveOneSectionAccel
                0x000000000800309c       0x3c Core/Src/System/motion.o
                0x000000000800309c                moveOneSectionAccel
 .text.fixPostureByWallSensor
                0x00000000080030d8       0x20 Core/Src/System/motion.o
                0x00000000080030d8                fixPostureByWallSensor
 .text.spinRight180
                0x00000000080030f8       0x14 Core/Src/System/motion.o
                0x00000000080030f8                spinRight180
 .text.moveSlalomR90
                0x000000000800310c       0x40 Core/Src/System/motion.o
                0x000000000800310c                moveSlalomR90
 .text.moveSlalomL90
                0x000000000800314c       0x40 Core/Src/System/motion.o
                0x000000000800314c                moveSlalomL90
 .text.MelodySummer
                0x000000000800318c       0x5a Core/Src/System/music.o
                0x000000000800318c                MelodySummer
 .text.MelodyMrLawrence
                0x00000000080031e6       0xb0 Core/Src/System/music.o
                0x00000000080031e6                MelodyMrLawrence
 *fill*         0x0000000008003296        0x2 
 .text.getEncoderVelocity
                0x0000000008003298       0x30 Core/Src/System/sensing.o
                0x0000000008003298                getEncoderVelocity
 .text.getCenterMileage
                0x00000000080032c8       0xb4 Core/Src/System/sensing.o
                0x00000000080032c8                getCenterMileage
 .text.addAngle
                0x000000000800337c       0x38 Core/Src/System/sensing.o
                0x000000000800337c                addAngle
 .text.getCenterVelocity
                0x00000000080033b4       0x3c Core/Src/System/sensing.o
                0x00000000080033b4                getCenterVelocity
 .text.getOmega
                0x00000000080033f0       0x1c Core/Src/System/sensing.o
                0x00000000080033f0                getOmega
 .text.getWallSensorOffset
                0x000000000800340c       0x6c Core/Src/System/sensing.o
                0x000000000800340c                getWallSensorOffset
 .text.getWallSensor
                0x0000000008003478       0x94 Core/Src/System/sensing.o
                0x0000000008003478                getWallSensor
 .text.getOmegaOffset
                0x000000000800350c       0x68 Core/Src/System/sensing.o
                0x000000000800350c                getOmegaOffset
 .text.getAccelOffset
                0x0000000008003574       0x68 Core/Src/System/sensing.o
                0x0000000008003574                getAccelOffset
 .text.getWallInfo
                0x00000000080035dc       0x4c Core/Src/System/sensing.o
                0x00000000080035dc                getWallInfo
 .text.initSensors
                0x0000000008003628       0x24 Core/Src/System/sensing.o
                0x0000000008003628                initSensors
 .text.updateSensors
                0x000000000800364c       0xb0 Core/Src/System/sensing.o
                0x000000000800364c                updateSensors
 .text.getOffsets
                0x00000000080036fc       0x30 Core/Src/System/sensing.o
                0x00000000080036fc                getOffsets
 .text.LL_ADC_REG_SetSequencerRanks
                0x000000000800372c       0x6c Core/Src/adc.o
 .text.LL_ADC_REG_SetFlagEndOfConversion
                0x0000000008003798       0x26 Core/Src/adc.o
 .text.LL_ADC_SetChannelSamplingTime
                0x00000000080037be       0x98 Core/Src/adc.o
 *fill*         0x0000000008003856        0x2 
 .text.LL_DMA_SetDataTransferDirection
                0x0000000008003858       0x48 Core/Src/adc.o
 .text.LL_DMA_SetMode
                0x00000000080038a0       0x48 Core/Src/adc.o
 .text.LL_DMA_SetPeriphIncMode
                0x00000000080038e8       0x48 Core/Src/adc.o
 .text.LL_DMA_SetMemoryIncMode
                0x0000000008003930       0x48 Core/Src/adc.o
 .text.LL_DMA_SetPeriphSize
                0x0000000008003978       0x48 Core/Src/adc.o
 .text.LL_DMA_SetMemorySize
                0x00000000080039c0       0x48 Core/Src/adc.o
 .text.LL_DMA_SetStreamPriorityLevel
                0x0000000008003a08       0x48 Core/Src/adc.o
 .text.LL_DMA_SetChannelSelection
                0x0000000008003a50       0x48 Core/Src/adc.o
 .text.LL_DMA_DisableFifoMode
                0x0000000008003a98       0x40 Core/Src/adc.o
 .text.LL_AHB1_GRP1_EnableClock
                0x0000000008003ad8       0x30 Core/Src/adc.o
 .text.LL_APB2_GRP1_EnableClock
                0x0000000008003b08       0x30 Core/Src/adc.o
 .text.MX_ADC1_Init
                0x0000000008003b38      0x1b8 Core/Src/adc.o
                0x0000000008003b38                MX_ADC1_Init
 .text.__NVIC_GetPriorityGrouping
                0x0000000008003cf0       0x1c Core/Src/dma.o
 .text.__NVIC_EnableIRQ
                0x0000000008003d0c       0x3c Core/Src/dma.o
 .text.__NVIC_SetPriority
                0x0000000008003d48       0x54 Core/Src/dma.o
 .text.NVIC_EncodePriority
                0x0000000008003d9c       0x66 Core/Src/dma.o
 *fill*         0x0000000008003e02        0x2 
 .text.LL_AHB1_GRP1_EnableClock
                0x0000000008003e04       0x30 Core/Src/dma.o
 .text.MX_DMA_Init
                0x0000000008003e34       0x30 Core/Src/dma.o
                0x0000000008003e34                MX_DMA_Init
 .text.LL_AHB1_GRP1_EnableClock
                0x0000000008003e64       0x30 Core/Src/gpio.o
 .text.LL_GPIO_ResetOutputPin
                0x0000000008003e94       0x1e Core/Src/gpio.o
 *fill*         0x0000000008003eb2        0x2 
 .text.MX_GPIO_Init
                0x0000000008003eb4      0x104 Core/Src/gpio.o
                0x0000000008003eb4                MX_GPIO_Init
 .text.__NVIC_SetPriorityGrouping
                0x0000000008003fb8       0x48 Core/Src/main.o
 .text.LL_RCC_HSI_Enable
                0x0000000008004000       0x20 Core/Src/main.o
 .text.LL_RCC_HSI_IsReady
                0x0000000008004020       0x24 Core/Src/main.o
 .text.LL_RCC_HSI_SetCalibTrimming
                0x0000000008004044       0x2c Core/Src/main.o
 .text.LL_RCC_SetSysClkSource
                0x0000000008004070       0x28 Core/Src/main.o
 .text.LL_RCC_GetSysClkSource
                0x0000000008004098       0x1c Core/Src/main.o
 .text.LL_RCC_SetAHBPrescaler
                0x00000000080040b4       0x28 Core/Src/main.o
 .text.LL_RCC_SetAPB1Prescaler
                0x00000000080040dc       0x28 Core/Src/main.o
 .text.LL_RCC_SetAPB2Prescaler
                0x0000000008004104       0x28 Core/Src/main.o
 .text.LL_RCC_PLL_Enable
                0x000000000800412c       0x20 Core/Src/main.o
 .text.LL_RCC_PLL_IsReady
                0x000000000800414c       0x28 Core/Src/main.o
 .text.LL_RCC_PLL_ConfigDomain_SYS
                0x0000000008004174       0x4c Core/Src/main.o
 .text.LL_APB1_GRP1_EnableClock
                0x00000000080041c0       0x30 Core/Src/main.o
 .text.LL_APB2_GRP1_EnableClock
                0x00000000080041f0       0x30 Core/Src/main.o
 .text.LL_FLASH_SetLatency
                0x0000000008004220       0x28 Core/Src/main.o
 .text.LL_FLASH_GetLatency
                0x0000000008004248       0x1c Core/Src/main.o
 .text.LL_PWR_SetRegulVoltageScaling
                0x0000000008004264       0x28 Core/Src/main.o
 .text.LL_USART_IsActiveFlag_TXE
                0x000000000800428c       0x26 Core/Src/main.o
 .text.LL_USART_TransmitData8
                0x00000000080042b2       0x1e Core/Src/main.o
 .text.__io_putchar
                0x00000000080042d0       0x54 Core/Src/main.o
                0x00000000080042d0                __io_putchar
 .text.main     0x0000000008004324      0x424 Core/Src/main.o
                0x0000000008004324                main
 .text.SystemClock_Config
                0x0000000008004748       0x8c Core/Src/main.o
                0x0000000008004748                SystemClock_Config
 .text.LL_AHB1_GRP1_EnableClock
                0x00000000080047d4       0x30 Core/Src/spi.o
 .text.LL_APB1_GRP1_EnableClock
                0x0000000008004804       0x30 Core/Src/spi.o
 .text.LL_SPI_SetStandard
                0x0000000008004834       0x26 Core/Src/spi.o
 *fill*         0x000000000800485a        0x2 
 .text.MX_SPI3_Init
                0x000000000800485c       0xa8 Core/Src/spi.o
                0x000000000800485c                MX_SPI3_Init
 .text.LL_DMA_IsActiveFlag_TC0
                0x0000000008004904       0x26 Core/Src/stm32f4xx_it.o
 .text.LL_DMA_ClearFlag_TC0
                0x000000000800492a       0x1a Core/Src/stm32f4xx_it.o
 .text.LL_TIM_ClearFlag_UPDATE
                0x0000000008004944       0x1c Core/Src/stm32f4xx_it.o
 .text.LL_TIM_IsActiveFlag_UPDATE
                0x0000000008004960       0x26 Core/Src/stm32f4xx_it.o
 .text.NMI_Handler
                0x0000000008004986        0x6 Core/Src/stm32f4xx_it.o
                0x0000000008004986                NMI_Handler
 .text.HardFault_Handler
                0x000000000800498c        0x6 Core/Src/stm32f4xx_it.o
                0x000000000800498c                HardFault_Handler
 .text.MemManage_Handler
                0x0000000008004992        0x6 Core/Src/stm32f4xx_it.o
                0x0000000008004992                MemManage_Handler
 .text.BusFault_Handler
                0x0000000008004998        0x6 Core/Src/stm32f4xx_it.o
                0x0000000008004998                BusFault_Handler
 .text.UsageFault_Handler
                0x000000000800499e        0x6 Core/Src/stm32f4xx_it.o
                0x000000000800499e                UsageFault_Handler
 .text.SVC_Handler
                0x00000000080049a4        0xe Core/Src/stm32f4xx_it.o
                0x00000000080049a4                SVC_Handler
 .text.DebugMon_Handler
                0x00000000080049b2        0xe Core/Src/stm32f4xx_it.o
                0x00000000080049b2                DebugMon_Handler
 .text.PendSV_Handler
                0x00000000080049c0        0xe Core/Src/stm32f4xx_it.o
                0x00000000080049c0                PendSV_Handler
 .text.SysTick_Handler
                0x00000000080049ce        0xe Core/Src/stm32f4xx_it.o
                0x00000000080049ce                SysTick_Handler
 .text.TIM5_IRQHandler
                0x00000000080049dc       0x24 Core/Src/stm32f4xx_it.o
                0x00000000080049dc                TIM5_IRQHandler
 .text.DMA2_Stream0_IRQHandler
                0x0000000008004a00       0x24 Core/Src/stm32f4xx_it.o
                0x0000000008004a00                DMA2_Stream0_IRQHandler
 .text._getpid  0x0000000008004a24       0x10 Core/Src/syscalls.o
                0x0000000008004a24                _getpid
 .text._kill    0x0000000008004a34       0x20 Core/Src/syscalls.o
                0x0000000008004a34                _kill
 .text._exit    0x0000000008004a54       0x14 Core/Src/syscalls.o
                0x0000000008004a54                _exit
 .text._read    0x0000000008004a68       0x3a Core/Src/syscalls.o
                0x0000000008004a68                _read
 .text._write   0x0000000008004aa2       0x38 Core/Src/syscalls.o
                0x0000000008004aa2                _write
 .text._close   0x0000000008004ada       0x18 Core/Src/syscalls.o
                0x0000000008004ada                _close
 .text._fstat   0x0000000008004af2       0x20 Core/Src/syscalls.o
                0x0000000008004af2                _fstat
 .text._isatty  0x0000000008004b12       0x16 Core/Src/syscalls.o
                0x0000000008004b12                _isatty
 .text._lseek   0x0000000008004b28       0x1a Core/Src/syscalls.o
                0x0000000008004b28                _lseek
 *fill*         0x0000000008004b42        0x2 
 .text._sbrk    0x0000000008004b44       0x6c Core/Src/sysmem.o
                0x0000000008004b44                _sbrk
 .text.SystemInit
                0x0000000008004bb0       0x2c Core/Src/system_stm32f4xx.o
                0x0000000008004bb0                SystemInit
 .text.__NVIC_GetPriorityGrouping
                0x0000000008004bdc       0x1c Core/Src/tim.o
 .text.__NVIC_EnableIRQ
                0x0000000008004bf8       0x3c Core/Src/tim.o
 .text.__NVIC_SetPriority
                0x0000000008004c34       0x54 Core/Src/tim.o
 .text.NVIC_EncodePriority
                0x0000000008004c88       0x66 Core/Src/tim.o
 *fill*         0x0000000008004cee        0x2 
 .text.LL_AHB1_GRP1_EnableClock
                0x0000000008004cf0       0x30 Core/Src/tim.o
 .text.LL_APB1_GRP1_EnableClock
                0x0000000008004d20       0x30 Core/Src/tim.o
 .text.LL_APB2_GRP1_EnableClock
                0x0000000008004d50       0x30 Core/Src/tim.o
 .text.LL_TIM_EnableARRPreload
                0x0000000008004d80       0x20 Core/Src/tim.o
 .text.LL_TIM_DisableARRPreload
                0x0000000008004da0       0x20 Core/Src/tim.o
 .text.LL_TIM_OC_DisableFast
                0x0000000008004dc0       0x8c Core/Src/tim.o
 .text.LL_TIM_OC_EnablePreload
                0x0000000008004e4c       0x88 Core/Src/tim.o
 .text.LL_TIM_IC_SetActiveInput
                0x0000000008004ed4       0x9c Core/Src/tim.o
 .text.LL_TIM_IC_SetPrescaler
                0x0000000008004f70       0x9c Core/Src/tim.o
 .text.LL_TIM_IC_SetFilter
                0x000000000800500c       0x9c Core/Src/tim.o
 .text.LL_TIM_IC_SetPolarity
                0x00000000080050a8       0x88 Core/Src/tim.o
 .text.LL_TIM_SetClockSource
                0x0000000008005130       0x2a Core/Src/tim.o
 .text.LL_TIM_SetEncoderMode
                0x000000000800515a       0x26 Core/Src/tim.o
 .text.LL_TIM_SetTriggerOutput
                0x0000000008005180       0x26 Core/Src/tim.o
 .text.LL_TIM_DisableMasterSlaveMode
                0x00000000080051a6       0x20 Core/Src/tim.o
 *fill*         0x00000000080051c6        0x2 
 .text.MX_TIM1_Init
                0x00000000080051c8      0x130 Core/Src/tim.o
                0x00000000080051c8                MX_TIM1_Init
 .text.MX_TIM2_Init
                0x00000000080052f8       0xe8 Core/Src/tim.o
                0x00000000080052f8                MX_TIM2_Init
 .text.MX_TIM3_Init
                0x00000000080053e0       0xf4 Core/Src/tim.o
                0x00000000080053e0                MX_TIM3_Init
 .text.MX_TIM4_Init
                0x00000000080054d4       0xf4 Core/Src/tim.o
                0x00000000080054d4                MX_TIM4_Init
 .text.MX_TIM5_Init
                0x00000000080055c8       0x80 Core/Src/tim.o
                0x00000000080055c8                MX_TIM5_Init
 .text.MX_TIM6_Init
                0x0000000008005648       0x54 Core/Src/tim.o
                0x0000000008005648                MX_TIM6_Init
 .text.MX_TIM8_Init
                0x000000000800569c      0x134 Core/Src/tim.o
                0x000000000800569c                MX_TIM8_Init
 .text.MX_TIM11_Init
                0x00000000080057d0       0xcc Core/Src/tim.o
                0x00000000080057d0                MX_TIM11_Init
 .text.LL_AHB1_GRP1_EnableClock
                0x000000000800589c       0x30 Core/Src/usart.o
 .text.LL_APB2_GRP1_EnableClock
                0x00000000080058cc       0x30 Core/Src/usart.o
 .text.LL_USART_Enable
                0x00000000080058fc       0x20 Core/Src/usart.o
 .text.LL_USART_ConfigAsyncMode
                0x000000000800591c       0x2c Core/Src/usart.o
 .text.MX_USART1_UART_Init
                0x0000000008005948       0xa0 Core/Src/usart.o
                0x0000000008005948                MX_USART1_UART_Init
 .text.Reset_Handler
                0x00000000080059e8       0x50 Core/Startup/startup_stm32f405rgtx.o
                0x00000000080059e8                Reset_Handler
 .text.Default_Handler
                0x0000000008005a38        0x2 Core/Startup/startup_stm32f405rgtx.o
                0x0000000008005a38                RTC_Alarm_IRQHandler
                0x0000000008005a38                HASH_RNG_IRQHandler
                0x0000000008005a38                EXTI2_IRQHandler
                0x0000000008005a38                TIM8_CC_IRQHandler
                0x0000000008005a38                TIM1_CC_IRQHandler
                0x0000000008005a38                DMA2_Stream5_IRQHandler
                0x0000000008005a38                DMA1_Stream5_IRQHandler
                0x0000000008005a38                PVD_IRQHandler
                0x0000000008005a38                SDIO_IRQHandler
                0x0000000008005a38                TAMP_STAMP_IRQHandler
                0x0000000008005a38                CAN2_RX1_IRQHandler
                0x0000000008005a38                EXTI3_IRQHandler
                0x0000000008005a38                TIM8_TRG_COM_TIM14_IRQHandler
                0x0000000008005a38                TIM1_UP_TIM10_IRQHandler
                0x0000000008005a38                TIM8_UP_TIM13_IRQHandler
                0x0000000008005a38                I2C3_ER_IRQHandler
                0x0000000008005a38                EXTI0_IRQHandler
                0x0000000008005a38                I2C2_EV_IRQHandler
                0x0000000008005a38                DMA1_Stream2_IRQHandler
                0x0000000008005a38                CAN1_RX0_IRQHandler
                0x0000000008005a38                FPU_IRQHandler
                0x0000000008005a38                OTG_HS_WKUP_IRQHandler
                0x0000000008005a38                CAN2_SCE_IRQHandler
                0x0000000008005a38                DMA2_Stream2_IRQHandler
                0x0000000008005a38                SPI1_IRQHandler
                0x0000000008005a38                TIM6_DAC_IRQHandler
                0x0000000008005a38                TIM1_BRK_TIM9_IRQHandler
                0x0000000008005a38                CAN2_RX0_IRQHandler
                0x0000000008005a38                DMA2_Stream3_IRQHandler
                0x0000000008005a38                USART6_IRQHandler
                0x0000000008005a38                USART3_IRQHandler
                0x0000000008005a38                CAN1_RX1_IRQHandler
                0x0000000008005a38                UART5_IRQHandler
                0x0000000008005a38                TIM4_IRQHandler
                0x0000000008005a38                I2C1_EV_IRQHandler
                0x0000000008005a38                DMA1_Stream6_IRQHandler
                0x0000000008005a38                DMA1_Stream1_IRQHandler
                0x0000000008005a38                UART4_IRQHandler
                0x0000000008005a38                TIM3_IRQHandler
                0x0000000008005a38                RCC_IRQHandler
                0x0000000008005a38                TIM8_BRK_TIM12_IRQHandler
                0x0000000008005a38                Default_Handler
                0x0000000008005a38                EXTI15_10_IRQHandler
                0x0000000008005a38                ADC_IRQHandler
                0x0000000008005a38                DMA1_Stream7_IRQHandler
                0x0000000008005a38                TIM7_IRQHandler
                0x0000000008005a38                CAN2_TX_IRQHandler
                0x0000000008005a38                DMA2_Stream7_IRQHandler
                0x0000000008005a38                I2C3_EV_IRQHandler
                0x0000000008005a38                EXTI9_5_IRQHandler
                0x0000000008005a38                RTC_WKUP_IRQHandler
                0x0000000008005a38                SPI2_IRQHandler
                0x0000000008005a38                OTG_HS_EP1_IN_IRQHandler
                0x0000000008005a38                DMA1_Stream0_IRQHandler
                0x0000000008005a38                CAN1_TX_IRQHandler
                0x0000000008005a38                EXTI4_IRQHandler
                0x0000000008005a38                FSMC_IRQHandler
                0x0000000008005a38                OTG_HS_EP1_OUT_IRQHandler
                0x0000000008005a38                WWDG_IRQHandler
                0x0000000008005a38                TIM2_IRQHandler
                0x0000000008005a38                OTG_FS_WKUP_IRQHandler
                0x0000000008005a38                TIM1_TRG_COM_TIM11_IRQHandler
                0x0000000008005a38                OTG_HS_IRQHandler
                0x0000000008005a38                EXTI1_IRQHandler
                0x0000000008005a38                USART2_IRQHandler
                0x0000000008005a38                I2C2_ER_IRQHandler
                0x0000000008005a38                DMA2_Stream1_IRQHandler
                0x0000000008005a38                CAN1_SCE_IRQHandler
                0x0000000008005a38                FLASH_IRQHandler
                0x0000000008005a38                DMA2_Stream4_IRQHandler
                0x0000000008005a38                USART1_IRQHandler
                0x0000000008005a38                OTG_FS_IRQHandler
                0x0000000008005a38                SPI3_IRQHandler
                0x0000000008005a38                DMA1_Stream4_IRQHandler
                0x0000000008005a38                I2C1_ER_IRQHandler
                0x0000000008005a38                DMA2_Stream6_IRQHandler
                0x0000000008005a38                DMA1_Stream3_IRQHandler
 .text.LL_ADC_REG_SetSequencerLength
                0x0000000008005a3a       0x26 Drivers/STM32F4xx_HAL_Driver/Src/stm32f4xx_ll_adc.o
 .text.LL_ADC_IsEnabled
                0x0000000008005a60       0x26 Drivers/STM32F4xx_HAL_Driver/Src/stm32f4xx_ll_adc.o
 *fill*         0x0000000008005a86        0x2 
 .text.LL_ADC_CommonInit
                0x0000000008005a88       0x90 Drivers/STM32F4xx_HAL_Driver/Src/stm32f4xx_ll_adc.o
                0x0000000008005a88                LL_ADC_CommonInit
 .text.LL_ADC_Init
                0x0000000008005b18       0x58 Drivers/STM32F4xx_HAL_Driver/Src/stm32f4xx_ll_adc.o
                0x0000000008005b18                LL_ADC_Init
 .text.LL_ADC_REG_Init
                0x0000000008005b70       0x84 Drivers/STM32F4xx_HAL_Driver/Src/stm32f4xx_ll_adc.o
                0x0000000008005b70                LL_ADC_REG_Init
 .text.LL_GPIO_SetPinMode
                0x0000000008005bf4       0x5e Drivers/STM32F4xx_HAL_Driver/Src/stm32f4xx_ll_gpio.o
 .text.LL_GPIO_SetPinOutputType
                0x0000000008005c52       0x30 Drivers/STM32F4xx_HAL_Driver/Src/stm32f4xx_ll_gpio.o
 .text.LL_GPIO_SetPinSpeed
                0x0000000008005c82       0x5e Drivers/STM32F4xx_HAL_Driver/Src/stm32f4xx_ll_gpio.o
 .text.LL_GPIO_SetPinPull
                0x0000000008005ce0       0x5e Drivers/STM32F4xx_HAL_Driver/Src/stm32f4xx_ll_gpio.o
 .text.LL_GPIO_SetAFPin_0_7
                0x0000000008005d3e       0x5e Drivers/STM32F4xx_HAL_Driver/Src/stm32f4xx_ll_gpio.o
 .text.LL_GPIO_SetAFPin_8_15
                0x0000000008005d9c       0x62 Drivers/STM32F4xx_HAL_Driver/Src/stm32f4xx_ll_gpio.o
 .text.LL_GPIO_Init
                0x0000000008005dfe       0xe6 Drivers/STM32F4xx_HAL_Driver/Src/stm32f4xx_ll_gpio.o
                0x0000000008005dfe                LL_GPIO_Init
 .text.LL_RCC_GetSysClkSource
                0x0000000008005ee4       0x1c Drivers/STM32F4xx_HAL_Driver/Src/stm32f4xx_ll_rcc.o
 .text.LL_RCC_GetAHBPrescaler
                0x0000000008005f00       0x1c Drivers/STM32F4xx_HAL_Driver/Src/stm32f4xx_ll_rcc.o
 .text.LL_RCC_GetAPB1Prescaler
                0x0000000008005f1c       0x1c Drivers/STM32F4xx_HAL_Driver/Src/stm32f4xx_ll_rcc.o
 .text.LL_RCC_GetAPB2Prescaler
                0x0000000008005f38       0x1c Drivers/STM32F4xx_HAL_Driver/Src/stm32f4xx_ll_rcc.o
 .text.LL_RCC_PLL_GetMainSource
                0x0000000008005f54       0x1c Drivers/STM32F4xx_HAL_Driver/Src/stm32f4xx_ll_rcc.o
 .text.LL_RCC_PLL_GetN
                0x0000000008005f70       0x1c Drivers/STM32F4xx_HAL_Driver/Src/stm32f4xx_ll_rcc.o
 .text.LL_RCC_PLL_GetP
                0x0000000008005f8c       0x1c Drivers/STM32F4xx_HAL_Driver/Src/stm32f4xx_ll_rcc.o
 .text.LL_RCC_PLL_GetDivider
                0x0000000008005fa8       0x1c Drivers/STM32F4xx_HAL_Driver/Src/stm32f4xx_ll_rcc.o
 .text.LL_RCC_GetSystemClocksFreq
                0x0000000008005fc4       0x4a Drivers/STM32F4xx_HAL_Driver/Src/stm32f4xx_ll_rcc.o
                0x0000000008005fc4                LL_RCC_GetSystemClocksFreq
 *fill*         0x000000000800600e        0x2 
 .text.RCC_GetSystemClockFreq
                0x0000000008006010       0x50 Drivers/STM32F4xx_HAL_Driver/Src/stm32f4xx_ll_rcc.o
                0x0000000008006010                RCC_GetSystemClockFreq
 .text.RCC_GetHCLKClockFreq
                0x0000000008006060       0x2c Drivers/STM32F4xx_HAL_Driver/Src/stm32f4xx_ll_rcc.o
                0x0000000008006060                RCC_GetHCLKClockFreq
 .text.RCC_GetPCLK1ClockFreq
                0x000000000800608c       0x28 Drivers/STM32F4xx_HAL_Driver/Src/stm32f4xx_ll_rcc.o
                0x000000000800608c                RCC_GetPCLK1ClockFreq
 .text.RCC_GetPCLK2ClockFreq
                0x00000000080060b4       0x28 Drivers/STM32F4xx_HAL_Driver/Src/stm32f4xx_ll_rcc.o
                0x00000000080060b4                RCC_GetPCLK2ClockFreq
 .text.RCC_PLL_GetFreqDomain_SYS
                0x00000000080060dc       0x7c Drivers/STM32F4xx_HAL_Driver/Src/stm32f4xx_ll_rcc.o
                0x00000000080060dc                RCC_PLL_GetFreqDomain_SYS
 .text.LL_SPI_IsEnabled
                0x0000000008006158       0x26 Drivers/STM32F4xx_HAL_Driver/Src/stm32f4xx_ll_spi.o
 .text.LL_SPI_SetCRCPolynomial
                0x000000000800617e       0x20 Drivers/STM32F4xx_HAL_Driver/Src/stm32f4xx_ll_spi.o
 .text.LL_SPI_Init
                0x000000000800619e       0xa4 Drivers/STM32F4xx_HAL_Driver/Src/stm32f4xx_ll_spi.o
                0x000000000800619e                LL_SPI_Init
 .text.LL_TIM_SetPrescaler
                0x0000000008006242       0x1c Drivers/STM32F4xx_HAL_Driver/Src/stm32f4xx_ll_tim.o
 .text.LL_TIM_SetAutoReload
                0x000000000800625e       0x1c Drivers/STM32F4xx_HAL_Driver/Src/stm32f4xx_ll_tim.o
 .text.LL_TIM_SetRepetitionCounter
                0x000000000800627a       0x1c Drivers/STM32F4xx_HAL_Driver/Src/stm32f4xx_ll_tim.o
 .text.LL_TIM_OC_SetCompareCH1
                0x0000000008006296       0x1c Drivers/STM32F4xx_HAL_Driver/Src/stm32f4xx_ll_tim.o
 .text.LL_TIM_OC_SetCompareCH2
                0x00000000080062b2       0x1c Drivers/STM32F4xx_HAL_Driver/Src/stm32f4xx_ll_tim.o
 .text.LL_TIM_OC_SetCompareCH3
                0x00000000080062ce       0x1c Drivers/STM32F4xx_HAL_Driver/Src/stm32f4xx_ll_tim.o
 .text.LL_TIM_OC_SetCompareCH4
                0x00000000080062ea       0x1c Drivers/STM32F4xx_HAL_Driver/Src/stm32f4xx_ll_tim.o
 .text.LL_TIM_GenerateEvent_UPDATE
                0x0000000008006306       0x20 Drivers/STM32F4xx_HAL_Driver/Src/stm32f4xx_ll_tim.o
 *fill*         0x0000000008006326        0x2 
 .text.LL_TIM_Init
                0x0000000008006328      0x134 Drivers/STM32F4xx_HAL_Driver/Src/stm32f4xx_ll_tim.o
                0x0000000008006328                LL_TIM_Init
 .text.LL_TIM_OC_Init
                0x000000000800645c       0x82 Drivers/STM32F4xx_HAL_Driver/Src/stm32f4xx_ll_tim.o
                0x000000000800645c                LL_TIM_OC_Init
 .text.LL_TIM_BDTR_Init
                0x00000000080064de       0x92 Drivers/STM32F4xx_HAL_Driver/Src/stm32f4xx_ll_tim.o
                0x00000000080064de                LL_TIM_BDTR_Init
 .text.OC1Config
                0x0000000008006570       0xd8 Drivers/STM32F4xx_HAL_Driver/Src/stm32f4xx_ll_tim.o
 .text.OC2Config
                0x0000000008006648       0xe0 Drivers/STM32F4xx_HAL_Driver/Src/stm32f4xx_ll_tim.o
 .text.OC3Config
                0x0000000008006728       0xe0 Drivers/STM32F4xx_HAL_Driver/Src/stm32f4xx_ll_tim.o
 .text.OC4Config
                0x0000000008006808       0xb0 Drivers/STM32F4xx_HAL_Driver/Src/stm32f4xx_ll_tim.o
 .text.LL_USART_IsEnabled
                0x00000000080068b8       0x28 Drivers/STM32F4xx_HAL_Driver/Src/stm32f4xx_ll_usart.o
 .text.LL_USART_SetStopBitsLength
                0x00000000080068e0       0x26 Drivers/STM32F4xx_HAL_Driver/Src/stm32f4xx_ll_usart.o
 .text.LL_USART_SetHWFlowCtrl
                0x0000000008006906       0x26 Drivers/STM32F4xx_HAL_Driver/Src/stm32f4xx_ll_usart.o
 .text.LL_USART_SetBaudRate
                0x000000000800692c      0x320 Drivers/STM32F4xx_HAL_Driver/Src/stm32f4xx_ll_usart.o
 .text.LL_USART_Init
                0x0000000008006c4c      0x100 Drivers/STM32F4xx_HAL_Driver/Src/stm32f4xx_ll_usart.o
                0x0000000008006c4c                LL_USART_Init
 .text.LL_InitTick
                0x0000000008006d4c       0x34 Drivers/STM32F4xx_HAL_Driver/Src/stm32f4xx_ll_utils.o
 .text.LL_Init1msTick
                0x0000000008006d80       0x1a Drivers/STM32F4xx_HAL_Driver/Src/stm32f4xx_ll_utils.o
                0x0000000008006d80                LL_Init1msTick
 *fill*         0x0000000008006d9a        0x2 
 .text.LL_mDelay
                0x0000000008006d9c       0x4c Drivers/STM32F4xx_HAL_Driver/Src/stm32f4xx_ll_utils.o
                0x0000000008006d9c                LL_mDelay
 .text.LL_SetSystemCoreClock
                0x0000000008006de8       0x20 Drivers/STM32F4xx_HAL_Driver/Src/stm32f4xx_ll_utils.o
                0x0000000008006de8                LL_SetSystemCoreClock
 .text.__errno  0x0000000008006e08        0xc c:/st/stm32cubeide_1.0.2/stm32cubeide/plugins/com.st.stm32cube.ide.mcu.externaltools.gnu-tools-for-stm32.9-2020-q2-update.win32_1.5.0.202011040924/tools/bin/../lib/gcc/arm-none-eabi/9.3.1/../../../../arm-none-eabi/lib/thumb/v7e-m+fp/hard\libc_nano.a(lib_a-errno.o)
                0x0000000008006e08                __errno
 .text.__libc_init_array
                0x0000000008006e14       0x48 c:/st/stm32cubeide_1.0.2/stm32cubeide/plugins/com.st.stm32cube.ide.mcu.externaltools.gnu-tools-for-stm32.9-2020-q2-update.win32_1.5.0.202011040924/tools/bin/../lib/gcc/arm-none-eabi/9.3.1/../../../../arm-none-eabi/lib/thumb/v7e-m+fp/hard\libc_nano.a(lib_a-init.o)
                0x0000000008006e14                __libc_init_array
 .text.memset   0x0000000008006e5c       0x10 c:/st/stm32cubeide_1.0.2/stm32cubeide/plugins/com.st.stm32cube.ide.mcu.externaltools.gnu-tools-for-stm32.9-2020-q2-update.win32_1.5.0.202011040924/tools/bin/../lib/gcc/arm-none-eabi/9.3.1/../../../../arm-none-eabi/lib/thumb/v7e-m+fp/hard\libc_nano.a(lib_a-memset.o)
                0x0000000008006e5c                memset
 .text.__cvt    0x0000000008006e6c       0xc4 c:/st/stm32cubeide_1.0.2/stm32cubeide/plugins/com.st.stm32cube.ide.mcu.externaltools.gnu-tools-for-stm32.9-2020-q2-update.win32_1.5.0.202011040924/tools/bin/../lib/gcc/arm-none-eabi/9.3.1/../../../../arm-none-eabi/lib/thumb/v7e-m+fp/hard\libc_nano.a(lib_a-nano-vfprintf_float.o)
                0x0000000008006e6c                __cvt
 .text.__exponent
                0x0000000008006f30       0x7c c:/st/stm32cubeide_1.0.2/stm32cubeide/plugins/com.st.stm32cube.ide.mcu.externaltools.gnu-tools-for-stm32.9-2020-q2-update.win32_1.5.0.202011040924/tools/bin/../lib/gcc/arm-none-eabi/9.3.1/../../../../arm-none-eabi/lib/thumb/v7e-m+fp/hard\libc_nano.a(lib_a-nano-vfprintf_float.o)
                0x0000000008006f30                __exponent
 .text._printf_float
                0x0000000008006fac      0x46c c:/st/stm32cubeide_1.0.2/stm32cubeide/plugins/com.st.stm32cube.ide.mcu.externaltools.gnu-tools-for-stm32.9-2020-q2-update.win32_1.5.0.202011040924/tools/bin/../lib/gcc/arm-none-eabi/9.3.1/../../../../arm-none-eabi/lib/thumb/v7e-m+fp/hard\libc_nano.a(lib_a-nano-vfprintf_float.o)
                0x0000000008006fac                _printf_float
 .text._printf_common
                0x0000000008007418       0xda c:/st/stm32cubeide_1.0.2/stm32cubeide/plugins/com.st.stm32cube.ide.mcu.externaltools.gnu-tools-for-stm32.9-2020-q2-update.win32_1.5.0.202011040924/tools/bin/../lib/gcc/arm-none-eabi/9.3.1/../../../../arm-none-eabi/lib/thumb/v7e-m+fp/hard\libc_nano.a(lib_a-nano-vfprintf_i.o)
                0x0000000008007418                _printf_common
 *fill*         0x00000000080074f2        0x2 
 .text._printf_i
                0x00000000080074f4      0x24c c:/st/stm32cubeide_1.0.2/stm32cubeide/plugins/com.st.stm32cube.ide.mcu.externaltools.gnu-tools-for-stm32.9-2020-q2-update.win32_1.5.0.202011040924/tools/bin/../lib/gcc/arm-none-eabi/9.3.1/../../../../arm-none-eabi/lib/thumb/v7e-m+fp/hard\libc_nano.a(lib_a-nano-vfprintf_i.o)
                0x00000000080074f4                _printf_i
 .text.printf   0x0000000008007740       0x30 c:/st/stm32cubeide_1.0.2/stm32cubeide/plugins/com.st.stm32cube.ide.mcu.externaltools.gnu-tools-for-stm32.9-2020-q2-update.win32_1.5.0.202011040924/tools/bin/../lib/gcc/arm-none-eabi/9.3.1/../../../../arm-none-eabi/lib/thumb/v7e-m+fp/hard\libc_nano.a(lib_a-printf.o)
                0x0000000008007740                iprintf
                0x0000000008007740                printf
 .text._puts_r  0x0000000008007770       0xdc c:/st/stm32cubeide_1.0.2/stm32cubeide/plugins/com.st.stm32cube.ide.mcu.externaltools.gnu-tools-for-stm32.9-2020-q2-update.win32_1.5.0.202011040924/tools/bin/../lib/gcc/arm-none-eabi/9.3.1/../../../../arm-none-eabi/lib/thumb/v7e-m+fp/hard\libc_nano.a(lib_a-puts.o)
                0x0000000008007770                _puts_r
 .text.puts     0x000000000800784c       0x10 c:/st/stm32cubeide_1.0.2/stm32cubeide/plugins/com.st.stm32cube.ide.mcu.externaltools.gnu-tools-for-stm32.9-2020-q2-update.win32_1.5.0.202011040924/tools/bin/../lib/gcc/arm-none-eabi/9.3.1/../../../../arm-none-eabi/lib/thumb/v7e-m+fp/hard\libc_nano.a(lib_a-puts.o)
                0x000000000800784c                puts
 .text.setbuf   0x000000000800785c       0x10 c:/st/stm32cubeide_1.0.2/stm32cubeide/plugins/com.st.stm32cube.ide.mcu.externaltools.gnu-tools-for-stm32.9-2020-q2-update.win32_1.5.0.202011040924/tools/bin/../lib/gcc/arm-none-eabi/9.3.1/../../../../arm-none-eabi/lib/thumb/v7e-m+fp/hard\libc_nano.a(lib_a-setbuf.o)
                0x000000000800785c                setbuf
 .text.setvbuf  0x000000000800786c      0x18c c:/st/stm32cubeide_1.0.2/stm32cubeide/plugins/com.st.stm32cube.ide.mcu.externaltools.gnu-tools-for-stm32.9-2020-q2-update.win32_1.5.0.202011040924/tools/bin/../lib/gcc/arm-none-eabi/9.3.1/../../../../arm-none-eabi/lib/thumb/v7e-m+fp/hard\libc_nano.a(lib_a-setvbuf.o)
                0x000000000800786c                setvbuf
 .text.__swbuf_r
                0x00000000080079f8       0xa4 c:/st/stm32cubeide_1.0.2/stm32cubeide/plugins/com.st.stm32cube.ide.mcu.externaltools.gnu-tools-for-stm32.9-2020-q2-update.win32_1.5.0.202011040924/tools/bin/../lib/gcc/arm-none-eabi/9.3.1/../../../../arm-none-eabi/lib/thumb/v7e-m+fp/hard\libc_nano.a(lib_a-wbuf.o)
                0x00000000080079f8                __swbuf_r
 .text.__swsetup_r
                0x0000000008007a9c       0xdc c:/st/stm32cubeide_1.0.2/stm32cubeide/plugins/com.st.stm32cube.ide.mcu.externaltools.gnu-tools-for-stm32.9-2020-q2-update.win32_1.5.0.202011040924/tools/bin/../lib/gcc/arm-none-eabi/9.3.1/../../../../arm-none-eabi/lib/thumb/v7e-m+fp/hard\libc_nano.a(lib_a-wsetup.o)
                0x0000000008007a9c                __swsetup_r
 .text.quorem   0x0000000008007b78      0x116 c:/st/stm32cubeide_1.0.2/stm32cubeide/plugins/com.st.stm32cube.ide.mcu.externaltools.gnu-tools-for-stm32.9-2020-q2-update.win32_1.5.0.202011040924/tools/bin/../lib/gcc/arm-none-eabi/9.3.1/../../../../arm-none-eabi/lib/thumb/v7e-m+fp/hard\libc_nano.a(lib_a-dtoa.o)
 *fill*         0x0000000008007c8e        0x2 
 .text._dtoa_r  0x0000000008007c90      0xbd8 c:/st/stm32cubeide_1.0.2/stm32cubeide/plugins/com.st.stm32cube.ide.mcu.externaltools.gnu-tools-for-stm32.9-2020-q2-update.win32_1.5.0.202011040924/tools/bin/../lib/gcc/arm-none-eabi/9.3.1/../../../../arm-none-eabi/lib/thumb/v7e-m+fp/hard\libc_nano.a(lib_a-dtoa.o)
                0x0000000008007c90                _dtoa_r
 .text.__sflush_r
                0x0000000008008868      0x10c c:/st/stm32cubeide_1.0.2/stm32cubeide/plugins/com.st.stm32cube.ide.mcu.externaltools.gnu-tools-for-stm32.9-2020-q2-update.win32_1.5.0.202011040924/tools/bin/../lib/gcc/arm-none-eabi/9.3.1/../../../../arm-none-eabi/lib/thumb/v7e-m+fp/hard\libc_nano.a(lib_a-fflush.o)
                0x0000000008008868                __sflush_r
 .text._fflush_r
                0x0000000008008974       0x78 c:/st/stm32cubeide_1.0.2/stm32cubeide/plugins/com.st.stm32cube.ide.mcu.externaltools.gnu-tools-for-stm32.9-2020-q2-update.win32_1.5.0.202011040924/tools/bin/../lib/gcc/arm-none-eabi/9.3.1/../../../../arm-none-eabi/lib/thumb/v7e-m+fp/hard\libc_nano.a(lib_a-fflush.o)
                0x0000000008008974                _fflush_r
 .text.std      0x00000000080089ec       0x48 c:/st/stm32cubeide_1.0.2/stm32cubeide/plugins/com.st.stm32cube.ide.mcu.externaltools.gnu-tools-for-stm32.9-2020-q2-update.win32_1.5.0.202011040924/tools/bin/../lib/gcc/arm-none-eabi/9.3.1/../../../../arm-none-eabi/lib/thumb/v7e-m+fp/hard\libc_nano.a(lib_a-findfp.o)
 .text._cleanup_r
                0x0000000008008a34        0xc c:/st/stm32cubeide_1.0.2/stm32cubeide/plugins/com.st.stm32cube.ide.mcu.externaltools.gnu-tools-for-stm32.9-2020-q2-update.win32_1.5.0.202011040924/tools/bin/../lib/gcc/arm-none-eabi/9.3.1/../../../../arm-none-eabi/lib/thumb/v7e-m+fp/hard\libc_nano.a(lib_a-findfp.o)
                0x0000000008008a34                _cleanup_r
 .text.__sfmoreglue
                0x0000000008008a40       0x2c c:/st/stm32cubeide_1.0.2/stm32cubeide/plugins/com.st.stm32cube.ide.mcu.externaltools.gnu-tools-for-stm32.9-2020-q2-update.win32_1.5.0.202011040924/tools/bin/../lib/gcc/arm-none-eabi/9.3.1/../../../../arm-none-eabi/lib/thumb/v7e-m+fp/hard\libc_nano.a(lib_a-findfp.o)
                0x0000000008008a40                __sfmoreglue
 .text.__sfp_lock_acquire
                0x0000000008008a6c        0xc c:/st/stm32cubeide_1.0.2/stm32cubeide/plugins/com.st.stm32cube.ide.mcu.externaltools.gnu-tools-for-stm32.9-2020-q2-update.win32_1.5.0.202011040924/tools/bin/../lib/gcc/arm-none-eabi/9.3.1/../../../../arm-none-eabi/lib/thumb/v7e-m+fp/hard\libc_nano.a(lib_a-findfp.o)
                0x0000000008008a6c                __sfp_lock_acquire
 .text.__sfp_lock_release
                0x0000000008008a78        0xc c:/st/stm32cubeide_1.0.2/stm32cubeide/plugins/com.st.stm32cube.ide.mcu.externaltools.gnu-tools-for-stm32.9-2020-q2-update.win32_1.5.0.202011040924/tools/bin/../lib/gcc/arm-none-eabi/9.3.1/../../../../arm-none-eabi/lib/thumb/v7e-m+fp/hard\libc_nano.a(lib_a-findfp.o)
                0x0000000008008a78                __sfp_lock_release
 .text.__sinit_lock_acquire
                0x0000000008008a84        0xc c:/st/stm32cubeide_1.0.2/stm32cubeide/plugins/com.st.stm32cube.ide.mcu.externaltools.gnu-tools-for-stm32.9-2020-q2-update.win32_1.5.0.202011040924/tools/bin/../lib/gcc/arm-none-eabi/9.3.1/../../../../arm-none-eabi/lib/thumb/v7e-m+fp/hard\libc_nano.a(lib_a-findfp.o)
                0x0000000008008a84                __sinit_lock_acquire
 .text.__sinit_lock_release
                0x0000000008008a90        0xc c:/st/stm32cubeide_1.0.2/stm32cubeide/plugins/com.st.stm32cube.ide.mcu.externaltools.gnu-tools-for-stm32.9-2020-q2-update.win32_1.5.0.202011040924/tools/bin/../lib/gcc/arm-none-eabi/9.3.1/../../../../arm-none-eabi/lib/thumb/v7e-m+fp/hard\libc_nano.a(lib_a-findfp.o)
                0x0000000008008a90                __sinit_lock_release
 .text.__sinit  0x0000000008008a9c       0x70 c:/st/stm32cubeide_1.0.2/stm32cubeide/plugins/com.st.stm32cube.ide.mcu.externaltools.gnu-tools-for-stm32.9-2020-q2-update.win32_1.5.0.202011040924/tools/bin/../lib/gcc/arm-none-eabi/9.3.1/../../../../arm-none-eabi/lib/thumb/v7e-m+fp/hard\libc_nano.a(lib_a-findfp.o)
                0x0000000008008a9c                __sinit
 .text.__sfp    0x0000000008008b0c       0x8c c:/st/stm32cubeide_1.0.2/stm32cubeide/plugins/com.st.stm32cube.ide.mcu.externaltools.gnu-tools-for-stm32.9-2020-q2-update.win32_1.5.0.202011040924/tools/bin/../lib/gcc/arm-none-eabi/9.3.1/../../../../arm-none-eabi/lib/thumb/v7e-m+fp/hard\libc_nano.a(lib_a-findfp.o)
                0x0000000008008b0c                __sfp
 .text._fwalk_reent
                0x0000000008008b98       0x3e c:/st/stm32cubeide_1.0.2/stm32cubeide/plugins/com.st.stm32cube.ide.mcu.externaltools.gnu-tools-for-stm32.9-2020-q2-update.win32_1.5.0.202011040924/tools/bin/../lib/gcc/arm-none-eabi/9.3.1/../../../../arm-none-eabi/lib/thumb/v7e-m+fp/hard\libc_nano.a(lib_a-fwalk.o)
                0x0000000008008b98                _fwalk_reent
 *fill*         0x0000000008008bd6        0x2 
 .text._localeconv_r
                0x0000000008008bd8        0x8 c:/st/stm32cubeide_1.0.2/stm32cubeide/plugins/com.st.stm32cube.ide.mcu.externaltools.gnu-tools-for-stm32.9-2020-q2-update.win32_1.5.0.202011040924/tools/bin/../lib/gcc/arm-none-eabi/9.3.1/../../../../arm-none-eabi/lib/thumb/v7e-m+fp/hard\libc_nano.a(lib_a-localeconv.o)
                0x0000000008008bd8                _localeconv_r
 .text.__retarget_lock_init_recursive
                0x0000000008008be0        0x2 c:/st/stm32cubeide_1.0.2/stm32cubeide/plugins/com.st.stm32cube.ide.mcu.externaltools.gnu-tools-for-stm32.9-2020-q2-update.win32_1.5.0.202011040924/tools/bin/../lib/gcc/arm-none-eabi/9.3.1/../../../../arm-none-eabi/lib/thumb/v7e-m+fp/hard\libc_nano.a(lib_a-lock.o)
                0x0000000008008be0                __retarget_lock_init_recursive
 .text.__retarget_lock_acquire_recursive
                0x0000000008008be2        0x2 c:/st/stm32cubeide_1.0.2/stm32cubeide/plugins/com.st.stm32cube.ide.mcu.externaltools.gnu-tools-for-stm32.9-2020-q2-update.win32_1.5.0.202011040924/tools/bin/../lib/gcc/arm-none-eabi/9.3.1/../../../../arm-none-eabi/lib/thumb/v7e-m+fp/hard\libc_nano.a(lib_a-lock.o)
                0x0000000008008be2                __retarget_lock_acquire_recursive
 .text.__retarget_lock_release_recursive
                0x0000000008008be4        0x2 c:/st/stm32cubeide_1.0.2/stm32cubeide/plugins/com.st.stm32cube.ide.mcu.externaltools.gnu-tools-for-stm32.9-2020-q2-update.win32_1.5.0.202011040924/tools/bin/../lib/gcc/arm-none-eabi/9.3.1/../../../../arm-none-eabi/lib/thumb/v7e-m+fp/hard\libc_nano.a(lib_a-lock.o)
                0x0000000008008be4                __retarget_lock_release_recursive
 .text.__swhatbuf_r
                0x0000000008008be6       0x48 c:/st/stm32cubeide_1.0.2/stm32cubeide/plugins/com.st.stm32cube.ide.mcu.externaltools.gnu-tools-for-stm32.9-2020-q2-update.win32_1.5.0.202011040924/tools/bin/../lib/gcc/arm-none-eabi/9.3.1/../../../../arm-none-eabi/lib/thumb/v7e-m+fp/hard\libc_nano.a(lib_a-makebuf.o)
                0x0000000008008be6                __swhatbuf_r
 *fill*         0x0000000008008c2e        0x2 
 .text.__smakebuf_r
                0x0000000008008c30       0x80 c:/st/stm32cubeide_1.0.2/stm32cubeide/plugins/com.st.stm32cube.ide.mcu.externaltools.gnu-tools-for-stm32.9-2020-q2-update.win32_1.5.0.202011040924/tools/bin/../lib/gcc/arm-none-eabi/9.3.1/../../../../arm-none-eabi/lib/thumb/v7e-m+fp/hard\libc_nano.a(lib_a-makebuf.o)
                0x0000000008008c30                __smakebuf_r
 .text.malloc   0x0000000008008cb0       0x10 c:/st/stm32cubeide_1.0.2/stm32cubeide/plugins/com.st.stm32cube.ide.mcu.externaltools.gnu-tools-for-stm32.9-2020-q2-update.win32_1.5.0.202011040924/tools/bin/../lib/gcc/arm-none-eabi/9.3.1/../../../../arm-none-eabi/lib/thumb/v7e-m+fp/hard\libc_nano.a(lib_a-malloc.o)
                0x0000000008008cb0                malloc
 .text.memcpy   0x0000000008008cc0       0x1c c:/st/stm32cubeide_1.0.2/stm32cubeide/plugins/com.st.stm32cube.ide.mcu.externaltools.gnu-tools-for-stm32.9-2020-q2-update.win32_1.5.0.202011040924/tools/bin/../lib/gcc/arm-none-eabi/9.3.1/../../../../arm-none-eabi/lib/thumb/v7e-m+fp/hard\libc_nano.a(lib_a-memcpy-stub.o)
                0x0000000008008cc0                memcpy
 .text._Balloc  0x0000000008008cdc       0x80 c:/st/stm32cubeide_1.0.2/stm32cubeide/plugins/com.st.stm32cube.ide.mcu.externaltools.gnu-tools-for-stm32.9-2020-q2-update.win32_1.5.0.202011040924/tools/bin/../lib/gcc/arm-none-eabi/9.3.1/../../../../arm-none-eabi/lib/thumb/v7e-m+fp/hard\libc_nano.a(lib_a-mprec.o)
                0x0000000008008cdc                _Balloc
 .text._Bfree   0x0000000008008d5c       0x44 c:/st/stm32cubeide_1.0.2/stm32cubeide/plugins/com.st.stm32cube.ide.mcu.externaltools.gnu-tools-for-stm32.9-2020-q2-update.win32_1.5.0.202011040924/tools/bin/../lib/gcc/arm-none-eabi/9.3.1/../../../../arm-none-eabi/lib/thumb/v7e-m+fp/hard\libc_nano.a(lib_a-mprec.o)
                0x0000000008008d5c                _Bfree
 .text.__multadd
                0x0000000008008da0       0x94 c:/st/stm32cubeide_1.0.2/stm32cubeide/plugins/com.st.stm32cube.ide.mcu.externaltools.gnu-tools-for-stm32.9-2020-q2-update.win32_1.5.0.202011040924/tools/bin/../lib/gcc/arm-none-eabi/9.3.1/../../../../arm-none-eabi/lib/thumb/v7e-m+fp/hard\libc_nano.a(lib_a-mprec.o)
                0x0000000008008da0                __multadd
 .text.__hi0bits
                0x0000000008008e34       0x40 c:/st/stm32cubeide_1.0.2/stm32cubeide/plugins/com.st.stm32cube.ide.mcu.externaltools.gnu-tools-for-stm32.9-2020-q2-update.win32_1.5.0.202011040924/tools/bin/../lib/gcc/arm-none-eabi/9.3.1/../../../../arm-none-eabi/lib/thumb/v7e-m+fp/hard\libc_nano.a(lib_a-mprec.o)
                0x0000000008008e34                __hi0bits
 .text.__lo0bits
                0x0000000008008e74       0x60 c:/st/stm32cubeide_1.0.2/stm32cubeide/plugins/com.st.stm32cube.ide.mcu.externaltools.gnu-tools-for-stm32.9-2020-q2-update.win32_1.5.0.202011040924/tools/bin/../lib/gcc/arm-none-eabi/9.3.1/../../../../arm-none-eabi/lib/thumb/v7e-m+fp/hard\libc_nano.a(lib_a-mprec.o)
                0x0000000008008e74                __lo0bits
 .text.__i2b    0x0000000008008ed4       0x2c c:/st/stm32cubeide_1.0.2/stm32cubeide/plugins/com.st.stm32cube.ide.mcu.externaltools.gnu-tools-for-stm32.9-2020-q2-update.win32_1.5.0.202011040924/tools/bin/../lib/gcc/arm-none-eabi/9.3.1/../../../../arm-none-eabi/lib/thumb/v7e-m+fp/hard\libc_nano.a(lib_a-mprec.o)
                0x0000000008008ed4                __i2b
 .text.__multiply
                0x0000000008008f00      0x14c c:/st/stm32cubeide_1.0.2/stm32cubeide/plugins/com.st.stm32cube.ide.mcu.externaltools.gnu-tools-for-stm32.9-2020-q2-update.win32_1.5.0.202011040924/tools/bin/../lib/gcc/arm-none-eabi/9.3.1/../../../../arm-none-eabi/lib/thumb/v7e-m+fp/hard\libc_nano.a(lib_a-mprec.o)
                0x0000000008008f00                __multiply
 .text.__pow5mult
                0x000000000800904c       0xb4 c:/st/stm32cubeide_1.0.2/stm32cubeide/plugins/com.st.stm32cube.ide.mcu.externaltools.gnu-tools-for-stm32.9-2020-q2-update.win32_1.5.0.202011040924/tools/bin/../lib/gcc/arm-none-eabi/9.3.1/../../../../arm-none-eabi/lib/thumb/v7e-m+fp/hard\libc_nano.a(lib_a-mprec.o)
                0x000000000800904c                __pow5mult
 .text.__lshift
                0x0000000008009100       0xd8 c:/st/stm32cubeide_1.0.2/stm32cubeide/plugins/com.st.stm32cube.ide.mcu.externaltools.gnu-tools-for-stm32.9-2020-q2-update.win32_1.5.0.202011040924/tools/bin/../lib/gcc/arm-none-eabi/9.3.1/../../../../arm-none-eabi/lib/thumb/v7e-m+fp/hard\libc_nano.a(lib_a-mprec.o)
                0x0000000008009100                __lshift
 .text.__mcmp   0x00000000080091d8       0x38 c:/st/stm32cubeide_1.0.2/stm32cubeide/plugins/com.st.stm32cube.ide.mcu.externaltools.gnu-tools-for-stm32.9-2020-q2-update.win32_1.5.0.202011040924/tools/bin/../lib/gcc/arm-none-eabi/9.3.1/../../../../arm-none-eabi/lib/thumb/v7e-m+fp/hard\libc_nano.a(lib_a-mprec.o)
                0x00000000080091d8                __mcmp
 .text.__mdiff  0x0000000008009210      0x110 c:/st/stm32cubeide_1.0.2/stm32cubeide/plugins/com.st.stm32cube.ide.mcu.externaltools.gnu-tools-for-stm32.9-2020-q2-update.win32_1.5.0.202011040924/tools/bin/../lib/gcc/arm-none-eabi/9.3.1/../../../../arm-none-eabi/lib/thumb/v7e-m+fp/hard\libc_nano.a(lib_a-mprec.o)
                0x0000000008009210                __mdiff
 .text.__d2b    0x0000000008009320       0xb8 c:/st/stm32cubeide_1.0.2/stm32cubeide/plugins/com.st.stm32cube.ide.mcu.externaltools.gnu-tools-for-stm32.9-2020-q2-update.win32_1.5.0.202011040924/tools/bin/../lib/gcc/arm-none-eabi/9.3.1/../../../../arm-none-eabi/lib/thumb/v7e-m+fp/hard\libc_nano.a(lib_a-mprec.o)
                0x0000000008009320                __d2b
 .text._calloc_r
                0x00000000080093d8       0x1e c:/st/stm32cubeide_1.0.2/stm32cubeide/plugins/com.st.stm32cube.ide.mcu.externaltools.gnu-tools-for-stm32.9-2020-q2-update.win32_1.5.0.202011040924/tools/bin/../lib/gcc/arm-none-eabi/9.3.1/../../../../arm-none-eabi/lib/thumb/v7e-m+fp/hard\libc_nano.a(lib_a-nano-callocr.o)
                0x00000000080093d8                _calloc_r
 *fill*         0x00000000080093f6        0x2 
 .text._free_r  0x00000000080093f8       0xa0 c:/st/stm32cubeide_1.0.2/stm32cubeide/plugins/com.st.stm32cube.ide.mcu.externaltools.gnu-tools-for-stm32.9-2020-q2-update.win32_1.5.0.202011040924/tools/bin/../lib/gcc/arm-none-eabi/9.3.1/../../../../arm-none-eabi/lib/thumb/v7e-m+fp/hard\libc_nano.a(lib_a-nano-freer.o)
                0x00000000080093f8                _free_r
 .text._malloc_r
                0x0000000008009498       0xb4 c:/st/stm32cubeide_1.0.2/stm32cubeide/plugins/com.st.stm32cube.ide.mcu.externaltools.gnu-tools-for-stm32.9-2020-q2-update.win32_1.5.0.202011040924/tools/bin/../lib/gcc/arm-none-eabi/9.3.1/../../../../arm-none-eabi/lib/thumb/v7e-m+fp/hard\libc_nano.a(lib_a-nano-mallocr.o)
                0x0000000008009498                _malloc_r
 .text.__sfputc_r
                0x000000000800954c       0x2e c:/st/stm32cubeide_1.0.2/stm32cubeide/plugins/com.st.stm32cube.ide.mcu.externaltools.gnu-tools-for-stm32.9-2020-q2-update.win32_1.5.0.202011040924/tools/bin/../lib/gcc/arm-none-eabi/9.3.1/../../../../arm-none-eabi/lib/thumb/v7e-m+fp/hard\libc_nano.a(lib_a-nano-vfprintf.o)
 .text.__sfputs_r
                0x000000000800957a       0x24 c:/st/stm32cubeide_1.0.2/stm32cubeide/plugins/com.st.stm32cube.ide.mcu.externaltools.gnu-tools-for-stm32.9-2020-q2-update.win32_1.5.0.202011040924/tools/bin/../lib/gcc/arm-none-eabi/9.3.1/../../../../arm-none-eabi/lib/thumb/v7e-m+fp/hard\libc_nano.a(lib_a-nano-vfprintf.o)
                0x000000000800957a                __sfputs_r
 *fill*         0x000000000800959e        0x2 
 .text._vfprintf_r
                0x00000000080095a0      0x260 c:/st/stm32cubeide_1.0.2/stm32cubeide/plugins/com.st.stm32cube.ide.mcu.externaltools.gnu-tools-for-stm32.9-2020-q2-update.win32_1.5.0.202011040924/tools/bin/../lib/gcc/arm-none-eabi/9.3.1/../../../../arm-none-eabi/lib/thumb/v7e-m+fp/hard\libc_nano.a(lib_a-nano-vfprintf.o)
                0x00000000080095a0                _vfprintf_r
                0x00000000080095a0                _vfiprintf_r
 .text._sbrk_r  0x0000000008009800       0x20 c:/st/stm32cubeide_1.0.2/stm32cubeide/plugins/com.st.stm32cube.ide.mcu.externaltools.gnu-tools-for-stm32.9-2020-q2-update.win32_1.5.0.202011040924/tools/bin/../lib/gcc/arm-none-eabi/9.3.1/../../../../arm-none-eabi/lib/thumb/v7e-m+fp/hard\libc_nano.a(lib_a-sbrkr.o)
                0x0000000008009800                _sbrk_r
 .text.__sread  0x0000000008009820       0x22 c:/st/stm32cubeide_1.0.2/stm32cubeide/plugins/com.st.stm32cube.ide.mcu.externaltools.gnu-tools-for-stm32.9-2020-q2-update.win32_1.5.0.202011040924/tools/bin/../lib/gcc/arm-none-eabi/9.3.1/../../../../arm-none-eabi/lib/thumb/v7e-m+fp/hard\libc_nano.a(lib_a-stdio.o)
                0x0000000008009820                __sread
 .text.__swrite
                0x0000000008009842       0x38 c:/st/stm32cubeide_1.0.2/stm32cubeide/plugins/com.st.stm32cube.ide.mcu.externaltools.gnu-tools-for-stm32.9-2020-q2-update.win32_1.5.0.202011040924/tools/bin/../lib/gcc/arm-none-eabi/9.3.1/../../../../arm-none-eabi/lib/thumb/v7e-m+fp/hard\libc_nano.a(lib_a-stdio.o)
                0x0000000008009842                __swrite
 .text.__sseek  0x000000000800987a       0x24 c:/st/stm32cubeide_1.0.2/stm32cubeide/plugins/com.st.stm32cube.ide.mcu.externaltools.gnu-tools-for-stm32.9-2020-q2-update.win32_1.5.0.202011040924/tools/bin/../lib/gcc/arm-none-eabi/9.3.1/../../../../arm-none-eabi/lib/thumb/v7e-m+fp/hard\libc_nano.a(lib_a-stdio.o)
                0x000000000800987a                __sseek
 .text.__sclose
                0x000000000800989e        0x8 c:/st/stm32cubeide_1.0.2/stm32cubeide/plugins/com.st.stm32cube.ide.mcu.externaltools.gnu-tools-for-stm32.9-2020-q2-update.win32_1.5.0.202011040924/tools/bin/../lib/gcc/arm-none-eabi/9.3.1/../../../../arm-none-eabi/lib/thumb/v7e-m+fp/hard\libc_nano.a(lib_a-stdio.o)
                0x000000000800989e                __sclose
 *fill*         0x00000000080098a6        0x2 
 .text._write_r
                0x00000000080098a8       0x24 c:/st/stm32cubeide_1.0.2/stm32cubeide/plugins/com.st.stm32cube.ide.mcu.externaltools.gnu-tools-for-stm32.9-2020-q2-update.win32_1.5.0.202011040924/tools/bin/../lib/gcc/arm-none-eabi/9.3.1/../../../../arm-none-eabi/lib/thumb/v7e-m+fp/hard\libc_nano.a(lib_a-writer.o)
                0x00000000080098a8                _write_r
 .text.__assert_func
                0x00000000080098cc       0x3c c:/st/stm32cubeide_1.0.2/stm32cubeide/plugins/com.st.stm32cube.ide.mcu.externaltools.gnu-tools-for-stm32.9-2020-q2-update.win32_1.5.0.202011040924/tools/bin/../lib/gcc/arm-none-eabi/9.3.1/../../../../arm-none-eabi/lib/thumb/v7e-m+fp/hard\libc_nano.a(lib_a-assert.o)
                0x00000000080098cc                __assert_func
 .text._close_r
                0x0000000008009908       0x20 c:/st/stm32cubeide_1.0.2/stm32cubeide/plugins/com.st.stm32cube.ide.mcu.externaltools.gnu-tools-for-stm32.9-2020-q2-update.win32_1.5.0.202011040924/tools/bin/../lib/gcc/arm-none-eabi/9.3.1/../../../../arm-none-eabi/lib/thumb/v7e-m+fp/hard\libc_nano.a(lib_a-closer.o)
                0x0000000008009908                _close_r
 .text.fprintf  0x0000000008009928       0x24 c:/st/stm32cubeide_1.0.2/stm32cubeide/plugins/com.st.stm32cube.ide.mcu.externaltools.gnu-tools-for-stm32.9-2020-q2-update.win32_1.5.0.202011040924/tools/bin/../lib/gcc/arm-none-eabi/9.3.1/../../../../arm-none-eabi/lib/thumb/v7e-m+fp/hard\libc_nano.a(lib_a-fprintf.o)
                0x0000000008009928                fiprintf
                0x0000000008009928                fprintf
 .text._fstat_r
                0x000000000800994c       0x24 c:/st/stm32cubeide_1.0.2/stm32cubeide/plugins/com.st.stm32cube.ide.mcu.externaltools.gnu-tools-for-stm32.9-2020-q2-update.win32_1.5.0.202011040924/tools/bin/../lib/gcc/arm-none-eabi/9.3.1/../../../../arm-none-eabi/lib/thumb/v7e-m+fp/hard\libc_nano.a(lib_a-fstatr.o)
                0x000000000800994c                _fstat_r
 .text._isatty_r
                0x0000000008009970       0x20 c:/st/stm32cubeide_1.0.2/stm32cubeide/plugins/com.st.stm32cube.ide.mcu.externaltools.gnu-tools-for-stm32.9-2020-q2-update.win32_1.5.0.202011040924/tools/bin/../lib/gcc/arm-none-eabi/9.3.1/../../../../arm-none-eabi/lib/thumb/v7e-m+fp/hard\libc_nano.a(lib_a-isattyr.o)
                0x0000000008009970                _isatty_r
 .text._lseek_r
                0x0000000008009990       0x24 c:/st/stm32cubeide_1.0.2/stm32cubeide/plugins/com.st.stm32cube.ide.mcu.externaltools.gnu-tools-for-stm32.9-2020-q2-update.win32_1.5.0.202011040924/tools/bin/../lib/gcc/arm-none-eabi/9.3.1/../../../../arm-none-eabi/lib/thumb/v7e-m+fp/hard\libc_nano.a(lib_a-lseekr.o)
                0x0000000008009990                _lseek_r
 .text.__ascii_mbtowc
                0x00000000080099b4       0x24 c:/st/stm32cubeide_1.0.2/stm32cubeide/plugins/com.st.stm32cube.ide.mcu.externaltools.gnu-tools-for-stm32.9-2020-q2-update.win32_1.5.0.202011040924/tools/bin/../lib/gcc/arm-none-eabi/9.3.1/../../../../arm-none-eabi/lib/thumb/v7e-m+fp/hard\libc_nano.a(lib_a-mbtowc_r.o)
                0x00000000080099b4                __ascii_mbtowc
 .text.__malloc_lock
                0x00000000080099d8        0xc c:/st/stm32cubeide_1.0.2/stm32cubeide/plugins/com.st.stm32cube.ide.mcu.externaltools.gnu-tools-for-stm32.9-2020-q2-update.win32_1.5.0.202011040924/tools/bin/../lib/gcc/arm-none-eabi/9.3.1/../../../../arm-none-eabi/lib/thumb/v7e-m+fp/hard\libc_nano.a(lib_a-mlock.o)
                0x00000000080099d8                __malloc_lock
 .text.__malloc_unlock
                0x00000000080099e4        0xc c:/st/stm32cubeide_1.0.2/stm32cubeide/plugins/com.st.stm32cube.ide.mcu.externaltools.gnu-tools-for-stm32.9-2020-q2-update.win32_1.5.0.202011040924/tools/bin/../lib/gcc/arm-none-eabi/9.3.1/../../../../arm-none-eabi/lib/thumb/v7e-m+fp/hard\libc_nano.a(lib_a-mlock.o)
                0x00000000080099e4                __malloc_unlock
 .text._read_r  0x00000000080099f0       0x24 c:/st/stm32cubeide_1.0.2/stm32cubeide/plugins/com.st.stm32cube.ide.mcu.externaltools.gnu-tools-for-stm32.9-2020-q2-update.win32_1.5.0.202011040924/tools/bin/../lib/gcc/arm-none-eabi/9.3.1/../../../../arm-none-eabi/lib/thumb/v7e-m+fp/hard\libc_nano.a(lib_a-readr.o)
                0x00000000080099f0                _read_r
 .text.__ascii_wctomb
                0x0000000008009a14       0x1a c:/st/stm32cubeide_1.0.2/stm32cubeide/plugins/com.st.stm32cube.ide.mcu.externaltools.gnu-tools-for-stm32.9-2020-q2-update.win32_1.5.0.202011040924/tools/bin/../lib/gcc/arm-none-eabi/9.3.1/../../../../arm-none-eabi/lib/thumb/v7e-m+fp/hard\libc_nano.a(lib_a-wctomb_r.o)
                0x0000000008009a14                __ascii_wctomb
 .text.abort    0x0000000008009a2e        0xe c:/st/stm32cubeide_1.0.2/stm32cubeide/plugins/com.st.stm32cube.ide.mcu.externaltools.gnu-tools-for-stm32.9-2020-q2-update.win32_1.5.0.202011040924/tools/bin/../lib/gcc/arm-none-eabi/9.3.1/../../../../arm-none-eabi/lib/thumb/v7e-m+fp/hard\libc_nano.a(lib_a-abort.o)
                0x0000000008009a2e                abort
 .text._raise_r
                0x0000000008009a3c       0x50 c:/st/stm32cubeide_1.0.2/stm32cubeide/plugins/com.st.stm32cube.ide.mcu.externaltools.gnu-tools-for-stm32.9-2020-q2-update.win32_1.5.0.202011040924/tools/bin/../lib/gcc/arm-none-eabi/9.3.1/../../../../arm-none-eabi/lib/thumb/v7e-m+fp/hard\libc_nano.a(lib_a-signal.o)
                0x0000000008009a3c                _raise_r
 .text.raise    0x0000000008009a8c       0x10 c:/st/stm32cubeide_1.0.2/stm32cubeide/plugins/com.st.stm32cube.ide.mcu.externaltools.gnu-tools-for-stm32.9-2020-q2-update.win32_1.5.0.202011040924/tools/bin/../lib/gcc/arm-none-eabi/9.3.1/../../../../arm-none-eabi/lib/thumb/v7e-m+fp/hard\libc_nano.a(lib_a-signal.o)
                0x0000000008009a8c                raise
 .text._kill_r  0x0000000008009a9c       0x24 c:/st/stm32cubeide_1.0.2/stm32cubeide/plugins/com.st.stm32cube.ide.mcu.externaltools.gnu-tools-for-stm32.9-2020-q2-update.win32_1.5.0.202011040924/tools/bin/../lib/gcc/arm-none-eabi/9.3.1/../../../../arm-none-eabi/lib/thumb/v7e-m+fp/hard\libc_nano.a(lib_a-signalr.o)
                0x0000000008009a9c                _kill_r
 .text._getpid_r
                0x0000000008009ac0        0x4 c:/st/stm32cubeide_1.0.2/stm32cubeide/plugins/com.st.stm32cube.ide.mcu.externaltools.gnu-tools-for-stm32.9-2020-q2-update.win32_1.5.0.202011040924/tools/bin/../lib/gcc/arm-none-eabi/9.3.1/../../../../arm-none-eabi/lib/thumb/v7e-m+fp/hard\libc_nano.a(lib_a-signalr.o)
                0x0000000008009ac0                _getpid_r
 *(.glue_7)
 .glue_7        0x0000000008009ac4        0x0 linker stubs
 *(.glue_7t)
 .glue_7t       0x0000000008009ac4        0x0 linker stubs
 *(.eh_frame)
 .eh_frame      0x0000000008009ac4        0x0 c:/st/stm32cubeide_1.0.2/stm32cubeide/plugins/com.st.stm32cube.ide.mcu.externaltools.gnu-tools-for-stm32.9-2020-q2-update.win32_1.5.0.202011040924/tools/bin/../lib/gcc/arm-none-eabi/9.3.1/thumb/v7e-m+fp/hard/crtbegin.o
 *(.init)
 .init          0x0000000008009ac4        0x4 c:/st/stm32cubeide_1.0.2/stm32cubeide/plugins/com.st.stm32cube.ide.mcu.externaltools.gnu-tools-for-stm32.9-2020-q2-update.win32_1.5.0.202011040924/tools/bin/../lib/gcc/arm-none-eabi/9.3.1/thumb/v7e-m+fp/hard/crti.o
                0x0000000008009ac4                _init
 .init          0x0000000008009ac8        0x8 c:/st/stm32cubeide_1.0.2/stm32cubeide/plugins/com.st.stm32cube.ide.mcu.externaltools.gnu-tools-for-stm32.9-2020-q2-update.win32_1.5.0.202011040924/tools/bin/../lib/gcc/arm-none-eabi/9.3.1/thumb/v7e-m+fp/hard/crtn.o
 *(.fini)
 .fini          0x0000000008009ad0        0x4 c:/st/stm32cubeide_1.0.2/stm32cubeide/plugins/com.st.stm32cube.ide.mcu.externaltools.gnu-tools-for-stm32.9-2020-q2-update.win32_1.5.0.202011040924/tools/bin/../lib/gcc/arm-none-eabi/9.3.1/thumb/v7e-m+fp/hard/crti.o
                0x0000000008009ad0                _fini
 .fini          0x0000000008009ad4        0x8 c:/st/stm32cubeide_1.0.2/stm32cubeide/plugins/com.st.stm32cube.ide.mcu.externaltools.gnu-tools-for-stm32.9-2020-q2-update.win32_1.5.0.202011040924/tools/bin/../lib/gcc/arm-none-eabi/9.3.1/thumb/v7e-m+fp/hard/crtn.o
                0x0000000008009adc                . = ALIGN (0x4)
                0x0000000008009adc                _etext = .

.vfp11_veneer   0x0000000008009adc        0x0
 .vfp11_veneer  0x0000000008009adc        0x0 linker stubs

.v4_bx          0x0000000008009adc        0x0
 .v4_bx         0x0000000008009adc        0x0 linker stubs

.iplt           0x0000000008009adc        0x0
 .iplt          0x0000000008009adc        0x0 c:/st/stm32cubeide_1.0.2/stm32cubeide/plugins/com.st.stm32cube.ide.mcu.externaltools.gnu-tools-for-stm32.9-2020-q2-update.win32_1.5.0.202011040924/tools/bin/../lib/gcc/arm-none-eabi/9.3.1/thumb/v7e-m+fp/hard/crtbegin.o

.rodata         0x0000000008009ae0      0x55c
                0x0000000008009ae0                . = ALIGN (0x4)
 *(.rodata)
 .rodata        0x0000000008009ae0       0x55 Core/Src/Controller/mode.o
 *fill*         0x0000000008009b35        0x3 
 .rodata        0x0000000008009b38       0x28 Core/Src/Hardware/ICM20689.o
 .rodata        0x0000000008009b60       0xaf Core/Src/main.o
 *(.rodata*)
 *fill*         0x0000000008009c0f        0x1 
 .rodata.STREAM_OFFSET_TAB
                0x0000000008009c10        0x8 Core/Src/Hardware/wall_sensor.o
 .rodata.STREAM_OFFSET_TAB
                0x0000000008009c18        0x8 Core/Src/adc.o
 .rodata.AHBPrescTable
                0x0000000008009c20       0x10 Core/Src/system_stm32f4xx.o
                0x0000000008009c20                AHBPrescTable
 .rodata.APBPrescTable
                0x0000000008009c30        0x8 Core/Src/system_stm32f4xx.o
                0x0000000008009c30                APBPrescTable
 .rodata.OFFSET_TAB_CCMRx
                0x0000000008009c38        0x7 Core/Src/tim.o
 *fill*         0x0000000008009c3f        0x1 
 .rodata.SHIFT_TAB_OCxx
                0x0000000008009c40        0x7 Core/Src/tim.o
 *fill*         0x0000000008009c47        0x1 
 .rodata.SHIFT_TAB_ICxx
                0x0000000008009c48        0x7 Core/Src/tim.o
 *fill*         0x0000000008009c4f        0x1 
 .rodata.SHIFT_TAB_CCxP
                0x0000000008009c50        0x7 Core/Src/tim.o
 *fill*         0x0000000008009c57        0x1 
 .rodata._global_impure_ptr
                0x0000000008009c58        0x4 c:/st/stm32cubeide_1.0.2/stm32cubeide/plugins/com.st.stm32cube.ide.mcu.externaltools.gnu-tools-for-stm32.9-2020-q2-update.win32_1.5.0.202011040924/tools/bin/../lib/gcc/arm-none-eabi/9.3.1/../../../../arm-none-eabi/lib/thumb/v7e-m+fp/hard\libc_nano.a(lib_a-impure.o)
                0x0000000008009c58                _global_impure_ptr
 .rodata._printf_float.str1.1
                0x0000000008009c5c       0x12 c:/st/stm32cubeide_1.0.2/stm32cubeide/plugins/com.st.stm32cube.ide.mcu.externaltools.gnu-tools-for-stm32.9-2020-q2-update.win32_1.5.0.202011040924/tools/bin/../lib/gcc/arm-none-eabi/9.3.1/../../../../arm-none-eabi/lib/thumb/v7e-m+fp/hard\libc_nano.a(lib_a-nano-vfprintf_float.o)
 .rodata._printf_i.str1.1
                0x0000000008009c6e       0x22 c:/st/stm32cubeide_1.0.2/stm32cubeide/plugins/com.st.stm32cube.ide.mcu.externaltools.gnu-tools-for-stm32.9-2020-q2-update.win32_1.5.0.202011040924/tools/bin/../lib/gcc/arm-none-eabi/9.3.1/../../../../arm-none-eabi/lib/thumb/v7e-m+fp/hard\libc_nano.a(lib_a-nano-vfprintf_i.o)
 .rodata._dtoa_r.str1.1
                0x0000000008009c90       0x94 c:/st/stm32cubeide_1.0.2/stm32cubeide/plugins/com.st.stm32cube.ide.mcu.externaltools.gnu-tools-for-stm32.9-2020-q2-update.win32_1.5.0.202011040924/tools/bin/../lib/gcc/arm-none-eabi/9.3.1/../../../../arm-none-eabi/lib/thumb/v7e-m+fp/hard\libc_nano.a(lib_a-dtoa.o)
                                         0x96 (size before relaxing)
 .rodata.__sf_fake_stderr
                0x0000000008009d24       0x20 c:/st/stm32cubeide_1.0.2/stm32cubeide/plugins/com.st.stm32cube.ide.mcu.externaltools.gnu-tools-for-stm32.9-2020-q2-update.win32_1.5.0.202011040924/tools/bin/../lib/gcc/arm-none-eabi/9.3.1/../../../../arm-none-eabi/lib/thumb/v7e-m+fp/hard\libc_nano.a(lib_a-findfp.o)
                0x0000000008009d24                __sf_fake_stderr
 .rodata.__sf_fake_stdin
                0x0000000008009d44       0x20 c:/st/stm32cubeide_1.0.2/stm32cubeide/plugins/com.st.stm32cube.ide.mcu.externaltools.gnu-tools-for-stm32.9-2020-q2-update.win32_1.5.0.202011040924/tools/bin/../lib/gcc/arm-none-eabi/9.3.1/../../../../arm-none-eabi/lib/thumb/v7e-m+fp/hard\libc_nano.a(lib_a-findfp.o)
                0x0000000008009d44                __sf_fake_stdin
 .rodata.__sf_fake_stdout
                0x0000000008009d64       0x20 c:/st/stm32cubeide_1.0.2/stm32cubeide/plugins/com.st.stm32cube.ide.mcu.externaltools.gnu-tools-for-stm32.9-2020-q2-update.win32_1.5.0.202011040924/tools/bin/../lib/gcc/arm-none-eabi/9.3.1/../../../../arm-none-eabi/lib/thumb/v7e-m+fp/hard\libc_nano.a(lib_a-findfp.o)
                0x0000000008009d64                __sf_fake_stdout
 .rodata._Balloc.str1.1
                0x0000000008009d84       0x60 c:/st/stm32cubeide_1.0.2/stm32cubeide/plugins/com.st.stm32cube.ide.mcu.externaltools.gnu-tools-for-stm32.9-2020-q2-update.win32_1.5.0.202011040924/tools/bin/../lib/gcc/arm-none-eabi/9.3.1/../../../../arm-none-eabi/lib/thumb/v7e-m+fp/hard\libc_nano.a(lib_a-mprec.o)
                                         0x77 (size before relaxing)
 .rodata.__multadd.str1.1
                0x0000000008009de4       0x11 c:/st/stm32cubeide_1.0.2/stm32cubeide/plugins/com.st.stm32cube.ide.mcu.externaltools.gnu-tools-for-stm32.9-2020-q2-update.win32_1.5.0.202011040924/tools/bin/../lib/gcc/arm-none-eabi/9.3.1/../../../../arm-none-eabi/lib/thumb/v7e-m+fp/hard\libc_nano.a(lib_a-mprec.o)
 *fill*         0x0000000008009de4        0x4 
 .rodata.__mprec_bigtens
                0x0000000008009de8       0x28 c:/st/stm32cubeide_1.0.2/stm32cubeide/plugins/com.st.stm32cube.ide.mcu.externaltools.gnu-tools-for-stm32.9-2020-q2-update.win32_1.5.0.202011040924/tools/bin/../lib/gcc/arm-none-eabi/9.3.1/../../../../arm-none-eabi/lib/thumb/v7e-m+fp/hard\libc_nano.a(lib_a-mprec.o)
                0x0000000008009de8                __mprec_bigtens
 .rodata.__mprec_tens
                0x0000000008009e10       0xc8 c:/st/stm32cubeide_1.0.2/stm32cubeide/plugins/com.st.stm32cube.ide.mcu.externaltools.gnu-tools-for-stm32.9-2020-q2-update.win32_1.5.0.202011040924/tools/bin/../lib/gcc/arm-none-eabi/9.3.1/../../../../arm-none-eabi/lib/thumb/v7e-m+fp/hard\libc_nano.a(lib_a-mprec.o)
                0x0000000008009e10                __mprec_tens
 .rodata.p05.7513
                0x0000000008009ed8        0xc c:/st/stm32cubeide_1.0.2/stm32cubeide/plugins/com.st.stm32cube.ide.mcu.externaltools.gnu-tools-for-stm32.9-2020-q2-update.win32_1.5.0.202011040924/tools/bin/../lib/gcc/arm-none-eabi/9.3.1/../../../../arm-none-eabi/lib/thumb/v7e-m+fp/hard\libc_nano.a(lib_a-mprec.o)
 .rodata._vfprintf_r.str1.1
                0x0000000008009ee4       0x11 c:/st/stm32cubeide_1.0.2/stm32cubeide/plugins/com.st.stm32cube.ide.mcu.externaltools.gnu-tools-for-stm32.9-2020-q2-update.win32_1.5.0.202011040924/tools/bin/../lib/gcc/arm-none-eabi/9.3.1/../../../../arm-none-eabi/lib/thumb/v7e-m+fp/hard\libc_nano.a(lib_a-nano-vfprintf.o)
 .rodata.__assert_func.str1.1
                0x0000000008009ef5       0x3c c:/st/stm32cubeide_1.0.2/stm32cubeide/plugins/com.st.stm32cube.ide.mcu.externaltools.gnu-tools-for-stm32.9-2020-q2-update.win32_1.5.0.202011040924/tools/bin/../lib/gcc/arm-none-eabi/9.3.1/../../../../arm-none-eabi/lib/thumb/v7e-m+fp/hard\libc_nano.a(lib_a-assert.o)
                                         0x3d (size before relaxing)
 .rodata._setlocale_r.str1.1
                0x0000000008009f31        0x8 c:/st/stm32cubeide_1.0.2/stm32cubeide/plugins/com.st.stm32cube.ide.mcu.externaltools.gnu-tools-for-stm32.9-2020-q2-update.win32_1.5.0.202011040924/tools/bin/../lib/gcc/arm-none-eabi/9.3.1/../../../../arm-none-eabi/lib/thumb/v7e-m+fp/hard\libc_nano.a(lib_a-locale.o)
                                          0x9 (size before relaxing)
 .rodata.str1.1
                0x0000000008009f39        0x2 c:/st/stm32cubeide_1.0.2/stm32cubeide/plugins/com.st.stm32cube.ide.mcu.externaltools.gnu-tools-for-stm32.9-2020-q2-update.win32_1.5.0.202011040924/tools/bin/../lib/gcc/arm-none-eabi/9.3.1/../../../../arm-none-eabi/lib/thumb/v7e-m+fp/hard\libc_nano.a(lib_a-locale.o)
 .rodata._ctype_
                0x0000000008009f3b      0x101 c:/st/stm32cubeide_1.0.2/stm32cubeide/plugins/com.st.stm32cube.ide.mcu.externaltools.gnu-tools-for-stm32.9-2020-q2-update.win32_1.5.0.202011040924/tools/bin/../lib/gcc/arm-none-eabi/9.3.1/../../../../arm-none-eabi/lib/thumb/v7e-m+fp/hard\libc_nano.a(lib_a-ctype_.o)