Archive member included to satisfy reference by file (symbol)

c:/st/stm32cubeide_1.0.2/stm32cubeide/plugins/com.st.stm32cube.ide.mcu.externaltools.gnu-tools-for-stm32.7-2018-q2-update.win32_1.5.0.202011040924/tools/bin/../lib/gcc/arm-none-eabi/7.3.1/../../../../arm-none-eabi/lib/thumb/v7e-m/fpv4-sp/hard\libc_nano.a(lib_a-errno.o)
                              Core/Src/syscalls.o (__errno)
c:/st/stm32cubeide_1.0.2/stm32cubeide/plugins/com.st.stm32cube.ide.mcu.externaltools.gnu-tools-for-stm32.7-2018-q2-update.win32_1.5.0.202011040924/tools/bin/../lib/gcc/arm-none-eabi/7.3.1/../../../../arm-none-eabi/lib/thumb/v7e-m/fpv4-sp/hard\libc_nano.a(lib_a-exit.o)
                              c:/st/stm32cubeide_1.0.2/stm32cubeide/plugins/com.st.stm32cube.ide.mcu.externaltools.gnu-tools-for-stm32.7-2018-q2-update.win32_1.5.0.202011040924/tools/bin/../lib/gcc/arm-none-eabi/7.3.1/../../../../arm-none-eabi/lib/thumb/v7e-m/fpv4-sp/hard/crt0.o (exit)
c:/st/stm32cubeide_1.0.2/stm32cubeide/plugins/com.st.stm32cube.ide.mcu.externaltools.gnu-tools-for-stm32.7-2018-q2-update.win32_1.5.0.202011040924/tools/bin/../lib/gcc/arm-none-eabi/7.3.1/../../../../arm-none-eabi/lib/thumb/v7e-m/fpv4-sp/hard\libc_nano.a(lib_a-impure.o)
                              c:/st/stm32cubeide_1.0.2/stm32cubeide/plugins/com.st.stm32cube.ide.mcu.externaltools.gnu-tools-for-stm32.7-2018-q2-update.win32_1.5.0.202011040924/tools/bin/../lib/gcc/arm-none-eabi/7.3.1/../../../../arm-none-eabi/lib/thumb/v7e-m/fpv4-sp/hard\libc_nano.a(lib_a-exit.o) (_global_impure_ptr)
c:/st/stm32cubeide_1.0.2/stm32cubeide/plugins/com.st.stm32cube.ide.mcu.externaltools.gnu-tools-for-stm32.7-2018-q2-update.win32_1.5.0.202011040924/tools/bin/../lib/gcc/arm-none-eabi/7.3.1/../../../../arm-none-eabi/lib/thumb/v7e-m/fpv4-sp/hard\libc_nano.a(lib_a-init.o)
                              c:/st/stm32cubeide_1.0.2/stm32cubeide/plugins/com.st.stm32cube.ide.mcu.externaltools.gnu-tools-for-stm32.7-2018-q2-update.win32_1.5.0.202011040924/tools/bin/../lib/gcc/arm-none-eabi/7.3.1/../../../../arm-none-eabi/lib/thumb/v7e-m/fpv4-sp/hard/crt0.o (__libc_init_array)
c:/st/stm32cubeide_1.0.2/stm32cubeide/plugins/com.st.stm32cube.ide.mcu.externaltools.gnu-tools-for-stm32.7-2018-q2-update.win32_1.5.0.202011040924/tools/bin/../lib/gcc/arm-none-eabi/7.3.1/../../../../arm-none-eabi/lib/thumb/v7e-m/fpv4-sp/hard\libc_nano.a(lib_a-memset.o)
                              c:/st/stm32cubeide_1.0.2/stm32cubeide/plugins/com.st.stm32cube.ide.mcu.externaltools.gnu-tools-for-stm32.7-2018-q2-update.win32_1.5.0.202011040924/tools/bin/../lib/gcc/arm-none-eabi/7.3.1/../../../../arm-none-eabi/lib/thumb/v7e-m/fpv4-sp/hard/crt0.o (memset)
c:/st/stm32cubeide_1.0.2/stm32cubeide/plugins/com.st.stm32cube.ide.mcu.externaltools.gnu-tools-for-stm32.7-2018-q2-update.win32_1.5.0.202011040924/tools/bin/../lib/gcc/arm-none-eabi/7.3.1/thumb/v7e-m/fpv4-sp/hard\libgcc.a(_aeabi_uldivmod.o)
                              Drivers/STM32F4xx_HAL_Driver/Src/stm32f4xx_ll_usart.o (__aeabi_uldivmod)
c:/st/stm32cubeide_1.0.2/stm32cubeide/plugins/com.st.stm32cube.ide.mcu.externaltools.gnu-tools-for-stm32.7-2018-q2-update.win32_1.5.0.202011040924/tools/bin/../lib/gcc/arm-none-eabi/7.3.1/thumb/v7e-m/fpv4-sp/hard\libgcc.a(_udivmoddi4.o)
                              c:/st/stm32cubeide_1.0.2/stm32cubeide/plugins/com.st.stm32cube.ide.mcu.externaltools.gnu-tools-for-stm32.7-2018-q2-update.win32_1.5.0.202011040924/tools/bin/../lib/gcc/arm-none-eabi/7.3.1/thumb/v7e-m/fpv4-sp/hard\libgcc.a(_aeabi_uldivmod.o) (__udivmoddi4)
c:/st/stm32cubeide_1.0.2/stm32cubeide/plugins/com.st.stm32cube.ide.mcu.externaltools.gnu-tools-for-stm32.7-2018-q2-update.win32_1.5.0.202011040924/tools/bin/../lib/gcc/arm-none-eabi/7.3.1/thumb/v7e-m/fpv4-sp/hard\libgcc.a(_dvmd_tls.o)
                              c:/st/stm32cubeide_1.0.2/stm32cubeide/plugins/com.st.stm32cube.ide.mcu.externaltools.gnu-tools-for-stm32.7-2018-q2-update.win32_1.5.0.202011040924/tools/bin/../lib/gcc/arm-none-eabi/7.3.1/thumb/v7e-m/fpv4-sp/hard\libgcc.a(_aeabi_uldivmod.o) (__aeabi_ldiv0)

Discarded input sections

 .text          0x0000000000000000        0x0 c:/st/stm32cubeide_1.0.2/stm32cubeide/plugins/com.st.stm32cube.ide.mcu.externaltools.gnu-tools-for-stm32.7-2018-q2-update.win32_1.5.0.202011040924/tools/bin/../lib/gcc/arm-none-eabi/7.3.1/thumb/v7e-m/fpv4-sp/hard/crti.o
 .data          0x0000000000000000        0x0 c:/st/stm32cubeide_1.0.2/stm32cubeide/plugins/com.st.stm32cube.ide.mcu.externaltools.gnu-tools-for-stm32.7-2018-q2-update.win32_1.5.0.202011040924/tools/bin/../lib/gcc/arm-none-eabi/7.3.1/thumb/v7e-m/fpv4-sp/hard/crti.o
 .bss           0x0000000000000000        0x0 c:/st/stm32cubeide_1.0.2/stm32cubeide/plugins/com.st.stm32cube.ide.mcu.externaltools.gnu-tools-for-stm32.7-2018-q2-update.win32_1.5.0.202011040924/tools/bin/../lib/gcc/arm-none-eabi/7.3.1/thumb/v7e-m/fpv4-sp/hard/crti.o
[...]
Memory Configuration

Name             Origin             Length             Attributes
CCMRAM           0x0000000010000000 0x0000000000010000 xrw
RAM              0x0000000020000000 0x0000000000020000 xrw
FLASH            0x0000000008000000 0x0000000000100000 xr
*default*        0x0000000000000000 0xffffffffffffffff

Linker script and memory map

LOAD c:/st/stm32cubeide_1.0.2/stm32cubeide/plugins/com.st.stm32cube.ide.mcu.externaltools.gnu-tools-for-stm32.7-2018-q2-update.win32_1.5.0.202011040924/tools/bin/../lib/gcc/arm-none-eabi/7.3.1/thumb/v7e-m/fpv4-sp/hard/crti.o
LOAD c:/st/stm32cubeide_1.0.2/stm32cubeide/plugins/com.st.stm32cube.ide.mcu.externaltools.gnu-tools-for-stm32.7-2018-q2-update.win32_1.5.0.202011040924/tools/bin/../lib/gcc/arm-none-eabi/7.3.1/thumb/v7e-m/fpv4-sp/hard/crtbegin.o
LOAD c:/st/stm32cubeide_1.0.2/stm32cubeide/plugins/com.st.stm32cube.ide.mcu.externaltools.gnu-tools-for-stm32.7-2018-q2-update.win32_1.5.0.202011040924/tools/bin/../lib/gcc/arm-none-eabi/7.3.1/../../../../arm-none-eabi/lib/thumb/v7e-m/fpv4-sp/hard/crt0.o
LOAD Core/Src/Peripheral/wrap_gpio.o
LOAD Core/Src/adc.o
LOAD Core/Src/gpio.o
LOAD Core/Src/main.o
LOAD Core/Src/spi.o
LOAD Core/Src/stm32f4xx_it.o
LOAD Core/Src/syscalls.o
LOAD Core/Src/sysmem.o
LOAD Core/Src/system_stm32f4xx.o
LOAD Core/Src/tim.o
LOAD Core/Src/usart.o
LOAD Core/Startup/startup_stm32f405rgtx.o
LOAD Drivers/STM32F4xx_HAL_Driver/Src/stm32f4xx_ll_adc.o
LOAD Drivers/STM32F4xx_HAL_Driver/Src/stm32f4xx_ll_dma.o
LOAD Drivers/STM32F4xx_HAL_Driver/Src/stm32f4xx_ll_exti.o
LOAD Drivers/STM32F4xx_HAL_Driver/Src/stm32f4xx_ll_gpio.o
LOAD Drivers/STM32F4xx_HAL_Driver/Src/stm32f4xx_ll_rcc.o
LOAD Drivers/STM32F4xx_HAL_Driver/Src/stm32f4xx_ll_spi.o
LOAD Drivers/STM32F4xx_HAL_Driver/Src/stm32f4xx_ll_tim.o
LOAD Drivers/STM32F4xx_HAL_Driver/Src/stm32f4xx_ll_usart.o
LOAD Drivers/STM32F4xx_HAL_Driver/Src/stm32f4xx_ll_utils.o
START GROUP
LOAD c:/st/stm32cubeide_1.0.2/stm32cubeide/plugins/com.st.stm32cube.ide.mcu.externaltools.gnu-tools-for-stm32.7-2018-q2-update.win32_1.5.0.202011040924/tools/bin/../lib/gcc/arm-none-eabi/7.3.1/../../../../arm-none-eabi/lib/thumb/v7e-m/fpv4-sp/hard\libc_nano.a
LOAD c:/st/stm32cubeide_1.0.2/stm32cubeide/plugins/com.st.stm32cube.ide.mcu.externaltools.gnu-tools-for-stm32.7-2018-q2-update.win32_1.5.0.202011040924/tools/bin/../lib/gcc/arm-none-eabi/7.3.1/../../../../arm-none-eabi/lib/thumb/v7e-m/fpv4-sp/hard\libm.a
END GROUP
START GROUP
LOAD c:/st/stm32cubeide_1.0.2/stm32cubeide/plugins/com.st.stm32cube.ide.mcu.externaltools.gnu-tools-for-stm32.7-2018-q2-update.win32_1.5.0.202011040924/tools/bin/../lib/gcc/arm-none-eabi/7.3.1/thumb/v7e-m/fpv4-sp/hard\libgcc.a
LOAD c:/st/stm32cubeide_1.0.2/stm32cubeide/plugins/com.st.stm32cube.ide.mcu.externaltools.gnu-tools-for-stm32.7-2018-q2-update.win32_1.5.0.202011040924/tools/bin/../lib/gcc/arm-none-eabi/7.3.1/../../../../arm-none-eabi/lib/thumb/v7e-m/fpv4-sp/hard\libc_nano.a
END GROUP
START GROUP
LOAD c:/st/stm32cubeide_1.0.2/stm32cubeide/plugins/com.st.stm32cube.ide.mcu.externaltools.gnu-tools-for-stm32.7-2018-q2-update.win32_1.5.0.202011040924/tools/bin/../lib/gcc/arm-none-eabi/7.3.1/thumb/v7e-m/fpv4-sp/hard\libgcc.a
LOAD c:/st/stm32cubeide_1.0.2/stm32cubeide/plugins/com.st.stm32cube.ide.mcu.externaltools.gnu-tools-for-stm32.7-2018-q2-update.win32_1.5.0.202011040924/tools/bin/../lib/gcc/arm-none-eabi/7.3.1/../../../../arm-none-eabi/lib/thumb/v7e-m/fpv4-sp/hard\libc_nano.a
LOAD c:/st/stm32cubeide_1.0.2/stm32cubeide/plugins/com.st.stm32cube.ide.mcu.externaltools.gnu-tools-for-stm32.7-2018-q2-update.win32_1.5.0.202011040924/tools/bin/../lib/gcc/arm-none-eabi/7.3.1/../../../../arm-none-eabi/lib/thumb/v7e-m/fpv4-sp/hard\libnosys.a
END GROUP
START GROUP
LOAD c:/st/stm32cubeide_1.0.2/stm32cubeide/plugins/com.st.stm32cube.ide.mcu.externaltools.gnu-tools-for-stm32.7-2018-q2-update.win32_1.5.0.202011040924/tools/bin/../lib/gcc/arm-none-eabi/7.3.1/thumb/v7e-m/fpv4-sp/hard\libgcc.a
LOAD c:/st/stm32cubeide_1.0.2/stm32cubeide/plugins/com.st.stm32cube.ide.mcu.externaltools.gnu-tools-for-stm32.7-2018-q2-update.win32_1.5.0.202011040924/tools/bin/../lib/gcc/arm-none-eabi/7.3.1/../../../../arm-none-eabi/lib/thumb/v7e-m/fpv4-sp/hard\libc_nano.a
LOAD c:/st/stm32cubeide_1.0.2/stm32cubeide/plugins/com.st.stm32cube.ide.mcu.externaltools.gnu-tools-for-stm32.7-2018-q2-update.win32_1.5.0.202011040924/tools/bin/../lib/gcc/arm-none-eabi/7.3.1/../../../../arm-none-eabi/lib/thumb/v7e-m/fpv4-sp/hard\libnosys.a
END GROUP
LOAD c:/st/stm32cubeide_1.0.2/stm32cubeide/plugins/com.st.stm32cube.ide.mcu.externaltools.gnu-tools-for-stm32.7-2018-q2-update.win32_1.5.0.202011040924/tools/bin/../lib/gcc/arm-none-eabi/7.3.1/thumb/v7e-m/fpv4-sp/hard/crtend.o
LOAD c:/st/stm32cubeide_1.0.2/stm32cubeide/plugins/com.st.stm32cube.ide.mcu.externaltools.gnu-tools-for-stm32.7-2018-q2-update.win32_1.5.0.202011040924/tools/bin/../lib/gcc/arm-none-eabi/7.3.1/thumb/v7e-m/fpv4-sp/hard/crtn.o
                0x0000000020020000                _estack = (ORIGIN (RAM) + LENGTH (RAM))
                0x0000000000000200                _Min_Heap_Size = 0x200
                0x0000000000000400                _Min_Stack_Size = 0x400

.isr_vector     0x0000000008000000      0x188
                0x0000000008000000                . = ALIGN (0x4)
 *(.isr_vector)
 .isr_vector    0x0000000008000000      0x188 Core/Startup/startup_stm32f405rgtx.o
                0x0000000008000000                g_pfnVectors
                0x0000000008000188                . = ALIGN (0x4)

.text           0x0000000008000188     0x2d5c
                0x0000000008000188                . = ALIGN (0x4)
 *(.text)
 .text          0x0000000008000188       0x40 c:/st/stm32cubeide_1.0.2/stm32cubeide/plugins/com.st.stm32cube.ide.mcu.externaltools.gnu-tools-for-stm32.7-2018-q2-update.win32_1.5.0.202011040924/tools/bin/../lib/gcc/arm-none-eabi/7.3.1/thumb/v7e-m/fpv4-sp/hard/crtbegin.o
 .text          0x00000000080001c8       0x30 c:/st/stm32cubeide_1.0.2/stm32cubeide/plugins/com.st.stm32cube.ide.mcu.externaltools.gnu-tools-for-stm32.7-2018-q2-update.win32_1.5.0.202011040924/tools/bin/../lib/gcc/arm-none-eabi/7.3.1/thumb/v7e-m/fpv4-sp/hard\libgcc.a(_aeabi_uldivmod.o)
                0x00000000080001c8                __aeabi_uldivmod
 .text          0x00000000080001f8      0x2cc c:/st/stm32cubeide_1.0.2/stm32cubeide/plugins/com.st.stm32cube.ide.mcu.externaltools.gnu-tools-for-stm32.7-2018-q2-update.win32_1.5.0.202011040924/tools/bin/../lib/gcc/arm-none-eabi/7.3.1/thumb/v7e-m/fpv4-sp/hard\libgcc.a(_udivmoddi4.o)
                0x00000000080001f8                __udivmoddi4
 .text          0x00000000080004c4        0x4 c:/st/stm32cubeide_1.0.2/stm32cubeide/plugins/com.st.stm32cube.ide.mcu.externaltools.gnu-tools-for-stm32.7-2018-q2-update.win32_1.5.0.202011040924/tools/bin/../lib/gcc/arm-none-eabi/7.3.1/thumb/v7e-m/fpv4-sp/hard\libgcc.a(_dvmd_tls.o)
                0x00000000080004c4                __aeabi_idiv0
                0x00000000080004c4                __aeabi_ldiv0
 *(.text*)
 .text.LL_ADC_REG_SetSequencerRanks
                0x00000000080004c8       0x66 Core/Src/adc.o
 .text.LL_ADC_REG_SetFlagEndOfConversion
                0x000000000800052e       0x26 Core/Src/adc.o
 .text.LL_ADC_SetChannelSamplingTime
                0x0000000008000554       0x92 Core/Src/adc.o
 *fill*         0x00000000080005e6        0x2 
 .text.LL_AHB1_GRP1_EnableClock
                0x00000000080005e8       0x30 Core/Src/adc.o
 .text.LL_APB2_GRP1_EnableClock
                0x0000000008000618       0x30 Core/Src/adc.o
 .text.MX_ADC1_Init
                0x0000000008000648       0xe8 Core/Src/adc.o
                0x0000000008000648                MX_ADC1_Init
 .text.LL_AHB1_GRP1_EnableClock
                0x0000000008000730       0x30 Core/Src/gpio.o
 .text.LL_GPIO_ResetOutputPin
                0x0000000008000760       0x1e Core/Src/gpio.o
 *fill*         0x000000000800077e        0x2 
 .text.MX_GPIO_Init
                0x0000000008000780      0x104 Core/Src/gpio.o
                0x0000000008000780                MX_GPIO_Init
 .text.__NVIC_SetPriorityGrouping
                0x0000000008000884       0x48 Core/Src/main.o
 .text.LL_RCC_HSI_Enable
                0x00000000080008cc       0x20 Core/Src/main.o
 .text.LL_RCC_HSI_IsReady
                0x00000000080008ec       0x24 Core/Src/main.o
 .text.LL_RCC_HSI_SetCalibTrimming
                0x0000000008000910       0x2c Core/Src/main.o
 .text.LL_RCC_SetSysClkSource
                0x000000000800093c       0x28 Core/Src/main.o
 .text.LL_RCC_GetSysClkSource
                0x0000000008000964       0x1c Core/Src/main.o
 .text.LL_RCC_SetAHBPrescaler
                0x0000000008000980       0x28 Core/Src/main.o
 .text.LL_RCC_SetAPB1Prescaler
                0x00000000080009a8       0x28 Core/Src/main.o
 .text.LL_RCC_SetAPB2Prescaler
                0x00000000080009d0       0x28 Core/Src/main.o
 .text.LL_RCC_PLL_Enable
                0x00000000080009f8       0x20 Core/Src/main.o
 .text.LL_RCC_PLL_IsReady
                0x0000000008000a18       0x28 Core/Src/main.o
 .text.LL_RCC_PLL_ConfigDomain_SYS
                0x0000000008000a40       0x4c Core/Src/main.o
 .text.LL_APB1_GRP1_EnableClock
                0x0000000008000a8c       0x30 Core/Src/main.o
 .text.LL_APB2_GRP1_EnableClock
                0x0000000008000abc       0x30 Core/Src/main.o
 .text.LL_FLASH_SetLatency
                0x0000000008000aec       0x28 Core/Src/main.o
 .text.LL_FLASH_GetLatency
                0x0000000008000b14       0x1c Core/Src/main.o
 .text.LL_PWR_SetRegulVoltageScaling
                0x0000000008000b30       0x28 Core/Src/main.o
 .text.main     0x0000000008000b58       0x70 Core/Src/main.o
                0x0000000008000b58                main
 .text.SystemClock_Config
                0x0000000008000bc8       0x8c Core/Src/main.o
                0x0000000008000bc8                SystemClock_Config
 .text.LL_AHB1_GRP1_EnableClock
                0x0000000008000c54       0x30 Core/Src/spi.o
 .text.LL_APB1_GRP1_EnableClock
                0x0000000008000c84       0x30 Core/Src/spi.o
 .text.LL_SPI_SetStandard
                0x0000000008000cb4       0x26 Core/Src/spi.o
 *fill*         0x0000000008000cda        0x2 
 .text.MX_SPI3_Init
                0x0000000008000cdc       0xa8 Core/Src/spi.o
                0x0000000008000cdc                MX_SPI3_Init
 .text.NMI_Handler
                0x0000000008000d84        0x6 Core/Src/stm32f4xx_it.o
                0x0000000008000d84                NMI_Handler
 .text.HardFault_Handler
                0x0000000008000d8a        0x6 Core/Src/stm32f4xx_it.o
                0x0000000008000d8a                HardFault_Handler
 .text.MemManage_Handler
                0x0000000008000d90        0x6 Core/Src/stm32f4xx_it.o
                0x0000000008000d90                MemManage_Handler
 .text.BusFault_Handler
                0x0000000008000d96        0x6 Core/Src/stm32f4xx_it.o
                0x0000000008000d96                BusFault_Handler
 .text.UsageFault_Handler
                0x0000000008000d9c        0x6 Core/Src/stm32f4xx_it.o
                0x0000000008000d9c                UsageFault_Handler
 .text.SVC_Handler
                0x0000000008000da2        0xe Core/Src/stm32f4xx_it.o
                0x0000000008000da2                SVC_Handler
 .text.DebugMon_Handler
                0x0000000008000db0        0xe Core/Src/stm32f4xx_it.o
                0x0000000008000db0                DebugMon_Handler
 .text.PendSV_Handler
                0x0000000008000dbe        0xe Core/Src/stm32f4xx_it.o
                0x0000000008000dbe                PendSV_Handler
 .text.SysTick_Handler
                0x0000000008000dcc        0xe Core/Src/stm32f4xx_it.o
                0x0000000008000dcc                SysTick_Handler
 *fill*         0x0000000008000dda        0x2 
 .text.SystemInit
                0x0000000008000ddc       0x2c Core/Src/system_stm32f4xx.o
                0x0000000008000ddc                SystemInit
 .text.LL_AHB1_GRP1_EnableClock
                0x0000000008000e08       0x30 Core/Src/tim.o
 .text.LL_APB1_GRP1_EnableClock
                0x0000000008000e38       0x30 Core/Src/tim.o
 .text.LL_APB2_GRP1_EnableClock
                0x0000000008000e68       0x30 Core/Src/tim.o
 .text.LL_TIM_DisableARRPreload
                0x0000000008000e98       0x20 Core/Src/tim.o
 .text.LL_TIM_OC_DisableFast
                0x0000000008000eb8       0x84 Core/Src/tim.o
 .text.LL_TIM_OC_EnablePreload
                0x0000000008000f3c       0x84 Core/Src/tim.o
 .text.LL_TIM_IC_SetActiveInput
                0x0000000008000fc0       0x94 Core/Src/tim.o
 .text.LL_TIM_IC_SetPrescaler
                0x0000000008001054       0x94 Core/Src/tim.o
 .text.LL_TIM_IC_SetFilter
                0x00000000080010e8       0x94 Core/Src/tim.o
 .text.LL_TIM_IC_SetPolarity
                0x000000000800117c       0x84 Core/Src/tim.o
 .text.LL_TIM_SetClockSource
                0x0000000008001200       0x2a Core/Src/tim.o
 .text.LL_TIM_SetEncoderMode
                0x000000000800122a       0x26 Core/Src/tim.o
 .text.LL_TIM_SetTriggerOutput
                0x0000000008001250       0x26 Core/Src/tim.o
 .text.LL_TIM_DisableMasterSlaveMode
                0x0000000008001276       0x20 Core/Src/tim.o
 *fill*         0x0000000008001296        0x2 
 .text.MX_TIM1_Init
                0x0000000008001298      0x134 Core/Src/tim.o
                0x0000000008001298                MX_TIM1_Init
 .text.MX_TIM2_Init
                0x00000000080013cc       0xec Core/Src/tim.o
                0x00000000080013cc                MX_TIM2_Init
 .text.MX_TIM3_Init
                0x00000000080014b8       0xf4 Core/Src/tim.o
                0x00000000080014b8                MX_TIM3_Init
 .text.MX_TIM4_Init
                0x00000000080015ac       0xf4 Core/Src/tim.o
                0x00000000080015ac                MX_TIM4_Init
 .text.MX_TIM6_Init
                0x00000000080016a0       0x54 Core/Src/tim.o
                0x00000000080016a0                MX_TIM6_Init
 .text.MX_TIM8_Init
                0x00000000080016f4      0x130 Core/Src/tim.o
                0x00000000080016f4                MX_TIM8_Init
 .text.MX_TIM11_Init
                0x0000000008001824       0xcc Core/Src/tim.o
                0x0000000008001824                MX_TIM11_Init
 .text.LL_AHB1_GRP1_EnableClock
                0x00000000080018f0       0x30 Core/Src/usart.o
 .text.LL_APB2_GRP1_EnableClock
                0x0000000008001920       0x30 Core/Src/usart.o
 .text.LL_USART_Enable
                0x0000000008001950       0x20 Core/Src/usart.o
 .text.LL_USART_ConfigAsyncMode
                0x0000000008001970       0x2c Core/Src/usart.o
 .text.MX_USART1_UART_Init
                0x000000000800199c       0xa0 Core/Src/usart.o
                0x000000000800199c                MX_USART1_UART_Init
 .text.Reset_Handler
                0x0000000008001a3c       0x50 Core/Startup/startup_stm32f405rgtx.o
                0x0000000008001a3c                Reset_Handler
 .text.Default_Handler
                0x0000000008001a8c        0x2 Core/Startup/startup_stm32f405rgtx.o
                0x0000000008001a8c                RTC_Alarm_IRQHandler
                0x0000000008001a8c                HASH_RNG_IRQHandler
                0x0000000008001a8c                EXTI2_IRQHandler
                0x0000000008001a8c                TIM8_CC_IRQHandler
                0x0000000008001a8c                TIM1_CC_IRQHandler
                0x0000000008001a8c                DMA2_Stream5_IRQHandler
                0x0000000008001a8c                DMA1_Stream5_IRQHandler
                0x0000000008001a8c                PVD_IRQHandler
                0x0000000008001a8c                SDIO_IRQHandler
                0x0000000008001a8c                TAMP_STAMP_IRQHandler
                0x0000000008001a8c                CAN2_RX1_IRQHandler
                0x0000000008001a8c                EXTI3_IRQHandler
                0x0000000008001a8c                TIM8_TRG_COM_TIM14_IRQHandler
                0x0000000008001a8c                TIM1_UP_TIM10_IRQHandler
                0x0000000008001a8c                TIM8_UP_TIM13_IRQHandler
                0x0000000008001a8c                I2C3_ER_IRQHandler
                0x0000000008001a8c                EXTI0_IRQHandler
                0x0000000008001a8c                I2C2_EV_IRQHandler
                0x0000000008001a8c                DMA1_Stream2_IRQHandler
                0x0000000008001a8c                CAN1_RX0_IRQHandler
                0x0000000008001a8c                FPU_IRQHandler
                0x0000000008001a8c                OTG_HS_WKUP_IRQHandler
                0x0000000008001a8c                CAN2_SCE_IRQHandler
                0x0000000008001a8c                DMA2_Stream2_IRQHandler
                0x0000000008001a8c                SPI1_IRQHandler
                0x0000000008001a8c                TIM6_DAC_IRQHandler
                0x0000000008001a8c                TIM1_BRK_TIM9_IRQHandler
                0x0000000008001a8c                CAN2_RX0_IRQHandler
                0x0000000008001a8c                DMA2_Stream3_IRQHandler
                0x0000000008001a8c                USART6_IRQHandler
                0x0000000008001a8c                USART3_IRQHandler
                0x0000000008001a8c                CAN1_RX1_IRQHandler
                0x0000000008001a8c                UART5_IRQHandler
                0x0000000008001a8c                DMA2_Stream0_IRQHandler
                0x0000000008001a8c                TIM4_IRQHandler
                0x0000000008001a8c                I2C1_EV_IRQHandler
                0x0000000008001a8c                DMA1_Stream6_IRQHandler
                0x0000000008001a8c                DMA1_Stream1_IRQHandler
                0x0000000008001a8c                UART4_IRQHandler
                0x0000000008001a8c                TIM3_IRQHandler
                0x0000000008001a8c                RCC_IRQHandler
                0x0000000008001a8c                TIM8_BRK_TIM12_IRQHandler
                0x0000000008001a8c                Default_Handler
                0x0000000008001a8c                EXTI15_10_IRQHandler
                0x0000000008001a8c                ADC_IRQHandler
                0x0000000008001a8c                DMA1_Stream7_IRQHandler
                0x0000000008001a8c                TIM7_IRQHandler
                0x0000000008001a8c                CAN2_TX_IRQHandler
                0x0000000008001a8c                TIM5_IRQHandler
                0x0000000008001a8c                DMA2_Stream7_IRQHandler
                0x0000000008001a8c                I2C3_EV_IRQHandler
                0x0000000008001a8c                EXTI9_5_IRQHandler
                0x0000000008001a8c                RTC_WKUP_IRQHandler
                0x0000000008001a8c                SPI2_IRQHandler
                0x0000000008001a8c                OTG_HS_EP1_IN_IRQHandler
                0x0000000008001a8c                DMA1_Stream0_IRQHandler
                0x0000000008001a8c                CAN1_TX_IRQHandler
                0x0000000008001a8c                EXTI4_IRQHandler
                0x0000000008001a8c                FSMC_IRQHandler
                0x0000000008001a8c                OTG_HS_EP1_OUT_IRQHandler
                0x0000000008001a8c                WWDG_IRQHandler
                0x0000000008001a8c                TIM2_IRQHandler
                0x0000000008001a8c                OTG_FS_WKUP_IRQHandler
                0x0000000008001a8c                TIM1_TRG_COM_TIM11_IRQHandler
                0x0000000008001a8c                OTG_HS_IRQHandler
                0x0000000008001a8c                EXTI1_IRQHandler
                0x0000000008001a8c                USART2_IRQHandler
                0x0000000008001a8c                I2C2_ER_IRQHandler
                0x0000000008001a8c                DMA2_Stream1_IRQHandler
                0x0000000008001a8c                CAN1_SCE_IRQHandler
                0x0000000008001a8c                FLASH_IRQHandler
                0x0000000008001a8c                DMA2_Stream4_IRQHandler
                0x0000000008001a8c                USART1_IRQHandler
                0x0000000008001a8c                OTG_FS_IRQHandler
                0x0000000008001a8c                SPI3_IRQHandler
                0x0000000008001a8c                DMA1_Stream4_IRQHandler
                0x0000000008001a8c                I2C1_ER_IRQHandler
                0x0000000008001a8c                DMA2_Stream6_IRQHandler
                0x0000000008001a8c                DMA1_Stream3_IRQHandler
 .text.LL_ADC_REG_SetSequencerLength
                0x0000000008001a8e       0x26 Drivers/STM32F4xx_HAL_Driver/Src/stm32f4xx_ll_adc.o
 .text.LL_ADC_IsEnabled
                0x0000000008001ab4       0x26 Drivers/STM32F4xx_HAL_Driver/Src/stm32f4xx_ll_adc.o
 *fill*         0x0000000008001ada        0x2 
 .text.LL_ADC_CommonInit
                0x0000000008001adc       0x90 Drivers/STM32F4xx_HAL_Driver/Src/stm32f4xx_ll_adc.o
                0x0000000008001adc                LL_ADC_CommonInit
 .text.LL_ADC_Init
                0x0000000008001b6c       0x58 Drivers/STM32F4xx_HAL_Driver/Src/stm32f4xx_ll_adc.o
                0x0000000008001b6c                LL_ADC_Init
 .text.LL_ADC_REG_Init
                0x0000000008001bc4       0x84 Drivers/STM32F4xx_HAL_Driver/Src/stm32f4xx_ll_adc.o
                0x0000000008001bc4                LL_ADC_REG_Init
 .text.LL_GPIO_SetPinMode
                0x0000000008001c48       0x5e Drivers/STM32F4xx_HAL_Driver/Src/stm32f4xx_ll_gpio.o
 .text.LL_GPIO_SetPinOutputType
                0x0000000008001ca6       0x30 Drivers/STM32F4xx_HAL_Driver/Src/stm32f4xx_ll_gpio.o
 .text.LL_GPIO_SetPinSpeed
                0x0000000008001cd6       0x5e Drivers/STM32F4xx_HAL_Driver/Src/stm32f4xx_ll_gpio.o
 .text.LL_GPIO_SetPinPull
                0x0000000008001d34       0x5e Drivers/STM32F4xx_HAL_Driver/Src/stm32f4xx_ll_gpio.o
 .text.LL_GPIO_SetAFPin_0_7
                0x0000000008001d92       0x5e Drivers/STM32F4xx_HAL_Driver/Src/stm32f4xx_ll_gpio.o
 .text.LL_GPIO_SetAFPin_8_15
                0x0000000008001df0       0x62 Drivers/STM32F4xx_HAL_Driver/Src/stm32f4xx_ll_gpio.o
 .text.LL_GPIO_Init
                0x0000000008001e52       0xe6 Drivers/STM32F4xx_HAL_Driver/Src/stm32f4xx_ll_gpio.o
                0x0000000008001e52                LL_GPIO_Init
 .text.LL_RCC_GetSysClkSource
                0x0000000008001f38       0x1c Drivers/STM32F4xx_HAL_Driver/Src/stm32f4xx_ll_rcc.o
 .text.LL_RCC_GetAHBPrescaler
                0x0000000008001f54       0x1c Drivers/STM32F4xx_HAL_Driver/Src/stm32f4xx_ll_rcc.o
 .text.LL_RCC_GetAPB1Prescaler
                0x0000000008001f70       0x1c Drivers/STM32F4xx_HAL_Driver/Src/stm32f4xx_ll_rcc.o
 .text.LL_RCC_GetAPB2Prescaler
                0x0000000008001f8c       0x1c Drivers/STM32F4xx_HAL_Driver/Src/stm32f4xx_ll_rcc.o
 .text.LL_RCC_PLL_GetMainSource
                0x0000000008001fa8       0x1c Drivers/STM32F4xx_HAL_Driver/Src/stm32f4xx_ll_rcc.o
 .text.LL_RCC_PLL_GetN
                0x0000000008001fc4       0x1c Drivers/STM32F4xx_HAL_Driver/Src/stm32f4xx_ll_rcc.o
 .text.LL_RCC_PLL_GetP
                0x0000000008001fe0       0x1c Drivers/STM32F4xx_HAL_Driver/Src/stm32f4xx_ll_rcc.o
 .text.LL_RCC_PLL_GetDivider
                0x0000000008001ffc       0x1c Drivers/STM32F4xx_HAL_Driver/Src/stm32f4xx_ll_rcc.o
 .text.LL_RCC_GetSystemClocksFreq
                0x0000000008002018       0x4a Drivers/STM32F4xx_HAL_Driver/Src/stm32f4xx_ll_rcc.o
                0x0000000008002018                LL_RCC_GetSystemClocksFreq
 *fill*         0x0000000008002062        0x2 
 .text.RCC_GetSystemClockFreq
                0x0000000008002064       0x4c Drivers/STM32F4xx_HAL_Driver/Src/stm32f4xx_ll_rcc.o
                0x0000000008002064                RCC_GetSystemClockFreq
 .text.RCC_GetHCLKClockFreq
                0x00000000080020b0       0x2c Drivers/STM32F4xx_HAL_Driver/Src/stm32f4xx_ll_rcc.o
                0x00000000080020b0                RCC_GetHCLKClockFreq
 .text.RCC_GetPCLK1ClockFreq
                0x00000000080020dc       0x28 Drivers/STM32F4xx_HAL_Driver/Src/stm32f4xx_ll_rcc.o
                0x00000000080020dc                RCC_GetPCLK1ClockFreq
 .text.RCC_GetPCLK2ClockFreq
                0x0000000008002104       0x28 Drivers/STM32F4xx_HAL_Driver/Src/stm32f4xx_ll_rcc.o
                0x0000000008002104                RCC_GetPCLK2ClockFreq
 .text.RCC_PLL_GetFreqDomain_SYS
                0x000000000800212c       0x7c Drivers/STM32F4xx_HAL_Driver/Src/stm32f4xx_ll_rcc.o
                0x000000000800212c                RCC_PLL_GetFreqDomain_SYS
 .text.LL_SPI_IsEnabled
                0x00000000080021a8       0x26 Drivers/STM32F4xx_HAL_Driver/Src/stm32f4xx_ll_spi.o
 .text.LL_SPI_SetCRCPolynomial
                0x00000000080021ce       0x20 Drivers/STM32F4xx_HAL_Driver/Src/stm32f4xx_ll_spi.o
 .text.LL_SPI_Init
                0x00000000080021ee       0xa4 Drivers/STM32F4xx_HAL_Driver/Src/stm32f4xx_ll_spi.o
                0x00000000080021ee                LL_SPI_Init
 .text.LL_TIM_SetPrescaler
                0x0000000008002292       0x1c Drivers/STM32F4xx_HAL_Driver/Src/stm32f4xx_ll_tim.o
 .text.LL_TIM_SetAutoReload
                0x00000000080022ae       0x1c Drivers/STM32F4xx_HAL_Driver/Src/stm32f4xx_ll_tim.o
 .text.LL_TIM_SetRepetitionCounter
                0x00000000080022ca       0x1c Drivers/STM32F4xx_HAL_Driver/Src/stm32f4xx_ll_tim.o
 .text.LL_TIM_OC_SetCompareCH1
                0x00000000080022e6       0x1c Drivers/STM32F4xx_HAL_Driver/Src/stm32f4xx_ll_tim.o
 .text.LL_TIM_OC_SetCompareCH2
                0x0000000008002302       0x1c Drivers/STM32F4xx_HAL_Driver/Src/stm32f4xx_ll_tim.o
 .text.LL_TIM_OC_SetCompareCH3
                0x000000000800231e       0x1c Drivers/STM32F4xx_HAL_Driver/Src/stm32f4xx_ll_tim.o
 .text.LL_TIM_OC_SetCompareCH4
                0x000000000800233a       0x1c Drivers/STM32F4xx_HAL_Driver/Src/stm32f4xx_ll_tim.o
 .text.LL_TIM_GenerateEvent_UPDATE
                0x0000000008002356       0x20 Drivers/STM32F4xx_HAL_Driver/Src/stm32f4xx_ll_tim.o
 *fill*         0x0000000008002376        0x2 
 .text.LL_TIM_Init
                0x0000000008002378      0x134 Drivers/STM32F4xx_HAL_Driver/Src/stm32f4xx_ll_tim.o
                0x0000000008002378                LL_TIM_Init
 .text.LL_TIM_OC_Init
                0x00000000080024ac       0x70 Drivers/STM32F4xx_HAL_Driver/Src/stm32f4xx_ll_tim.o
                0x00000000080024ac                LL_TIM_OC_Init
 .text.LL_TIM_BDTR_Init
                0x000000000800251c       0x92 Drivers/STM32F4xx_HAL_Driver/Src/stm32f4xx_ll_tim.o
                0x000000000800251c                LL_TIM_BDTR_Init
 *fill*         0x00000000080025ae        0x2 
 .text.OC1Config
                0x00000000080025b0       0xd8 Drivers/STM32F4xx_HAL_Driver/Src/stm32f4xx_ll_tim.o
 .text.OC2Config
                0x0000000008002688       0xe0 Drivers/STM32F4xx_HAL_Driver/Src/stm32f4xx_ll_tim.o
 .text.OC3Config
                0x0000000008002768       0xe0 Drivers/STM32F4xx_HAL_Driver/Src/stm32f4xx_ll_tim.o
 .text.OC4Config
                0x0000000008002848       0xb0 Drivers/STM32F4xx_HAL_Driver/Src/stm32f4xx_ll_tim.o
 .text.LL_USART_IsEnabled
                0x00000000080028f8       0x28 Drivers/STM32F4xx_HAL_Driver/Src/stm32f4xx_ll_usart.o
 .text.LL_USART_SetStopBitsLength
                0x0000000008002920       0x26 Drivers/STM32F4xx_HAL_Driver/Src/stm32f4xx_ll_usart.o
 .text.LL_USART_SetHWFlowCtrl
                0x0000000008002946       0x26 Drivers/STM32F4xx_HAL_Driver/Src/stm32f4xx_ll_usart.o
 .text.LL_USART_SetBaudRate
                0x000000000800296c      0x350 Drivers/STM32F4xx_HAL_Driver/Src/stm32f4xx_ll_usart.o
 .text.LL_USART_Init
                0x0000000008002cbc      0x100 Drivers/STM32F4xx_HAL_Driver/Src/stm32f4xx_ll_usart.o
                0x0000000008002cbc                LL_USART_Init
 .text.LL_InitTick
                0x0000000008002dbc       0x34 Drivers/STM32F4xx_HAL_Driver/Src/stm32f4xx_ll_utils.o
 .text.LL_Init1msTick
                0x0000000008002df0       0x1a Drivers/STM32F4xx_HAL_Driver/Src/stm32f4xx_ll_utils.o
                0x0000000008002df0                LL_Init1msTick
 *fill*         0x0000000008002e0a        0x2 
 .text.LL_mDelay
                0x0000000008002e0c       0x48 Drivers/STM32F4xx_HAL_Driver/Src/stm32f4xx_ll_utils.o
                0x0000000008002e0c                LL_mDelay
 .text.LL_SetSystemCoreClock
                0x0000000008002e54       0x20 Drivers/STM32F4xx_HAL_Driver/Src/stm32f4xx_ll_utils.o
                0x0000000008002e54                LL_SetSystemCoreClock
 .text.__libc_init_array
                0x0000000008002e74       0x48 c:/st/stm32cubeide_1.0.2/stm32cubeide/plugins/com.st.stm32cube.ide.mcu.externaltools.gnu-tools-for-stm32.7-2018-q2-update.win32_1.5.0.202011040924/tools/bin/../lib/gcc/arm-none-eabi/7.3.1/../../../../arm-none-eabi/lib/thumb/v7e-m/fpv4-sp/hard\libc_nano.a(lib_a-init.o)
                0x0000000008002e74                __libc_init_array
 .text.memset   0x0000000008002ebc       0x10 c:/st/stm32cubeide_1.0.2/stm32cubeide/plugins/com.st.stm32cube.ide.mcu.externaltools.gnu-tools-for-stm32.7-2018-q2-update.win32_1.5.0.202011040924/tools/bin/../lib/gcc/arm-none-eabi/7.3.1/../../../../arm-none-eabi/lib/thumb/v7e-m/fpv4-sp/hard\libc_nano.a(lib_a-memset.o)
                0x0000000008002ebc                memset
 *(.glue_7)
 .glue_7        0x0000000008002ecc        0x0 linker stubs
 *(.glue_7t)
 .glue_7t       0x0000000008002ecc        0x0 linker stubs
 *(.eh_frame)
 .eh_frame      0x0000000008002ecc        0x0 c:/st/stm32cubeide_1.0.2/stm32cubeide/plugins/com.st.stm32cube.ide.mcu.externaltools.gnu-tools-for-stm32.7-2018-q2-update.win32_1.5.0.202011040924/tools/bin/../lib/gcc/arm-none-eabi/7.3.1/thumb/v7e-m/fpv4-sp/hard/crtbegin.o
 *(.init)
 .init          0x0000000008002ecc        0x4 c:/st/stm32cubeide_1.0.2/stm32cubeide/plugins/com.st.stm32cube.ide.mcu.externaltools.gnu-tools-for-stm32.7-2018-q2-update.win32_1.5.0.202011040924/tools/bin/../lib/gcc/arm-none-eabi/7.3.1/thumb/v7e-m/fpv4-sp/hard/crti.o
                0x0000000008002ecc                _init
 .init          0x0000000008002ed0        0x8 c:/st/stm32cubeide_1.0.2/stm32cubeide/plugins/com.st.stm32cube.ide.mcu.externaltools.gnu-tools-for-stm32.7-2018-q2-update.win32_1.5.0.202011040924/tools/bin/../lib/gcc/arm-none-eabi/7.3.1/thumb/v7e-m/fpv4-sp/hard/crtn.o
 *(.fini)
 .fini          0x0000000008002ed8        0x4 c:/st/stm32cubeide_1.0.2/stm32cubeide/plugins/com.st.stm32cube.ide.mcu.externaltools.gnu-tools-for-stm32.7-2018-q2-update.win32_1.5.0.202011040924/tools/bin/../lib/gcc/arm-none-eabi/7.3.1/thumb/v7e-m/fpv4-sp/hard/crti.o
                0x0000000008002ed8                _fini
 .fini          0x0000000008002edc        0x8 c:/st/stm32cubeide_1.0.2/stm32cubeide/plugins/com.st.stm32cube.ide.mcu.externaltools.gnu-tools-for-stm32.7-2018-q2-update.win32_1.5.0.202011040924/tools/bin/../lib/gcc/arm-none-eabi/7.3.1/thumb/v7e-m/fpv4-sp/hard/crtn.o
                0x0000000008002ee4                . = ALIGN (0x4)
                0x0000000008002ee4                _etext = .

.vfp11_veneer   0x0000000008002ee4        0x0
 .vfp11_veneer  0x0000000008002ee4        0x0 linker stubs

.v4_bx          0x0000000008002ee4        0x0
 .v4_bx         0x0000000008002ee4        0x0 linker stubs

.iplt           0x0000000008002ee4        0x0
 .iplt          0x0000000008002ee4        0x0 c:/st/stm32cubeide_1.0.2/stm32cubeide/plugins/com.st.stm32cube.ide.mcu.externaltools.gnu-tools-for-stm32.7-2018-q2-update.win32_1.5.0.202011040924/tools/bin/../lib/gcc/arm-none-eabi/7.3.1/thumb/v7e-m/fpv4-sp/hard/crtbegin.o

.rodata         0x0000000008002ee4       0x38
                0x0000000008002ee4                . = ALIGN (0x4)
 *(.rodata)
 *(.rodata*)
 .rodata.AHBPrescTable
                0x0000000008002ee4       0x10 Core/Src/system_stm32f4xx.o
                0x0000000008002ee4                AHBPrescTable
 .rodata.APBPrescTable
                0x0000000008002ef4        0x8 Core/Src/system_stm32f4xx.o
                0x0000000008002ef4                APBPrescTable
 .rodata.OFFSET_TAB_CCMRx
                0x0000000008002efc        0x7 Core/Src/tim.o
 *fill*         0x0000000008002f03        0x1 
 .rodata.SHIFT_TAB_OCxx
                0x0000000008002f04        0x7 Core/Src/tim.o
 *fill*         0x0000000008002f0b        0x1 
 .rodata.SHIFT_TAB_ICxx
                0x0000000008002f0c        0x7 Core/Src/tim.o
 *fill*         0x0000000008002f13        0x1 
 .rodata.SHIFT_TAB_CCxP
                0x0000000008002f14        0x7 Core/Src/tim.o
                0x0000000008002f1c                . = ALIGN (0x4)
 *fill*         0x0000000008002f1b        0x1 

.ARM.extab      0x0000000008002f1c        0x0
                0x0000000008002f1c                . = ALIGN (0x4)
 *(.ARM.extab* .gnu.linkonce.armextab.*)
                0x0000000008002f1c                . = ALIGN (0x4)

.ARM            0x0000000008002f1c        0x8
                0x0000000008002f1c                . = ALIGN (0x4)
                0x0000000008002f1c                __exidx_start = .
 *(.ARM.exidx*)
 .ARM.exidx     0x0000000008002f1c        0x8 c:/st/stm32cubeide_1.0.2/stm32cubeide/plugins/com.st.stm32cube.ide.mcu.externaltools.gnu-tools-for-stm32.7-2018-q2-update.win32_1.5.0.202011040924/tools/bin/../lib/gcc/arm-none-eabi/7.3.1/thumb/v7e-m/fpv4-sp/hard\libgcc.a(_udivmoddi4.o)
                0x0000000008002f24                __exidx_end = .
                0x0000000008002f24                . = ALIGN (0x4)

.rel.dyn        0x0000000008002f24        0x0
 .rel.iplt      0x0000000008002f24        0x0 c:/st/stm32cubeide_1.0.2/stm32cubeide/plugins/com.st.stm32cube.ide.mcu.externaltools.gnu-tools-for-stm32.7-2018-q2-update.win32_1.5.0.202011040924/tools/bin/../lib/gcc/arm-none-eabi/7.3.1/thumb/v7e-m/fpv4-sp/hard/crtbegin.o

.preinit_array  0x0000000008002f24        0x0
                0x0000000008002f24                . = ALIGN (0x4)
                0x0000000008002f24                PROVIDE (__preinit_array_start = .)
 *(.preinit_array*)
                0x0000000008002f24                PROVIDE (__preinit_array_end = .)
                0x0000000008002f24                . = ALIGN (0x4)

.init_array     0x0000000008002f24        0x4
                0x0000000008002f24                . = ALIGN (0x4)
                0x0000000008002f24                PROVIDE (__init_array_start = .)
 *(SORT_BY_NAME(.init_array.*))
 *(.init_array*)
 .init_array    0x0000000008002f24        0x4 c:/st/stm32cubeide_1.0.2/stm32cubeide/plugins/com.st.stm32cube.ide.mcu.externaltools.gnu-tools-for-stm32.7-2018-q2-update.win32_1.5.0.202011040924/tools/bin/../lib/gcc/arm-none-eabi/7.3.1/thumb/v7e-m/fpv4-sp/hard/crtbegin.o
                0x0000000008002f28                PROVIDE (__init_array_end = .)
                0x0000000008002f28                . = ALIGN (0x4)

.fini_array     0x0000000008002f28        0x4
                0x0000000008002f28                . = ALIGN (0x4)
                [!provide]                        PROVIDE (__fini_array_start = .)
 *(SORT_BY_NAME(.fini_array.*))
 *(.fini_array*)
 .fini_array    0x0000000008002f28        0x4 c:/st/stm32cubeide_1.0.2/stm32cubeide/plugins/com.st.stm32cube.ide.mcu.externaltools.gnu-tools-for-stm32.7-2018-q2-update.win32_1.5.0.202011040924/tools/bin/../lib/gcc/arm-none-eabi/7.3.1/thumb/v7e-m/fpv4-sp/hard/crtbegin.o
                [!provide]                        PROVIDE (__fini_array_end = .)
                0x0000000008002f2c                . = ALIGN (0x4)
                0x0000000008002f2c                _sidata = LOADADDR (.data)

.data           0x0000000020000000        0x4 load address 0x0000000008002f2c
                0x0000000020000000                . = ALIGN (0x4)
                0x0000000020000000                _sdata = .
 *(.data)
 *(.data*)
 .data.SystemCoreClock
                0x0000000020000000        0x4 Core/Src/system_stm32f4xx.o
                0x0000000020000000                SystemCoreClock
 *(.RamFunc)
 *(.RamFunc*)
                0x0000000020000004                . = ALIGN (0x4)
                0x0000000020000004                _edata = .

.igot.plt       0x0000000020000004        0x0 load address 0x0000000008002f30
 .igot.plt      0x0000000020000004        0x0 c:/st/stm32cubeide_1.0.2/stm32cubeide/plugins/com.st.stm32cube.ide.mcu.externaltools.gnu-tools-for-stm32.7-2018-q2-update.win32_1.5.0.202011040924/tools/bin/../lib/gcc/arm-none-eabi/7.3.1/thumb/v7e-m/fpv4-sp/hard/crtbegin.o
                0x0000000020000004                . = ALIGN (0x4)

.bss            0x0000000020000004       0x1c load address 0x0000000008002f30
                0x0000000020000004                _sbss = .
                0x0000000020000004                __bss_start__ = _sbss
 *(.bss)
 .bss           0x0000000020000004       0x1c c:/st/stm32cubeide_1.0.2/stm32cubeide/plugins/com.st.stm32cube.ide.mcu.externaltools.gnu-tools-for-stm32.7-2018-q2-update.win32_1.5.0.202011040924/tools/bin/../lib/gcc/arm-none-eabi/7.3.1/thumb/v7e-m/fpv4-sp/hard/crtbegin.o
 *(.bss*)
 *(COMMON)
                0x0000000020000020                . = ALIGN (0x4)
                0x0000000020000020                _ebss = .
                0x0000000020000020                __bss_end__ = _ebss

._user_heap_stack
                0x0000000020000020      0x600 load address 0x0000000008002f30
                0x0000000020000020                . = ALIGN (0x8)
                [!provide]                        PROVIDE (end = .)
                0x0000000020000020                PROVIDE (_end = .)
                0x0000000020000220                . = (. + _Min_Heap_Size)
 *fill*         0x0000000020000020      0x200 
                0x0000000020000620                . = (. + _Min_Stack_Size)
 *fill*         0x0000000020000220      0x400 
                0x0000000020000620                . = ALIGN (0x8)

/DISCARD/
 libc.a(*)
 libm.a(*)
 libgcc.a(*)

.ARM.attributes
                0x0000000000000000       0x30
 *(.ARM.attributes)
 .ARM.attributes
                0x0000000000000000       0x22 c:/st/stm32cubeide_1.0.2/stm32cubeide/plugins/com.st.stm32cube.ide.mcu.externaltools.gnu-tools-for-stm32.7-2018-q2-update.win32_1.5.0.202011040924/tools/bin/../lib/gcc/arm-none-eabi/7.3.1/thumb/v7e-m/fpv4-sp/hard/crti.o
 .ARM.attributes
                0x0000000000000022       0x34 c:/st/stm32cubeide_1.0.2/stm32cubeide/plugins/com.st.stm32cube.ide.mcu.externaltools.gnu-tools-for-stm32.7-2018-q2-update.win32_1.5.0.202011040924/tools/bin/../lib/gcc/arm-none-eabi/7.3.1/thumb/v7e-m/fpv4-sp/hard/crtbegin.o
 .ARM.attributes
                0x0000000000000056       0x39 Core/Src/adc.o
 .ARM.attributes
                0x000000000000008f       0x39 Core/Src/gpio.o
 .ARM.attributes
                0x00000000000000c8       0x39 Core/Src/main.o
 .ARM.attributes
                0x0000000000000101       0x39 Core/Src/spi.o
 .ARM.attributes
                0x000000000000013a       0x39 Core/Src/stm32f4xx_it.o
 .ARM.attributes
                0x0000000000000173       0x39 Core/Src/system_stm32f4xx.o
 .ARM.attributes
                0x00000000000001ac       0x39 Core/Src/tim.o
 .ARM.attributes
                0x00000000000001e5       0x39 Core/Src/usart.o
 .ARM.attributes
                0x000000000000021e       0x21 Core/Startup/startup_stm32f405rgtx.o
 .ARM.attributes
                0x000000000000023f       0x39 Drivers/STM32F4xx_HAL_Driver/Src/stm32f4xx_ll_adc.o
 .ARM.attributes
                0x0000000000000278       0x39 Drivers/STM32F4xx_HAL_Driver/Src/stm32f4xx_ll_gpio.o
 .ARM.attributes
                0x00000000000002b1       0x39 Drivers/STM32F4xx_HAL_Driver/Src/stm32f4xx_ll_rcc.o
 .ARM.attributes
                0x00000000000002ea       0x39 Drivers/STM32F4xx_HAL_Driver/Src/stm32f4xx_ll_spi.o
 .ARM.attributes
                0x0000000000000323       0x39 Drivers/STM32F4xx_HAL_Driver/Src/stm32f4xx_ll_tim.o
 .ARM.attributes
                0x000000000000035c       0x39 Drivers/STM32F4xx_HAL_Driver/Src/stm32f4xx_ll_usart.o
 .ARM.attributes
                0x0000000000000395       0x39 Drivers/STM32F4xx_HAL_Driver/Src/stm32f4xx_ll_utils.o
 .ARM.attributes
                0x00000000000003ce       0x34 c:/st/stm32cubeide_1.0.2/stm32cubeide/plugins/com.st.stm32cube.ide.mcu.externaltools.gnu-tools-for-stm32.7-2018-q2-update.win32_1.5.0.202011040924/tools/bin/../lib/gcc/arm-none-eabi/7.3.1/../../../../arm-none-eabi/lib/thumb/v7e-m/fpv4-sp/hard\libc_nano.a(lib_a-init.o)
 .ARM.attributes
                0x0000000000000402       0x34 c:/st/stm32cubeide_1.0.2/stm32cubeide/plugins/com.st.stm32cube.ide.mcu.externaltools.gnu-tools-for-stm32.7-2018-q2-update.win32_1.5.0.202011040924/tools/bin/../lib/gcc/arm-none-eabi/7.3.1/../../../../arm-none-eabi/lib/thumb/v7e-m/fpv4-sp/hard\libc_nano.a(lib_a-memset.o)
 .ARM.attributes
                0x0000000000000436       0x22 c:/st/stm32cubeide_1.0.2/stm32cubeide/plugins/com.st.stm32cube.ide.mcu.externaltools.gnu-tools-for-stm32.7-2018-q2-update.win32_1.5.0.202011040924/tools/bin/../lib/gcc/arm-none-eabi/7.3.1/thumb/v7e-m/fpv4-sp/hard\libgcc.a(_aeabi_uldivmod.o)
 .ARM.attributes
                0x0000000000000458       0x34 c:/st/stm32cubeide_1.0.2/stm32cubeide/plugins/com.st.stm32cube.ide.mcu.externaltools.gnu-tools-for-stm32.7-2018-q2-update.win32_1.5.0.202011040924/tools/bin/../lib/gcc/arm-none-eabi/7.3.1/thumb/v7e-m/fpv4-sp/hard\libgcc.a(_udivmoddi4.o)
 .ARM.attributes
                0x000000000000048c       0x22 c:/st/stm32cubeide_1.0.2/stm32cubeide/plugins/com.st.stm32cube.ide.mcu.externaltools.gnu-tools-for-stm32.7-2018-q2-update.win32_1.5.0.202011040924/tools/bin/../lib/gcc/arm-none-eabi/7.3.1/thumb/v7e-m/fpv4-sp/hard\libgcc.a(_dvmd_tls.o)
 .ARM.attributes
                0x00000000000004ae       0x22 c:/st/stm32cubeide_1.0.2/stm32cubeide/plugins/com.st.stm32cube.ide.mcu.externaltools.gnu-tools-for-stm32.7-2018-q2-update.win32_1.5.0.202011040924/tools/bin/../lib/gcc/arm-none-eabi/7.3.1/thumb/v7e-m/fpv4-sp/hard/crtn.o
OUTPUT(utsutsu_LL.elf elf32-littlearm)

.debug_info     0x0000000000000000     0x7656
 .debug_info    0x0000000000000000      0x8ca Core/Src/adc.o
 .debug_info    0x00000000000008ca      0x4ca Core/Src/gpio.o
 .debug_info    0x0000000000000d94      0x8fa Core/Src/main.o
 .debug_info    0x000000000000168e      0x623 Core/Src/spi.o
 .debug_info    0x0000000000001cb1      0x227 Core/Src/stm32f4xx_it.o
 .debug_info    0x0000000000001ed8      0x4fb Core/Src/system_stm32f4xx.o
 .debug_info    0x00000000000023d3      0xc00 Core/Src/tim.o
 .debug_info    0x0000000000002fd3      0x5fb Core/Src/usart.o
 .debug_info    0x00000000000035ce       0x22 Core/Startup/startup_stm32f405rgtx.o
 .debug_info    0x00000000000035f0      0x8f5 Drivers/STM32F4xx_HAL_Driver/Src/stm32f4xx_ll_adc.o
 .debug_info    0x0000000000003ee5      0x8c2 Drivers/STM32F4xx_HAL_Driver/Src/stm32f4xx_ll_gpio.o
 .debug_info    0x00000000000047a7      0x7a6 Drivers/STM32F4xx_HAL_Driver/Src/stm32f4xx_ll_rcc.o
 .debug_info    0x0000000000004f4d      0x7c4 Drivers/STM32F4xx_HAL_Driver/Src/stm32f4xx_ll_spi.o
 .debug_info    0x0000000000005711      0xf0f Drivers/STM32F4xx_HAL_Driver/Src/stm32f4xx_ll_tim.o
 .debug_info    0x0000000000006620      0x751 Drivers/STM32F4xx_HAL_Driver/Src/stm32f4xx_ll_usart.o
 .debug_info    0x0000000000006d71      0x8e5 Drivers/STM32F4xx_HAL_Driver/Src/stm32f4xx_ll_utils.o

.debug_abbrev   0x0000000000000000     0x17c5
 .debug_abbrev  0x0000000000000000      0x1ad Core/Src/adc.o
 .debug_abbrev  0x00000000000001ad      0x15d Core/Src/gpio.o
 .debug_abbrev  0x000000000000030a      0x191 Core/Src/main.o
 .debug_abbrev  0x000000000000049b      0x15d Core/Src/spi.o
 .debug_abbrev  0x00000000000005f8       0xa3 Core/Src/stm32f4xx_it.o
 .debug_abbrev  0x000000000000069b      0x111 Core/Src/system_stm32f4xx.o
 .debug_abbrev  0x00000000000007ac      0x177 Core/Src/tim.o
 .debug_abbrev  0x0000000000000923      0x15d Core/Src/usart.o
 .debug_abbrev  0x0000000000000a80       0x12 Core/Startup/startup_stm32f405rgtx.o
 .debug_abbrev  0x0000000000000a92      0x19e Drivers/STM32F4xx_HAL_Driver/Src/stm32f4xx_ll_adc.o
 .debug_abbrev  0x0000000000000c30      0x212 Drivers/STM32F4xx_HAL_Driver/Src/stm32f4xx_ll_gpio.o
 .debug_abbrev  0x0000000000000e42      0x1d2 Drivers/STM32F4xx_HAL_Driver/Src/stm32f4xx_ll_rcc.o
 .debug_abbrev  0x0000000000001014      0x1e9 Drivers/STM32F4xx_HAL_Driver/Src/stm32f4xx_ll_spi.o
 .debug_abbrev  0x00000000000011fd      0x1ff Drivers/STM32F4xx_HAL_Driver/Src/stm32f4xx_ll_tim.o
 .debug_abbrev  0x00000000000013fc      0x1c9 Drivers/STM32F4xx_HAL_Driver/Src/stm32f4xx_ll_usart.o
 .debug_abbrev  0x00000000000015c5      0x200 Drivers/STM32F4xx_HAL_Driver/Src/stm32f4xx_ll_utils.o

.debug_aranges  0x0000000000000000      0x880
 .debug_aranges
                0x0000000000000000       0x48 Core/Src/adc.o
 .debug_aranges
                0x0000000000000048       0x30 Core/Src/gpio.o
 .debug_aranges
                0x0000000000000078       0xb8 Core/Src/main.o
 .debug_aranges
                0x0000000000000130       0x38 Core/Src/spi.o
 .debug_aranges
                0x0000000000000168       0x60 Core/Src/stm32f4xx_it.o
 .debug_aranges
                0x00000000000001c8       0x28 Core/Src/system_stm32f4xx.o
 .debug_aranges
                0x00000000000001f0       0xc0 Core/Src/tim.o
 .debug_aranges
                0x00000000000002b0       0x40 Core/Src/usart.o
 .debug_aranges
                0x00000000000002f0       0x28 Core/Startup/startup_stm32f405rgtx.o
 .debug_aranges
                0x0000000000000318       0xa8 Drivers/STM32F4xx_HAL_Driver/Src/stm32f4xx_ll_adc.o
 .debug_aranges
                0x00000000000003c0       0x70 Drivers/STM32F4xx_HAL_Driver/Src/stm32f4xx_ll_gpio.o
 .debug_aranges
                0x0000000000000430      0x118 Drivers/STM32F4xx_HAL_Driver/Src/stm32f4xx_ll_rcc.o
 .debug_aranges
                0x0000000000000548       0x90 Drivers/STM32F4xx_HAL_Driver/Src/stm32f4xx_ll_spi.o
 .debug_aranges
                0x00000000000005d8      0x128 Drivers/STM32F4xx_HAL_Driver/Src/stm32f4xx_ll_tim.o
 .debug_aranges
                0x0000000000000700       0x88 Drivers/STM32F4xx_HAL_Driver/Src/stm32f4xx_ll_usart.o
 .debug_aranges
                0x0000000000000788       0xf8 Drivers/STM32F4xx_HAL_Driver/Src/stm32f4xx_ll_utils.o

.debug_ranges   0x0000000000000000      0x788
 .debug_ranges  0x0000000000000000       0x38 Core/Src/adc.o
 .debug_ranges  0x0000000000000038       0x20 Core/Src/gpio.o
 .debug_ranges  0x0000000000000058       0xa8 Core/Src/main.o
 .debug_ranges  0x0000000000000100       0x28 Core/Src/spi.o
 .debug_ranges  0x0000000000000128       0x50 Core/Src/stm32f4xx_it.o
 .debug_ranges  0x0000000000000178       0x18 Core/Src/system_stm32f4xx.o
 .debug_ranges  0x0000000000000190       0xb0 Core/Src/tim.o
 .debug_ranges  0x0000000000000240       0x30 Core/Src/usart.o
 .debug_ranges  0x0000000000000270       0x20 Core/Startup/startup_stm32f405rgtx.o
 .debug_ranges  0x0000000000000290       0x98 Drivers/STM32F4xx_HAL_Driver/Src/stm32f4xx_ll_adc.o
 .debug_ranges  0x0000000000000328       0x60 Drivers/STM32F4xx_HAL_Driver/Src/stm32f4xx_ll_gpio.o
 .debug_ranges  0x0000000000000388      0x108 Drivers/STM32F4xx_HAL_Driver/Src/stm32f4xx_ll_rcc.o
 .debug_ranges  0x0000000000000490       0x80 Drivers/STM32F4xx_HAL_Driver/Src/stm32f4xx_ll_spi.o
 .debug_ranges  0x0000000000000510      0x118 Drivers/STM32F4xx_HAL_Driver/Src/stm32f4xx_ll_tim.o
 .debug_ranges  0x0000000000000628       0x78 Drivers/STM32F4xx_HAL_Driver/Src/stm32f4xx_ll_usart.o
 .debug_ranges  0x00000000000006a0       0xe8 Drivers/STM32F4xx_HAL_Driver/Src/stm32f4xx_ll_utils.o

.debug_macro    0x0000000000000000     0x26e0
 .debug_macro   0x0000000000000000      0x162 Core/Src/adc.o
 .debug_macro   0x0000000000000162      0x162 Core/Src/gpio.o
 .debug_macro   0x00000000000002c4      0x18e Core/Src/main.o
 .debug_macro   0x0000000000000452      0x162 Core/Src/spi.o
 .debug_macro   0x00000000000005b4      0x162 Core/Src/stm32f4xx_it.o
 .debug_macro   0x0000000000000716       0xd4 Core/Src/system_stm32f4xx.o
 .debug_macro   0x00000000000007ea      0x162 Core/Src/tim.o
 .debug_macro   0x000000000000094c      0x162 Core/Src/usart.o
 .debug_macro   0x0000000000000aae      0x16e Drivers/STM32F4xx_HAL_Driver/Src/stm32f4xx_ll_adc.o
 .debug_macro   0x0000000000000c1c      0x110 Drivers/STM32F4xx_HAL_Driver/Src/stm32f4xx_ll_gpio.o
 .debug_macro   0x0000000000000d2c      0x143 Drivers/STM32F4xx_HAL_Driver/Src/stm32f4xx_ll_gpio.o
 .debug_macro   0x0000000000000e6f       0xfb Drivers/STM32F4xx_HAL_Driver/Src/stm32f4xx_ll_rcc.o
 .debug_macro   0x0000000000000f6a      0x77b Drivers/STM32F4xx_HAL_Driver/Src/stm32f4xx_ll_rcc.o
 .debug_macro   0x00000000000016e5      0x17d Drivers/STM32F4xx_HAL_Driver/Src/stm32f4xx_ll_spi.o
 .debug_macro   0x0000000000001862      0x236 Drivers/STM32F4xx_HAL_Driver/Src/stm32f4xx_ll_spi.o
 .debug_macro   0x0000000000001a98      0x159 Drivers/STM32F4xx_HAL_Driver/Src/stm32f4xx_ll_tim.o
 .debug_macro   0x0000000000001bf1      0x5ed Drivers/STM32F4xx_HAL_Driver/Src/stm32f4xx_ll_tim.o
 .debug_macro   0x00000000000021de      0x143 Drivers/STM32F4xx_HAL_Driver/Src/stm32f4xx_ll_usart.o
 .debug_macro   0x0000000000002321      0x1b5 Drivers/STM32F4xx_HAL_Driver/Src/stm32f4xx_ll_usart.o
 .debug_macro   0x00000000000024d6      0x1af Drivers/STM32F4xx_HAL_Driver/Src/stm32f4xx_ll_utils.o
 .debug_macro   0x0000000000002685       0x5b Drivers/STM32F4xx_HAL_Driver/Src/stm32f4xx_ll_utils.o

.debug_line     0x0000000000000000     0x67bc
 .debug_line    0x0000000000000000      0x67a Core/Src/adc.o
 .debug_line    0x000000000000067a      0x60e Core/Src/gpio.o
 .debug_line    0x0000000000000c88      0x7d1 Core/Src/main.o
 .debug_line    0x0000000000001459      0x612 Core/Src/spi.o
 .debug_line    0x0000000000001a6b      0x66c Core/Src/stm32f4xx_it.o
 .debug_line    0x00000000000020d7      0x486 Core/Src/system_stm32f4xx.o
 .debug_line    0x000000000000255d      0x9f8 Core/Src/tim.o
 .debug_line    0x0000000000002f55      0x629 Core/Src/usart.o
 .debug_line    0x000000000000357e       0x85 Core/Startup/startup_stm32f405rgtx.o
 .debug_line    0x0000000000003603      0x677 Drivers/STM32F4xx_HAL_Driver/Src/stm32f4xx_ll_adc.o
 .debug_line    0x0000000000003c7a      0x67c Drivers/STM32F4xx_HAL_Driver/Src/stm32f4xx_ll_gpio.o
 .debug_line    0x00000000000042f6      0x76f Drivers/STM32F4xx_HAL_Driver/Src/stm32f4xx_ll_rcc.o
 .debug_line    0x0000000000004a65      0x67f Drivers/STM32F4xx_HAL_Driver/Src/stm32f4xx_ll_spi.o
 .debug_line    0x00000000000050e4      0x8d9 Drivers/STM32F4xx_HAL_Driver/Src/stm32f4xx_ll_tim.o
 .debug_line    0x00000000000059bd      0x630 Drivers/STM32F4xx_HAL_Driver/Src/stm32f4xx_ll_usart.o
 .debug_line    0x0000000000005fed      0x7cf Drivers/STM32F4xx_HAL_Driver/Src/stm32f4xx_ll_utils.o

.debug_str      0x0000000000000000    0x9b569
 .debug_str     0x0000000000000000    0x93db4 Core/Src/adc.o
                                      0x93fcd (size before relaxing)
 .debug_str     0x0000000000093db4       0x51 Core/Src/gpio.o
                                      0x93da1 (size before relaxing)
 .debug_str     0x0000000000093e05      0x27d Core/Src/main.o
                                      0x93fe9 (size before relaxing)
 .debug_str     0x0000000000094082       0xd4 Core/Src/spi.o
                                      0x93e62 (size before relaxing)
 .debug_str     0x0000000000094156       0xbd Core/Src/stm32f4xx_it.o
                                      0x93c6e (size before relaxing)
 .debug_str     0x0000000000094213       0x70 Core/Src/system_stm32f4xx.o
                                      0x7ddd1 (size before relaxing)
 .debug_str     0x0000000000094283      0x356 Core/Src/tim.o
                                      0x94128 (size before relaxing)
 .debug_str     0x00000000000945d9       0xbb Core/Src/usart.o
                                      0x93e5d (size before relaxing)
 .debug_str     0x0000000000094694       0x36 Core/Startup/startup_stm32f405rgtx.o
                                         0x73 (size before relaxing)
 .debug_str     0x00000000000946ca     0x2552 Drivers/STM32F4xx_HAL_Driver/Src/stm32f4xx_ll_adc.o
                                      0x88c48 (size before relaxing)
 .debug_str     0x0000000000096c1c      0x65d Drivers/STM32F4xx_HAL_Driver/Src/stm32f4xx_ll_gpio.o
                                      0x7f70e (size before relaxing)
 .debug_str     0x0000000000097279      0x4ef Drivers/STM32F4xx_HAL_Driver/Src/stm32f4xx_ll_rcc.o
                                      0x822de (size before relaxing)
 .debug_str     0x0000000000097768      0xdfa Drivers/STM32F4xx_HAL_Driver/Src/stm32f4xx_ll_spi.o
                                      0x844dd (size before relaxing)
 .debug_str     0x0000000000098562     0x1185 Drivers/STM32F4xx_HAL_Driver/Src/stm32f4xx_ll_tim.o
                                      0x82e0a (size before relaxing)
 .debug_str     0x00000000000996e7      0x80c Drivers/STM32F4xx_HAL_Driver/Src/stm32f4xx_ll_usart.o
                                      0x84075 (size before relaxing)
 .debug_str     0x0000000000099ef3     0x1676 Drivers/STM32F4xx_HAL_Driver/Src/stm32f4xx_ll_utils.o
                                      0x84a62 (size before relaxing)

.comment        0x0000000000000000       0x7b
 .comment       0x0000000000000000       0x7b Core/Src/adc.o
                                         0x7c (size before relaxing)
 .comment       0x000000000000007b       0x7c Core/Src/gpio.o
 .comment       0x000000000000007b       0x7c Core/Src/main.o
 .comment       0x000000000000007b       0x7c Core/Src/spi.o
 .comment       0x000000000000007b       0x7c Core/Src/stm32f4xx_it.o
 .comment       0x000000000000007b       0x7c Core/Src/system_stm32f4xx.o
 .comment       0x000000000000007b       0x7c Core/Src/tim.o
 .comment       0x000000000000007b       0x7c Core/Src/usart.o
 .comment       0x000000000000007b       0x7c Drivers/STM32F4xx_HAL_Driver/Src/stm32f4xx_ll_adc.o
 .comment       0x000000000000007b       0x7c Drivers/STM32F4xx_HAL_Driver/Src/stm32f4xx_ll_gpio.o
 .comment       0x000000000000007b       0x7c Drivers/STM32F4xx_HAL_Driver/Src/stm32f4xx_ll_rcc.o
 .comment       0x000000000000007b       0x7c Drivers/STM32F4xx_HAL_Driver/Src/stm32f4xx_ll_spi.o
 .comment       0x000000000000007b       0x7c Drivers/STM32F4xx_HAL_Driver/Src/stm32f4xx_ll_tim.o
 .comment       0x000000000000007b       0x7c Drivers/STM32F4xx_HAL_Driver/Src/stm32f4xx_ll_usart.o
 .comment       0x000000000000007b       0x7c Drivers/STM32F4xx_HAL_Driver/Src/stm32f4xx_ll_utils.o

.debug_frame    0x0000000000000000     0x21e8
 .debug_frame   0x0000000000000000      0x100 Core/Src/adc.o
 .debug_frame   0x0000000000000100       0x84 Core/Src/gpio.o
 .debug_frame   0x0000000000000184      0x2d8 Core/Src/main.o
 .debug_frame   0x000000000000045c       0xac Core/Src/spi.o
 .debug_frame   0x0000000000000508      0x108 Core/Src/stm32f4xx_it.o
 .debug_frame   0x0000000000000610       0x58 Core/Src/system_stm32f4xx.o
 .debug_frame   0x0000000000000668      0x350 Core/Src/tim.o
 .debug_frame   0x00000000000009b8       0xd4 Core/Src/usart.o
 .debug_frame   0x0000000000000a8c      0x2cc Drivers/STM32F4xx_HAL_Driver/Src/stm32f4xx_ll_adc.o
 .debug_frame   0x0000000000000d58      0x1c0 Drivers/STM32F4xx_HAL_Driver/Src/stm32f4xx_ll_gpio.o
 .debug_frame   0x0000000000000f18      0x460 Drivers/STM32F4xx_HAL_Driver/Src/stm32f4xx_ll_rcc.o
 .debug_frame   0x0000000000001378      0x254 Drivers/STM32F4xx_HAL_Driver/Src/stm32f4xx_ll_spi.o
 .debug_frame   0x00000000000015cc      0x538 Drivers/STM32F4xx_HAL_Driver/Src/stm32f4xx_ll_tim.o
 .debug_frame   0x0000000000001b04      0x240 Drivers/STM32F4xx_HAL_Driver/Src/stm32f4xx_ll_usart.o
 .debug_frame   0x0000000000001d44      0x3f8 Drivers/STM32F4xx_HAL_Driver/Src/stm32f4xx_ll_utils.o
 .debug_frame   0x000000000000213c       0x2c c:/st/stm32cubeide_1.0.2/stm32cubeide/plugins/com.st.stm32cube.ide.mcu.externaltools.gnu-tools-for-stm32.7-2018-q2-update.win32_1.5.0.202011040924/tools/bin/../lib/gcc/arm-none-eabi/7.3.1/../../../../arm-none-eabi/lib/thumb/v7e-m/fpv4-sp/hard\libc_nano.a(lib_a-init.o)
 .debug_frame   0x0000000000002168       0x20 c:/st/stm32cubeide_1.0.2/stm32cubeide/plugins/com.st.stm32cube.ide.mcu.externaltools.gnu-tools-for-stm32.7-2018-q2-update.win32_1.5.0.202011040924/tools/bin/../lib/gcc/arm-none-eabi/7.3.1/../../../../arm-none-eabi/lib/thumb/v7e-m/fpv4-sp/hard\libc_nano.a(lib_a-memset.o)
 .debug_frame   0x0000000000002188       0x2c c:/st/stm32cubeide_1.0.2/stm32cubeide/plugins/com.st.stm32cube.ide.mcu.externaltools.gnu-tools-for-stm32.7-2018-q2-update.win32_1.5.0.202011040924/tools/bin/../lib/gcc/arm-none-eabi/7.3.1/thumb/v7e-m/fpv4-sp/hard\libgcc.a(_aeabi_uldivmod.o)
 .debug_frame   0x00000000000021b4       0x34 c:/st/stm32cubeide_1.0.2/stm32cubeide/plugins/com.st.stm32cube.ide.mcu.externaltools.gnu-tools-for-stm32.7-2018-q2-update.win32_1.5.0.202011040924/tools/bin/../lib/gcc/arm-none-eabi/7.3.1/thumb/v7e-m/fpv4-sp/hard\libgcc.a(_udivmoddi4.o)
