Archive member included to satisfy reference by file (symbol)

c:/st/stm32cubeide_1.0.2/stm32cubeide/plugins/com.st.stm32cube.ide.mcu.externaltools.gnu-tools-for-stm32.9-2020-q2-update.win32_1.5.0.202011040924/tools/bin/../lib/gcc/arm-none-eabi/9.3.1/../../../../arm-none-eabi/lib/thumb/v7e-m+fp/hard\libc_nano.a(lib_a-errno.o)
                              Core/Src/syscalls.o (__errno)
c:/st/stm32cubeide_1.0.2/stm32cubeide/plugins/com.st.stm32cube.ide.mcu.externaltools.gnu-tools-for-stm32.9-2020-q2-update.win32_1.5.0.202011040924/tools/bin/../lib/gcc/arm-none-eabi/9.3.1/../../../../arm-none-eabi/lib/thumb/v7e-m+fp/hard\libc_nano.a(lib_a-exit.o)
                              c:/st/stm32cubeide_1.0.2/stm32cubeide/plugins/com.st.stm32cube.ide.mcu.externaltools.gnu-tools-for-stm32.9-2020-q2-update.win32_1.5.0.202011040924/tools/bin/../lib/gcc/arm-none-eabi/9.3.1/../../../../arm-none-eabi/lib/thumb/v7e-m+fp/hard/crt0.o (exit)
c:/st/stm32cubeide_1.0.2/stm32cubeide/plugins/com.st.stm32cube.ide.mcu.externaltools.gnu-tools-for-stm32.9-2020-q2-update.win32_1.5.0.202011040924/tools/bin/../lib/gcc/arm-none-eabi/9.3.1/../../../../arm-none-eabi/lib/thumb/v7e-m+fp/hard\libc_nano.a(lib_a-impure.o)
                              c:/st/stm32cubeide_1.0.2/stm32cubeide/plugins/com.st.stm32cube.ide.mcu.externaltools.gnu-tools-for-stm32.9-2020-q2-update.win32_1.5.0.202011040924/tools/bin/../lib/gcc/arm-none-eabi/9.3.1/../../../../arm-none-eabi/lib/thumb/v7e-m+fp/hard\libc_nano.a(lib_a-exit.o) (_global_impure_ptr)
c:/st/stm32cubeide_1.0.2/stm32cubeide/plugins/com.st.stm32cube.ide.mcu.externaltools.gnu-tools-for-stm32.9-2020-q2-update.win32_1.5.0.202011040924/tools/bin/../lib/gcc/arm-none-eabi/9.3.1/../../../../arm-none-eabi/lib/thumb/v7e-m+fp/hard\libc_nano.a(lib_a-init.o)
                              c:/st/stm32cubeide_1.0.2/stm32cubeide/plugins/com.st.stm32cube.ide.mcu.externaltools.gnu-tools-for-stm32.9-2020-q2-update.win32_1.5.0.202011040924/tools/bin/../lib/gcc/arm-none-eabi/9.3.1/../../../../arm-none-eabi/lib/thumb/v7e-m+fp/hard/crt0.o (__libc_init_array)
c:/st/stm32cubeide_1.0.2/stm32cubeide/plugins/com.st.stm32cube.ide.mcu.externaltools.gnu-tools-for-stm32.9-2020-q2-update.win32_1.5.0.202011040924/tools/bin/../lib/gcc/arm-none-eabi/9.3.1/../../../../arm-none-eabi/lib/thumb/v7e-m+fp/hard\libc_nano.a(lib_a-memset.o)
                              c:/st/stm32cubeide_1.0.2/stm32cubeide/plugins/com.st.stm32cube.ide.mcu.externaltools.gnu-tools-for-stm32.9-2020-q2-update.win32_1.5.0.202011040924/tools/bin/../lib/gcc/arm-none-eabi/9.3.1/../../../../arm-none-eabi/lib/thumb/v7e-m+fp/hard/crt0.o (memset)
c:/st/stm32cubeide_1.0.2/stm32cubeide/plugins/com.st.stm32cube.ide.mcu.externaltools.gnu-tools-for-stm32.9-2020-q2-update.win32_1.5.0.202011040924/tools/bin/../lib/gcc/arm-none-eabi/9.3.1/../../../../arm-none-eabi/lib/thumb/v7e-m+fp/hard\libc_nano.a(lib_a-nano-vfprintf_float.o)
                              (_printf_float)
c:/st/stm32cubeide_1.0.2/stm32cubeide/plugins/com.st.stm32cube.ide.mcu.externaltools.gnu-tools-for-stm32.9-2020-q2-update.win32_1.5.0.202011040924/tools/bin/../lib/gcc/arm-none-eabi/9.3.1/../../../../arm-none-eabi/lib/thumb/v7e-m+fp/hard\libc_nano.a(lib_a-nano-vfprintf_i.o)
                              c:/st/stm32cubeide_1.0.2/stm32cubeide/plugins/com.st.stm32cube.ide.mcu.externaltools.gnu-tools-for-stm32.9-2020-q2-update.win32_1.5.0.202011040924/tools/bin/../lib/gcc/arm-none-eabi/9.3.1/../../../../arm-none-eabi/lib/thumb/v7e-m+fp/hard\libc_nano.a(lib_a-nano-vfprintf_float.o) (_printf_common)
c:/st/stm32cubeide_1.0.2/stm32cubeide/plugins/com.st.stm32cube.ide.mcu.externaltools.gnu-tools-for-stm32.9-2020-q2-update.win32_1.5.0.202011040924/tools/bin/../lib/gcc/arm-none-eabi/9.3.1/../../../../arm-none-eabi/lib/thumb/v7e-m+fp/hard\libc_nano.a(lib_a-printf.o)
                              Core/Src/Controller/mode.o (printf)
c:/st/stm32cubeide_1.0.2/stm32cubeide/plugins/com.st.stm32cube.ide.mcu.externaltools.gnu-tools-for-stm32.9-2020-q2-update.win32_1.5.0.202011040924/tools/bin/../lib/gcc/arm-none-eabi/9.3.1/../../../../arm-none-eabi/lib/thumb/v7e-m+fp/hard\libc_nano.a(lib_a-putchar.o)
                              Core/Src/System/map.o (putchar)
c:/st/stm32cubeide_1.0.2/stm32cubeide/plugins/com.st.stm32cube.ide.mcu.externaltools.gnu-tools-for-stm32.9-2020-q2-update.win32_1.5.0.202011040924/tools/bin/../lib/gcc/arm-none-eabi/9.3.1/../../../../arm-none-eabi/lib/thumb/v7e-m+fp/hard\libc_nano.a(lib_a-puts.o)
                              Core/Src/Controller/mode.o (puts)
c:/st/stm32cubeide_1.0.2/stm32cubeide/plugins/com.st.stm32cube.ide.mcu.externaltools.gnu-tools-for-stm32.9-2020-q2-update.win32_1.5.0.202011040924/tools/bin/../lib/gcc/arm-none-eabi/9.3.1/../../../../arm-none-eabi/lib/thumb/v7e-m+fp/hard\libc_nano.a(lib_a-setbuf.o)
                              Core/Src/main.o (setbuf)
[...]
Memory Configuration

Name             Origin             Length             Attributes
CCMRAM           0x0000000010000000 0x0000000000010000 xrw
RAM              0x0000000020000000 0x0000000000020000 xrw
FLASH            0x0000000008000000 0x0000000000100000 xr
*default*        0x0000000000000000 0xffffffffffffffff

Linker script and memory map

LOAD c:/st/stm32cubeide_1.0.2/stm32cubeide/plugins/com.st.stm32cube.ide.mcu.externaltools.gnu-tools-for-stm32.9-2020-q2-update.win32_1.5.0.202011040924/tools/bin/../lib/gcc/arm-none-eabi/9.3.1/thumb/v7e-m+fp/hard/crti.o
LOAD c:/st/stm32cubeide_1.0.2/stm32cubeide/plugins/com.st.stm32cube.ide.mcu.externaltools.gnu-tools-for-stm32.9-2020-q2-update.win32_1.5.0.202011040924/tools/bin/../lib/gcc/arm-none-eabi/9.3.1/thumb/v7e-m+fp/hard/crtbegin.o
LOAD c:/st/stm32cubeide_1.0.2/stm32cubeide/plugins/com.st.stm32cube.ide.mcu.externaltools.gnu-tools-for-stm32.9-2020-q2-update.win32_1.5.0.202011040924/tools/bin/../lib/gcc/arm-none-eabi/9.3.1/../../../../arm-none-eabi/lib/thumb/v7e-m+fp/hard/crt0.o
LOAD Core/Src/Controller/callback.o
LOAD Core/Src/Controller/mode.o
LOAD Core/Src/Controller/search.o
LOAD Core/Src/Controller/state.o
LOAD Core/Src/Controller/test.o
LOAD Core/Src/Hardware/ICM20689.o
LOAD Core/Src/Hardware/basic_timer.o
LOAD Core/Src/Hardware/battery.o
LOAD Core/Src/Hardware/buzzer.o
LOAD Core/Src/Hardware/encoder.o
LOAD Core/Src/Hardware/flash.o
LOAD Core/Src/Hardware/interface_LED.o
LOAD Core/Src/Hardware/motor.o
LOAD Core/Src/Hardware/wall_sensor.o
LOAD Core/Src/System/flags.o
LOAD Core/Src/System/log.o
LOAD Core/Src/System/map.o
LOAD Core/Src/System/motion.o
LOAD Core/Src/System/music.o
LOAD Core/Src/System/route.o
LOAD Core/Src/System/sensing.o
LOAD Core/Src/adc.o
LOAD Core/Src/dma.o
LOAD Core/Src/gpio.o
LOAD Core/Src/main.o
LOAD Core/Src/spi.o
LOAD Core/Src/stm32f4xx_it.o
LOAD Core/Src/syscalls.o
LOAD Core/Src/sysmem.o
LOAD Core/Src/system_stm32f4xx.o
LOAD Core/Src/tim.o
LOAD Core/Src/usart.o
LOAD Core/Startup/startup_stm32f405rgtx.o
LOAD Drivers/STM32F4xx_HAL_Driver/Src/stm32f4xx_ll_adc.o
LOAD Drivers/STM32F4xx_HAL_Driver/Src/stm32f4xx_ll_dma.o
LOAD Drivers/STM32F4xx_HAL_Driver/Src/stm32f4xx_ll_exti.o
LOAD Drivers/STM32F4xx_HAL_Driver/Src/stm32f4xx_ll_gpio.o
LOAD Drivers/STM32F4xx_HAL_Driver/Src/stm32f4xx_ll_rcc.o
LOAD Drivers/STM32F4xx_HAL_Driver/Src/stm32f4xx_ll_spi.o
LOAD Drivers/STM32F4xx_HAL_Driver/Src/stm32f4xx_ll_tim.o
LOAD Drivers/STM32F4xx_HAL_Driver/Src/stm32f4xx_ll_usart.o
LOAD Drivers/STM32F4xx_HAL_Driver/Src/stm32f4xx_ll_utils.o
START GROUP
LOAD c:/st/stm32cubeide_1.0.2/stm32cubeide/plugins/com.st.stm32cube.ide.mcu.externaltools.gnu-tools-for-stm32.9-2020-q2-update.win32_1.5.0.202011040924/tools/bin/../lib/gcc/arm-none-eabi/9.3.1/../../../../arm-none-eabi/lib/thumb/v7e-m+fp/hard\libc_nano.a
LOAD c:/st/stm32cubeide_1.0.2/stm32cubeide/plugins/com.st.stm32cube.ide.mcu.externaltools.gnu-tools-for-stm32.9-2020-q2-update.win32_1.5.0.202011040924/tools/bin/../lib/gcc/arm-none-eabi/9.3.1/../../../../arm-none-eabi/lib/thumb/v7e-m+fp/hard\libm.a
END GROUP
START GROUP
LOAD c:/st/stm32cubeide_1.0.2/stm32cubeide/plugins/com.st.stm32cube.ide.mcu.externaltools.gnu-tools-for-stm32.9-2020-q2-update.win32_1.5.0.202011040924/tools/bin/../lib/gcc/arm-none-eabi/9.3.1/thumb/v7e-m+fp/hard\libgcc.a
LOAD c:/st/stm32cubeide_1.0.2/stm32cubeide/plugins/com.st.stm32cube.ide.mcu.externaltools.gnu-tools-for-stm32.9-2020-q2-update.win32_1.5.0.202011040924/tools/bin/../lib/gcc/arm-none-eabi/9.3.1/../../../../arm-none-eabi/lib/thumb/v7e-m+fp/hard\libc_nano.a
END GROUP
START GROUP
LOAD c:/st/stm32cubeide_1.0.2/stm32cubeide/plugins/com.st.stm32cube.ide.mcu.externaltools.gnu-tools-for-stm32.9-2020-q2-update.win32_1.5.0.202011040924/tools/bin/../lib/gcc/arm-none-eabi/9.3.1/thumb/v7e-m+fp/hard\libgcc.a
LOAD c:/st/stm32cubeide_1.0.2/stm32cubeide/plugins/com.st.stm32cube.ide.mcu.externaltools.gnu-tools-for-stm32.9-2020-q2-update.win32_1.5.0.202011040924/tools/bin/../lib/gcc/arm-none-eabi/9.3.1/../../../../arm-none-eabi/lib/thumb/v7e-m+fp/hard\libc_nano.a
LOAD c:/st/stm32cubeide_1.0.2/stm32cubeide/plugins/com.st.stm32cube.ide.mcu.externaltools.gnu-tools-for-stm32.9-2020-q2-update.win32_1.5.0.202011040924/tools/bin/../lib/gcc/arm-none-eabi/9.3.1/../../../../arm-none-eabi/lib/thumb/v7e-m+fp/hard\libnosys.a
END GROUP
START GROUP
LOAD c:/st/stm32cubeide_1.0.2/stm32cubeide/plugins/com.st.stm32cube.ide.mcu.externaltools.gnu-tools-for-stm32.9-2020-q2-update.win32_1.5.0.202011040924/tools/bin/../lib/gcc/arm-none-eabi/9.3.1/thumb/v7e-m+fp/hard\libgcc.a
LOAD c:/st/stm32cubeide_1.0.2/stm32cubeide/plugins/com.st.stm32cube.ide.mcu.externaltools.gnu-tools-for-stm32.9-2020-q2-update.win32_1.5.0.202011040924/tools/bin/../lib/gcc/arm-none-eabi/9.3.1/../../../../arm-none-eabi/lib/thumb/v7e-m+fp/hard\libc_nano.a
LOAD c:/st/stm32cubeide_1.0.2/stm32cubeide/plugins/com.st.stm32cube.ide.mcu.externaltools.gnu-tools-for-stm32.9-2020-q2-update.win32_1.5.0.202011040924/tools/bin/../lib/gcc/arm-none-eabi/9.3.1/../../../../arm-none-eabi/lib/thumb/v7e-m+fp/hard\libnosys.a
END GROUP
LOAD c:/st/stm32cubeide_1.0.2/stm32cubeide/plugins/com.st.stm32cube.ide.mcu.externaltools.gnu-tools-for-stm32.9-2020-q2-update.win32_1.5.0.202011040924/tools/bin/../lib/gcc/arm-none-eabi/9.3.1/thumb/v7e-m+fp/hard/crtend.o
LOAD c:/st/stm32cubeide_1.0.2/stm32cubeide/plugins/com.st.stm32cube.ide.mcu.externaltools.gnu-tools-for-stm32.9-2020-q2-update.win32_1.5.0.202011040924/tools/bin/../lib/gcc/arm-none-eabi/9.3.1/thumb/v7e-m+fp/hard/crtn.o
                0x0000000020020000                _estack = (ORIGIN (RAM) + LENGTH (RAM))
                0x0000000000000200                _Min_Heap_Size = 0x200
                0x0000000000000400                _Min_Stack_Size = 0x400

.isr_vector     0x0000000008000000      0x188
                0x0000000008000000                . = ALIGN (0x4)
 *(.isr_vector)
 .isr_vector    0x0000000008000000      0x188 Core/Startup/startup_stm32f405rgtx.o
                0x0000000008000000                g_pfnVectors
                0x0000000008000188                . = ALIGN (0x4)

.text           0x0000000008000190     0xac34
                0x0000000008000190                . = ALIGN (0x4)
 *(.text)
 .text          0x0000000008000190       0x40 c:/st/stm32cubeide_1.0.2/stm32cubeide/plugins/com.st.stm32cube.ide.mcu.externaltools.gnu-tools-for-stm32.9-2020-q2-update.win32_1.5.0.202011040924/tools/bin/../lib/gcc/arm-none-eabi/9.3.1/thumb/v7e-m+fp/hard/crtbegin.o
 .text          0x00000000080001d0       0x10 c:/st/stm32cubeide_1.0.2/stm32cubeide/plugins/com.st.stm32cube.ide.mcu.externaltools.gnu-tools-for-stm32.9-2020-q2-update.win32_1.5.0.202011040924/tools/bin/../lib/gcc/arm-none-eabi/9.3.1/../../../../arm-none-eabi/lib/thumb/v7e-m+fp/hard\libc_nano.a(lib_a-strlen.o)
                0x00000000080001d0                strlen
 .text          0x00000000080001e0       0xa0 c:/st/stm32cubeide_1.0.2/stm32cubeide/plugins/com.st.stm32cube.ide.mcu.externaltools.gnu-tools-for-stm32.9-2020-q2-update.win32_1.5.0.202011040924/tools/bin/../lib/gcc/arm-none-eabi/9.3.1/../../../../arm-none-eabi/lib/thumb/v7e-m+fp/hard\libc_nano.a(lib_a-memchr.o)
                0x00000000080001e0                memchr
 .text          0x0000000008000280      0x378 c:/st/stm32cubeide_1.0.2/stm32cubeide/plugins/com.st.stm32cube.ide.mcu.externaltools.gnu-tools-for-stm32.9-2020-q2-update.win32_1.5.0.202011040924/tools/bin/../lib/gcc/arm-none-eabi/9.3.1/thumb/v7e-m+fp/hard\libgcc.a(_arm_addsubdf3.o)
                0x0000000008000280                __aeabi_drsub
                0x0000000008000288                __aeabi_dsub
                0x0000000008000288                __subdf3
                0x000000000800028c                __aeabi_dadd
                0x000000000800028c                __adddf3
                0x0000000008000504                __floatunsidf
                0x0000000008000504                __aeabi_ui2d
                0x0000000008000524                __floatsidf
                0x0000000008000524                __aeabi_i2d
                0x0000000008000548                __aeabi_f2d
                0x0000000008000548                __extendsfdf2
                0x000000000800058c                __floatundidf
                0x000000000800058c                __aeabi_ul2d
                0x000000000800059c                __floatdidf
                0x000000000800059c                __aeabi_l2d
 .text          0x00000000080005f8      0x424 c:/st/stm32cubeide_1.0.2/stm32cubeide/plugins/com.st.stm32cube.ide.mcu.externaltools.gnu-tools-for-stm32.9-2020-q2-update.win32_1.5.0.202011040924/tools/bin/../lib/gcc/arm-none-eabi/9.3.1/thumb/v7e-m+fp/hard\libgcc.a(_arm_muldivdf3.o)
                0x00000000080005f8                __aeabi_dmul
                0x00000000080005f8                __muldf3
                0x000000000800084c                __divdf3
                0x000000000800084c                __aeabi_ddiv
 .text          0x0000000008000a1c      0x110 c:/st/stm32cubeide_1.0.2/stm32cubeide/plugins/com.st.stm32cube.ide.mcu.externaltools.gnu-tools-for-stm32.9-2020-q2-update.win32_1.5.0.202011040924/tools/bin/../lib/gcc/arm-none-eabi/9.3.1/thumb/v7e-m+fp/hard\libgcc.a(_arm_cmpdf2.o)
                0x0000000008000a1c                __gtdf2
                0x0000000008000a1c                __gedf2
                0x0000000008000a24                __ltdf2
                0x0000000008000a24                __ledf2
                0x0000000008000a2c                __nedf2
                0x0000000008000a2c                __eqdf2
                0x0000000008000a2c                __cmpdf2
                0x0000000008000aa8                __aeabi_cdrcmple
                0x0000000008000ab8                __aeabi_cdcmpeq
                0x0000000008000ab8                __aeabi_cdcmple
                0x0000000008000ac8                __aeabi_dcmpeq
                0x0000000008000adc                __aeabi_dcmplt
                0x0000000008000af0                __aeabi_dcmple
                0x0000000008000b04                __aeabi_dcmpge
                0x0000000008000b18                __aeabi_dcmpgt
 .text          0x0000000008000b2c       0x2c c:/st/stm32cubeide_1.0.2/stm32cubeide/plugins/com.st.stm32cube.ide.mcu.externaltools.gnu-tools-for-stm32.9-2020-q2-update.win32_1.5.0.202011040924/tools/bin/../lib/gcc/arm-none-eabi/9.3.1/thumb/v7e-m+fp/hard\libgcc.a(_arm_unorddf2.o)
                0x0000000008000b2c                __unorddf2
                0x0000000008000b2c                __aeabi_dcmpun
 .text          0x0000000008000b58       0x50 c:/st/stm32cubeide_1.0.2/stm32cubeide/plugins/com.st.stm32cube.ide.mcu.externaltools.gnu-tools-for-stm32.9-2020-q2-update.win32_1.5.0.202011040924/tools/bin/../lib/gcc/arm-none-eabi/9.3.1/thumb/v7e-m+fp/hard\libgcc.a(_arm_fixdfsi.o)
                0x0000000008000b58                __aeabi_d2iz
                0x0000000008000b58                __fixdfsi
 .text          0x0000000008000ba8       0x30 c:/st/stm32cubeide_1.0.2/stm32cubeide/plugins/com.st.stm32cube.ide.mcu.externaltools.gnu-tools-for-stm32.9-2020-q2-update.win32_1.5.0.202011040924/tools/bin/../lib/gcc/arm-none-eabi/9.3.1/thumb/v7e-m+fp/hard\libgcc.a(_aeabi_uldivmod.o)
                0x0000000008000ba8                __aeabi_uldivmod
 .text          0x0000000008000bd8      0x2c4 c:/st/stm32cubeide_1.0.2/stm32cubeide/plugins/com.st.stm32cube.ide.mcu.externaltools.gnu-tools-for-stm32.9-2020-q2-update.win32_1.5.0.202011040924/tools/bin/../lib/gcc/arm-none-eabi/9.3.1/thumb/v7e-m+fp/hard\libgcc.a(_udivmoddi4.o)
                0x0000000008000bd8                __udivmoddi4
 .text          0x0000000008000e9c        0x4 c:/st/stm32cubeide_1.0.2/stm32cubeide/plugins/com.st.stm32cube.ide.mcu.externaltools.gnu-tools-for-stm32.9-2020-q2-update.win32_1.5.0.202011040924/tools/bin/../lib/gcc/arm-none-eabi/9.3.1/thumb/v7e-m+fp/hard\libgcc.a(_dvmd_tls.o)
                0x0000000008000e9c                __aeabi_idiv0
                0x0000000008000e9c                __aeabi_ldiv0
 *(.text*)
 .text.callbackTIM
                0x0000000008000ea0       0x38 Core/Src/Controller/callback.o
                0x0000000008000ea0                callbackTIM
 .text.modeSelect
                0x0000000008000ed8      0x14c Core/Src/Controller/mode.o
                0x0000000008000ed8                modeSelect
 .text.waitStarting
                0x0000000008001024       0x58 Core/Src/Controller/mode.o
                0x0000000008001024                waitStarting
 .text.judgeFailSafe
                0x000000000800107c       0xb8 Core/Src/Controller/mode.o
                0x000000000800107c                judgeFailSafe
 .text.errorFunctions
                0x0000000008001134       0x78 Core/Src/Controller/mode.o
                0x0000000008001134                errorFunctions
 .text.rotateSafteyR180
                0x00000000080011ac       0x3c Core/Src/Controller/search.o
                0x00000000080011ac                rotateSafteyR180
 .text.prepareStateForSearching
                0x00000000080011e8       0x60 Core/Src/Controller/search.o
                0x00000000080011e8                prepareStateForSearching
 .text.searchMazeBySlalom
                0x0000000008001248      0x1dc Core/Src/Controller/search.o
                0x0000000008001248                searchMazeBySlalom
 .text.CheckGoal
                0x0000000008001424       0xcc Core/Src/Controller/search.o
                0x0000000008001424                CheckGoal
 .text.calculatePID
                0x00000000080014f0      0x118 Core/Src/Controller/state.o
                0x00000000080014f0                calculatePID
 .text.calculateTargetVelocity
                0x0000000008001608       0xc4 Core/Src/Controller/state.o
                0x0000000008001608                calculateTargetVelocity
 .text.calculateTagetOmega
                0x00000000080016cc       0xc4 Core/Src/Controller/state.o
                0x00000000080016cc                calculateTagetOmega
 .text.setStatus
                0x0000000008001790       0x6e Core/Src/Controller/state.o
                0x0000000008001790                setStatus
 .text.setParameters
                0x00000000080017fe       0x4e Core/Src/Controller/state.o
                0x00000000080017fe                setParameters
 .text.initMouseStatus
                0x000000000800184c      0x248 Core/Src/Controller/state.o
                0x000000000800184c                initMouseStatus
 .text.updateStatus
                0x0000000008001a94      0x330 Core/Src/Controller/state.o
                0x0000000008001a94                updateStatus
 .text.prepareForTest
                0x0000000008001dc4       0x58 Core/Src/Controller/test.o
                0x0000000008001dc4                prepareForTest
 .text.testWallSensors
                0x0000000008001e1c       0x60 Core/Src/Controller/test.o
                0x0000000008001e1c                testWallSensors
 .text.testEncoders
                0x0000000008001e7c       0x64 Core/Src/Controller/test.o
                0x0000000008001e7c                testEncoders
 .text.testIMU  0x0000000008001ee0       0x34 Core/Src/Controller/test.o
                0x0000000008001ee0                testIMU
 .text.LL_SPI_Enable
                0x0000000008001f14       0x20 Core/Src/Hardware/ICM20689.o
 .text.LL_SPI_IsEnabled
                0x0000000008001f34       0x26 Core/Src/Hardware/ICM20689.o
 .text.LL_SPI_IsActiveFlag_RXNE
                0x0000000008001f5a       0x26 Core/Src/Hardware/ICM20689.o
 .text.LL_SPI_IsActiveFlag_TXE
                0x0000000008001f80       0x26 Core/Src/Hardware/ICM20689.o
 .text.LL_SPI_ReceiveData8
                0x0000000008001fa6       0x1a Core/Src/Hardware/ICM20689.o
 .text.LL_SPI_TransmitData8
                0x0000000008001fc0       0x24 Core/Src/Hardware/ICM20689.o
 .text.LL_GPIO_SetOutputPin
                0x0000000008001fe4       0x1c Core/Src/Hardware/ICM20689.o
 .text.LL_GPIO_ResetOutputPin
                0x0000000008002000       0x1e Core/Src/Hardware/ICM20689.o
 *fill*         0x000000000800201e        0x2 
 .text.SPI_Control
                0x0000000008002020       0x9c Core/Src/Hardware/ICM20689.o
                0x0000000008002020                SPI_Control
 .text.readByte
                0x00000000080020bc       0x38 Core/Src/Hardware/ICM20689.o
                0x00000000080020bc                readByte
 .text.writeByte
                0x00000000080020f4       0x3c Core/Src/Hardware/ICM20689.o
                0x00000000080020f4                writeByte
 .text.initIMU  0x0000000008002130       0xb0 Core/Src/Hardware/ICM20689.o
                0x0000000008002130                initIMU
 .text.readGyroOmegaZ
                0x00000000080021e0       0x4c Core/Src/Hardware/ICM20689.o
                0x00000000080021e0                readGyroOmegaZ
 .text.readGyroAccelX
                0x000000000800222c       0x4c Core/Src/Hardware/ICM20689.o
                0x000000000800222c                readGyroAccelX
 .text.LL_TIM_EnableCounter
                0x0000000008002278       0x20 Core/Src/Hardware/basic_timer.o
 .text.LL_TIM_DisableCounter
                0x0000000008002298       0x20 Core/Src/Hardware/basic_timer.o
 .text.LL_TIM_EnableIT_UPDATE
                0x00000000080022b8       0x20 Core/Src/Hardware/basic_timer.o
 .text.LL_TIM_DisableIT_UPDATE
                0x00000000080022d8       0x20 Core/Src/Hardware/basic_timer.o
 .text.basicTimerStart
                0x00000000080022f8       0x18 Core/Src/Hardware/basic_timer.o
                0x00000000080022f8                basicTimerStart
 .text.basicTimerPause
                0x0000000008002310       0x18 Core/Src/Hardware/basic_timer.o
                0x0000000008002310                basicTimerPause
 .text.waitMs   0x0000000008002328       0x1a Core/Src/Hardware/basic_timer.o
                0x0000000008002328                waitMs
 *fill*         0x0000000008002342        0x2 
 .text.waitUs   0x0000000008002344       0x54 Core/Src/Hardware/basic_timer.o
                0x0000000008002344                waitUs
 .text.readBatteryCheck
                0x0000000008002398       0x28 Core/Src/Hardware/battery.o
                0x0000000008002398                readBatteryCheck
 .text.LL_TIM_EnableCounter
                0x00000000080023c0       0x20 Core/Src/Hardware/buzzer.o
 .text.LL_TIM_SetCounter
                0x00000000080023e0       0x1c Core/Src/Hardware/buzzer.o
 .text.LL_TIM_SetAutoReload
                0x00000000080023fc       0x1c Core/Src/Hardware/buzzer.o
 .text.LL_TIM_CC_EnableChannel
                0x0000000008002418       0x22 Core/Src/Hardware/buzzer.o
 .text.LL_TIM_OC_SetCompareCH4
                0x000000000800243a       0x1c Core/Src/Hardware/buzzer.o
 .text.LL_TIM_EnableAllOutputs
                0x0000000008002456       0x20 Core/Src/Hardware/buzzer.o
 *fill*         0x0000000008002476        0x2 
 .text.enableMelody
                0x0000000008002478       0x24 Core/Src/Hardware/buzzer.o
                0x0000000008002478                enableMelody
 .text.stopMelody
                0x000000000800249c       0x14 Core/Src/Hardware/buzzer.o
                0x000000000800249c                stopMelody
 .text.Melody   0x00000000080024b0       0x58 Core/Src/Hardware/buzzer.o
                0x00000000080024b0                Melody
 .text.LL_TIM_EnableCounter
                0x0000000008002508       0x20 Core/Src/Hardware/encoder.o
 .text.LL_TIM_DisableCounter
                0x0000000008002528       0x20 Core/Src/Hardware/encoder.o
 .text.enableEncoder
                0x0000000008002548       0x28 Core/Src/Hardware/encoder.o
                0x0000000008002548                enableEncoder
 .text.disableEncoder
                0x0000000008002570       0x1c Core/Src/Hardware/encoder.o
                0x0000000008002570                disableEncoder
 .text.getEncoderData
                0x000000000800258c       0x64 Core/Src/Hardware/encoder.o
                0x000000000800258c                getEncoderData
 .text.FLASH_Lock
                0x00000000080025f0       0x20 Core/Src/Hardware/flash.o
 .text.FLASH_Unlock
                0x0000000008002610       0x28 Core/Src/Hardware/flash.o
 .text.FLASH_WaitBusy
                0x0000000008002638       0x24 Core/Src/Hardware/flash.o
                0x0000000008002638                FLASH_WaitBusy
 .text.FLASH_WriteByte
                0x000000000800265c       0x50 Core/Src/Hardware/flash.o
                0x000000000800265c                FLASH_WriteByte
 .text.FLASH_WriteData
                0x00000000080026ac       0x34 Core/Src/Hardware/flash.o
                0x00000000080026ac                FLASH_WriteData
 .text.FLASH_ReadData
                0x00000000080026e0       0x24 Core/Src/Hardware/flash.o
                0x00000000080026e0                FLASH_ReadData
 .text.FLASH_Erase
                0x0000000008002704       0x3c Core/Src/Hardware/flash.o
                0x0000000008002704                FLASH_Erase
 .text.setLED1State
                0x0000000008002740       0x34 Core/Src/Hardware/interface_LED.o
                0x0000000008002740                setLED1State
 .text.setLED2State
                0x0000000008002774       0x34 Core/Src/Hardware/interface_LED.o
                0x0000000008002774                setLED2State
 .text.setLED3State
                0x00000000080027a8       0x34 Core/Src/Hardware/interface_LED.o
                0x00000000080027a8                setLED3State
 .text.setLED4State
                0x00000000080027dc       0x30 Core/Src/Hardware/interface_LED.o
                0x00000000080027dc                setLED4State
 .text.setLED5State
                0x000000000800280c       0x30 Core/Src/Hardware/interface_LED.o
                0x000000000800280c                setLED5State
 .text.displayBinaryValueWithLEDs
                0x000000000800283c       0x58 Core/Src/Hardware/interface_LED.o
                0x000000000800283c                displayBinaryValueWithLEDs
 .text.LL_TIM_EnableCounter
                0x0000000008002894       0x20 Core/Src/Hardware/motor.o
 .text.LL_TIM_DisableCounter
                0x00000000080028b4       0x20 Core/Src/Hardware/motor.o
 .text.LL_TIM_SetCounter
                0x00000000080028d4       0x1c Core/Src/Hardware/motor.o
 .text.LL_TIM_CC_EnableChannel
                0x00000000080028f0       0x22 Core/Src/Hardware/motor.o
 .text.LL_TIM_CC_DisableChannel
                0x0000000008002912       0x24 Core/Src/Hardware/motor.o
 .text.LL_TIM_OC_SetCompareCH1
                0x0000000008002936       0x1c Core/Src/Hardware/motor.o
 .text.LL_TIM_OC_SetCompareCH2
                0x0000000008002952       0x1c Core/Src/Hardware/motor.o
 .text.LL_TIM_EnableAllOutputs
                0x000000000800296e       0x20 Core/Src/Hardware/motor.o
 .text.LL_GPIO_SetOutputPin
                0x000000000800298e       0x1c Core/Src/Hardware/motor.o
 .text.LL_GPIO_ResetOutputPin
                0x00000000080029aa       0x1e Core/Src/Hardware/motor.o
 .text.setMotorDriverState
                0x00000000080029c8       0x3c Core/Src/Hardware/motor.o
                0x00000000080029c8                setMotorDriverState
 .text.enableMotors
                0x0000000008002a04       0x90 Core/Src/Hardware/motor.o
                0x0000000008002a04                enableMotors
 .text.setMotorDirection
                0x0000000008002a94       0x80 Core/Src/Hardware/motor.o
                0x0000000008002a94                setMotorDirection
 .text.dutyConverter
                0x0000000008002b14       0x6c Core/Src/Hardware/motor.o
                0x0000000008002b14                dutyConverter
 .text.driveMotors
                0x0000000008002b80       0xa4 Core/Src/Hardware/motor.o
                0x0000000008002b80                driveMotors
 .text.shutdownMotors
                0x0000000008002c24       0x44 Core/Src/Hardware/motor.o
                0x0000000008002c24                shutdownMotors
 .text.LL_ADC_DMA_GetRegAddr
                0x0000000008002c68       0x34 Core/Src/Hardware/wall_sensor.o
 .text.LL_ADC_Enable
                0x0000000008002c9c       0x20 Core/Src/Hardware/wall_sensor.o
 .text.LL_ADC_REG_StartConversionSWStart
                0x0000000008002cbc       0x20 Core/Src/Hardware/wall_sensor.o
 .text.LL_ADC_ClearFlag_EOCS
                0x0000000008002cdc       0x1c Core/Src/Hardware/wall_sensor.o
 .text.LL_DMA_EnableStream
                0x0000000008002cf8       0x40 Core/Src/Hardware/wall_sensor.o
 .text.LL_DMA_DisableStream
                0x0000000008002d38       0x40 Core/Src/Hardware/wall_sensor.o
 .text.LL_DMA_SetDataLength
                0x0000000008002d78       0x48 Core/Src/Hardware/wall_sensor.o
 .text.LL_DMA_ConfigAddresses
                0x0000000008002dc0       0x78 Core/Src/Hardware/wall_sensor.o
 .text.LL_DMA_EnableIT_TC
                0x0000000008002e38       0x40 Core/Src/Hardware/wall_sensor.o
 .text.ADC1_Start_DMA2
                0x0000000008002e78       0x54 Core/Src/Hardware/wall_sensor.o
                0x0000000008002e78                ADC1_Start_DMA2
 .text.changeFrontCenterLED
                0x0000000008002ecc       0x30 Core/Src/Hardware/wall_sensor.o
                0x0000000008002ecc                changeFrontCenterLED
 .text.changeFrontRightLED
                0x0000000008002efc       0x30 Core/Src/Hardware/wall_sensor.o
                0x0000000008002efc                changeFrontRightLED
 .text.changeFrontLeftLED
                0x0000000008002f2c       0x30 Core/Src/Hardware/wall_sensor.o
                0x0000000008002f2c                changeFrontLeftLED
 .text.changeRightLED
                0x0000000008002f5c       0x30 Core/Src/Hardware/wall_sensor.o
                0x0000000008002f5c                changeRightLED
 .text.changeLeftLED
                0x0000000008002f8c       0x30 Core/Src/Hardware/wall_sensor.o
                0x0000000008002f8c                changeLeftLED
 .text.changeLEDs
                0x0000000008002fbc       0x6c Core/Src/Hardware/wall_sensor.o
                0x0000000008002fbc                changeLEDs
 .text.getWallADC
                0x0000000008003028       0x24 Core/Src/Hardware/wall_sensor.o
                0x0000000008003028                getWallADC
 .text.startADCwithDMA
                0x000000000800304c       0x24 Core/Src/Hardware/wall_sensor.o
                0x000000000800304c                startADCwithDMA
 .text.DMA_CallbackTask
                0x0000000008003070       0x18 Core/Src/Hardware/wall_sensor.o
                0x0000000008003070                DMA_CallbackTask
 .text.setControlFlags
                0x0000000008003088       0x74 Core/Src/System/flags.o
                0x0000000008003088                setControlFlags
 .text.setAccelFlags
                0x00000000080030fc       0x74 Core/Src/System/flags.o
                0x00000000080030fc                setAccelFlags
 .text.deleteWallMap
                0x0000000008003170       0xe4 Core/Src/System/map.o
                0x0000000008003170                deleteWallMap
 .text.updateWallMap
                0x0000000008003254      0x244 Core/Src/System/map.o
                0x0000000008003254                updateWallMap
 .text.makeStepMap
                0x0000000008003498      0x264 Core/Src/System/map.o
                0x0000000008003498                makeStepMap
 .text.MakeRoute_NESW
                0x00000000080036fc      0x254 Core/Src/System/map.o
                0x00000000080036fc                MakeRoute_NESW
 .text.ConfRoute_NESW
                0x0000000008003950       0x50 Core/Src/System/map.o
                0x0000000008003950                ConfRoute_NESW
 .text.advancePosition
                0x00000000080039a0       0x6c Core/Src/System/map.o
                0x00000000080039a0                advancePosition
 .text.changeDirection
                0x0000000008003a0c       0x38 Core/Src/System/map.o
                0x0000000008003a0c                changeDirection
 .text.setMapStruct
                0x0000000008003a44       0x52 Core/Src/System/map.o
                0x0000000008003a44                setMapStruct
 *fill*         0x0000000008003a96        0x2 
 .text.prepareMapForSearch
                0x0000000008003a98       0x64 Core/Src/System/map.o
                0x0000000008003a98                prepareMapForSearch
 .text.saveWallMap
                0x0000000008003afc       0x5c Core/Src/System/map.o
                0x0000000008003afc                saveWallMap
 .text.loadWallMap
                0x0000000008003b58       0x5c Core/Src/System/map.o
                0x0000000008003b58                loadWallMap
 .text.driveAccelMotion
                0x0000000008003bb4      0x1a4 Core/Src/System/motion.o
                0x0000000008003bb4                driveAccelMotion
 .text.spinMotion
                0x0000000008003d58      0x1c4 Core/Src/System/motion.o
                0x0000000008003d58                spinMotion
 .text.slalomMotion
                0x0000000008003f1c      0x1bc Core/Src/System/motion.o
                0x0000000008003f1c                slalomMotion
 .text.moveHalfSectionAccel
                0x00000000080040d8       0x4c Core/Src/System/motion.o
                0x00000000080040d8                moveHalfSectionAccel
 .text.moveHalfSectionDecel
                0x0000000008004124       0x2c Core/Src/System/motion.o
                0x0000000008004124                moveHalfSectionDecel
 .text.moveOneSectionAccel
                0x0000000008004150       0x3c Core/Src/System/motion.o
                0x0000000008004150                moveOneSectionAccel
 .text.fixPostureByWallSensor
                0x000000000800418c       0x54 Core/Src/System/motion.o
                0x000000000800418c                fixPostureByWallSensor
 .text.spinRight180
                0x00000000080041e0       0x1c Core/Src/System/motion.o
                0x00000000080041e0                spinRight180
 .text.moveSlalomR90
                0x00000000080041fc       0x58 Core/Src/System/motion.o
                0x00000000080041fc                moveSlalomR90
 .text.moveSlalomL90
                0x0000000008004254       0x58 Core/Src/System/motion.o
                0x0000000008004254                moveSlalomL90
 .text.backMotion
                0x00000000080042ac      0x118 Core/Src/System/motion.o
                0x00000000080042ac                backMotion
 .text.MelodySummer
                0x00000000080043c4       0x5a Core/Src/System/music.o
                0x00000000080043c4                MelodySummer
 .text.MelodyGoal
                0x000000000800441e       0x2c Core/Src/System/music.o
                0x000000000800441e                MelodyGoal
 .text.MelodyUrara
                0x000000000800444a       0x94 Core/Src/System/music.o
                0x000000000800444a                MelodyUrara
 .text.MelodyMrLawrence
                0x00000000080044de       0xb0 Core/Src/System/music.o
                0x00000000080044de                MelodyMrLawrence
 .text.MelodyNatsumatsuri
                0x000000000800458e       0x58 Core/Src/System/music.o
                0x000000000800458e                MelodyNatsumatsuri
 *fill*         0x00000000080045e6        0x2 
 .text.getEncoderVelocity
                0x00000000080045e8       0x30 Core/Src/System/sensing.o
                0x00000000080045e8                getEncoderVelocity
 .text.getCenterMileage
                0x0000000008004618       0xb4 Core/Src/System/sensing.o
                0x0000000008004618                getCenterMileage
 .text.addAngle
                0x00000000080046cc       0x38 Core/Src/System/sensing.o
                0x00000000080046cc                addAngle
 .text.getCenterVelocity
                0x0000000008004704       0x3c Core/Src/System/sensing.o
                0x0000000008004704                getCenterVelocity
 .text.getOmega
                0x0000000008004740       0x1c Core/Src/System/sensing.o
                0x0000000008004740                getOmega
 .text.getWallSensorOffset
                0x000000000800475c       0x7c Core/Src/System/sensing.o
                0x000000000800475c                getWallSensorOffset
 .text.getWallSensor
                0x00000000080047d8       0x94 Core/Src/System/sensing.o
                0x00000000080047d8                getWallSensor
 .text.getOmegaOffset
                0x000000000800486c       0x68 Core/Src/System/sensing.o
                0x000000000800486c                getOmegaOffset
 .text.getAccelOffset
                0x00000000080048d4       0x68 Core/Src/System/sensing.o
                0x00000000080048d4                getAccelOffset
 .text.getWallInfo
                0x000000000800493c       0x54 Core/Src/System/sensing.o
                0x000000000800493c                getWallInfo
 .text.initSensors
                0x0000000008004990       0x24 Core/Src/System/sensing.o
                0x0000000008004990                initSensors
 .text.updateSensors
                0x00000000080049b4       0xb0 Core/Src/System/sensing.o
                0x00000000080049b4                updateSensors
 .text.getOffsets
                0x0000000008004a64       0x30 Core/Src/System/sensing.o
                0x0000000008004a64                getOffsets
 .text.LL_ADC_REG_SetSequencerRanks
                0x0000000008004a94       0x6c Core/Src/adc.o
 .text.LL_ADC_REG_SetFlagEndOfConversion
                0x0000000008004b00       0x26 Core/Src/adc.o
 .text.LL_ADC_SetChannelSamplingTime
                0x0000000008004b26       0x98 Core/Src/adc.o
 *fill*         0x0000000008004bbe        0x2 
 .text.LL_DMA_SetDataTransferDirection
                0x0000000008004bc0       0x48 Core/Src/adc.o
 .text.LL_DMA_SetMode
                0x0000000008004c08       0x48 Core/Src/adc.o
 .text.LL_DMA_SetPeriphIncMode
                0x0000000008004c50       0x48 Core/Src/adc.o
 .text.LL_DMA_SetMemoryIncMode
                0x0000000008004c98       0x48 Core/Src/adc.o
 .text.LL_DMA_SetPeriphSize
                0x0000000008004ce0       0x48 Core/Src/adc.o
 .text.LL_DMA_SetMemorySize
                0x0000000008004d28       0x48 Core/Src/adc.o
 .text.LL_DMA_SetStreamPriorityLevel
                0x0000000008004d70       0x48 Core/Src/adc.o
 .text.LL_DMA_SetChannelSelection
                0x0000000008004db8       0x48 Core/Src/adc.o
 .text.LL_DMA_DisableFifoMode
                0x0000000008004e00       0x40 Core/Src/adc.o
 .text.LL_AHB1_GRP1_EnableClock
                0x0000000008004e40       0x30 Core/Src/adc.o
 .text.LL_APB2_GRP1_EnableClock
                0x0000000008004e70       0x30 Core/Src/adc.o
 .text.MX_ADC1_Init
                0x0000000008004ea0      0x1b8 Core/Src/adc.o
                0x0000000008004ea0                MX_ADC1_Init
 .text.__NVIC_GetPriorityGrouping
                0x0000000008005058       0x1c Core/Src/dma.o
 .text.__NVIC_EnableIRQ
                0x0000000008005074       0x3c Core/Src/dma.o
 .text.__NVIC_SetPriority
                0x00000000080050b0       0x54 Core/Src/dma.o
 .text.NVIC_EncodePriority
                0x0000000008005104       0x66 Core/Src/dma.o
 *fill*         0x000000000800516a        0x2 
 .text.LL_AHB1_GRP1_EnableClock
                0x000000000800516c       0x30 Core/Src/dma.o
 .text.MX_DMA_Init
                0x000000000800519c       0x30 Core/Src/dma.o
                0x000000000800519c                MX_DMA_Init
 .text.LL_AHB1_GRP1_EnableClock
                0x00000000080051cc       0x30 Core/Src/gpio.o
 .text.LL_GPIO_ResetOutputPin
                0x00000000080051fc       0x1e Core/Src/gpio.o
 *fill*         0x000000000800521a        0x2 
 .text.MX_GPIO_Init
                0x000000000800521c      0x104 Core/Src/gpio.o
                0x000000000800521c                MX_GPIO_Init
 .text.__NVIC_SetPriorityGrouping
                0x0000000008005320       0x48 Core/Src/main.o
 .text.LL_RCC_HSI_Enable
                0x0000000008005368       0x20 Core/Src/main.o
 .text.LL_RCC_HSI_IsReady
                0x0000000008005388       0x24 Core/Src/main.o
 .text.LL_RCC_HSI_SetCalibTrimming
                0x00000000080053ac       0x2c Core/Src/main.o
 .text.LL_RCC_SetSysClkSource
                0x00000000080053d8       0x28 Core/Src/main.o
 .text.LL_RCC_GetSysClkSource
                0x0000000008005400       0x1c Core/Src/main.o
 .text.LL_RCC_SetAHBPrescaler
                0x000000000800541c       0x28 Core/Src/main.o
 .text.LL_RCC_SetAPB1Prescaler
                0x0000000008005444       0x28 Core/Src/main.o
 .text.LL_RCC_SetAPB2Prescaler
                0x000000000800546c       0x28 Core/Src/main.o
 .text.LL_RCC_PLL_Enable
                0x0000000008005494       0x20 Core/Src/main.o
 .text.LL_RCC_PLL_IsReady
                0x00000000080054b4       0x28 Core/Src/main.o
 .text.LL_RCC_PLL_ConfigDomain_SYS
                0x00000000080054dc       0x4c Core/Src/main.o
 .text.LL_APB1_GRP1_EnableClock
                0x0000000008005528       0x30 Core/Src/main.o
 .text.LL_APB2_GRP1_EnableClock
                0x0000000008005558       0x30 Core/Src/main.o
 .text.LL_FLASH_SetLatency
                0x0000000008005588       0x28 Core/Src/main.o
 .text.LL_FLASH_GetLatency
                0x00000000080055b0       0x1c Core/Src/main.o
 .text.LL_PWR_SetRegulVoltageScaling
                0x00000000080055cc       0x28 Core/Src/main.o
 .text.LL_USART_IsActiveFlag_TXE
                0x00000000080055f4       0x26 Core/Src/main.o
 .text.LL_USART_TransmitData8
                0x000000000800561a       0x1e Core/Src/main.o
 .text.__io_putchar
                0x0000000008005638       0x54 Core/Src/main.o
                0x0000000008005638                __io_putchar
 .text.main     0x000000000800568c      0x3a4 Core/Src/main.o
                0x000000000800568c                main
 .text.SystemClock_Config
                0x0000000008005a30       0x8c Core/Src/main.o
                0x0000000008005a30                SystemClock_Config
 .text.LL_AHB1_GRP1_EnableClock
                0x0000000008005abc       0x30 Core/Src/spi.o
 .text.LL_APB1_GRP1_EnableClock
                0x0000000008005aec       0x30 Core/Src/spi.o
 .text.LL_SPI_SetStandard
                0x0000000008005b1c       0x26 Core/Src/spi.o
 *fill*         0x0000000008005b42        0x2 
 .text.MX_SPI3_Init
                0x0000000008005b44       0xa8 Core/Src/spi.o
                0x0000000008005b44                MX_SPI3_Init
 .text.LL_DMA_IsActiveFlag_TC0
                0x0000000008005bec       0x26 Core/Src/stm32f4xx_it.o
 .text.LL_DMA_ClearFlag_TC0
                0x0000000008005c12       0x1a Core/Src/stm32f4xx_it.o
 .text.LL_TIM_ClearFlag_UPDATE
                0x0000000008005c2c       0x1c Core/Src/stm32f4xx_it.o
 .text.LL_TIM_IsActiveFlag_UPDATE
                0x0000000008005c48       0x26 Core/Src/stm32f4xx_it.o
 .text.NMI_Handler
                0x0000000008005c6e        0x6 Core/Src/stm32f4xx_it.o
                0x0000000008005c6e                NMI_Handler
 .text.HardFault_Handler
                0x0000000008005c74        0x6 Core/Src/stm32f4xx_it.o
                0x0000000008005c74                HardFault_Handler
 .text.MemManage_Handler
                0x0000000008005c7a        0x6 Core/Src/stm32f4xx_it.o
                0x0000000008005c7a                MemManage_Handler
 .text.BusFault_Handler
                0x0000000008005c80        0x6 Core/Src/stm32f4xx_it.o
                0x0000000008005c80                BusFault_Handler
 .text.UsageFault_Handler
                0x0000000008005c86        0x6 Core/Src/stm32f4xx_it.o
                0x0000000008005c86                UsageFault_Handler
 .text.SVC_Handler
                0x0000000008005c8c        0xe Core/Src/stm32f4xx_it.o
                0x0000000008005c8c                SVC_Handler
 .text.DebugMon_Handler
                0x0000000008005c9a        0xe Core/Src/stm32f4xx_it.o
                0x0000000008005c9a                DebugMon_Handler
 .text.PendSV_Handler
                0x0000000008005ca8        0xe Core/Src/stm32f4xx_it.o
                0x0000000008005ca8                PendSV_Handler
 .text.SysTick_Handler
                0x0000000008005cb6        0xe Core/Src/stm32f4xx_it.o
                0x0000000008005cb6                SysTick_Handler
 .text.TIM5_IRQHandler
                0x0000000008005cc4       0x24 Core/Src/stm32f4xx_it.o
                0x0000000008005cc4                TIM5_IRQHandler
 .text.DMA2_Stream0_IRQHandler
                0x0000000008005ce8       0x24 Core/Src/stm32f4xx_it.o
                0x0000000008005ce8                DMA2_Stream0_IRQHandler
 .text._getpid  0x0000000008005d0c       0x10 Core/Src/syscalls.o
                0x0000000008005d0c                _getpid
 .text._kill    0x0000000008005d1c       0x20 Core/Src/syscalls.o
                0x0000000008005d1c                _kill
 .text._exit    0x0000000008005d3c       0x14 Core/Src/syscalls.o
                0x0000000008005d3c                _exit
 .text._read    0x0000000008005d50       0x3a Core/Src/syscalls.o
                0x0000000008005d50                _read
 .text._write   0x0000000008005d8a       0x38 Core/Src/syscalls.o
                0x0000000008005d8a                _write
 .text._close   0x0000000008005dc2       0x18 Core/Src/syscalls.o
                0x0000000008005dc2                _close
 .text._fstat   0x0000000008005dda       0x20 Core/Src/syscalls.o
                0x0000000008005dda                _fstat
 .text._isatty  0x0000000008005dfa       0x16 Core/Src/syscalls.o
                0x0000000008005dfa                _isatty
 .text._lseek   0x0000000008005e10       0x1a Core/Src/syscalls.o
                0x0000000008005e10                _lseek
 *fill*         0x0000000008005e2a        0x2 
 .text._sbrk    0x0000000008005e2c       0x6c Core/Src/sysmem.o
                0x0000000008005e2c                _sbrk
 .text.SystemInit
                0x0000000008005e98       0x2c Core/Src/system_stm32f4xx.o
                0x0000000008005e98                SystemInit
 .text.__NVIC_GetPriorityGrouping
                0x0000000008005ec4       0x1c Core/Src/tim.o
 .text.__NVIC_EnableIRQ
                0x0000000008005ee0       0x3c Core/Src/tim.o
 .text.__NVIC_SetPriority
                0x0000000008005f1c       0x54 Core/Src/tim.o
 .text.NVIC_EncodePriority
                0x0000000008005f70       0x66 Core/Src/tim.o
 *fill*         0x0000000008005fd6        0x2 
 .text.LL_AHB1_GRP1_EnableClock
                0x0000000008005fd8       0x30 Core/Src/tim.o
 .text.LL_APB1_GRP1_EnableClock
                0x0000000008006008       0x30 Core/Src/tim.o
 .text.LL_APB2_GRP1_EnableClock
                0x0000000008006038       0x30 Core/Src/tim.o
 .text.LL_TIM_EnableARRPreload
                0x0000000008006068       0x20 Core/Src/tim.o
 .text.LL_TIM_DisableARRPreload
                0x0000000008006088       0x20 Core/Src/tim.o
 .text.LL_TIM_OC_DisableFast
                0x00000000080060a8       0x8c Core/Src/tim.o
 .text.LL_TIM_OC_EnablePreload
                0x0000000008006134       0x88 Core/Src/tim.o
 .text.LL_TIM_IC_SetActiveInput
                0x00000000080061bc       0x9c Core/Src/tim.o
 .text.LL_TIM_IC_SetPrescaler
                0x0000000008006258       0x9c Core/Src/tim.o
 .text.LL_TIM_IC_SetFilter
                0x00000000080062f4       0x9c Core/Src/tim.o
 .text.LL_TIM_IC_SetPolarity
                0x0000000008006390       0x88 Core/Src/tim.o
 .text.LL_TIM_SetClockSource
                0x0000000008006418       0x2a Core/Src/tim.o
 .text.LL_TIM_SetEncoderMode
                0x0000000008006442       0x26 Core/Src/tim.o
 .text.LL_TIM_SetTriggerOutput
                0x0000000008006468       0x26 Core/Src/tim.o
 .text.LL_TIM_DisableMasterSlaveMode
                0x000000000800648e       0x20 Core/Src/tim.o
 *fill*         0x00000000080064ae        0x2 
 .text.MX_TIM1_Init
                0x00000000080064b0      0x130 Core/Src/tim.o
                0x00000000080064b0                MX_TIM1_Init
 .text.MX_TIM2_Init
                0x00000000080065e0       0xe8 Core/Src/tim.o
                0x00000000080065e0                MX_TIM2_Init
 .text.MX_TIM3_Init
                0x00000000080066c8       0xf4 Core/Src/tim.o
                0x00000000080066c8                MX_TIM3_Init
 .text.MX_TIM4_Init
                0x00000000080067bc       0xf4 Core/Src/tim.o
                0x00000000080067bc                MX_TIM4_Init
 .text.MX_TIM5_Init
                0x00000000080068b0       0x80 Core/Src/tim.o
                0x00000000080068b0                MX_TIM5_Init
 .text.MX_TIM6_Init
                0x0000000008006930       0x54 Core/Src/tim.o
                0x0000000008006930                MX_TIM6_Init
 .text.MX_TIM8_Init
                0x0000000008006984      0x134 Core/Src/tim.o
                0x0000000008006984                MX_TIM8_Init
 .text.MX_TIM11_Init
                0x0000000008006ab8       0xcc Core/Src/tim.o
                0x0000000008006ab8                MX_TIM11_Init
 .text.LL_AHB1_GRP1_EnableClock
                0x0000000008006b84       0x30 Core/Src/usart.o
 .text.LL_APB2_GRP1_EnableClock
                0x0000000008006bb4       0x30 Core/Src/usart.o
 .text.LL_USART_Enable
                0x0000000008006be4       0x20 Core/Src/usart.o
 .text.LL_USART_ConfigAsyncMode
                0x0000000008006c04       0x2c Core/Src/usart.o
 .text.MX_USART1_UART_Init
                0x0000000008006c30       0xa0 Core/Src/usart.o
                0x0000000008006c30                MX_USART1_UART_Init
 .text.Reset_Handler
                0x0000000008006cd0       0x50 Core/Startup/startup_stm32f405rgtx.o
                0x0000000008006cd0                Reset_Handler
 .text.Default_Handler
                0x0000000008006d20        0x2 Core/Startup/startup_stm32f405rgtx.o
                0x0000000008006d20                RTC_Alarm_IRQHandler
                0x0000000008006d20                HASH_RNG_IRQHandler
                0x0000000008006d20                EXTI2_IRQHandler
                0x0000000008006d20                TIM8_CC_IRQHandler
                0x0000000008006d20                TIM1_CC_IRQHandler
                0x0000000008006d20                DMA2_Stream5_IRQHandler
                0x0000000008006d20                DMA1_Stream5_IRQHandler
                0x0000000008006d20                PVD_IRQHandler
                0x0000000008006d20                SDIO_IRQHandler
                0x0000000008006d20                TAMP_STAMP_IRQHandler
                0x0000000008006d20                CAN2_RX1_IRQHandler
                0x0000000008006d20                EXTI3_IRQHandler
                0x0000000008006d20                TIM8_TRG_COM_TIM14_IRQHandler
                0x0000000008006d20                TIM1_UP_TIM10_IRQHandler
                0x0000000008006d20                TIM8_UP_TIM13_IRQHandler
                0x0000000008006d20                I2C3_ER_IRQHandler
                0x0000000008006d20                EXTI0_IRQHandler
                0x0000000008006d20                I2C2_EV_IRQHandler
                0x0000000008006d20                DMA1_Stream2_IRQHandler
                0x0000000008006d20                CAN1_RX0_IRQHandler
                0x0000000008006d20                FPU_IRQHandler
                0x0000000008006d20                OTG_HS_WKUP_IRQHandler
                0x0000000008006d20                CAN2_SCE_IRQHandler
                0x0000000008006d20                DMA2_Stream2_IRQHandler
                0x0000000008006d20                SPI1_IRQHandler
                0x0000000008006d20                TIM6_DAC_IRQHandler
                0x0000000008006d20                TIM1_BRK_TIM9_IRQHandler
                0x0000000008006d20                CAN2_RX0_IRQHandler
                0x0000000008006d20                DMA2_Stream3_IRQHandler
                0x0000000008006d20                USART6_IRQHandler
                0x0000000008006d20                USART3_IRQHandler
                0x0000000008006d20                CAN1_RX1_IRQHandler
                0x0000000008006d20                UART5_IRQHandler
                0x0000000008006d20                TIM4_IRQHandler
                0x0000000008006d20                I2C1_EV_IRQHandler
                0x0000000008006d20                DMA1_Stream6_IRQHandler
                0x0000000008006d20                DMA1_Stream1_IRQHandler
                0x0000000008006d20                UART4_IRQHandler
                0x0000000008006d20                TIM3_IRQHandler
                0x0000000008006d20                RCC_IRQHandler
                0x0000000008006d20                TIM8_BRK_TIM12_IRQHandler
                0x0000000008006d20                Default_Handler
                0x0000000008006d20                EXTI15_10_IRQHandler
                0x0000000008006d20                ADC_IRQHandler
                0x0000000008006d20                DMA1_Stream7_IRQHandler
                0x0000000008006d20                TIM7_IRQHandler
                0x0000000008006d20                CAN2_TX_IRQHandler
                0x0000000008006d20                DMA2_Stream7_IRQHandler
                0x0000000008006d20                I2C3_EV_IRQHandler
                0x0000000008006d20                EXTI9_5_IRQHandler
                0x0000000008006d20                RTC_WKUP_IRQHandler
                0x0000000008006d20                SPI2_IRQHandler
                0x0000000008006d20                OTG_HS_EP1_IN_IRQHandler
                0x0000000008006d20                DMA1_Stream0_IRQHandler
                0x0000000008006d20                CAN1_TX_IRQHandler
                0x0000000008006d20                EXTI4_IRQHandler
                0x0000000008006d20                FSMC_IRQHandler
                0x0000000008006d20                OTG_HS_EP1_OUT_IRQHandler
                0x0000000008006d20                WWDG_IRQHandler
                0x0000000008006d20                TIM2_IRQHandler
                0x0000000008006d20                OTG_FS_WKUP_IRQHandler
                0x0000000008006d20                TIM1_TRG_COM_TIM11_IRQHandler
                0x0000000008006d20                OTG_HS_IRQHandler
                0x0000000008006d20                EXTI1_IRQHandler
                0x0000000008006d20                USART2_IRQHandler
                0x0000000008006d20                I2C2_ER_IRQHandler
                0x0000000008006d20                DMA2_Stream1_IRQHandler
                0x0000000008006d20                CAN1_SCE_IRQHandler
                0x0000000008006d20                FLASH_IRQHandler
                0x0000000008006d20                DMA2_Stream4_IRQHandler
                0x0000000008006d20                USART1_IRQHandler
                0x0000000008006d20                OTG_FS_IRQHandler
                0x0000000008006d20                SPI3_IRQHandler
                0x0000000008006d20                DMA1_Stream4_IRQHandler
                0x0000000008006d20                I2C1_ER_IRQHandler
                0x0000000008006d20                DMA2_Stream6_IRQHandler
                0x0000000008006d20                DMA1_Stream3_IRQHandler
 .text.LL_ADC_REG_SetSequencerLength
                0x0000000008006d22       0x26 Drivers/STM32F4xx_HAL_Driver/Src/stm32f4xx_ll_adc.o
 .text.LL_ADC_IsEnabled
                0x0000000008006d48       0x26 Drivers/STM32F4xx_HAL_Driver/Src/stm32f4xx_ll_adc.o
 *fill*         0x0000000008006d6e        0x2 
 .text.LL_ADC_CommonInit
                0x0000000008006d70       0x90 Drivers/STM32F4xx_HAL_Driver/Src/stm32f4xx_ll_adc.o
                0x0000000008006d70                LL_ADC_CommonInit
 .text.LL_ADC_Init
                0x0000000008006e00       0x58 Drivers/STM32F4xx_HAL_Driver/Src/stm32f4xx_ll_adc.o
                0x0000000008006e00                LL_ADC_Init
 .text.LL_ADC_REG_Init
                0x0000000008006e58       0x84 Drivers/STM32F4xx_HAL_Driver/Src/stm32f4xx_ll_adc.o
                0x0000000008006e58                LL_ADC_REG_Init
 .text.LL_GPIO_SetPinMode
                0x0000000008006edc       0x5e Drivers/STM32F4xx_HAL_Driver/Src/stm32f4xx_ll_gpio.o
 .text.LL_GPIO_SetPinOutputType
                0x0000000008006f3a       0x30 Drivers/STM32F4xx_HAL_Driver/Src/stm32f4xx_ll_gpio.o
 .text.LL_GPIO_SetPinSpeed
                0x0000000008006f6a       0x5e Drivers/STM32F4xx_HAL_Driver/Src/stm32f4xx_ll_gpio.o
 .text.LL_GPIO_SetPinPull
                0x0000000008006fc8       0x5e Drivers/STM32F4xx_HAL_Driver/Src/stm32f4xx_ll_gpio.o
 .text.LL_GPIO_SetAFPin_0_7
                0x0000000008007026       0x5e Drivers/STM32F4xx_HAL_Driver/Src/stm32f4xx_ll_gpio.o
 .text.LL_GPIO_SetAFPin_8_15
                0x0000000008007084       0x62 Drivers/STM32F4xx_HAL_Driver/Src/stm32f4xx_ll_gpio.o
 .text.LL_GPIO_Init
                0x00000000080070e6       0xe6 Drivers/STM32F4xx_HAL_Driver/Src/stm32f4xx_ll_gpio.o
                0x00000000080070e6                LL_GPIO_Init
 .text.LL_RCC_GetSysClkSource
                0x00000000080071cc       0x1c Drivers/STM32F4xx_HAL_Driver/Src/stm32f4xx_ll_rcc.o
 .text.LL_RCC_GetAHBPrescaler
                0x00000000080071e8       0x1c Drivers/STM32F4xx_HAL_Driver/Src/stm32f4xx_ll_rcc.o
 .text.LL_RCC_GetAPB1Prescaler
                0x0000000008007204       0x1c Drivers/STM32F4xx_HAL_Driver/Src/stm32f4xx_ll_rcc.o
 .text.LL_RCC_GetAPB2Prescaler
                0x0000000008007220       0x1c Drivers/STM32F4xx_HAL_Driver/Src/stm32f4xx_ll_rcc.o
 .text.LL_RCC_PLL_GetMainSource
                0x000000000800723c       0x1c Drivers/STM32F4xx_HAL_Driver/Src/stm32f4xx_ll_rcc.o
 .text.LL_RCC_PLL_GetN
                0x0000000008007258       0x1c Drivers/STM32F4xx_HAL_Driver/Src/stm32f4xx_ll_rcc.o
 .text.LL_RCC_PLL_GetP
                0x0000000008007274       0x1c Drivers/STM32F4xx_HAL_Driver/Src/stm32f4xx_ll_rcc.o
 .text.LL_RCC_PLL_GetDivider
                0x0000000008007290       0x1c Drivers/STM32F4xx_HAL_Driver/Src/stm32f4xx_ll_rcc.o
 .text.LL_RCC_GetSystemClocksFreq
                0x00000000080072ac       0x4a Drivers/STM32F4xx_HAL_Driver/Src/stm32f4xx_ll_rcc.o
                0x00000000080072ac                LL_RCC_GetSystemClocksFreq
 *fill*         0x00000000080072f6        0x2 
 .text.RCC_GetSystemClockFreq
                0x00000000080072f8       0x50 Drivers/STM32F4xx_HAL_Driver/Src/stm32f4xx_ll_rcc.o
                0x00000000080072f8                RCC_GetSystemClockFreq
 .text.RCC_GetHCLKClockFreq
                0x0000000008007348       0x2c Drivers/STM32F4xx_HAL_Driver/Src/stm32f4xx_ll_rcc.o
                0x0000000008007348                RCC_GetHCLKClockFreq
 .text.RCC_GetPCLK1ClockFreq
                0x0000000008007374       0x28 Drivers/STM32F4xx_HAL_Driver/Src/stm32f4xx_ll_rcc.o
                0x0000000008007374                RCC_GetPCLK1ClockFreq
 .text.RCC_GetPCLK2ClockFreq
                0x000000000800739c       0x28 Drivers/STM32F4xx_HAL_Driver/Src/stm32f4xx_ll_rcc.o
                0x000000000800739c                RCC_GetPCLK2ClockFreq
 .text.RCC_PLL_GetFreqDomain_SYS
                0x00000000080073c4       0x7c Drivers/STM32F4xx_HAL_Driver/Src/stm32f4xx_ll_rcc.o
                0x00000000080073c4                RCC_PLL_GetFreqDomain_SYS
 .text.LL_SPI_IsEnabled
                0x0000000008007440       0x26 Drivers/STM32F4xx_HAL_Driver/Src/stm32f4xx_ll_spi.o
 .text.LL_SPI_SetCRCPolynomial
                0x0000000008007466       0x20 Drivers/STM32F4xx_HAL_Driver/Src/stm32f4xx_ll_spi.o
 .text.LL_SPI_Init
                0x0000000008007486       0xa4 Drivers/STM32F4xx_HAL_Driver/Src/stm32f4xx_ll_spi.o
                0x0000000008007486                LL_SPI_Init
 .text.LL_TIM_SetPrescaler
                0x000000000800752a       0x1c Drivers/STM32F4xx_HAL_Driver/Src/stm32f4xx_ll_tim.o
 .text.LL_TIM_SetAutoReload
                0x0000000008007546       0x1c Drivers/STM32F4xx_HAL_Driver/Src/stm32f4xx_ll_tim.o
 .text.LL_TIM_SetRepetitionCounter
                0x0000000008007562       0x1c Drivers/STM32F4xx_HAL_Driver/Src/stm32f4xx_ll_tim.o
 .text.LL_TIM_OC_SetCompareCH1
                0x000000000800757e       0x1c Drivers/STM32F4xx_HAL_Driver/Src/stm32f4xx_ll_tim.o
 .text.LL_TIM_OC_SetCompareCH2
                0x000000000800759a       0x1c Drivers/STM32F4xx_HAL_Driver/Src/stm32f4xx_ll_tim.o
 .text.LL_TIM_OC_SetCompareCH3
                0x00000000080075b6       0x1c Drivers/STM32F4xx_HAL_Driver/Src/stm32f4xx_ll_tim.o
 .text.LL_TIM_OC_SetCompareCH4
                0x00000000080075d2       0x1c Drivers/STM32F4xx_HAL_Driver/Src/stm32f4xx_ll_tim.o
 .text.LL_TIM_GenerateEvent_UPDATE
                0x00000000080075ee       0x20 Drivers/STM32F4xx_HAL_Driver/Src/stm32f4xx_ll_tim.o
 *fill*         0x000000000800760e        0x2 
 .text.LL_TIM_Init
                0x0000000008007610      0x134 Drivers/STM32F4xx_HAL_Driver/Src/stm32f4xx_ll_tim.o
                0x0000000008007610                LL_TIM_Init
 .text.LL_TIM_OC_Init
                0x0000000008007744       0x82 Drivers/STM32F4xx_HAL_Driver/Src/stm32f4xx_ll_tim.o
                0x0000000008007744                LL_TIM_OC_Init
 .text.LL_TIM_BDTR_Init
                0x00000000080077c6       0x92 Drivers/STM32F4xx_HAL_Driver/Src/stm32f4xx_ll_tim.o
                0x00000000080077c6                LL_TIM_BDTR_Init
 .text.OC1Config
                0x0000000008007858       0xd8 Drivers/STM32F4xx_HAL_Driver/Src/stm32f4xx_ll_tim.o
 .text.OC2Config
                0x0000000008007930       0xe0 Drivers/STM32F4xx_HAL_Driver/Src/stm32f4xx_ll_tim.o
 .text.OC3Config
                0x0000000008007a10       0xe0 Drivers/STM32F4xx_HAL_Driver/Src/stm32f4xx_ll_tim.o
 .text.OC4Config
                0x0000000008007af0       0xb0 Drivers/STM32F4xx_HAL_Driver/Src/stm32f4xx_ll_tim.o
 .text.LL_USART_IsEnabled
                0x0000000008007ba0       0x28 Drivers/STM32F4xx_HAL_Driver/Src/stm32f4xx_ll_usart.o
 .text.LL_USART_SetStopBitsLength
                0x0000000008007bc8       0x26 Drivers/STM32F4xx_HAL_Driver/Src/stm32f4xx_ll_usart.o
 .text.LL_USART_SetHWFlowCtrl
                0x0000000008007bee       0x26 Drivers/STM32F4xx_HAL_Driver/Src/stm32f4xx_ll_usart.o
 .text.LL_USART_SetBaudRate
                0x0000000008007c14      0x320 Drivers/STM32F4xx_HAL_Driver/Src/stm32f4xx_ll_usart.o
 .text.LL_USART_Init
                0x0000000008007f34      0x100 Drivers/STM32F4xx_HAL_Driver/Src/stm32f4xx_ll_usart.o
                0x0000000008007f34                LL_USART_Init
 .text.LL_InitTick
                0x0000000008008034       0x34 Drivers/STM32F4xx_HAL_Driver/Src/stm32f4xx_ll_utils.o
 .text.LL_Init1msTick
                0x0000000008008068       0x1a Drivers/STM32F4xx_HAL_Driver/Src/stm32f4xx_ll_utils.o
                0x0000000008008068                LL_Init1msTick
 *fill*         0x0000000008008082        0x2 
 .text.LL_mDelay
                0x0000000008008084       0x4c Drivers/STM32F4xx_HAL_Driver/Src/stm32f4xx_ll_utils.o
                0x0000000008008084                LL_mDelay
 .text.LL_SetSystemCoreClock
                0x00000000080080d0       0x20 Drivers/STM32F4xx_HAL_Driver/Src/stm32f4xx_ll_utils.o
                0x00000000080080d0                LL_SetSystemCoreClock
 .text.__errno  0x00000000080080f0        0xc c:/st/stm32cubeide_1.0.2/stm32cubeide/plugins/com.st.stm32cube.ide.mcu.externaltools.gnu-tools-for-stm32.9-2020-q2-update.win32_1.5.0.202011040924/tools/bin/../lib/gcc/arm-none-eabi/9.3.1/../../../../arm-none-eabi/lib/thumb/v7e-m+fp/hard\libc_nano.a(lib_a-errno.o)
                0x00000000080080f0                __errno
 .text.__libc_init_array
                0x00000000080080fc       0x48 c:/st/stm32cubeide_1.0.2/stm32cubeide/plugins/com.st.stm32cube.ide.mcu.externaltools.gnu-tools-for-stm32.9-2020-q2-update.win32_1.5.0.202011040924/tools/bin/../lib/gcc/arm-none-eabi/9.3.1/../../../../arm-none-eabi/lib/thumb/v7e-m+fp/hard\libc_nano.a(lib_a-init.o)
                0x00000000080080fc                __libc_init_array
 .text.memset   0x0000000008008144       0x10 c:/st/stm32cubeide_1.0.2/stm32cubeide/plugins/com.st.stm32cube.ide.mcu.externaltools.gnu-tools-for-stm32.9-2020-q2-update.win32_1.5.0.202011040924/tools/bin/../lib/gcc/arm-none-eabi/9.3.1/../../../../arm-none-eabi/lib/thumb/v7e-m+fp/hard\libc_nano.a(lib_a-memset.o)
                0x0000000008008144                memset
 .text.__cvt    0x0000000008008154       0xc4 c:/st/stm32cubeide_1.0.2/stm32cubeide/plugins/com.st.stm32cube.ide.mcu.externaltools.gnu-tools-for-stm32.9-2020-q2-update.win32_1.5.0.202011040924/tools/bin/../lib/gcc/arm-none-eabi/9.3.1/../../../../arm-none-eabi/lib/thumb/v7e-m+fp/hard\libc_nano.a(lib_a-nano-vfprintf_float.o)
                0x0000000008008154                __cvt
 .text.__exponent
                0x0000000008008218       0x7c c:/st/stm32cubeide_1.0.2/stm32cubeide/plugins/com.st.stm32cube.ide.mcu.externaltools.gnu-tools-for-stm32.9-2020-q2-update.win32_1.5.0.202011040924/tools/bin/../lib/gcc/arm-none-eabi/9.3.1/../../../../arm-none-eabi/lib/thumb/v7e-m+fp/hard\libc_nano.a(lib_a-nano-vfprintf_float.o)
                0x0000000008008218                __exponent
 .text._printf_float
                0x0000000008008294      0x46c c:/st/stm32cubeide_1.0.2/stm32cubeide/plugins/com.st.stm32cube.ide.mcu.externaltools.gnu-tools-for-stm32.9-2020-q2-update.win32_1.5.0.202011040924/tools/bin/../lib/gcc/arm-none-eabi/9.3.1/../../../../arm-none-eabi/lib/thumb/v7e-m+fp/hard\libc_nano.a(lib_a-nano-vfprintf_float.o)
                0x0000000008008294                _printf_float
 .text._printf_common
                0x0000000008008700       0xda c:/st/stm32cubeide_1.0.2/stm32cubeide/plugins/com.st.stm32cube.ide.mcu.externaltools.gnu-tools-for-stm32.9-2020-q2-update.win32_1.5.0.202011040924/tools/bin/../lib/gcc/arm-none-eabi/9.3.1/../../../../arm-none-eabi/lib/thumb/v7e-m+fp/hard\libc_nano.a(lib_a-nano-vfprintf_i.o)
                0x0000000008008700                _printf_common
 *fill*         0x00000000080087da        0x2 
 .text._printf_i
                0x00000000080087dc      0x24c c:/st/stm32cubeide_1.0.2/stm32cubeide/plugins/com.st.stm32cube.ide.mcu.externaltools.gnu-tools-for-stm32.9-2020-q2-update.win32_1.5.0.202011040924/tools/bin/../lib/gcc/arm-none-eabi/9.3.1/../../../../arm-none-eabi/lib/thumb/v7e-m+fp/hard\libc_nano.a(lib_a-nano-vfprintf_i.o)
                0x00000000080087dc                _printf_i
 .text.printf   0x0000000008008a28       0x30 c:/st/stm32cubeide_1.0.2/stm32cubeide/plugins/com.st.stm32cube.ide.mcu.externaltools.gnu-tools-for-stm32.9-2020-q2-update.win32_1.5.0.202011040924/tools/bin/../lib/gcc/arm-none-eabi/9.3.1/../../../../arm-none-eabi/lib/thumb/v7e-m+fp/hard\libc_nano.a(lib_a-printf.o)
                0x0000000008008a28                iprintf
                0x0000000008008a28                printf
 .text._puts_r  0x0000000008008a58       0xdc c:/st/stm32cubeide_1.0.2/stm32cubeide/plugins/com.st.stm32cube.ide.mcu.externaltools.gnu-tools-for-stm32.9-2020-q2-update.win32_1.5.0.202011040924/tools/bin/../lib/gcc/arm-none-eabi/9.3.1/../../../../arm-none-eabi/lib/thumb/v7e-m+fp/hard\libc_nano.a(lib_a-puts.o)
                0x0000000008008a58                _puts_r
 .text.puts     0x0000000008008b34       0x10 c:/st/stm32cubeide_1.0.2/stm32cubeide/plugins/com.st.stm32cube.ide.mcu.externaltools.gnu-tools-for-stm32.9-2020-q2-update.win32_1.5.0.202011040924/tools/bin/../lib/gcc/arm-none-eabi/9.3.1/../../../../arm-none-eabi/lib/thumb/v7e-m+fp/hard\libc_nano.a(lib_a-puts.o)
                0x0000000008008b34                puts
 .text.setbuf   0x0000000008008b44       0x10 c:/st/stm32cubeide_1.0.2/stm32cubeide/plugins/com.st.stm32cube.ide.mcu.externaltools.gnu-tools-for-stm32.9-2020-q2-update.win32_1.5.0.202011040924/tools/bin/../lib/gcc/arm-none-eabi/9.3.1/../../../../arm-none-eabi/lib/thumb/v7e-m+fp/hard\libc_nano.a(lib_a-setbuf.o)
                0x0000000008008b44                setbuf
 .text.setvbuf  0x0000000008008b54      0x18c c:/st/stm32cubeide_1.0.2/stm32cubeide/plugins/com.st.stm32cube.ide.mcu.externaltools.gnu-tools-for-stm32.9-2020-q2-update.win32_1.5.0.202011040924/tools/bin/../lib/gcc/arm-none-eabi/9.3.1/../../../../arm-none-eabi/lib/thumb/v7e-m+fp/hard\libc_nano.a(lib_a-setvbuf.o)
                0x0000000008008b54                setvbuf
 .text.__swbuf_r
                0x0000000008008ce0       0xa4 c:/st/stm32cubeide_1.0.2/stm32cubeide/plugins/com.st.stm32cube.ide.mcu.externaltools.gnu-tools-for-stm32.9-2020-q2-update.win32_1.5.0.202011040924/tools/bin/../lib/gcc/arm-none-eabi/9.3.1/../../../../arm-none-eabi/lib/thumb/v7e-m+fp/hard\libc_nano.a(lib_a-wbuf.o)
                0x0000000008008ce0                __swbuf_r
 .text.__swsetup_r
                0x0000000008008d84       0xdc c:/st/stm32cubeide_1.0.2/stm32cubeide/plugins/com.st.stm32cube.ide.mcu.externaltools.gnu-tools-for-stm32.9-2020-q2-update.win32_1.5.0.202011040924/tools/bin/../lib/gcc/arm-none-eabi/9.3.1/../../../../arm-none-eabi/lib/thumb/v7e-m+fp/hard\libc_nano.a(lib_a-wsetup.o)
                0x0000000008008d84                __swsetup_r
 .text.quorem   0x0000000008008e60      0x116 c:/st/stm32cubeide_1.0.2/stm32cubeide/plugins/com.st.stm32cube.ide.mcu.externaltools.gnu-tools-for-stm32.9-2020-q2-update.win32_1.5.0.202011040924/tools/bin/../lib/gcc/arm-none-eabi/9.3.1/../../../../arm-none-eabi/lib/thumb/v7e-m+fp/hard\libc_nano.a(lib_a-dtoa.o)
 *fill*         0x0000000008008f76        0x2 
 .text._dtoa_r  0x0000000008008f78      0xbd8 c:/st/stm32cubeide_1.0.2/stm32cubeide/plugins/com.st.stm32cube.ide.mcu.externaltools.gnu-tools-for-stm32.9-2020-q2-update.win32_1.5.0.202011040924/tools/bin/../lib/gcc/arm-none-eabi/9.3.1/../../../../arm-none-eabi/lib/thumb/v7e-m+fp/hard\libc_nano.a(lib_a-dtoa.o)
                0x0000000008008f78                _dtoa_r
 .text.__sflush_r
                0x0000000008009b50      0x10c c:/st/stm32cubeide_1.0.2/stm32cubeide/plugins/com.st.stm32cube.ide.mcu.externaltools.gnu-tools-for-stm32.9-2020-q2-update.win32_1.5.0.202011040924/tools/bin/../lib/gcc/arm-none-eabi/9.3.1/../../../../arm-none-eabi/lib/thumb/v7e-m+fp/hard\libc_nano.a(lib_a-fflush.o)
                0x0000000008009b50                __sflush_r
 .text._fflush_r
                0x0000000008009c5c       0x78 c:/st/stm32cubeide_1.0.2/stm32cubeide/plugins/com.st.stm32cube.ide.mcu.externaltools.gnu-tools-for-stm32.9-2020-q2-update.win32_1.5.0.202011040924/tools/bin/../lib/gcc/arm-none-eabi/9.3.1/../../../../arm-none-eabi/lib/thumb/v7e-m+fp/hard\libc_nano.a(lib_a-fflush.o)
                0x0000000008009c5c                _fflush_r
 .text.std      0x0000000008009cd4       0x48 c:/st/stm32cubeide_1.0.2/stm32cubeide/plugins/com.st.stm32cube.ide.mcu.externaltools.gnu-tools-for-stm32.9-2020-q2-update.win32_1.5.0.202011040924/tools/bin/../lib/gcc/arm-none-eabi/9.3.1/../../../../arm-none-eabi/lib/thumb/v7e-m+fp/hard\libc_nano.a(lib_a-findfp.o)
 .text._cleanup_r
                0x0000000008009d1c        0xc c:/st/stm32cubeide_1.0.2/stm32cubeide/plugins/com.st.stm32cube.ide.mcu.externaltools.gnu-tools-for-stm32.9-2020-q2-update.win32_1.5.0.202011040924/tools/bin/../lib/gcc/arm-none-eabi/9.3.1/../../../../arm-none-eabi/lib/thumb/v7e-m+fp/hard\libc_nano.a(lib_a-findfp.o)
                0x0000000008009d1c                _cleanup_r
 .text.__sfmoreglue
                0x0000000008009d28       0x2c c:/st/stm32cubeide_1.0.2/stm32cubeide/plugins/com.st.stm32cube.ide.mcu.externaltools.gnu-tools-for-stm32.9-2020-q2-update.win32_1.5.0.202011040924/tools/bin/../lib/gcc/arm-none-eabi/9.3.1/../../../../arm-none-eabi/lib/thumb/v7e-m+fp/hard\libc_nano.a(lib_a-findfp.o)
                0x0000000008009d28                __sfmoreglue
 .text.__sfp_lock_acquire
                0x0000000008009d54        0xc c:/st/stm32cubeide_1.0.2/stm32cubeide/plugins/com.st.stm32cube.ide.mcu.externaltools.gnu-tools-for-stm32.9-2020-q2-update.win32_1.5.0.202011040924/tools/bin/../lib/gcc/arm-none-eabi/9.3.1/../../../../arm-none-eabi/lib/thumb/v7e-m+fp/hard\libc_nano.a(lib_a-findfp.o)
                0x0000000008009d54                __sfp_lock_acquire
 .text.__sfp_lock_release
                0x0000000008009d60        0xc c:/st/stm32cubeide_1.0.2/stm32cubeide/plugins/com.st.stm32cube.ide.mcu.externaltools.gnu-tools-for-stm32.9-2020-q2-update.win32_1.5.0.202011040924/tools/bin/../lib/gcc/arm-none-eabi/9.3.1/../../../../arm-none-eabi/lib/thumb/v7e-m+fp/hard\libc_nano.a(lib_a-findfp.o)
                0x0000000008009d60                __sfp_lock_release
 .text.__sinit_lock_acquire
                0x0000000008009d6c        0xc c:/st/stm32cubeide_1.0.2/stm32cubeide/plugins/com.st.stm32cube.ide.mcu.externaltools.gnu-tools-for-stm32.9-2020-q2-update.win32_1.5.0.202011040924/tools/bin/../lib/gcc/arm-none-eabi/9.3.1/../../../../arm-none-eabi/lib/thumb/v7e-m+fp/hard\libc_nano.a(lib_a-findfp.o)
                0x0000000008009d6c                __sinit_lock_acquire
 .text.__sinit_lock_release
                0x0000000008009d78        0xc c:/st/stm32cubeide_1.0.2/stm32cubeide/plugins/com.st.stm32cube.ide.mcu.externaltools.gnu-tools-for-stm32.9-2020-q2-update.win32_1.5.0.202011040924/tools/bin/../lib/gcc/arm-none-eabi/9.3.1/../../../../arm-none-eabi/lib/thumb/v7e-m+fp/hard\libc_nano.a(lib_a-findfp.o)
                0x0000000008009d78                __sinit_lock_release
 .text.__sinit  0x0000000008009d84       0x70 c:/st/stm32cubeide_1.0.2/stm32cubeide/plugins/com.st.stm32cube.ide.mcu.externaltools.gnu-tools-for-stm32.9-2020-q2-update.win32_1.5.0.202011040924/tools/bin/../lib/gcc/arm-none-eabi/9.3.1/../../../../arm-none-eabi/lib/thumb/v7e-m+fp/hard\libc_nano.a(lib_a-findfp.o)
                0x0000000008009d84                __sinit
 .text.__sfp    0x0000000008009df4       0x8c c:/st/stm32cubeide_1.0.2/stm32cubeide/plugins/com.st.stm32cube.ide.mcu.externaltools.gnu-tools-for-stm32.9-2020-q2-update.win32_1.5.0.202011040924/tools/bin/../lib/gcc/arm-none-eabi/9.3.1/../../../../arm-none-eabi/lib/thumb/v7e-m+fp/hard\libc_nano.a(lib_a-findfp.o)
                0x0000000008009df4                __sfp
 .text._fwalk_reent
                0x0000000008009e80       0x3e c:/st/stm32cubeide_1.0.2/stm32cubeide/plugins/com.st.stm32cube.ide.mcu.externaltools.gnu-tools-for-stm32.9-2020-q2-update.win32_1.5.0.202011040924/tools/bin/../lib/gcc/arm-none-eabi/9.3.1/../../../../arm-none-eabi/lib/thumb/v7e-m+fp/hard\libc_nano.a(lib_a-fwalk.o)
                0x0000000008009e80                _fwalk_reent
 *fill*         0x0000000008009ebe        0x2 
 .text._localeconv_r
                0x0000000008009ec0        0x8 c:/st/stm32cubeide_1.0.2/stm32cubeide/plugins/com.st.stm32cube.ide.mcu.externaltools.gnu-tools-for-stm32.9-2020-q2-update.win32_1.5.0.202011040924/tools/bin/../lib/gcc/arm-none-eabi/9.3.1/../../../../arm-none-eabi/lib/thumb/v7e-m+fp/hard\libc_nano.a(lib_a-localeconv.o)
                0x0000000008009ec0                _localeconv_r
 .text.__retarget_lock_init_recursive
                0x0000000008009ec8        0x2 c:/st/stm32cubeide_1.0.2/stm32cubeide/plugins/com.st.stm32cube.ide.mcu.externaltools.gnu-tools-for-stm32.9-2020-q2-update.win32_1.5.0.202011040924/tools/bin/../lib/gcc/arm-none-eabi/9.3.1/../../../../arm-none-eabi/lib/thumb/v7e-m+fp/hard\libc_nano.a(lib_a-lock.o)
                0x0000000008009ec8                __retarget_lock_init_recursive
 .text.__retarget_lock_acquire_recursive
                0x0000000008009eca        0x2 c:/st/stm32cubeide_1.0.2/stm32cubeide/plugins/com.st.stm32cube.ide.mcu.externaltools.gnu-tools-for-stm32.9-2020-q2-update.win32_1.5.0.202011040924/tools/bin/../lib/gcc/arm-none-eabi/9.3.1/../../../../arm-none-eabi/lib/thumb/v7e-m+fp/hard\libc_nano.a(lib_a-lock.o)
                0x0000000008009eca                __retarget_lock_acquire_recursive
 .text.__retarget_lock_release_recursive
                0x0000000008009ecc        0x2 c:/st/stm32cubeide_1.0.2/stm32cubeide/plugins/com.st.stm32cube.ide.mcu.externaltools.gnu-tools-for-stm32.9-2020-q2-update.win32_1.5.0.202011040924/tools/bin/../lib/gcc/arm-none-eabi/9.3.1/../../../../arm-none-eabi/lib/thumb/v7e-m+fp/hard\libc_nano.a(lib_a-lock.o)
                0x0000000008009ecc                __retarget_lock_release_recursive
 .text.__swhatbuf_r
                0x0000000008009ece       0x48 c:/st/stm32cubeide_1.0.2/stm32cubeide/plugins/com.st.stm32cube.ide.mcu.externaltools.gnu-tools-for-stm32.9-2020-q2-update.win32_1.5.0.202011040924/tools/bin/../lib/gcc/arm-none-eabi/9.3.1/../../../../arm-none-eabi/lib/thumb/v7e-m+fp/hard\libc_nano.a(lib_a-makebuf.o)
                0x0000000008009ece                __swhatbuf_r
 *fill*         0x0000000008009f16        0x2 
 .text.__smakebuf_r
                0x0000000008009f18       0x80 c:/st/stm32cubeide_1.0.2/stm32cubeide/plugins/com.st.stm32cube.ide.mcu.externaltools.gnu-tools-for-stm32.9-2020-q2-update.win32_1.5.0.202011040924/tools/bin/../lib/gcc/arm-none-eabi/9.3.1/../../../../arm-none-eabi/lib/thumb/v7e-m+fp/hard\libc_nano.a(lib_a-makebuf.o)
                0x0000000008009f18                __smakebuf_r
 .text.malloc   0x0000000008009f98       0x10 c:/st/stm32cubeide_1.0.2/stm32cubeide/plugins/com.st.stm32cube.ide.mcu.externaltools.gnu-tools-for-stm32.9-2020-q2-update.win32_1.5.0.202011040924/tools/bin/../lib/gcc/arm-none-eabi/9.3.1/../../../../arm-none-eabi/lib/thumb/v7e-m+fp/hard\libc_nano.a(lib_a-malloc.o)
                0x0000000008009f98                malloc
 .text.memcpy   0x0000000008009fa8       0x1c c:/st/stm32cubeide_1.0.2/stm32cubeide/plugins/com.st.stm32cube.ide.mcu.externaltools.gnu-tools-for-stm32.9-2020-q2-update.win32_1.5.0.202011040924/tools/bin/../lib/gcc/arm-none-eabi/9.3.1/../../../../arm-none-eabi/lib/thumb/v7e-m+fp/hard\libc_nano.a(lib_a-memcpy-stub.o)
                0x0000000008009fa8                memcpy
 .text._Balloc  0x0000000008009fc4       0x80 c:/st/stm32cubeide_1.0.2/stm32cubeide/plugins/com.st.stm32cube.ide.mcu.externaltools.gnu-tools-for-stm32.9-2020-q2-update.win32_1.5.0.202011040924/tools/bin/../lib/gcc/arm-none-eabi/9.3.1/../../../../arm-none-eabi/lib/thumb/v7e-m+fp/hard\libc_nano.a(lib_a-mprec.o)
                0x0000000008009fc4                _Balloc
 .text._Bfree   0x000000000800a044       0x44 c:/st/stm32cubeide_1.0.2/stm32cubeide/plugins/com.st.stm32cube.ide.mcu.externaltools.gnu-tools-for-stm32.9-2020-q2-update.win32_1.5.0.202011040924/tools/bin/../lib/gcc/arm-none-eabi/9.3.1/../../../../arm-none-eabi/lib/thumb/v7e-m+fp/hard\libc_nano.a(lib_a-mprec.o)
                0x000000000800a044                _Bfree
 .text.__multadd
                0x000000000800a088       0x94 c:/st/stm32cubeide_1.0.2/stm32cubeide/plugins/com.st.stm32cube.ide.mcu.externaltools.gnu-tools-for-stm32.9-2020-q2-update.win32_1.5.0.202011040924/tools/bin/../lib/gcc/arm-none-eabi/9.3.1/../../../../arm-none-eabi/lib/thumb/v7e-m+fp/hard\libc_nano.a(lib_a-mprec.o)
                0x000000000800a088                __multadd
 .text.__hi0bits
                0x000000000800a11c       0x40 c:/st/stm32cubeide_1.0.2/stm32cubeide/plugins/com.st.stm32cube.ide.mcu.externaltools.gnu-tools-for-stm32.9-2020-q2-update.win32_1.5.0.202011040924/tools/bin/../lib/gcc/arm-none-eabi/9.3.1/../../../../arm-none-eabi/lib/thumb/v7e-m+fp/hard\libc_nano.a(lib_a-mprec.o)
                0x000000000800a11c                __hi0bits
 .text.__lo0bits
                0x000000000800a15c       0x60 c:/st/stm32cubeide_1.0.2/stm32cubeide/plugins/com.st.stm32cube.ide.mcu.externaltools.gnu-tools-for-stm32.9-2020-q2-update.win32_1.5.0.202011040924/tools/bin/../lib/gcc/arm-none-eabi/9.3.1/../../../../arm-none-eabi/lib/thumb/v7e-m+fp/hard\libc_nano.a(lib_a-mprec.o)
                0x000000000800a15c                __lo0bits
 .text.__i2b    0x000000000800a1bc       0x2c c:/st/stm32cubeide_1.0.2/stm32cubeide/plugins/com.st.stm32cube.ide.mcu.externaltools.gnu-tools-for-stm32.9-2020-q2-update.win32_1.5.0.202011040924/tools/bin/../lib/gcc/arm-none-eabi/9.3.1/../../../../arm-none-eabi/lib/thumb/v7e-m+fp/hard\libc_nano.a(lib_a-mprec.o)
                0x000000000800a1bc                __i2b
 .text.__multiply
                0x000000000800a1e8      0x14c c:/st/stm32cubeide_1.0.2/stm32cubeide/plugins/com.st.stm32cube.ide.mcu.externaltools.gnu-tools-for-stm32.9-2020-q2-update.win32_1.5.0.202011040924/tools/bin/../lib/gcc/arm-none-eabi/9.3.1/../../../../arm-none-eabi/lib/thumb/v7e-m+fp/hard\libc_nano.a(lib_a-mprec.o)
                0x000000000800a1e8                __multiply
 .text.__pow5mult
                0x000000000800a334       0xb4 c:/st/stm32cubeide_1.0.2/stm32cubeide/plugins/com.st.stm32cube.ide.mcu.externaltools.gnu-tools-for-stm32.9-2020-q2-update.win32_1.5.0.202011040924/tools/bin/../lib/gcc/arm-none-eabi/9.3.1/../../../../arm-none-eabi/lib/thumb/v7e-m+fp/hard\libc_nano.a(lib_a-mprec.o)
                0x000000000800a334                __pow5mult
 .text.__lshift
                0x000000000800a3e8       0xd8 c:/st/stm32cubeide_1.0.2/stm32cubeide/plugins/com.st.stm32cube.ide.mcu.externaltools.gnu-tools-for-stm32.9-2020-q2-update.win32_1.5.0.202011040924/tools/bin/../lib/gcc/arm-none-eabi/9.3.1/../../../../arm-none-eabi/lib/thumb/v7e-m+fp/hard\libc_nano.a(lib_a-mprec.o)
                0x000000000800a3e8                __lshift
 .text.__mcmp   0x000000000800a4c0       0x38 c:/st/stm32cubeide_1.0.2/stm32cubeide/plugins/com.st.stm32cube.ide.mcu.externaltools.gnu-tools-for-stm32.9-2020-q2-update.win32_1.5.0.202011040924/tools/bin/../lib/gcc/arm-none-eabi/9.3.1/../../../../arm-none-eabi/lib/thumb/v7e-m+fp/hard\libc_nano.a(lib_a-mprec.o)
                0x000000000800a4c0                __mcmp
 .text.__mdiff  0x000000000800a4f8      0x110 c:/st/stm32cubeide_1.0.2/stm32cubeide/plugins/com.st.stm32cube.ide.mcu.externaltools.gnu-tools-for-stm32.9-2020-q2-update.win32_1.5.0.202011040924/tools/bin/../lib/gcc/arm-none-eabi/9.3.1/../../../../arm-none-eabi/lib/thumb/v7e-m+fp/hard\libc_nano.a(lib_a-mprec.o)
                0x000000000800a4f8                __mdiff
 .text.__d2b    0x000000000800a608       0xb8 c:/st/stm32cubeide_1.0.2/stm32cubeide/plugins/com.st.stm32cube.ide.mcu.externaltools.gnu-tools-for-stm32.9-2020-q2-update.win32_1.5.0.202011040924/tools/bin/../lib/gcc/arm-none-eabi/9.3.1/../../../../arm-none-eabi/lib/thumb/v7e-m+fp/hard\libc_nano.a(lib_a-mprec.o)
                0x000000000800a608                __d2b
 .text._calloc_r
                0x000000000800a6c0       0x1e c:/st/stm32cubeide_1.0.2/stm32cubeide/plugins/com.st.stm32cube.ide.mcu.externaltools.gnu-tools-for-stm32.9-2020-q2-update.win32_1.5.0.202011040924/tools/bin/../lib/gcc/arm-none-eabi/9.3.1/../../../../arm-none-eabi/lib/thumb/v7e-m+fp/hard\libc_nano.a(lib_a-nano-callocr.o)
                0x000000000800a6c0                _calloc_r
 *fill*         0x000000000800a6de        0x2 
 .text._free_r  0x000000000800a6e0       0xa0 c:/st/stm32cubeide_1.0.2/stm32cubeide/plugins/com.st.stm32cube.ide.mcu.externaltools.gnu-tools-for-stm32.9-2020-q2-update.win32_1.5.0.202011040924/tools/bin/../lib/gcc/arm-none-eabi/9.3.1/../../../../arm-none-eabi/lib/thumb/v7e-m+fp/hard\libc_nano.a(lib_a-nano-freer.o)
                0x000000000800a6e0                _free_r
 .text._malloc_r
                0x000000000800a780       0xb4 c:/st/stm32cubeide_1.0.2/stm32cubeide/plugins/com.st.stm32cube.ide.mcu.externaltools.gnu-tools-for-stm32.9-2020-q2-update.win32_1.5.0.202011040924/tools/bin/../lib/gcc/arm-none-eabi/9.3.1/../../../../arm-none-eabi/lib/thumb/v7e-m+fp/hard\libc_nano.a(lib_a-nano-mallocr.o)
                0x000000000800a780                _malloc_r
 .text.__sfputc_r
                0x000000000800a834       0x2e c:/st/stm32cubeide_1.0.2/stm32cubeide/plugins/com.st.stm32cube.ide.mcu.externaltools.gnu-tools-for-stm32.9-2020-q2-update.win32_1.5.0.202011040924/tools/bin/../lib/gcc/arm-none-eabi/9.3.1/../../../../arm-none-eabi/lib/thumb/v7e-m+fp/hard\libc_nano.a(lib_a-nano-vfprintf.o)
 .text.__sfputs_r
                0x000000000800a862       0x24 c:/st/stm32cubeide_1.0.2/stm32cubeide/plugins/com.st.stm32cube.ide.mcu.externaltools.gnu-tools-for-stm32.9-2020-q2-update.win32_1.5.0.202011040924/tools/bin/../lib/gcc/arm-none-eabi/9.3.1/../../../../arm-none-eabi/lib/thumb/v7e-m+fp/hard\libc_nano.a(lib_a-nano-vfprintf.o)
                0x000000000800a862                __sfputs_r
 *fill*         0x000000000800a886        0x2 
 .text._vfprintf_r
                0x000000000800a888      0x260 c:/st/stm32cubeide_1.0.2/stm32cubeide/plugins/com.st.stm32cube.ide.mcu.externaltools.gnu-tools-for-stm32.9-2020-q2-update.win32_1.5.0.202011040924/tools/bin/../lib/gcc/arm-none-eabi/9.3.1/../../../../arm-none-eabi/lib/thumb/v7e-m+fp/hard\libc_nano.a(lib_a-nano-vfprintf.o)
                0x000000000800a888                _vfprintf_r
                0x000000000800a888                _vfiprintf_r
 .text._sbrk_r  0x000000000800aae8       0x20 c:/st/stm32cubeide_1.0.2/stm32cubeide/plugins/com.st.stm32cube.ide.mcu.externaltools.gnu-tools-for-stm32.9-2020-q2-update.win32_1.5.0.202011040924/tools/bin/../lib/gcc/arm-none-eabi/9.3.1/../../../../arm-none-eabi/lib/thumb/v7e-m+fp/hard\libc_nano.a(lib_a-sbrkr.o)
                0x000000000800aae8                _sbrk_r
 .text.__sread  0x000000000800ab08       0x22 c:/st/stm32cubeide_1.0.2/stm32cubeide/plugins/com.st.stm32cube.ide.mcu.externaltools.gnu-tools-for-stm32.9-2020-q2-update.win32_1.5.0.202011040924/tools/bin/../lib/gcc/arm-none-eabi/9.3.1/../../../../arm-none-eabi/lib/thumb/v7e-m+fp/hard\libc_nano.a(lib_a-stdio.o)
                0x000000000800ab08                __sread
 .text.__swrite
                0x000000000800ab2a       0x38 c:/st/stm32cubeide_1.0.2/stm32cubeide/plugins/com.st.stm32cube.ide.mcu.externaltools.gnu-tools-for-stm32.9-2020-q2-update.win32_1.5.0.202011040924/tools/bin/../lib/gcc/arm-none-eabi/9.3.1/../../../../arm-none-eabi/lib/thumb/v7e-m+fp/hard\libc_nano.a(lib_a-stdio.o)
                0x000000000800ab2a                __swrite
 .text.__sseek  0x000000000800ab62       0x24 c:/st/stm32cubeide_1.0.2/stm32cubeide/plugins/com.st.stm32cube.ide.mcu.externaltools.gnu-tools-for-stm32.9-2020-q2-update.win32_1.5.0.202011040924/tools/bin/../lib/gcc/arm-none-eabi/9.3.1/../../../../arm-none-eabi/lib/thumb/v7e-m+fp/hard\libc_nano.a(lib_a-stdio.o)
                0x000000000800ab62                __sseek
 .text.__sclose
                0x000000000800ab86        0x8 c:/st/stm32cubeide_1.0.2/stm32cubeide/plugins/com.st.stm32cube.ide.mcu.externaltools.gnu-tools-for-stm32.9-2020-q2-update.win32_1.5.0.202011040924/tools/bin/../lib/gcc/arm-none-eabi/9.3.1/../../../../arm-none-eabi/lib/thumb/v7e-m+fp/hard\libc_nano.a(lib_a-stdio.o)
                0x000000000800ab86                __sclose
 *fill*         0x000000000800ab8e        0x2 
 .text._write_r
                0x000000000800ab90       0x24 c:/st/stm32cubeide_1.0.2/stm32cubeide/plugins/com.st.stm32cube.ide.mcu.externaltools.gnu-tools-for-stm32.9-2020-q2-update.win32_1.5.0.202011040924/tools/bin/../lib/gcc/arm-none-eabi/9.3.1/../../../../arm-none-eabi/lib/thumb/v7e-m+fp/hard\libc_nano.a(lib_a-writer.o)
                0x000000000800ab90                _write_r
 .text.__assert_func
                0x000000000800abb4       0x3c c:/st/stm32cubeide_1.0.2/stm32cubeide/plugins/com.st.stm32cube.ide.mcu.externaltools.gnu-tools-for-stm32.9-2020-q2-update.win32_1.5.0.202011040924/tools/bin/../lib/gcc/arm-none-eabi/9.3.1/../../../../arm-none-eabi/lib/thumb/v7e-m+fp/hard\libc_nano.a(lib_a-assert.o)
                0x000000000800abb4                __assert_func
 .text._close_r
                0x000000000800abf0       0x20 c:/st/stm32cubeide_1.0.2/stm32cubeide/plugins/com.st.stm32cube.ide.mcu.externaltools.gnu-tools-for-stm32.9-2020-q2-update.win32_1.5.0.202011040924/tools/bin/../lib/gcc/arm-none-eabi/9.3.1/../../../../arm-none-eabi/lib/thumb/v7e-m+fp/hard\libc_nano.a(lib_a-closer.o)
                0x000000000800abf0                _close_r
 .text.fprintf  0x000000000800ac10       0x24 c:/st/stm32cubeide_1.0.2/stm32cubeide/plugins/com.st.stm32cube.ide.mcu.externaltools.gnu-tools-for-stm32.9-2020-q2-update.win32_1.5.0.202011040924/tools/bin/../lib/gcc/arm-none-eabi/9.3.1/../../../../arm-none-eabi/lib/thumb/v7e-m+fp/hard\libc_nano.a(lib_a-fprintf.o)
                0x000000000800ac10                fiprintf
                0x000000000800ac10                fprintf
 .text._fstat_r
                0x000000000800ac34       0x24 c:/st/stm32cubeide_1.0.2/stm32cubeide/plugins/com.st.stm32cube.ide.mcu.externaltools.gnu-tools-for-stm32.9-2020-q2-update.win32_1.5.0.202011040924/tools/bin/../lib/gcc/arm-none-eabi/9.3.1/../../../../arm-none-eabi/lib/thumb/v7e-m+fp/hard\libc_nano.a(lib_a-fstatr.o)
                0x000000000800ac34                _fstat_r
 .text._isatty_r
                0x000000000800ac58       0x20 c:/st/stm32cubeide_1.0.2/stm32cubeide/plugins/com.st.stm32cube.ide.mcu.externaltools.gnu-tools-for-stm32.9-2020-q2-update.win32_1.5.0.202011040924/tools/bin/../lib/gcc/arm-none-eabi/9.3.1/../../../../arm-none-eabi/lib/thumb/v7e-m+fp/hard\libc_nano.a(lib_a-isattyr.o)
                0x000000000800ac58                _isatty_r
 .text._lseek_r
                0x000000000800ac78       0x24 c:/st/stm32cubeide_1.0.2/stm32cubeide/plugins/com.st.stm32cube.ide.mcu.externaltools.gnu-tools-for-stm32.9-2020-q2-update.win32_1.5.0.202011040924/tools/bin/../lib/gcc/arm-none-eabi/9.3.1/../../../../arm-none-eabi/lib/thumb/v7e-m+fp/hard\libc_nano.a(lib_a-lseekr.o)
                0x000000000800ac78                _lseek_r
 .text.__ascii_mbtowc
                0x000000000800ac9c       0x24 c:/st/stm32cubeide_1.0.2/stm32cubeide/plugins/com.st.stm32cube.ide.mcu.externaltools.gnu-tools-for-stm32.9-2020-q2-update.win32_1.5.0.202011040924/tools/bin/../lib/gcc/arm-none-eabi/9.3.1/../../../../arm-none-eabi/lib/thumb/v7e-m+fp/hard\libc_nano.a(lib_a-mbtowc_r.o)
                0x000000000800ac9c                __ascii_mbtowc
 .text.__malloc_lock
                0x000000000800acc0        0xc c:/st/stm32cubeide_1.0.2/stm32cubeide/plugins/com.st.stm32cube.ide.mcu.externaltools.gnu-tools-for-stm32.9-2020-q2-update.win32_1.5.0.202011040924/tools/bin/../lib/gcc/arm-none-eabi/9.3.1/../../../../arm-none-eabi/lib/thumb/v7e-m+fp/hard\libc_nano.a(lib_a-mlock.o)
                0x000000000800acc0                __malloc_lock
 .text.__malloc_unlock
                0x000000000800accc        0xc c:/st/stm32cubeide_1.0.2/stm32cubeide/plugins/com.st.stm32cube.ide.mcu.externaltools.gnu-tools-for-stm32.9-2020-q2-update.win32_1.5.0.202011040924/tools/bin/../lib/gcc/arm-none-eabi/9.3.1/../../../../arm-none-eabi/lib/thumb/v7e-m+fp/hard\libc_nano.a(lib_a-mlock.o)
                0x000000000800accc                __malloc_unlock
 .text._read_r  0x000000000800acd8       0x24 c:/st/stm32cubeide_1.0.2/stm32cubeide/plugins/com.st.stm32cube.ide.mcu.externaltools.gnu-tools-for-stm32.9-2020-q2-update.win32_1.5.0.202011040924/tools/bin/../lib/gcc/arm-none-eabi/9.3.1/../../../../arm-none-eabi/lib/thumb/v7e-m+fp/hard\libc_nano.a(lib_a-readr.o)
                0x000000000800acd8                _read_r
 .text.__ascii_wctomb
                0x000000000800acfc       0x1a c:/st/stm32cubeide_1.0.2/stm32cubeide/plugins/com.st.stm32cube.ide.mcu.externaltools.gnu-tools-for-stm32.9-2020-q2-update.win32_1.5.0.202011040924/tools/bin/../lib/gcc/arm-none-eabi/9.3.1/../../../../arm-none-eabi/lib/thumb/v7e-m+fp/hard\libc_nano.a(lib_a-wctomb_r.o)
                0x000000000800acfc                __ascii_wctomb
 .text.abort    0x000000000800ad16        0xe c:/st/stm32cubeide_1.0.2/stm32cubeide/plugins/com.st.stm32cube.ide.mcu.externaltools.gnu-tools-for-stm32.9-2020-q2-update.win32_1.5.0.202011040924/tools/bin/../lib/gcc/arm-none-eabi/9.3.1/../../../../arm-none-eabi/lib/thumb/v7e-m+fp/hard\libc_nano.a(lib_a-abort.o)
                0x000000000800ad16                abort
 .text._raise_r
                0x000000000800ad24       0x50 c:/st/stm32cubeide_1.0.2/stm32cubeide/plugins/com.st.stm32cube.ide.mcu.externaltools.gnu-tools-for-stm32.9-2020-q2-update.win32_1.5.0.202011040924/tools/bin/../lib/gcc/arm-none-eabi/9.3.1/../../../../arm-none-eabi/lib/thumb/v7e-m+fp/hard\libc_nano.a(lib_a-signal.o)
                0x000000000800ad24                _raise_r
 .text.raise    0x000000000800ad74       0x10 c:/st/stm32cubeide_1.0.2/stm32cubeide/plugins/com.st.stm32cube.ide.mcu.externaltools.gnu-tools-for-stm32.9-2020-q2-update.win32_1.5.0.202011040924/tools/bin/../lib/gcc/arm-none-eabi/9.3.1/../../../../arm-none-eabi/lib/thumb/v7e-m+fp/hard\libc_nano.a(lib_a-signal.o)
                0x000000000800ad74                raise
 .text._kill_r  0x000000000800ad84       0x24 c:/st/stm32cubeide_1.0.2/stm32cubeide/plugins/com.st.stm32cube.ide.mcu.externaltools.gnu-tools-for-stm32.9-2020-q2-update.win32_1.5.0.202011040924/tools/bin/../lib/gcc/arm-none-eabi/9.3.1/../../../../arm-none-eabi/lib/thumb/v7e-m+fp/hard\libc_nano.a(lib_a-signalr.o)
                0x000000000800ad84                _kill_r
 .text._getpid_r
                0x000000000800ada8        0x4 c:/st/stm32cubeide_1.0.2/stm32cubeide/plugins/com.st.stm32cube.ide.mcu.externaltools.gnu-tools-for-stm32.9-2020-q2-update.win32_1.5.0.202011040924/tools/bin/../lib/gcc/arm-none-eabi/9.3.1/../../../../arm-none-eabi/lib/thumb/v7e-m+fp/hard\libc_nano.a(lib_a-signalr.o)
                0x000000000800ada8                _getpid_r
 *(.glue_7)
 .glue_7        0x000000000800adac        0x0 linker stubs
 *(.glue_7t)
 .glue_7t       0x000000000800adac        0x0 linker stubs
 *(.eh_frame)
 .eh_frame      0x000000000800adac        0x0 c:/st/stm32cubeide_1.0.2/stm32cubeide/plugins/com.st.stm32cube.ide.mcu.externaltools.gnu-tools-for-stm32.9-2020-q2-update.win32_1.5.0.202011040924/tools/bin/../lib/gcc/arm-none-eabi/9.3.1/thumb/v7e-m+fp/hard/crtbegin.o
 *(.init)
 .init          0x000000000800adac        0x4 c:/st/stm32cubeide_1.0.2/stm32cubeide/plugins/com.st.stm32cube.ide.mcu.externaltools.gnu-tools-for-stm32.9-2020-q2-update.win32_1.5.0.202011040924/tools/bin/../lib/gcc/arm-none-eabi/9.3.1/thumb/v7e-m+fp/hard/crti.o
                0x000000000800adac                _init
 .init          0x000000000800adb0        0x8 c:/st/stm32cubeide_1.0.2/stm32cubeide/plugins/com.st.stm32cube.ide.mcu.externaltools.gnu-tools-for-stm32.9-2020-q2-update.win32_1.5.0.202011040924/tools/bin/../lib/gcc/arm-none-eabi/9.3.1/thumb/v7e-m+fp/hard/crtn.o
 *(.fini)
 .fini          0x000000000800adb8        0x4 c:/st/stm32cubeide_1.0.2/stm32cubeide/plugins/com.st.stm32cube.ide.mcu.externaltools.gnu-tools-for-stm32.9-2020-q2-update.win32_1.5.0.202011040924/tools/bin/../lib/gcc/arm-none-eabi/9.3.1/thumb/v7e-m+fp/hard/crti.o
                0x000000000800adb8                _fini
 .fini          0x000000000800adbc        0x8 c:/st/stm32cubeide_1.0.2/stm32cubeide/plugins/com.st.stm32cube.ide.mcu.externaltools.gnu-tools-for-stm32.9-2020-q2-update.win32_1.5.0.202011040924/tools/bin/../lib/gcc/arm-none-eabi/9.3.1/thumb/v7e-m+fp/hard/crtn.o
                0x000000000800adc4                . = ALIGN (0x4)
                0x000000000800adc4                _etext = .

.vfp11_veneer   0x000000000800adc4        0x0
 .vfp11_veneer  0x000000000800adc4        0x0 linker stubs

.v4_bx          0x000000000800adc4        0x0
 .v4_bx         0x000000000800adc4        0x0 linker stubs

.iplt           0x000000000800adc4        0x0
 .iplt          0x000000000800adc4        0x0 c:/st/stm32cubeide_1.0.2/stm32cubeide/plugins/com.st.stm32cube.ide.mcu.externaltools.gnu-tools-for-stm32.9-2020-q2-update.win32_1.5.0.202011040924/tools/bin/../lib/gcc/arm-none-eabi/9.3.1/thumb/v7e-m+fp/hard/crtbegin.o

.rodata         0x000000000800adc8      0x5c4
                0x000000000800adc8                . = ALIGN (0x4)
 *(.rodata)
 .rodata        0x000000000800adc8       0x6c Core/Src/Controller/mode.o
 .rodata        0x000000000800ae34       0x7a Core/Src/Controller/test.o
 *fill*         0x000000000800aeae        0x2 
 .rodata        0x000000000800aeb0       0x28 Core/Src/Hardware/ICM20689.o
 .rodata        0x000000000800aed8       0x8a Core/Src/main.o
 *(.rodata*)
 *fill*         0x000000000800af62        0x2 
 .rodata.STREAM_OFFSET_TAB
                0x000000000800af64        0x8 Core/Src/Hardware/wall_sensor.o
 .rodata.STREAM_OFFSET_TAB
                0x000000000800af6c        0x8 Core/Src/adc.o
 .rodata.AHBPrescTable
                0x000000000800af74       0x10 Core/Src/system_stm32f4xx.o
                0x000000000800af74                AHBPrescTable
 .rodata.APBPrescTable
                0x000000000800af84        0x8 Core/Src/system_stm32f4xx.o
                0x000000000800af84                APBPrescTable
 .rodata.OFFSET_TAB_CCMRx
                0x000000000800af8c        0x7 Core/Src/tim.o
 *fill*         0x000000000800af93        0x1 
 .rodata.SHIFT_TAB_OCxx
                0x000000000800af94        0x7 Core/Src/tim.o
 *fill*         0x000000000800af9b        0x1 
 .rodata.SHIFT_TAB_ICxx
                0x000000000800af9c        0x7 Core/Src/tim.o
 *fill*         0x000000000800afa3        0x1 
 .rodata.SHIFT_TAB_CCxP
                0x000000000800afa4        0x7 Core/Src/tim.o
 *fill*         0x000000000800afab        0x1 
 .rodata._global_impure_ptr
                0x000000000800afac        0x4 c:/st/stm32cubeide_1.0.2/stm32cubeide/plugins/com.st.stm32cube.ide.mcu.externaltools.gnu-tools-for-stm32.9-2020-q2-update.win32_1.5.0.202011040924/tools/bin/../lib/gcc/arm-none-eabi/9.3.1/../../../../arm-none-eabi/lib/thumb/v7e-m+fp/hard\libc_nano.a(lib_a-impure.o)
                0x000000000800afac                _global_impure_ptr
 .rodata._printf_float.str1.1
                0x000000000800afb0       0x12 c:/st/stm32cubeide_1.0.2/stm32cubeide/plugins/com.st.stm32cube.ide.mcu.externaltools.gnu-tools-for-stm32.9-2020-q2-update.win32_1.5.0.202011040924/tools/bin/../lib/gcc/arm-none-eabi/9.3.1/../../../../arm-none-eabi/lib/thumb/v7e-m+fp/hard\libc_nano.a(lib_a-nano-vfprintf_float.o)
 .rodata._printf_i.str1.1
                0x000000000800afc2       0x22 c:/st/stm32cubeide_1.0.2/stm32cubeide/plugins/com.st.stm32cube.ide.mcu.externaltools.gnu-tools-for-stm32.9-2020-q2-update.win32_1.5.0.202011040924/tools/bin/../lib/gcc/arm-none-eabi/9.3.1/../../../../arm-none-eabi/lib/thumb/v7e-m+fp/hard\libc_nano.a(lib_a-nano-vfprintf_i.o)
 .rodata._dtoa_r.str1.1
                0x000000000800afe4       0x94 c:/st/stm32cubeide_1.0.2/stm32cubeide/plugins/com.st.stm32cube.ide.mcu.externaltools.gnu-tools-for-stm32.9-2020-q2-update.win32_1.5.0.202011040924/tools/bin/../lib/gcc/arm-none-eabi/9.3.1/../../../../arm-none-eabi/lib/thumb/v7e-m+fp/hard\libc_nano.a(lib_a-dtoa.o)
                                         0x96 (size before relaxing)
 .rodata.__sf_fake_stderr