Archive member included to satisfy reference by file (symbol)

c:/st/stm32cubeide_1.0.2/stm32cubeide/plugins/com.st.stm32cube.ide.mcu.externaltools.gnu-tools-for-stm32.9-2020-q2-update.win32_1.5.0.202011040924/tools/bin/../lib/gcc/arm-none-eabi/9.3.1/../../../../arm-none-eabi/lib/thumb/v7e-m+fp/hard\libc_nano.a(lib_a-errno.o)
                              Core/Src/syscalls.o (__errno)
c:/st/stm32cubeide_1.0.2/stm32cubeide/plugins/com.st.stm32cube.ide.mcu.externaltools.gnu-tools-for-stm32.9-2020-q2-update.win32_1.5.0.202011040924/tools/bin/../lib/gcc/arm-none-eabi/9.3.1/../../../../arm-none-eabi/lib/thumb/v7e-m+fp/hard\libc_nano.a(lib_a-exit.o)
                              c:/st/stm32cubeide_1.0.2/stm32cubeide/plugins/com.st.stm32cube.ide.mcu.externaltools.gnu-tools-for-stm32.9-2020-q2-update.win32_1.5.0.202011040924/tools/bin/../lib/gcc/arm-none-eabi/9.3.1/../../../../arm-none-eabi/lib/thumb/v7e-m+fp/hard/crt0.o (exit)
c:/st/stm32cubeide_1.0.2/stm32cubeide/plugins/com.st.stm32cube.ide.mcu.externaltools.gnu-tools-for-stm32.9-2020-q2-update.win32_1.5.0.202011040924/tools/bin/../lib/gcc/arm-none-eabi/9.3.1/../../../../arm-none-eabi/lib/thumb/v7e-m+fp/hard\libc_nano.a(lib_a-impure.o)
                              c:/st/stm32cubeide_1.0.2/stm32cubeide/plugins/com.st.stm32cube.ide.mcu.externaltools.gnu-tools-for-stm32.9-2020-q2-update.win32_1.5.0.202011040924/tools/bin/../lib/gcc/arm-none-eabi/9.3.1/../../../../arm-none-eabi/lib/thumb/v7e-m+fp/hard\libc_nano.a(lib_a-exit.o) (_global_impure_ptr)
c:/st/stm32cubeide_1.0.2/stm32cubeide/plugins/com.st.stm32cube.ide.mcu.externaltools.gnu-tools-for-stm32.9-2020-q2-update.win32_1.5.0.202011040924/tools/bin/../lib/gcc/arm-none-eabi/9.3.1/../../../../arm-none-eabi/lib/thumb/v7e-m+fp/hard\libc_nano.a(lib_a-init.o)
                              c:/st/stm32cubeide_1.0.2/stm32cubeide/plugins/com.st.stm32cube.ide.mcu.externaltools.gnu-tools-for-stm32.9-2020-q2-update.win32_1.5.0.202011040924/tools/bin/../lib/gcc/arm-none-eabi/9.3.1/../../../../arm-none-eabi/lib/thumb/v7e-m+fp/hard/crt0.o (__libc_init_array)
c:/st/stm32cubeide_1.0.2/stm32cubeide/plugins/com.st.stm32cube.ide.mcu.externaltools.gnu-tools-for-stm32.9-2020-q2-update.win32_1.5.0.202011040924/tools/bin/../lib/gcc/arm-none-eabi/9.3.1/../../../../arm-none-eabi/lib/thumb/v7e-m+fp/hard\libc_nano.a(lib_a-memset.o)
                              c:/st/stm32cubeide_1.0.2/stm32cubeide/plugins/com.st.stm32cube.ide.mcu.externaltools.gnu-tools-for-stm32.9-2020-q2-update.win32_1.5.0.202011040924/tools/bin/../lib/gcc/arm-none-eabi/9.3.1/../../../../arm-none-eabi/lib/thumb/v7e-m+fp/hard/crt0.o (memset)
c:/st/stm32cubeide_1.0.2/stm32cubeide/plugins/com.st.stm32cube.ide.mcu.externaltools.gnu-tools-for-stm32.9-2020-q2-update.win32_1.5.0.202011040924/tools/bin/../lib/gcc/arm-none-eabi/9.3.1/../../../../arm-none-eabi/lib/thumb/v7e-m+fp/hard\libc_nano.a(lib_a-nano-vfprintf_float.o)
                              (_printf_float)
c:/st/stm32cubeide_1.0.2/stm32cubeide/plugins/com.st.stm32cube.ide.mcu.externaltools.gnu-tools-for-stm32.9-2020-q2-update.win32_1.5.0.202011040924/tools/bin/../lib/gcc/arm-none-eabi/9.3.1/../../../../arm-none-eabi/lib/thumb/v7e-m+fp/hard\libc_nano.a(lib_a-nano-vfprintf_i.o)
                              c:/st/stm32cubeide_1.0.2/stm32cubeide/plugins/com.st.stm32cube.ide.mcu.externaltools.gnu-tools-for-stm32.9-2020-q2-update.win32_1.5.0.202011040924/tools/bin/../lib/gcc/arm-none-eabi/9.3.1/../../../../arm-none-eabi/lib/thumb/v7e-m+fp/hard\libc_nano.a(lib_a-nano-vfprintf_float.o) (_printf_common)
c:/st/stm32cubeide_1.0.2/stm32cubeide/plugins/com.st.stm32cube.ide.mcu.externaltools.gnu-tools-for-stm32.9-2020-q2-update.win32_1.5.0.202011040924/tools/bin/../lib/gcc/arm-none-eabi/9.3.1/../../../../arm-none-eabi/lib/thumb/v7e-m+fp/hard\libc_nano.a(lib_a-printf.o)
                              Core/Src/Controller/mode.o (printf)
c:/st/stm32cubeide_1.0.2/stm32cubeide/plugins/com.st.stm32cube.ide.mcu.externaltools.gnu-tools-for-stm32.9-2020-q2-update.win32_1.5.0.202011040924/tools/bin/../lib/gcc/arm-none-eabi/9.3.1/../../../../arm-none-eabi/lib/thumb/v7e-m+fp/hard\libc_nano.a(lib_a-putchar.o)
                              Core/Src/Controller/mode.o (putchar)
c:/st/stm32cubeide_1.0.2/stm32cubeide/plugins/com.st.stm32cube.ide.mcu.externaltools.gnu-tools-for-stm32.9-2020-q2-update.win32_1.5.0.202011040924/tools/bin/../lib/gcc/arm-none-eabi/9.3.1/../../../../arm-none-eabi/lib/thumb/v7e-m+fp/hard\libc_nano.a(lib_a-puts.o)
                              Core/Src/Controller/mode.o (puts)
c:/st/stm32cubeide_1.0.2/stm32cubeide/plugins/com.st.stm32cube.ide.mcu.externaltools.gnu-tools-for-stm32.9-2020-q2-update.win32_1.5.0.202011040924/tools/bin/../lib/gcc/arm-none-eabi/9.3.1/../../../../arm-none-eabi/lib/thumb/v7e-m+fp/hard\libc_nano.a(lib_a-setbuf.o)
                              Core/Src/main.o (setbuf)
[...]
Memory Configuration

Name             Origin             Length             Attributes
CCMRAM           0x0000000010000000 0x0000000000010000 xrw
RAM              0x0000000020000000 0x0000000000020000 xrw
FLASH            0x0000000008000000 0x0000000000100000 xr
*default*        0x0000000000000000 0xffffffffffffffff

Linker script and memory map

LOAD c:/st/stm32cubeide_1.0.2/stm32cubeide/plugins/com.st.stm32cube.ide.mcu.externaltools.gnu-tools-for-stm32.9-2020-q2-update.win32_1.5.0.202011040924/tools/bin/../lib/gcc/arm-none-eabi/9.3.1/thumb/v7e-m+fp/hard/crti.o
LOAD c:/st/stm32cubeide_1.0.2/stm32cubeide/plugins/com.st.stm32cube.ide.mcu.externaltools.gnu-tools-for-stm32.9-2020-q2-update.win32_1.5.0.202011040924/tools/bin/../lib/gcc/arm-none-eabi/9.3.1/thumb/v7e-m+fp/hard/crtbegin.o
LOAD c:/st/stm32cubeide_1.0.2/stm32cubeide/plugins/com.st.stm32cube.ide.mcu.externaltools.gnu-tools-for-stm32.9-2020-q2-update.win32_1.5.0.202011040924/tools/bin/../lib/gcc/arm-none-eabi/9.3.1/../../../../arm-none-eabi/lib/thumb/v7e-m+fp/hard/crt0.o
LOAD Core/Src/Controller/callback.o
LOAD Core/Src/Controller/mode.o
LOAD Core/Src/Controller/search.o
LOAD Core/Src/Controller/state.o
LOAD Core/Src/Controller/test.o
LOAD Core/Src/Hardware/ICM20689.o
LOAD Core/Src/Hardware/basic_timer.o
LOAD Core/Src/Hardware/battery.o
LOAD Core/Src/Hardware/buzzer.o
LOAD Core/Src/Hardware/encoder.o
LOAD Core/Src/Hardware/flash.o
LOAD Core/Src/Hardware/interface_LED.o
LOAD Core/Src/Hardware/motor.o
LOAD Core/Src/Hardware/wall_sensor.o
LOAD Core/Src/System/flags.o
LOAD Core/Src/System/log.o
LOAD Core/Src/System/map.o
LOAD Core/Src/System/motion.o
LOAD Core/Src/System/music.o
LOAD Core/Src/System/route.o
LOAD Core/Src/System/sensing.o
LOAD Core/Src/adc.o
LOAD Core/Src/dma.o
LOAD Core/Src/gpio.o
LOAD Core/Src/main.o
LOAD Core/Src/spi.o
LOAD Core/Src/stm32f4xx_it.o
LOAD Core/Src/syscalls.o
LOAD Core/Src/sysmem.o
LOAD Core/Src/system_stm32f4xx.o
LOAD Core/Src/tim.o
LOAD Core/Src/usart.o
LOAD Core/Startup/startup_stm32f405rgtx.o
LOAD Drivers/STM32F4xx_HAL_Driver/Src/stm32f4xx_ll_adc.o
LOAD Drivers/STM32F4xx_HAL_Driver/Src/stm32f4xx_ll_dma.o
LOAD Drivers/STM32F4xx_HAL_Driver/Src/stm32f4xx_ll_exti.o
LOAD Drivers/STM32F4xx_HAL_Driver/Src/stm32f4xx_ll_gpio.o
LOAD Drivers/STM32F4xx_HAL_Driver/Src/stm32f4xx_ll_rcc.o
LOAD Drivers/STM32F4xx_HAL_Driver/Src/stm32f4xx_ll_spi.o
LOAD Drivers/STM32F4xx_HAL_Driver/Src/stm32f4xx_ll_tim.o
LOAD Drivers/STM32F4xx_HAL_Driver/Src/stm32f4xx_ll_usart.o
LOAD Drivers/STM32F4xx_HAL_Driver/Src/stm32f4xx_ll_utils.o
START GROUP
LOAD c:/st/stm32cubeide_1.0.2/stm32cubeide/plugins/com.st.stm32cube.ide.mcu.externaltools.gnu-tools-for-stm32.9-2020-q2-update.win32_1.5.0.202011040924/tools/bin/../lib/gcc/arm-none-eabi/9.3.1/../../../../arm-none-eabi/lib/thumb/v7e-m+fp/hard\libc_nano.a
LOAD c:/st/stm32cubeide_1.0.2/stm32cubeide/plugins/com.st.stm32cube.ide.mcu.externaltools.gnu-tools-for-stm32.9-2020-q2-update.win32_1.5.0.202011040924/tools/bin/../lib/gcc/arm-none-eabi/9.3.1/../../../../arm-none-eabi/lib/thumb/v7e-m+fp/hard\libm.a
END GROUP
START GROUP
LOAD c:/st/stm32cubeide_1.0.2/stm32cubeide/plugins/com.st.stm32cube.ide.mcu.externaltools.gnu-tools-for-stm32.9-2020-q2-update.win32_1.5.0.202011040924/tools/bin/../lib/gcc/arm-none-eabi/9.3.1/thumb/v7e-m+fp/hard\libgcc.a
LOAD c:/st/stm32cubeide_1.0.2/stm32cubeide/plugins/com.st.stm32cube.ide.mcu.externaltools.gnu-tools-for-stm32.9-2020-q2-update.win32_1.5.0.202011040924/tools/bin/../lib/gcc/arm-none-eabi/9.3.1/../../../../arm-none-eabi/lib/thumb/v7e-m+fp/hard\libc_nano.a
END GROUP
START GROUP
LOAD c:/st/stm32cubeide_1.0.2/stm32cubeide/plugins/com.st.stm32cube.ide.mcu.externaltools.gnu-tools-for-stm32.9-2020-q2-update.win32_1.5.0.202011040924/tools/bin/../lib/gcc/arm-none-eabi/9.3.1/thumb/v7e-m+fp/hard\libgcc.a
LOAD c:/st/stm32cubeide_1.0.2/stm32cubeide/plugins/com.st.stm32cube.ide.mcu.externaltools.gnu-tools-for-stm32.9-2020-q2-update.win32_1.5.0.202011040924/tools/bin/../lib/gcc/arm-none-eabi/9.3.1/../../../../arm-none-eabi/lib/thumb/v7e-m+fp/hard\libc_nano.a
LOAD c:/st/stm32cubeide_1.0.2/stm32cubeide/plugins/com.st.stm32cube.ide.mcu.externaltools.gnu-tools-for-stm32.9-2020-q2-update.win32_1.5.0.202011040924/tools/bin/../lib/gcc/arm-none-eabi/9.3.1/../../../../arm-none-eabi/lib/thumb/v7e-m+fp/hard\libnosys.a
END GROUP
START GROUP
LOAD c:/st/stm32cubeide_1.0.2/stm32cubeide/plugins/com.st.stm32cube.ide.mcu.externaltools.gnu-tools-for-stm32.9-2020-q2-update.win32_1.5.0.202011040924/tools/bin/../lib/gcc/arm-none-eabi/9.3.1/thumb/v7e-m+fp/hard\libgcc.a
LOAD c:/st/stm32cubeide_1.0.2/stm32cubeide/plugins/com.st.stm32cube.ide.mcu.externaltools.gnu-tools-for-stm32.9-2020-q2-update.win32_1.5.0.202011040924/tools/bin/../lib/gcc/arm-none-eabi/9.3.1/../../../../arm-none-eabi/lib/thumb/v7e-m+fp/hard\libc_nano.a
LOAD c:/st/stm32cubeide_1.0.2/stm32cubeide/plugins/com.st.stm32cube.ide.mcu.externaltools.gnu-tools-for-stm32.9-2020-q2-update.win32_1.5.0.202011040924/tools/bin/../lib/gcc/arm-none-eabi/9.3.1/../../../../arm-none-eabi/lib/thumb/v7e-m+fp/hard\libnosys.a
END GROUP
LOAD c:/st/stm32cubeide_1.0.2/stm32cubeide/plugins/com.st.stm32cube.ide.mcu.externaltools.gnu-tools-for-stm32.9-2020-q2-update.win32_1.5.0.202011040924/tools/bin/../lib/gcc/arm-none-eabi/9.3.1/thumb/v7e-m+fp/hard/crtend.o
LOAD c:/st/stm32cubeide_1.0.2/stm32cubeide/plugins/com.st.stm32cube.ide.mcu.externaltools.gnu-tools-for-stm32.9-2020-q2-update.win32_1.5.0.202011040924/tools/bin/../lib/gcc/arm-none-eabi/9.3.1/thumb/v7e-m+fp/hard/crtn.o
                0x0000000020020000                _estack = (ORIGIN (RAM) + LENGTH (RAM))
                0x0000000000000200                _Min_Heap_Size = 0x200
                0x0000000000000400                _Min_Stack_Size = 0x400

.isr_vector     0x0000000008000000      0x188
                0x0000000008000000                . = ALIGN (0x4)
 *(.isr_vector)
 .isr_vector    0x0000000008000000      0x188 Core/Startup/startup_stm32f405rgtx.o
                0x0000000008000000                g_pfnVectors
                0x0000000008000188                . = ALIGN (0x4)

.text           0x0000000008000190     0xcfe4
                0x0000000008000190                . = ALIGN (0x4)
 *(.text)
 .text          0x0000000008000190       0x40 c:/st/stm32cubeide_1.0.2/stm32cubeide/plugins/com.st.stm32cube.ide.mcu.externaltools.gnu-tools-for-stm32.9-2020-q2-update.win32_1.5.0.202011040924/tools/bin/../lib/gcc/arm-none-eabi/9.3.1/thumb/v7e-m+fp/hard/crtbegin.o
 .text          0x00000000080001d0       0x10 c:/st/stm32cubeide_1.0.2/stm32cubeide/plugins/com.st.stm32cube.ide.mcu.externaltools.gnu-tools-for-stm32.9-2020-q2-update.win32_1.5.0.202011040924/tools/bin/../lib/gcc/arm-none-eabi/9.3.1/../../../../arm-none-eabi/lib/thumb/v7e-m+fp/hard\libc_nano.a(lib_a-strlen.o)
                0x00000000080001d0                strlen
 .text          0x00000000080001e0       0xa0 c:/st/stm32cubeide_1.0.2/stm32cubeide/plugins/com.st.stm32cube.ide.mcu.externaltools.gnu-tools-for-stm32.9-2020-q2-update.win32_1.5.0.202011040924/tools/bin/../lib/gcc/arm-none-eabi/9.3.1/../../../../arm-none-eabi/lib/thumb/v7e-m+fp/hard\libc_nano.a(lib_a-memchr.o)
                0x00000000080001e0                memchr
 .text          0x0000000008000280      0x378 c:/st/stm32cubeide_1.0.2/stm32cubeide/plugins/com.st.stm32cube.ide.mcu.externaltools.gnu-tools-for-stm32.9-2020-q2-update.win32_1.5.0.202011040924/tools/bin/../lib/gcc/arm-none-eabi/9.3.1/thumb/v7e-m+fp/hard\libgcc.a(_arm_addsubdf3.o)
                0x0000000008000280                __aeabi_drsub
                0x0000000008000288                __aeabi_dsub
                0x0000000008000288                __subdf3
                0x000000000800028c                __aeabi_dadd
                0x000000000800028c                __adddf3
                0x0000000008000504                __floatunsidf
                0x0000000008000504                __aeabi_ui2d
                0x0000000008000524                __floatsidf
                0x0000000008000524                __aeabi_i2d
                0x0000000008000548                __aeabi_f2d
                0x0000000008000548                __extendsfdf2
                0x000000000800058c                __floatundidf
                0x000000000800058c                __aeabi_ul2d
                0x000000000800059c                __floatdidf
                0x000000000800059c                __aeabi_l2d
 .text          0x00000000080005f8      0x424 c:/st/stm32cubeide_1.0.2/stm32cubeide/plugins/com.st.stm32cube.ide.mcu.externaltools.gnu-tools-for-stm32.9-2020-q2-update.win32_1.5.0.202011040924/tools/bin/../lib/gcc/arm-none-eabi/9.3.1/thumb/v7e-m+fp/hard\libgcc.a(_arm_muldivdf3.o)
                0x00000000080005f8                __aeabi_dmul
                0x00000000080005f8                __muldf3
                0x000000000800084c                __divdf3
                0x000000000800084c                __aeabi_ddiv
 .text          0x0000000008000a1c      0x110 c:/st/stm32cubeide_1.0.2/stm32cubeide/plugins/com.st.stm32cube.ide.mcu.externaltools.gnu-tools-for-stm32.9-2020-q2-update.win32_1.5.0.202011040924/tools/bin/../lib/gcc/arm-none-eabi/9.3.1/thumb/v7e-m+fp/hard\libgcc.a(_arm_cmpdf2.o)
                0x0000000008000a1c                __gtdf2
                0x0000000008000a1c                __gedf2
                0x0000000008000a24                __ltdf2
                0x0000000008000a24                __ledf2
                0x0000000008000a2c                __nedf2
                0x0000000008000a2c                __eqdf2
                0x0000000008000a2c                __cmpdf2
                0x0000000008000aa8                __aeabi_cdrcmple
                0x0000000008000ab8                __aeabi_cdcmpeq
                0x0000000008000ab8                __aeabi_cdcmple
                0x0000000008000ac8                __aeabi_dcmpeq
                0x0000000008000adc                __aeabi_dcmplt
                0x0000000008000af0                __aeabi_dcmple
                0x0000000008000b04                __aeabi_dcmpge
                0x0000000008000b18                __aeabi_dcmpgt
 .text          0x0000000008000b2c       0x2c c:/st/stm32cubeide_1.0.2/stm32cubeide/plugins/com.st.stm32cube.ide.mcu.externaltools.gnu-tools-for-stm32.9-2020-q2-update.win32_1.5.0.202011040924/tools/bin/../lib/gcc/arm-none-eabi/9.3.1/thumb/v7e-m+fp/hard\libgcc.a(_arm_unorddf2.o)
                0x0000000008000b2c                __unorddf2
                0x0000000008000b2c                __aeabi_dcmpun
 .text          0x0000000008000b58       0x50 c:/st/stm32cubeide_1.0.2/stm32cubeide/plugins/com.st.stm32cube.ide.mcu.externaltools.gnu-tools-for-stm32.9-2020-q2-update.win32_1.5.0.202011040924/tools/bin/../lib/gcc/arm-none-eabi/9.3.1/thumb/v7e-m+fp/hard\libgcc.a(_arm_fixdfsi.o)
                0x0000000008000b58                __aeabi_d2iz
                0x0000000008000b58                __fixdfsi
 .text          0x0000000008000ba8       0xa0 c:/st/stm32cubeide_1.0.2/stm32cubeide/plugins/com.st.stm32cube.ide.mcu.externaltools.gnu-tools-for-stm32.9-2020-q2-update.win32_1.5.0.202011040924/tools/bin/../lib/gcc/arm-none-eabi/9.3.1/thumb/v7e-m+fp/hard\libgcc.a(_arm_truncdfsf2.o)
                0x0000000008000ba8                __truncdfsf2
                0x0000000008000ba8                __aeabi_d2f
 .text          0x0000000008000c48       0x30 c:/st/stm32cubeide_1.0.2/stm32cubeide/plugins/com.st.stm32cube.ide.mcu.externaltools.gnu-tools-for-stm32.9-2020-q2-update.win32_1.5.0.202011040924/tools/bin/../lib/gcc/arm-none-eabi/9.3.1/thumb/v7e-m+fp/hard\libgcc.a(_aeabi_uldivmod.o)
                0x0000000008000c48                __aeabi_uldivmod
 .text          0x0000000008000c78      0x2c4 c:/st/stm32cubeide_1.0.2/stm32cubeide/plugins/com.st.stm32cube.ide.mcu.externaltools.gnu-tools-for-stm32.9-2020-q2-update.win32_1.5.0.202011040924/tools/bin/../lib/gcc/arm-none-eabi/9.3.1/thumb/v7e-m+fp/hard\libgcc.a(_udivmoddi4.o)
                0x0000000008000c78                __udivmoddi4
 .text          0x0000000008000f3c        0x4 c:/st/stm32cubeide_1.0.2/stm32cubeide/plugins/com.st.stm32cube.ide.mcu.externaltools.gnu-tools-for-stm32.9-2020-q2-update.win32_1.5.0.202011040924/tools/bin/../lib/gcc/arm-none-eabi/9.3.1/thumb/v7e-m+fp/hard\libgcc.a(_dvmd_tls.o)
                0x0000000008000f3c                __aeabi_idiv0
                0x0000000008000f3c                __aeabi_ldiv0
 *(.text*)
 .text.callbackTIM
                0x0000000008000f40       0x74 Core/Src/Controller/callback.o
                0x0000000008000f40                callbackTIM
 .text.printMode
                0x0000000008000fb4      0x140 Core/Src/Controller/mode.o
                0x0000000008000fb4                printMode
 .text.modeSelect
                0x00000000080010f4      0x128 Core/Src/Controller/mode.o
                0x00000000080010f4                modeSelect
 .text.waitStarting
                0x000000000800121c       0x78 Core/Src/Controller/mode.o
                0x000000000800121c                waitStarting
 .text.judgeFailSafe
                0x0000000008001294       0xb8 Core/Src/Controller/mode.o
                0x0000000008001294                judgeFailSafe
 .text.errorFunctions
                0x000000000800134c       0x8c Core/Src/Controller/mode.o
                0x000000000800134c                errorFunctions
 .text.rotateSafteyR180
                0x00000000080013d8       0x3c Core/Src/Controller/search.o
                0x00000000080013d8                rotateSafteyR180
 .text.prepareStateForSearching
                0x0000000008001414       0x60 Core/Src/Controller/search.o
                0x0000000008001414                prepareStateForSearching
 .text.searchMazeBySlalom
                0x0000000008001474      0x1fc Core/Src/Controller/search.o
                0x0000000008001474                searchMazeBySlalom
 .text.CheckGoal
                0x0000000008001670       0xcc Core/Src/Controller/search.o
                0x0000000008001670                CheckGoal
 .text.calculateSensorError
                0x000000000800173c      0x264 Core/Src/Controller/state.o
                0x000000000800173c                calculateSensorError
 .text.calculatePID
                0x00000000080019a0      0x118 Core/Src/Controller/state.o
                0x00000000080019a0                calculatePID
 .text.calculateTargetVelocity
                0x0000000008001ab8       0xbc Core/Src/Controller/state.o
                0x0000000008001ab8                calculateTargetVelocity
 .text.calculateTagetOmega
                0x0000000008001b74       0xbc Core/Src/Controller/state.o
                0x0000000008001b74                calculateTagetOmega
 .text.fixTargetOmegaFromWallSensor
                0x0000000008001c30      0x150 Core/Src/Controller/state.o
                0x0000000008001c30                fixTargetOmegaFromWallSensor
 .text.setStatus
                0x0000000008001d80       0x80 Core/Src/Controller/state.o
                0x0000000008001d80                setStatus
 .text.setTurnParams
                0x0000000008001e00       0x76 Core/Src/Controller/state.o
                0x0000000008001e00                setTurnParams
 .text.setParameters
                0x0000000008001e76       0x4e Core/Src/Controller/state.o
                0x0000000008001e76                setParameters
 .text.initMouseStatus
                0x0000000008001ec4      0x6b0 Core/Src/Controller/state.o
                0x0000000008001ec4                initMouseStatus
 .text.updateStatus
                0x0000000008002574      0x310 Core/Src/Controller/state.o
                0x0000000008002574                updateStatus
 .text.prepareForTest
                0x0000000008002884       0x60 Core/Src/Controller/test.o
                0x0000000008002884                prepareForTest
 .text.testKeepDistance
                0x00000000080028e4       0x38 Core/Src/Controller/test.o
                0x00000000080028e4                testKeepDistance
 .text.testWallSensors
                0x000000000800291c       0x60 Core/Src/Controller/test.o
                0x000000000800291c                testWallSensors
 .text.testEncoders
                0x000000000800297c       0x64 Core/Src/Controller/test.o
                0x000000000800297c                testEncoders
 .text.testIMU  0x00000000080029e0       0x34 Core/Src/Controller/test.o
                0x00000000080029e0                testIMU
 .text.LL_SPI_Enable
                0x0000000008002a14       0x20 Core/Src/Hardware/ICM20689.o
 .text.LL_SPI_IsEnabled
                0x0000000008002a34       0x26 Core/Src/Hardware/ICM20689.o
 .text.LL_SPI_IsActiveFlag_RXNE
                0x0000000008002a5a       0x26 Core/Src/Hardware/ICM20689.o
 .text.LL_SPI_IsActiveFlag_TXE
                0x0000000008002a80       0x26 Core/Src/Hardware/ICM20689.o
 .text.LL_SPI_ReceiveData8
                0x0000000008002aa6       0x1a Core/Src/Hardware/ICM20689.o
 .text.LL_SPI_TransmitData8
                0x0000000008002ac0       0x24 Core/Src/Hardware/ICM20689.o
 .text.LL_GPIO_SetOutputPin
                0x0000000008002ae4       0x1c Core/Src/Hardware/ICM20689.o
 .text.LL_GPIO_ResetOutputPin
                0x0000000008002b00       0x1e Core/Src/Hardware/ICM20689.o
 *fill*         0x0000000008002b1e        0x2 
 .text.SPI_Control
                0x0000000008002b20       0x9c Core/Src/Hardware/ICM20689.o
                0x0000000008002b20                SPI_Control
 .text.readByte
                0x0000000008002bbc       0x38 Core/Src/Hardware/ICM20689.o
                0x0000000008002bbc                readByte
 .text.writeByte
                0x0000000008002bf4       0x3c Core/Src/Hardware/ICM20689.o
                0x0000000008002bf4                writeByte
 .text.initIMU  0x0000000008002c30       0xb0 Core/Src/Hardware/ICM20689.o
                0x0000000008002c30                initIMU
 .text.readGyroOmegaZ
                0x0000000008002ce0       0x4c Core/Src/Hardware/ICM20689.o
                0x0000000008002ce0                readGyroOmegaZ
 .text.readGyroAccelX
                0x0000000008002d2c       0x4c Core/Src/Hardware/ICM20689.o
                0x0000000008002d2c                readGyroAccelX
 .text.LL_TIM_EnableCounter
                0x0000000008002d78       0x20 Core/Src/Hardware/basic_timer.o
 .text.LL_TIM_DisableCounter
                0x0000000008002d98       0x20 Core/Src/Hardware/basic_timer.o
 .text.LL_TIM_EnableIT_UPDATE
                0x0000000008002db8       0x20 Core/Src/Hardware/basic_timer.o
 .text.LL_TIM_DisableIT_UPDATE
                0x0000000008002dd8       0x20 Core/Src/Hardware/basic_timer.o
 .text.basicTimerStart
                0x0000000008002df8       0x18 Core/Src/Hardware/basic_timer.o
                0x0000000008002df8                basicTimerStart
 .text.basicTimerPause
                0x0000000008002e10       0x18 Core/Src/Hardware/basic_timer.o
                0x0000000008002e10                basicTimerPause
 .text.waitMs   0x0000000008002e28       0x1a Core/Src/Hardware/basic_timer.o
                0x0000000008002e28                waitMs
 *fill*         0x0000000008002e42        0x2 
 .text.waitUs   0x0000000008002e44       0x54 Core/Src/Hardware/basic_timer.o
                0x0000000008002e44                waitUs
 .text.readBatteryCheck
                0x0000000008002e98       0x28 Core/Src/Hardware/battery.o
                0x0000000008002e98                readBatteryCheck
 .text.LL_TIM_EnableCounter
                0x0000000008002ec0       0x20 Core/Src/Hardware/buzzer.o
 .text.LL_TIM_SetCounter
                0x0000000008002ee0       0x1c Core/Src/Hardware/buzzer.o
 .text.LL_TIM_SetAutoReload
                0x0000000008002efc       0x1c Core/Src/Hardware/buzzer.o
 .text.LL_TIM_CC_EnableChannel
                0x0000000008002f18       0x22 Core/Src/Hardware/buzzer.o
 .text.LL_TIM_OC_SetCompareCH4
                0x0000000008002f3a       0x1c Core/Src/Hardware/buzzer.o
 .text.LL_TIM_EnableAllOutputs
                0x0000000008002f56       0x20 Core/Src/Hardware/buzzer.o
 *fill*         0x0000000008002f76        0x2 
 .text.enableMelody
                0x0000000008002f78       0x24 Core/Src/Hardware/buzzer.o
                0x0000000008002f78                enableMelody
 .text.stopMelody
                0x0000000008002f9c       0x14 Core/Src/Hardware/buzzer.o
                0x0000000008002f9c                stopMelody
 .text.Melody   0x0000000008002fb0       0x58 Core/Src/Hardware/buzzer.o
                0x0000000008002fb0                Melody
 .text.LL_TIM_EnableCounter
                0x0000000008003008       0x20 Core/Src/Hardware/encoder.o
 .text.LL_TIM_DisableCounter
                0x0000000008003028       0x20 Core/Src/Hardware/encoder.o
 .text.enableEncoder
                0x0000000008003048       0x28 Core/Src/Hardware/encoder.o
                0x0000000008003048                enableEncoder
 .text.disableEncoder
                0x0000000008003070       0x1c Core/Src/Hardware/encoder.o
                0x0000000008003070                disableEncoder
 .text.getEncoderData
                0x000000000800308c       0x64 Core/Src/Hardware/encoder.o
                0x000000000800308c                getEncoderData
 .text.FLASH_Lock
                0x00000000080030f0       0x20 Core/Src/Hardware/flash.o
 .text.FLASH_Unlock
                0x0000000008003110       0x28 Core/Src/Hardware/flash.o
 .text.FLASH_WaitBusy
                0x0000000008003138       0x24 Core/Src/Hardware/flash.o
                0x0000000008003138                FLASH_WaitBusy
 .text.FLASH_WriteByte
                0x000000000800315c       0x50 Core/Src/Hardware/flash.o
                0x000000000800315c                FLASH_WriteByte
 .text.FLASH_WriteData
                0x00000000080031ac       0x34 Core/Src/Hardware/flash.o
                0x00000000080031ac                FLASH_WriteData
 .text.FLASH_ReadData
                0x00000000080031e0       0x24 Core/Src/Hardware/flash.o
                0x00000000080031e0                FLASH_ReadData
 .text.FLASH_Erase
                0x0000000008003204       0x3c Core/Src/Hardware/flash.o
                0x0000000008003204                FLASH_Erase
 .text.setLED1State
                0x0000000008003240       0x34 Core/Src/Hardware/interface_LED.o
                0x0000000008003240                setLED1State
 .text.setLED2State
                0x0000000008003274       0x34 Core/Src/Hardware/interface_LED.o
                0x0000000008003274                setLED2State
 .text.setLED3State
                0x00000000080032a8       0x34 Core/Src/Hardware/interface_LED.o
                0x00000000080032a8                setLED3State
 .text.setLED4State
                0x00000000080032dc       0x30 Core/Src/Hardware/interface_LED.o
                0x00000000080032dc                setLED4State
 .text.setLED5State
                0x000000000800330c       0x30 Core/Src/Hardware/interface_LED.o
                0x000000000800330c                setLED5State
 .text.displayBinaryValueWithLEDs
                0x000000000800333c       0x58 Core/Src/Hardware/interface_LED.o
                0x000000000800333c                displayBinaryValueWithLEDs
 .text.LL_TIM_EnableCounter
                0x0000000008003394       0x20 Core/Src/Hardware/motor.o
 .text.LL_TIM_DisableCounter
                0x00000000080033b4       0x20 Core/Src/Hardware/motor.o
 .text.LL_TIM_SetCounter
                0x00000000080033d4       0x1c Core/Src/Hardware/motor.o
 .text.LL_TIM_CC_EnableChannel
                0x00000000080033f0       0x22 Core/Src/Hardware/motor.o
 .text.LL_TIM_CC_DisableChannel
                0x0000000008003412       0x24 Core/Src/Hardware/motor.o
 .text.LL_TIM_OC_SetCompareCH1
                0x0000000008003436       0x1c Core/Src/Hardware/motor.o
 .text.LL_TIM_OC_SetCompareCH2
                0x0000000008003452       0x1c Core/Src/Hardware/motor.o
 .text.LL_TIM_EnableAllOutputs
                0x000000000800346e       0x20 Core/Src/Hardware/motor.o
 .text.LL_GPIO_SetOutputPin
                0x000000000800348e       0x1c Core/Src/Hardware/motor.o
 .text.LL_GPIO_ResetOutputPin
                0x00000000080034aa       0x1e Core/Src/Hardware/motor.o
 .text.setMotorDriverState
                0x00000000080034c8       0x3c Core/Src/Hardware/motor.o
                0x00000000080034c8                setMotorDriverState
 .text.enableMotors
                0x0000000008003504       0x90 Core/Src/Hardware/motor.o
                0x0000000008003504                enableMotors
 .text.setMotorDirection
                0x0000000008003594       0x80 Core/Src/Hardware/motor.o
                0x0000000008003594                setMotorDirection
 .text.dutyConverter
                0x0000000008003614       0x6c Core/Src/Hardware/motor.o
                0x0000000008003614                dutyConverter
 .text.driveMotors
                0x0000000008003680       0xa4 Core/Src/Hardware/motor.o
                0x0000000008003680                driveMotors
 .text.shutdownMotors
                0x0000000008003724       0x44 Core/Src/Hardware/motor.o
                0x0000000008003724                shutdownMotors
 .text.LL_ADC_DMA_GetRegAddr
                0x0000000008003768       0x34 Core/Src/Hardware/wall_sensor.o
 .text.LL_ADC_Enable
                0x000000000800379c       0x20 Core/Src/Hardware/wall_sensor.o
 .text.LL_ADC_REG_StartConversionSWStart
                0x00000000080037bc       0x20 Core/Src/Hardware/wall_sensor.o
 .text.LL_ADC_ClearFlag_EOCS
                0x00000000080037dc       0x1c Core/Src/Hardware/wall_sensor.o
 .text.LL_DMA_EnableStream
                0x00000000080037f8       0x40 Core/Src/Hardware/wall_sensor.o
 .text.LL_DMA_DisableStream
                0x0000000008003838       0x40 Core/Src/Hardware/wall_sensor.o
 .text.LL_DMA_SetDataLength
                0x0000000008003878       0x48 Core/Src/Hardware/wall_sensor.o
 .text.LL_DMA_ConfigAddresses
                0x00000000080038c0       0x78 Core/Src/Hardware/wall_sensor.o
 .text.LL_DMA_EnableIT_TC
                0x0000000008003938       0x40 Core/Src/Hardware/wall_sensor.o
 .text.ADC1_Start_DMA2
                0x0000000008003978       0x54 Core/Src/Hardware/wall_sensor.o
                0x0000000008003978                ADC1_Start_DMA2
 .text.changeFrontCenterLED
                0x00000000080039cc       0x30 Core/Src/Hardware/wall_sensor.o
                0x00000000080039cc                changeFrontCenterLED
 .text.changeFrontRightLED
                0x00000000080039fc       0x30 Core/Src/Hardware/wall_sensor.o
                0x00000000080039fc                changeFrontRightLED
 .text.changeFrontLeftLED
                0x0000000008003a2c       0x30 Core/Src/Hardware/wall_sensor.o
                0x0000000008003a2c                changeFrontLeftLED
 .text.changeRightLED
                0x0000000008003a5c       0x30 Core/Src/Hardware/wall_sensor.o
                0x0000000008003a5c                changeRightLED
 .text.changeLeftLED
                0x0000000008003a8c       0x30 Core/Src/Hardware/wall_sensor.o
                0x0000000008003a8c                changeLeftLED
 .text.changeLEDs
                0x0000000008003abc       0x6c Core/Src/Hardware/wall_sensor.o
                0x0000000008003abc                changeLEDs
 .text.getWallADC
                0x0000000008003b28       0x24 Core/Src/Hardware/wall_sensor.o
                0x0000000008003b28                getWallADC
 .text.startADCwithDMA
                0x0000000008003b4c       0x24 Core/Src/Hardware/wall_sensor.o
                0x0000000008003b4c                startADCwithDMA
 .text.DMA_CallbackTask
                0x0000000008003b70       0x18 Core/Src/Hardware/wall_sensor.o
                0x0000000008003b70                DMA_CallbackTask
 .text.setControlFlags
                0x0000000008003b88       0x74 Core/Src/System/flags.o
                0x0000000008003b88                setControlFlags
 .text.setAccelFlags
                0x0000000008003bfc       0x74 Core/Src/System/flags.o
                0x0000000008003bfc                setAccelFlags
 .text.storeLog
                0x0000000008003c70      0x15c Core/Src/System/log.o
                0x0000000008003c70                storeLog
 .text.ConvertMapIntoWall
                0x0000000008003dcc       0xbc Core/Src/System/map.o
                0x0000000008003dcc                ConvertMapIntoWall
 .text.PrintWallData
                0x0000000008003e88      0x138 Core/Src/System/map.o
                0x0000000008003e88                PrintWallData
 .text.deleteWallMap
                0x0000000008003fc0       0xe4 Core/Src/System/map.o
                0x0000000008003fc0                deleteWallMap
 .text.updateWallMap
                0x00000000080040a4      0x244 Core/Src/System/map.o
                0x00000000080040a4                updateWallMap
 .text.makeStepMap
                0x00000000080042e8      0x264 Core/Src/System/map.o
                0x00000000080042e8                makeStepMap
 .text.makeRouteESNW
                0x000000000800454c      0x254 Core/Src/System/map.o
                0x000000000800454c                makeRouteESNW
 .text.makeRouteNESW
                0x00000000080047a0      0x254 Core/Src/System/map.o
                0x00000000080047a0                makeRouteNESW
 .text.confRoute
                0x00000000080049f4       0x60 Core/Src/System/map.o
                0x00000000080049f4                confRoute
 .text.advancePosition
                0x0000000008004a54       0x6c Core/Src/System/map.o
                0x0000000008004a54                advancePosition
 .text.changeDirection
                0x0000000008004ac0       0x38 Core/Src/System/map.o
                0x0000000008004ac0                changeDirection
 .text.setMapStruct
                0x0000000008004af8       0x52 Core/Src/System/map.o
                0x0000000008004af8                setMapStruct
 *fill*         0x0000000008004b4a        0x2 
 .text.prepareMapForSearch
                0x0000000008004b4c       0x74 Core/Src/System/map.o
                0x0000000008004b4c                prepareMapForSearch
 .text.saveWallMap
                0x0000000008004bc0       0x60 Core/Src/System/map.o
                0x0000000008004bc0                saveWallMap
 .text.loadWallMap
                0x0000000008004c20       0x5c Core/Src/System/map.o
                0x0000000008004c20                loadWallMap
 .text.driveAccelMotion
                0x0000000008004c7c      0x1bc Core/Src/System/motion.o
                0x0000000008004c7c                driveAccelMotion
 .text.driveTrapezoidal
                0x0000000008004e38      0x220 Core/Src/System/motion.o
                0x0000000008004e38                driveTrapezoidal
 .text.driveSlalomFree
                0x0000000008005058      0x1ec Core/Src/System/motion.o
                0x0000000008005058                driveSlalomFree
 .text.spinMotion
                0x0000000008005244      0x1c4 Core/Src/System/motion.o
                0x0000000008005244                spinMotion
 .text.slalomMotion
                0x0000000008005408      0x1fc Core/Src/System/motion.o
                0x0000000008005408                slalomMotion
 .text.moveHalfSectionAccel
                0x0000000008005604       0x50 Core/Src/System/motion.o
                0x0000000008005604                moveHalfSectionAccel
 .text.moveHalfSectionDecel
                0x0000000008005654       0x2c Core/Src/System/motion.o
                0x0000000008005654                moveHalfSectionDecel
 .text.moveOneSectionAccel
                0x0000000008005680       0x3c Core/Src/System/motion.o
                0x0000000008005680                moveOneSectionAccel
 .text.keepDistanceFromWall
                0x00000000080056bc       0x40 Core/Src/System/motion.o
                0x00000000080056bc                keepDistanceFromWall
 .text.spinRight180
                0x00000000080056fc       0x1c Core/Src/System/motion.o
                0x00000000080056fc                spinRight180
 .text.moveSlalomR90
                0x0000000008005718       0x9c Core/Src/System/motion.o
                0x0000000008005718                moveSlalomR90
 .text.moveSlalomL90
                0x00000000080057b4       0x9c Core/Src/System/motion.o
                0x00000000080057b4                moveSlalomL90
 .text.backMotion
                0x0000000008005850      0x10c Core/Src/System/motion.o
                0x0000000008005850                backMotion
 .text.moveBigSlalomR90
                0x000000000800595c       0x94 Core/Src/System/motion.o
                0x000000000800595c                moveBigSlalomR90
 .text.moveBigSlalomL90
                0x00000000080059f0       0x94 Core/Src/System/motion.o
                0x00000000080059f0                moveBigSlalomL90
 .text.moveBigSlalomR180
                0x0000000008005a84       0x94 Core/Src/System/motion.o
                0x0000000008005a84                moveBigSlalomR180
 .text.moveBigSlalomL180
                0x0000000008005b18       0x94 Core/Src/System/motion.o
                0x0000000008005b18                moveBigSlalomL180
 .text.MelodyRayearth
                0x0000000008005bac       0x46 Core/Src/System/music.o
                0x0000000008005bac                MelodyRayearth
 .text.MelodyGoal
                0x0000000008005bf2       0x2c Core/Src/System/music.o
                0x0000000008005bf2                MelodyGoal
 .text.MelodyUrara
                0x0000000008005c1e       0x94 Core/Src/System/music.o
                0x0000000008005c1e                MelodyUrara
 .text.MelodyMrLawrence
                0x0000000008005cb2       0xb0 Core/Src/System/music.o
                0x0000000008005cb2                MelodyMrLawrence
 .text.MelodyNatsumatsuri
                0x0000000008005d62       0x58 Core/Src/System/music.o
                0x0000000008005d62                MelodyNatsumatsuri
 .text.MelodyKurenai
                0x0000000008005dba       0x76 Core/Src/System/music.o
                0x0000000008005dba                MelodyKurenai
 .text.MelodyYamato
                0x0000000008005e30       0x64 Core/Src/System/music.o
                0x0000000008005e30                MelodyYamato
 .text.ReadPass
                0x0000000008005e94      0x198 Core/Src/System/route.o
                0x0000000008005e94                ReadPass
 .text.MakePass
                0x000000000800602c      0x440 Core/Src/System/route.o
                0x000000000800602c                MakePass
 .text.ShowPass
                0x000000000800646c       0x90 Core/Src/System/route.o
                0x000000000800646c                ShowPass
 .text.getEncoderVelocity
                0x00000000080064fc       0x30 Core/Src/System/sensing.o
                0x00000000080064fc                getEncoderVelocity
 .text.getCenterMileage
                0x000000000800652c       0xb4 Core/Src/System/sensing.o
                0x000000000800652c                getCenterMileage
 .text.addAngle
                0x00000000080065e0       0x38 Core/Src/System/sensing.o
                0x00000000080065e0                addAngle
 .text.getCenterVelocity
                0x0000000008006618       0x3c Core/Src/System/sensing.o
                0x0000000008006618                getCenterVelocity
 .text.getOmega
                0x0000000008006654       0x1c Core/Src/System/sensing.o
                0x0000000008006654                getOmega
 .text.getAccel
                0x0000000008006670       0xcc Core/Src/System/sensing.o
                0x0000000008006670                getAccel
 .text.getWallSensorOffset
                0x000000000800673c       0x7c Core/Src/System/sensing.o
                0x000000000800673c                getWallSensorOffset
 .text.getWallSensor
                0x00000000080067b8       0x94 Core/Src/System/sensing.o
                0x00000000080067b8                getWallSensor
 .text.getOmegaOffset
                0x000000000800684c       0x68 Core/Src/System/sensing.o
                0x000000000800684c                getOmegaOffset
 .text.getAccelOffset
                0x00000000080068b4       0x68 Core/Src/System/sensing.o
                0x00000000080068b4                getAccelOffset
 .text.getWallInfo
                0x000000000800691c       0x54 Core/Src/System/sensing.o
                0x000000000800691c                getWallInfo
 .text.filterWallSensors
                0x0000000008006970      0x108 Core/Src/System/sensing.o
                0x0000000008006970                filterWallSensors
 .text.initSensors
                0x0000000008006a78       0x24 Core/Src/System/sensing.o
                0x0000000008006a78                initSensors
 .text.updateSensors
                0x0000000008006a9c       0xc0 Core/Src/System/sensing.o
                0x0000000008006a9c                updateSensors
 .text.getOffsets
                0x0000000008006b5c       0x30 Core/Src/System/sensing.o
                0x0000000008006b5c                getOffsets
 .text.checkFrontWall
                0x0000000008006b8c       0x58 Core/Src/System/sensing.o
                0x0000000008006b8c                checkFrontWall
 .text.LL_ADC_REG_SetSequencerRanks
                0x0000000008006be4       0x6c Core/Src/adc.o
 .text.LL_ADC_REG_SetFlagEndOfConversion
                0x0000000008006c50       0x26 Core/Src/adc.o
 .text.LL_ADC_SetChannelSamplingTime
                0x0000000008006c76       0x98 Core/Src/adc.o
 *fill*         0x0000000008006d0e        0x2 
 .text.LL_DMA_SetDataTransferDirection
                0x0000000008006d10       0x48 Core/Src/adc.o
 .text.LL_DMA_SetMode
                0x0000000008006d58       0x48 Core/Src/adc.o
 .text.LL_DMA_SetPeriphIncMode
                0x0000000008006da0       0x48 Core/Src/adc.o
 .text.LL_DMA_SetMemoryIncMode
                0x0000000008006de8       0x48 Core/Src/adc.o
 .text.LL_DMA_SetPeriphSize
                0x0000000008006e30       0x48 Core/Src/adc.o
 .text.LL_DMA_SetMemorySize
                0x0000000008006e78       0x48 Core/Src/adc.o
 .text.LL_DMA_SetStreamPriorityLevel
                0x0000000008006ec0       0x48 Core/Src/adc.o
 .text.LL_DMA_SetChannelSelection
                0x0000000008006f08       0x48 Core/Src/adc.o
 .text.LL_DMA_DisableFifoMode
                0x0000000008006f50       0x40 Core/Src/adc.o
 .text.LL_AHB1_GRP1_EnableClock
                0x0000000008006f90       0x30 Core/Src/adc.o
 .text.LL_APB2_GRP1_EnableClock
                0x0000000008006fc0       0x30 Core/Src/adc.o
 .text.MX_ADC1_Init
                0x0000000008006ff0      0x1b8 Core/Src/adc.o
                0x0000000008006ff0                MX_ADC1_Init
 .text.__NVIC_GetPriorityGrouping
                0x00000000080071a8       0x1c Core/Src/dma.o
 .text.__NVIC_EnableIRQ
                0x00000000080071c4       0x3c Core/Src/dma.o
 .text.__NVIC_SetPriority
                0x0000000008007200       0x54 Core/Src/dma.o
 .text.NVIC_EncodePriority
                0x0000000008007254       0x66 Core/Src/dma.o
 *fill*         0x00000000080072ba        0x2 
 .text.LL_AHB1_GRP1_EnableClock
                0x00000000080072bc       0x30 Core/Src/dma.o
 .text.MX_DMA_Init
                0x00000000080072ec       0x30 Core/Src/dma.o
                0x00000000080072ec                MX_DMA_Init
 .text.LL_AHB1_GRP1_EnableClock
                0x000000000800731c       0x30 Core/Src/gpio.o
 .text.LL_GPIO_ResetOutputPin
                0x000000000800734c       0x1e Core/Src/gpio.o
 *fill*         0x000000000800736a        0x2 
 .text.MX_GPIO_Init
                0x000000000800736c      0x11c Core/Src/gpio.o
                0x000000000800736c                MX_GPIO_Init
 .text.__NVIC_SetPriorityGrouping
                0x0000000008007488       0x48 Core/Src/main.o
 .text.LL_RCC_HSI_Enable
                0x00000000080074d0       0x20 Core/Src/main.o
 .text.LL_RCC_HSI_IsReady
                0x00000000080074f0       0x24 Core/Src/main.o
 .text.LL_RCC_HSI_SetCalibTrimming
                0x0000000008007514       0x2c Core/Src/main.o
 .text.LL_RCC_SetSysClkSource
                0x0000000008007540       0x28 Core/Src/main.o
 .text.LL_RCC_GetSysClkSource
                0x0000000008007568       0x1c Core/Src/main.o
 .text.LL_RCC_SetAHBPrescaler
                0x0000000008007584       0x28 Core/Src/main.o
 .text.LL_RCC_SetAPB1Prescaler
                0x00000000080075ac       0x28 Core/Src/main.o
 .text.LL_RCC_SetAPB2Prescaler
                0x00000000080075d4       0x28 Core/Src/main.o
 .text.LL_RCC_PLL_Enable
                0x00000000080075fc       0x20 Core/Src/main.o
 .text.LL_RCC_PLL_IsReady
                0x000000000800761c       0x28 Core/Src/main.o
 .text.LL_RCC_PLL_ConfigDomain_SYS
                0x0000000008007644       0x4c Core/Src/main.o
 .text.LL_APB1_GRP1_EnableClock
                0x0000000008007690       0x30 Core/Src/main.o
 .text.LL_APB2_GRP1_EnableClock
                0x00000000080076c0       0x30 Core/Src/main.o
 .text.LL_FLASH_SetLatency
                0x00000000080076f0       0x28 Core/Src/main.o
 .text.LL_FLASH_GetLatency
                0x0000000008007718       0x1c Core/Src/main.o
 .text.LL_PWR_SetRegulVoltageScaling
                0x0000000008007734       0x28 Core/Src/main.o
 .text.LL_USART_IsActiveFlag_TXE
                0x000000000800775c       0x26 Core/Src/main.o
 .text.LL_USART_TransmitData8
                0x0000000008007782       0x1e Core/Src/main.o
 .text.__io_putchar
                0x00000000080077a0       0x54 Core/Src/main.o
                0x00000000080077a0                __io_putchar
 .text.main     0x00000000080077f4      0x52c Core/Src/main.o
                0x00000000080077f4                main
 .text.SystemClock_Config
                0x0000000008007d20       0x8c Core/Src/main.o
                0x0000000008007d20                SystemClock_Config
 .text.LL_AHB1_GRP1_EnableClock
                0x0000000008007dac       0x30 Core/Src/spi.o
 .text.LL_APB1_GRP1_EnableClock
                0x0000000008007ddc       0x30 Core/Src/spi.o
 .text.LL_SPI_SetStandard
                0x0000000008007e0c       0x26 Core/Src/spi.o
 *fill*         0x0000000008007e32        0x2 
 .text.MX_SPI3_Init
                0x0000000008007e34       0xa8 Core/Src/spi.o
                0x0000000008007e34                MX_SPI3_Init
 .text.LL_DMA_IsActiveFlag_TC0
                0x0000000008007edc       0x26 Core/Src/stm32f4xx_it.o
 .text.LL_DMA_ClearFlag_TC0
                0x0000000008007f02       0x1a Core/Src/stm32f4xx_it.o
 .text.LL_TIM_ClearFlag_UPDATE
                0x0000000008007f1c       0x1c Core/Src/stm32f4xx_it.o
 .text.LL_TIM_IsActiveFlag_UPDATE
                0x0000000008007f38       0x26 Core/Src/stm32f4xx_it.o
 .text.NMI_Handler
                0x0000000008007f5e        0x6 Core/Src/stm32f4xx_it.o
                0x0000000008007f5e                NMI_Handler
 .text.HardFault_Handler
                0x0000000008007f64        0x6 Core/Src/stm32f4xx_it.o
                0x0000000008007f64                HardFault_Handler
 .text.MemManage_Handler
                0x0000000008007f6a        0x6 Core/Src/stm32f4xx_it.o
                0x0000000008007f6a                MemManage_Handler
 .text.BusFault_Handler
                0x0000000008007f70        0x6 Core/Src/stm32f4xx_it.o
                0x0000000008007f70                BusFault_Handler
 .text.UsageFault_Handler
                0x0000000008007f76        0x6 Core/Src/stm32f4xx_it.o
                0x0000000008007f76                UsageFault_Handler
 .text.SVC_Handler
                0x0000000008007f7c        0xe Core/Src/stm32f4xx_it.o
                0x0000000008007f7c                SVC_Handler
 .text.DebugMon_Handler
                0x0000000008007f8a        0xe Core/Src/stm32f4xx_it.o
                0x0000000008007f8a                DebugMon_Handler
 .text.PendSV_Handler
                0x0000000008007f98        0xe Core/Src/stm32f4xx_it.o
                0x0000000008007f98                PendSV_Handler
 .text.SysTick_Handler
                0x0000000008007fa6        0xe Core/Src/stm32f4xx_it.o
                0x0000000008007fa6                SysTick_Handler
 .text.TIM5_IRQHandler
                0x0000000008007fb4       0x24 Core/Src/stm32f4xx_it.o
                0x0000000008007fb4                TIM5_IRQHandler
 .text.DMA2_Stream0_IRQHandler
                0x0000000008007fd8       0x24 Core/Src/stm32f4xx_it.o
                0x0000000008007fd8                DMA2_Stream0_IRQHandler
 .text._getpid  0x0000000008007ffc       0x10 Core/Src/syscalls.o
                0x0000000008007ffc                _getpid
 .text._kill    0x000000000800800c       0x20 Core/Src/syscalls.o
                0x000000000800800c                _kill
 .text._exit    0x000000000800802c       0x14 Core/Src/syscalls.o
                0x000000000800802c                _exit
 .text._read    0x0000000008008040       0x3a Core/Src/syscalls.o
                0x0000000008008040                _read
 .text._write   0x000000000800807a       0x38 Core/Src/syscalls.o
                0x000000000800807a                _write
 .text._close   0x00000000080080b2       0x18 Core/Src/syscalls.o
                0x00000000080080b2                _close
 .text._fstat   0x00000000080080ca       0x20 Core/Src/syscalls.o
                0x00000000080080ca                _fstat
 .text._isatty  0x00000000080080ea       0x16 Core/Src/syscalls.o
                0x00000000080080ea                _isatty
 .text._lseek   0x0000000008008100       0x1a Core/Src/syscalls.o
                0x0000000008008100                _lseek
 *fill*         0x000000000800811a        0x2 
 .text._sbrk    0x000000000800811c       0x6c Core/Src/sysmem.o
                0x000000000800811c                _sbrk
 .text.SystemInit
                0x0000000008008188       0x2c Core/Src/system_stm32f4xx.o
                0x0000000008008188                SystemInit
 .text.__NVIC_GetPriorityGrouping
                0x00000000080081b4       0x1c Core/Src/tim.o
 .text.__NVIC_EnableIRQ
                0x00000000080081d0       0x3c Core/Src/tim.o
 .text.__NVIC_SetPriority
                0x000000000800820c       0x54 Core/Src/tim.o
 .text.NVIC_EncodePriority
                0x0000000008008260       0x66 Core/Src/tim.o
 *fill*         0x00000000080082c6        0x2 
 .text.LL_AHB1_GRP1_EnableClock
                0x00000000080082c8       0x30 Core/Src/tim.o
 .text.LL_APB1_GRP1_EnableClock
                0x00000000080082f8       0x30 Core/Src/tim.o
 .text.LL_APB2_GRP1_EnableClock
                0x0000000008008328       0x30 Core/Src/tim.o
 .text.LL_TIM_EnableARRPreload
                0x0000000008008358       0x20 Core/Src/tim.o
 .text.LL_TIM_DisableARRPreload
                0x0000000008008378       0x20 Core/Src/tim.o
 .text.LL_TIM_OC_DisableFast
                0x0000000008008398       0x8c Core/Src/tim.o
 .text.LL_TIM_OC_EnablePreload
                0x0000000008008424       0x88 Core/Src/tim.o
 .text.LL_TIM_IC_SetActiveInput
                0x00000000080084ac       0x9c Core/Src/tim.o
 .text.LL_TIM_IC_SetPrescaler
                0x0000000008008548       0x9c Core/Src/tim.o
 .text.LL_TIM_IC_SetFilter
                0x00000000080085e4       0x9c Core/Src/tim.o
 .text.LL_TIM_IC_SetPolarity
                0x0000000008008680       0x88 Core/Src/tim.o
 .text.LL_TIM_SetClockSource
                0x0000000008008708       0x2a Core/Src/tim.o
 .text.LL_TIM_SetEncoderMode
                0x0000000008008732       0x26 Core/Src/tim.o
 .text.LL_TIM_SetTriggerOutput
                0x0000000008008758       0x26 Core/Src/tim.o
 .text.LL_TIM_DisableMasterSlaveMode
                0x000000000800877e       0x20 Core/Src/tim.o
 *fill*         0x000000000800879e        0x2 
 .text.MX_TIM1_Init
                0x00000000080087a0      0x130 Core/Src/tim.o
                0x00000000080087a0                MX_TIM1_Init
 .text.MX_TIM2_Init
                0x00000000080088d0       0xe8 Core/Src/tim.o
                0x00000000080088d0                MX_TIM2_Init
 .text.MX_TIM3_Init
                0x00000000080089b8       0xf4 Core/Src/tim.o
                0x00000000080089b8                MX_TIM3_Init
 .text.MX_TIM4_Init
                0x0000000008008aac       0xf4 Core/Src/tim.o
                0x0000000008008aac                MX_TIM4_Init
 .text.MX_TIM5_Init
                0x0000000008008ba0       0x80 Core/Src/tim.o
                0x0000000008008ba0                MX_TIM5_Init
 .text.MX_TIM6_Init
                0x0000000008008c20       0x54 Core/Src/tim.o
                0x0000000008008c20                MX_TIM6_Init
 .text.MX_TIM8_Init
                0x0000000008008c74      0x134 Core/Src/tim.o
                0x0000000008008c74                MX_TIM8_Init
 .text.MX_TIM11_Init
                0x0000000008008da8       0xcc Core/Src/tim.o
                0x0000000008008da8                MX_TIM11_Init
 .text.LL_AHB1_GRP1_EnableClock
                0x0000000008008e74       0x30 Core/Src/usart.o
 .text.LL_APB2_GRP1_EnableClock
                0x0000000008008ea4       0x30 Core/Src/usart.o
 .text.LL_USART_Enable
                0x0000000008008ed4       0x20 Core/Src/usart.o
 .text.LL_USART_ConfigAsyncMode
                0x0000000008008ef4       0x2c Core/Src/usart.o
 .text.MX_USART1_UART_Init
                0x0000000008008f20       0xa0 Core/Src/usart.o
                0x0000000008008f20                MX_USART1_UART_Init
 .text.Reset_Handler
                0x0000000008008fc0       0x50 Core/Startup/startup_stm32f405rgtx.o
                0x0000000008008fc0                Reset_Handler
 .text.Default_Handler
                0x0000000008009010        0x2 Core/Startup/startup_stm32f405rgtx.o
                0x0000000008009010                RTC_Alarm_IRQHandler
                0x0000000008009010                HASH_RNG_IRQHandler
                0x0000000008009010                EXTI2_IRQHandler
                0x0000000008009010                TIM8_CC_IRQHandler
                0x0000000008009010                TIM1_CC_IRQHandler
                0x0000000008009010                DMA2_Stream5_IRQHandler
                0x0000000008009010                DMA1_Stream5_IRQHandler
                0x0000000008009010                PVD_IRQHandler
                0x0000000008009010                SDIO_IRQHandler
                0x0000000008009010                TAMP_STAMP_IRQHandler
                0x0000000008009010                CAN2_RX1_IRQHandler
                0x0000000008009010                EXTI3_IRQHandler
                0x0000000008009010                TIM8_TRG_COM_TIM14_IRQHandler
                0x0000000008009010                TIM1_UP_TIM10_IRQHandler
                0x0000000008009010                TIM8_UP_TIM13_IRQHandler
                0x0000000008009010                I2C3_ER_IRQHandler
                0x0000000008009010                EXTI0_IRQHandler
                0x0000000008009010                I2C2_EV_IRQHandler
                0x0000000008009010                DMA1_Stream2_IRQHandler
                0x0000000008009010                CAN1_RX0_IRQHandler
                0x0000000008009010                FPU_IRQHandler
                0x0000000008009010                OTG_HS_WKUP_IRQHandler
                0x0000000008009010                CAN2_SCE_IRQHandler
                0x0000000008009010                DMA2_Stream2_IRQHandler
                0x0000000008009010                SPI1_IRQHandler
                0x0000000008009010                TIM6_DAC_IRQHandler
                0x0000000008009010                TIM1_BRK_TIM9_IRQHandler
                0x0000000008009010                CAN2_RX0_IRQHandler
                0x0000000008009010                DMA2_Stream3_IRQHandler
                0x0000000008009010                USART6_IRQHandler
                0x0000000008009010                USART3_IRQHandler
                0x0000000008009010                CAN1_RX1_IRQHandler
                0x0000000008009010                UART5_IRQHandler
                0x0000000008009010                TIM4_IRQHandler
                0x0000000008009010                I2C1_EV_IRQHandler
                0x0000000008009010                DMA1_Stream6_IRQHandler
                0x0000000008009010                DMA1_Stream1_IRQHandler
                0x0000000008009010                UART4_IRQHandler
                0x0000000008009010                TIM3_IRQHandler
                0x0000000008009010                RCC_IRQHandler
                0x0000000008009010                TIM8_BRK_TIM12_IRQHandler
                0x0000000008009010                Default_Handler
                0x0000000008009010                EXTI15_10_IRQHandler
                0x0000000008009010                ADC_IRQHandler
                0x0000000008009010                DMA1_Stream7_IRQHandler
                0x0000000008009010                TIM7_IRQHandler
                0x0000000008009010                CAN2_TX_IRQHandler
                0x0000000008009010                DMA2_Stream7_IRQHandler
                0x0000000008009010                I2C3_EV_IRQHandler
                0x0000000008009010                EXTI9_5_IRQHandler
                0x0000000008009010                RTC_WKUP_IRQHandler
                0x0000000008009010                SPI2_IRQHandler
                0x0000000008009010                OTG_HS_EP1_IN_IRQHandler
                0x0000000008009010                DMA1_Stream0_IRQHandler
                0x0000000008009010                CAN1_TX_IRQHandler
                0x0000000008009010                EXTI4_IRQHandler
                0x0000000008009010                FSMC_IRQHandler
                0x0000000008009010                OTG_HS_EP1_OUT_IRQHandler
                0x0000000008009010                WWDG_IRQHandler
                0x0000000008009010                TIM2_IRQHandler
                0x0000000008009010                OTG_FS_WKUP_IRQHandler
                0x0000000008009010                TIM1_TRG_COM_TIM11_IRQHandler
                0x0000000008009010                OTG_HS_IRQHandler
                0x0000000008009010                EXTI1_IRQHandler
                0x0000000008009010                USART2_IRQHandler
                0x0000000008009010                I2C2_ER_IRQHandler
                0x0000000008009010                DMA2_Stream1_IRQHandler
                0x0000000008009010                CAN1_SCE_IRQHandler
                0x0000000008009010                FLASH_IRQHandler
                0x0000000008009010                DMA2_Stream4_IRQHandler
                0x0000000008009010                USART1_IRQHandler
                0x0000000008009010                OTG_FS_IRQHandler
                0x0000000008009010                SPI3_IRQHandler
                0x0000000008009010                DMA1_Stream4_IRQHandler
                0x0000000008009010                I2C1_ER_IRQHandler
                0x0000000008009010                DMA2_Stream6_IRQHandler
                0x0000000008009010                DMA1_Stream3_IRQHandler
 .text.LL_ADC_REG_SetSequencerLength
                0x0000000008009012       0x26 Drivers/STM32F4xx_HAL_Driver/Src/stm32f4xx_ll_adc.o
 .text.LL_ADC_IsEnabled
                0x0000000008009038       0x26 Drivers/STM32F4xx_HAL_Driver/Src/stm32f4xx_ll_adc.o
 *fill*         0x000000000800905e        0x2 
 .text.LL_ADC_CommonInit
                0x0000000008009060       0x90 Drivers/STM32F4xx_HAL_Driver/Src/stm32f4xx_ll_adc.o
                0x0000000008009060                LL_ADC_CommonInit
 .text.LL_ADC_Init
                0x00000000080090f0       0x58 Drivers/STM32F4xx_HAL_Driver/Src/stm32f4xx_ll_adc.o
                0x00000000080090f0                LL_ADC_Init
 .text.LL_ADC_REG_Init
                0x0000000008009148       0x84 Drivers/STM32F4xx_HAL_Driver/Src/stm32f4xx_ll_adc.o
                0x0000000008009148                LL_ADC_REG_Init
 .text.LL_GPIO_SetPinMode
                0x00000000080091cc       0x5e Drivers/STM32F4xx_HAL_Driver/Src/stm32f4xx_ll_gpio.o
 .text.LL_GPIO_SetPinOutputType
                0x000000000800922a       0x30 Drivers/STM32F4xx_HAL_Driver/Src/stm32f4xx_ll_gpio.o
 .text.LL_GPIO_SetPinSpeed
                0x000000000800925a       0x5e Drivers/STM32F4xx_HAL_Driver/Src/stm32f4xx_ll_gpio.o
 .text.LL_GPIO_SetPinPull
                0x00000000080092b8       0x5e Drivers/STM32F4xx_HAL_Driver/Src/stm32f4xx_ll_gpio.o
 .text.LL_GPIO_SetAFPin_0_7
                0x0000000008009316       0x5e Drivers/STM32F4xx_HAL_Driver/Src/stm32f4xx_ll_gpio.o
 .text.LL_GPIO_SetAFPin_8_15
                0x0000000008009374       0x62 Drivers/STM32F4xx_HAL_Driver/Src/stm32f4xx_ll_gpio.o
 .text.LL_GPIO_Init
                0x00000000080093d6       0xe6 Drivers/STM32F4xx_HAL_Driver/Src/stm32f4xx_ll_gpio.o
                0x00000000080093d6                LL_GPIO_Init
 .text.LL_RCC_GetSysClkSource
                0x00000000080094bc       0x1c Drivers/STM32F4xx_HAL_Driver/Src/stm32f4xx_ll_rcc.o
 .text.LL_RCC_GetAHBPrescaler
                0x00000000080094d8       0x1c Drivers/STM32F4xx_HAL_Driver/Src/stm32f4xx_ll_rcc.o
 .text.LL_RCC_GetAPB1Prescaler
                0x00000000080094f4       0x1c Drivers/STM32F4xx_HAL_Driver/Src/stm32f4xx_ll_rcc.o
 .text.LL_RCC_GetAPB2Prescaler
                0x0000000008009510       0x1c Drivers/STM32F4xx_HAL_Driver/Src/stm32f4xx_ll_rcc.o
 .text.LL_RCC_PLL_GetMainSource
                0x000000000800952c       0x1c Drivers/STM32F4xx_HAL_Driver/Src/stm32f4xx_ll_rcc.o
 .text.LL_RCC_PLL_GetN
                0x0000000008009548       0x1c Drivers/STM32F4xx_HAL_Driver/Src/stm32f4xx_ll_rcc.o
 .text.LL_RCC_PLL_GetP
                0x0000000008009564       0x1c Drivers/STM32F4xx_HAL_Driver/Src/stm32f4xx_ll_rcc.o
 .text.LL_RCC_PLL_GetDivider
                0x0000000008009580       0x1c Drivers/STM32F4xx_HAL_Driver/Src/stm32f4xx_ll_rcc.o
 .text.LL_RCC_GetSystemClocksFreq
                0x000000000800959c       0x4a Drivers/STM32F4xx_HAL_Driver/Src/stm32f4xx_ll_rcc.o
                0x000000000800959c                LL_RCC_GetSystemClocksFreq
 *fill*         0x00000000080095e6        0x2 
 .text.RCC_GetSystemClockFreq
                0x00000000080095e8       0x50 Drivers/STM32F4xx_HAL_Driver/Src/stm32f4xx_ll_rcc.o
                0x00000000080095e8                RCC_GetSystemClockFreq
 .text.RCC_GetHCLKClockFreq
                0x0000000008009638       0x2c Drivers/STM32F4xx_HAL_Driver/Src/stm32f4xx_ll_rcc.o
                0x0000000008009638                RCC_GetHCLKClockFreq
 .text.RCC_GetPCLK1ClockFreq
                0x0000000008009664       0x28 Drivers/STM32F4xx_HAL_Driver/Src/stm32f4xx_ll_rcc.o
                0x0000000008009664                RCC_GetPCLK1ClockFreq
 .text.RCC_GetPCLK2ClockFreq
                0x000000000800968c       0x28 Drivers/STM32F4xx_HAL_Driver/Src/stm32f4xx_ll_rcc.o
                0x000000000800968c                RCC_GetPCLK2ClockFreq
 .text.RCC_PLL_GetFreqDomain_SYS
                0x00000000080096b4       0x7c Drivers/STM32F4xx_HAL_Driver/Src/stm32f4xx_ll_rcc.o
                0x00000000080096b4                RCC_PLL_GetFreqDomain_SYS
 .text.LL_SPI_IsEnabled
                0x0000000008009730       0x26 Drivers/STM32F4xx_HAL_Driver/Src/stm32f4xx_ll_spi.o
 .text.LL_SPI_SetCRCPolynomial
                0x0000000008009756       0x20 Drivers/STM32F4xx_HAL_Driver/Src/stm32f4xx_ll_spi.o
 .text.LL_SPI_Init
                0x0000000008009776       0xa4 Drivers/STM32F4xx_HAL_Driver/Src/stm32f4xx_ll_spi.o
                0x0000000008009776                LL_SPI_Init
 .text.LL_TIM_SetPrescaler
                0x000000000800981a       0x1c Drivers/STM32F4xx_HAL_Driver/Src/stm32f4xx_ll_tim.o
 .text.LL_TIM_SetAutoReload
                0x0000000008009836       0x1c Drivers/STM32F4xx_HAL_Driver/Src/stm32f4xx_ll_tim.o
 .text.LL_TIM_SetRepetitionCounter
                0x0000000008009852       0x1c Drivers/STM32F4xx_HAL_Driver/Src/stm32f4xx_ll_tim.o
 .text.LL_TIM_OC_SetCompareCH1
                0x000000000800986e       0x1c Drivers/STM32F4xx_HAL_Driver/Src/stm32f4xx_ll_tim.o
 .text.LL_TIM_OC_SetCompareCH2
                0x000000000800988a       0x1c Drivers/STM32F4xx_HAL_Driver/Src/stm32f4xx_ll_tim.o
 .text.LL_TIM_OC_SetCompareCH3
                0x00000000080098a6       0x1c Drivers/STM32F4xx_HAL_Driver/Src/stm32f4xx_ll_tim.o
 .text.LL_TIM_OC_SetCompareCH4
                0x00000000080098c2       0x1c Drivers/STM32F4xx_HAL_Driver/Src/stm32f4xx_ll_tim.o
 .text.LL_TIM_GenerateEvent_UPDATE
                0x00000000080098de       0x20 Drivers/STM32F4xx_HAL_Driver/Src/stm32f4xx_ll_tim.o
 *fill*         0x00000000080098fe        0x2 
 .text.LL_TIM_Init
                0x0000000008009900      0x134 Drivers/STM32F4xx_HAL_Driver/Src/stm32f4xx_ll_tim.o
                0x0000000008009900                LL_TIM_Init
 .text.LL_TIM_OC_Init
                0x0000000008009a34       0x82 Drivers/STM32F4xx_HAL_Driver/Src/stm32f4xx_ll_tim.o
                0x0000000008009a34                LL_TIM_OC_Init
 .text.LL_TIM_BDTR_Init
                0x0000000008009ab6       0x92 Drivers/STM32F4xx_HAL_Driver/Src/stm32f4xx_ll_tim.o
                0x0000000008009ab6                LL_TIM_BDTR_Init
 .text.OC1Config
                0x0000000008009b48       0xd8 Drivers/STM32F4xx_HAL_Driver/Src/stm32f4xx_ll_tim.o
 .text.OC2Config
                0x0000000008009c20       0xe0 Drivers/STM32F4xx_HAL_Driver/Src/stm32f4xx_ll_tim.o
 .text.OC3Config
                0x0000000008009d00       0xe0 Drivers/STM32F4xx_HAL_Driver/Src/stm32f4xx_ll_tim.o
 .text.OC4Config
                0x0000000008009de0       0xb0 Drivers/STM32F4xx_HAL_Driver/Src/stm32f4xx_ll_tim.o
 .text.LL_USART_IsEnabled
                0x0000000008009e90       0x28 Drivers/STM32F4xx_HAL_Driver/Src/stm32f4xx_ll_usart.o
 .text.LL_USART_SetStopBitsLength
                0x0000000008009eb8       0x26 Drivers/STM32F4xx_HAL_Driver/Src/stm32f4xx_ll_usart.o
 .text.LL_USART_SetHWFlowCtrl
                0x0000000008009ede       0x26 Drivers/STM32F4xx_HAL_Driver/Src/stm32f4xx_ll_usart.o
 .text.LL_USART_SetBaudRate
                0x0000000008009f04      0x320 Drivers/STM32F4xx_HAL_Driver/Src/stm32f4xx_ll_usart.o
 .text.LL_USART_Init
                0x000000000800a224      0x100 Drivers/STM32F4xx_HAL_Driver/Src/stm32f4xx_ll_usart.o
                0x000000000800a224                LL_USART_Init
 .text.LL_InitTick
                0x000000000800a324       0x34 Drivers/STM32F4xx_HAL_Driver/Src/stm32f4xx_ll_utils.o
 .text.LL_Init1msTick
                0x000000000800a358       0x1a Drivers/STM32F4xx_HAL_Driver/Src/stm32f4xx_ll_utils.o
                0x000000000800a358                LL_Init1msTick
 *fill*         0x000000000800a372        0x2 
 .text.LL_mDelay
                0x000000000800a374       0x4c Drivers/STM32F4xx_HAL_Driver/Src/stm32f4xx_ll_utils.o
                0x000000000800a374                LL_mDelay
 .text.LL_SetSystemCoreClock
                0x000000000800a3c0       0x20 Drivers/STM32F4xx_HAL_Driver/Src/stm32f4xx_ll_utils.o
                0x000000000800a3c0                LL_SetSystemCoreClock
 .text.__errno  0x000000000800a3e0        0xc c:/st/stm32cubeide_1.0.2/stm32cubeide/plugins/com.st.stm32cube.ide.mcu.externaltools.gnu-tools-for-stm32.9-2020-q2-update.win32_1.5.0.202011040924/tools/bin/../lib/gcc/arm-none-eabi/9.3.1/../../../../arm-none-eabi/lib/thumb/v7e-m+fp/hard\libc_nano.a(lib_a-errno.o)
                0x000000000800a3e0                __errno
 .text.__libc_init_array
                0x000000000800a3ec       0x48 c:/st/stm32cubeide_1.0.2/stm32cubeide/plugins/com.st.stm32cube.ide.mcu.externaltools.gnu-tools-for-stm32.9-2020-q2-update.win32_1.5.0.202011040924/tools/bin/../lib/gcc/arm-none-eabi/9.3.1/../../../../arm-none-eabi/lib/thumb/v7e-m+fp/hard\libc_nano.a(lib_a-init.o)
                0x000000000800a3ec                __libc_init_array
 .text.memset   0x000000000800a434       0x10 c:/st/stm32cubeide_1.0.2/stm32cubeide/plugins/com.st.stm32cube.ide.mcu.externaltools.gnu-tools-for-stm32.9-2020-q2-update.win32_1.5.0.202011040924/tools/bin/../lib/gcc/arm-none-eabi/9.3.1/../../../../arm-none-eabi/lib/thumb/v7e-m+fp/hard\libc_nano.a(lib_a-memset.o)
                0x000000000800a434                memset
 .text.__cvt    0x000000000800a444       0xc4 c:/st/stm32cubeide_1.0.2/stm32cubeide/plugins/com.st.stm32cube.ide.mcu.externaltools.gnu-tools-for-stm32.9-2020-q2-update.win32_1.5.0.202011040924/tools/bin/../lib/gcc/arm-none-eabi/9.3.1/../../../../arm-none-eabi/lib/thumb/v7e-m+fp/hard\libc_nano.a(lib_a-nano-vfprintf_float.o)
                0x000000000800a444                __cvt
 .text.__exponent
                0x000000000800a508       0x7c c:/st/stm32cubeide_1.0.2/stm32cubeide/plugins/com.st.stm32cube.ide.mcu.externaltools.gnu-tools-for-stm32.9-2020-q2-update.win32_1.5.0.202011040924/tools/bin/../lib/gcc/arm-none-eabi/9.3.1/../../../../arm-none-eabi/lib/thumb/v7e-m+fp/hard\libc_nano.a(lib_a-nano-vfprintf_float.o)
                0x000000000800a508                __exponent
 .text._printf_float
                0x000000000800a584      0x46c c:/st/stm32cubeide_1.0.2/stm32cubeide/plugins/com.st.stm32cube.ide.mcu.externaltools.gnu-tools-for-stm32.9-2020-q2-update.win32_1.5.0.202011040924/tools/bin/../lib/gcc/arm-none-eabi/9.3.1/../../../../arm-none-eabi/lib/thumb/v7e-m+fp/hard\libc_nano.a(lib_a-nano-vfprintf_float.o)
                0x000000000800a584                _printf_float
 .text._printf_common
                0x000000000800a9f0       0xda c:/st/stm32cubeide_1.0.2/stm32cubeide/plugins/com.st.stm32cube.ide.mcu.externaltools.gnu-tools-for-stm32.9-2020-q2-update.win32_1.5.0.202011040924/tools/bin/../lib/gcc/arm-none-eabi/9.3.1/../../../../arm-none-eabi/lib/thumb/v7e-m+fp/hard\libc_nano.a(lib_a-nano-vfprintf_i.o)
                0x000000000800a9f0                _printf_common
 *fill*         0x000000000800aaca        0x2 
 .text._printf_i
                0x000000000800aacc      0x24c c:/st/stm32cubeide_1.0.2/stm32cubeide/plugins/com.st.stm32cube.ide.mcu.externaltools.gnu-tools-for-stm32.9-2020-q2-update.win32_1.5.0.202011040924/tools/bin/../lib/gcc/arm-none-eabi/9.3.1/../../../../arm-none-eabi/lib/thumb/v7e-m+fp/hard\libc_nano.a(lib_a-nano-vfprintf_i.o)
                0x000000000800aacc                _printf_i
 .text.printf   0x000000000800ad18       0x30 c:/st/stm32cubeide_1.0.2/stm32cubeide/plugins/com.st.stm32cube.ide.mcu.externaltools.gnu-tools-for-stm32.9-2020-q2-update.win32_1.5.0.202011040924/tools/bin/../lib/gcc/arm-none-eabi/9.3.1/../../../../arm-none-eabi/lib/thumb/v7e-m+fp/hard\libc_nano.a(lib_a-printf.o)
                0x000000000800ad18                iprintf
                0x000000000800ad18                printf
 .text.putchar  0x000000000800ad48       0x2c c:/st/stm32cubeide_1.0.2/stm32cubeide/plugins/com.st.stm32cube.ide.mcu.externaltools.gnu-tools-for-stm32.9-2020-q2-update.win32_1.5.0.202011040924/tools/bin/../lib/gcc/arm-none-eabi/9.3.1/../../../../arm-none-eabi/lib/thumb/v7e-m+fp/hard\libc_nano.a(lib_a-putchar.o)
                0x000000000800ad48                putchar
 .text._puts_r  0x000000000800ad74       0xdc c:/st/stm32cubeide_1.0.2/stm32cubeide/plugins/com.st.stm32cube.ide.mcu.externaltools.gnu-tools-for-stm32.9-2020-q2-update.win32_1.5.0.202011040924/tools/bin/../lib/gcc/arm-none-eabi/9.3.1/../../../../arm-none-eabi/lib/thumb/v7e-m+fp/hard\libc_nano.a(lib_a-puts.o)
                0x000000000800ad74                _puts_r
 .text.puts     0x000000000800ae50       0x10 c:/st/stm32cubeide_1.0.2/stm32cubeide/plugins/com.st.stm32cube.ide.mcu.externaltools.gnu-tools-for-stm32.9-2020-q2-update.win32_1.5.0.202011040924/tools/bin/../lib/gcc/arm-none-eabi/9.3.1/../../../../arm-none-eabi/lib/thumb/v7e-m+fp/hard\libc_nano.a(lib_a-puts.o)
                0x000000000800ae50                puts
 .text.setbuf   0x000000000800ae60       0x10 c:/st/stm32cubeide_1.0.2/stm32cubeide/plugins/com.st.stm32cube.ide.mcu.externaltools.gnu-tools-for-stm32.9-2020-q2-update.win32_1.5.0.202011040924/tools/bin/../lib/gcc/arm-none-eabi/9.3.1/../../../../arm-none-eabi/lib/thumb/v7e-m+fp/hard\libc_nano.a(lib_a-setbuf.o)
                0x000000000800ae60                setbuf
 .text.setvbuf  0x000000000800ae70      0x18c c:/st/stm32cubeide_1.0.2/stm32cubeide/plugins/com.st.stm32cube.ide.mcu.externaltools.gnu-tools-for-stm32.9-2020-q2-update.win32_1.5.0.202011040924/tools/bin/../lib/gcc/arm-none-eabi/9.3.1/../../../../arm-none-eabi/lib/thumb/v7e-m+fp/hard\libc_nano.a(lib_a-setvbuf.o)
                0x000000000800ae70                setvbuf
 .text.__swbuf_r
                0x000000000800affc       0xa4 c:/st/stm32cubeide_1.0.2/stm32cubeide/plugins/com.st.stm32cube.ide.mcu.externaltools.gnu-tools-for-stm32.9-2020-q2-update.win32_1.5.0.202011040924/tools/bin/../lib/gcc/arm-none-eabi/9.3.1/../../../../arm-none-eabi/lib/thumb/v7e-m+fp/hard\libc_nano.a(lib_a-wbuf.o)
                0x000000000800affc                __swbuf_r
 .text.__swsetup_r
                0x000000000800b0a0       0xdc c:/st/stm32cubeide_1.0.2/stm32cubeide/plugins/com.st.stm32cube.ide.mcu.externaltools.gnu-tools-for-stm32.9-2020-q2-update.win32_1.5.0.202011040924/tools/bin/../lib/gcc/arm-none-eabi/9.3.1/../../../../arm-none-eabi/lib/thumb/v7e-m+fp/hard\libc_nano.a(lib_a-wsetup.o)
                0x000000000800b0a0                __swsetup_r
 .text.quorem   0x000000000800b17c      0x116 c:/st/stm32cubeide_1.0.2/stm32cubeide/plugins/com.st.stm32cube.ide.mcu.externaltools.gnu-tools-for-stm32.9-2020-q2-update.win32_1.5.0.202011040924/tools/bin/../lib/gcc/arm-none-eabi/9.3.1/../../../../arm-none-eabi/lib/thumb/v7e-m+fp/hard\libc_nano.a(lib_a-dtoa.o)
 *fill*         0x000000000800b292        0x6 
 .text._dtoa_r  0x000000000800b298      0xbd8 c:/st/stm32cubeide_1.0.2/stm32cubeide/plugins/com.st.stm32cube.ide.mcu.externaltools.gnu-tools-for-stm32.9-2020-q2-update.win32_1.5.0.202011040924/tools/bin/../lib/gcc/arm-none-eabi/9.3.1/../../../../arm-none-eabi/lib/thumb/v7e-m+fp/hard\libc_nano.a(lib_a-dtoa.o)
                0x000000000800b298                _dtoa_r
 .text.__sflush_r
                0x000000000800be70      0x10c c:/st/stm32cubeide_1.0.2/stm32cubeide/plugins/com.st.stm32cube.ide.mcu.externaltools.gnu-tools-for-stm32.9-2020-q2-update.win32_1.5.0.202011040924/tools/bin/../lib/gcc/arm-none-eabi/9.3.1/../../../../arm-none-eabi/lib/thumb/v7e-m+fp/hard\libc_nano.a(lib_a-fflush.o)
                0x000000000800be70                __sflush_r
 .text._fflush_r
                0x000000000800bf7c       0x78 c:/st/stm32cubeide_1.0.2/stm32cubeide/plugins/com.st.stm32cube.ide.mcu.externaltools.gnu-tools-for-stm32.9-2020-q2-update.win32_1.5.0.202011040924/tools/bin/../lib/gcc/arm-none-eabi/9.3.1/../../../../arm-none-eabi/lib/thumb/v7e-m+fp/hard\libc_nano.a(lib_a-fflush.o)
                0x000000000800bf7c                _fflush_r
 .text.std      0x000000000800bff4       0x48 c:/st/stm32cubeide_1.0.2/stm32cubeide/plugins/com.st.stm32cube.ide.mcu.externaltools.gnu-tools-for-stm32.9-2020-q2-update.win32_1.5.0.202011040924/tools/bin/../lib/gcc/arm-none-eabi/9.3.1/../../../../arm-none-eabi/lib/thumb/v7e-m+fp/hard\libc_nano.a(lib_a-findfp.o)
 .text._cleanup_r
                0x000000000800c03c        0xc c:/st/stm32cubeide_1.0.2/stm32cubeide/plugins/com.st.stm32cube.ide.mcu.externaltools.gnu-tools-for-stm32.9-2020-q2-update.win32_1.5.0.202011040924/tools/bin/../lib/gcc/arm-none-eabi/9.3.1/../../../../arm-none-eabi/lib/thumb/v7e-m+fp/hard\libc_nano.a(lib_a-findfp.o)
                0x000000000800c03c                _cleanup_r
 .text.__sfmoreglue
                0x000000000800c048       0x2c c:/st/stm32cubeide_1.0.2/stm32cubeide/plugins/com.st.stm32cube.ide.mcu.externaltools.gnu-tools-for-stm32.9-2020-q2-update.win32_1.5.0.202011040924/tools/bin/../lib/gcc/arm-none-eabi/9.3.1/../../../../arm-none-eabi/lib/thumb/v7e-m+fp/hard\libc_nano.a(lib_a-findfp.o)
                0x000000000800c048                __sfmoreglue
 .text.__sfp_lock_acquire
                0x000000000800c074        0xc c:/st/stm32cubeide_1.0.2/stm32cubeide/plugins/com.st.stm32cube.ide.mcu.externaltools.gnu-tools-for-stm32.9-2020-q2-update.win32_1.5.0.202011040924/tools/bin/../lib/gcc/arm-none-eabi/9.3.1/../../../../arm-none-eabi/lib/thumb/v7e-m+fp/hard\libc_nano.a(lib_a-findfp.o)
                0x000000000800c074                __sfp_lock_acquire
 .text.__sfp_lock_release
                0x000000000800c080        0xc c:/st/stm32cubeide_1.0.2/stm32cubeide/plugins/com.st.stm32cube.ide.mcu.externaltools.gnu-tools-for-stm32.9-2020-q2-update.win32_1.5.0.202011040924/tools/bin/../lib/gcc/arm-none-eabi/9.3.1/../../../../arm-none-eabi/lib/thumb/v7e-m+fp/hard\libc_nano.a(lib_a-findfp.o)
                0x000000000800c080                __sfp_lock_release
 .text.__sinit_lock_acquire
                0x000000000800c08c        0xc c:/st/stm32cubeide_1.0.2/stm32cubeide/plugins/com.st.stm32cube.ide.mcu.externaltools.gnu-tools-for-stm32.9-2020-q2-update.win32_1.5.0.202011040924/tools/bin/../lib/gcc/arm-none-eabi/9.3.1/../../../../arm-none-eabi/lib/thumb/v7e-m+fp/hard\libc_nano.a(lib_a-findfp.o)
                0x000000000800c08c                __sinit_lock_acquire
 .text.__sinit_lock_release
                0x000000000800c098        0xc c:/st/stm32cubeide_1.0.2/stm32cubeide/plugins/com.st.stm32cube.ide.mcu.externaltools.gnu-tools-for-stm32.9-2020-q2-update.win32_1.5.0.202011040924/tools/bin/../lib/gcc/arm-none-eabi/9.3.1/../../../../arm-none-eabi/lib/thumb/v7e-m+fp/hard\libc_nano.a(lib_a-findfp.o)
                0x000000000800c098                __sinit_lock_release
 .text.__sinit  0x000000000800c0a4       0x70 c:/st/stm32cubeide_1.0.2/stm32cubeide/plugins/com.st.stm32cube.ide.mcu.externaltools.gnu-tools-for-stm32.9-2020-q2-update.win32_1.5.0.202011040924/tools/bin/../lib/gcc/arm-none-eabi/9.3.1/../../../../arm-none-eabi/lib/thumb/v7e-m+fp/hard\libc_nano.a(lib_a-findfp.o)
                0x000000000800c0a4                __sinit
 .text.__sfp    0x000000000800c114       0x8c c:/st/stm32cubeide_1.0.2/stm32cubeide/plugins/com.st.stm32cube.ide.mcu.externaltools.gnu-tools-for-stm32.9-2020-q2-update.win32_1.5.0.202011040924/tools/bin/../lib/gcc/arm-none-eabi/9.3.1/../../../../arm-none-eabi/lib/thumb/v7e-m+fp/hard\libc_nano.a(lib_a-findfp.o)
                0x000000000800c114                __sfp
 .text._fwalk_reent
                0x000000000800c1a0       0x3e c:/st/stm32cubeide_1.0.2/stm32cubeide/plugins/com.st.stm32cube.ide.mcu.externaltools.gnu-tools-for-stm32.9-2020-q2-update.win32_1.5.0.202011040924/tools/bin/../lib/gcc/arm-none-eabi/9.3.1/../../../../arm-none-eabi/lib/thumb/v7e-m+fp/hard\libc_nano.a(lib_a-fwalk.o)
                0x000000000800c1a0                _fwalk_reent
 *fill*         0x000000000800c1de        0x2 
 .text._localeconv_r
                0x000000000800c1e0        0x8 c:/st/stm32cubeide_1.0.2/stm32cubeide/plugins/com.st.stm32cube.ide.mcu.externaltools.gnu-tools-for-stm32.9-2020-q2-update.win32_1.5.0.202011040924/tools/bin/../lib/gcc/arm-none-eabi/9.3.1/../../../../arm-none-eabi/lib/thumb/v7e-m+fp/hard\libc_nano.a(lib_a-localeconv.o)
                0x000000000800c1e0                _localeconv_r
 .text.__retarget_lock_init_recursive
                0x000000000800c1e8        0x2 c:/st/stm32cubeide_1.0.2/stm32cubeide/plugins/com.st.stm32cube.ide.mcu.externaltools.gnu-tools-for-stm32.9-2020-q2-update.win32_1.5.0.202011040924/tools/bin/../lib/gcc/arm-none-eabi/9.3.1/../../../../arm-none-eabi/lib/thumb/v7e-m+fp/hard\libc_nano.a(lib_a-lock.o)
                0x000000000800c1e8                __retarget_lock_init_recursive
 .text.__retarget_lock_acquire_recursive
                0x000000000800c1ea        0x2 c:/st/stm32cubeide_1.0.2/stm32cubeide/plugins/com.st.stm32cube.ide.mcu.externaltools.gnu-tools-for-stm32.9-2020-q2-update.win32_1.5.0.202011040924/tools/bin/../lib/gcc/arm-none-eabi/9.3.1/../../../../arm-none-eabi/lib/thumb/v7e-m+fp/hard\libc_nano.a(lib_a-lock.o)
                0x000000000800c1ea                __retarget_lock_acquire_recursive
 .text.__retarget_lock_release_recursive
                0x000000000800c1ec        0x2 c:/st/stm32cubeide_1.0.2/stm32cubeide/plugins/com.st.stm32cube.ide.mcu.externaltools.gnu-tools-for-stm32.9-2020-q2-update.win32_1.5.0.202011040924/tools/bin/../lib/gcc/arm-none-eabi/9.3.1/../../../../arm-none-eabi/lib/thumb/v7e-m+fp/hard\libc_nano.a(lib_a-lock.o)
                0x000000000800c1ec                __retarget_lock_release_recursive
 .text.__swhatbuf_r
                0x000000000800c1ee       0x48 c:/st/stm32cubeide_1.0.2/stm32cubeide/plugins/com.st.stm32cube.ide.mcu.externaltools.gnu-tools-for-stm32.9-2020-q2-update.win32_1.5.0.202011040924/tools/bin/../lib/gcc/arm-none-eabi/9.3.1/../../../../arm-none-eabi/lib/thumb/v7e-m+fp/hard\libc_nano.a(lib_a-makebuf.o)
                0x000000000800c1ee                __swhatbuf_r
 *fill*         0x000000000800c236        0x2 
 .text.__smakebuf_r
                0x000000000800c238       0x80 c:/st/stm32cubeide_1.0.2/stm32cubeide/plugins/com.st.stm32cube.ide.mcu.externaltools.gnu-tools-for-stm32.9-2020-q2-update.win32_1.5.0.202011040924/tools/bin/../lib/gcc/arm-none-eabi/9.3.1/../../../../arm-none-eabi/lib/thumb/v7e-m+fp/hard\libc_nano.a(lib_a-makebuf.o)
                0x000000000800c238                __smakebuf_r
 .text.malloc   0x000000000800c2b8       0x10 c:/st/stm32cubeide_1.0.2/stm32cubeide/plugins/com.st.stm32cube.ide.mcu.externaltools.gnu-tools-for-stm32.9-2020-q2-update.win32_1.5.0.202011040924/tools/bin/../lib/gcc/arm-none-eabi/9.3.1/../../../../arm-none-eabi/lib/thumb/v7e-m+fp/hard\libc_nano.a(lib_a-malloc.o)
                0x000000000800c2b8                malloc
 .text.memcpy   0x000000000800c2c8       0x1c c:/st/stm32cubeide_1.0.2/stm32cubeide/plugins/com.st.stm32cube.ide.mcu.externaltools.gnu-tools-for-stm32.9-2020-q2-update.win32_1.5.0.202011040924/tools/bin/../lib/gcc/arm-none-eabi/9.3.1/../../../../arm-none-eabi/lib/thumb/v7e-m+fp/hard\libc_nano.a(lib_a-memcpy-stub.o)
                0x000000000800c2c8                memcpy
 .text._Balloc  0x000000000800c2e4       0x80 c:/st/stm32cubeide_1.0.2/stm32cubeide/plugins/com.st.stm32cube.ide.mcu.externaltools.gnu-tools-for-stm32.9-2020-q2-update.win32_1.5.0.202011040924/tools/bin/../lib/gcc/arm-none-eabi/9.3.1/../../../../arm-none-eabi/lib/thumb/v7e-m+fp/hard\libc_nano.a(lib_a-mprec.o)
                0x000000000800c2e4                _Balloc
 .text._Bfree   0x000000000800c364       0x44 c:/st/stm32cubeide_1.0.2/stm32cubeide/plugins/com.st.stm32cube.ide.mcu.externaltools.gnu-tools-for-stm32.9-2020-q2-update.win32_1.5.0.202011040924/tools/bin/../lib/gcc/arm-none-eabi/9.3.1/../../../../arm-none-eabi/lib/thumb/v7e-m+fp/hard\libc_nano.a(lib_a-mprec.o)
                0x000000000800c364                _Bfree
 .text.__multadd
                0x000000000800c3a8       0x94 c:/st/stm32cubeide_1.0.2/stm32cubeide/plugins/com.st.stm32cube.ide.mcu.externaltools.gnu-tools-for-stm32.9-2020-q2-update.win32_1.5.0.202011040924/tools/bin/../lib/gcc/arm-none-eabi/9.3.1/../../../../arm-none-eabi/lib/thumb/v7e-m+fp/hard\libc_nano.a(lib_a-mprec.o)
                0x000000000800c3a8                __multadd
 .text.__hi0bits
                0x000000000800c43c       0x40 c:/st/stm32cubeide_1.0.2/stm32cubeide/plugins/com.st.stm32cube.ide.mcu.externaltools.gnu-tools-for-stm32.9-2020-q2-update.win32_1.5.0.202011040924/tools/bin/../lib/gcc/arm-none-eabi/9.3.1/../../../../arm-none-eabi/lib/thumb/v7e-m+fp/hard\libc_nano.a(lib_a-mprec.o)
                0x000000000800c43c                __hi0bits
 .text.__lo0bits
                0x000000000800c47c       0x60 c:/st/stm32cubeide_1.0.2/stm32cubeide/plugins/com.st.stm32cube.ide.mcu.externaltools.gnu-tools-for-stm32.9-2020-q2-update.win32_1.5.0.202011040924/tools/bin/../lib/gcc/arm-none-eabi/9.3.1/../../../../arm-none-eabi/lib/thumb/v7e-m+fp/hard\libc_nano.a(lib_a-mprec.o)
                0x000000000800c47c                __lo0bits
 .text.__i2b    0x000000000800c4dc       0x2c c:/st/stm32cubeide_1.0.2/stm32cubeide/plugins/com.st.stm32cube.ide.mcu.externaltools.gnu-tools-for-stm32.9-2020-q2-update.win32_1.5.0.202011040924/tools/bin/../lib/gcc/arm-none-eabi/9.3.1/../../../../arm-none-eabi/lib/thumb/v7e-m+fp/hard\libc_nano.a(lib_a-mprec.o)
                0x000000000800c4dc                __i2b
 .text.__multiply
                0x000000000800c508      0x14c c:/st/stm32cubeide_1.0.2/stm32cubeide/plugins/com.st.stm32cube.ide.mcu.externaltools.gnu-tools-for-stm32.9-2020-q2-update.win32_1.5.0.202011040924/tools/bin/../lib/gcc/arm-none-eabi/9.3.1/../../../../arm-none-eabi/lib/thumb/v7e-m+fp/hard\libc_nano.a(lib_a-mprec.o)
                0x000000000800c508                __multiply
 .text.__pow5mult
                0x000000000800c654       0xb4 c:/st/stm32cubeide_1.0.2/stm32cubeide/plugins/com.st.stm32cube.ide.mcu.externaltools.gnu-tools-for-stm32.9-2020-q2-update.win32_1.5.0.202011040924/tools/bin/../lib/gcc/arm-none-eabi/9.3.1/../../../../arm-none-eabi/lib/thumb/v7e-m+fp/hard\libc_nano.a(lib_a-mprec.o)
                0x000000000800c654                __pow5mult
 .text.__lshift
                0x000000000800c708       0xd8 c:/st/stm32cubeide_1.0.2/stm32cubeide/plugins/com.st.stm32cube.ide.mcu.externaltools.gnu-tools-for-stm32.9-2020-q2-update.win32_1.5.0.202011040924/tools/bin/../lib/gcc/arm-none-eabi/9.3.1/../../../../arm-none-eabi/lib/thumb/v7e-m+fp/hard\libc_nano.a(lib_a-mprec.o)
                0x000000000800c708                __lshift
 .text.__mcmp   0x000000000800c7e0       0x38 c:/st/stm32cubeide_1.0.2/stm32cubeide/plugins/com.st.stm32cube.ide.mcu.externaltools.gnu-tools-for-stm32.9-2020-q2-update.win32_1.5.0.202011040924/tools/bin/../lib/gcc/arm-none-eabi/9.3.1/../../../../arm-none-eabi/lib/thumb/v7e-m+fp/hard\libc_nano.a(lib_a-mprec.o)
                0x000000000800c7e0                __mcmp
 .text.__mdiff  0x000000000800c818      0x110 c:/st/stm32cubeide_1.0.2/stm32cubeide/plugins/com.st.stm32cube.ide.mcu.externaltools.gnu-tools-for-stm32.9-2020-q2-update.win32_1.5.0.202011040924/tools/bin/../lib/gcc/arm-none-eabi/9.3.1/../../../../arm-none-eabi/lib/thumb/v7e-m+fp/hard\libc_nano.a(lib_a-mprec.o)
                0x000000000800c818                __mdiff
 .text.__d2b    0x000000000800c928       0xb8 c:/st/stm32cubeide_1.0.2/stm32cubeide/plugins/com.st.stm32cube.ide.mcu.externaltools.gnu-tools-for-stm32.9-2020-q2-update.win32_1.5.0.202011040924/tools/bin/../lib/gcc/arm-none-eabi/9.3.1/../../../../arm-none-eabi/lib/thumb/v7e-m+fp/hard\libc_nano.a(lib_a-mprec.o)
                0x000000000800c928                __d2b
 .text._calloc_r
                0x000000000800c9e0       0x1e c:/st/stm32cubeide_1.0.2/stm32cubeide/plugins/com.st.stm32cube.ide.mcu.externaltools.gnu-tools-for-stm32.9-2020-q2-update.win32_1.5.0.202011040924/tools/bin/../lib/gcc/arm-none-eabi/9.3.1/../../../../arm-none-eabi/lib/thumb/v7e-m+fp/hard\libc_nano.a(lib_a-nano-callocr.o)
                0x000000000800c9e0                _calloc_r
 *fill*         0x000000000800c9fe        0x2 
 .text._free_r  0x000000000800ca00       0xa0 c:/st/stm32cubeide_1.0.2/stm32cubeide/plugins/com.st.stm32cube.ide.mcu.externaltools.gnu-tools-for-stm32.9-2020-q2-update.win32_1.5.0.202011040924/tools/bin/../lib/gcc/arm-none-eabi/9.3.1/../../../../arm-none-eabi/lib/thumb/v7e-m+fp/hard\libc_nano.a(lib_a-nano-freer.o)
                0x000000000800ca00                _free_r
 .text._malloc_r
                0x000000000800caa0       0xb4 c:/st/stm32cubeide_1.0.2/stm32cubeide/plugins/com.st.stm32cube.ide.mcu.externaltools.gnu-tools-for-stm32.9-2020-q2-update.win32_1.5.0.202011040924/tools/bin/../lib/gcc/arm-none-eabi/9.3.1/../../../../arm-none-eabi/lib/thumb/v7e-m+fp/hard\libc_nano.a(lib_a-nano-mallocr.o)
                0x000000000800caa0                _malloc_r
 .text.__sfputc_r
                0x000000000800cb54       0x2e c:/st/stm32cubeide_1.0.2/stm32cubeide/plugins/com.st.stm32cube.ide.mcu.externaltools.gnu-tools-for-stm32.9-2020-q2-update.win32_1.5.0.202011040924/tools/bin/../lib/gcc/arm-none-eabi/9.3.1/../../../../arm-none-eabi/lib/thumb/v7e-m+fp/hard\libc_nano.a(lib_a-nano-vfprintf.o)
 .text.__sfputs_r
                0x000000000800cb82       0x24 c:/st/stm32cubeide_1.0.2/stm32cubeide/plugins/com.st.stm32cube.ide.mcu.externaltools.gnu-tools-for-stm32.9-2020-q2-update.win32_1.5.0.202011040924/tools/bin/../lib/gcc/arm-none-eabi/9.3.1/../../../../arm-none-eabi/lib/thumb/v7e-m+fp/hard\libc_nano.a(lib_a-nano-vfprintf.o)
                0x000000000800cb82                __sfputs_r
 *fill*         0x000000000800cba6        0x2 
 .text._vfprintf_r
                0x000000000800cba8      0x260 c:/st/stm32cubeide_1.0.2/stm32cubeide/plugins/com.st.stm32cube.ide.mcu.externaltools.gnu-tools-for-stm32.9-2020-q2-update.win32_1.5.0.202011040924/tools/bin/../lib/gcc/arm-none-eabi/9.3.1/../../../../arm-none-eabi/lib/thumb/v7e-m+fp/hard\libc_nano.a(lib_a-nano-vfprintf.o)
                0x000000000800cba8                _vfprintf_r
                0x000000000800cba8                _vfiprintf_r
 .text._putc_r  0x000000000800ce08       0x90 c:/st/stm32cubeide_1.0.2/stm32cubeide/plugins/com.st.stm32cube.ide.mcu.externaltools.gnu-tools-for-stm32.9-2020-q2-update.win32_1.5.0.202011040924/tools/bin/../lib/gcc/arm-none-eabi/9.3.1/../../../../arm-none-eabi/lib/thumb/v7e-m+fp/hard\libc_nano.a(lib_a-putc.o)
                0x000000000800ce08                _putc_r
 .text._sbrk_r  0x000000000800ce98       0x20 c:/st/stm32cubeide_1.0.2/stm32cubeide/plugins/com.st.stm32cube.ide.mcu.externaltools.gnu-tools-for-stm32.9-2020-q2-update.win32_1.5.0.202011040924/tools/bin/../lib/gcc/arm-none-eabi/9.3.1/../../../../arm-none-eabi/lib/thumb/v7e-m+fp/hard\libc_nano.a(lib_a-sbrkr.o)
                0x000000000800ce98                _sbrk_r
 .text.__sread  0x000000000800ceb8       0x22 c:/st/stm32cubeide_1.0.2/stm32cubeide/plugins/com.st.stm32cube.ide.mcu.externaltools.gnu-tools-for-stm32.9-2020-q2-update.win32_1.5.0.202011040924/tools/bin/../lib/gcc/arm-none-eabi/9.3.1/../../../../arm-none-eabi/lib/thumb/v7e-m+fp/hard\libc_nano.a(lib_a-stdio.o)
                0x000000000800ceb8                __sread
 .text.__swrite
                0x000000000800ceda       0x38 c:/st/stm32cubeide_1.0.2/stm32cubeide/plugins/com.st.stm32cube.ide.mcu.externaltools.gnu-tools-for-stm32.9-2020-q2-update.win32_1.5.0.202011040924/tools/bin/../lib/gcc/arm-none-eabi/9.3.1/../../../../arm-none-eabi/lib/thumb/v7e-m+fp/hard\libc_nano.a(lib_a-stdio.o)
                0x000000000800ceda                __swrite
 .text.__sseek  0x000000000800cf12       0x24 c:/st/stm32cubeide_1.0.2/stm32cubeide/plugins/com.st.stm32cube.ide.mcu.externaltools.gnu-tools-for-stm32.9-2020-q2-update.win32_1.5.0.202011040924/tools/bin/../lib/gcc/arm-none-eabi/9.3.1/../../../../arm-none-eabi/lib/thumb/v7e-m+fp/hard\libc_nano.a(lib_a-stdio.o)
                0x000000000800cf12                __sseek
 .text.__sclose
                0x000000000800cf36        0x8 c:/st/stm32cubeide_1.0.2/stm32cubeide/plugins/com.st.stm32cube.ide.mcu.externaltools.gnu-tools-for-stm32.9-2020-q2-update.win32_1.5.0.202011040924/tools/bin/../lib/gcc/arm-none-eabi/9.3.1/../../../../arm-none-eabi/lib/thumb/v7e-m+fp/hard\libc_nano.a(lib_a-stdio.o)
                0x000000000800cf36                __sclose
 *fill*         0x000000000800cf3e        0x2 
 .text._write_r
                0x000000000800cf40       0x24 c:/st/stm32cubeide_1.0.2/stm32cubeide/plugins/com.st.stm32cube.ide.mcu.externaltools.gnu-tools-for-stm32.9-2020-q2-update.win32_1.5.0.202011040924/tools/bin/../lib/gcc/arm-none-eabi/9.3.1/../../../../arm-none-eabi/lib/thumb/v7e-m+fp/hard\libc_nano.a(lib_a-writer.o)
                0x000000000800cf40                _write_r
 .text.__assert_func
                0x000000000800cf64       0x3c c:/st/stm32cubeide_1.0.2/stm32cubeide/plugins/com.st.stm32cube.ide.mcu.externaltools.gnu-tools-for-stm32.9-2020-q2-update.win32_1.5.0.202011040924/tools/bin/../lib/gcc/arm-none-eabi/9.3.1/../../../../arm-none-eabi/lib/thumb/v7e-m+fp/hard\libc_nano.a(lib_a-assert.o)
                0x000000000800cf64                __assert_func
 .text._close_r
                0x000000000800cfa0       0x20 c:/st/stm32cubeide_1.0.2/stm32cubeide/plugins/com.st.stm32cube.ide.mcu.externaltools.gnu-tools-for-stm32.9-2020-q2-update.win32_1.5.0.202011040924/tools/bin/../lib/gcc/arm-none-eabi/9.3.1/../../../../arm-none-eabi/lib/thumb/v7e-m+fp/hard\libc_nano.a(lib_a-closer.o)
                0x000000000800cfa0                _close_r
 .text.fprintf  0x000000000800cfc0       0x24 c:/st/stm32cubeide_1.0.2/stm32cubeide/plugins/com.st.stm32cube.ide.mcu.externaltools.gnu-tools-for-stm32.9-2020-q2-update.win32_1.5.0.202011040924/tools/bin/../lib/gcc/arm-none-eabi/9.3.1/../../../../arm-none-eabi/lib/thumb/v7e-m+fp/hard\libc_nano.a(lib_a-fprintf.o)
                0x000000000800cfc0                fiprintf
                0x000000000800cfc0                fprintf
 .text._fstat_r
                0x000000000800cfe4       0x24 c:/st/stm32cubeide_1.0.2/stm32cubeide/plugins/com.st.stm32cube.ide.mcu.externaltools.gnu-tools-for-stm32.9-2020-q2-update.win32_1.5.0.202011040924/tools/bin/../lib/gcc/arm-none-eabi/9.3.1/../../../../arm-none-eabi/lib/thumb/v7e-m+fp/hard\libc_nano.a(lib_a-fstatr.o)
                0x000000000800cfe4                _fstat_r
 .text._isatty_r
                0x000000000800d008       0x20 c:/st/stm32cubeide_1.0.2/stm32cubeide/plugins/com.st.stm32cube.ide.mcu.externaltools.gnu-tools-for-stm32.9-2020-q2-update.win32_1.5.0.202011040924/tools/bin/../lib/gcc/arm-none-eabi/9.3.1/../../../../arm-none-eabi/lib/thumb/v7e-m+fp/hard\libc_nano.a(lib_a-isattyr.o)
                0x000000000800d008                _isatty_r
 .text._lseek_r
                0x000000000800d028       0x24 c:/st/stm32cubeide_1.0.2/stm32cubeide/plugins/com.st.stm32cube.ide.mcu.externaltools.gnu-tools-for-stm32.9-2020-q2-update.win32_1.5.0.202011040924/tools/bin/../lib/gcc/arm-none-eabi/9.3.1/../../../../arm-none-eabi/lib/thumb/v7e-m+fp/hard\libc_nano.a(lib_a-lseekr.o)
                0x000000000800d028                _lseek_r
 .text.__ascii_mbtowc
                0x000000000800d04c       0x24 c:/st/stm32cubeide_1.0.2/stm32cubeide/plugins/com.st.stm32cube.ide.mcu.externaltools.gnu-tools-for-stm32.9-2020-q2-update.win32_1.5.0.202011040924/tools/bin/../lib/gcc/arm-none-eabi/9.3.1/../../../../arm-none-eabi/lib/thumb/v7e-m+fp/hard\libc_nano.a(lib_a-mbtowc_r.o)
                0x000000000800d04c                __ascii_mbtowc
 .text.__malloc_lock
                0x000000000800d070        0xc c:/st/stm32cubeide_1.0.2/stm32cubeide/plugins/com.st.stm32cube.ide.mcu.externaltools.gnu-tools-for-stm32.9-2020-q2-update.win32_1.5.0.202011040924/tools/bin/../lib/gcc/arm-none-eabi/9.3.1/../../../../arm-none-eabi/lib/thumb/v7e-m+fp/hard\libc_nano.a(lib_a-mlock.o)
                0x000000000800d070                __malloc_lock
 .text.__malloc_unlock
                0x000000000800d07c        0xc c:/st/stm32cubeide_1.0.2/stm32cubeide/plugins/com.st.stm32cube.ide.mcu.externaltools.gnu-tools-for-stm32.9-2020-q2-update.win32_1.5.0.202011040924/tools/bin/../lib/gcc/arm-none-eabi/9.3.1/../../../../arm-none-eabi/lib/thumb/v7e-m+fp/hard\libc_nano.a(lib_a-mlock.o)
                0x000000000800d07c                __malloc_unlock
 .text._read_r  0x000000000800d088       0x24 c:/st/stm32cubeide_1.0.2/stm32cubeide/plugins/com.st.stm32cube.ide.mcu.externaltools.gnu-tools-for-stm32.9-2020-q2-update.win32_1.5.0.202011040924/tools/bin/../lib/gcc/arm-none-eabi/9.3.1/../../../../arm-none-eabi/lib/thumb/v7e-m+fp/hard\libc_nano.a(lib_a-readr.o)
                0x000000000800d088                _read_r
 .text.__ascii_wctomb
                0x000000000800d0ac       0x1a c:/st/stm32cubeide_1.0.2/stm32cubeide/plugins/com.st.stm32cube.ide.mcu.externaltools.gnu-tools-for-stm32.9-2020-q2-update.win32_1.5.0.202011040924/tools/bin/../lib/gcc/arm-none-eabi/9.3.1/../../../../arm-none-eabi/lib/thumb/v7e-m+fp/hard\libc_nano.a(lib_a-wctomb_r.o)
                0x000000000800d0ac                __ascii_wctomb
 .text.abort    0x000000000800d0c6        0xe c:/st/stm32cubeide_1.0.2/stm32cubeide/plugins/com.st.stm32cube.ide.mcu.externaltools.gnu-tools-for-stm32.9-2020-q2-update.win32_1.5.0.202011040924/tools/bin/../lib/gcc/arm-none-eabi/9.3.1/../../../../arm-none-eabi/lib/thumb/v7e-m+fp/hard\libc_nano.a(lib_a-abort.o)
                0x000000000800d0c6                abort
 .text._raise_r
                0x000000000800d0d4       0x50 c:/st/stm32cubeide_1.0.2/stm32cubeide/plugins/com.st.stm32cube.ide.mcu.externaltools.gnu-tools-for-stm32.9-2020-q2-update.win32_1.5.0.202011040924/tools/bin/../lib/gcc/arm-none-eabi/9.3.1/../../../../arm-none-eabi/lib/thumb/v7e-m+fp/hard\libc_nano.a(lib_a-signal.o)
                0x000000000800d0d4                _raise_r
 .text.raise    0x000000000800d124       0x10 c:/st/stm32cubeide_1.0.2/stm32cubeide/plugins/com.st.stm32cube.ide.mcu.externaltools.gnu-tools-for-stm32.9-2020-q2-update.win32_1.5.0.202011040924/tools/bin/../lib/gcc/arm-none-eabi/9.3.1/../../../../arm-none-eabi/lib/thumb/v7e-m+fp/hard\libc_nano.a(lib_a-signal.o)
                0x000000000800d124                raise
 .text._kill_r  0x000000000800d134       0x24 c:/st/stm32cubeide_1.0.2/stm32cubeide/plugins/com.st.stm32cube.ide.mcu.externaltools.gnu-tools-for-stm32.9-2020-q2-update.win32_1.5.0.202011040924/tools/bin/../lib/gcc/arm-none-eabi/9.3.1/../../../../arm-none-eabi/lib/thumb/v7e-m+fp/hard\libc_nano.a(lib_a-signalr.o)
                0x000000000800d134                _kill_r
 .text._getpid_r
                0x000000000800d158        0x4 c:/st/stm32cubeide_1.0.2/stm32cubeide/plugins/com.st.stm32cube.ide.mcu.externaltools.gnu-tools-for-stm32.9-2020-q2-update.win32_1.5.0.202011040924/tools/bin/../lib/gcc/arm-none-eabi/9.3.1/../../../../arm-none-eabi/lib/thumb/v7e-m+fp/hard\libc_nano.a(lib_a-signalr.o)
                0x000000000800d158                _getpid_r
 *(.glue_7)
 .glue_7        0x000000000800d15c        0x0 linker stubs
 *(.glue_7t)
 .glue_7t       0x000000000800d15c        0x0 linker stubs
 *(.eh_frame)
 .eh_frame      0x000000000800d15c        0x0 c:/st/stm32cubeide_1.0.2/stm32cubeide/plugins/com.st.stm32cube.ide.mcu.externaltools.gnu-tools-for-stm32.9-2020-q2-update.win32_1.5.0.202011040924/tools/bin/../lib/gcc/arm-none-eabi/9.3.1/thumb/v7e-m+fp/hard/crtbegin.o
 *(.init)
 .init          0x000000000800d15c        0x4 c:/st/stm32cubeide_1.0.2/stm32cubeide/plugins/com.st.stm32cube.ide.mcu.externaltools.gnu-tools-for-stm32.9-2020-q2-update.win32_1.5.0.202011040924/tools/bin/../lib/gcc/arm-none-eabi/9.3.1/thumb/v7e-m+fp/hard/crti.o
                0x000000000800d15c                _init