Archive member included to satisfy reference by file (symbol)

c:/st/stm32cubeide_1.0.2/stm32cubeide/plugins/com.st.stm32cube.ide.mcu.externaltools.gnu-tools-for-stm32.9-2020-q2-update.win32_1.5.0.202011040924/tools/bin/../lib/gcc/arm-none-eabi/9.3.1/../../../../arm-none-eabi/lib/thumb/v7e-m+fp/hard\libc_nano.a(lib_a-errno.o)
                              Core/Src/syscalls.o (__errno)
c:/st/stm32cubeide_1.0.2/stm32cubeide/plugins/com.st.stm32cube.ide.mcu.externaltools.gnu-tools-for-stm32.9-2020-q2-update.win32_1.5.0.202011040924/tools/bin/../lib/gcc/arm-none-eabi/9.3.1/../../../../arm-none-eabi/lib/thumb/v7e-m+fp/hard\libc_nano.a(lib_a-exit.o)
                              c:/st/stm32cubeide_1.0.2/stm32cubeide/plugins/com.st.stm32cube.ide.mcu.externaltools.gnu-tools-for-stm32.9-2020-q2-update.win32_1.5.0.202011040924/tools/bin/../lib/gcc/arm-none-eabi/9.3.1/../../../../arm-none-eabi/lib/thumb/v7e-m+fp/hard/crt0.o (exit)
c:/st/stm32cubeide_1.0.2/stm32cubeide/plugins/com.st.stm32cube.ide.mcu.externaltools.gnu-tools-for-stm32.9-2020-q2-update.win32_1.5.0.202011040924/tools/bin/../lib/gcc/arm-none-eabi/9.3.1/../../../../arm-none-eabi/lib/thumb/v7e-m+fp/hard\libc_nano.a(lib_a-impure.o)
                              c:/st/stm32cubeide_1.0.2/stm32cubeide/plugins/com.st.stm32cube.ide.mcu.externaltools.gnu-tools-for-stm32.9-2020-q2-update.win32_1.5.0.202011040924/tools/bin/../lib/gcc/arm-none-eabi/9.3.1/../../../../arm-none-eabi/lib/thumb/v7e-m+fp/hard\libc_nano.a(lib_a-exit.o) (_global_impure_ptr)
c:/st/stm32cubeide_1.0.2/stm32cubeide/plugins/com.st.stm32cube.ide.mcu.externaltools.gnu-tools-for-stm32.9-2020-q2-update.win32_1.5.0.202011040924/tools/bin/../lib/gcc/arm-none-eabi/9.3.1/../../../../arm-none-eabi/lib/thumb/v7e-m+fp/hard\libc_nano.a(lib_a-init.o)
                              c:/st/stm32cubeide_1.0.2/stm32cubeide/plugins/com.st.stm32cube.ide.mcu.externaltools.gnu-tools-for-stm32.9-2020-q2-update.win32_1.5.0.202011040924/tools/bin/../lib/gcc/arm-none-eabi/9.3.1/../../../../arm-none-eabi/lib/thumb/v7e-m+fp/hard/crt0.o (__libc_init_array)
c:/st/stm32cubeide_1.0.2/stm32cubeide/plugins/com.st.stm32cube.ide.mcu.externaltools.gnu-tools-for-stm32.9-2020-q2-update.win32_1.5.0.202011040924/tools/bin/../lib/gcc/arm-none-eabi/9.3.1/../../../../arm-none-eabi/lib/thumb/v7e-m+fp/hard\libc_nano.a(lib_a-memset.o)
                              c:/st/stm32cubeide_1.0.2/stm32cubeide/plugins/com.st.stm32cube.ide.mcu.externaltools.gnu-tools-for-stm32.9-2020-q2-update.win32_1.5.0.202011040924/tools/bin/../lib/gcc/arm-none-eabi/9.3.1/../../../../arm-none-eabi/lib/thumb/v7e-m+fp/hard/crt0.o (memset)
c:/st/stm32cubeide_1.0.2/stm32cubeide/plugins/com.st.stm32cube.ide.mcu.externaltools.gnu-tools-for-stm32.9-2020-q2-update.win32_1.5.0.202011040924/tools/bin/../lib/gcc/arm-none-eabi/9.3.1/../../../../arm-none-eabi/lib/thumb/v7e-m+fp/hard\libc_nano.a(lib_a-nano-vfprintf_float.o)
                              (_printf_float)
c:/st/stm32cubeide_1.0.2/stm32cubeide/plugins/com.st.stm32cube.ide.mcu.externaltools.gnu-tools-for-stm32.9-2020-q2-update.win32_1.5.0.202011040924/tools/bin/../lib/gcc/arm-none-eabi/9.3.1/../../../../arm-none-eabi/lib/thumb/v7e-m+fp/hard\libc_nano.a(lib_a-nano-vfprintf_i.o)
                              c:/st/stm32cubeide_1.0.2/stm32cubeide/plugins/com.st.stm32cube.ide.mcu.externaltools.gnu-tools-for-stm32.9-2020-q2-update.win32_1.5.0.202011040924/tools/bin/../lib/gcc/arm-none-eabi/9.3.1/../../../../arm-none-eabi/lib/thumb/v7e-m+fp/hard\libc_nano.a(lib_a-nano-vfprintf_float.o) (_printf_common)
c:/st/stm32cubeide_1.0.2/stm32cubeide/plugins/com.st.stm32cube.ide.mcu.externaltools.gnu-tools-for-stm32.9-2020-q2-update.win32_1.5.0.202011040924/tools/bin/../lib/gcc/arm-none-eabi/9.3.1/../../../../arm-none-eabi/lib/thumb/v7e-m+fp/hard\libc_nano.a(lib_a-printf.o)
                              Core/Src/Controller/mode.o (printf)
c:/st/stm32cubeide_1.0.2/stm32cubeide/plugins/com.st.stm32cube.ide.mcu.externaltools.gnu-tools-for-stm32.9-2020-q2-update.win32_1.5.0.202011040924/tools/bin/../lib/gcc/arm-none-eabi/9.3.1/../../../../arm-none-eabi/lib/thumb/v7e-m+fp/hard\libc_nano.a(lib_a-putchar.o)
                              Core/Src/Controller/mode.o (putchar)
c:/st/stm32cubeide_1.0.2/stm32cubeide/plugins/com.st.stm32cube.ide.mcu.externaltools.gnu-tools-for-stm32.9-2020-q2-update.win32_1.5.0.202011040924/tools/bin/../lib/gcc/arm-none-eabi/9.3.1/../../../../arm-none-eabi/lib/thumb/v7e-m+fp/hard\libc_nano.a(lib_a-puts.o)
                              Core/Src/Controller/mode.o (puts)
c:/st/stm32cubeide_1.0.2/stm32cubeide/plugins/com.st.stm32cube.ide.mcu.externaltools.gnu-tools-for-stm32.9-2020-q2-update.win32_1.5.0.202011040924/tools/bin/../lib/gcc/arm-none-eabi/9.3.1/../../../../arm-none-eabi/lib/thumb/v7e-m+fp/hard\libc_nano.a(lib_a-setbuf.o)
                              Core/Src/main.o (setbuf)
[...]
Memory Configuration

Name             Origin             Length             Attributes
CCMRAM           0x0000000010000000 0x0000000000010000 xrw
RAM              0x0000000020000000 0x0000000000020000 xrw
FLASH            0x0000000008000000 0x0000000000100000 xr
*default*        0x0000000000000000 0xffffffffffffffff

Linker script and memory map

LOAD c:/st/stm32cubeide_1.0.2/stm32cubeide/plugins/com.st.stm32cube.ide.mcu.externaltools.gnu-tools-for-stm32.9-2020-q2-update.win32_1.5.0.202011040924/tools/bin/../lib/gcc/arm-none-eabi/9.3.1/thumb/v7e-m+fp/hard/crti.o
LOAD c:/st/stm32cubeide_1.0.2/stm32cubeide/plugins/com.st.stm32cube.ide.mcu.externaltools.gnu-tools-for-stm32.9-2020-q2-update.win32_1.5.0.202011040924/tools/bin/../lib/gcc/arm-none-eabi/9.3.1/thumb/v7e-m+fp/hard/crtbegin.o
LOAD c:/st/stm32cubeide_1.0.2/stm32cubeide/plugins/com.st.stm32cube.ide.mcu.externaltools.gnu-tools-for-stm32.9-2020-q2-update.win32_1.5.0.202011040924/tools/bin/../lib/gcc/arm-none-eabi/9.3.1/../../../../arm-none-eabi/lib/thumb/v7e-m+fp/hard/crt0.o
LOAD Core/Src/Controller/callback.o
LOAD Core/Src/Controller/mode.o
LOAD Core/Src/Controller/search.o
LOAD Core/Src/Controller/state.o
LOAD Core/Src/Controller/test.o
LOAD Core/Src/Hardware/ICM20689.o
LOAD Core/Src/Hardware/basic_timer.o
LOAD Core/Src/Hardware/battery.o
LOAD Core/Src/Hardware/buzzer.o
LOAD Core/Src/Hardware/encoder.o
LOAD Core/Src/Hardware/flash.o
LOAD Core/Src/Hardware/interface_LED.o
LOAD Core/Src/Hardware/motor.o
LOAD Core/Src/Hardware/wall_sensor.o
LOAD Core/Src/System/flags.o
LOAD Core/Src/System/log.o
LOAD Core/Src/System/map.o
LOAD Core/Src/System/motion.o
LOAD Core/Src/System/music.o
LOAD Core/Src/System/route.o
LOAD Core/Src/System/sensing.o
LOAD Core/Src/adc.o
LOAD Core/Src/dma.o
LOAD Core/Src/gpio.o
LOAD Core/Src/main.o
LOAD Core/Src/spi.o
LOAD Core/Src/stm32f4xx_it.o
LOAD Core/Src/syscalls.o
LOAD Core/Src/sysmem.o
LOAD Core/Src/system_stm32f4xx.o
LOAD Core/Src/tim.o
LOAD Core/Src/usart.o
LOAD Core/Startup/startup_stm32f405rgtx.o
LOAD Drivers/STM32F4xx_HAL_Driver/Src/stm32f4xx_ll_adc.o
LOAD Drivers/STM32F4xx_HAL_Driver/Src/stm32f4xx_ll_dma.o
LOAD Drivers/STM32F4xx_HAL_Driver/Src/stm32f4xx_ll_exti.o
LOAD Drivers/STM32F4xx_HAL_Driver/Src/stm32f4xx_ll_gpio.o
LOAD Drivers/STM32F4xx_HAL_Driver/Src/stm32f4xx_ll_rcc.o
LOAD Drivers/STM32F4xx_HAL_Driver/Src/stm32f4xx_ll_spi.o
LOAD Drivers/STM32F4xx_HAL_Driver/Src/stm32f4xx_ll_tim.o
LOAD Drivers/STM32F4xx_HAL_Driver/Src/stm32f4xx_ll_usart.o
LOAD Drivers/STM32F4xx_HAL_Driver/Src/stm32f4xx_ll_utils.o
START GROUP
LOAD c:/st/stm32cubeide_1.0.2/stm32cubeide/plugins/com.st.stm32cube.ide.mcu.externaltools.gnu-tools-for-stm32.9-2020-q2-update.win32_1.5.0.202011040924/tools/bin/../lib/gcc/arm-none-eabi/9.3.1/../../../../arm-none-eabi/lib/thumb/v7e-m+fp/hard\libc_nano.a
LOAD c:/st/stm32cubeide_1.0.2/stm32cubeide/plugins/com.st.stm32cube.ide.mcu.externaltools.gnu-tools-for-stm32.9-2020-q2-update.win32_1.5.0.202011040924/tools/bin/../lib/gcc/arm-none-eabi/9.3.1/../../../../arm-none-eabi/lib/thumb/v7e-m+fp/hard\libm.a
END GROUP
START GROUP
LOAD c:/st/stm32cubeide_1.0.2/stm32cubeide/plugins/com.st.stm32cube.ide.mcu.externaltools.gnu-tools-for-stm32.9-2020-q2-update.win32_1.5.0.202011040924/tools/bin/../lib/gcc/arm-none-eabi/9.3.1/thumb/v7e-m+fp/hard\libgcc.a
LOAD c:/st/stm32cubeide_1.0.2/stm32cubeide/plugins/com.st.stm32cube.ide.mcu.externaltools.gnu-tools-for-stm32.9-2020-q2-update.win32_1.5.0.202011040924/tools/bin/../lib/gcc/arm-none-eabi/9.3.1/../../../../arm-none-eabi/lib/thumb/v7e-m+fp/hard\libc_nano.a
END GROUP
START GROUP
LOAD c:/st/stm32cubeide_1.0.2/stm32cubeide/plugins/com.st.stm32cube.ide.mcu.externaltools.gnu-tools-for-stm32.9-2020-q2-update.win32_1.5.0.202011040924/tools/bin/../lib/gcc/arm-none-eabi/9.3.1/thumb/v7e-m+fp/hard\libgcc.a
LOAD c:/st/stm32cubeide_1.0.2/stm32cubeide/plugins/com.st.stm32cube.ide.mcu.externaltools.gnu-tools-for-stm32.9-2020-q2-update.win32_1.5.0.202011040924/tools/bin/../lib/gcc/arm-none-eabi/9.3.1/../../../../arm-none-eabi/lib/thumb/v7e-m+fp/hard\libc_nano.a
LOAD c:/st/stm32cubeide_1.0.2/stm32cubeide/plugins/com.st.stm32cube.ide.mcu.externaltools.gnu-tools-for-stm32.9-2020-q2-update.win32_1.5.0.202011040924/tools/bin/../lib/gcc/arm-none-eabi/9.3.1/../../../../arm-none-eabi/lib/thumb/v7e-m+fp/hard\libnosys.a
END GROUP
START GROUP
LOAD c:/st/stm32cubeide_1.0.2/stm32cubeide/plugins/com.st.stm32cube.ide.mcu.externaltools.gnu-tools-for-stm32.9-2020-q2-update.win32_1.5.0.202011040924/tools/bin/../lib/gcc/arm-none-eabi/9.3.1/thumb/v7e-m+fp/hard\libgcc.a
LOAD c:/st/stm32cubeide_1.0.2/stm32cubeide/plugins/com.st.stm32cube.ide.mcu.externaltools.gnu-tools-for-stm32.9-2020-q2-update.win32_1.5.0.202011040924/tools/bin/../lib/gcc/arm-none-eabi/9.3.1/../../../../arm-none-eabi/lib/thumb/v7e-m+fp/hard\libc_nano.a
LOAD c:/st/stm32cubeide_1.0.2/stm32cubeide/plugins/com.st.stm32cube.ide.mcu.externaltools.gnu-tools-for-stm32.9-2020-q2-update.win32_1.5.0.202011040924/tools/bin/../lib/gcc/arm-none-eabi/9.3.1/../../../../arm-none-eabi/lib/thumb/v7e-m+fp/hard\libnosys.a
END GROUP
LOAD c:/st/stm32cubeide_1.0.2/stm32cubeide/plugins/com.st.stm32cube.ide.mcu.externaltools.gnu-tools-for-stm32.9-2020-q2-update.win32_1.5.0.202011040924/tools/bin/../lib/gcc/arm-none-eabi/9.3.1/thumb/v7e-m+fp/hard/crtend.o
LOAD c:/st/stm32cubeide_1.0.2/stm32cubeide/plugins/com.st.stm32cube.ide.mcu.externaltools.gnu-tools-for-stm32.9-2020-q2-update.win32_1.5.0.202011040924/tools/bin/../lib/gcc/arm-none-eabi/9.3.1/thumb/v7e-m+fp/hard/crtn.o
                0x0000000020020000                _estack = (ORIGIN (RAM) + LENGTH (RAM))
                0x0000000000000200                _Min_Heap_Size = 0x200
                0x0000000000000400                _Min_Stack_Size = 0x400

.isr_vector     0x0000000008000000      0x188
                0x0000000008000000                . = ALIGN (0x4)
 *(.isr_vector)
 .isr_vector    0x0000000008000000      0x188 Core/Startup/startup_stm32f405rgtx.o
                0x0000000008000000                g_pfnVectors
                0x0000000008000188                . = ALIGN (0x4)

.text           0x0000000008000190     0xce5c
                0x0000000008000190                . = ALIGN (0x4)
 *(.text)
 .text          0x0000000008000190       0x40 c:/st/stm32cubeide_1.0.2/stm32cubeide/plugins/com.st.stm32cube.ide.mcu.externaltools.gnu-tools-for-stm32.9-2020-q2-update.win32_1.5.0.202011040924/tools/bin/../lib/gcc/arm-none-eabi/9.3.1/thumb/v7e-m+fp/hard/crtbegin.o
 .text          0x00000000080001d0       0x10 c:/st/stm32cubeide_1.0.2/stm32cubeide/plugins/com.st.stm32cube.ide.mcu.externaltools.gnu-tools-for-stm32.9-2020-q2-update.win32_1.5.0.202011040924/tools/bin/../lib/gcc/arm-none-eabi/9.3.1/../../../../arm-none-eabi/lib/thumb/v7e-m+fp/hard\libc_nano.a(lib_a-strlen.o)
                0x00000000080001d0                strlen
 .text          0x00000000080001e0       0xa0 c:/st/stm32cubeide_1.0.2/stm32cubeide/plugins/com.st.stm32cube.ide.mcu.externaltools.gnu-tools-for-stm32.9-2020-q2-update.win32_1.5.0.202011040924/tools/bin/../lib/gcc/arm-none-eabi/9.3.1/../../../../arm-none-eabi/lib/thumb/v7e-m+fp/hard\libc_nano.a(lib_a-memchr.o)
                0x00000000080001e0                memchr
 .text          0x0000000008000280      0x378 c:/st/stm32cubeide_1.0.2/stm32cubeide/plugins/com.st.stm32cube.ide.mcu.externaltools.gnu-tools-for-stm32.9-2020-q2-update.win32_1.5.0.202011040924/tools/bin/../lib/gcc/arm-none-eabi/9.3.1/thumb/v7e-m+fp/hard\libgcc.a(_arm_addsubdf3.o)
                0x0000000008000280                __aeabi_drsub
                0x0000000008000288                __aeabi_dsub
                0x0000000008000288                __subdf3
                0x000000000800028c                __aeabi_dadd
                0x000000000800028c                __adddf3
                0x0000000008000504                __floatunsidf
                0x0000000008000504                __aeabi_ui2d
                0x0000000008000524                __floatsidf
                0x0000000008000524                __aeabi_i2d
                0x0000000008000548                __aeabi_f2d
                0x0000000008000548                __extendsfdf2
                0x000000000800058c                __floatundidf
                0x000000000800058c                __aeabi_ul2d
                0x000000000800059c                __floatdidf
                0x000000000800059c                __aeabi_l2d
 .text          0x00000000080005f8      0x424 c:/st/stm32cubeide_1.0.2/stm32cubeide/plugins/com.st.stm32cube.ide.mcu.externaltools.gnu-tools-for-stm32.9-2020-q2-update.win32_1.5.0.202011040924/tools/bin/../lib/gcc/arm-none-eabi/9.3.1/thumb/v7e-m+fp/hard\libgcc.a(_arm_muldivdf3.o)
                0x00000000080005f8                __aeabi_dmul
                0x00000000080005f8                __muldf3
                0x000000000800084c                __divdf3
                0x000000000800084c                __aeabi_ddiv
 .text          0x0000000008000a1c      0x110 c:/st/stm32cubeide_1.0.2/stm32cubeide/plugins/com.st.stm32cube.ide.mcu.externaltools.gnu-tools-for-stm32.9-2020-q2-update.win32_1.5.0.202011040924/tools/bin/../lib/gcc/arm-none-eabi/9.3.1/thumb/v7e-m+fp/hard\libgcc.a(_arm_cmpdf2.o)
                0x0000000008000a1c                __gtdf2
                0x0000000008000a1c                __gedf2
                0x0000000008000a24                __ltdf2
                0x0000000008000a24                __ledf2
                0x0000000008000a2c                __nedf2
                0x0000000008000a2c                __eqdf2
                0x0000000008000a2c                __cmpdf2
                0x0000000008000aa8                __aeabi_cdrcmple
                0x0000000008000ab8                __aeabi_cdcmpeq
                0x0000000008000ab8                __aeabi_cdcmple
                0x0000000008000ac8                __aeabi_dcmpeq
                0x0000000008000adc                __aeabi_dcmplt
                0x0000000008000af0                __aeabi_dcmple
                0x0000000008000b04                __aeabi_dcmpge
                0x0000000008000b18                __aeabi_dcmpgt
 .text          0x0000000008000b2c       0x2c c:/st/stm32cubeide_1.0.2/stm32cubeide/plugins/com.st.stm32cube.ide.mcu.externaltools.gnu-tools-for-stm32.9-2020-q2-update.win32_1.5.0.202011040924/tools/bin/../lib/gcc/arm-none-eabi/9.3.1/thumb/v7e-m+fp/hard\libgcc.a(_arm_unorddf2.o)
                0x0000000008000b2c                __unorddf2
                0x0000000008000b2c                __aeabi_dcmpun
 .text          0x0000000008000b58       0x50 c:/st/stm32cubeide_1.0.2/stm32cubeide/plugins/com.st.stm32cube.ide.mcu.externaltools.gnu-tools-for-stm32.9-2020-q2-update.win32_1.5.0.202011040924/tools/bin/../lib/gcc/arm-none-eabi/9.3.1/thumb/v7e-m+fp/hard\libgcc.a(_arm_fixdfsi.o)
                0x0000000008000b58                __aeabi_d2iz
                0x0000000008000b58                __fixdfsi
 .text          0x0000000008000ba8       0xa0 c:/st/stm32cubeide_1.0.2/stm32cubeide/plugins/com.st.stm32cube.ide.mcu.externaltools.gnu-tools-for-stm32.9-2020-q2-update.win32_1.5.0.202011040924/tools/bin/../lib/gcc/arm-none-eabi/9.3.1/thumb/v7e-m+fp/hard\libgcc.a(_arm_truncdfsf2.o)
                0x0000000008000ba8                __truncdfsf2
                0x0000000008000ba8                __aeabi_d2f
 .text          0x0000000008000c48       0x30 c:/st/stm32cubeide_1.0.2/stm32cubeide/plugins/com.st.stm32cube.ide.mcu.externaltools.gnu-tools-for-stm32.9-2020-q2-update.win32_1.5.0.202011040924/tools/bin/../lib/gcc/arm-none-eabi/9.3.1/thumb/v7e-m+fp/hard\libgcc.a(_aeabi_uldivmod.o)
                0x0000000008000c48                __aeabi_uldivmod
 .text          0x0000000008000c78      0x2c4 c:/st/stm32cubeide_1.0.2/stm32cubeide/plugins/com.st.stm32cube.ide.mcu.externaltools.gnu-tools-for-stm32.9-2020-q2-update.win32_1.5.0.202011040924/tools/bin/../lib/gcc/arm-none-eabi/9.3.1/thumb/v7e-m+fp/hard\libgcc.a(_udivmoddi4.o)
                0x0000000008000c78                __udivmoddi4
 .text          0x0000000008000f3c        0x4 c:/st/stm32cubeide_1.0.2/stm32cubeide/plugins/com.st.stm32cube.ide.mcu.externaltools.gnu-tools-for-stm32.9-2020-q2-update.win32_1.5.0.202011040924/tools/bin/../lib/gcc/arm-none-eabi/9.3.1/thumb/v7e-m+fp/hard\libgcc.a(_dvmd_tls.o)
                0x0000000008000f3c                __aeabi_idiv0
                0x0000000008000f3c                __aeabi_ldiv0
 *(.text*)
 .text.callbackTIM
                0x0000000008000f40       0x74 Core/Src/Controller/callback.o
                0x0000000008000f40                callbackTIM
 .text.printMode
                0x0000000008000fb4      0x140 Core/Src/Controller/mode.o
                0x0000000008000fb4                printMode
 .text.modeSelect
                0x00000000080010f4      0x128 Core/Src/Controller/mode.o
                0x00000000080010f4                modeSelect
 .text.waitStarting
                0x000000000800121c       0x78 Core/Src/Controller/mode.o
                0x000000000800121c                waitStarting
 .text.judgeFailSafe
                0x0000000008001294       0xb8 Core/Src/Controller/mode.o
                0x0000000008001294                judgeFailSafe
 .text.errorFunctions
                0x000000000800134c       0x78 Core/Src/Controller/mode.o
                0x000000000800134c                errorFunctions
 .text.rotateSafteyR180
                0x00000000080013c4       0x3c Core/Src/Controller/search.o
                0x00000000080013c4                rotateSafteyR180
 .text.prepareStateForSearching
                0x0000000008001400       0x60 Core/Src/Controller/search.o
                0x0000000008001400                prepareStateForSearching
 .text.searchMazeBySlalom
                0x0000000008001460      0x1ec Core/Src/Controller/search.o
                0x0000000008001460                searchMazeBySlalom
 .text.CheckGoal
                0x000000000800164c       0xcc Core/Src/Controller/search.o
                0x000000000800164c                CheckGoal
 .text.calculateSensorError
                0x0000000008001718      0x264 Core/Src/Controller/state.o
                0x0000000008001718                calculateSensorError
 .text.calculatePID
                0x000000000800197c      0x118 Core/Src/Controller/state.o
                0x000000000800197c                calculatePID
 .text.calculateTargetVelocity
                0x0000000008001a94       0xbc Core/Src/Controller/state.o
                0x0000000008001a94                calculateTargetVelocity
 .text.calculateTagetOmega
                0x0000000008001b50       0xbc Core/Src/Controller/state.o
                0x0000000008001b50                calculateTagetOmega
 .text.fixTargetOmegaFromWallSensor
                0x0000000008001c0c      0x150 Core/Src/Controller/state.o
                0x0000000008001c0c                fixTargetOmegaFromWallSensor
 .text.setStatus
                0x0000000008001d5c       0x80 Core/Src/Controller/state.o
                0x0000000008001d5c                setStatus
 .text.setTurnParams
                0x0000000008001ddc       0x76 Core/Src/Controller/state.o
                0x0000000008001ddc                setTurnParams
 .text.setParameters
                0x0000000008001e52       0x4e Core/Src/Controller/state.o
                0x0000000008001e52                setParameters
 .text.initMouseStatus
                0x0000000008001ea0      0x4a8 Core/Src/Controller/state.o
                0x0000000008001ea0                initMouseStatus
 .text.updateStatus
                0x0000000008002348      0x2ac Core/Src/Controller/state.o
                0x0000000008002348                updateStatus
 .text.prepareForTest
                0x00000000080025f4       0x60 Core/Src/Controller/test.o
                0x00000000080025f4                prepareForTest
 .text.testKeepDistance
                0x0000000008002654       0x38 Core/Src/Controller/test.o
                0x0000000008002654                testKeepDistance
 .text.testWallSensors
                0x000000000800268c       0x60 Core/Src/Controller/test.o
                0x000000000800268c                testWallSensors
 .text.testEncoders
                0x00000000080026ec       0x64 Core/Src/Controller/test.o
                0x00000000080026ec                testEncoders
 .text.testIMU  0x0000000008002750       0x34 Core/Src/Controller/test.o
                0x0000000008002750                testIMU
 .text.testMotions
                0x0000000008002784      0x3d0 Core/Src/Controller/test.o
                0x0000000008002784                testMotions
 .text.LL_SPI_Enable
                0x0000000008002b54       0x20 Core/Src/Hardware/ICM20689.o
 .text.LL_SPI_IsEnabled
                0x0000000008002b74       0x26 Core/Src/Hardware/ICM20689.o
 .text.LL_SPI_IsActiveFlag_RXNE
                0x0000000008002b9a       0x26 Core/Src/Hardware/ICM20689.o
 .text.LL_SPI_IsActiveFlag_TXE
                0x0000000008002bc0       0x26 Core/Src/Hardware/ICM20689.o
 .text.LL_SPI_ReceiveData8
                0x0000000008002be6       0x1a Core/Src/Hardware/ICM20689.o
 .text.LL_SPI_TransmitData8
                0x0000000008002c00       0x24 Core/Src/Hardware/ICM20689.o
 .text.LL_GPIO_SetOutputPin
                0x0000000008002c24       0x1c Core/Src/Hardware/ICM20689.o
 .text.LL_GPIO_ResetOutputPin
                0x0000000008002c40       0x1e Core/Src/Hardware/ICM20689.o
 *fill*         0x0000000008002c5e        0x2 
 .text.SPI_Control
                0x0000000008002c60       0x9c Core/Src/Hardware/ICM20689.o
                0x0000000008002c60                SPI_Control
 .text.readByte
                0x0000000008002cfc       0x38 Core/Src/Hardware/ICM20689.o
                0x0000000008002cfc                readByte
 .text.writeByte
                0x0000000008002d34       0x3c Core/Src/Hardware/ICM20689.o
                0x0000000008002d34                writeByte
 .text.initIMU  0x0000000008002d70       0xb0 Core/Src/Hardware/ICM20689.o
                0x0000000008002d70                initIMU
 .text.readGyroOmegaZ
                0x0000000008002e20       0x4c Core/Src/Hardware/ICM20689.o
                0x0000000008002e20                readGyroOmegaZ
 .text.readGyroAccelX
                0x0000000008002e6c       0x4c Core/Src/Hardware/ICM20689.o
                0x0000000008002e6c                readGyroAccelX
 .text.LL_TIM_EnableCounter
                0x0000000008002eb8       0x20 Core/Src/Hardware/basic_timer.o
 .text.LL_TIM_DisableCounter
                0x0000000008002ed8       0x20 Core/Src/Hardware/basic_timer.o
 .text.LL_TIM_EnableIT_UPDATE
                0x0000000008002ef8       0x20 Core/Src/Hardware/basic_timer.o
 .text.LL_TIM_DisableIT_UPDATE
                0x0000000008002f18       0x20 Core/Src/Hardware/basic_timer.o
 .text.basicTimerStart
                0x0000000008002f38       0x18 Core/Src/Hardware/basic_timer.o
                0x0000000008002f38                basicTimerStart
 .text.basicTimerPause
                0x0000000008002f50       0x18 Core/Src/Hardware/basic_timer.o
                0x0000000008002f50                basicTimerPause
 .text.waitMs   0x0000000008002f68       0x1a Core/Src/Hardware/basic_timer.o
                0x0000000008002f68                waitMs
 *fill*         0x0000000008002f82        0x2 
 .text.waitUs   0x0000000008002f84       0x54 Core/Src/Hardware/basic_timer.o
                0x0000000008002f84                waitUs
 .text.readBatteryCheck
                0x0000000008002fd8       0x28 Core/Src/Hardware/battery.o
                0x0000000008002fd8                readBatteryCheck
 .text.LL_TIM_EnableCounter
                0x0000000008003000       0x20 Core/Src/Hardware/buzzer.o
 .text.LL_TIM_SetCounter
                0x0000000008003020       0x1c Core/Src/Hardware/buzzer.o
 .text.LL_TIM_SetAutoReload
                0x000000000800303c       0x1c Core/Src/Hardware/buzzer.o
 .text.LL_TIM_CC_EnableChannel
                0x0000000008003058       0x22 Core/Src/Hardware/buzzer.o
 .text.LL_TIM_OC_SetCompareCH4
                0x000000000800307a       0x1c Core/Src/Hardware/buzzer.o
 .text.LL_TIM_EnableAllOutputs
                0x0000000008003096       0x20 Core/Src/Hardware/buzzer.o
 *fill*         0x00000000080030b6        0x2 
 .text.enableMelody
                0x00000000080030b8       0x24 Core/Src/Hardware/buzzer.o
                0x00000000080030b8                enableMelody
 .text.stopMelody
                0x00000000080030dc       0x14 Core/Src/Hardware/buzzer.o
                0x00000000080030dc                stopMelody
 .text.Melody   0x00000000080030f0       0x58 Core/Src/Hardware/buzzer.o
                0x00000000080030f0                Melody
 .text.LL_TIM_EnableCounter
                0x0000000008003148       0x20 Core/Src/Hardware/encoder.o
 .text.LL_TIM_DisableCounter
                0x0000000008003168       0x20 Core/Src/Hardware/encoder.o
 .text.enableEncoder
                0x0000000008003188       0x28 Core/Src/Hardware/encoder.o
                0x0000000008003188                enableEncoder
 .text.disableEncoder
                0x00000000080031b0       0x1c Core/Src/Hardware/encoder.o
                0x00000000080031b0                disableEncoder
 .text.getEncoderData
                0x00000000080031cc       0x64 Core/Src/Hardware/encoder.o
                0x00000000080031cc                getEncoderData
 .text.FLASH_Lock
                0x0000000008003230       0x20 Core/Src/Hardware/flash.o
 .text.FLASH_Unlock
                0x0000000008003250       0x28 Core/Src/Hardware/flash.o
 .text.FLASH_WaitBusy
                0x0000000008003278       0x24 Core/Src/Hardware/flash.o
                0x0000000008003278                FLASH_WaitBusy
 .text.FLASH_WriteByte
                0x000000000800329c       0x50 Core/Src/Hardware/flash.o
                0x000000000800329c                FLASH_WriteByte
 .text.FLASH_WriteData
                0x00000000080032ec       0x34 Core/Src/Hardware/flash.o
                0x00000000080032ec                FLASH_WriteData
 .text.FLASH_ReadData
                0x0000000008003320       0x24 Core/Src/Hardware/flash.o
                0x0000000008003320                FLASH_ReadData
 .text.FLASH_Erase
                0x0000000008003344       0x3c Core/Src/Hardware/flash.o
                0x0000000008003344                FLASH_Erase
 .text.setLED1State
                0x0000000008003380       0x34 Core/Src/Hardware/interface_LED.o
                0x0000000008003380                setLED1State
 .text.setLED2State
                0x00000000080033b4       0x34 Core/Src/Hardware/interface_LED.o
                0x00000000080033b4                setLED2State
 .text.setLED3State
                0x00000000080033e8       0x34 Core/Src/Hardware/interface_LED.o
                0x00000000080033e8                setLED3State
 .text.setLED4State
                0x000000000800341c       0x30 Core/Src/Hardware/interface_LED.o
                0x000000000800341c                setLED4State
 .text.setLED5State
                0x000000000800344c       0x30 Core/Src/Hardware/interface_LED.o
                0x000000000800344c                setLED5State
 .text.displayBinaryValueWithLEDs
                0x000000000800347c       0x58 Core/Src/Hardware/interface_LED.o
                0x000000000800347c                displayBinaryValueWithLEDs
 .text.LL_TIM_EnableCounter
                0x00000000080034d4       0x20 Core/Src/Hardware/motor.o
 .text.LL_TIM_DisableCounter
                0x00000000080034f4       0x20 Core/Src/Hardware/motor.o
 .text.LL_TIM_SetCounter
                0x0000000008003514       0x1c Core/Src/Hardware/motor.o
 .text.LL_TIM_CC_EnableChannel
                0x0000000008003530       0x22 Core/Src/Hardware/motor.o
 .text.LL_TIM_CC_DisableChannel
                0x0000000008003552       0x24 Core/Src/Hardware/motor.o
 .text.LL_TIM_OC_SetCompareCH1
                0x0000000008003576       0x1c Core/Src/Hardware/motor.o
 .text.LL_TIM_OC_SetCompareCH2
                0x0000000008003592       0x1c Core/Src/Hardware/motor.o
 .text.LL_TIM_EnableAllOutputs
                0x00000000080035ae       0x20 Core/Src/Hardware/motor.o
 .text.LL_GPIO_SetOutputPin
                0x00000000080035ce       0x1c Core/Src/Hardware/motor.o
 .text.LL_GPIO_ResetOutputPin
                0x00000000080035ea       0x1e Core/Src/Hardware/motor.o
 .text.setMotorDriverState
                0x0000000008003608       0x3c Core/Src/Hardware/motor.o
                0x0000000008003608                setMotorDriverState
 .text.enableMotors
                0x0000000008003644       0x90 Core/Src/Hardware/motor.o
                0x0000000008003644                enableMotors
 .text.setMotorDirection
                0x00000000080036d4       0x80 Core/Src/Hardware/motor.o
                0x00000000080036d4                setMotorDirection
 .text.dutyConverter
                0x0000000008003754       0x6c Core/Src/Hardware/motor.o
                0x0000000008003754                dutyConverter
 .text.driveMotors
                0x00000000080037c0       0xa4 Core/Src/Hardware/motor.o
                0x00000000080037c0                driveMotors
 .text.shutdownMotors
                0x0000000008003864       0x44 Core/Src/Hardware/motor.o
                0x0000000008003864                shutdownMotors
 .text.LL_ADC_DMA_GetRegAddr
                0x00000000080038a8       0x34 Core/Src/Hardware/wall_sensor.o
 .text.LL_ADC_Enable
                0x00000000080038dc       0x20 Core/Src/Hardware/wall_sensor.o
 .text.LL_ADC_REG_StartConversionSWStart
                0x00000000080038fc       0x20 Core/Src/Hardware/wall_sensor.o
 .text.LL_ADC_ClearFlag_EOCS
                0x000000000800391c       0x1c Core/Src/Hardware/wall_sensor.o
 .text.LL_DMA_EnableStream
                0x0000000008003938       0x40 Core/Src/Hardware/wall_sensor.o
 .text.LL_DMA_DisableStream
                0x0000000008003978       0x40 Core/Src/Hardware/wall_sensor.o
 .text.LL_DMA_SetDataLength
                0x00000000080039b8       0x48 Core/Src/Hardware/wall_sensor.o
 .text.LL_DMA_ConfigAddresses
                0x0000000008003a00       0x78 Core/Src/Hardware/wall_sensor.o
 .text.LL_DMA_EnableIT_TC
                0x0000000008003a78       0x40 Core/Src/Hardware/wall_sensor.o
 .text.ADC1_Start_DMA2
                0x0000000008003ab8       0x54 Core/Src/Hardware/wall_sensor.o
                0x0000000008003ab8                ADC1_Start_DMA2
 .text.changeFrontCenterLED
                0x0000000008003b0c       0x30 Core/Src/Hardware/wall_sensor.o
                0x0000000008003b0c                changeFrontCenterLED
 .text.changeFrontRightLED
                0x0000000008003b3c       0x30 Core/Src/Hardware/wall_sensor.o
                0x0000000008003b3c                changeFrontRightLED
 .text.changeFrontLeftLED
                0x0000000008003b6c       0x30 Core/Src/Hardware/wall_sensor.o
                0x0000000008003b6c                changeFrontLeftLED
 .text.changeRightLED
                0x0000000008003b9c       0x30 Core/Src/Hardware/wall_sensor.o
                0x0000000008003b9c                changeRightLED
 .text.changeLeftLED
                0x0000000008003bcc       0x30 Core/Src/Hardware/wall_sensor.o
                0x0000000008003bcc                changeLeftLED
 .text.changeLEDs
                0x0000000008003bfc       0x6c Core/Src/Hardware/wall_sensor.o
                0x0000000008003bfc                changeLEDs
 .text.getWallADC
                0x0000000008003c68       0x24 Core/Src/Hardware/wall_sensor.o
                0x0000000008003c68                getWallADC
 .text.startADCwithDMA
                0x0000000008003c8c       0x24 Core/Src/Hardware/wall_sensor.o
                0x0000000008003c8c                startADCwithDMA
 .text.DMA_CallbackTask
                0x0000000008003cb0       0x18 Core/Src/Hardware/wall_sensor.o
                0x0000000008003cb0                DMA_CallbackTask
 .text.setControlFlags
                0x0000000008003cc8       0x74 Core/Src/System/flags.o
                0x0000000008003cc8                setControlFlags
 .text.setAccelFlags
                0x0000000008003d3c       0x74 Core/Src/System/flags.o
                0x0000000008003d3c                setAccelFlags
 .text.storeLog
                0x0000000008003db0      0x15c Core/Src/System/log.o
                0x0000000008003db0                storeLog
 .text.deleteWallMap
                0x0000000008003f0c       0xe4 Core/Src/System/map.o
                0x0000000008003f0c                deleteWallMap
 .text.updateWallMap
                0x0000000008003ff0      0x244 Core/Src/System/map.o
                0x0000000008003ff0                updateWallMap
 .text.makeStepMap
                0x0000000008004234      0x264 Core/Src/System/map.o
                0x0000000008004234                makeStepMap
 .text.makeRouteESNW
                0x0000000008004498      0x254 Core/Src/System/map.o
                0x0000000008004498                makeRouteESNW
 .text.makeRouteNESW
                0x00000000080046ec      0x258 Core/Src/System/map.o
                0x00000000080046ec                makeRouteNESW
 .text.confRoute
                0x0000000008004944       0x60 Core/Src/System/map.o
                0x0000000008004944                confRoute
 .text.advancePosition
                0x00000000080049a4       0x6c Core/Src/System/map.o
                0x00000000080049a4                advancePosition
 .text.changeDirection
                0x0000000008004a10       0x38 Core/Src/System/map.o
                0x0000000008004a10                changeDirection
 .text.setMapStruct
                0x0000000008004a48       0x52 Core/Src/System/map.o
                0x0000000008004a48                setMapStruct
 *fill*         0x0000000008004a9a        0x2 
 .text.prepareMapForSearch
                0x0000000008004a9c       0x74 Core/Src/System/map.o
                0x0000000008004a9c                prepareMapForSearch
 .text.saveWallMap
                0x0000000008004b10       0x60 Core/Src/System/map.o
                0x0000000008004b10                saveWallMap
 .text.loadWallMap
                0x0000000008004b70       0x5c Core/Src/System/map.o
                0x0000000008004b70                loadWallMap
 .text.driveAccelMotion
                0x0000000008004bcc      0x188 Core/Src/System/motion.o
                0x0000000008004bcc                driveAccelMotion
 .text.driveTrapezoidal
                0x0000000008004d54      0x210 Core/Src/System/motion.o
                0x0000000008004d54                driveTrapezoidal
 *fill*         0x0000000008004f64        0x4 
 .text.driveSlalomFree
                0x0000000008004f68      0x1ec Core/Src/System/motion.o
                0x0000000008004f68                driveSlalomFree
 .text.spinMotion
                0x0000000008005154      0x1c4 Core/Src/System/motion.o
                0x0000000008005154                spinMotion
 .text.slalomMotion
                0x0000000008005318      0x1fc Core/Src/System/motion.o
                0x0000000008005318                slalomMotion
 .text.moveHalfSectionAccel
                0x0000000008005514       0x50 Core/Src/System/motion.o
                0x0000000008005514                moveHalfSectionAccel
 .text.moveHalfSectionDecel
                0x0000000008005564       0x2c Core/Src/System/motion.o
                0x0000000008005564                moveHalfSectionDecel
 .text.moveOneSectionAccel
                0x0000000008005590       0x3c Core/Src/System/motion.o
                0x0000000008005590                moveOneSectionAccel
 .text.keepDistanceFromWall
                0x00000000080055cc       0x40 Core/Src/System/motion.o
                0x00000000080055cc                keepDistanceFromWall
 .text.spinRight180
                0x000000000800560c       0x1c Core/Src/System/motion.o
                0x000000000800560c                spinRight180
 .text.moveSlalomR90
                0x0000000008005628       0x9c Core/Src/System/motion.o
                0x0000000008005628                moveSlalomR90
 .text.moveSlalomL90
                0x00000000080056c4       0x9c Core/Src/System/motion.o
                0x00000000080056c4                moveSlalomL90
 .text.backMotion
                0x0000000008005760      0x100 Core/Src/System/motion.o
                0x0000000008005760                backMotion
 .text.moveBigSlalomR90
                0x0000000008005860       0x94 Core/Src/System/motion.o
                0x0000000008005860                moveBigSlalomR90
 .text.moveBigSlalomL90
                0x00000000080058f4       0x94 Core/Src/System/motion.o
                0x00000000080058f4                moveBigSlalomL90
 .text.moveBigSlalomR180
                0x0000000008005988       0x94 Core/Src/System/motion.o
                0x0000000008005988                moveBigSlalomR180
 .text.moveBigSlalomL180
                0x0000000008005a1c       0x94 Core/Src/System/motion.o
                0x0000000008005a1c                moveBigSlalomL180
 .text.MelodySummer
                0x0000000008005ab0       0x5a Core/Src/System/music.o
                0x0000000008005ab0                MelodySummer
 .text.MelodyRayearth
                0x0000000008005b0a       0x46 Core/Src/System/music.o
                0x0000000008005b0a                MelodyRayearth
 .text.MelodyGoal
                0x0000000008005b50       0x2c Core/Src/System/music.o
                0x0000000008005b50                MelodyGoal
 .text.MelodyUrara
                0x0000000008005b7c       0x94 Core/Src/System/music.o
                0x0000000008005b7c                MelodyUrara
 .text.MelodyMrLawrence
                0x0000000008005c10       0xb0 Core/Src/System/music.o
                0x0000000008005c10                MelodyMrLawrence
 .text.MelodyNatsumatsuri
                0x0000000008005cc0       0x58 Core/Src/System/music.o
                0x0000000008005cc0                MelodyNatsumatsuri
 .text.MelodyYamato
                0x0000000008005d18       0x64 Core/Src/System/music.o
                0x0000000008005d18                MelodyYamato
 .text.ReadPass
                0x0000000008005d7c      0x198 Core/Src/System/route.o
                0x0000000008005d7c                ReadPass
 .text.MakePass
                0x0000000008005f14      0x440 Core/Src/System/route.o
                0x0000000008005f14                MakePass
 .text.ShowPass
                0x0000000008006354       0x90 Core/Src/System/route.o
                0x0000000008006354                ShowPass
 .text.getEncoderVelocity
                0x00000000080063e4       0x30 Core/Src/System/sensing.o
                0x00000000080063e4                getEncoderVelocity
 .text.getCenterMileage
                0x0000000008006414       0xb4 Core/Src/System/sensing.o
                0x0000000008006414                getCenterMileage
 .text.addAngle
                0x00000000080064c8       0x38 Core/Src/System/sensing.o
                0x00000000080064c8                addAngle
 .text.getCenterVelocity
                0x0000000008006500       0x3c Core/Src/System/sensing.o
                0x0000000008006500                getCenterVelocity
 .text.getOmega
                0x000000000800653c       0x1c Core/Src/System/sensing.o
                0x000000000800653c                getOmega
 .text.getAccel
                0x0000000008006558       0xcc Core/Src/System/sensing.o
                0x0000000008006558                getAccel
 .text.getWallSensorOffset
                0x0000000008006624       0x7c Core/Src/System/sensing.o
                0x0000000008006624                getWallSensorOffset
 .text.getWallSensor
                0x00000000080066a0       0x94 Core/Src/System/sensing.o
                0x00000000080066a0                getWallSensor
 .text.getOmegaOffset
                0x0000000008006734       0x68 Core/Src/System/sensing.o
                0x0000000008006734                getOmegaOffset
 .text.getAccelOffset
                0x000000000800679c       0x68 Core/Src/System/sensing.o
                0x000000000800679c                getAccelOffset
 .text.getWallInfo
                0x0000000008006804       0x54 Core/Src/System/sensing.o
                0x0000000008006804                getWallInfo
 .text.filterWallSensors
                0x0000000008006858      0x108 Core/Src/System/sensing.o
                0x0000000008006858                filterWallSensors
 .text.initSensors
                0x0000000008006960       0x24 Core/Src/System/sensing.o
                0x0000000008006960                initSensors
 .text.updateSensors
                0x0000000008006984       0xc0 Core/Src/System/sensing.o
                0x0000000008006984                updateSensors
 .text.getOffsets
                0x0000000008006a44       0x30 Core/Src/System/sensing.o
                0x0000000008006a44                getOffsets
 .text.checkFrontWall
                0x0000000008006a74       0x58 Core/Src/System/sensing.o
                0x0000000008006a74                checkFrontWall
 .text.LL_ADC_REG_SetSequencerRanks
                0x0000000008006acc       0x6c Core/Src/adc.o
 .text.LL_ADC_REG_SetFlagEndOfConversion
                0x0000000008006b38       0x26 Core/Src/adc.o
 .text.LL_ADC_SetChannelSamplingTime
                0x0000000008006b5e       0x98 Core/Src/adc.o
 *fill*         0x0000000008006bf6        0x2 
 .text.LL_DMA_SetDataTransferDirection
                0x0000000008006bf8       0x48 Core/Src/adc.o
 .text.LL_DMA_SetMode
                0x0000000008006c40       0x48 Core/Src/adc.o
 .text.LL_DMA_SetPeriphIncMode
                0x0000000008006c88       0x48 Core/Src/adc.o
 .text.LL_DMA_SetMemoryIncMode
                0x0000000008006cd0       0x48 Core/Src/adc.o
 .text.LL_DMA_SetPeriphSize
                0x0000000008006d18       0x48 Core/Src/adc.o
 .text.LL_DMA_SetMemorySize
                0x0000000008006d60       0x48 Core/Src/adc.o
 .text.LL_DMA_SetStreamPriorityLevel
                0x0000000008006da8       0x48 Core/Src/adc.o
 .text.LL_DMA_SetChannelSelection
                0x0000000008006df0       0x48 Core/Src/adc.o
 .text.LL_DMA_DisableFifoMode
                0x0000000008006e38       0x40 Core/Src/adc.o
 .text.LL_AHB1_GRP1_EnableClock
                0x0000000008006e78       0x30 Core/Src/adc.o
 .text.LL_APB2_GRP1_EnableClock
                0x0000000008006ea8       0x30 Core/Src/adc.o
 .text.MX_ADC1_Init
                0x0000000008006ed8      0x1b8 Core/Src/adc.o
                0x0000000008006ed8                MX_ADC1_Init
 .text.__NVIC_GetPriorityGrouping
                0x0000000008007090       0x1c Core/Src/dma.o
 .text.__NVIC_EnableIRQ
                0x00000000080070ac       0x3c Core/Src/dma.o
 .text.__NVIC_SetPriority
                0x00000000080070e8       0x54 Core/Src/dma.o
 .text.NVIC_EncodePriority
                0x000000000800713c       0x66 Core/Src/dma.o
 *fill*         0x00000000080071a2        0x2 
 .text.LL_AHB1_GRP1_EnableClock
                0x00000000080071a4       0x30 Core/Src/dma.o
 .text.MX_DMA_Init
                0x00000000080071d4       0x30 Core/Src/dma.o
                0x00000000080071d4                MX_DMA_Init
 .text.LL_AHB1_GRP1_EnableClock
                0x0000000008007204       0x30 Core/Src/gpio.o
 .text.LL_GPIO_ResetOutputPin
                0x0000000008007234       0x1e Core/Src/gpio.o
 *fill*         0x0000000008007252        0x2 
 .text.MX_GPIO_Init
                0x0000000008007254      0x11c Core/Src/gpio.o
                0x0000000008007254                MX_GPIO_Init
 .text.__NVIC_SetPriorityGrouping
                0x0000000008007370       0x48 Core/Src/main.o
 .text.LL_RCC_HSI_Enable
                0x00000000080073b8       0x20 Core/Src/main.o
 .text.LL_RCC_HSI_IsReady
                0x00000000080073d8       0x24 Core/Src/main.o
 .text.LL_RCC_HSI_SetCalibTrimming
                0x00000000080073fc       0x2c Core/Src/main.o
 .text.LL_RCC_SetSysClkSource
                0x0000000008007428       0x28 Core/Src/main.o
 .text.LL_RCC_GetSysClkSource
                0x0000000008007450       0x1c Core/Src/main.o
 .text.LL_RCC_SetAHBPrescaler
                0x000000000800746c       0x28 Core/Src/main.o
 .text.LL_RCC_SetAPB1Prescaler
                0x0000000008007494       0x28 Core/Src/main.o
 .text.LL_RCC_SetAPB2Prescaler
                0x00000000080074bc       0x28 Core/Src/main.o
 .text.LL_RCC_PLL_Enable
                0x00000000080074e4       0x20 Core/Src/main.o
 .text.LL_RCC_PLL_IsReady
                0x0000000008007504       0x28 Core/Src/main.o
 .text.LL_RCC_PLL_ConfigDomain_SYS
                0x000000000800752c       0x4c Core/Src/main.o
 .text.LL_APB1_GRP1_EnableClock
                0x0000000008007578       0x30 Core/Src/main.o
 .text.LL_APB2_GRP1_EnableClock
                0x00000000080075a8       0x30 Core/Src/main.o
 .text.LL_FLASH_SetLatency
                0x00000000080075d8       0x28 Core/Src/main.o
 .text.LL_FLASH_GetLatency
                0x0000000008007600       0x1c Core/Src/main.o
 .text.LL_PWR_SetRegulVoltageScaling
                0x000000000800761c       0x28 Core/Src/main.o
 .text.LL_USART_IsActiveFlag_TXE
                0x0000000008007644       0x26 Core/Src/main.o
 .text.LL_USART_TransmitData8
                0x000000000800766a       0x1e Core/Src/main.o
 .text.__io_putchar
                0x0000000008007688       0x54 Core/Src/main.o
                0x0000000008007688                __io_putchar
 .text.main     0x00000000080076dc      0x4c0 Core/Src/main.o
                0x00000000080076dc                main
 .text.SystemClock_Config
                0x0000000008007b9c       0x8c Core/Src/main.o
                0x0000000008007b9c                SystemClock_Config
 .text.LL_AHB1_GRP1_EnableClock
                0x0000000008007c28       0x30 Core/Src/spi.o
 .text.LL_APB1_GRP1_EnableClock
                0x0000000008007c58       0x30 Core/Src/spi.o
 .text.LL_SPI_SetStandard
                0x0000000008007c88       0x26 Core/Src/spi.o
 *fill*         0x0000000008007cae        0x2 
 .text.MX_SPI3_Init
                0x0000000008007cb0       0xa8 Core/Src/spi.o
                0x0000000008007cb0                MX_SPI3_Init
 .text.LL_DMA_IsActiveFlag_TC0
                0x0000000008007d58       0x26 Core/Src/stm32f4xx_it.o
 .text.LL_DMA_ClearFlag_TC0
                0x0000000008007d7e       0x1a Core/Src/stm32f4xx_it.o
 .text.LL_TIM_ClearFlag_UPDATE
                0x0000000008007d98       0x1c Core/Src/stm32f4xx_it.o
 .text.LL_TIM_IsActiveFlag_UPDATE
                0x0000000008007db4       0x26 Core/Src/stm32f4xx_it.o
 .text.NMI_Handler
                0x0000000008007dda        0x6 Core/Src/stm32f4xx_it.o
                0x0000000008007dda                NMI_Handler
 .text.HardFault_Handler
                0x0000000008007de0        0x6 Core/Src/stm32f4xx_it.o
                0x0000000008007de0                HardFault_Handler
 .text.MemManage_Handler
                0x0000000008007de6        0x6 Core/Src/stm32f4xx_it.o
                0x0000000008007de6                MemManage_Handler
 .text.BusFault_Handler
                0x0000000008007dec        0x6 Core/Src/stm32f4xx_it.o
                0x0000000008007dec                BusFault_Handler
 .text.UsageFault_Handler
                0x0000000008007df2        0x6 Core/Src/stm32f4xx_it.o
                0x0000000008007df2                UsageFault_Handler
 .text.SVC_Handler
                0x0000000008007df8        0xe Core/Src/stm32f4xx_it.o
                0x0000000008007df8                SVC_Handler
 .text.DebugMon_Handler
                0x0000000008007e06        0xe Core/Src/stm32f4xx_it.o
                0x0000000008007e06                DebugMon_Handler
 .text.PendSV_Handler
                0x0000000008007e14        0xe Core/Src/stm32f4xx_it.o
                0x0000000008007e14                PendSV_Handler
 .text.SysTick_Handler
                0x0000000008007e22        0xe Core/Src/stm32f4xx_it.o
                0x0000000008007e22                SysTick_Handler
 .text.TIM5_IRQHandler
                0x0000000008007e30       0x24 Core/Src/stm32f4xx_it.o
                0x0000000008007e30                TIM5_IRQHandler
 .text.DMA2_Stream0_IRQHandler
                0x0000000008007e54       0x24 Core/Src/stm32f4xx_it.o
                0x0000000008007e54                DMA2_Stream0_IRQHandler
 .text._getpid  0x0000000008007e78       0x10 Core/Src/syscalls.o
                0x0000000008007e78                _getpid
 .text._kill    0x0000000008007e88       0x20 Core/Src/syscalls.o
                0x0000000008007e88                _kill
 .text._exit    0x0000000008007ea8       0x14 Core/Src/syscalls.o
                0x0000000008007ea8                _exit
 .text._read    0x0000000008007ebc       0x3a Core/Src/syscalls.o
                0x0000000008007ebc                _read
 .text._write   0x0000000008007ef6       0x38 Core/Src/syscalls.o
                0x0000000008007ef6                _write
 .text._close   0x0000000008007f2e       0x18 Core/Src/syscalls.o
                0x0000000008007f2e                _close
 .text._fstat   0x0000000008007f46       0x20 Core/Src/syscalls.o
                0x0000000008007f46                _fstat
 .text._isatty  0x0000000008007f66       0x16 Core/Src/syscalls.o
                0x0000000008007f66                _isatty
 .text._lseek   0x0000000008007f7c       0x1a Core/Src/syscalls.o
                0x0000000008007f7c                _lseek
 *fill*         0x0000000008007f96        0x2 
 .text._sbrk    0x0000000008007f98       0x6c Core/Src/sysmem.o
                0x0000000008007f98                _sbrk
 .text.SystemInit
                0x0000000008008004       0x2c Core/Src/system_stm32f4xx.o
                0x0000000008008004                SystemInit
 .text.__NVIC_GetPriorityGrouping
                0x0000000008008030       0x1c Core/Src/tim.o
 .text.__NVIC_EnableIRQ
                0x000000000800804c       0x3c Core/Src/tim.o
 .text.__NVIC_SetPriority
                0x0000000008008088       0x54 Core/Src/tim.o
 .text.NVIC_EncodePriority
                0x00000000080080dc       0x66 Core/Src/tim.o
 *fill*         0x0000000008008142        0x2 
 .text.LL_AHB1_GRP1_EnableClock
                0x0000000008008144       0x30 Core/Src/tim.o
 .text.LL_APB1_GRP1_EnableClock
                0x0000000008008174       0x30 Core/Src/tim.o
 .text.LL_APB2_GRP1_EnableClock
                0x00000000080081a4       0x30 Core/Src/tim.o
 .text.LL_TIM_EnableARRPreload
                0x00000000080081d4       0x20 Core/Src/tim.o
 .text.LL_TIM_DisableARRPreload
                0x00000000080081f4       0x20 Core/Src/tim.o
 .text.LL_TIM_OC_DisableFast
                0x0000000008008214       0x8c Core/Src/tim.o
 .text.LL_TIM_OC_EnablePreload
                0x00000000080082a0       0x88 Core/Src/tim.o
 .text.LL_TIM_IC_SetActiveInput
                0x0000000008008328       0x9c Core/Src/tim.o
 .text.LL_TIM_IC_SetPrescaler
                0x00000000080083c4       0x9c Core/Src/tim.o
 .text.LL_TIM_IC_SetFilter
                0x0000000008008460       0x9c Core/Src/tim.o
 .text.LL_TIM_IC_SetPolarity
                0x00000000080084fc       0x88 Core/Src/tim.o
 .text.LL_TIM_SetClockSource
                0x0000000008008584       0x2a Core/Src/tim.o
 .text.LL_TIM_SetEncoderMode
                0x00000000080085ae       0x26 Core/Src/tim.o
 .text.LL_TIM_SetTriggerOutput
                0x00000000080085d4       0x26 Core/Src/tim.o
 .text.LL_TIM_DisableMasterSlaveMode
                0x00000000080085fa       0x20 Core/Src/tim.o
 *fill*         0x000000000800861a        0x2 
 .text.MX_TIM1_Init
                0x000000000800861c      0x130 Core/Src/tim.o
                0x000000000800861c                MX_TIM1_Init
 .text.MX_TIM2_Init
                0x000000000800874c       0xe8 Core/Src/tim.o
                0x000000000800874c                MX_TIM2_Init
 .text.MX_TIM3_Init
                0x0000000008008834       0xf4 Core/Src/tim.o
                0x0000000008008834                MX_TIM3_Init
 .text.MX_TIM4_Init
                0x0000000008008928       0xf4 Core/Src/tim.o
                0x0000000008008928                MX_TIM4_Init
 .text.MX_TIM5_Init
                0x0000000008008a1c       0x80 Core/Src/tim.o
                0x0000000008008a1c                MX_TIM5_Init
 .text.MX_TIM6_Init
                0x0000000008008a9c       0x54 Core/Src/tim.o
                0x0000000008008a9c                MX_TIM6_Init
 .text.MX_TIM8_Init
                0x0000000008008af0      0x134 Core/Src/tim.o
                0x0000000008008af0                MX_TIM8_Init
 .text.MX_TIM11_Init
                0x0000000008008c24       0xcc Core/Src/tim.o
                0x0000000008008c24                MX_TIM11_Init
 .text.LL_AHB1_GRP1_EnableClock
                0x0000000008008cf0       0x30 Core/Src/usart.o
 .text.LL_APB2_GRP1_EnableClock
                0x0000000008008d20       0x30 Core/Src/usart.o
 .text.LL_USART_Enable
                0x0000000008008d50       0x20 Core/Src/usart.o
 .text.LL_USART_ConfigAsyncMode
                0x0000000008008d70       0x2c Core/Src/usart.o
 .text.MX_USART1_UART_Init
                0x0000000008008d9c       0xa0 Core/Src/usart.o
                0x0000000008008d9c                MX_USART1_UART_Init
 .text.Reset_Handler
                0x0000000008008e3c       0x50 Core/Startup/startup_stm32f405rgtx.o
                0x0000000008008e3c                Reset_Handler
 .text.Default_Handler
                0x0000000008008e8c        0x2 Core/Startup/startup_stm32f405rgtx.o
                0x0000000008008e8c                RTC_Alarm_IRQHandler
                0x0000000008008e8c                HASH_RNG_IRQHandler
                0x0000000008008e8c                EXTI2_IRQHandler
                0x0000000008008e8c                TIM8_CC_IRQHandler
                0x0000000008008e8c                TIM1_CC_IRQHandler
                0x0000000008008e8c                DMA2_Stream5_IRQHandler
                0x0000000008008e8c                DMA1_Stream5_IRQHandler
                0x0000000008008e8c                PVD_IRQHandler
                0x0000000008008e8c                SDIO_IRQHandler
                0x0000000008008e8c                TAMP_STAMP_IRQHandler
                0x0000000008008e8c                CAN2_RX1_IRQHandler
                0x0000000008008e8c                EXTI3_IRQHandler
                0x0000000008008e8c                TIM8_TRG_COM_TIM14_IRQHandler
                0x0000000008008e8c                TIM1_UP_TIM10_IRQHandler
                0x0000000008008e8c                TIM8_UP_TIM13_IRQHandler
                0x0000000008008e8c                I2C3_ER_IRQHandler
                0x0000000008008e8c                EXTI0_IRQHandler
                0x0000000008008e8c                I2C2_EV_IRQHandler
                0x0000000008008e8c                DMA1_Stream2_IRQHandler
                0x0000000008008e8c                CAN1_RX0_IRQHandler
                0x0000000008008e8c                FPU_IRQHandler
                0x0000000008008e8c                OTG_HS_WKUP_IRQHandler
                0x0000000008008e8c                CAN2_SCE_IRQHandler
                0x0000000008008e8c                DMA2_Stream2_IRQHandler
                0x0000000008008e8c                SPI1_IRQHandler
                0x0000000008008e8c                TIM6_DAC_IRQHandler
                0x0000000008008e8c                TIM1_BRK_TIM9_IRQHandler
                0x0000000008008e8c                CAN2_RX0_IRQHandler
                0x0000000008008e8c                DMA2_Stream3_IRQHandler
                0x0000000008008e8c                USART6_IRQHandler
                0x0000000008008e8c                USART3_IRQHandler
                0x0000000008008e8c                CAN1_RX1_IRQHandler
                0x0000000008008e8c                UART5_IRQHandler
                0x0000000008008e8c                TIM4_IRQHandler
                0x0000000008008e8c                I2C1_EV_IRQHandler
                0x0000000008008e8c                DMA1_Stream6_IRQHandler
                0x0000000008008e8c                DMA1_Stream1_IRQHandler
                0x0000000008008e8c                UART4_IRQHandler
                0x0000000008008e8c                TIM3_IRQHandler
                0x0000000008008e8c                RCC_IRQHandler
                0x0000000008008e8c                TIM8_BRK_TIM12_IRQHandler
                0x0000000008008e8c                Default_Handler
                0x0000000008008e8c                EXTI15_10_IRQHandler
                0x0000000008008e8c                ADC_IRQHandler
                0x0000000008008e8c                DMA1_Stream7_IRQHandler
                0x0000000008008e8c                TIM7_IRQHandler
                0x0000000008008e8c                CAN2_TX_IRQHandler
                0x0000000008008e8c                DMA2_Stream7_IRQHandler
                0x0000000008008e8c                I2C3_EV_IRQHandler
                0x0000000008008e8c                EXTI9_5_IRQHandler
                0x0000000008008e8c                RTC_WKUP_IRQHandler
                0x0000000008008e8c                SPI2_IRQHandler
                0x0000000008008e8c                OTG_HS_EP1_IN_IRQHandler
                0x0000000008008e8c                DMA1_Stream0_IRQHandler
                0x0000000008008e8c                CAN1_TX_IRQHandler
                0x0000000008008e8c                EXTI4_IRQHandler
                0x0000000008008e8c                FSMC_IRQHandler
                0x0000000008008e8c                OTG_HS_EP1_OUT_IRQHandler
                0x0000000008008e8c                WWDG_IRQHandler
                0x0000000008008e8c                TIM2_IRQHandler
                0x0000000008008e8c                OTG_FS_WKUP_IRQHandler
                0x0000000008008e8c                TIM1_TRG_COM_TIM11_IRQHandler
                0x0000000008008e8c                OTG_HS_IRQHandler
                0x0000000008008e8c                EXTI1_IRQHandler
                0x0000000008008e8c                USART2_IRQHandler
                0x0000000008008e8c                I2C2_ER_IRQHandler
                0x0000000008008e8c                DMA2_Stream1_IRQHandler
                0x0000000008008e8c                CAN1_SCE_IRQHandler
                0x0000000008008e8c                FLASH_IRQHandler
                0x0000000008008e8c                DMA2_Stream4_IRQHandler
                0x0000000008008e8c                USART1_IRQHandler
                0x0000000008008e8c                OTG_FS_IRQHandler
                0x0000000008008e8c                SPI3_IRQHandler
                0x0000000008008e8c                DMA1_Stream4_IRQHandler
                0x0000000008008e8c                I2C1_ER_IRQHandler
                0x0000000008008e8c                DMA2_Stream6_IRQHandler
                0x0000000008008e8c                DMA1_Stream3_IRQHandler
 .text.LL_ADC_REG_SetSequencerLength
                0x0000000008008e8e       0x26 Drivers/STM32F4xx_HAL_Driver/Src/stm32f4xx_ll_adc.o
 .text.LL_ADC_IsEnabled
                0x0000000008008eb4       0x26 Drivers/STM32F4xx_HAL_Driver/Src/stm32f4xx_ll_adc.o
 *fill*         0x0000000008008eda        0x2 
 .text.LL_ADC_CommonInit
                0x0000000008008edc       0x90 Drivers/STM32F4xx_HAL_Driver/Src/stm32f4xx_ll_adc.o
                0x0000000008008edc                LL_ADC_CommonInit
 .text.LL_ADC_Init
                0x0000000008008f6c       0x58 Drivers/STM32F4xx_HAL_Driver/Src/stm32f4xx_ll_adc.o
                0x0000000008008f6c                LL_ADC_Init
 .text.LL_ADC_REG_Init
                0x0000000008008fc4       0x84 Drivers/STM32F4xx_HAL_Driver/Src/stm32f4xx_ll_adc.o
                0x0000000008008fc4                LL_ADC_REG_Init
 .text.LL_GPIO_SetPinMode
                0x0000000008009048       0x5e Drivers/STM32F4xx_HAL_Driver/Src/stm32f4xx_ll_gpio.o
 .text.LL_GPIO_SetPinOutputType
                0x00000000080090a6       0x30 Drivers/STM32F4xx_HAL_Driver/Src/stm32f4xx_ll_gpio.o
 .text.LL_GPIO_SetPinSpeed
                0x00000000080090d6       0x5e Drivers/STM32F4xx_HAL_Driver/Src/stm32f4xx_ll_gpio.o
 .text.LL_GPIO_SetPinPull
                0x0000000008009134       0x5e Drivers/STM32F4xx_HAL_Driver/Src/stm32f4xx_ll_gpio.o
 .text.LL_GPIO_SetAFPin_0_7
                0x0000000008009192       0x5e Drivers/STM32F4xx_HAL_Driver/Src/stm32f4xx_ll_gpio.o
 .text.LL_GPIO_SetAFPin_8_15
                0x00000000080091f0       0x62 Drivers/STM32F4xx_HAL_Driver/Src/stm32f4xx_ll_gpio.o
 .text.LL_GPIO_Init
                0x0000000008009252       0xe6 Drivers/STM32F4xx_HAL_Driver/Src/stm32f4xx_ll_gpio.o
                0x0000000008009252                LL_GPIO_Init
 .text.LL_RCC_GetSysClkSource
                0x0000000008009338       0x1c Drivers/STM32F4xx_HAL_Driver/Src/stm32f4xx_ll_rcc.o
 .text.LL_RCC_GetAHBPrescaler
                0x0000000008009354       0x1c Drivers/STM32F4xx_HAL_Driver/Src/stm32f4xx_ll_rcc.o
 .text.LL_RCC_GetAPB1Prescaler
                0x0000000008009370       0x1c Drivers/STM32F4xx_HAL_Driver/Src/stm32f4xx_ll_rcc.o
 .text.LL_RCC_GetAPB2Prescaler
                0x000000000800938c       0x1c Drivers/STM32F4xx_HAL_Driver/Src/stm32f4xx_ll_rcc.o
 .text.LL_RCC_PLL_GetMainSource
                0x00000000080093a8       0x1c Drivers/STM32F4xx_HAL_Driver/Src/stm32f4xx_ll_rcc.o
 .text.LL_RCC_PLL_GetN
                0x00000000080093c4       0x1c Drivers/STM32F4xx_HAL_Driver/Src/stm32f4xx_ll_rcc.o
 .text.LL_RCC_PLL_GetP
                0x00000000080093e0       0x1c Drivers/STM32F4xx_HAL_Driver/Src/stm32f4xx_ll_rcc.o
 .text.LL_RCC_PLL_GetDivider
                0x00000000080093fc       0x1c Drivers/STM32F4xx_HAL_Driver/Src/stm32f4xx_ll_rcc.o
 .text.LL_RCC_GetSystemClocksFreq
                0x0000000008009418       0x4a Drivers/STM32F4xx_HAL_Driver/Src/stm32f4xx_ll_rcc.o
                0x0000000008009418                LL_RCC_GetSystemClocksFreq
 *fill*         0x0000000008009462        0x2 
 .text.RCC_GetSystemClockFreq
                0x0000000008009464       0x50 Drivers/STM32F4xx_HAL_Driver/Src/stm32f4xx_ll_rcc.o
                0x0000000008009464                RCC_GetSystemClockFreq
 .text.RCC_GetHCLKClockFreq
                0x00000000080094b4       0x2c Drivers/STM32F4xx_HAL_Driver/Src/stm32f4xx_ll_rcc.o
                0x00000000080094b4                RCC_GetHCLKClockFreq
 .text.RCC_GetPCLK1ClockFreq
                0x00000000080094e0       0x28 Drivers/STM32F4xx_HAL_Driver/Src/stm32f4xx_ll_rcc.o
                0x00000000080094e0                RCC_GetPCLK1ClockFreq
 .text.RCC_GetPCLK2ClockFreq
                0x0000000008009508       0x28 Drivers/STM32F4xx_HAL_Driver/Src/stm32f4xx_ll_rcc.o
                0x0000000008009508                RCC_GetPCLK2ClockFreq
 .text.RCC_PLL_GetFreqDomain_SYS
                0x0000000008009530       0x7c Drivers/STM32F4xx_HAL_Driver/Src/stm32f4xx_ll_rcc.o
                0x0000000008009530                RCC_PLL_GetFreqDomain_SYS
 .text.LL_SPI_IsEnabled
                0x00000000080095ac       0x26 Drivers/STM32F4xx_HAL_Driver/Src/stm32f4xx_ll_spi.o
 .text.LL_SPI_SetCRCPolynomial
                0x00000000080095d2       0x20 Drivers/STM32F4xx_HAL_Driver/Src/stm32f4xx_ll_spi.o
 .text.LL_SPI_Init
                0x00000000080095f2       0xa4 Drivers/STM32F4xx_HAL_Driver/Src/stm32f4xx_ll_spi.o
                0x00000000080095f2                LL_SPI_Init
 .text.LL_TIM_SetPrescaler
                0x0000000008009696       0x1c Drivers/STM32F4xx_HAL_Driver/Src/stm32f4xx_ll_tim.o
 .text.LL_TIM_SetAutoReload
                0x00000000080096b2       0x1c Drivers/STM32F4xx_HAL_Driver/Src/stm32f4xx_ll_tim.o
 .text.LL_TIM_SetRepetitionCounter
                0x00000000080096ce       0x1c Drivers/STM32F4xx_HAL_Driver/Src/stm32f4xx_ll_tim.o
 .text.LL_TIM_OC_SetCompareCH1
                0x00000000080096ea       0x1c Drivers/STM32F4xx_HAL_Driver/Src/stm32f4xx_ll_tim.o
 .text.LL_TIM_OC_SetCompareCH2
                0x0000000008009706       0x1c Drivers/STM32F4xx_HAL_Driver/Src/stm32f4xx_ll_tim.o
 .text.LL_TIM_OC_SetCompareCH3
                0x0000000008009722       0x1c Drivers/STM32F4xx_HAL_Driver/Src/stm32f4xx_ll_tim.o
 .text.LL_TIM_OC_SetCompareCH4
                0x000000000800973e       0x1c Drivers/STM32F4xx_HAL_Driver/Src/stm32f4xx_ll_tim.o
 .text.LL_TIM_GenerateEvent_UPDATE
                0x000000000800975a       0x20 Drivers/STM32F4xx_HAL_Driver/Src/stm32f4xx_ll_tim.o
 *fill*         0x000000000800977a        0x2 
 .text.LL_TIM_Init
                0x000000000800977c      0x134 Drivers/STM32F4xx_HAL_Driver/Src/stm32f4xx_ll_tim.o
                0x000000000800977c                LL_TIM_Init
 .text.LL_TIM_OC_Init
                0x00000000080098b0       0x82 Drivers/STM32F4xx_HAL_Driver/Src/stm32f4xx_ll_tim.o
                0x00000000080098b0                LL_TIM_OC_Init
 .text.LL_TIM_BDTR_Init
                0x0000000008009932       0x92 Drivers/STM32F4xx_HAL_Driver/Src/stm32f4xx_ll_tim.o
                0x0000000008009932                LL_TIM_BDTR_Init
 .text.OC1Config
                0x00000000080099c4       0xd8 Drivers/STM32F4xx_HAL_Driver/Src/stm32f4xx_ll_tim.o
 .text.OC2Config
                0x0000000008009a9c       0xe0 Drivers/STM32F4xx_HAL_Driver/Src/stm32f4xx_ll_tim.o
 .text.OC3Config
                0x0000000008009b7c       0xe0 Drivers/STM32F4xx_HAL_Driver/Src/stm32f4xx_ll_tim.o
 .text.OC4Config
                0x0000000008009c5c       0xb0 Drivers/STM32F4xx_HAL_Driver/Src/stm32f4xx_ll_tim.o
 .text.LL_USART_IsEnabled
                0x0000000008009d0c       0x28 Drivers/STM32F4xx_HAL_Driver/Src/stm32f4xx_ll_usart.o
 .text.LL_USART_SetStopBitsLength
                0x0000000008009d34       0x26 Drivers/STM32F4xx_HAL_Driver/Src/stm32f4xx_ll_usart.o
 .text.LL_USART_SetHWFlowCtrl
                0x0000000008009d5a       0x26 Drivers/STM32F4xx_HAL_Driver/Src/stm32f4xx_ll_usart.o
 .text.LL_USART_SetBaudRate
                0x0000000008009d80      0x320 Drivers/STM32F4xx_HAL_Driver/Src/stm32f4xx_ll_usart.o
 .text.LL_USART_Init
                0x000000000800a0a0      0x100 Drivers/STM32F4xx_HAL_Driver/Src/stm32f4xx_ll_usart.o
                0x000000000800a0a0                LL_USART_Init
 .text.LL_InitTick
                0x000000000800a1a0       0x34 Drivers/STM32F4xx_HAL_Driver/Src/stm32f4xx_ll_utils.o
 .text.LL_Init1msTick
                0x000000000800a1d4       0x1a Drivers/STM32F4xx_HAL_Driver/Src/stm32f4xx_ll_utils.o
                0x000000000800a1d4                LL_Init1msTick
 *fill*         0x000000000800a1ee        0x2 
 .text.LL_mDelay
                0x000000000800a1f0       0x4c Drivers/STM32F4xx_HAL_Driver/Src/stm32f4xx_ll_utils.o
                0x000000000800a1f0                LL_mDelay
 .text.LL_SetSystemCoreClock
                0x000000000800a23c       0x20 Drivers/STM32F4xx_HAL_Driver/Src/stm32f4xx_ll_utils.o
                0x000000000800a23c                LL_SetSystemCoreClock
 .text.__errno  0x000000000800a25c        0xc c:/st/stm32cubeide_1.0.2/stm32cubeide/plugins/com.st.stm32cube.ide.mcu.externaltools.gnu-tools-for-stm32.9-2020-q2-update.win32_1.5.0.202011040924/tools/bin/../lib/gcc/arm-none-eabi/9.3.1/../../../../arm-none-eabi/lib/thumb/v7e-m+fp/hard\libc_nano.a(lib_a-errno.o)
                0x000000000800a25c                __errno
 .text.__libc_init_array
                0x000000000800a268       0x48 c:/st/stm32cubeide_1.0.2/stm32cubeide/plugins/com.st.stm32cube.ide.mcu.externaltools.gnu-tools-for-stm32.9-2020-q2-update.win32_1.5.0.202011040924/tools/bin/../lib/gcc/arm-none-eabi/9.3.1/../../../../arm-none-eabi/lib/thumb/v7e-m+fp/hard\libc_nano.a(lib_a-init.o)
                0x000000000800a268                __libc_init_array
 .text.memset   0x000000000800a2b0       0x10 c:/st/stm32cubeide_1.0.2/stm32cubeide/plugins/com.st.stm32cube.ide.mcu.externaltools.gnu-tools-for-stm32.9-2020-q2-update.win32_1.5.0.202011040924/tools/bin/../lib/gcc/arm-none-eabi/9.3.1/../../../../arm-none-eabi/lib/thumb/v7e-m+fp/hard\libc_nano.a(lib_a-memset.o)
                0x000000000800a2b0                memset
 .text.__cvt    0x000000000800a2c0       0xc4 c:/st/stm32cubeide_1.0.2/stm32cubeide/plugins/com.st.stm32cube.ide.mcu.externaltools.gnu-tools-for-stm32.9-2020-q2-update.win32_1.5.0.202011040924/tools/bin/../lib/gcc/arm-none-eabi/9.3.1/../../../../arm-none-eabi/lib/thumb/v7e-m+fp/hard\libc_nano.a(lib_a-nano-vfprintf_float.o)
                0x000000000800a2c0                __cvt
 .text.__exponent
                0x000000000800a384       0x7c c:/st/stm32cubeide_1.0.2/stm32cubeide/plugins/com.st.stm32cube.ide.mcu.externaltools.gnu-tools-for-stm32.9-2020-q2-update.win32_1.5.0.202011040924/tools/bin/../lib/gcc/arm-none-eabi/9.3.1/../../../../arm-none-eabi/lib/thumb/v7e-m+fp/hard\libc_nano.a(lib_a-nano-vfprintf_float.o)
                0x000000000800a384                __exponent
 .text._printf_float
                0x000000000800a400      0x46c c:/st/stm32cubeide_1.0.2/stm32cubeide/plugins/com.st.stm32cube.ide.mcu.externaltools.gnu-tools-for-stm32.9-2020-q2-update.win32_1.5.0.202011040924/tools/bin/../lib/gcc/arm-none-eabi/9.3.1/../../../../arm-none-eabi/lib/thumb/v7e-m+fp/hard\libc_nano.a(lib_a-nano-vfprintf_float.o)
                0x000000000800a400                _printf_float
 .text._printf_common
                0x000000000800a86c       0xda c:/st/stm32cubeide_1.0.2/stm32cubeide/plugins/com.st.stm32cube.ide.mcu.externaltools.gnu-tools-for-stm32.9-2020-q2-update.win32_1.5.0.202011040924/tools/bin/../lib/gcc/arm-none-eabi/9.3.1/../../../../arm-none-eabi/lib/thumb/v7e-m+fp/hard\libc_nano.a(lib_a-nano-vfprintf_i.o)
                0x000000000800a86c                _printf_common
 *fill*         0x000000000800a946        0x2 
 .text._printf_i
                0x000000000800a948      0x24c c:/st/stm32cubeide_1.0.2/stm32cubeide/plugins/com.st.stm32cube.ide.mcu.externaltools.gnu-tools-for-stm32.9-2020-q2-update.win32_1.5.0.202011040924/tools/bin/../lib/gcc/arm-none-eabi/9.3.1/../../../../arm-none-eabi/lib/thumb/v7e-m+fp/hard\libc_nano.a(lib_a-nano-vfprintf_i.o)
                0x000000000800a948                _printf_i
 .text.printf   0x000000000800ab94       0x30 c:/st/stm32cubeide_1.0.2/stm32cubeide/plugins/com.st.stm32cube.ide.mcu.externaltools.gnu-tools-for-stm32.9-2020-q2-update.win32_1.5.0.202011040924/tools/bin/../lib/gcc/arm-none-eabi/9.3.1/../../../../arm-none-eabi/lib/thumb/v7e-m+fp/hard\libc_nano.a(lib_a-printf.o)
                0x000000000800ab94                iprintf
                0x000000000800ab94                printf
 .text.putchar  0x000000000800abc4       0x2c c:/st/stm32cubeide_1.0.2/stm32cubeide/plugins/com.st.stm32cube.ide.mcu.externaltools.gnu-tools-for-stm32.9-2020-q2-update.win32_1.5.0.202011040924/tools/bin/../lib/gcc/arm-none-eabi/9.3.1/../../../../arm-none-eabi/lib/thumb/v7e-m+fp/hard\libc_nano.a(lib_a-putchar.o)
                0x000000000800abc4                putchar
 .text._puts_r  0x000000000800abf0       0xdc c:/st/stm32cubeide_1.0.2/stm32cubeide/plugins/com.st.stm32cube.ide.mcu.externaltools.gnu-tools-for-stm32.9-2020-q2-update.win32_1.5.0.202011040924/tools/bin/../lib/gcc/arm-none-eabi/9.3.1/../../../../arm-none-eabi/lib/thumb/v7e-m+fp/hard\libc_nano.a(lib_a-puts.o)
                0x000000000800abf0                _puts_r
 .text.puts     0x000000000800accc       0x10 c:/st/stm32cubeide_1.0.2/stm32cubeide/plugins/com.st.stm32cube.ide.mcu.externaltools.gnu-tools-for-stm32.9-2020-q2-update.win32_1.5.0.202011040924/tools/bin/../lib/gcc/arm-none-eabi/9.3.1/../../../../arm-none-eabi/lib/thumb/v7e-m+fp/hard\libc_nano.a(lib_a-puts.o)
                0x000000000800accc                puts
 .text.setbuf   0x000000000800acdc       0x10 c:/st/stm32cubeide_1.0.2/stm32cubeide/plugins/com.st.stm32cube.ide.mcu.externaltools.gnu-tools-for-stm32.9-2020-q2-update.win32_1.5.0.202011040924/tools/bin/../lib/gcc/arm-none-eabi/9.3.1/../../../../arm-none-eabi/lib/thumb/v7e-m+fp/hard\libc_nano.a(lib_a-setbuf.o)
                0x000000000800acdc                setbuf
 .text.setvbuf  0x000000000800acec      0x18c c:/st/stm32cubeide_1.0.2/stm32cubeide/plugins/com.st.stm32cube.ide.mcu.externaltools.gnu-tools-for-stm32.9-2020-q2-update.win32_1.5.0.202011040924/tools/bin/../lib/gcc/arm-none-eabi/9.3.1/../../../../arm-none-eabi/lib/thumb/v7e-m+fp/hard\libc_nano.a(lib_a-setvbuf.o)
                0x000000000800acec                setvbuf
 .text.__swbuf_r
                0x000000000800ae78       0xa4 c:/st/stm32cubeide_1.0.2/stm32cubeide/plugins/com.st.stm32cube.ide.mcu.externaltools.gnu-tools-for-stm32.9-2020-q2-update.win32_1.5.0.202011040924/tools/bin/../lib/gcc/arm-none-eabi/9.3.1/../../../../arm-none-eabi/lib/thumb/v7e-m+fp/hard\libc_nano.a(lib_a-wbuf.o)
                0x000000000800ae78                __swbuf_r
 .text.__swsetup_r
                0x000000000800af1c       0xdc c:/st/stm32cubeide_1.0.2/stm32cubeide/plugins/com.st.stm32cube.ide.mcu.externaltools.gnu-tools-for-stm32.9-2020-q2-update.win32_1.5.0.202011040924/tools/bin/../lib/gcc/arm-none-eabi/9.3.1/../../../../arm-none-eabi/lib/thumb/v7e-m+fp/hard\libc_nano.a(lib_a-wsetup.o)
                0x000000000800af1c                __swsetup_r
 .text.quorem   0x000000000800aff8      0x116 c:/st/stm32cubeide_1.0.2/stm32cubeide/plugins/com.st.stm32cube.ide.mcu.externaltools.gnu-tools-for-stm32.9-2020-q2-update.win32_1.5.0.202011040924/tools/bin/../lib/gcc/arm-none-eabi/9.3.1/../../../../arm-none-eabi/lib/thumb/v7e-m+fp/hard\libc_nano.a(lib_a-dtoa.o)
 *fill*         0x000000000800b10e        0x2 
 .text._dtoa_r  0x000000000800b110      0xbd8 c:/st/stm32cubeide_1.0.2/stm32cubeide/plugins/com.st.stm32cube.ide.mcu.externaltools.gnu-tools-for-stm32.9-2020-q2-update.win32_1.5.0.202011040924/tools/bin/../lib/gcc/arm-none-eabi/9.3.1/../../../../arm-none-eabi/lib/thumb/v7e-m+fp/hard\libc_nano.a(lib_a-dtoa.o)
                0x000000000800b110                _dtoa_r
 .text.__sflush_r
                0x000000000800bce8      0x10c c:/st/stm32cubeide_1.0.2/stm32cubeide/plugins/com.st.stm32cube.ide.mcu.externaltools.gnu-tools-for-stm32.9-2020-q2-update.win32_1.5.0.202011040924/tools/bin/../lib/gcc/arm-none-eabi/9.3.1/../../../../arm-none-eabi/lib/thumb/v7e-m+fp/hard\libc_nano.a(lib_a-fflush.o)
                0x000000000800bce8                __sflush_r
 .text._fflush_r
                0x000000000800bdf4       0x78 c:/st/stm32cubeide_1.0.2/stm32cubeide/plugins/com.st.stm32cube.ide.mcu.externaltools.gnu-tools-for-stm32.9-2020-q2-update.win32_1.5.0.202011040924/tools/bin/../lib/gcc/arm-none-eabi/9.3.1/../../../../arm-none-eabi/lib/thumb/v7e-m+fp/hard\libc_nano.a(lib_a-fflush.o)
                0x000000000800bdf4                _fflush_r
 .text.std      0x000000000800be6c       0x48 c:/st/stm32cubeide_1.0.2/stm32cubeide/plugins/com.st.stm32cube.ide.mcu.externaltools.gnu-tools-for-stm32.9-2020-q2-update.win32_1.5.0.202011040924/tools/bin/../lib/gcc/arm-none-eabi/9.3.1/../../../../arm-none-eabi/lib/thumb/v7e-m+fp/hard\libc_nano.a(lib_a-findfp.o)
 .text._cleanup_r
                0x000000000800beb4        0xc c:/st/stm32cubeide_1.0.2/stm32cubeide/plugins/com.st.stm32cube.ide.mcu.externaltools.gnu-tools-for-stm32.9-2020-q2-update.win32_1.5.0.202011040924/tools/bin/../lib/gcc/arm-none-eabi/9.3.1/../../../../arm-none-eabi/lib/thumb/v7e-m+fp/hard\libc_nano.a(lib_a-findfp.o)
                0x000000000800beb4                _cleanup_r
 .text.__sfmoreglue
                0x000000000800bec0       0x2c c:/st/stm32cubeide_1.0.2/stm32cubeide/plugins/com.st.stm32cube.ide.mcu.externaltools.gnu-tools-for-stm32.9-2020-q2-update.win32_1.5.0.202011040924/tools/bin/../lib/gcc/arm-none-eabi/9.3.1/../../../../arm-none-eabi/lib/thumb/v7e-m+fp/hard\libc_nano.a(lib_a-findfp.o)
                0x000000000800bec0                __sfmoreglue
 .text.__sfp_lock_acquire
                0x000000000800beec        0xc c:/st/stm32cubeide_1.0.2/stm32cubeide/plugins/com.st.stm32cube.ide.mcu.externaltools.gnu-tools-for-stm32.9-2020-q2-update.win32_1.5.0.202011040924/tools/bin/../lib/gcc/arm-none-eabi/9.3.1/../../../../arm-none-eabi/lib/thumb/v7e-m+fp/hard\libc_nano.a(lib_a-findfp.o)
                0x000000000800beec                __sfp_lock_acquire
 .text.__sfp_lock_release
                0x000000000800bef8        0xc c:/st/stm32cubeide_1.0.2/stm32cubeide/plugins/com.st.stm32cube.ide.mcu.externaltools.gnu-tools-for-stm32.9-2020-q2-update.win32_1.5.0.202011040924/tools/bin/../lib/gcc/arm-none-eabi/9.3.1/../../../../arm-none-eabi/lib/thumb/v7e-m+fp/hard\libc_nano.a(lib_a-findfp.o)
                0x000000000800bef8                __sfp_lock_release
 .text.__sinit_lock_acquire
                0x000000000800bf04        0xc c:/st/stm32cubeide_1.0.2/stm32cubeide/plugins/com.st.stm32cube.ide.mcu.externaltools.gnu-tools-for-stm32.9-2020-q2-update.win32_1.5.0.202011040924/tools/bin/../lib/gcc/arm-none-eabi/9.3.1/../../../../arm-none-eabi/lib/thumb/v7e-m+fp/hard\libc_nano.a(lib_a-findfp.o)
                0x000000000800bf04                __sinit_lock_acquire
 .text.__sinit_lock_release
                0x000000000800bf10        0xc c:/st/stm32cubeide_1.0.2/stm32cubeide/plugins/com.st.stm32cube.ide.mcu.externaltools.gnu-tools-for-stm32.9-2020-q2-update.win32_1.5.0.202011040924/tools/bin/../lib/gcc/arm-none-eabi/9.3.1/../../../../arm-none-eabi/lib/thumb/v7e-m+fp/hard\libc_nano.a(lib_a-findfp.o)
                0x000000000800bf10                __sinit_lock_release
 .text.__sinit  0x000000000800bf1c       0x70 c:/st/stm32cubeide_1.0.2/stm32cubeide/plugins/com.st.stm32cube.ide.mcu.externaltools.gnu-tools-for-stm32.9-2020-q2-update.win32_1.5.0.202011040924/tools/bin/../lib/gcc/arm-none-eabi/9.3.1/../../../../arm-none-eabi/lib/thumb/v7e-m+fp/hard\libc_nano.a(lib_a-findfp.o)
                0x000000000800bf1c                __sinit
 .text.__sfp    0x000000000800bf8c       0x8c c:/st/stm32cubeide_1.0.2/stm32cubeide/plugins/com.st.stm32cube.ide.mcu.externaltools.gnu-tools-for-stm32.9-2020-q2-update.win32_1.5.0.202011040924/tools/bin/../lib/gcc/arm-none-eabi/9.3.1/../../../../arm-none-eabi/lib/thumb/v7e-m+fp/hard\libc_nano.a(lib_a-findfp.o)
                0x000000000800bf8c                __sfp
 .text._fwalk_reent
                0x000000000800c018       0x3e c:/st/stm32cubeide_1.0.2/stm32cubeide/plugins/com.st.stm32cube.ide.mcu.externaltools.gnu-tools-for-stm32.9-2020-q2-update.win32_1.5.0.202011040924/tools/bin/../lib/gcc/arm-none-eabi/9.3.1/../../../../arm-none-eabi/lib/thumb/v7e-m+fp/hard\libc_nano.a(lib_a-fwalk.o)
                0x000000000800c018                _fwalk_reent
 *fill*         0x000000000800c056        0x2 
 .text._localeconv_r
                0x000000000800c058        0x8 c:/st/stm32cubeide_1.0.2/stm32cubeide/plugins/com.st.stm32cube.ide.mcu.externaltools.gnu-tools-for-stm32.9-2020-q2-update.win32_1.5.0.202011040924/tools/bin/../lib/gcc/arm-none-eabi/9.3.1/../../../../arm-none-eabi/lib/thumb/v7e-m+fp/hard\libc_nano.a(lib_a-localeconv.o)
                0x000000000800c058                _localeconv_r
 .text.__retarget_lock_init_recursive
                0x000000000800c060        0x2 c:/st/stm32cubeide_1.0.2/stm32cubeide/plugins/com.st.stm32cube.ide.mcu.externaltools.gnu-tools-for-stm32.9-2020-q2-update.win32_1.5.0.202011040924/tools/bin/../lib/gcc/arm-none-eabi/9.3.1/../../../../arm-none-eabi/lib/thumb/v7e-m+fp/hard\libc_nano.a(lib_a-lock.o)
                0x000000000800c060                __retarget_lock_init_recursive
 .text.__retarget_lock_acquire_recursive
                0x000000000800c062        0x2 c:/st/stm32cubeide_1.0.2/stm32cubeide/plugins/com.st.stm32cube.ide.mcu.externaltools.gnu-tools-for-stm32.9-2020-q2-update.win32_1.5.0.202011040924/tools/bin/../lib/gcc/arm-none-eabi/9.3.1/../../../../arm-none-eabi/lib/thumb/v7e-m+fp/hard\libc_nano.a(lib_a-lock.o)
                0x000000000800c062                __retarget_lock_acquire_recursive
 .text.__retarget_lock_release_recursive
                0x000000000800c064        0x2 c:/st/stm32cubeide_1.0.2/stm32cubeide/plugins/com.st.stm32cube.ide.mcu.externaltools.gnu-tools-for-stm32.9-2020-q2-update.win32_1.5.0.202011040924/tools/bin/../lib/gcc/arm-none-eabi/9.3.1/../../../../arm-none-eabi/lib/thumb/v7e-m+fp/hard\libc_nano.a(lib_a-lock.o)
                0x000000000800c064                __retarget_lock_release_recursive
 .text.__swhatbuf_r
                0x000000000800c066       0x48 c:/st/stm32cubeide_1.0.2/stm32cubeide/plugins/com.st.stm32cube.ide.mcu.externaltools.gnu-tools-for-stm32.9-2020-q2-update.win32_1.5.0.202011040924/tools/bin/../lib/gcc/arm-none-eabi/9.3.1/../../../../arm-none-eabi/lib/thumb/v7e-m+fp/hard\libc_nano.a(lib_a-makebuf.o)
                0x000000000800c066                __swhatbuf_r
 *fill*         0x000000000800c0ae        0x2 
 .text.__smakebuf_r
                0x000000000800c0b0       0x80 c:/st/stm32cubeide_1.0.2/stm32cubeide/plugins/com.st.stm32cube.ide.mcu.externaltools.gnu-tools-for-stm32.9-2020-q2-update.win32_1.5.0.202011040924/tools/bin/../lib/gcc/arm-none-eabi/9.3.1/../../../../arm-none-eabi/lib/thumb/v7e-m+fp/hard\libc_nano.a(lib_a-makebuf.o)
                0x000000000800c0b0                __smakebuf_r
 .text.malloc   0x000000000800c130       0x10 c:/st/stm32cubeide_1.0.2/stm32cubeide/plugins/com.st.stm32cube.ide.mcu.externaltools.gnu-tools-for-stm32.9-2020-q2-update.win32_1.5.0.202011040924/tools/bin/../lib/gcc/arm-none-eabi/9.3.1/../../../../arm-none-eabi/lib/thumb/v7e-m+fp/hard\libc_nano.a(lib_a-malloc.o)
                0x000000000800c130                malloc
 .text.memcpy   0x000000000800c140       0x1c c:/st/stm32cubeide_1.0.2/stm32cubeide/plugins/com.st.stm32cube.ide.mcu.externaltools.gnu-tools-for-stm32.9-2020-q2-update.win32_1.5.0.202011040924/tools/bin/../lib/gcc/arm-none-eabi/9.3.1/../../../../arm-none-eabi/lib/thumb/v7e-m+fp/hard\libc_nano.a(lib_a-memcpy-stub.o)
                0x000000000800c140                memcpy
 .text._Balloc  0x000000000800c15c       0x80 c:/st/stm32cubeide_1.0.2/stm32cubeide/plugins/com.st.stm32cube.ide.mcu.externaltools.gnu-tools-for-stm32.9-2020-q2-update.win32_1.5.0.202011040924/tools/bin/../lib/gcc/arm-none-eabi/9.3.1/../../../../arm-none-eabi/lib/thumb/v7e-m+fp/hard\libc_nano.a(lib_a-mprec.o)
                0x000000000800c15c                _Balloc
 .text._Bfree   0x000000000800c1dc       0x44 c:/st/stm32cubeide_1.0.2/stm32cubeide/plugins/com.st.stm32cube.ide.mcu.externaltools.gnu-tools-for-stm32.9-2020-q2-update.win32_1.5.0.202011040924/tools/bin/../lib/gcc/arm-none-eabi/9.3.1/../../../../arm-none-eabi/lib/thumb/v7e-m+fp/hard\libc_nano.a(lib_a-mprec.o)
                0x000000000800c1dc                _Bfree
 .text.__multadd
                0x000000000800c220       0x94 c:/st/stm32cubeide_1.0.2/stm32cubeide/plugins/com.st.stm32cube.ide.mcu.externaltools.gnu-tools-for-stm32.9-2020-q2-update.win32_1.5.0.202011040924/tools/bin/../lib/gcc/arm-none-eabi/9.3.1/../../../../arm-none-eabi/lib/thumb/v7e-m+fp/hard\libc_nano.a(lib_a-mprec.o)
                0x000000000800c220                __multadd
 .text.__hi0bits
                0x000000000800c2b4       0x40 c:/st/stm32cubeide_1.0.2/stm32cubeide/plugins/com.st.stm32cube.ide.mcu.externaltools.gnu-tools-for-stm32.9-2020-q2-update.win32_1.5.0.202011040924/tools/bin/../lib/gcc/arm-none-eabi/9.3.1/../../../../arm-none-eabi/lib/thumb/v7e-m+fp/hard\libc_nano.a(lib_a-mprec.o)
                0x000000000800c2b4                __hi0bits
 .text.__lo0bits
                0x000000000800c2f4       0x60 c:/st/stm32cubeide_1.0.2/stm32cubeide/plugins/com.st.stm32cube.ide.mcu.externaltools.gnu-tools-for-stm32.9-2020-q2-update.win32_1.5.0.202011040924/tools/bin/../lib/gcc/arm-none-eabi/9.3.1/../../../../arm-none-eabi/lib/thumb/v7e-m+fp/hard\libc_nano.a(lib_a-mprec.o)
                0x000000000800c2f4                __lo0bits
 .text.__i2b    0x000000000800c354       0x2c c:/st/stm32cubeide_1.0.2/stm32cubeide/plugins/com.st.stm32cube.ide.mcu.externaltools.gnu-tools-for-stm32.9-2020-q2-update.win32_1.5.0.202011040924/tools/bin/../lib/gcc/arm-none-eabi/9.3.1/../../../../arm-none-eabi/lib/thumb/v7e-m+fp/hard\libc_nano.a(lib_a-mprec.o)
                0x000000000800c354                __i2b
 .text.__multiply
                0x000000000800c380      0x14c c:/st/stm32cubeide_1.0.2/stm32cubeide/plugins/com.st.stm32cube.ide.mcu.externaltools.gnu-tools-for-stm32.9-2020-q2-update.win32_1.5.0.202011040924/tools/bin/../lib/gcc/arm-none-eabi/9.3.1/../../../../arm-none-eabi/lib/thumb/v7e-m+fp/hard\libc_nano.a(lib_a-mprec.o)
                0x000000000800c380                __multiply
 .text.__pow5mult
                0x000000000800c4cc       0xb4 c:/st/stm32cubeide_1.0.2/stm32cubeide/plugins/com.st.stm32cube.ide.mcu.externaltools.gnu-tools-for-stm32.9-2020-q2-update.win32_1.5.0.202011040924/tools/bin/../lib/gcc/arm-none-eabi/9.3.1/../../../../arm-none-eabi/lib/thumb/v7e-m+fp/hard\libc_nano.a(lib_a-mprec.o)
                0x000000000800c4cc                __pow5mult
 .text.__lshift
                0x000000000800c580       0xd8 c:/st/stm32cubeide_1.0.2/stm32cubeide/plugins/com.st.stm32cube.ide.mcu.externaltools.gnu-tools-for-stm32.9-2020-q2-update.win32_1.5.0.202011040924/tools/bin/../lib/gcc/arm-none-eabi/9.3.1/../../../../arm-none-eabi/lib/thumb/v7e-m+fp/hard\libc_nano.a(lib_a-mprec.o)
                0x000000000800c580                __lshift
 .text.__mcmp   0x000000000800c658       0x38 c:/st/stm32cubeide_1.0.2/stm32cubeide/plugins/com.st.stm32cube.ide.mcu.externaltools.gnu-tools-for-stm32.9-2020-q2-update.win32_1.5.0.202011040924/tools/bin/../lib/gcc/arm-none-eabi/9.3.1/../../../../arm-none-eabi/lib/thumb/v7e-m+fp/hard\libc_nano.a(lib_a-mprec.o)
                0x000000000800c658                __mcmp
 .text.__mdiff  0x000000000800c690      0x110 c:/st/stm32cubeide_1.0.2/stm32cubeide/plugins/com.st.stm32cube.ide.mcu.externaltools.gnu-tools-for-stm32.9-2020-q2-update.win32_1.5.0.202011040924/tools/bin/../lib/gcc/arm-none-eabi/9.3.1/../../../../arm-none-eabi/lib/thumb/v7e-m+fp/hard\libc_nano.a(lib_a-mprec.o)
                0x000000000800c690                __mdiff
 .text.__d2b    0x000000000800c7a0       0xb8 c:/st/stm32cubeide_1.0.2/stm32cubeide/plugins/com.st.stm32cube.ide.mcu.externaltools.gnu-tools-for-stm32.9-2020-q2-update.win32_1.5.0.202011040924/tools/bin/../lib/gcc/arm-none-eabi/9.3.1/../../../../arm-none-eabi/lib/thumb/v7e-m+fp/hard\libc_nano.a(lib_a-mprec.o)
                0x000000000800c7a0                __d2b
 .text._calloc_r
                0x000000000800c858       0x1e c:/st/stm32cubeide_1.0.2/stm32cubeide/plugins/com.st.stm32cube.ide.mcu.externaltools.gnu-tools-for-stm32.9-2020-q2-update.win32_1.5.0.202011040924/tools/bin/../lib/gcc/arm-none-eabi/9.3.1/../../../../arm-none-eabi/lib/thumb/v7e-m+fp/hard\libc_nano.a(lib_a-nano-callocr.o)
                0x000000000800c858                _calloc_r
 *fill*         0x000000000800c876        0x2 
 .text._free_r  0x000000000800c878       0xa0 c:/st/stm32cubeide_1.0.2/stm32cubeide/plugins/com.st.stm32cube.ide.mcu.externaltools.gnu-tools-for-stm32.9-2020-q2-update.win32_1.5.0.202011040924/tools/bin/../lib/gcc/arm-none-eabi/9.3.1/../../../../arm-none-eabi/lib/thumb/v7e-m+fp/hard\libc_nano.a(lib_a-nano-freer.o)
                0x000000000800c878                _free_r
 .text._malloc_r
                0x000000000800c918       0xb4 c:/st/stm32cubeide_1.0.2/stm32cubeide/plugins/com.st.stm32cube.ide.mcu.externaltools.gnu-tools-for-stm32.9-2020-q2-update.win32_1.5.0.202011040924/tools/bin/../lib/gcc/arm-none-eabi/9.3.1/../../../../arm-none-eabi/lib/thumb/v7e-m+fp/hard\libc_nano.a(lib_a-nano-mallocr.o)
                0x000000000800c918                _malloc_r
 .text.__sfputc_r
                0x000000000800c9cc       0x2e c:/st/stm32cubeide_1.0.2/stm32cubeide/plugins/com.st.stm32cube.ide.mcu.externaltools.gnu-tools-for-stm32.9-2020-q2-update.win32_1.5.0.202011040924/tools/bin/../lib/gcc/arm-none-eabi/9.3.1/../../../../arm-none-eabi/lib/thumb/v7e-m+fp/hard\libc_nano.a(lib_a-nano-vfprintf.o)
 .text.__sfputs_r
                0x000000000800c9fa       0x24 c:/st/stm32cubeide_1.0.2/stm32cubeide/plugins/com.st.stm32cube.ide.mcu.externaltools.gnu-tools-for-stm32.9-2020-q2-update.win32_1.5.0.202011040924/tools/bin/../lib/gcc/arm-none-eabi/9.3.1/../../../../arm-none-eabi/lib/thumb/v7e-m+fp/hard\libc_nano.a(lib_a-nano-vfprintf.o)
                0x000000000800c9fa                __sfputs_r
 *fill*         0x000000000800ca1e        0x2 
 .text._vfprintf_r
                0x000000000800ca20      0x260 c:/st/stm32cubeide_1.0.2/stm32cubeide/plugins/com.st.stm32cube.ide.mcu.externaltools.gnu-tools-for-stm32.9-2020-q2-update.win32_1.5.0.202011040924/tools/bin/../lib/gcc/arm-none-eabi/9.3.1/../../../../arm-none-eabi/lib/thumb/v7e-m+fp/hard\libc_nano.a(lib_a-nano-vfprintf.o)
                0x000000000800ca20                _vfprintf_r
                0x000000000800ca20                _vfiprintf_r
 .text._putc_r  0x000000000800cc80       0x90 c:/st/stm32cubeide_1.0.2/stm32cubeide/plugins/com.st.stm32cube.ide.mcu.externaltools.gnu-tools-for-stm32.9-2020-q2-update.win32_1.5.0.202011040924/tools/bin/../lib/gcc/arm-none-eabi/9.3.1/../../../../arm-none-eabi/lib/thumb/v7e-m+fp/hard\libc_nano.a(lib_a-putc.o)
                0x000000000800cc80                _putc_r
 .text._sbrk_r  0x000000000800cd10       0x20 c:/st/stm32cubeide_1.0.2/stm32cubeide/plugins/com.st.stm32cube.ide.mcu.externaltools.gnu-tools-for-stm32.9-2020-q2-update.win32_1.5.0.202011040924/tools/bin/../lib/gcc/arm-none-eabi/9.3.1/../../../../arm-none-eabi/lib/thumb/v7e-m+fp/hard\libc_nano.a(lib_a-sbrkr.o)
                0x000000000800cd10                _sbrk_r
 .text.__sread  0x000000000800cd30       0x22 c:/st/stm32cubeide_1.0.2/stm32cubeide/plugins/com.st.stm32cube.ide.mcu.externaltools.gnu-tools-for-stm32.9-2020-q2-update.win32_1.5.0.202011040924/tools/bin/../lib/gcc/arm-none-eabi/9.3.1/../../../../arm-none-eabi/lib/thumb/v7e-m+fp/hard\libc_nano.a(lib_a-stdio.o)
                0x000000000800cd30                __sread
 .text.__swrite
                0x000000000800cd52       0x38 c:/st/stm32cubeide_1.0.2/stm32cubeide/plugins/com.st.stm32cube.ide.mcu.externaltools.gnu-tools-for-stm32.9-2020-q2-update.win32_1.5.0.202011040924/tools/bin/../lib/gcc/arm-none-eabi/9.3.1/../../../../arm-none-eabi/lib/thumb/v7e-m+fp/hard\libc_nano.a(lib_a-stdio.o)
                0x000000000800cd52                __swrite
 .text.__sseek  0x000000000800cd8a       0x24 c:/st/stm32cubeide_1.0.2/stm32cubeide/plugins/com.st.stm32cube.ide.mcu.externaltools.gnu-tools-for-stm32.9-2020-q2-update.win32_1.5.0.202011040924/tools/bin/../lib/gcc/arm-none-eabi/9.3.1/../../../../arm-none-eabi/lib/thumb/v7e-m+fp/hard\libc_nano.a(lib_a-stdio.o)
                0x000000000800cd8a                __sseek
 .text.__sclose
                0x000000000800cdae        0x8 c:/st/stm32cubeide_1.0.2/stm32cubeide/plugins/com.st.stm32cube.ide.mcu.externaltools.gnu-tools-for-stm32.9-2020-q2-update.win32_1.5.0.202011040924/tools/bin/../lib/gcc/arm-none-eabi/9.3.1/../../../../arm-none-eabi/lib/thumb/v7e-m+fp/hard\libc_nano.a(lib_a-stdio.o)
                0x000000000800cdae                __sclose
 *fill*         0x000000000800cdb6        0x2 
 .text._write_r
                0x000000000800cdb8       0x24 c:/st/stm32cubeide_1.0.2/stm32cubeide/plugins/com.st.stm32cube.ide.mcu.externaltools.gnu-tools-for-stm32.9-2020-q2-update.win32_1.5.0.202011040924/tools/bin/../lib/gcc/arm-none-eabi/9.3.1/../../../../arm-none-eabi/lib/thumb/v7e-m+fp/hard\libc_nano.a(lib_a-writer.o)
                0x000000000800cdb8                _write_r
 .text.__assert_func
                0x000000000800cddc       0x3c c:/st/stm32cubeide_1.0.2/stm32cubeide/plugins/com.st.stm32cube.ide.mcu.externaltools.gnu-tools-for-stm32.9-2020-q2-update.win32_1.5.0.202011040924/tools/bin/../lib/gcc/arm-none-eabi/9.3.1/../../../../arm-none-eabi/lib/thumb/v7e-m+fp/hard\libc_nano.a(lib_a-assert.o)
                0x000000000800cddc                __assert_func
 .text._close_r
                0x000000000800ce18       0x20 c:/st/stm32cubeide_1.0.2/stm32cubeide/plugins/com.st.stm32cube.ide.mcu.externaltools.gnu-tools-for-stm32.9-2020-q2-update.win32_1.5.0.202011040924/tools/bin/../lib/gcc/arm-none-eabi/9.3.1/../../../../arm-none-eabi/lib/thumb/v7e-m+fp/hard\libc_nano.a(lib_a-closer.o)
                0x000000000800ce18                _close_r
 .text.fprintf  0x000000000800ce38       0x24 c:/st/stm32cubeide_1.0.2/stm32cubeide/plugins/com.st.stm32cube.ide.mcu.externaltools.gnu-tools-for-stm32.9-2020-q2-update.win32_1.5.0.202011040924/tools/bin/../lib/gcc/arm-none-eabi/9.3.1/../../../../arm-none-eabi/lib/thumb/v7e-m+fp/hard\libc_nano.a(lib_a-fprintf.o)
                0x000000000800ce38                fiprintf
                0x000000000800ce38                fprintf
 .text._fstat_r
                0x000000000800ce5c       0x24 c:/st/stm32cubeide_1.0.2/stm32cubeide/plugins/com.st.stm32cube.ide.mcu.externaltools.gnu-tools-for-stm32.9-2020-q2-update.win32_1.5.0.202011040924/tools/bin/../lib/gcc/arm-none-eabi/9.3.1/../../../../arm-none-eabi/lib/thumb/v7e-m+fp/hard\libc_nano.a(lib_a-fstatr.o)
                0x000000000800ce5c                _fstat_r
 .text._isatty_r
                0x000000000800ce80       0x20 c:/st/stm32cubeide_1.0.2/stm32cubeide/plugins/com.st.stm32cube.ide.mcu.externaltools.gnu-tools-for-stm32.9-2020-q2-update.win32_1.5.0.202011040924/tools/bin/../lib/gcc/arm-none-eabi/9.3.1/../../../../arm-none-eabi/lib/thumb/v7e-m+fp/hard\libc_nano.a(lib_a-isattyr.o)
                0x000000000800ce80                _isatty_r
 .text._lseek_r
                0x000000000800cea0       0x24 c:/st/stm32cubeide_1.0.2/stm32cubeide/plugins/com.st.stm32cube.ide.mcu.externaltools.gnu-tools-for-stm32.9-2020-q2-update.win32_1.5.0.202011040924/tools/bin/../lib/gcc/arm-none-eabi/9.3.1/../../../../arm-none-eabi/lib/thumb/v7e-m+fp/hard\libc_nano.a(lib_a-lseekr.o)
                0x000000000800cea0                _lseek_r
 .text.__ascii_mbtowc
                0x000000000800cec4       0x24 c:/st/stm32cubeide_1.0.2/stm32cubeide/plugins/com.st.stm32cube.ide.mcu.externaltools.gnu-tools-for-stm32.9-2020-q2-update.win32_1.5.0.202011040924/tools/bin/../lib/gcc/arm-none-eabi/9.3.1/../../../../arm-none-eabi/lib/thumb/v7e-m+fp/hard\libc_nano.a(lib_a-mbtowc_r.o)
                0x000000000800cec4                __ascii_mbtowc
 .text.__malloc_lock
                0x000000000800cee8        0xc c:/st/stm32cubeide_1.0.2/stm32cubeide/plugins/com.st.stm32cube.ide.mcu.externaltools.gnu-tools-for-stm32.9-2020-q2-update.win32_1.5.0.202011040924/tools/bin/../lib/gcc/arm-none-eabi/9.3.1/../../../../arm-none-eabi/lib/thumb/v7e-m+fp/hard\libc_nano.a(lib_a-mlock.o)
                0x000000000800cee8                __malloc_lock
 .text.__malloc_unlock
                0x000000000800cef4        0xc c:/st/stm32cubeide_1.0.2/stm32cubeide/plugins/com.st.stm32cube.ide.mcu.externaltools.gnu-tools-for-stm32.9-2020-q2-update.win32_1.5.0.202011040924/tools/bin/../lib/gcc/arm-none-eabi/9.3.1/../../../../arm-none-eabi/lib/thumb/v7e-m+fp/hard\libc_nano.a(lib_a-mlock.o)
                0x000000000800cef4                __malloc_unlock
 .text._read_r  0x000000000800cf00       0x24 c:/st/stm32cubeide_1.0.2/stm32cubeide/plugins/com.st.stm32cube.ide.mcu.externaltools.gnu-tools-for-stm32.9-2020-q2-update.win32_1.5.0.202011040924/tools/bin/../lib/gcc/arm-none-eabi/9.3.1/../../../../arm-none-eabi/lib/thumb/v7e-m+fp/hard\libc_nano.a(lib_a-readr.o)
                0x000000000800cf00                _read_r
 .text.__ascii_wctomb
                0x000000000800cf24       0x1a c:/st/stm32cubeide_1.0.2/stm32cubeide/plugins/com.st.stm32cube.ide.mcu.externaltools.gnu-tools-for-stm32.9-2020-q2-update.win32_1.5.0.202011040924/tools/bin/../lib/gcc/arm-none-eabi/9.3.1/../../../../arm-none-eabi/lib/thumb/v7e-m+fp/hard\libc_nano.a(lib_a-wctomb_r.o)
                0x000000000800cf24                __ascii_wctomb
 .text.abort    0x000000000800cf3e        0xe c:/st/stm32cubeide_1.0.2/stm32cubeide/plugins/com.st.stm32cube.ide.mcu.externaltools.gnu-tools-for-stm32.9-2020-q2-update.win32_1.5.0.202011040924/tools/bin/../lib/gcc/arm-none-eabi/9.3.1/../../../../arm-none-eabi/lib/thumb/v7e-m+fp/hard\libc_nano.a(lib_a-abort.o)
                0x000000000800cf3e                abort
 .text._raise_r
                0x000000000800cf4c       0x50 c:/st/stm32cubeide_1.0.2/stm32cubeide/plugins/com.st.stm32cube.ide.mcu.externaltools.gnu-tools-for-stm32.9-2020-q2-update.win32_1.5.0.202011040924/tools/bin/../lib/gcc/arm-none-eabi/9.3.1/../../../../arm-none-eabi/lib/thumb/v7e-m+fp/hard\libc_nano.a(lib_a-signal.o)
                0x000000000800cf4c                _raise_r
 .text.raise    0x000000000800cf9c       0x10 c:/st/stm32cubeide_1.0.2/stm32cubeide/plugins/com.st.stm32cube.ide.mcu.externaltools.gnu-tools-for-stm32.9-2020-q2-update.win32_1.5.0.202011040924/tools/bin/../lib/gcc/arm-none-eabi/9.3.1/../../../../arm-none-eabi/lib/thumb/v7e-m+fp/hard\libc_nano.a(lib_a-signal.o)
                0x000000000800cf9c                raise
 .text._kill_r  0x000000000800cfac       0x24 c:/st/stm32cubeide_1.0.2/stm32cubeide/plugins/com.st.stm32cube.ide.mcu.externaltools.gnu-tools-for-stm32.9-2020-q2-update.win32_1.5.0.202011040924/tools/bin/../lib/gcc/arm-none-eabi/9.3.1/../../../../arm-none-eabi/lib/thumb/v7e-m+fp/hard\libc_nano.a(lib_a-signalr.o)
                0x000000000800cfac                _kill_r
 .text._getpid_r
                0x000000000800cfd0        0x4 c:/st/stm32cubeide_1.0.2/stm32cubeide/plugins/com.st.stm32cube.ide.mcu.externaltools.gnu-tools-for-stm32.9-2020-q2-update.win32_1.5.0.202011040924/tools/bin/../lib/gcc/arm-none-eabi/9.3.1/../../../../arm-none-eabi/lib/thumb/v7e-m+fp/hard\libc_nano.a(lib_a-signalr.o)
                0x000000000800cfd0                _getpid_r
 *(.glue_7)
 .glue_7        0x000000000800cfd4        0x0 linker stubs
 *(.glue_7t)
 .glue_7t       0x000000000800cfd4        0x0 linker stubs
 *(.eh_frame)
 .eh_frame      0x000000000800cfd4        0x0 c:/st/stm32cubeide_1.0.2/stm32cubeide/plugins/com.st.stm32cube.ide.mcu.externaltools.gnu-tools-for-stm32.9-2020-q2-update.win32_1.5.0.202011040924/tools/bin/../lib/gcc/arm-none-eabi/9.3.1/thumb/v7e-m+fp/hard/crtbegin.o
 *(.init)
 .init          0x000000000800cfd4        0x4 c:/st/stm32cubeide_1.0.2/stm32cubeide/plugins/com.st.stm32cube.ide.mcu.externaltools.gnu-tools-for-stm32.9-2020-q2-update.win32_1.5.0.202011040924/tools/bin/../lib/gcc/arm-none-eabi/9.3.1/thumb/v7e-m+fp/hard/crti.o
                0x000000000800cfd4                _init