stm32f4xx_ll_dma.h:1738:26:LL_DMA_IsActiveFlag_TC0	16	static
stm32f4xx_ll_dma.h:2178:22:LL_DMA_ClearFlag_TC0	16	static
stm32f4xx_ll_tim.h:3124:22:LL_TIM_ClearFlag_UPDATE	16	static
stm32f4xx_ll_tim.h:3135:26:LL_TIM_IsActiveFlag_UPDATE	16	static
stm32f4xx_it.c:74:6:NMI_Handler	4	static
stm32f4xx_it.c:89:6:HardFault_Handler	4	static
stm32f4xx_it.c:104:6:MemManage_Handler	4	static
stm32f4xx_it.c:119:6:BusFault_Handler	4	static
stm32f4xx_it.c:134:6:UsageFault_Handler	4	static
stm32f4xx_it.c:149:6:SVC_Handler	4	static
stm32f4xx_it.c:162:6:DebugMon_Handler	4	static
stm32f4xx_it.c:175:6:PendSV_Handler	4	static
stm32f4xx_it.c:188:6:SysTick_Handler	4	static
stm32f4xx_it.c:209:6:TIM5_IRQHandler	8	static
stm32f4xx_it.c:227:6:DMA2_Stream0_IRQHandler	8	static
